 FRESCO - FRES 3.4: Coupled Reaction Channels
 Assuming NAMELIST input.

 Test reaction with generated potential                                          

   0.040  50.000   0.500   0.000   0.000   0.000   0.000   0.000   0.000   0.000

 Centre-of-mass Range is   1252 * 0.0400 fm., Maximum at  50.00 fm., Interpolating NL forms every  0.52 fm.
 Non - locality width is      4 * 0.0400 fm., Maximum of   0.12 fm., Centred at  0.00 fm.
 2-Nucleon Separation of      0 * 0.5200 fm., Maximum of   0.00 fm., Minimum at  0.00 fm.
 Maximum single particle bins of 49.9200 fm.
               M,Mint =         1251        1249


 Range of total J is     0.0 <= J <=   150.0 (at least     0.0) and Absorbtion =>     0.1000 mb.
 Dry Run = F, CC set limits =  0  0, Relativistic kinematics =  , Both/Far/Near Analyses =  1                     

 Cross Sections (and up to T0 for 0=projectile) for Theta from   0.0 to 180.0 in steps of  1.0 degrees, DGAM=0,  Coordinates = 0 (Mads)

 Lower Radial Cutoff = maximum of -1.60*L*h &       0.0 fm.,  Lower Cutoff for Couplings =   0.0  fm.


 Iterate Couplings between   0 and   0 times, to  0.000 % if sooner.                                          
  Block solved exactly =   0 chs., with Pade = 0 & Isocen =  =0, NOSOL = F, initwf =  0
  NL quadrature with   18 Gaussian points, Calculate multipoles up to   156 from   0
  M-transfers for lp+lt greater than or equal to  6, Angular Integration Cutoff below  2.7778 %


 Trace switches are :  CHANS =  0, LISTCC =  0, TRENEG =  0, CDETR =  0, SMATS =  0, XSTABL =  0, NLPL =  0

                       WAVES =  0, LAMPL =  0, VEFF =  0, KFUS =  0, WDISK =  0, BPM =  0, MELFIL =  0

                       CDCC =  0, NFUS =  0

 Using unit mass = 1.000000 amu and 1/fine-structure constant = 137.03599 ( 1.000000 * true ) with hc = 197.32705 MeV.fm,
  thus 2*amu/hbar^2 = 0.0478450 = 1/20.9008 and Coulomb constant = 0.1574855 so e^2 = 1.43997, and nuclear magneton= 0.1261183

 Now pre-scan input and save to file 3



 *********** PARTITION NUMBER  1 ******************************************************************************************

   PROJ=t          MASS=  3.0000 Z=   1.0,        # STATES=    1T, TARG=p        MASS=  1.0000 Z=   1.0,     Q-VALUE =   0.0000 MEV.

     1:  J= 0.5+ (B# 1), E=  0.0000, K= 0.5              Potl#  1       J= 0.5+ (B# 1), E=  0.0000, K= 0.5    


 ************************************************************************************************************************************

 The following POTENTIALS are defined :

  KP#       TYPE      IT    SHAPE      at     V1        r1        a1        V2        r2        a2        A-in     A-used


                                            A#1       A#2        r0c       ac                                                h @ 1
    1    0=Coulomb       0=CHARGE (WS)  1     1.000     1.000    3.0528    0.0000    0.0000    0.0000     0.000     8.000   0.04000

    1    1=Volume        0=Woods-Saxon  2   70.0000    1.2500    0.6500   15.0000    1.2500    0.6500     0.000     8.000

    1    2=Surface       0=Woods-Saxon  3    0.0000    0.0000    0.0000    5.0000    1.3000    0.6500     0.000     8.000

    1    3=Projtl S.O.   0=Woods-Saxon  4    3.0000    1.0000    0.6500    0.0000    0.0000    0.0000     0.000     8.000

 Incoming partition  1 in excitation state # 1,   Laboratory Energy given for partition  1 Nucleus 1 in Excitation pair 1

0Lab. ENERGY ranges :

   from    140.000     to   0.00000     in     0 intervals
   from    0.00000     to   0.00000     in     0 intervals
   from    0.00000     to   0.00000     in     0 intervals

 Largest real,imaginary parts of any form factor at R=   49.60 are   2.90E-02  7.91E-31 MeV
 Finished all Couplings @    1.56250000E-02           4

 Symmetric Hamiltonian
1***********************************************************************************************************************************
************************************************************************************************************************************

        INCOMING t        ;    LABORATORY t        ENERGY =   140.00     MeV.

 ***********************************************************************************************************************************
 ***********************************************************************************************************************************


  NOTE: Coulomb excitation cut off below   0.018 deg by JTMAX, and below   0.047 deg by Rmax

 Allocate arrays for            2  channels, of which            1  need wfs.
 Allocate arrays for            2  channels, of which            2  need wfs.
 Reaction Xsec     9.0-/ 9 @ 1 =   0.156 , Out:   0.000#
 Reaction Xsec     9.0-/ 9 @ 2 =   0.156 , Out:   0.000#
 Reaction Xsec    10.0+/10 @ 1 =   0.050 , Out:   0.000#
 Reaction Xsec    10.0+/10 @ 2 =   0.050 , Out:   0.000#
 Finished all CC sets @    1.56250000E-02
0CUMULATIVE REACTION cross section                 =  571.50554  <L> =     3.22  <L**2> =     12.7
0CUMULATIVE outgoing cross sections in partition 1 :    0.00000
0Cumulative ABSORBTION by Imaginary Potentials     =  571.50554  <L> =     3.22  <L**2> =     12.7
   Fusion for specific t        M-states :  823.061988  823.061988
0CUMULATIVE OUTGOING cross section                 =    0.00000
 To convert to S-factors (MeV.mb = keV.b),  multiply by  4.0455E+01


 CROSS SECTIONS FOR OUTGOING t        & p        in state #   1 with spins & parities 0.5  + &  0.5  +;  0

     0.01 deg.: X-S =   1.8241E+13 mb/sr,
+                                         /R =   9.9999E-01
     1.00 deg.: X-S =   1.7341E+05 mb/sr,
+                                         /R =   9.5061E-01
     2.00 deg.: X-S =   1.0369E+04 mb/sr,
+                                         /R =   9.0927E-01
     3.00 deg.: X-S =  2572.238975 mb/sr,
+                                         /R =   1.1417E+00
     4.00 deg.: X-S =  1469.688684 mb/sr,
+                                         /R =   2.0609E+00
     5.00 deg.: X-S =  1229.565232 mb/sr,
+                                         /R =   4.2075E+00
     6.00 deg.: X-S =  1158.985396 mb/sr,
+                                         /R =   8.2192E+00
     7.00 deg.: X-S =  1126.785375 mb/sr,
+                                         /R =   1.4794E+01
     8.00 deg.: X-S =  1101.358639 mb/sr,
+                                         /R =   2.4650E+01
     9.00 deg.: X-S =  1074.259265 mb/sr,
+                                         /R =   3.8480E+01
    10.00 deg.: X-S =  1043.397620 mb/sr,
+                                         /R =   5.6910E+01
    11.00 deg.: X-S =  1008.599755 mb/sr,
+                                         /R =   8.0457E+01
    12.00 deg.: X-S =   970.283044 mb/sr,
+                                         /R =   1.0949E+02
    13.00 deg.: X-S =   929.030222 mb/sr,
+                                         /R =   1.4422E+02
    14.00 deg.: X-S =   885.447444 mb/sr,
+                                         /R =   1.8463E+02
    15.00 deg.: X-S =   840.117429 mb/sr,
+                                         /R =   2.3051E+02
    16.00 deg.: X-S =   793.585151 mb/sr,
+                                         /R =   2.8143E+02
    17.00 deg.: X-S =   746.354420 mb/sr,
+                                         /R =   3.3675E+02
    18.00 deg.: X-S =   698.887736 mb/sr,
+                                         /R =   3.9563E+02
    19.00 deg.: X-S =   651.606848 mb/sr,
+                                         /R =   4.5706E+02
    20.00 deg.: X-S =   604.893257 mb/sr,
+                                         /R =   5.1989E+02
    21.00 deg.: X-S =   559.088562 mb/sr,
+                                         /R =   5.8286E+02
    22.00 deg.: X-S =   514.494736 mb/sr,
+                                         /R =   6.4466E+02
    23.00 deg.: X-S =   471.374472 mb/sr,
+                                         /R =   7.0395E+02
    24.00 deg.: X-S =   429.951710 mb/sr,
+                                         /R =   7.5943E+02
    25.00 deg.: X-S =   390.412426 mb/sr,
+                                         /R =   8.0988E+02
    26.00 deg.: X-S =   352.905734 mb/sr,
+                                         /R =   8.5421E+02
    27.00 deg.: X-S =   317.545320 mb/sr,
+                                         /R =   8.9145E+02
    28.00 deg.: X-S =   284.411187 mb/sr,
+                                         /R =   9.2087E+02
    29.00 deg.: X-S =   253.551714 mb/sr,
+                                         /R =   9.4193E+02
    30.00 deg.: X-S =   224.985958 mb/sr,
+                                         /R =   9.5432E+02
    31.00 deg.: X-S =   198.706184 mb/sr,
+                                         /R =   9.5799E+02
    32.00 deg.: X-S =   174.680544 mb/sr,
+                                         /R =   9.5312E+02
    33.00 deg.: X-S =   152.855869 mb/sr,
+                                         /R =   9.4016E+02
    34.00 deg.: X-S =   133.160511 mb/sr,
+                                         /R =   9.1975E+02
    35.00 deg.: X-S =   115.507181 mb/sr,
+                                         /R =   8.9275E+02
    36.00 deg.: X-S =    99.795749 mb/sr,
+                                         /R =   8.6019E+02
    37.00 deg.: X-S =    85.915937 mb/sr,
+                                         /R =   8.2325E+02
    38.00 deg.: X-S =    73.749894 mb/sr,
+                                         /R =   7.8322E+02
    39.00 deg.: X-S =    63.174606 mb/sr,
+                                         /R =   7.4144E+02
    40.00 deg.: X-S =    54.064116 mb/sr,
+                                         /R =   6.9931E+02
    41.00 deg.: X-S =    46.291548 mb/sr,
+                                         /R =   6.5820E+02
    42.00 deg.: X-S =    39.730902 mb/sr,
+                                         /R =   6.1944E+02
    43.00 deg.: X-S =    34.258634 mb/sr,
+                                         /R =   5.8428E+02
    44.00 deg.: X-S =    29.755010 mb/sr,
+                                         /R =   5.5388E+02
    45.00 deg.: X-S =    26.105234 mb/sr,
+                                         /R =   5.2922E+02
    46.00 deg.: X-S =    23.200366 mb/sr,
+                                         /R =   5.1116E+02
    47.00 deg.: X-S =    20.938033 mb/sr,
+                                         /R =   5.0036E+02
    48.00 deg.: X-S =    19.222955 mb/sr,
+                                         /R =   4.9731E+02
    49.00 deg.: X-S =    17.967288 mb/sr,
+                                         /R =   5.0228E+02
    50.00 deg.: X-S =    17.090820 mb/sr,
+                                         /R =   5.1536E+02
    51.00 deg.: X-S =    16.521016 mb/sr,
+                                         /R =   5.3645E+02
    52.00 deg.: X-S =    16.192948 mb/sr,
+                                         /R =   5.6526E+02
    53.00 deg.: X-S =    16.049115 mb/sr,
+                                         /R =   6.0133E+02
    54.00 deg.: X-S =    16.039181 mb/sr,
+                                         /R =   6.4405E+02
    55.00 deg.: X-S =    16.119636 mb/sr,
+                                         /R =   6.9268E+02
    56.00 deg.: X-S =    16.253405 mb/sr,
+                                         /R =   7.4633E+02
    57.00 deg.: X-S =    16.409413 mb/sr,
+                                         /R =   8.0408E+02
    58.00 deg.: X-S =    16.562122 mb/sr,
+                                         /R =   8.6487E+02
    59.00 deg.: X-S =    16.691055 mb/sr,
+                                         /R =   9.2767E+02
    60.00 deg.: X-S =    16.780303 mb/sr,
+                                         /R =   9.9136E+02
    61.00 deg.: X-S =    16.818043 mb/sr,
+                                         /R =   1.0549E+03
    62.00 deg.: X-S =    16.796062 mb/sr,
+                                         /R =   1.1172E+03
    63.00 deg.: X-S =    16.709295 mb/sr,
+                                         /R =   1.1772E+03
    64.00 deg.: X-S =    16.555384 mb/sr,
+                                         /R =   1.2340E+03
    65.00 deg.: X-S =    16.334263 mb/sr,
+                                         /R =   1.2868E+03
    66.00 deg.: X-S =    16.047770 mb/sr,
+                                         /R =   1.3348E+03
    67.00 deg.: X-S =    15.699285 mb/sr,
+                                         /R =   1.3772E+03
    68.00 deg.: X-S =    15.293403 mb/sr,
+                                         /R =   1.4135E+03
    69.00 deg.: X-S =    14.835639 mb/sr,
+                                         /R =   1.4433E+03
    70.00 deg.: X-S =    14.332159 mb/sr,
+                                         /R =   1.4663E+03
    71.00 deg.: X-S =    13.789548 mb/sr,
+                                         /R =   1.4822E+03
    72.00 deg.: X-S =    13.214606 mb/sr,
+                                         /R =   1.4910E+03
    73.00 deg.: X-S =    12.614169 mb/sr,
+                                         /R =   1.4927E+03
    74.00 deg.: X-S =    11.994966 mb/sr,
+                                         /R =   1.4873E+03
    75.00 deg.: X-S =    11.363493 mb/sr,
+                                         /R =   1.4752E+03
    76.00 deg.: X-S =    10.725916 mb/sr,
+                                         /R =   1.4566E+03
    77.00 deg.: X-S =    10.087992 mb/sr,
+                                         /R =   1.4320E+03
    78.00 deg.: X-S =     9.455017 mb/sr,
+                                         /R =   1.4019E+03
    79.00 deg.: X-S =     8.831778 mb/sr,
+                                         /R =   1.3666E+03
    80.00 deg.: X-S =     8.222538 mb/sr,
+                                         /R =   1.3269E+03
    81.00 deg.: X-S =     7.631017 mb/sr,
+                                         /R =   1.2833E+03
    82.00 deg.: X-S =     7.060400 mb/sr,
+                                         /R =   1.2364E+03
    83.00 deg.: X-S =     6.513342 mb/sr,
+                                         /R =   1.1869E+03
    84.00 deg.: X-S =     5.991991 mb/sr,
+                                         /R =   1.1354E+03
    85.00 deg.: X-S =     5.498010 mb/sr,
+                                         /R =   1.0827E+03
    86.00 deg.: X-S =     5.032609 mb/sr,
+                                         /R =   1.0291E+03
    87.00 deg.: X-S =     4.596577 mb/sr,
+                                         /R =   9.7552E+02
    88.00 deg.: X-S =     4.190318 mb/sr,
+                                         /R =   9.2233E+02
    89.00 deg.: X-S =     3.813890 mb/sr,
+                                         /R =   8.7010E+02
    90.00 deg.: X-S =     3.467042 mb/sr,
+                                         /R =   8.1932E+02
    91.00 deg.: X-S =     3.149253 mb/sr,
+                                         /R =   7.7042E+02
    92.00 deg.: X-S =     2.859766 mb/sr,
+                                         /R =   7.2380E+02
    93.00 deg.: X-S =     2.597626 mb/sr,
+                                         /R =   6.7979E+02
    94.00 deg.: X-S =     2.361715 mb/sr,
+                                         /R =   6.3869E+02
    95.00 deg.: X-S =     2.150779 mb/sr,
+                                         /R =   6.0072E+02
    96.00 deg.: X-S =     1.963464 mb/sr,
+                                         /R =   5.6607E+02
    97.00 deg.: X-S =     1.798338 mb/sr,
+                                         /R =   5.3487E+02
    98.00 deg.: X-S =     1.653915 mb/sr,
+                                         /R =   5.0721E+02
    99.00 deg.: X-S =     1.528683 mb/sr,
+                                         /R =   4.8312E+02
   100.00 deg.: X-S =     1.421117 mb/sr,
+                                         /R =   4.6259E+02
   101.00 deg.: X-S =     1.329700 mb/sr,
+                                         /R =   4.4558E+02
   102.00 deg.: X-S =     1.252935 mb/sr,
+                                         /R =   4.3201E+02
   103.00 deg.: X-S =     1.189359 mb/sr,
+                                         /R =   4.2174E+02
   104.00 deg.: X-S =     1.137554 mb/sr,
+                                         /R =   4.1462E+02
   105.00 deg.: X-S =     1.096153 mb/sr,
+                                         /R =   4.1048E+02
   106.00 deg.: X-S =     1.063848 mb/sr,
+                                         /R =   4.0910E+02
   107.00 deg.: X-S =     1.039397 mb/sr,
+                                         /R =   4.1025E+02
   108.00 deg.: X-S =     1.021625 mb/sr,
+                                         /R =   4.1369E+02
   109.00 deg.: X-S =     1.009427 mb/sr,
+                                         /R =   4.1915E+02
   110.00 deg.: X-S =     1.001770 mb/sr,
+                                         /R =   4.2636E+02
   111.00 deg.: X-S =     0.997694 mb/sr,
+                                         /R =   4.3504E+02
   112.00 deg.: X-S =     0.996313 mb/sr,
+                                         /R =   4.4488E+02
   113.00 deg.: X-S =     0.996812 mb/sr,
+                                         /R =   4.5561E+02
   114.00 deg.: X-S =     0.998449 mb/sr,
+                                         /R =   4.6692E+02
   115.00 deg.: X-S =     1.000550 mb/sr,
+                                         /R =   4.7853E+02
   116.00 deg.: X-S =     1.002513 mb/sr,
+                                         /R =   4.9014E+02
   117.00 deg.: X-S =     1.003802 mb/sr,
+                                         /R =   5.0149E+02
   118.00 deg.: X-S =     1.003949 mb/sr,
+                                         /R =   5.1230E+02
   119.00 deg.: X-S =     1.002550 mb/sr,
+                                         /R =   5.2232E+02
   120.00 deg.: X-S =     0.999265 mb/sr,
+                                         /R =   5.3132E+02
   121.00 deg.: X-S =     0.993815 mb/sr,
+                                         /R =   5.3907E+02
   122.00 deg.: X-S =     0.985983 mb/sr,
+                                         /R =   5.4538E+02
   123.00 deg.: X-S =     0.975610 mb/sr,
+                                         /R =   5.5008E+02
   124.00 deg.: X-S =     0.962594 mb/sr,
+                                         /R =   5.5301E+02
   125.00 deg.: X-S =     0.946888 mb/sr,
+                                         /R =   5.5407E+02
   126.00 deg.: X-S =     0.928500 mb/sr,
+                                         /R =   5.5317E+02
   127.00 deg.: X-S =     0.907484 mb/sr,
+                                         /R =   5.5024E+02
   128.00 deg.: X-S =     0.883947 mb/sr,
+                                         /R =   5.4528E+02
   129.00 deg.: X-S =     0.858037 mb/sr,
+                                         /R =   5.3828E+02
   130.00 deg.: X-S =     0.829943 mb/sr,
+                                         /R =   5.2930E+02
   131.00 deg.: X-S =     0.799895 mb/sr,
+                                         /R =   5.1841E+02
   132.00 deg.: X-S =     0.768151 mb/sr,
+                                         /R =   5.0573E+02
   133.00 deg.: X-S =     0.735002 mb/sr,
+                                         /R =   4.9140E+02
   134.00 deg.: X-S =     0.700762 mb/sr,
+                                         /R =   4.7558E+02
   135.00 deg.: X-S =     0.665761 mb/sr,
+                                         /R =   4.5849E+02
   136.00 deg.: X-S =     0.630347 mb/sr,
+                                         /R =   4.4035E+02
   137.00 deg.: X-S =     0.594874 mb/sr,
+                                         /R =   4.2139E+02
   138.00 deg.: X-S =     0.559701 mb/sr,
+                                         /R =   4.0190E+02
   139.00 deg.: X-S =     0.525184 mb/sr,
+                                         /R =   3.8213E+02
   140.00 deg.: X-S =     0.491674 mb/sr,
+                                         /R =   3.6239E+02
   141.00 deg.: X-S =     0.459509 mb/sr,
+                                         /R =   3.4295E+02
   142.00 deg.: X-S =     0.429012 mb/sr,
+                                         /R =   3.2412E+02
   143.00 deg.: X-S =     0.400485 mb/sr,
+                                         /R =   3.0617E+02
   144.00 deg.: X-S =     0.374209 mb/sr,
+                                         /R =   2.8940E+02
   145.00 deg.: X-S =     0.350434 mb/sr,
+                                         /R =   2.7405E+02
   146.00 deg.: X-S =     0.329384 mb/sr,
+                                         /R =   2.6040E+02
   147.00 deg.: X-S =     0.311249 mb/sr,
+                                         /R =   2.4866E+02
   148.00 deg.: X-S =     0.296184 mb/sr,
+                                         /R =   2.3905E+02
   149.00 deg.: X-S =     0.284311 mb/sr,
+                                         /R =   2.3173E+02
   150.00 deg.: X-S =     0.275714 mb/sr,
+                                         /R =   2.2687E+02
   151.00 deg.: X-S =     0.270441 mb/sr,
+                                         /R =   2.2459E+02
   152.00 deg.: X-S =     0.268503 mb/sr,
+                                         /R =   2.2497E+02
   153.00 deg.: X-S =     0.269873 mb/sr,
+                                         /R =   2.2805E+02
   154.00 deg.: X-S =     0.274491 mb/sr,
+                                         /R =   2.3387E+02
   155.00 deg.: X-S =     0.282260 mb/sr,
+                                         /R =   2.4240E+02
   156.00 deg.: X-S =     0.293050 mb/sr,
+                                         /R =   2.5358E+02
   157.00 deg.: X-S =     0.306699 mb/sr,
+                                         /R =   2.6732E+02
   158.00 deg.: X-S =     0.323014 mb/sr,
+                                         /R =   2.8350E+02
   159.00 deg.: X-S =     0.341777 mb/sr,
+                                         /R =   3.0197E+02
   160.00 deg.: X-S =     0.362740 mb/sr,
+                                         /R =   3.2252E+02
   161.00 deg.: X-S =     0.385635 mb/sr,
+                                         /R =   3.4494E+02
   162.00 deg.: X-S =     0.410171 mb/sr,
+                                         /R =   3.6897E+02
   163.00 deg.: X-S =     0.436040 mb/sr,
+                                         /R =   3.9436E+02
   164.00 deg.: X-S =     0.462921 mb/sr,
+                                         /R =   4.2079E+02
   165.00 deg.: X-S =     0.490479 mb/sr,
+                                         /R =   4.4797E+02
   166.00 deg.: X-S =     0.518374 mb/sr,
+                                         /R =   4.7555E+02
   167.00 deg.: X-S =     0.546261 mb/sr,
+                                         /R =   5.0321E+02
   168.00 deg.: X-S =     0.573793 mb/sr,
+                                         /R =   5.3060E+02
   169.00 deg.: X-S =     0.600629 mb/sr,
+                                         /R =   5.5737E+02
   170.00 deg.: X-S =     0.626435 mb/sr,
+                                         /R =   5.8318E+02
   171.00 deg.: X-S =     0.650889 mb/sr,
+                                         /R =   6.0771E+02
   172.00 deg.: X-S =     0.673683 mb/sr,
+                                         /R =   6.3062E+02
   173.00 deg.: X-S =     0.694530 mb/sr,
+                                         /R =   6.5163E+02
   174.00 deg.: X-S =     0.713169 mb/sr,
+                                         /R =   6.7044E+02
   175.00 deg.: X-S =     0.729361 mb/sr,
+                                         /R =   6.8682E+02
   176.00 deg.: X-S =     0.742901 mb/sr,
+                                         /R =   7.0053E+02
   177.00 deg.: X-S =     0.753616 mb/sr,
+                                         /R =   7.1139E+02
   178.00 deg.: X-S =     0.761370 mb/sr,
+                                         /R =   7.1926E+02
   179.00 deg.: X-S =     0.766062 mb/sr,
+                                         /R =   7.2402E+02
   179.99 deg.: X-S =     0.767633 mb/sr,
+                                         /R =   7.2561E+02
                                           Integrated********** mb, over [   0.000, 180.000] at   140.0000 MeV 
 Finished all xsecs @    1.56250000E-02

  The following files have been created:
   3:local copy of User input.            6:standard output.                   
  13:total cross sections/state.         39:cross sections for each Ecm.       
  40:all cross sectns. for each Elab.    56:Fusion for each Jtotal.            

 PARAMETERS : MAXQRN   MFNL   MLOC  LMAX1 MCLIST
    ALLOWED :      1      4      4    170      6
    REQUIRED:      0      0      4     11      4


 ACCURACY ANALYSIS at   140.000 MeV :

  Elastic h*k = 0.045 so OK       compared with 0.200

   Real(S-el) > 0.01 first at J =       3.0
   Real(S-el) > 0.10 first at J =       3.0
   Real(S-el) > 0.50 first at J =       3.0
   Real(S-el) > 0.90 first at J =       5.0
   Real(S-el) > 0.99 first at J =       6.0
   R-turn =     9.38 fm    at J =      10.0

 Forward-angle excitation cut off below   0.252 deg by max JT =      10.0
                              and below   0.047 deg by max R.

 Total CPU  0 time =       0.03 seconds
