 FRESCO - FRES 3.4: Coupled Reaction Channels
 Assuming NAMELIST input.

 Test reaction with generated potential                                          

   0.040  50.000   0.500   0.000   0.000   0.000   0.000   0.000   0.000   0.000

 Centre-of-mass Range is   1252 * 0.0400 fm., Maximum at  50.00 fm., Interpolating NL forms every  0.52 fm.
 Non - locality width is      4 * 0.0400 fm., Maximum of   0.12 fm., Centred at  0.00 fm.
 2-Nucleon Separation of      0 * 0.5200 fm., Maximum of   0.00 fm., Minimum at  0.00 fm.
 Maximum single particle bins of 49.9200 fm.
               M,Mint =         1251        1249


 Range of total J is     0.0 <= J <=   150.0 (at least     0.0) and Absorbtion =>     0.1000 mb.
 Dry Run = F, CC set limits =  0  0, Relativistic kinematics =  , Both/Far/Near Analyses =  1                     

 Cross Sections (and up to T0 for 0=projectile) for Theta from   0.0 to 180.0 in steps of  1.0 degrees, DGAM=0,  Coordinates = 0 (Mads)

 Lower Radial Cutoff = maximum of -1.60*L*h &       0.0 fm.,  Lower Cutoff for Couplings =   0.0  fm.


 Iterate Couplings between   0 and   0 times, to  0.000 % if sooner.                                          
  Block solved exactly =   0 chs., with Pade = 0 & Isocen =  =0, NOSOL = F, initwf =  0
  NL quadrature with   18 Gaussian points, Calculate multipoles up to   156 from   0
  M-transfers for lp+lt greater than or equal to  6, Angular Integration Cutoff below  2.7778 %


 Trace switches are :  CHANS =  0, LISTCC =  0, TRENEG =  0, CDETR =  0, SMATS =  0, XSTABL =  0, NLPL =  0

                       WAVES =  0, LAMPL =  0, VEFF =  0, KFUS =  0, WDISK =  0, BPM =  0, MELFIL =  0

                       CDCC =  0, NFUS =  0

 Using unit mass = 1.000000 amu and 1/fine-structure constant = 137.03599 ( 1.000000 * true ) with hc = 197.32705 MeV.fm,
  thus 2*amu/hbar^2 = 0.0478450 = 1/20.9008 and Coulomb constant = 0.1574855 so e^2 = 1.43997, and nuclear magneton= 0.1261183

 Now pre-scan input and save to file 3



 *********** PARTITION NUMBER  1 ******************************************************************************************

   PROJ=t          MASS=  3.0000 Z=   1.0,        # STATES=    1T, TARG=p        MASS=  1.0000 Z=   1.0,     Q-VALUE =   0.0000 MEV.

     1:  J= 0.5+ (B# 1), E=  0.0000, K= 0.5              Potl#  1       J= 0.5+ (B# 1), E=  0.0000, K= 0.5    


 ************************************************************************************************************************************

 The following POTENTIALS are defined :

  KP#       TYPE      IT    SHAPE      at     V1        r1        a1        V2        r2        a2        A-in     A-used


                                            A#1       A#2        r0c       ac                                                h @ 1
    1    0=Coulomb       0=CHARGE (WS)  1     1.000     1.000    3.0528    0.0000    0.0000    0.0000     0.000     8.000   0.04000

    1    1=Volume        0=Woods-Saxon  2   70.0000    1.2500    0.6500   15.0000    1.2500    0.6500     0.000     8.000

    1    2=Surface       0=Woods-Saxon  3    0.0000    0.0000    0.0000    5.0000    1.3000    0.6500     0.000     8.000

    1    3=Projtl S.O.   0=Woods-Saxon  4    3.0000    1.0000    0.6500    0.0000    0.0000    0.0000     0.000     8.000

 Incoming partition  1 in excitation state # 1,   Laboratory Energy given for partition  1 Nucleus 1 in Excitation pair 1

0Lab. ENERGY ranges :

   from    20.0000     to   0.00000     in     0 intervals
   from    0.00000     to   0.00000     in     0 intervals
   from    0.00000     to   0.00000     in     0 intervals

 Largest real,imaginary parts of any form factor at R=   49.60 are   2.90E-02  7.91E-31 MeV
 Finished all Couplings @    1.56250000E-02           4

 Symmetric Hamiltonian
1***********************************************************************************************************************************
************************************************************************************************************************************

        INCOMING t        ;    LABORATORY t        ENERGY =   20.000     MeV.

 ***********************************************************************************************************************************
 ***********************************************************************************************************************************


  NOTE: Coulomb excitation cut off below   0.046 deg by JTMAX, and below   0.330 deg by Rmax

 Allocate arrays for            2  channels, of which            1  need wfs.
 Allocate arrays for            2  channels, of which            2  need wfs.
 Reaction Xsec     5.0+/ 4 @ 1 =   0.815 , Out:   0.000#
 Reaction Xsec     5.0+/ 6 @ 2 =   3.892/, Out:   0.000#
 Reaction Xsec     5.0-/ 5 @ 1 =   0.055 , Out:   0.000#
 Reaction Xsec     5.0-/ 5 @ 2 =   0.055 , Out:   0.000#
 Finished all CC sets @    1.56250000E-02
0CUMULATIVE REACTION cross section                 = 1065.30547  <L> =     1.71  <L**2> =      3.7
0CUMULATIVE outgoing cross sections in partition 1 :    0.00000
0Cumulative ABSORBTION by Imaginary Potentials     = 1065.30547  <L> =     1.71  <L**2> =      3.7
   Fusion for specific t        M-states :  991.621798  991.621798
0CUMULATIVE OUTGOING cross section                 =    0.00000
 To convert to S-factors (MeV.mb = keV.b),  multiply by  7.3351E+00


 CROSS SECTIONS FOR OUTGOING t        & p        in state #   1 with spins & parities 0.5  + &  0.5  +;  0

     0.01 deg.: X-S =   8.9383E+14 mb/sr,
+                                         /R =   1.0000E+00
     1.00 deg.: X-S =   8.9062E+06 mb/sr,
+                                         /R =   9.9636E-01
     2.00 deg.: X-S =   5.5290E+05 mb/sr,
+                                         /R =   9.8951E-01
     3.00 deg.: X-S =   1.0850E+05 mb/sr,
+                                         /R =   9.8282E-01
     4.00 deg.: X-S =   3.4222E+04 mb/sr,
+                                         /R =   9.7936E-01
     5.00 deg.: X-S =   1.4071E+04 mb/sr,
+                                         /R =   9.8262E-01
     6.00 deg.: X-S =  6885.584541 mb/sr,
+                                         /R =   9.9655E-01
     7.00 deg.: X-S =  3827.499712 mb/sr,
+                                         /R =   1.0256E+00
     8.00 deg.: X-S =  2352.760057 mb/sr,
+                                         /R =   1.0747E+00
     9.00 deg.: X-S =  1571.919046 mb/sr,
+                                         /R =   1.1491E+00
    10.00 deg.: X-S =  1127.097670 mb/sr,
+                                         /R =   1.2546E+00
    11.00 deg.: X-S =   858.154111 mb/sr,
+                                         /R =   1.3971E+00
    12.00 deg.: X-S =   687.189388 mb/sr,
+                                         /R =   1.5826E+00
    13.00 deg.: X-S =   573.667059 mb/sr,
+                                         /R =   1.8174E+00
    14.00 deg.: X-S =   495.285649 mb/sr,
+                                         /R =   2.1076E+00
    15.00 deg.: X-S =   439.188632 mb/sr,
+                                         /R =   2.4592E+00
    16.00 deg.: X-S =   397.663379 mb/sr,
+                                         /R =   2.8780E+00
    17.00 deg.: X-S =   365.921730 mb/sr,
+                                         /R =   3.3694E+00
    18.00 deg.: X-S =   340.901265 mb/sr,
+                                         /R =   3.9384E+00
    19.00 deg.: X-S =   320.591674 mb/sr,
+                                         /R =   4.5893E+00
    20.00 deg.: X-S =   303.642828 mb/sr,
+                                         /R =   5.3260E+00
    21.00 deg.: X-S =   289.129608 mb/sr,
+                                         /R =   6.1515E+00
    22.00 deg.: X-S =   276.406869 mb/sr,
+                                         /R =   7.0681E+00
    23.00 deg.: X-S =   265.017759 mb/sr,
+                                         /R =   8.0770E+00
    24.00 deg.: X-S =   254.634460 mb/sr,
+                                         /R =   9.1789E+00
    25.00 deg.: X-S =   245.019097 mb/sr,
+                                         /R =   1.0373E+01
    26.00 deg.: X-S =   235.997469 mb/sr,
+                                         /R =   1.1658E+01
    27.00 deg.: X-S =   227.441091 mb/sr,
+                                         /R =   1.3031E+01
    28.00 deg.: X-S =   219.254730 mb/sr,
+                                         /R =   1.4488E+01
    29.00 deg.: X-S =   211.367614 mb/sr,
+                                         /R =   1.6025E+01
    30.00 deg.: X-S =   203.727156 mb/sr,
+                                         /R =   1.7636E+01
    31.00 deg.: X-S =   196.294415 mb/sr,
+                                         /R =   1.9313E+01
    32.00 deg.: X-S =   189.040763 mb/sr,
+                                         /R =   2.1051E+01
    33.00 deg.: X-S =   181.945427 mb/sr,
+                                         /R =   2.2838E+01
    34.00 deg.: X-S =   174.993641 mb/sr,
+                                         /R =   2.4667E+01
    35.00 deg.: X-S =   168.175249 mb/sr,
+                                         /R =   2.6527E+01
    36.00 deg.: X-S =   161.483639 mb/sr,
+                                         /R =   2.8406E+01
    37.00 deg.: X-S =   154.914921 mb/sr,
+                                         /R =   3.0294E+01
    38.00 deg.: X-S =   148.467286 mb/sr,
+                                         /R =   3.2178E+01
    39.00 deg.: X-S =   142.140506 mb/sr,
+                                         /R =   3.4045E+01
    40.00 deg.: X-S =   135.935534 mb/sr,
+                                         /R =   3.5884E+01
    41.00 deg.: X-S =   129.854193 mb/sr,
+                                         /R =   3.7680E+01
    42.00 deg.: X-S =   123.898922 mb/sr,
+                                         /R =   3.9422E+01
    43.00 deg.: X-S =   118.072570 mb/sr,
+                                         /R =   4.1097E+01
    44.00 deg.: X-S =   112.378236 mb/sr,
+                                         /R =   4.2691E+01
    45.00 deg.: X-S =   106.819133 mb/sr,
+                                         /R =   4.4194E+01
    46.00 deg.: X-S =   101.398479 mb/sr,
+                                         /R =   4.5593E+01
    47.00 deg.: X-S =    96.119413 mb/sr,
+                                         /R =   4.6878E+01
    48.00 deg.: X-S =    90.984921 mb/sr,
+                                         /R =   4.8037E+01
    49.00 deg.: X-S =    85.997780 mb/sr,
+                                         /R =   4.9063E+01
    50.00 deg.: X-S =    81.160511 mb/sr,
+                                         /R =   4.9945E+01
    51.00 deg.: X-S =    76.475343 mb/sr,
+                                         /R =   5.0677E+01
    52.00 deg.: X-S =    71.944188 mb/sr,
+                                         /R =   5.1253E+01
    53.00 deg.: X-S =    67.568615 mb/sr,
+                                         /R =   5.1667E+01
    54.00 deg.: X-S =    63.349840 mb/sr,
+                                         /R =   5.1914E+01
    55.00 deg.: X-S =    59.288712 mb/sr,
+                                         /R =   5.1994E+01
    56.00 deg.: X-S =    55.385711 mb/sr,
+                                         /R =   5.1903E+01
    57.00 deg.: X-S =    51.640948 mb/sr,
+                                         /R =   5.1642E+01
    58.00 deg.: X-S =    48.054161 mb/sr,
+                                         /R =   5.1212E+01
    59.00 deg.: X-S =    44.624728 mb/sr,
+                                         /R =   5.0616E+01
    60.00 deg.: X-S =    41.351667 mb/sr,
+                                         /R =   4.9857E+01
    61.00 deg.: X-S =    38.233655 mb/sr,
+                                         /R =   4.8942E+01
    62.00 deg.: X-S =    35.269033 mb/sr,
+                                         /R =   4.7875E+01
    63.00 deg.: X-S =    32.455821 mb/sr,
+                                         /R =   4.6665E+01
    64.00 deg.: X-S =    29.791737 mb/sr,
+                                         /R =   4.5320E+01
    65.00 deg.: X-S =    27.274211 mb/sr,
+                                         /R =   4.3850E+01
    66.00 deg.: X-S =    24.900404 mb/sr,
+                                         /R =   4.2267E+01
    67.00 deg.: X-S =    22.667224 mb/sr,
+                                         /R =   4.0580E+01
    68.00 deg.: X-S =    20.571348 mb/sr,
+                                         /R =   3.8803E+01
    69.00 deg.: X-S =    18.609242 mb/sr,
+                                         /R =   3.6949E+01
    70.00 deg.: X-S =    16.777180 mb/sr,
+                                         /R =   3.5030E+01
    71.00 deg.: X-S =    15.071265 mb/sr,
+                                         /R =   3.3061E+01
    72.00 deg.: X-S =    13.487449 mb/sr,
+                                         /R =   3.1057E+01
    73.00 deg.: X-S =    12.021555 mb/sr,
+                                         /R =   2.9031E+01
    74.00 deg.: X-S =    10.669297 mb/sr,
+                                         /R =   2.6999E+01
    75.00 deg.: X-S =     9.426299 mb/sr,
+                                         /R =   2.4974E+01
    76.00 deg.: X-S =     8.288117 mb/sr,
+                                         /R =   2.2971E+01
    77.00 deg.: X-S =     7.250257 mb/sr,
+                                         /R =   2.1004E+01
    78.00 deg.: X-S =     6.308195 mb/sr,
+                                         /R =   1.9087E+01
    79.00 deg.: X-S =     5.457394 mb/sr,
+                                         /R =   1.7234E+01
    80.00 deg.: X-S =     4.693324 mb/sr,
+                                         /R =   1.5456E+01
    81.00 deg.: X-S =     4.011478 mb/sr,
+                                         /R =   1.3767E+01
    82.00 deg.: X-S =     3.407386 mb/sr,
+                                         /R =   1.2177E+01
    83.00 deg.: X-S =     2.876635 mb/sr,
+                                         /R =   1.0698E+01
    84.00 deg.: X-S =     2.414880 mb/sr,
+                                         /R =   9.3389E+00
    85.00 deg.: X-S =     2.017859 mb/sr,
+                                         /R =   8.1092E+00
    86.00 deg.: X-S =     1.681406 mb/sr,
+                                         /R =   7.0172E+00
    87.00 deg.: X-S =     1.401462 mb/sr,
+                                         /R =   6.0700E+00
    88.00 deg.: X-S =     1.174086 mb/sr,
+                                         /R =   5.2740E+00
    89.00 deg.: X-S =     0.995465 mb/sr,
+                                         /R =   4.6348E+00
    90.00 deg.: X-S =     0.861923 mb/sr,
+                                         /R =   4.1569E+00
    91.00 deg.: X-S =     0.769928 mb/sr,
+                                         /R =   3.8439E+00
    92.00 deg.: X-S =     0.716101 mb/sr,
+                                         /R =   3.6988E+00
    93.00 deg.: X-S =     0.697217 mb/sr,
+                                         /R =   3.7237E+00
    94.00 deg.: X-S =     0.710215 mb/sr,
+                                         /R =   3.9197E+00
    95.00 deg.: X-S =     0.752199 mb/sr,
+                                         /R =   4.2876E+00
    96.00 deg.: X-S =     0.820442 mb/sr,
+                                         /R =   4.8272E+00
    97.00 deg.: X-S =     0.912385 mb/sr,
+                                         /R =   5.5381E+00
    98.00 deg.: X-S =     1.025643 mb/sr,
+                                         /R =   6.4191E+00
    99.00 deg.: X-S =     1.158001 mb/sr,
+                                         /R =   7.4687E+00
   100.00 deg.: X-S =     1.307413 mb/sr,
+                                         /R =   8.6853E+00
   101.00 deg.: X-S =     1.472005 mb/sr,
+                                         /R =   1.0067E+01
   102.00 deg.: X-S =     1.650066 mb/sr,
+                                         /R =   1.1611E+01
   103.00 deg.: X-S =     1.840051 mb/sr,
+                                         /R =   1.3316E+01
   104.00 deg.: X-S =     2.040572 mb/sr,
+                                         /R =   1.5179E+01
   105.00 deg.: X-S =     2.250399 mb/sr,
+                                         /R =   1.7198E+01
   106.00 deg.: X-S =     2.468449 mb/sr,
+                                         /R =   1.9372E+01
   107.00 deg.: X-S =     2.693784 mb/sr,
+                                         /R =   2.1699E+01
   108.00 deg.: X-S =     2.925605 mb/sr,
+                                         /R =   2.4177E+01
   109.00 deg.: X-S =     3.163243 mb/sr,
+                                         /R =   2.6806E+01
   110.00 deg.: X-S =     3.406154 mb/sr,
+                                         /R =   2.9585E+01
   111.00 deg.: X-S =     3.653909 mb/sr,
+                                         /R =   3.2515E+01
   112.00 deg.: X-S =     3.906191 mb/sr,
+                                         /R =   3.5596E+01
   113.00 deg.: X-S =     4.162781 mb/sr,
+                                         /R =   3.8830E+01
   114.00 deg.: X-S =     4.423553 mb/sr,
+                                         /R =   4.2218E+01
   115.00 deg.: X-S =     4.688466 mb/sr,
+                                         /R =   4.5762E+01
   116.00 deg.: X-S =     4.957554 mb/sr,
+                                         /R =   4.9466E+01
   117.00 deg.: X-S =     5.230918 mb/sr,
+                                         /R =   5.3333E+01
   118.00 deg.: X-S =     5.508717 mb/sr,
+                                         /R =   5.7368E+01
   119.00 deg.: X-S =     5.791159 mb/sr,
+                                         /R =   6.1575E+01
   120.00 deg.: X-S =     6.078494 mb/sr,
+                                         /R =   6.5959E+01
   121.00 deg.: X-S =     6.371002 mb/sr,
+                                         /R =   7.0526E+01
   122.00 deg.: X-S =     6.668989 mb/sr,
+                                         /R =   7.5282E+01
   123.00 deg.: X-S =     6.972777 mb/sr,
+                                         /R =   8.0234E+01
   124.00 deg.: X-S =     7.282694 mb/sr,
+                                         /R =   8.5386E+01
   125.00 deg.: X-S =     7.599069 mb/sr,
+                                         /R =   9.0747E+01
   126.00 deg.: X-S =     7.922224 mb/sr,
+                                         /R =   9.6322E+01
   127.00 deg.: X-S =     8.252467 mb/sr,
+                                         /R =   1.0212E+02
   128.00 deg.: X-S =     8.590084 mb/sr,
+                                         /R =   1.0814E+02
   129.00 deg.: X-S =     8.935333 mb/sr,
+                                         /R =   1.1440E+02
   130.00 deg.: X-S =     9.288441 mb/sr,
+                                         /R =   1.2089E+02
   131.00 deg.: X-S =     9.649595 mb/sr,
+                                         /R =   1.2763E+02
   132.00 deg.: X-S =    10.018937 mb/sr,
+                                         /R =   1.3462E+02
   133.00 deg.: X-S =    10.396563 mb/sr,
+                                         /R =   1.4185E+02
   134.00 deg.: X-S =    10.782515 mb/sr,
+                                         /R =   1.4934E+02
   135.00 deg.: X-S =    11.176780 mb/sr,
+                                         /R =   1.5708E+02
   136.00 deg.: X-S =    11.579284 mb/sr,
+                                         /R =   1.6508E+02
   137.00 deg.: X-S =    11.989895 mb/sr,
+                                         /R =   1.7333E+02
   138.00 deg.: X-S =    12.408413 mb/sr,
+                                         /R =   1.8184E+02
   139.00 deg.: X-S =    12.834578 mb/sr,
+                                         /R =   1.9058E+02
   140.00 deg.: X-S =    13.268059 mb/sr,
+                                         /R =   1.9958E+02
   141.00 deg.: X-S =    13.708461 mb/sr,
+                                         /R =   2.0880E+02
   142.00 deg.: X-S =    14.155324 mb/sr,
+                                         /R =   2.1825E+02
   143.00 deg.: X-S =    14.608118 mb/sr,
+                                         /R =   2.2792E+02
   144.00 deg.: X-S =    15.066251 mb/sr,
+                                         /R =   2.3779E+02
   145.00 deg.: X-S =    15.529067 mb/sr,
+                                         /R =   2.4784E+02
   146.00 deg.: X-S =    15.995848 mb/sr,
+                                         /R =   2.5808E+02
   147.00 deg.: X-S =    16.465817 mb/sr,
+                                         /R =   2.6846E+02
   148.00 deg.: X-S =    16.938142 mb/sr,
+                                         /R =   2.7899E+02
   149.00 deg.: X-S =    17.411936 mb/sr,
+                                         /R =   2.8963E+02
   150.00 deg.: X-S =    17.886263 mb/sr,
+                                         /R =   3.0037E+02
   151.00 deg.: X-S =    18.360143 mb/sr,
+                                         /R =   3.1117E+02
   152.00 deg.: X-S =    18.832552 mb/sr,
+                                         /R =   3.2202E+02
   153.00 deg.: X-S =    19.302432 mb/sr,
+                                         /R =   3.3288E+02
   154.00 deg.: X-S =    19.768691 mb/sr,
+                                         /R =   3.4374E+02
   155.00 deg.: X-S =    20.230212 mb/sr,
+                                         /R =   3.5455E+02
   156.00 deg.: X-S =    20.685855 mb/sr,
+                                         /R =   3.6530E+02
   157.00 deg.: X-S =    21.134464 mb/sr,
+                                         /R =   3.7594E+02
   158.00 deg.: X-S =    21.574872 mb/sr,
+                                         /R =   3.8645E+02
   159.00 deg.: X-S =    22.005908 mb/sr,
+                                         /R =   3.9679E+02
   160.00 deg.: X-S =    22.426402 mb/sr,
+                                         /R =   4.0693E+02
   161.00 deg.: X-S =    22.835189 mb/sr,
+                                         /R =   4.1684E+02
   162.00 deg.: X-S =    23.231118 mb/sr,
+                                         /R =   4.2649E+02
   163.00 deg.: X-S =    23.613054 mb/sr,
+                                         /R =   4.3583E+02
   164.00 deg.: X-S =    23.979887 mb/sr,
+                                         /R =   4.4485E+02
   165.00 deg.: X-S =    24.330537 mb/sr,
+                                         /R =   4.5350E+02
   166.00 deg.: X-S =    24.663956 mb/sr,
+                                         /R =   4.6177E+02
   167.00 deg.: X-S =    24.979140 mb/sr,
+                                         /R =   4.6960E+02
   168.00 deg.: X-S =    25.275127 mb/sr,
+                                         /R =   4.7699E+02
   169.00 deg.: X-S =    25.551005 mb/sr,
+                                         /R =   4.8389E+02
   170.00 deg.: X-S =    25.805918 mb/sr,
+                                         /R =   4.9029E+02
   171.00 deg.: X-S =    26.039070 mb/sr,
+                                         /R =   4.9616E+02
   172.00 deg.: X-S =    26.249724 mb/sr,
+                                         /R =   5.0147E+02
   173.00 deg.: X-S =    26.437214 mb/sr,
+                                         /R =   5.0621E+02
   174.00 deg.: X-S =    26.600943 mb/sr,
+                                         /R =   5.1035E+02
   175.00 deg.: X-S =    26.740385 mb/sr,
+                                         /R =   5.1389E+02
   176.00 deg.: X-S =    26.855094 mb/sr,
+                                         /R =   5.1680E+02
   177.00 deg.: X-S =    26.944699 mb/sr,
+                                         /R =   5.1908E+02
   178.00 deg.: X-S =    27.008911 mb/sr,
+                                         /R =   5.2071E+02
   179.00 deg.: X-S =    27.047522 mb/sr,
+                                         /R =   5.2170E+02
   179.99 deg.: X-S =    27.060404 mb/sr,
+                                         /R =   5.2202E+02
                                           Integrated********** mb, over [   0.000, 180.000] at    20.0000 MeV 
 Finished all xsecs @    3.12500000E-02

  The following files have been created:
   3:local copy of User input.            6:standard output.                   
  13:total cross sections/state.         39:cross sections for each Ecm.       
  40:all cross sectns. for each Elab.    56:Fusion for each Jtotal.            

 PARAMETERS : MAXQRN   MFNL   MLOC  LMAX1 MCLIST
    ALLOWED :      1      4      4    170      6
    REQUIRED:      0      0      4      7      4


 ACCURACY ANALYSIS at    20.000 MeV :

  Elastic h*k = 0.017 so OK       compared with 0.200

   Real(S-el) > 0.01 first at J =       1.0
   Real(S-el) > 0.10 first at J =       1.0
   Real(S-el) > 0.50 first at J =       1.0
   Real(S-el) > 0.90 first at J =       2.0
   Real(S-el) > 0.99 first at J =       3.0
   R-turn =    13.08 fm    at J =       5.0

 Forward-angle excitation cut off below   1.271 deg by max JT =       5.0
                              and below   0.330 deg by max R.

 Total CPU  0 time =       0.03 seconds
