 FRESCO - FRES 3.4: Coupled Reaction Channels
 Assuming NAMELIST input.

 Test reaction with generated potential                                          

   0.040  50.000   0.500   0.000   0.000   0.000   0.000   0.000   0.000   0.000

 Centre-of-mass Range is   1252 * 0.0400 fm., Maximum at  50.00 fm., Interpolating NL forms every  0.52 fm.
 Non - locality width is      4 * 0.0400 fm., Maximum of   0.12 fm., Centred at  0.00 fm.
 2-Nucleon Separation of      0 * 0.5200 fm., Maximum of   0.00 fm., Minimum at  0.00 fm.
 Maximum single particle bins of 49.9200 fm.
               M,Mint =         1251        1249


 Range of total J is     0.0 <= J <=   150.0 (at least     0.0) and Absorbtion =>     0.1000 mb.
 Dry Run = F, CC set limits =  0  0, Relativistic kinematics =  , Both/Far/Near Analyses =  1                     

 Cross Sections (and up to T0 for 0=projectile) for Theta from   0.0 to 180.0 in steps of  1.0 degrees, DGAM=0,  Coordinates = 0 (Mads)

 Lower Radial Cutoff = maximum of -1.60*L*h &       0.0 fm.,  Lower Cutoff for Couplings =   0.0  fm.


 Iterate Couplings between   0 and   0 times, to  0.000 % if sooner.                                          
  Block solved exactly =   0 chs., with Pade = 0 & Isocen =  =0, NOSOL = F, initwf =  0
  NL quadrature with   18 Gaussian points, Calculate multipoles up to   156 from   0
  M-transfers for lp+lt greater than or equal to  6, Angular Integration Cutoff below  2.7778 %


 Trace switches are :  CHANS =  0, LISTCC =  0, TRENEG =  0, CDETR =  0, SMATS =  0, XSTABL =  0, NLPL =  0

                       WAVES =  0, LAMPL =  0, VEFF =  0, KFUS =  0, WDISK =  0, BPM =  0, MELFIL =  0

                       CDCC =  0, NFUS =  0

 Using unit mass = 1.000000 amu and 1/fine-structure constant = 137.03599 ( 1.000000 * true ) with hc = 197.32705 MeV.fm,
  thus 2*amu/hbar^2 = 0.0478450 = 1/20.9008 and Coulomb constant = 0.1574855 so e^2 = 1.43997, and nuclear magneton= 0.1261183

 Now pre-scan input and save to file 3



 *********** PARTITION NUMBER  1 ******************************************************************************************

   PROJ=t          MASS=  3.0000 Z=   1.0,        # STATES=    1T, TARG=p        MASS=  1.0000 Z=   1.0,     Q-VALUE =   0.0000 MEV.

     1:  J= 0.5+ (B# 1), E=  0.0000, K= 0.5              Potl#  1       J= 0.5+ (B# 1), E=  0.0000, K= 0.5    


 ************************************************************************************************************************************

 The following POTENTIALS are defined :

  KP#       TYPE      IT    SHAPE      at     V1        r1        a1        V2        r2        a2        A-in     A-used


                                            A#1       A#2        r0c       ac                                                h @ 1
    1    0=Coulomb       0=CHARGE (WS)  1     1.000     1.000    3.0528    0.0000    0.0000    0.0000     0.000     8.000   0.04000

    1    1=Volume        0=Woods-Saxon  2   70.0000    1.2500    0.6500   15.0000    1.2500    0.6500     0.000     8.000

    1    2=Surface       0=Woods-Saxon  3    0.0000    0.0000    0.0000    5.0000    1.3000    0.6500     0.000     8.000

    1    3=Projtl S.O.   0=Woods-Saxon  4    3.0000    1.0000    0.6500    0.0000    0.0000    0.0000     0.000     8.000

 Incoming partition  1 in excitation state # 1,   Laboratory Energy given for partition  1 Nucleus 1 in Excitation pair 1

0Lab. ENERGY ranges :

   from    255.000     to   0.00000     in     0 intervals
   from    0.00000     to   0.00000     in     0 intervals
   from    0.00000     to   0.00000     in     0 intervals

 Largest real,imaginary parts of any form factor at R=   49.60 are   2.90E-02  7.91E-31 MeV
 Finished all Couplings @    1.56250000E-02           4

 Symmetric Hamiltonian
1***********************************************************************************************************************************
************************************************************************************************************************************

        INCOMING t        ;    LABORATORY t        ENERGY =   255.00     MeV.

 ***********************************************************************************************************************************
 ***********************************************************************************************************************************


  NOTE: Coulomb excitation cut off below   0.013 deg by JTMAX, and below   0.026 deg by Rmax

 Allocate arrays for            2  channels, of which            1  need wfs.
 Allocate arrays for            2  channels, of which            2  need wfs.
 Reaction Xsec    11.0-/11 @ 1 =   0.212 , Out:   0.000#
 Reaction Xsec    11.0-/11 @ 2 =   0.212 , Out:   0.000#
 Reaction Xsec    12.0+/12 @ 1 =   0.090 , Out:   0.000#
 Reaction Xsec    12.0+/12 @ 2 =   0.090 , Out:   0.000#
 Finished all CC sets @    1.56250000E-02
0CUMULATIVE REACTION cross section                 =  456.49767  <L> =     4.12  <L**2> =     20.8
0CUMULATIVE outgoing cross sections in partition 1 :    0.00000
0Cumulative ABSORBTION by Imaginary Potentials     =  456.49767  <L> =     4.12  <L**2> =     20.8
   Fusion for specific t        M-states :  622.381487  622.381487
0CUMULATIVE OUTGOING cross section                 =    0.00000
 To convert to S-factors (MeV.mb = keV.b),  multiply by  7.0973E+01


 CROSS SECTIONS FOR OUTGOING t        & p        in state #   1 with spins & parities 0.5  + &  0.5  +;  0

     0.01 deg.: X-S =   5.4983E+12 mb/sr,
+                                         /R =   9.9998E-01
     1.00 deg.: X-S =   4.7812E+04 mb/sr,
+                                         /R =   8.6952E-01
     2.00 deg.: X-S =  3202.051861 mb/sr,
+                                         /R =   9.3159E-01
     3.00 deg.: X-S =  1650.596327 mb/sr,
+                                         /R =   2.4305E+00
     4.00 deg.: X-S =  1567.987994 mb/sr,
+                                         /R =   7.2945E+00
     5.00 deg.: X-S =  1582.545121 mb/sr,
+                                         /R =   1.7966E+01
     6.00 deg.: X-S =  1580.164209 mb/sr,
+                                         /R =   3.7177E+01
     7.00 deg.: X-S =  1554.115913 mb/sr,
+                                         /R =   6.7696E+01
     8.00 deg.: X-S =  1509.098237 mb/sr,
+                                         /R =   1.1206E+02
     9.00 deg.: X-S =  1449.911850 mb/sr,
+                                         /R =   1.7230E+02
    10.00 deg.: X-S =  1380.326521 mb/sr,
+                                         /R =   2.4977E+02
    11.00 deg.: X-S =  1303.273683 mb/sr,
+                                         /R =   3.4491E+02
    12.00 deg.: X-S =  1221.108113 mb/sr,
+                                         /R =   4.5716E+02
    13.00 deg.: X-S =  1135.785729 mb/sr,
+                                         /R =   5.8494E+02
    14.00 deg.: X-S =  1048.969348 mb/sr,
+                                         /R =   7.2563E+02
    15.00 deg.: X-S =   962.088625 mb/sr,
+                                         /R =   8.7575E+02
    16.00 deg.: X-S =   876.373393 mb/sr,
+                                         /R =   1.0311E+03
    17.00 deg.: X-S =   792.872434 mb/sr,
+                                         /R =   1.1868E+03
    18.00 deg.: X-S =   712.464905 mb/sr,
+                                         /R =   1.3380E+03
    19.00 deg.: X-S =   635.868674 mb/sr,
+                                         /R =   1.4797E+03
    20.00 deg.: X-S =   563.648002 mb/sr,
+                                         /R =   1.6072E+03
    21.00 deg.: X-S =   496.221855 mb/sr,
+                                         /R =   1.7163E+03
    22.00 deg.: X-S =   433.873497 mb/sr,
+                                         /R =   1.8036E+03
    23.00 deg.: X-S =   376.761495 mb/sr,
+                                         /R =   1.8667E+03
    24.00 deg.: X-S =   324.932043 mb/sr,
+                                         /R =   1.9041E+03
    25.00 deg.: X-S =   278.332329 mb/sr,
+                                         /R =   1.9155E+03
    26.00 deg.: X-S =   236.824563 mb/sr,
+                                         /R =   1.9018E+03
    27.00 deg.: X-S =   200.200278 mb/sr,
+                                         /R =   1.8646E+03
    28.00 deg.: X-S =   168.194492 mb/sr,
+                                         /R =   1.8067E+03
    29.00 deg.: X-S =   140.499375 mb/sr,
+                                         /R =   1.7316E+03
    30.00 deg.: X-S =   116.777085 mb/sr,
+                                         /R =   1.6433E+03
    31.00 deg.: X-S =    96.671542 mb/sr,
+                                         /R =   1.5462E+03
    32.00 deg.: X-S =    79.818927 mb/sr,
+                                         /R =   1.4449E+03
    33.00 deg.: X-S =    65.856801 mb/sr,
+                                         /R =   1.3438E+03
    34.00 deg.: X-S =    54.431771 mb/sr,
+                                         /R =   1.2473E+03
    35.00 deg.: X-S =    45.205722 mb/sr,
+                                         /R =   1.1591E+03
    36.00 deg.: X-S =    37.860645 mb/sr,
+                                         /R =   1.0827E+03
    37.00 deg.: X-S =    32.102153 mb/sr,
+                                         /R =   1.0205E+03
    38.00 deg.: X-S =    27.661807 mb/sr,
+                                         /R =   9.7460E+02
    39.00 deg.: X-S =    24.298392 mb/sr,
+                                         /R =   9.4610E+02
    40.00 deg.: X-S =    21.798273 mb/sr,
+                                         /R =   9.3542E+02
    41.00 deg.: X-S =    19.975006 mb/sr,
+                                         /R =   9.4225E+02
    42.00 deg.: X-S =    18.668338 mb/sr,
+                                         /R =   9.6560E+02
    43.00 deg.: X-S =    17.742737 mb/sr,
+                                         /R =   1.0039E+03
    44.00 deg.: X-S =    17.085591 mb/sr,
+                                         /R =   1.0551E+03
    45.00 deg.: X-S =    16.605177 mb/sr,
+                                         /R =   1.1168E+03
    46.00 deg.: X-S =    16.228507 mb/sr,
+                                         /R =   1.1862E+03
    47.00 deg.: X-S =    15.899129 mb/sr,
+                                         /R =   1.2605E+03
    48.00 deg.: X-S =    15.574957 mb/sr,
+                                         /R =   1.3368E+03
    49.00 deg.: X-S =    15.226173 mb/sr,
+                                         /R =   1.4121E+03
    50.00 deg.: X-S =    14.833246 mb/sr,
+                                         /R =   1.4839E+03
    51.00 deg.: X-S =    14.385101 mb/sr,
+                                         /R =   1.5496E+03
    52.00 deg.: X-S =    13.877439 mb/sr,
+                                         /R =   1.6071E+03
    53.00 deg.: X-S =    13.311245 mb/sr,
+                                         /R =   1.6546E+03
    54.00 deg.: X-S =    12.691457 mb/sr,
+                                         /R =   1.6907E+03
    55.00 deg.: X-S =    12.025816 mb/sr,
+                                         /R =   1.7144E+03
    56.00 deg.: X-S =    11.323889 mb/sr,
+                                         /R =   1.7251E+03
    57.00 deg.: X-S =    10.596243 mb/sr,
+                                         /R =   1.7226E+03
    58.00 deg.: X-S =     9.853774 mb/sr,
+                                         /R =   1.7071E+03
    59.00 deg.: X-S =     9.107167 mb/sr,
+                                         /R =   1.6792E+03
    60.00 deg.: X-S =     8.366490 mb/sr,
+                                         /R =   1.6398E+03
    61.00 deg.: X-S =     7.640886 mb/sr,
+                                         /R =   1.5900E+03
    62.00 deg.: X-S =     6.938372 mb/sr,
+                                         /R =   1.5311E+03
    63.00 deg.: X-S =     6.265712 mb/sr,
+                                         /R =   1.4645E+03
    64.00 deg.: X-S =     5.628369 mb/sr,
+                                         /R =   1.3919E+03
    65.00 deg.: X-S =     5.030507 mb/sr,
+                                         /R =   1.3148E+03
    66.00 deg.: X-S =     4.475046 mb/sr,
+                                         /R =   1.2348E+03
    67.00 deg.: X-S =     3.963740 mb/sr,
+                                         /R =   1.1536E+03
    68.00 deg.: X-S =     3.497299 mb/sr,
+                                         /R =   1.0724E+03
    69.00 deg.: X-S =     3.075506 mb/sr,
+                                         /R =   9.9267E+02
    70.00 deg.: X-S =     2.697360 mb/sr,
+                                         /R =   9.1555E+02
    71.00 deg.: X-S =     2.361208 mb/sr,
+                                         /R =   8.4203E+02
    72.00 deg.: X-S =     2.064886 mb/sr,
+                                         /R =   7.7294E+02
    73.00 deg.: X-S =     1.805842 mb/sr,
+                                         /R =   7.0894E+02
    74.00 deg.: X-S =     1.581255 mb/sr,
+                                         /R =   6.5047E+02
    75.00 deg.: X-S =     1.388139 mb/sr,
+                                         /R =   5.9786E+02
    76.00 deg.: X-S =     1.223438 mb/sr,
+                                         /R =   5.5122E+02
    77.00 deg.: X-S =     1.084099 mb/sr,
+                                         /R =   5.1056E+02
    78.00 deg.: X-S =     0.967139 mb/sr,
+                                         /R =   4.7572E+02
    79.00 deg.: X-S =     0.869696 mb/sr,
+                                         /R =   4.4646E+02
    80.00 deg.: X-S =     0.789070 mb/sr,
+                                         /R =   4.2244E+02
    81.00 deg.: X-S =     0.722746 mb/sr,
+                                         /R =   4.0322E+02
    82.00 deg.: X-S =     0.668420 mb/sr,
+                                         /R =   3.8833E+02
    83.00 deg.: X-S =     0.624004 mb/sr,
+                                         /R =   3.7724E+02
    84.00 deg.: X-S =     0.587635 mb/sr,
+                                         /R =   3.6943E+02
    85.00 deg.: X-S =     0.557672 mb/sr,
+                                         /R =   3.6432E+02
    86.00 deg.: X-S =     0.532687 mb/sr,
+                                         /R =   3.6139E+02
    87.00 deg.: X-S =     0.511460 mb/sr,
+                                         /R =   3.6011E+02
    88.00 deg.: X-S =     0.492964 mb/sr,
+                                         /R =   3.5998E+02
    89.00 deg.: X-S =     0.476351 mb/sr,
+                                         /R =   3.6054E+02
    90.00 deg.: X-S =     0.460938 mb/sr,
+                                         /R =   3.6138E+02
    91.00 deg.: X-S =     0.446186 mb/sr,
+                                         /R =   3.6213E+02
    92.00 deg.: X-S =     0.431688 mb/sr,
+                                         /R =   3.6248E+02
    93.00 deg.: X-S =     0.417147 mb/sr,
+                                         /R =   3.6217E+02
    94.00 deg.: X-S =     0.402365 mb/sr,
+                                         /R =   3.6100E+02
    95.00 deg.: X-S =     0.387222 mb/sr,
+                                         /R =   3.5881E+02
    96.00 deg.: X-S =     0.371664 mb/sr,
+                                         /R =   3.5548E+02
    97.00 deg.: X-S =     0.355688 mb/sr,
+                                         /R =   3.5097E+02
    98.00 deg.: X-S =     0.339332 mb/sr,
+                                         /R =   3.4524E+02
    99.00 deg.: X-S =     0.322661 mb/sr,
+                                         /R =   3.3830E+02
   100.00 deg.: X-S =     0.305762 mb/sr,
+                                         /R =   3.3020E+02
   101.00 deg.: X-S =     0.288733 mb/sr,
+                                         /R =   3.2099E+02
   102.00 deg.: X-S =     0.271680 mb/sr,
+                                         /R =   3.1077E+02
   103.00 deg.: X-S =     0.254710 mb/sr,
+                                         /R =   2.9964E+02
   104.00 deg.: X-S =     0.237927 mb/sr,
+                                         /R =   2.8771E+02
   105.00 deg.: X-S =     0.221433 mb/sr,
+                                         /R =   2.7510E+02
   106.00 deg.: X-S =     0.205324 mb/sr,
+                                         /R =   2.6195E+02
   107.00 deg.: X-S =     0.189686 mb/sr,
+                                         /R =   2.4839E+02
   108.00 deg.: X-S =     0.174600 mb/sr,
+                                         /R =   2.3456E+02
   109.00 deg.: X-S =     0.160137 mb/sr,
+                                         /R =   2.2060E+02
   110.00 deg.: X-S =     0.146359 mb/sr,
+                                         /R =   2.0666E+02
   111.00 deg.: X-S =     0.133320 mb/sr,
+                                         /R =   1.9286E+02
   112.00 deg.: X-S =     0.121061 mb/sr,
+                                         /R =   1.7934E+02
   113.00 deg.: X-S =     0.109616 mb/sr,
+                                         /R =   1.6622E+02
   114.00 deg.: X-S =     0.099009 mb/sr,
+                                         /R =   1.5361E+02
   115.00 deg.: X-S =     0.089252 mb/sr,
+                                         /R =   1.4161E+02
   116.00 deg.: X-S =     0.080345 mb/sr,
+                                         /R =   1.3032E+02
   117.00 deg.: X-S =     0.072281 mb/sr,
+                                         /R =   1.1980E+02
   118.00 deg.: X-S =     0.065040 mb/sr,
+                                         /R =   1.1011E+02
   119.00 deg.: X-S =     0.058594 mb/sr,
+                                         /R =   1.0128E+02
   120.00 deg.: X-S =     0.052903 mb/sr,
+                                         /R =   9.3321E+01
   121.00 deg.: X-S =     0.047923 mb/sr,
+                                         /R =   8.6239E+01
   122.00 deg.: X-S =     0.043600 mb/sr,
+                                         /R =   8.0008E+01
   123.00 deg.: X-S =     0.039876 mb/sr,
+                                         /R =   7.4590E+01
   124.00 deg.: X-S =     0.036691 mb/sr,
+                                         /R =   6.9932E+01
   125.00 deg.: X-S =     0.033981 mb/sr,
+                                         /R =   6.5968E+01
   126.00 deg.: X-S =     0.031685 mb/sr,
+                                         /R =   6.2626E+01
   127.00 deg.: X-S =     0.029741 mb/sr,
+                                         /R =   5.9828E+01
   128.00 deg.: X-S =     0.028093 mb/sr,
+                                         /R =   5.7494E+01
   129.00 deg.: X-S =     0.026689 mb/sr,
+                                         /R =   5.5547E+01
   130.00 deg.: X-S =     0.025482 mb/sr,
+                                         /R =   5.3916E+01
   131.00 deg.: X-S =     0.024434 mb/sr,
+                                         /R =   5.2536E+01
   132.00 deg.: X-S =     0.023510 mb/sr,
+                                         /R =   5.1352E+01
   133.00 deg.: X-S =     0.022686 mb/sr,
+                                         /R =   5.0319E+01
   134.00 deg.: X-S =     0.021942 mb/sr,
+                                         /R =   4.9403E+01
   135.00 deg.: X-S =     0.021263 mb/sr,
+                                         /R =   4.8580E+01
   136.00 deg.: X-S =     0.020639 mb/sr,
+                                         /R =   4.7834E+01
   137.00 deg.: X-S =     0.020064 mb/sr,
+                                         /R =   4.7154E+01
   138.00 deg.: X-S =     0.019534 mb/sr,
+                                         /R =   4.6534E+01
   139.00 deg.: X-S =     0.019044 mb/sr,
+                                         /R =   4.5971E+01
   140.00 deg.: X-S =     0.018591 mb/sr,
+                                         /R =   4.5459E+01
   141.00 deg.: X-S =     0.018170 mb/sr,
+                                         /R =   4.4991E+01
   142.00 deg.: X-S =     0.017777 mb/sr,
+                                         /R =   4.4558E+01
   143.00 deg.: X-S =     0.017405 mb/sr,
+                                         /R =   4.4144E+01
   144.00 deg.: X-S =     0.017046 mb/sr,
+                                         /R =   4.3734E+01
   145.00 deg.: X-S =     0.016692 mb/sr,
+                                         /R =   4.3308E+01
   146.00 deg.: X-S =     0.016336 mb/sr,
+                                         /R =   4.2846E+01
   147.00 deg.: X-S =     0.015971 mb/sr,
+                                         /R =   4.2330E+01
   148.00 deg.: X-S =     0.015592 mb/sr,
+                                         /R =   4.1748E+01
   149.00 deg.: X-S =     0.015196 mb/sr,
+                                         /R =   4.1092E+01
   150.00 deg.: X-S =     0.014785 mb/sr,
+                                         /R =   4.0362E+01
   151.00 deg.: X-S =     0.014362 mb/sr,
+                                         /R =   3.9570E+01
   152.00 deg.: X-S =     0.013935 mb/sr,
+                                         /R =   3.8734E+01
   153.00 deg.: X-S =     0.013514 mb/sr,
+                                         /R =   3.7886E+01
   154.00 deg.: X-S =     0.013112 mb/sr,
+                                         /R =   3.7062E+01
   155.00 deg.: X-S =     0.012744 mb/sr,
+                                         /R =   3.6308E+01
   156.00 deg.: X-S =     0.012426 mb/sr,
+                                         /R =   3.5673E+01
   157.00 deg.: X-S =     0.012176 mb/sr,
+                                         /R =   3.5209E+01
   158.00 deg.: X-S =     0.012008 mb/sr,
+                                         /R =   3.4966E+01
   159.00 deg.: X-S =     0.011938 mb/sr,
+                                         /R =   3.4992E+01
   160.00 deg.: X-S =     0.011976 mb/sr,
+                                         /R =   3.5326E+01
   161.00 deg.: X-S =     0.012132 mb/sr,
+                                         /R =   3.6003E+01
   162.00 deg.: X-S =     0.012413 mb/sr,
+                                         /R =   3.7044E+01
   163.00 deg.: X-S =     0.012818 mb/sr,
+                                         /R =   3.8461E+01
   164.00 deg.: X-S =     0.013348 mb/sr,
+                                         /R =   4.0254E+01
   165.00 deg.: X-S =     0.013997 mb/sr,
+                                         /R =   4.2410E+01
   166.00 deg.: X-S =     0.014754 mb/sr,
+                                         /R =   4.4904E+01
   167.00 deg.: X-S =     0.015607 mb/sr,
+                                         /R =   4.7697E+01
   168.00 deg.: X-S =     0.016540 mb/sr,
+                                         /R =   5.0742E+01
   169.00 deg.: X-S =     0.017533 mb/sr,
+                                         /R =   5.3977E+01
   170.00 deg.: X-S =     0.018564 mb/sr,
+                                         /R =   5.7334E+01
   171.00 deg.: X-S =     0.019608 mb/sr,
+                                         /R =   6.0736E+01
   172.00 deg.: X-S =     0.020640 mb/sr,
+                                         /R =   6.4100E+01
   173.00 deg.: X-S =     0.021634 mb/sr,
+                                         /R =   6.7339E+01
   174.00 deg.: X-S =     0.022562 mb/sr,
+                                         /R =   7.0366E+01
   175.00 deg.: X-S =     0.023398 mb/sr,
+                                         /R =   7.3098E+01
   176.00 deg.: X-S =     0.024120 mb/sr,
+                                         /R =   7.5456E+01
   177.00 deg.: X-S =     0.024705 mb/sr,
+                                         /R =   7.7368E+01
   178.00 deg.: X-S =     0.025136 mb/sr,
+                                         /R =   7.8779E+01
   179.00 deg.: X-S =     0.025400 mb/sr,
+                                         /R =   7.9643E+01
   179.99 deg.: X-S =     0.025489 mb/sr,
+                                         /R =   7.9934E+01
                                           Integrated********** mb, over [   0.000, 180.000] at   255.0000 MeV 
 Finished all xsecs @    3.12500000E-02

  The following files have been created:
   3:local copy of User input.            6:standard output.                   
  13:total cross sections/state.         39:cross sections for each Ecm.       
  40:all cross sectns. for each Elab.    56:Fusion for each Jtotal.            

 PARAMETERS : MAXQRN   MFNL   MLOC  LMAX1 MCLIST
    ALLOWED :      1      4      4    170      6
    REQUIRED:      0      0      4     13      4


 ACCURACY ANALYSIS at   255.000 MeV :

  Elastic h*k = 0.060 so OK       compared with 0.200

   Real(S-el) > 0.01 first at J =       3.0
   Real(S-el) > 0.10 first at J =       3.0
   Real(S-el) > 0.50 first at J =       4.0
   Real(S-el) > 0.90 first at J =       6.0
   Real(S-el) > 0.99 first at J =       8.0
   R-turn =     8.27 fm    at J =      12.0

 Forward-angle excitation cut off below   0.157 deg by max JT =      12.0
                              and below   0.026 deg by max R.

 Total CPU  0 time =       0.03 seconds
