 FRESCO - FRES 3.4: Coupled Reaction Channels
 Assuming NAMELIST input.

 Test reaction with generated potential                                          

   0.040  50.000   0.500   0.000   0.000   0.000   0.000   0.000   0.000   0.000

 Centre-of-mass Range is   1252 * 0.0400 fm., Maximum at  50.00 fm., Interpolating NL forms every  0.52 fm.
 Non - locality width is      4 * 0.0400 fm., Maximum of   0.12 fm., Centred at  0.00 fm.
 2-Nucleon Separation of      0 * 0.5200 fm., Maximum of   0.00 fm., Minimum at  0.00 fm.
 Maximum single particle bins of 49.9200 fm.
               M,Mint =         1251        1249


 Range of total J is     0.0 <= J <=   150.0 (at least     0.0) and Absorbtion =>     0.1000 mb.
 Dry Run = F, CC set limits =  0  0, Relativistic kinematics =  , Both/Far/Near Analyses =  1                     

 Cross Sections (and up to T0 for 0=projectile) for Theta from   0.0 to 180.0 in steps of  1.0 degrees, DGAM=0,  Coordinates = 0 (Mads)

 Lower Radial Cutoff = maximum of -1.60*L*h &       0.0 fm.,  Lower Cutoff for Couplings =   0.0  fm.


 Iterate Couplings between   0 and   0 times, to  0.000 % if sooner.                                          
  Block solved exactly =   0 chs., with Pade = 0 & Isocen =  =0, NOSOL = F, initwf =  0
  NL quadrature with   18 Gaussian points, Calculate multipoles up to   156 from   0
  M-transfers for lp+lt greater than or equal to  6, Angular Integration Cutoff below  2.7778 %


 Trace switches are :  CHANS =  0, LISTCC =  0, TRENEG =  0, CDETR =  0, SMATS =  0, XSTABL =  0, NLPL =  0

                       WAVES =  0, LAMPL =  0, VEFF =  0, KFUS =  0, WDISK =  0, BPM =  0, MELFIL =  0

                       CDCC =  0, NFUS =  0

 Using unit mass = 1.000000 amu and 1/fine-structure constant = 137.03599 ( 1.000000 * true ) with hc = 197.32705 MeV.fm,
  thus 2*amu/hbar^2 = 0.0478450 = 1/20.9008 and Coulomb constant = 0.1574855 so e^2 = 1.43997, and nuclear magneton= 0.1261183

 Now pre-scan input and save to file 3



 *********** PARTITION NUMBER  1 ******************************************************************************************

   PROJ=t          MASS=  3.0000 Z=   1.0,        # STATES=    1T, TARG=p        MASS=  1.0000 Z=   1.0,     Q-VALUE =   0.0000 MEV.

     1:  J= 0.5+ (B# 1), E=  0.0000, K= 0.5              Potl#  1       J= 0.5+ (B# 1), E=  0.0000, K= 0.5    


 ************************************************************************************************************************************

 The following POTENTIALS are defined :

  KP#       TYPE      IT    SHAPE      at     V1        r1        a1        V2        r2        a2        A-in     A-used


                                            A#1       A#2        r0c       ac                                                h @ 1
    1    0=Coulomb       0=CHARGE (WS)  1     1.000     1.000    3.0528    0.0000    0.0000    0.0000     0.000     8.000   0.04000

    1    1=Volume        0=Woods-Saxon  2   70.0000    1.2500    0.6500   15.0000    1.2500    0.6500     0.000     8.000

    1    2=Surface       0=Woods-Saxon  3    0.0000    0.0000    0.0000    5.0000    1.3000    0.6500     0.000     8.000

    1    3=Projtl S.O.   0=Woods-Saxon  4    3.0000    1.0000    0.6500    0.0000    0.0000    0.0000     0.000     8.000

 Incoming partition  1 in excitation state # 1,   Laboratory Energy given for partition  1 Nucleus 1 in Excitation pair 1

0Lab. ENERGY ranges :

   from    230.000     to   0.00000     in     0 intervals
   from    0.00000     to   0.00000     in     0 intervals
   from    0.00000     to   0.00000     in     0 intervals

 Largest real,imaginary parts of any form factor at R=   49.60 are   2.90E-02  7.91E-31 MeV
 Finished all Couplings @    1.56250000E-02           4

 Symmetric Hamiltonian
1***********************************************************************************************************************************
************************************************************************************************************************************

        INCOMING t        ;    LABORATORY t        ENERGY =   230.00     MeV.

 ***********************************************************************************************************************************
 ***********************************************************************************************************************************


  NOTE: Coulomb excitation cut off below   0.014 deg by JTMAX, and below   0.029 deg by Rmax

 Allocate arrays for            2  channels, of which            1  need wfs.
 Allocate arrays for            2  channels, of which            2  need wfs.
 Reaction Xsec    11.0-/11 @ 1 =   0.144 , Out:   0.000#
 Reaction Xsec    11.0-/11 @ 2 =   0.144 , Out:   0.000#
 Reaction Xsec    12.0+/12 @ 1 =   0.058 , Out:   0.000#
 Reaction Xsec    12.0+/12 @ 2 =   0.058 , Out:   0.000#
 Finished all CC sets @    3.12500000E-02
0CUMULATIVE REACTION cross section                 =  474.87563  <L> =     3.95  <L**2> =     19.1
0CUMULATIVE outgoing cross sections in partition 1 :    0.00000
0Cumulative ABSORBTION by Imaginary Potentials     =  474.87563  <L> =     3.95  <L**2> =     19.1
   Fusion for specific t        M-states :  658.720656  658.720656
0CUMULATIVE OUTGOING cross section                 =    0.00000
 To convert to S-factors (MeV.mb = keV.b),  multiply by  6.4379E+01


 CROSS SECTIONS FOR OUTGOING t        & p        in state #   1 with spins & parities 0.5  + &  0.5  +;  0

     0.01 deg.: X-S =   6.7585E+12 mb/sr,
+                                         /R =   9.9998E-01
     1.00 deg.: X-S =   6.0035E+04 mb/sr,
+                                         /R =   8.8823E-01
     2.00 deg.: X-S =  3827.330401 mb/sr,
+                                         /R =   9.0588E-01
     3.00 deg.: X-S =  1679.706173 mb/sr,
+                                         /R =   2.0122E+00
     4.00 deg.: X-S =  1505.527391 mb/sr,
+                                         /R =   5.6979E+00
     5.00 deg.: X-S =  1501.333098 mb/sr,
+                                         /R =   1.3866E+01
     6.00 deg.: X-S =  1497.884023 mb/sr,
+                                         /R =   2.8670E+01
     7.00 deg.: X-S =  1476.757874 mb/sr,
+                                         /R =   5.2331E+01
     8.00 deg.: X-S =  1439.231715 mb/sr,
+                                         /R =   8.6940E+01
     9.00 deg.: X-S =  1388.802073 mb/sr,
+                                         /R =   1.3427E+02
    10.00 deg.: X-S =  1328.597559 mb/sr,
+                                         /R =   1.9558E+02
    11.00 deg.: X-S =  1261.153130 mb/sr,
+                                         /R =   2.7153E+02
    12.00 deg.: X-S =  1188.534476 mb/sr,
+                                         /R =   3.6199E+02
    13.00 deg.: X-S =  1112.467108 mb/sr,
+                                         /R =   4.6609E+02
    14.00 deg.: X-S =  1034.424393 mb/sr,
+                                         /R =   5.8214E+02
    15.00 deg.: X-S =   955.681259 mb/sr,
+                                         /R =   7.0771E+02
    16.00 deg.: X-S =   877.345468 mb/sr,
+                                         /R =   8.3974E+02
    17.00 deg.: X-S =   800.375568 mb/sr,
+                                         /R =   9.7466E+02
    18.00 deg.: X-S =   725.591497 mb/sr,
+                                         /R =   1.1086E+03
    19.00 deg.: X-S =   653.681599 mb/sr,
+                                         /R =   1.2375E+03
    20.00 deg.: X-S =   585.208300 mb/sr,
+                                         /R =   1.3575E+03
    21.00 deg.: X-S =   520.613778 mb/sr,
+                                         /R =   1.4649E+03
    22.00 deg.: X-S =   460.226336 mb/sr,
+                                         /R =   1.5564E+03
    23.00 deg.: X-S =   404.267773 mb/sr,
+                                         /R =   1.6295E+03
    24.00 deg.: X-S =   352.861835 mb/sr,
+                                         /R =   1.6822E+03
    25.00 deg.: X-S =   306.043610 mb/sr,
+                                         /R =   1.7135E+03
    26.00 deg.: X-S =   263.769676 mb/sr,
+                                         /R =   1.7232E+03
    27.00 deg.: X-S =   225.928734 mb/sr,
+                                         /R =   1.7118E+03
    28.00 deg.: X-S =   192.352440 mb/sr,
+                                         /R =   1.6809E+03
    29.00 deg.: X-S =   162.826161 mb/sr,
+                                         /R =   1.6326E+03
    30.00 deg.: X-S =   137.099402 mb/sr,
+                                         /R =   1.5695E+03
    31.00 deg.: X-S =   114.895669 mb/sr,
+                                         /R =   1.4950E+03
    32.00 deg.: X-S =    95.921590 mb/sr,
+                                         /R =   1.4126E+03
    33.00 deg.: X-S =    79.875158 mb/sr,
+                                         /R =   1.3260E+03
    34.00 deg.: X-S =    66.452997 mb/sr,
+                                         /R =   1.2388E+03
    35.00 deg.: X-S =    55.356590 mb/sr,
+                                         /R =   1.1548E+03
    36.00 deg.: X-S =    46.297476 mb/sr,
+                                         /R =   1.0771E+03
    37.00 deg.: X-S =    39.001415 mb/sr,
+                                         /R =   1.0086E+03
    38.00 deg.: X-S =    33.211578 mb/sr,
+                                         /R =   9.5194E+02
    39.00 deg.: X-S =    28.690836 mb/sr,
+                                         /R =   9.0882E+02
    40.00 deg.: X-S =    25.223224 mb/sr,
+                                         /R =   8.8056E+02
    41.00 deg.: X-S =    22.614686 mb/sr,
+                                         /R =   8.6785E+02
    42.00 deg.: X-S =    20.693198 mb/sr,
+                                         /R =   8.7075E+02
    43.00 deg.: X-S =    19.308367 mb/sr,
+                                         /R =   8.8879E+02
    44.00 deg.: X-S =    18.330619 mb/sr,
+                                         /R =   9.2094E+02
    45.00 deg.: X-S =    17.650045 mb/sr,
+                                         /R =   9.6573E+02
    46.00 deg.: X-S =    17.175025 mb/sr,
+                                         /R =   1.0213E+03
    47.00 deg.: X-S =    16.830676 mb/sr,
+                                         /R =   1.0856E+03
    48.00 deg.: X-S =    16.557202 mb/sr,
+                                         /R =   1.1561E+03
    49.00 deg.: X-S =    16.308215 mb/sr,
+                                         /R =   1.2305E+03
    50.00 deg.: X-S =    16.049054 mb/sr,
+                                         /R =   1.3062E+03
    51.00 deg.: X-S =    15.755155 mb/sr,
+                                         /R =   1.3807E+03
    52.00 deg.: X-S =    15.410499 mb/sr,
+                                         /R =   1.4519E+03
    53.00 deg.: X-S =    15.006150 mb/sr,
+                                         /R =   1.5175E+03
    54.00 deg.: X-S =    14.538922 mb/sr,
+                                         /R =   1.5757E+03
    55.00 deg.: X-S =    14.010157 mb/sr,
+                                         /R =   1.6249E+03
    56.00 deg.: X-S =    13.424641 mb/sr,
+                                         /R =   1.6638E+03
    57.00 deg.: X-S =    12.789649 mb/sr,
+                                         /R =   1.6915E+03
    58.00 deg.: X-S =    12.114118 mb/sr,
+                                         /R =   1.7074E+03
    59.00 deg.: X-S =    11.407950 mb/sr,
+                                         /R =   1.7113E+03
    60.00 deg.: X-S =    10.681425 mb/sr,
+                                         /R =   1.7032E+03
    61.00 deg.: X-S =     9.944734 mb/sr,
+                                         /R =   1.6835E+03
    62.00 deg.: X-S =     9.207605 mb/sr,
+                                         /R =   1.6529E+03
    63.00 deg.: X-S =     8.479025 mb/sr,
+                                         /R =   1.6123E+03
    64.00 deg.: X-S =     7.767043 mb/sr,
+                                         /R =   1.5626E+03
    65.00 deg.: X-S =     7.078641 mb/sr,
+                                         /R =   1.5051E+03
    66.00 deg.: X-S =     6.419666 mb/sr,
+                                         /R =   1.4411E+03
    67.00 deg.: X-S =     5.794816 mb/sr,
+                                         /R =   1.3720E+03
    68.00 deg.: X-S =     5.207661 mb/sr,
+                                         /R =   1.2991E+03
    69.00 deg.: X-S =     4.660700 mb/sr,
+                                         /R =   1.2238E+03
    70.00 deg.: X-S =     4.155441 mb/sr,
+                                         /R =   1.1475E+03
    71.00 deg.: X-S =     3.692499 mb/sr,
+                                         /R =   1.0712E+03
    72.00 deg.: X-S =     3.271702 mb/sr,
+                                         /R =   9.9632E+02
    73.00 deg.: X-S =     2.892200 mb/sr,
+                                         /R =   9.2370E+02
    74.00 deg.: X-S =     2.552584 mb/sr,
+                                         /R =   8.5425E+02
    75.00 deg.: X-S =     2.250991 mb/sr,
+                                         /R =   7.8870E+02
    76.00 deg.: X-S =     1.985207 mb/sr,
+                                         /R =   7.2765E+02
    77.00 deg.: X-S =     1.752767 mb/sr,
+                                         /R =   6.7154E+02
    78.00 deg.: X-S =     1.551038 mb/sr,
+                                         /R =   6.2067E+02
    79.00 deg.: X-S =     1.377295 mb/sr,
+                                         /R =   5.7520E+02
    80.00 deg.: X-S =     1.228791 mb/sr,
+                                         /R =   5.3518E+02
    81.00 deg.: X-S =     1.102811 mb/sr,
+                                         /R =   5.0053E+02
    82.00 deg.: X-S =     0.996717 mb/sr,
+                                         /R =   4.7108E+02
    83.00 deg.: X-S =     0.907989 mb/sr,
+                                         /R =   4.4657E+02
    84.00 deg.: X-S =     0.834250 mb/sr,
+                                         /R =   4.2667E+02
    85.00 deg.: X-S =     0.773288 mb/sr,
+                                         /R =   4.1099E+02
    86.00 deg.: X-S =     0.723074 mb/sr,
+                                         /R =   3.9909E+02
    87.00 deg.: X-S =     0.681763 mb/sr,
+                                         /R =   3.9051E+02
    88.00 deg.: X-S =     0.647705 mb/sr,
+                                         /R =   3.8478E+02
    89.00 deg.: X-S =     0.619437 mb/sr,
+                                         /R =   3.8141E+02
    90.00 deg.: X-S =     0.595683 mb/sr,
+                                         /R =   3.7993E+02
    91.00 deg.: X-S =     0.575343 mb/sr,
+                                         /R =   3.7988E+02
    92.00 deg.: X-S =     0.557485 mb/sr,
+                                         /R =   3.8082E+02
    93.00 deg.: X-S =     0.541331 mb/sr,
+                                         /R =   3.8235E+02
    94.00 deg.: X-S =     0.526246 mb/sr,
+                                         /R =   3.8411E+02
    95.00 deg.: X-S =     0.511722 mb/sr,
+                                         /R =   3.8575E+02
    96.00 deg.: X-S =     0.497365 mb/sr,
+                                         /R =   3.8701E+02
    97.00 deg.: X-S =     0.482882 mb/sr,
+                                         /R =   3.8763E+02
    98.00 deg.: X-S =     0.468068 mb/sr,
+                                         /R =   3.8742E+02
    99.00 deg.: X-S =     0.452787 mb/sr,
+                                         /R =   3.8621E+02
   100.00 deg.: X-S =     0.436971 mb/sr,
+                                         /R =   3.8390E+02
   101.00 deg.: X-S =     0.420598 mb/sr,
+                                         /R =   3.8040E+02
   102.00 deg.: X-S =     0.403690 mb/sr,
+                                         /R =   3.7567E+02
   103.00 deg.: X-S =     0.386301 mb/sr,
+                                         /R =   3.6970E+02
   104.00 deg.: X-S =     0.368508 mb/sr,
+                                         /R =   3.6252E+02
   105.00 deg.: X-S =     0.350408 mb/sr,
+                                         /R =   3.5415E+02
   106.00 deg.: X-S =     0.332110 mb/sr,
+                                         /R =   3.4469E+02
   107.00 deg.: X-S =     0.313732 mb/sr,
+                                         /R =   3.3421E+02
   108.00 deg.: X-S =     0.295392 mb/sr,
+                                         /R =   3.2283E+02
   109.00 deg.: X-S =     0.277211 mb/sr,
+                                         /R =   3.1067E+02
   110.00 deg.: X-S =     0.259306 mb/sr,
+                                         /R =   2.9787E+02
   111.00 deg.: X-S =     0.241790 mb/sr,
+                                         /R =   2.8455E+02
   112.00 deg.: X-S =     0.224766 mb/sr,
+                                         /R =   2.7088E+02
   113.00 deg.: X-S =     0.208329 mb/sr,
+                                         /R =   2.5700E+02
   114.00 deg.: X-S =     0.192562 mb/sr,
+                                         /R =   2.4305E+02
   115.00 deg.: X-S =     0.177536 mb/sr,
+                                         /R =   2.2917E+02
   116.00 deg.: X-S =     0.163309 mb/sr,
+                                         /R =   2.1550E+02
   117.00 deg.: X-S =     0.149925 mb/sr,
+                                         /R =   2.0216E+02
   118.00 deg.: X-S =     0.137414 mb/sr,
+                                         /R =   1.8925E+02
   119.00 deg.: X-S =     0.125790 mb/sr,
+                                         /R =   1.7688E+02
   120.00 deg.: X-S =     0.115056 mb/sr,
+                                         /R =   1.6511E+02
   121.00 deg.: X-S =     0.105199 mb/sr,
+                                         /R =   1.5401E+02
   122.00 deg.: X-S =     0.096197 mb/sr,
+                                         /R =   1.4361E+02
   123.00 deg.: X-S =     0.088015 mb/sr,
+                                         /R =   1.3394E+02
   124.00 deg.: X-S =     0.080611 mb/sr,
+                                         /R =   1.2499E+02
   125.00 deg.: X-S =     0.073937 mb/sr,
+                                         /R =   1.1677E+02
   126.00 deg.: X-S =     0.067936 mb/sr,
+                                         /R =   1.0924E+02
   127.00 deg.: X-S =     0.062553 mb/sr,
+                                         /R =   1.0237E+02
   128.00 deg.: X-S =     0.057730 mb/sr,
+                                         /R =   9.6115E+01
   129.00 deg.: X-S =     0.053409 mb/sr,
+                                         /R =   9.0431E+01
   130.00 deg.: X-S =     0.049537 mb/sr,
+                                         /R =   8.5267E+01
   131.00 deg.: X-S =     0.046062 mb/sr,
+                                         /R =   8.0573E+01
   132.00 deg.: X-S =     0.042941 mb/sr,
+                                         /R =   7.6303E+01
   133.00 deg.: X-S =     0.040131 mb/sr,
+                                         /R =   7.2415E+01
   134.00 deg.: X-S =     0.037601 mb/sr,
+                                         /R =   6.8874E+01
   135.00 deg.: X-S =     0.035321 mb/sr,
+                                         /R =   6.5651E+01
   136.00 deg.: X-S =     0.033267 mb/sr,
+                                         /R =   6.2724E+01
   137.00 deg.: X-S =     0.031422 mb/sr,
+                                         /R =   6.0075E+01
   138.00 deg.: X-S =     0.029770 mb/sr,
+                                         /R =   5.7695E+01
   139.00 deg.: X-S =     0.028300 mb/sr,
+                                         /R =   5.5577E+01
   140.00 deg.: X-S =     0.027002 mb/sr,
+                                         /R =   5.3715E+01
   141.00 deg.: X-S =     0.025868 mb/sr,
+                                         /R =   5.2108E+01
   142.00 deg.: X-S =     0.024889 mb/sr,
+                                         /R =   5.0751E+01
   143.00 deg.: X-S =     0.024059 mb/sr,
+                                         /R =   4.9642E+01
   144.00 deg.: X-S =     0.023368 mb/sr,
+                                         /R =   4.8775E+01
   145.00 deg.: X-S =     0.022809 mb/sr,
+                                         /R =   4.8144E+01
   146.00 deg.: X-S =     0.022375 mb/sr,
+                                         /R =   4.7742E+01
   147.00 deg.: X-S =     0.022057 mb/sr,
+                                         /R =   4.7560E+01
   148.00 deg.: X-S =     0.021848 mb/sr,
+                                         /R =   4.7591E+01
   149.00 deg.: X-S =     0.021742 mb/sr,
+                                         /R =   4.7829E+01
   150.00 deg.: X-S =     0.021735 mb/sr,
+                                         /R =   4.8272E+01
   151.00 deg.: X-S =     0.021825 mb/sr,
+                                         /R =   4.8919E+01
   152.00 deg.: X-S =     0.022011 mb/sr,
+                                         /R =   4.9776E+01
   153.00 deg.: X-S =     0.022296 mb/sr,
+                                         /R =   5.0852E+01
   154.00 deg.: X-S =     0.022684 mb/sr,
+                                         /R =   5.2163E+01
   155.00 deg.: X-S =     0.023180 mb/sr,
+                                         /R =   5.3727E+01
   156.00 deg.: X-S =     0.023793 mb/sr,
+                                         /R =   5.5568E+01
   157.00 deg.: X-S =     0.024532 mb/sr,
+                                         /R =   5.7711E+01
   158.00 deg.: X-S =     0.025405 mb/sr,
+                                         /R =   6.0180E+01
   159.00 deg.: X-S =     0.026419 mb/sr,
+                                         /R =   6.2999E+01
   160.00 deg.: X-S =     0.027583 mb/sr,
+                                         /R =   6.6190E+01
   161.00 deg.: X-S =     0.028899 mb/sr,
+                                         /R =   6.9765E+01
   162.00 deg.: X-S =     0.030369 mb/sr,
+                                         /R =   7.3733E+01
   163.00 deg.: X-S =     0.031990 mb/sr,
+                                         /R =   7.8088E+01
   164.00 deg.: X-S =     0.033756 mb/sr,
+                                         /R =   8.2815E+01
   165.00 deg.: X-S =     0.035654 mb/sr,
+                                         /R =   8.7888E+01
   166.00 deg.: X-S =     0.037667 mb/sr,
+                                         /R =   9.3264E+01
   167.00 deg.: X-S =     0.039773 mb/sr,
+                                         /R =   9.8887E+01
   168.00 deg.: X-S =     0.041946 mb/sr,
+                                         /R =   1.0469E+02
   169.00 deg.: X-S =     0.044153 mb/sr,
+                                         /R =   1.1059E+02
   170.00 deg.: X-S =     0.046360 mb/sr,
+                                         /R =   1.1649E+02
   171.00 deg.: X-S =     0.048528 mb/sr,
+                                         /R =   1.2229E+02
   172.00 deg.: X-S =     0.050616 mb/sr,
+                                         /R =   1.2788E+02
   173.00 deg.: X-S =     0.052583 mb/sr,
+                                         /R =   1.3316E+02
   174.00 deg.: X-S =     0.054389 mb/sr,
+                                         /R =   1.3800E+02
   175.00 deg.: X-S =     0.055993 mb/sr,
+                                         /R =   1.4231E+02
   176.00 deg.: X-S =     0.057361 mb/sr,
+                                         /R =   1.4599E+02
   177.00 deg.: X-S =     0.058460 mb/sr,
+                                         /R =   1.4894E+02
   178.00 deg.: X-S =     0.059264 mb/sr,
+                                         /R =   1.5110E+02
   179.00 deg.: X-S =     0.059754 mb/sr,
+                                         /R =   1.5242E+02
   179.99 deg.: X-S =     0.059919 mb/sr,
+                                         /R =   1.5287E+02
                                           Integrated********** mb, over [   0.000, 180.000] at   230.0000 MeV 
 Finished all xsecs @    4.68750000E-02

  The following files have been created:
   3:local copy of User input.            6:standard output.                   
  13:total cross sections/state.         39:cross sections for each Ecm.       
  40:all cross sectns. for each Elab.    56:Fusion for each Jtotal.            

 PARAMETERS : MAXQRN   MFNL   MLOC  LMAX1 MCLIST
    ALLOWED :      1      4      4    170      6
    REQUIRED:      0      0      4     13      4


 ACCURACY ANALYSIS at   230.000 MeV :

  Elastic h*k = 0.057 so OK       compared with 0.200

   Real(S-el) > 0.01 first at J =       3.0
   Real(S-el) > 0.10 first at J =       3.0
   Real(S-el) > 0.50 first at J =       4.0
   Real(S-el) > 0.90 first at J =       6.0
   Real(S-el) > 0.99 first at J =       8.0
   R-turn =     8.71 fm    at J =      12.0

 Forward-angle excitation cut off below   0.165 deg by max JT =      12.0
                              and below   0.029 deg by max R.

 Total CPU  0 time =       0.05 seconds
