 FRESCO - FRES 3.4: Coupled Reaction Channels
 Assuming NAMELIST input.

 Test reaction with generated potential                                          

   0.040  50.000   0.500   0.000   0.000   0.000   0.000   0.000   0.000   0.000

 Centre-of-mass Range is   1252 * 0.0400 fm., Maximum at  50.00 fm., Interpolating NL forms every  0.52 fm.
 Non - locality width is      4 * 0.0400 fm., Maximum of   0.12 fm., Centred at  0.00 fm.
 2-Nucleon Separation of      0 * 0.5200 fm., Maximum of   0.00 fm., Minimum at  0.00 fm.
 Maximum single particle bins of 49.9200 fm.
               M,Mint =         1251        1249


 Range of total J is     0.0 <= J <=   150.0 (at least     0.0) and Absorbtion =>     0.1000 mb.
 Dry Run = F, CC set limits =  0  0, Relativistic kinematics =  , Both/Far/Near Analyses =  1                     

 Cross Sections (and up to T0 for 0=projectile) for Theta from   0.0 to 180.0 in steps of  1.0 degrees, DGAM=0,  Coordinates = 0 (Mads)

 Lower Radial Cutoff = maximum of -1.60*L*h &       0.0 fm.,  Lower Cutoff for Couplings =   0.0  fm.


 Iterate Couplings between   0 and   0 times, to  0.000 % if sooner.                                          
  Block solved exactly =   0 chs., with Pade = 0 & Isocen =  =0, NOSOL = F, initwf =  0
  NL quadrature with   18 Gaussian points, Calculate multipoles up to   156 from   0
  M-transfers for lp+lt greater than or equal to  6, Angular Integration Cutoff below  2.7778 %


 Trace switches are :  CHANS =  0, LISTCC =  0, TRENEG =  0, CDETR =  0, SMATS =  0, XSTABL =  0, NLPL =  0

                       WAVES =  0, LAMPL =  0, VEFF =  0, KFUS =  0, WDISK =  0, BPM =  0, MELFIL =  0

                       CDCC =  0, NFUS =  0

 Using unit mass = 1.000000 amu and 1/fine-structure constant = 137.03599 ( 1.000000 * true ) with hc = 197.32705 MeV.fm,
  thus 2*amu/hbar^2 = 0.0478450 = 1/20.9008 and Coulomb constant = 0.1574855 so e^2 = 1.43997, and nuclear magneton= 0.1261183

 Now pre-scan input and save to file 3



 *********** PARTITION NUMBER  1 ******************************************************************************************

   PROJ=d          MASS=  2.0000 Z=   1.0,        # STATES=    1T, TARG=p        MASS=  1.0000 Z=   1.0,     Q-VALUE =   0.0000 MEV.

     1:  J= 1.0+ (B# 1), E=  0.0000, K= 0.0              Potl#  1       J= 0.5+ (B# 1), E=  0.0000, K= 0.5    


 ************************************************************************************************************************************

 The following POTENTIALS are defined :

  KP#       TYPE      IT    SHAPE      at     V1        r1        a1        V2        r2        a2        A-in     A-used


                                            A#1       A#2        r0c       ac                                                h @ 1
    1    0=Coulomb       0=CHARGE (WS)  1     1.000     1.000    2.8249    0.0000    0.0000    0.0000     0.000     8.000   0.04000

    1    1=Volume        0=Woods-Saxon  2   70.0000    1.2500    0.6500   15.0000    1.2500    0.6500     0.000     8.000

    1    2=Surface       0=Woods-Saxon  3    0.0000    0.0000    0.0000    5.0000    1.3000    0.6500     0.000     8.000

    1    3=Projtl S.O.   0=Woods-Saxon  4    3.0000    1.0000    0.6500    0.0000    0.0000    0.0000     0.000     8.000

 Incoming partition  1 in excitation state # 1,   Laboratory Energy given for partition  1 Nucleus 1 in Excitation pair 1

0Lab. ENERGY ranges :

   from    95.0000     to   0.00000     in     0 intervals
   from    0.00000     to   0.00000     in     0 intervals
   from    0.00000     to   0.00000     in     0 intervals

 Largest real,imaginary parts of any form factor at R=   49.60 are   2.90E-02  7.91E-31 MeV
 Finished all Couplings @    0.00000000               4

 Symmetric Hamiltonian
1***********************************************************************************************************************************
************************************************************************************************************************************

        INCOMING d        ;    LABORATORY d        ENERGY =   95.000     MeV.

 ***********************************************************************************************************************************
 ***********************************************************************************************************************************


  NOTE: Coulomb excitation cut off below   0.017 deg by JTMAX, and below   0.052 deg by Rmax

 Allocate arrays for            3  channels, of which            2  need wfs.
 Allocate arrays for            3  channels, of which            3  need wfs.
 Reaction Xsec     8.5+/ 8 @ 1 =   0.140 , Out:   0.000#
 Reaction Xsec     8.5+/ 8 @ 2 =   0.140 , Out:   0.000#
 Reaction Xsec     8.5+/10 @ 3 =   9.148/, Out:   0.000#
 Reaction Xsec     8.5-/ 7 @ 1 =   0.549 , Out:   0.000#
 Reaction Xsec     8.5-/ 9 @ 2 =   0.036 , Out:   0.000#
 Reaction Xsec     8.5-/ 9 @ 3 =   0.036 , Out:   0.000#
 Finished all CC sets @    1.56250000E-02
0CUMULATIVE REACTION cross section                 =  580.01363  <L> =     3.07  <L**2> =     11.6
0CUMULATIVE outgoing cross sections in partition 1 :    0.00000
0Cumulative ABSORBTION by Imaginary Potentials     =  580.01363  <L> =     3.07  <L**2> =     11.6
   Fusion for specific d        M-states :  552.674049  579.985236  552.674049
0CUMULATIVE OUTGOING cross section                 =    0.00000
 To convert to S-factors (MeV.mb = keV.b),  multiply by  3.6556E+01


 CROSS SECTIONS FOR OUTGOING d        & p        in state #   1 with spins & parities 1.0  + &  0.5  +;  0

     0.01 deg.: X-S =   2.2284E+13 mb/sr,
+                                         /R =   9.9999E-01
     1.00 deg.: X-S =   2.1370E+05 mb/sr,
+                                         /R =   9.5892E-01
     2.00 deg.: X-S =   1.2700E+04 mb/sr,
+                                         /R =   9.1166E-01
     3.00 deg.: X-S =  2869.146538 mb/sr,
+                                         /R =   1.0424E+00
     4.00 deg.: X-S =  1427.170303 mb/sr,
+                                         /R =   1.6382E+00
     5.00 deg.: X-S =  1099.006160 mb/sr,
+                                         /R =   3.0785E+00
     6.00 deg.: X-S =  1002.261649 mb/sr,
+                                         /R =   5.8184E+00
     7.00 deg.: X-S =   964.621533 mb/sr,
+                                         /R =   1.0368E+01
     8.00 deg.: X-S =   942.421623 mb/sr,
+                                         /R =   1.7266E+01
     9.00 deg.: X-S =   922.853378 mb/sr,
+                                         /R =   2.7060E+01
    10.00 deg.: X-S =   901.953068 mb/sr,
+                                         /R =   4.0271E+01
    11.00 deg.: X-S =   878.603873 mb/sr,
+                                         /R =   5.7373E+01
    12.00 deg.: X-S =   852.670611 mb/sr,
+                                         /R =   7.8766E+01
    13.00 deg.: X-S =   824.363749 mb/sr,
+                                         /R =   1.0475E+02
    14.00 deg.: X-S =   794.008844 mb/sr,
+                                         /R =   1.3553E+02
    15.00 deg.: X-S =   761.960075 mb/sr,
+                                         /R =   1.7114E+02
    16.00 deg.: X-S =   728.567595 mb/sr,
+                                         /R =   2.1150E+02
    17.00 deg.: X-S =   694.165555 mb/sr,
+                                         /R =   2.5638E+02
    18.00 deg.: X-S =   659.068065 mb/sr,
+                                         /R =   3.0541E+02
    19.00 deg.: X-S =   623.568077 mb/sr,
+                                         /R =   3.5805E+02
    20.00 deg.: X-S =   587.937238 mb/sr,
+                                         /R =   4.1365E+02
    21.00 deg.: X-S =   552.425990 mb/sr,
+                                         /R =   4.7144E+02
    22.00 deg.: X-S =   517.263660 mb/sr,
+                                         /R =   5.3055E+02
    23.00 deg.: X-S =   482.658518 mb/sr,
+                                         /R =   5.9004E+02
    24.00 deg.: X-S =   448.797823 mb/sr,
+                                         /R =   6.4891E+02
    25.00 deg.: X-S =   415.847903 mb/sr,
+                                         /R =   7.0616E+02
    26.00 deg.: X-S =   383.954318 mb/sr,
+                                         /R =   7.6077E+02
    27.00 deg.: X-S =   353.242132 mb/sr,
+                                         /R =   8.1177E+02
    28.00 deg.: X-S =   323.816324 mb/sr,
+                                         /R =   8.5826E+02
    29.00 deg.: X-S =   295.762337 mb/sr,
+                                         /R =   8.9942E+02
    30.00 deg.: X-S =   269.146783 mb/sr,
+                                         /R =   9.3453E+02
    31.00 deg.: X-S =   244.018288 mb/sr,
+                                         /R =   9.6303E+02
    32.00 deg.: X-S =   220.408459 mb/sr,
+                                         /R =   9.8447E+02
    33.00 deg.: X-S =   198.332983 mb/sr,
+                                         /R =   9.9858E+02
    34.00 deg.: X-S =   177.792808 mb/sr,
+                                         /R =   1.0053E+03
    35.00 deg.: X-S =   158.775406 mb/sr,
+                                         /R =   1.0045E+03
    36.00 deg.: X-S =   141.256093 mb/sr,
+                                         /R =   9.9668E+02
    37.00 deg.: X-S =   125.199379 mb/sr,
+                                         /R =   9.8204E+02
    38.00 deg.: X-S =   110.560333 mb/sr,
+                                         /R =   9.6114E+02
    39.00 deg.: X-S =    97.285939 mb/sr,
+                                         /R =   9.3466E+02
    40.00 deg.: X-S =    85.316426 mb/sr,
+                                         /R =   9.0336E+02
    41.00 deg.: X-S =    74.586562 mb/sr,
+                                         /R =   8.6813E+02
    42.00 deg.: X-S =    65.026881 mb/sr,
+                                         /R =   8.2991E+02
    43.00 deg.: X-S =    56.564851 mb/sr,
+                                         /R =   7.8971E+02
    44.00 deg.: X-S =    49.125962 mb/sr,
+                                         /R =   7.4857E+02
    45.00 deg.: X-S =    42.634721 mb/sr,
+                                         /R =   7.0753E+02
    46.00 deg.: X-S =    37.015566 mb/sr,
+                                         /R =   6.6760E+02
    47.00 deg.: X-S =    32.193678 mb/sr,
+                                         /R =   6.2978E+02
    48.00 deg.: X-S =    28.095697 mb/sr,
+                                         /R =   5.9500E+02
    49.00 deg.: X-S =    24.650346 mb/sr,
+                                         /R =   5.6409E+02
    50.00 deg.: X-S =    21.788960 mb/sr,
+                                         /R =   5.3784E+02
    51.00 deg.: X-S =    19.445919 mb/sr,
+                                         /R =   5.1688E+02
    52.00 deg.: X-S =    17.559003 mb/sr,
+                                         /R =   5.0175E+02
    53.00 deg.: X-S =    16.069658 mb/sr,
+                                         /R =   4.9288E+02
    54.00 deg.: X-S =    14.923187 mb/sr,
+                                         /R =   4.9053E+02
    55.00 deg.: X-S =    14.068880 mb/sr,
+                                         /R =   4.9488E+02
    56.00 deg.: X-S =    13.460070 mb/sr,
+                                         /R =   5.0595E+02
    57.00 deg.: X-S =    13.054140 mb/sr,
+                                         /R =   5.2363E+02
    58.00 deg.: X-S =    12.812481 mb/sr,
+                                         /R =   5.4770E+02
    59.00 deg.: X-S =    12.700403 mb/sr,
+                                         /R =   5.7782E+02
    60.00 deg.: X-S =    12.687016 mb/sr,
+                                         /R =   6.1356E+02
    61.00 deg.: X-S =    12.745075 mb/sr,
+                                         /R =   6.5439E+02
    62.00 deg.: X-S =    12.850807 mb/sr,
+                                         /R =   6.9969E+02
    63.00 deg.: X-S =    12.983714 mb/sr,
+                                         /R =   7.4879E+02
    64.00 deg.: X-S =    13.126365 mb/sr,
+                                         /R =   8.0095E+02
    65.00 deg.: X-S =    13.264179 mb/sr,
+                                         /R =   8.5540E+02
    66.00 deg.: X-S =    13.385199 mb/sr,
+                                         /R =   9.1134E+02
    67.00 deg.: X-S =    13.479870 mb/sr,
+                                         /R =   9.6798E+02
    68.00 deg.: X-S =    13.540810 mb/sr,
+                                         /R =   1.0245E+03
    69.00 deg.: X-S =    13.562594 mb/sr,
+                                         /R =   1.0801E+03
    70.00 deg.: X-S =    13.541535 mb/sr,
+                                         /R =   1.1341E+03
    71.00 deg.: X-S =    13.475478 mb/sr,
+                                         /R =   1.1857E+03
    72.00 deg.: X-S =    13.363602 mb/sr,
+                                         /R =   1.2343E+03
    73.00 deg.: X-S =    13.206233 mb/sr,
+                                         /R =   1.2792E+03
    74.00 deg.: X-S =    13.004666 mb/sr,
+                                         /R =   1.3200E+03
    75.00 deg.: X-S =    12.761003 mb/sr,
+                                         /R =   1.3561E+03
    76.00 deg.: X-S =    12.477995 mb/sr,
+                                         /R =   1.3872E+03
    77.00 deg.: X-S =    12.158909 mb/sr,
+                                         /R =   1.4129E+03
    78.00 deg.: X-S =    11.807397 mb/sr,
+                                         /R =   1.4331E+03
    79.00 deg.: X-S =    11.427381 mb/sr,
+                                         /R =   1.4475E+03
    80.00 deg.: X-S =    11.022952 mb/sr,
+                                         /R =   1.4561E+03
    81.00 deg.: X-S =    10.598275 mb/sr,
+                                         /R =   1.4589E+03
    82.00 deg.: X-S =    10.157517 mb/sr,
+                                         /R =   1.4561E+03
    83.00 deg.: X-S =     9.704771 mb/sr,
+                                         /R =   1.4477E+03
    84.00 deg.: X-S =     9.244003 mb/sr,
+                                         /R =   1.4339E+03
    85.00 deg.: X-S =     8.778998 mb/sr,
+                                         /R =   1.4151E+03
    86.00 deg.: X-S =     8.313327 mb/sr,
+                                         /R =   1.3916E+03
    87.00 deg.: X-S =     7.850310 mb/sr,
+                                         /R =   1.3638E+03
    88.00 deg.: X-S =     7.392998 mb/sr,
+                                         /R =   1.3321E+03
    89.00 deg.: X-S =     6.944150 mb/sr,
+                                         /R =   1.2968E+03
    90.00 deg.: X-S =     6.506229 mb/sr,
+                                         /R =   1.2586E+03
    91.00 deg.: X-S =     6.081394 mb/sr,
+                                         /R =   1.2178E+03
    92.00 deg.: X-S =     5.671500 mb/sr,
+                                         /R =   1.1750E+03
    93.00 deg.: X-S =     5.278106 mb/sr,
+                                         /R =   1.1307E+03
    94.00 deg.: X-S =     4.902479 mb/sr,
+                                         /R =   1.0853E+03
    95.00 deg.: X-S =     4.545609 mb/sr,
+                                         /R =   1.0393E+03
    96.00 deg.: X-S =     4.208220 mb/sr,
+                                         /R =   9.9315E+02
    97.00 deg.: X-S =     3.890790 mb/sr,
+                                         /R =   9.4729E+02
    98.00 deg.: X-S =     3.593564 mb/sr,
+                                         /R =   9.0212E+02
    99.00 deg.: X-S =     3.316577 mb/sr,
+                                         /R =   8.5801E+02
   100.00 deg.: X-S =     3.059671 mb/sr,
+                                         /R =   8.1529E+02
   101.00 deg.: X-S =     2.822514 mb/sr,
+                                         /R =   7.7425E+02
   102.00 deg.: X-S =     2.604624 mb/sr,
+                                         /R =   7.3515E+02
   103.00 deg.: X-S =     2.405385 mb/sr,
+                                         /R =   6.9820E+02
   104.00 deg.: X-S =     2.224069 mb/sr,
+                                         /R =   6.6359E+02
   105.00 deg.: X-S =     2.059853 mb/sr,
+                                         /R =   6.3143E+02
   106.00 deg.: X-S =     1.911839 mb/sr,
+                                         /R =   6.0182E+02
   107.00 deg.: X-S =     1.779069 mb/sr,
+                                         /R =   5.7482E+02
   108.00 deg.: X-S =     1.660544 mb/sr,
+                                         /R =   5.5043E+02
   109.00 deg.: X-S =     1.555235 mb/sr,
+                                         /R =   5.2864E+02
   110.00 deg.: X-S =     1.462101 mb/sr,
+                                         /R =   5.0940E+02
   111.00 deg.: X-S =     1.380101 mb/sr,
+                                         /R =   4.9261E+02
   112.00 deg.: X-S =     1.308205 mb/sr,
+                                         /R =   4.7818E+02
   113.00 deg.: X-S =     1.245401 mb/sr,
+                                         /R =   4.6597E+02
   114.00 deg.: X-S =     1.190713 mb/sr,
+                                         /R =   4.5582E+02
   115.00 deg.: X-S =     1.143200 mb/sr,
+                                         /R =   4.4757E+02
   116.00 deg.: X-S =     1.101967 mb/sr,
+                                         /R =   4.4103E+02
   117.00 deg.: X-S =     1.066173 mb/sr,
+                                         /R =   4.3603E+02
   118.00 deg.: X-S =     1.035030 mb/sr,
+                                         /R =   4.3235E+02
   119.00 deg.: X-S =     1.007814 mb/sr,
+                                         /R =   4.2982E+02
   120.00 deg.: X-S =     0.983861 mb/sr,
+                                         /R =   4.2823E+02
   121.00 deg.: X-S =     0.962574 mb/sr,
+                                         /R =   4.2741E+02
   122.00 deg.: X-S =     0.943422 mb/sr,
+                                         /R =   4.2717E+02
   123.00 deg.: X-S =     0.925942 mb/sr,
+                                         /R =   4.2736E+02
   124.00 deg.: X-S =     0.909736 mb/sr,
+                                         /R =   4.2783E+02
   125.00 deg.: X-S =     0.894471 mb/sr,
+                                         /R =   4.2845E+02
   126.00 deg.: X-S =     0.879880 mb/sr,
+                                         /R =   4.2911E+02
   127.00 deg.: X-S =     0.865755 mb/sr,
+                                         /R =   4.2971E+02
   128.00 deg.: X-S =     0.851948 mb/sr,
+                                         /R =   4.3020E+02
   129.00 deg.: X-S =     0.838368 mb/sr,
+                                         /R =   4.3053E+02
   130.00 deg.: X-S =     0.824974 mb/sr,
+                                         /R =   4.3069E+02
   131.00 deg.: X-S =     0.811773 mb/sr,
+                                         /R =   4.3067E+02
   132.00 deg.: X-S =     0.798816 mb/sr,
+                                         /R =   4.3051E+02
   133.00 deg.: X-S =     0.786195 mb/sr,
+                                         /R =   4.3027E+02
   134.00 deg.: X-S =     0.774033 mb/sr,
+                                         /R =   4.3002E+02
   135.00 deg.: X-S =     0.762484 mb/sr,
+                                         /R =   4.2985E+02
   136.00 deg.: X-S =     0.751726 mb/sr,
+                                         /R =   4.2988E+02
   137.00 deg.: X-S =     0.741956 mb/sr,
+                                         /R =   4.3024E+02
   138.00 deg.: X-S =     0.733384 mb/sr,
+                                         /R =   4.3108E+02
   139.00 deg.: X-S =     0.726230 mb/sr,
+                                         /R =   4.3256E+02
   140.00 deg.: X-S =     0.720716 mb/sr,
+                                         /R =   4.3484E+02
   141.00 deg.: X-S =     0.717064 mb/sr,
+                                         /R =   4.3809E+02
   142.00 deg.: X-S =     0.715489 mb/sr,
+                                         /R =   4.4249E+02
   143.00 deg.: X-S =     0.716195 mb/sr,
+                                         /R =   4.4821E+02
   144.00 deg.: X-S =     0.719372 mb/sr,
+                                         /R =   4.5541E+02
   145.00 deg.: X-S =     0.725191 mb/sr,
+                                         /R =   4.6425E+02
   146.00 deg.: X-S =     0.733799 mb/sr,
+                                         /R =   4.7488E+02
   147.00 deg.: X-S =     0.745318 mb/sr,
+                                         /R =   4.8743E+02
   148.00 deg.: X-S =     0.759841 mb/sr,
+                                         /R =   5.0201E+02
   149.00 deg.: X-S =     0.777431 mb/sr,
+                                         /R =   5.1871E+02
   150.00 deg.: X-S =     0.798116 mb/sr,
+                                         /R =   5.3760E+02
   151.00 deg.: X-S =     0.821891 mb/sr,
+                                         /R =   5.5873E+02
   152.00 deg.: X-S =     0.848713 mb/sr,
+                                         /R =   5.8210E+02
   153.00 deg.: X-S =     0.878506 mb/sr,
+                                         /R =   6.0770E+02
   154.00 deg.: X-S =     0.911155 mb/sr,
+                                         /R =   6.3549E+02
   155.00 deg.: X-S =     0.946510 mb/sr,
+                                         /R =   6.6538E+02
   156.00 deg.: X-S =     0.984387 mb/sr,
+                                         /R =   6.9728E+02
   157.00 deg.: X-S =     1.024567 mb/sr,
+                                         /R =   7.3102E+02
   158.00 deg.: X-S =     1.066801 mb/sr,
+                                         /R =   7.6646E+02
   159.00 deg.: X-S =     1.110810 mb/sr,
+                                         /R =   8.0339E+02
   160.00 deg.: X-S =     1.156286 mb/sr,
+                                         /R =   8.4157E+02
   161.00 deg.: X-S =     1.202901 mb/sr,
+                                         /R =   8.8077E+02
   162.00 deg.: X-S =     1.250305 mb/sr,
+                                         /R =   9.2070E+02
   163.00 deg.: X-S =     1.298131 mb/sr,
+                                         /R =   9.6106E+02
   164.00 deg.: X-S =     1.345999 mb/sr,
+                                         /R =   1.0016E+03
   165.00 deg.: X-S =     1.393520 mb/sr,
+                                         /R =   1.0419E+03
   166.00 deg.: X-S =     1.440302 mb/sr,
+                                         /R =   1.0816E+03
   167.00 deg.: X-S =     1.485950 mb/sr,
+                                         /R =   1.1205E+03
   168.00 deg.: X-S =     1.530075 mb/sr,
+                                         /R =   1.1582E+03
   169.00 deg.: X-S =     1.572295 mb/sr,
+                                         /R =   1.1944E+03
   170.00 deg.: X-S =     1.612242 mb/sr,
+                                         /R =   1.2286E+03
   171.00 deg.: X-S =     1.649561 mb/sr,
+                                         /R =   1.2607E+03
   172.00 deg.: X-S =     1.683922 mb/sr,
+                                         /R =   1.2903E+03
   173.00 deg.: X-S =     1.715016 mb/sr,
+                                         /R =   1.3172E+03
   174.00 deg.: X-S =     1.742562 mb/sr,
+                                         /R =   1.3410E+03
   175.00 deg.: X-S =     1.766311 mb/sr,
+                                         /R =   1.3616E+03
   176.00 deg.: X-S =     1.786046 mb/sr,
+                                         /R =   1.3787E+03
   177.00 deg.: X-S =     1.801586 mb/sr,
+                                         /R =   1.3921E+03
   178.00 deg.: X-S =     1.812789 mb/sr,
+                                         /R =   1.4019E+03
   179.00 deg.: X-S =     1.819553 mb/sr,
+                                         /R =   1.4077E+03
   179.99 deg.: X-S =     1.821814 mb/sr,
+                                         /R =   1.4097E+03
                                           Integrated********** mb, over [   0.000, 180.000] at    95.0000 MeV 
 Finished all xsecs @    4.68750000E-02

  The following files have been created:
   3:local copy of User input.            6:standard output.                   
  13:total cross sections/state.         39:cross sections for each Ecm.       
  40:all cross sectns. for each Elab.    56:Fusion for each Jtotal.            

 PARAMETERS : MAXQRN   MFNL   MLOC  LMAX1 MCLIST
    ALLOWED :      1      9      4    170      6
    REQUIRED:      0      0      4     11      4


 ACCURACY ANALYSIS at    95.000 MeV :

  Elastic h*k = 0.040 so OK       compared with 0.200

   Real(S-el) > 0.01 first at J =       1.5
   Real(S-el) > 0.10 first at J =       1.5
   Real(S-el) > 0.50 first at J =       2.5
   Real(S-el) > 0.90 first at J =       3.5
   Real(S-el) > 0.99 first at J =       5.5
   R-turn =     8.47 fm    at J =       8.5

 Forward-angle excitation cut off below   0.291 deg by max JT =       8.5
                              and below   0.052 deg by max R.

 Total CPU  0 time =       0.05 seconds
