 FRESCO - FRES 3.4: Coupled Reaction Channels
 Assuming NAMELIST input.

 Test reaction with generated potential                                          

   0.040  50.000   0.500   0.000   0.000   0.000   0.000   0.000   0.000   0.000

 Centre-of-mass Range is   1252 * 0.0400 fm., Maximum at  50.00 fm., Interpolating NL forms every  0.52 fm.
 Non - locality width is      4 * 0.0400 fm., Maximum of   0.12 fm., Centred at  0.00 fm.
 2-Nucleon Separation of      0 * 0.5200 fm., Maximum of   0.00 fm., Minimum at  0.00 fm.
 Maximum single particle bins of 49.9200 fm.
               M,Mint =         1251        1249


 Range of total J is     0.0 <= J <=   150.0 (at least     0.0) and Absorbtion =>     0.1000 mb.
 Dry Run = F, CC set limits =  0  0, Relativistic kinematics =  , Both/Far/Near Analyses =  1                     

 Cross Sections (and up to T0 for 0=projectile) for Theta from   0.0 to 180.0 in steps of  1.0 degrees, DGAM=0,  Coordinates = 0 (Mads)

 Lower Radial Cutoff = maximum of -1.60*L*h &       0.0 fm.,  Lower Cutoff for Couplings =   0.0  fm.


 Iterate Couplings between   0 and   0 times, to  0.000 % if sooner.                                          
  Block solved exactly =   0 chs., with Pade = 0 & Isocen =  =0, NOSOL = F, initwf =  0
  NL quadrature with   18 Gaussian points, Calculate multipoles up to   156 from   0
  M-transfers for lp+lt greater than or equal to  6, Angular Integration Cutoff below  2.7778 %


 Trace switches are :  CHANS =  0, LISTCC =  0, TRENEG =  0, CDETR =  0, SMATS =  0, XSTABL =  0, NLPL =  0

                       WAVES =  0, LAMPL =  0, VEFF =  0, KFUS =  0, WDISK =  0, BPM =  0, MELFIL =  0

                       CDCC =  0, NFUS =  0

 Using unit mass = 1.000000 amu and 1/fine-structure constant = 137.03599 ( 1.000000 * true ) with hc = 197.32705 MeV.fm,
  thus 2*amu/hbar^2 = 0.0478450 = 1/20.9008 and Coulomb constant = 0.1574855 so e^2 = 1.43997, and nuclear magneton= 0.1261183

 Now pre-scan input and save to file 3



 *********** PARTITION NUMBER  1 ******************************************************************************************

   PROJ=d          MASS=  2.0000 Z=   1.0,        # STATES=    1T, TARG=p        MASS=  1.0000 Z=   1.0,     Q-VALUE =   0.0000 MEV.

     1:  J= 1.0+ (B# 1), E=  0.0000, K= 0.0              Potl#  1       J= 0.5+ (B# 1), E=  0.0000, K= 0.5    


 ************************************************************************************************************************************

 The following POTENTIALS are defined :

  KP#       TYPE      IT    SHAPE      at     V1        r1        a1        V2        r2        a2        A-in     A-used


                                            A#1       A#2        r0c       ac                                                h @ 1
    1    0=Coulomb       0=CHARGE (WS)  1     1.000     1.000    2.8249    0.0000    0.0000    0.0000     0.000     8.000   0.04000

    1    1=Volume        0=Woods-Saxon  2   70.0000    1.2500    0.6500   15.0000    1.2500    0.6500     0.000     8.000

    1    2=Surface       0=Woods-Saxon  3    0.0000    0.0000    0.0000    5.0000    1.3000    0.6500     0.000     8.000

    1    3=Projtl S.O.   0=Woods-Saxon  4    3.0000    1.0000    0.6500    0.0000    0.0000    0.0000     0.000     8.000

 Incoming partition  1 in excitation state # 1,   Laboratory Energy given for partition  1 Nucleus 1 in Excitation pair 1

0Lab. ENERGY ranges :

   from    245.000     to   0.00000     in     0 intervals
   from    0.00000     to   0.00000     in     0 intervals
   from    0.00000     to   0.00000     in     0 intervals

 Largest real,imaginary parts of any form factor at R=   49.60 are   2.90E-02  7.91E-31 MeV
 Finished all Couplings @    0.00000000               4

 Symmetric Hamiltonian
1***********************************************************************************************************************************
************************************************************************************************************************************

        INCOMING d        ;    LABORATORY d        ENERGY =   245.00     MeV.

 ***********************************************************************************************************************************
 ***********************************************************************************************************************************


  NOTE: Coulomb excitation cut off below   0.011 deg by JTMAX, and below   0.020 deg by Rmax

 Allocate arrays for            3  channels, of which            2  need wfs.
 Allocate arrays for            3  channels, of which            3  need wfs.
 Reaction Xsec    10.5-/ 9 @ 1 =   1.105 , Out:   0.000#
 Reaction Xsec    10.5-/11 @ 2 =   0.189 , Out:   0.000#
 Reaction Xsec    10.5-/11 @ 3 =   0.190 , Out:   0.000#
 Reaction Xsec    11.5+/10 @ 1 =   0.500 , Out:   0.000#
 Reaction Xsec    11.5+/12 @ 2 =   0.085 , Out:   0.000#
 Reaction Xsec    11.5+/12 @ 3 =   0.086 , Out:   0.000#
 Finished all CC sets @    1.56250000E-02
0CUMULATIVE REACTION cross section                 =  401.15695  <L> =     4.41  <L**2> =     23.8
0CUMULATIVE outgoing cross sections in partition 1 :    0.00000
0Cumulative ABSORBTION by Imaginary Potentials     =  401.15695  <L> =     4.41  <L**2> =     23.8
   Fusion for specific d        M-states :  536.214406  545.953328  536.214406
0CUMULATIVE OUTGOING cross section                 =    0.00000
 To convert to S-factors (MeV.mb = keV.b),  multiply by  8.9304E+01


 CROSS SECTIONS FOR OUTGOING d        & p        in state #   1 with spins & parities 1.0  + &  0.5  +;  0

     0.01 deg.: X-S =   3.3504E+12 mb/sr,
+                                         /R =   9.9997E-01
     1.00 deg.: X-S =   2.7362E+04 mb/sr,
+                                         /R =   8.1661E-01
     2.00 deg.: X-S =  2034.849016 mb/sr,
+                                         /R =   9.7154E-01
     3.00 deg.: X-S =  1421.919117 mb/sr,
+                                         /R =   3.4360E+00
     4.00 deg.: X-S =  1475.309763 mb/sr,
+                                         /R =   1.1263E+01
     5.00 deg.: X-S =  1518.885931 mb/sr,
+                                         /R =   2.8298E+01
     6.00 deg.: X-S =  1522.826368 mb/sr,
+                                         /R =   5.8797E+01
     7.00 deg.: X-S =  1496.961097 mb/sr,
+                                         /R =   1.0701E+02
     8.00 deg.: X-S =  1450.293301 mb/sr,
+                                         /R =   1.7673E+02
     9.00 deg.: X-S =  1388.986823 mb/sr,
+                                         /R =   2.7088E+02
    10.00 deg.: X-S =  1317.324973 mb/sr,
+                                         /R =   3.9119E+02
    11.00 deg.: X-S =  1238.471317 mb/sr,
+                                         /R =   5.3788E+02
    12.00 deg.: X-S =  1154.906349 mb/sr,
+                                         /R =   7.0956E+02
    13.00 deg.: X-S =  1068.663493 mb/sr,
+                                         /R =   9.0320E+02
    14.00 deg.: X-S =   981.454850 mb/sr,
+                                         /R =   1.1142E+03
    15.00 deg.: X-S =   894.738001 mb/sr,
+                                         /R =   1.3366E+03
    16.00 deg.: X-S =   809.751735 mb/sr,
+                                         /R =   1.5634E+03
    17.00 deg.: X-S =   727.535991 mb/sr,
+                                         /R =   1.7872E+03
    18.00 deg.: X-S =   648.944424 mb/sr,
+                                         /R =   2.0001E+03
    19.00 deg.: X-S =   574.654270 mb/sr,
+                                         /R =   2.1946E+03
    20.00 deg.: X-S =   505.176035 mb/sr,
+                                         /R =   2.3639E+03
    21.00 deg.: X-S =   440.864275 mb/sr,
+                                         /R =   2.5023E+03
    22.00 deg.: X-S =   381.929947 mb/sr,
+                                         /R =   2.6055E+03
    23.00 deg.: X-S =   328.454364 mb/sr,
+                                         /R =   2.6706E+03
    24.00 deg.: X-S =   280.404492 mb/sr,
+                                         /R =   2.6965E+03
    25.00 deg.: X-S =   237.649171 mb/sr,
+                                         /R =   2.6840E+03
    26.00 deg.: X-S =   199.975767 mb/sr,
+                                         /R =   2.6353E+03
    27.00 deg.: X-S =   167.106749 mb/sr,
+                                         /R =   2.5541E+03
    28.00 deg.: X-S =   138.715721 mb/sr,
+                                         /R =   2.4453E+03
    29.00 deg.: X-S =   114.442492 mb/sr,
+                                         /R =   2.3147E+03
    30.00 deg.: X-S =    93.906845 mb/sr,
+                                         /R =   2.1686E+03
    31.00 deg.: X-S =    76.720755 mb/sr,
+                                         /R =   2.0138E+03
    32.00 deg.: X-S =    62.498900 mb/sr,
+                                         /R =   1.8567E+03
    33.00 deg.: X-S =    50.867386 mb/sr,
+                                         /R =   1.7034E+03
    34.00 deg.: X-S =    41.470689 mb/sr,
+                                         /R =   1.5595E+03
    35.00 deg.: X-S =    33.976880 mb/sr,
+                                         /R =   1.4297E+03
    36.00 deg.: X-S =    28.081265 mb/sr,
+                                         /R =   1.3178E+03
    37.00 deg.: X-S =    23.508588 mb/sr,
+                                         /R =   1.2264E+03
    38.00 deg.: X-S =    20.013993 mb/sr,
+                                         /R =   1.1572E+03
    39.00 deg.: X-S =    17.382940 mb/sr,
+                                         /R =   1.1107E+03
    40.00 deg.: X-S =    15.430285 mb/sr,
+                                         /R =   1.0866E+03
    41.00 deg.: X-S =    13.998709 mb/sr,
+                                         /R =   1.0837E+03
    42.00 deg.: X-S =    12.956681 mb/sr,
+                                         /R =   1.0998E+03
    43.00 deg.: X-S =    12.196122 mb/sr,
+                                         /R =   1.1325E+03
    44.00 deg.: X-S =    11.629906 mb/sr,
+                                         /R =   1.1786E+03
    45.00 deg.: X-S =    11.189304 mb/sr,
+                                         /R =   1.2350E+03
    46.00 deg.: X-S =    10.821488 mb/sr,
+                                         /R =   1.2981E+03
    47.00 deg.: X-S =    10.487133 mb/sr,
+                                         /R =   1.3645E+03
    48.00 deg.: X-S =    10.158197 mb/sr,
+                                         /R =   1.4308E+03
    49.00 deg.: X-S =     9.815889 mb/sr,
+                                         /R =   1.4940E+03
    50.00 deg.: X-S =     9.448856 mb/sr,
+                                         /R =   1.5512E+03
    51.00 deg.: X-S =     9.051584 mb/sr,
+                                         /R =   1.6002E+03
    52.00 deg.: X-S =     8.623021 mb/sr,
+                                         /R =   1.6388E+03
    53.00 deg.: X-S =     8.165395 mb/sr,
+                                         /R =   1.6657E+03
    54.00 deg.: X-S =     7.683231 mb/sr,
+                                         /R =   1.6797E+03
    55.00 deg.: X-S =     7.182538 mb/sr,
+                                         /R =   1.6804E+03
    56.00 deg.: X-S =     6.670142 mb/sr,
+                                         /R =   1.6675E+03
    57.00 deg.: X-S =     6.153168 mb/sr,
+                                         /R =   1.6416E+03
    58.00 deg.: X-S =     5.638627 mb/sr,
+                                         /R =   1.6031E+03
    59.00 deg.: X-S =     5.133109 mb/sr,
+                                         /R =   1.5533E+03
    60.00 deg.: X-S =     4.642563 mb/sr,
+                                         /R =   1.4933E+03
    61.00 deg.: X-S =     4.172149 mb/sr,
+                                         /R =   1.4248E+03
    62.00 deg.: X-S =     3.726145 mb/sr,
+                                         /R =   1.3493E+03
    63.00 deg.: X-S =     3.307913 mb/sr,
+                                         /R =   1.2688E+03
    64.00 deg.: X-S =     2.919898 mb/sr,
+                                         /R =   1.1850E+03
    65.00 deg.: X-S =     2.563667 mb/sr,
+                                         /R =   1.0996E+03
    66.00 deg.: X-S =     2.239965 mb/sr,
+                                         /R =   1.0143E+03
    67.00 deg.: X-S =     1.948798 mb/sr,
+                                         /R =   9.3074E+02
    68.00 deg.: X-S =     1.689525 mb/sr,
+                                         /R =   8.5019E+02
    69.00 deg.: X-S =     1.460955 mb/sr,
+                                         /R =   7.7385E+02
    70.00 deg.: X-S =     1.261457 mb/sr,
+                                         /R =   7.0266E+02
    71.00 deg.: X-S =     1.089059 mb/sr,
+                                         /R =   6.3734E+02
    72.00 deg.: X-S =     0.941546 mb/sr,
+                                         /R =   5.7839E+02
    73.00 deg.: X-S =     0.816556 mb/sr,
+                                         /R =   5.2607E+02
    74.00 deg.: X-S =     0.711659 mb/sr,
+                                         /R =   4.8043E+02
    75.00 deg.: X-S =     0.624432 mb/sr,
+                                         /R =   4.4135E+02
    76.00 deg.: X-S =     0.552518 mb/sr,
+                                         /R =   4.0853E+02
    77.00 deg.: X-S =     0.493676 mb/sr,
+                                         /R =   3.8155E+02
    78.00 deg.: X-S =     0.445818 mb/sr,
+                                         /R =   3.5987E+02
    79.00 deg.: X-S =     0.407039 mb/sr,
+                                         /R =   3.4291E+02
    80.00 deg.: X-S =     0.375626 mb/sr,
+                                         /R =   3.3001E+02
    81.00 deg.: X-S =     0.350076 mb/sr,
+                                         /R =   3.2051E+02
    82.00 deg.: X-S =     0.329087 mb/sr,
+                                         /R =   3.1375E+02
    83.00 deg.: X-S =     0.311557 mb/sr,
+                                         /R =   3.0910E+02
    84.00 deg.: X-S =     0.296575 mb/sr,
+                                         /R =   3.0597E+02
    85.00 deg.: X-S =     0.283400 mb/sr,
+                                         /R =   3.0384E+02
    86.00 deg.: X-S =     0.271451 mb/sr,
+                                         /R =   3.0222E+02
    87.00 deg.: X-S =     0.260282 mb/sr,
+                                         /R =   3.0075E+02
    88.00 deg.: X-S =     0.249569 mb/sr,
+                                         /R =   2.9908E+02
    89.00 deg.: X-S =     0.239085 mb/sr,
+                                         /R =   2.9697E+02
    90.00 deg.: X-S =     0.228687 mb/sr,
+                                         /R =   2.9423E+02
    91.00 deg.: X-S =     0.218294 mb/sr,
+                                         /R =   2.9075E+02
    92.00 deg.: X-S =     0.207874 mb/sr,
+                                         /R =   2.8645E+02
    93.00 deg.: X-S =     0.197428 mb/sr,
+                                         /R =   2.8130E+02
    94.00 deg.: X-S =     0.186983 mb/sr,
+                                         /R =   2.7531E+02
    95.00 deg.: X-S =     0.176576 mb/sr,
+                                         /R =   2.6851E+02
    96.00 deg.: X-S =     0.166253 mb/sr,
+                                         /R =   2.6096E+02
    97.00 deg.: X-S =     0.156059 mb/sr,
+                                         /R =   2.5271E+02
    98.00 deg.: X-S =     0.146038 mb/sr,
+                                         /R =   2.4383E+02
    99.00 deg.: X-S =     0.136227 mb/sr,
+                                         /R =   2.3440E+02
   100.00 deg.: X-S =     0.126661 mb/sr,
+                                         /R =   2.2447E+02
   101.00 deg.: X-S =     0.117369 mb/sr,
+                                         /R =   2.1413E+02
   102.00 deg.: X-S =     0.108378 mb/sr,
+                                         /R =   2.0345E+02
   103.00 deg.: X-S =     0.099709 mb/sr,
+                                         /R =   1.9249E+02
   104.00 deg.: X-S =     0.091385 mb/sr,
+                                         /R =   1.8135E+02
   105.00 deg.: X-S =     0.083426 mb/sr,
+                                         /R =   1.7009E+02
   106.00 deg.: X-S =     0.075853 mb/sr,
+                                         /R =   1.5881E+02
   107.00 deg.: X-S =     0.068687 mb/sr,
+                                         /R =   1.4760E+02
   108.00 deg.: X-S =     0.061947 mb/sr,
+                                         /R =   1.3657E+02
   109.00 deg.: X-S =     0.055651 mb/sr,
+                                         /R =   1.2581E+02
   110.00 deg.: X-S =     0.049815 mb/sr,
+                                         /R =   1.1543E+02
   111.00 deg.: X-S =     0.044449 mb/sr,
+                                         /R =   1.0552E+02
   112.00 deg.: X-S =     0.039563 mb/sr,
+                                         /R =   9.6182E+01
   113.00 deg.: X-S =     0.035157 mb/sr,
+                                         /R =   8.7488E+01
   114.00 deg.: X-S =     0.031227 mb/sr,
+                                         /R =   7.9507E+01
   115.00 deg.: X-S =     0.027763 mb/sr,
+                                         /R =   7.2291E+01
   116.00 deg.: X-S =     0.024746 mb/sr,
+                                         /R =   6.5872E+01
   117.00 deg.: X-S =     0.022155 mb/sr,
+                                         /R =   6.0261E+01
   118.00 deg.: X-S =     0.019959 mb/sr,
+                                         /R =   5.5451E+01
   119.00 deg.: X-S =     0.018126 mb/sr,
+                                         /R =   5.1415E+01
   120.00 deg.: X-S =     0.016619 mb/sr,
+                                         /R =   4.8110E+01
   121.00 deg.: X-S =     0.015398 mb/sr,
+                                         /R =   4.5473E+01
   122.00 deg.: X-S =     0.014422 mb/sr,
+                                         /R =   4.3431E+01
   123.00 deg.: X-S =     0.013650 mb/sr,
+                                         /R =   4.1901E+01
   124.00 deg.: X-S =     0.013042 mb/sr,
+                                         /R =   4.0793E+01
   125.00 deg.: X-S =     0.012560 mb/sr,
+                                         /R =   4.0015E+01
   126.00 deg.: X-S =     0.012170 mb/sr,
+                                         /R =   3.9476E+01
   127.00 deg.: X-S =     0.011842 mb/sr,
+                                         /R =   3.9093E+01
   128.00 deg.: X-S =     0.011550 mb/sr,
+                                         /R =   3.8791E+01
   129.00 deg.: X-S =     0.011275 mb/sr,
+                                         /R =   3.8509E+01
   130.00 deg.: X-S =     0.011002 mb/sr,
+                                         /R =   3.8202E+01
   131.00 deg.: X-S =     0.010724 mb/sr,
+                                         /R =   3.7840E+01
   132.00 deg.: X-S =     0.010437 mb/sr,
+                                         /R =   3.7412E+01
   133.00 deg.: X-S =     0.010143 mb/sr,
+                                         /R =   3.6921E+01
   134.00 deg.: X-S =     0.009847 mb/sr,
+                                         /R =   3.6383E+01
   135.00 deg.: X-S =     0.009554 mb/sr,
+                                         /R =   3.5823E+01
   136.00 deg.: X-S =     0.009273 mb/sr,
+                                         /R =   3.5270E+01
   137.00 deg.: X-S =     0.009010 mb/sr,
+                                         /R =   3.4749E+01
   138.00 deg.: X-S =     0.008769 mb/sr,
+                                         /R =   3.4283E+01
   139.00 deg.: X-S =     0.008553 mb/sr,
+                                         /R =   3.3882E+01
   140.00 deg.: X-S =     0.008358 mb/sr,
+                                         /R =   3.3541E+01
   141.00 deg.: X-S =     0.008181 mb/sr,
+                                         /R =   3.3242E+01
   142.00 deg.: X-S =     0.008012 mb/sr,
+                                         /R =   3.2954E+01
   143.00 deg.: X-S =     0.007840 mb/sr,
+                                         /R =   3.2632E+01
   144.00 deg.: X-S =     0.007654 mb/sr,
+                                         /R =   3.2228E+01
   145.00 deg.: X-S =     0.007442 mb/sr,
+                                         /R =   3.1688E+01
   146.00 deg.: X-S =     0.007195 mb/sr,
+                                         /R =   3.0968E+01
   147.00 deg.: X-S =     0.006904 mb/sr,
+                                         /R =   3.0029E+01
   148.00 deg.: X-S =     0.006566 mb/sr,
+                                         /R =   2.8852E+01
   149.00 deg.: X-S =     0.006182 mb/sr,
+                                         /R =   2.7435E+01
   150.00 deg.: X-S =     0.005758 mb/sr,
+                                         /R =   2.5796E+01
   151.00 deg.: X-S =     0.005302 mb/sr,
+                                         /R =   2.3973E+01
   152.00 deg.: X-S =     0.004827 mb/sr,
+                                         /R =   2.2019E+01
   153.00 deg.: X-S =     0.004347 mb/sr,
+                                         /R =   1.9998E+01
   154.00 deg.: X-S =     0.003877 mb/sr,
+                                         /R =   1.7984E+01
   155.00 deg.: X-S =     0.003432 mb/sr,
+                                         /R =   1.6046E+01
   156.00 deg.: X-S =     0.003025 mb/sr,
+                                         /R =   1.4251E+01
   157.00 deg.: X-S =     0.002667 mb/sr,
+                                         /R =   1.2658E+01
   158.00 deg.: X-S =     0.002367 mb/sr,
+                                         /R =   1.1310E+01
   159.00 deg.: X-S =     0.002129 mb/sr,
+                                         /R =   1.0241E+01
   160.00 deg.: X-S =     0.001957 mb/sr,
+                                         /R =   9.4721E+00
   161.00 deg.: X-S =     0.001851 mb/sr,
+                                         /R =   9.0147E+00
   162.00 deg.: X-S =     0.001812 mb/sr,
+                                         /R =   8.8744E+00
   163.00 deg.: X-S =     0.001839 mb/sr,
+                                         /R =   9.0534E+00
   164.00 deg.: X-S =     0.001930 mb/sr,
+                                         /R =   9.5532E+00
   165.00 deg.: X-S =     0.002087 mb/sr,
+                                         /R =   1.0376E+01
   166.00 deg.: X-S =     0.002307 mb/sr,
+                                         /R =   1.1522E+01
   167.00 deg.: X-S =     0.002591 mb/sr,
+                                         /R =   1.2993E+01
   168.00 deg.: X-S =     0.002936 mb/sr,
+                                         /R =   1.4782E+01
   169.00 deg.: X-S =     0.003340 mb/sr,
+                                         /R =   1.6875E+01
   170.00 deg.: X-S =     0.003796 mb/sr,
+                                         /R =   1.9240E+01
   171.00 deg.: X-S =     0.004295 mb/sr,
+                                         /R =   2.1832E+01
   172.00 deg.: X-S =     0.004824 mb/sr,
+                                         /R =   2.4584E+01
   173.00 deg.: X-S =     0.005366 mb/sr,
+                                         /R =   2.7408E+01
   174.00 deg.: X-S =     0.005901 mb/sr,
+                                         /R =   3.0201E+01
   175.00 deg.: X-S =     0.006407 mb/sr,
+                                         /R =   3.2847E+01
   176.00 deg.: X-S =     0.006861 mb/sr,
+                                         /R =   3.5225E+01
   177.00 deg.: X-S =     0.007242 mb/sr,
+                                         /R =   3.7219E+01
   178.00 deg.: X-S =     0.007529 mb/sr,
+                                         /R =   3.8725E+01
   179.00 deg.: X-S =     0.007708 mb/sr,
+                                         /R =   3.9664E+01
   179.99 deg.: X-S =     0.007769 mb/sr,
+                                         /R =   3.9983E+01
                                           Integrated********** mb, over [   0.000, 180.000] at   245.0000 MeV 
 Finished all xsecs @    4.68750000E-02

  The following files have been created:
   3:local copy of User input.            6:standard output.                   
  13:total cross sections/state.         39:cross sections for each Ecm.       
  40:all cross sectns. for each Elab.    56:Fusion for each Jtotal.            

 PARAMETERS : MAXQRN   MFNL   MLOC  LMAX1 MCLIST
    ALLOWED :      1      9      4    170      6
    REQUIRED:      0      0      4     13      4


 ACCURACY ANALYSIS at   245.000 MeV :

  Elastic h*k = 0.065 so OK       compared with 0.200

   Real(S-el) > 0.01 first at J =       2.5
   Real(S-el) > 0.10 first at J =       2.5
   Real(S-el) > 0.50 first at J =       3.5
   Real(S-el) > 0.90 first at J =       5.5
   Real(S-el) > 0.99 first at J =       8.5
   R-turn =     7.13 fm    at J =      11.5

 Forward-angle excitation cut off below   0.136 deg by max JT =      11.5
                              and below   0.020 deg by max R.

 Total CPU  0 time =       0.05 seconds
