 FRESCO - FRES 3.4: Coupled Reaction Channels
 Assuming NAMELIST input.

 Test reaction with generated potential                                          

   0.040  50.000   0.500   0.000   0.000   0.000   0.000   0.000   0.000   0.000

 Centre-of-mass Range is   1252 * 0.0400 fm., Maximum at  50.00 fm., Interpolating NL forms every  0.52 fm.
 Non - locality width is      4 * 0.0400 fm., Maximum of   0.12 fm., Centred at  0.00 fm.
 2-Nucleon Separation of      0 * 0.5200 fm., Maximum of   0.00 fm., Minimum at  0.00 fm.
 Maximum single particle bins of 49.9200 fm.
               M,Mint =         1251        1249


 Range of total J is     0.0 <= J <=   150.0 (at least     0.0) and Absorbtion =>     0.1000 mb.
 Dry Run = F, CC set limits =  0  0, Relativistic kinematics =  , Both/Far/Near Analyses =  1                     

 Cross Sections (and up to T0 for 0=projectile) for Theta from   0.0 to 180.0 in steps of  1.0 degrees, DGAM=0,  Coordinates = 0 (Mads)

 Lower Radial Cutoff = maximum of -1.60*L*h &       0.0 fm.,  Lower Cutoff for Couplings =   0.0  fm.


 Iterate Couplings between   0 and   0 times, to  0.000 % if sooner.                                          
  Block solved exactly =   0 chs., with Pade = 0 & Isocen =  =0, NOSOL = F, initwf =  0
  NL quadrature with   18 Gaussian points, Calculate multipoles up to   156 from   0
  M-transfers for lp+lt greater than or equal to  6, Angular Integration Cutoff below  2.7778 %


 Trace switches are :  CHANS =  0, LISTCC =  0, TRENEG =  0, CDETR =  0, SMATS =  0, XSTABL =  0, NLPL =  0

                       WAVES =  0, LAMPL =  0, VEFF =  0, KFUS =  0, WDISK =  0, BPM =  0, MELFIL =  0

                       CDCC =  0, NFUS =  0

 Using unit mass = 1.000000 amu and 1/fine-structure constant = 137.03599 ( 1.000000 * true ) with hc = 197.32705 MeV.fm,
  thus 2*amu/hbar^2 = 0.0478450 = 1/20.9008 and Coulomb constant = 0.1574855 so e^2 = 1.43997, and nuclear magneton= 0.1261183

 Now pre-scan input and save to file 3



 *********** PARTITION NUMBER  1 ******************************************************************************************

   PROJ=d          MASS=  2.0000 Z=   1.0,        # STATES=    1T, TARG=p        MASS=  1.0000 Z=   1.0,     Q-VALUE =   0.0000 MEV.

     1:  J= 1.0+ (B# 1), E=  0.0000, K= 0.0              Potl#  1       J= 0.5+ (B# 1), E=  0.0000, K= 0.5    


 ************************************************************************************************************************************

 The following POTENTIALS are defined :

  KP#       TYPE      IT    SHAPE      at     V1        r1        a1        V2        r2        a2        A-in     A-used


                                            A#1       A#2        r0c       ac                                                h @ 1
    1    0=Coulomb       0=CHARGE (WS)  1     1.000     1.000    2.8249    0.0000    0.0000    0.0000     0.000     8.000   0.04000

    1    1=Volume        0=Woods-Saxon  2   70.0000    1.2500    0.6500   15.0000    1.2500    0.6500     0.000     8.000

    1    2=Surface       0=Woods-Saxon  3    0.0000    0.0000    0.0000    5.0000    1.3000    0.6500     0.000     8.000

    1    3=Projtl S.O.   0=Woods-Saxon  4    3.0000    1.0000    0.6500    0.0000    0.0000    0.0000     0.000     8.000

 Incoming partition  1 in excitation state # 1,   Laboratory Energy given for partition  1 Nucleus 1 in Excitation pair 1

0Lab. ENERGY ranges :

   from    155.000     to   0.00000     in     0 intervals
   from    0.00000     to   0.00000     in     0 intervals
   from    0.00000     to   0.00000     in     0 intervals

 Largest real,imaginary parts of any form factor at R=   49.60 are   2.90E-02  7.91E-31 MeV
 Finished all Couplings @    1.56250000E-02           4

 Symmetric Hamiltonian
1***********************************************************************************************************************************
************************************************************************************************************************************

        INCOMING d        ;    LABORATORY d        ENERGY =   155.00     MeV.

 ***********************************************************************************************************************************
 ***********************************************************************************************************************************


  NOTE: Coulomb excitation cut off below   0.014 deg by JTMAX, and below   0.032 deg by Rmax

 Allocate arrays for            3  channels, of which            2  need wfs.
 Allocate arrays for            3  channels, of which            3  need wfs.
 Reaction Xsec     8.5-/ 7 @ 1 =   2.109 , Out:   0.000#
 Reaction Xsec     8.5-/ 9 @ 2 =   0.235 , Out:   0.000#
 Reaction Xsec     8.5-/ 9 @ 3 =   0.236 , Out:   0.000#
 Reaction Xsec     9.5+/ 8 @ 1 =   0.783 , Out:   0.000#
 Reaction Xsec     9.5+/10 @ 2 =   0.088 , Out:   0.000#
 Reaction Xsec     9.5+/10 @ 3 =   0.088 , Out:   0.000#
 Finished all CC sets @    3.12500000E-02
0CUMULATIVE REACTION cross section                 =  479.37883  <L> =     3.67  <L**2> =     16.4
0CUMULATIVE outgoing cross sections in partition 1 :    0.00000
0Cumulative ABSORBTION by Imaginary Potentials     =  479.37883  <L> =     3.67  <L**2> =     16.4
   Fusion for specific d        M-states :  653.889811  670.108341  653.889811
0CUMULATIVE OUTGOING cross section                 =    0.00000
 To convert to S-factors (MeV.mb = keV.b),  multiply by  5.7813E+01


 CROSS SECTIONS FOR OUTGOING d        & p        in state #   1 with spins & parities 1.0  + &  0.5  +;  0

     0.01 deg.: X-S =   8.3708E+12 mb/sr,
+                                         /R =   9.9999E-01
     1.00 deg.: X-S =   7.5870E+04 mb/sr,
+                                         /R =   9.0631E-01
     2.00 deg.: X-S =  4512.516145 mb/sr,
+                                         /R =   8.6234E-01
     3.00 deg.: X-S =  1557.612196 mb/sr,
+                                         /R =   1.5065E+00
     4.00 deg.: X-S =  1256.824802 mb/sr,
+                                         /R =   3.8405E+00
     5.00 deg.: X-S =  1229.295921 mb/sr,
+                                         /R =   9.1667E+00
     6.00 deg.: X-S =  1229.551826 mb/sr,
+                                         /R =   1.9001E+01
     7.00 deg.: X-S =  1222.306946 mb/sr,
+                                         /R =   3.4972E+01
     8.00 deg.: X-S =  1203.618774 mb/sr,
+                                         /R =   5.8703E+01
     9.00 deg.: X-S =  1174.838613 mb/sr,
+                                         /R =   9.1704E+01
    10.00 deg.: X-S =  1137.943785 mb/sr,
+                                         /R =   1.3525E+02
    11.00 deg.: X-S =  1094.696207 mb/sr,
+                                         /R =   1.9029E+02
    12.00 deg.: X-S =  1046.559359 mb/sr,
+                                         /R =   2.5736E+02
    13.00 deg.: X-S =   994.752394 mb/sr,
+                                         /R =   3.3650E+02
    14.00 deg.: X-S =   940.311001 mb/sr,
+                                         /R =   4.2725E+02
    15.00 deg.: X-S =   884.132287 mb/sr,
+                                         /R =   5.2862E+02
    16.00 deg.: X-S =   827.004177 mb/sr,
+                                         /R =   6.3910E+02
    17.00 deg.: X-S =   769.623686 mb/sr,
+                                         /R =   7.5670E+02
    18.00 deg.: X-S =   712.607935 mb/sr,
+                                         /R =   8.7906E+02
    19.00 deg.: X-S =   656.500711 mb/sr,
+                                         /R =   1.0035E+03
    20.00 deg.: X-S =   601.776490 mb/sr,
+                                         /R =   1.1271E+03
    21.00 deg.: X-S =   548.843140 mb/sr,
+                                         /R =   1.2469E+03
    22.00 deg.: X-S =   498.044117 mb/sr,
+                                         /R =   1.3599E+03
    23.00 deg.: X-S =   449.660651 mb/sr,
+                                         /R =   1.4633E+03
    24.00 deg.: X-S =   403.914202 mb/sr,
+                                         /R =   1.5547E+03
    25.00 deg.: X-S =   360.969352 mb/sr,
+                                         /R =   1.6318E+03
    26.00 deg.: X-S =   320.937183 mb/sr,
+                                         /R =   1.6928E+03
    27.00 deg.: X-S =   283.879130 mb/sr,
+                                         /R =   1.7366E+03
    28.00 deg.: X-S =   249.811262 mb/sr,
+                                         /R =   1.7626E+03
    29.00 deg.: X-S =   218.708892 mb/sr,
+                                         /R =   1.7705E+03
    30.00 deg.: X-S =   190.511442 mb/sr,
+                                         /R =   1.7609E+03
    31.00 deg.: X-S =   165.127424 mb/sr,
+                                         /R =   1.7348E+03
    32.00 deg.: X-S =   142.439459 mb/sr,
+                                         /R =   1.6936E+03
    33.00 deg.: X-S =   122.309204 mb/sr,
+                                         /R =   1.6393E+03
    34.00 deg.: X-S =   104.582121 mb/sr,
+                                         /R =   1.5741E+03
    35.00 deg.: X-S =    89.091973 mb/sr,
+                                         /R =   1.5005E+03
    36.00 deg.: X-S =    75.665016 mb/sr,
+                                         /R =   1.4212E+03
    37.00 deg.: X-S =    64.123801 mb/sr,
+                                         /R =   1.3389E+03
    38.00 deg.: X-S =    54.290566 mb/sr,
+                                         /R =   1.2564E+03
    39.00 deg.: X-S =    45.990197 mb/sr,
+                                         /R =   1.1762E+03
    40.00 deg.: X-S =    39.052733 mb/sr,
+                                         /R =   1.1008E+03
    41.00 deg.: X-S =    33.315432 mb/sr,
+                                         /R =   1.0322E+03
    42.00 deg.: X-S =    28.624415 mb/sr,
+                                         /R =   9.7250E+02
    43.00 deg.: X-S =    24.835890 mb/sr,
+                                         /R =   9.2304E+02
    44.00 deg.: X-S =    21.817011 mb/sr,
+                                         /R =   8.8498E+02
    45.00 deg.: X-S =    19.446397 mb/sr,
+                                         /R =   8.5908E+02
    46.00 deg.: X-S =    17.614343 mb/sr,
+                                         /R =   8.4570E+02
    47.00 deg.: X-S =    16.222780 mb/sr,
+                                         /R =   8.4481E+02
    48.00 deg.: X-S =    15.185012 mb/sr,
+                                         /R =   8.5606E+02
    49.00 deg.: X-S =    14.425274 mb/sr,
+                                         /R =   8.7876E+02
    50.00 deg.: X-S =    13.878159 mb/sr,
+                                         /R =   9.1193E+02
    51.00 deg.: X-S =    13.487930 mb/sr,
+                                         /R =   9.5438E+02
    52.00 deg.: X-S =    13.207775 mb/sr,
+                                         /R =   1.0047E+03
    53.00 deg.: X-S =    12.999004 mb/sr,
+                                         /R =   1.0613E+03
    54.00 deg.: X-S =    12.830243 mb/sr,
+                                         /R =   1.1227E+03
    55.00 deg.: X-S =    12.676623 mb/sr,
+                                         /R =   1.1870E+03
    56.00 deg.: X-S =    12.518994 mb/sr,
+                                         /R =   1.2527E+03
    57.00 deg.: X-S =    12.343167 mb/sr,
+                                         /R =   1.3180E+03
    58.00 deg.: X-S =    12.139205 mb/sr,
+                                         /R =   1.3814E+03
    59.00 deg.: X-S =    11.900765 mb/sr,
+                                         /R =   1.4413E+03
    60.00 deg.: X-S =    11.624486 mb/sr,
+                                         /R =   1.4965E+03
    61.00 deg.: X-S =    11.309447 mb/sr,
+                                         /R =   1.5458E+03
    62.00 deg.: X-S =    10.956675 mb/sr,
+                                         /R =   1.5881E+03
    63.00 deg.: X-S =    10.568706 mb/sr,
+                                         /R =   1.6226E+03
    64.00 deg.: X-S =    10.149211 mb/sr,
+                                         /R =   1.6486E+03
    65.00 deg.: X-S =     9.702662 mb/sr,
+                                         /R =   1.6657E+03
    66.00 deg.: X-S =     9.234051 mb/sr,
+                                         /R =   1.6736E+03
    67.00 deg.: X-S =     8.748654 mb/sr,
+                                         /R =   1.6724E+03
    68.00 deg.: X-S =     8.251832 mb/sr,
+                                         /R =   1.6620E+03
    69.00 deg.: X-S =     7.748869 mb/sr,
+                                         /R =   1.6428E+03
    70.00 deg.: X-S =     7.244838 mb/sr,
+                                         /R =   1.6152E+03
    71.00 deg.: X-S =     6.744505 mb/sr,
+                                         /R =   1.5798E+03
    72.00 deg.: X-S =     6.252247 mb/sr,
+                                         /R =   1.5373E+03
    73.00 deg.: X-S =     5.771998 mb/sr,
+                                         /R =   1.4884E+03
    74.00 deg.: X-S =     5.307212 mb/sr,
+                                         /R =   1.4340E+03
    75.00 deg.: X-S =     4.860844 mb/sr,
+                                         /R =   1.3751E+03
    76.00 deg.: X-S =     4.435339 mb/sr,
+                                         /R =   1.3126E+03
    77.00 deg.: X-S =     4.032645 mb/sr,
+                                         /R =   1.2475E+03
    78.00 deg.: X-S =     3.654221 mb/sr,
+                                         /R =   1.1806E+03
    79.00 deg.: X-S =     3.301061 mb/sr,
+                                         /R =   1.1131E+03
    80.00 deg.: X-S =     2.973731 mb/sr,
+                                         /R =   1.0457E+03
    81.00 deg.: X-S =     2.672393 mb/sr,
+                                         /R =   9.7930E+02
    82.00 deg.: X-S =     2.396852 mb/sr,
+                                         /R =   9.1464E+02
    83.00 deg.: X-S =     2.146595 mb/sr,
+                                         /R =   8.5240E+02
    84.00 deg.: X-S =     1.920832 mb/sr,
+                                         /R =   7.9318E+02
    85.00 deg.: X-S =     1.718541 mb/sr,
+                                         /R =   7.3745E+02
    86.00 deg.: X-S =     1.538511 mb/sr,
+                                         /R =   6.8560E+02
    87.00 deg.: X-S =     1.379382 mb/sr,
+                                         /R =   6.3793E+02
    88.00 deg.: X-S =     1.239688 mb/sr,
+                                         /R =   5.9461E+02
    89.00 deg.: X-S =     1.117890 mb/sr,
+                                         /R =   5.5575E+02
    90.00 deg.: X-S =     1.012414 mb/sr,
+                                         /R =   5.2136E+02
    91.00 deg.: X-S =     0.921680 mb/sr,
+                                         /R =   4.9134E+02
    92.00 deg.: X-S =     0.844132 mb/sr,
+                                         /R =   4.6557E+02
    93.00 deg.: X-S =     0.778258 mb/sr,
+                                         /R =   4.4382E+02
    94.00 deg.: X-S =     0.722613 mb/sr,
+                                         /R =   4.2585E+02
    95.00 deg.: X-S =     0.675833 mb/sr,
+                                         /R =   4.1134E+02
    96.00 deg.: X-S =     0.636649 mb/sr,
+                                         /R =   3.9997E+02
    97.00 deg.: X-S =     0.603895 mb/sr,
+                                         /R =   3.9140E+02
    98.00 deg.: X-S =     0.576514 mb/sr,
+                                         /R =   3.8527E+02
    99.00 deg.: X-S =     0.553559 mb/sr,
+                                         /R =   3.8123E+02
   100.00 deg.: X-S =     0.534195 mb/sr,
+                                         /R =   3.7892E+02
   101.00 deg.: X-S =     0.517692 mb/sr,
+                                         /R =   3.7804E+02
   102.00 deg.: X-S =     0.503426 mb/sr,
+                                         /R =   3.7825E+02
   103.00 deg.: X-S =     0.490868 mb/sr,
+                                         /R =   3.7930E+02
   104.00 deg.: X-S =     0.479578 mb/sr,
+                                         /R =   3.8091E+02
   105.00 deg.: X-S =     0.469195 mb/sr,
+                                         /R =   3.8287E+02
   106.00 deg.: X-S =     0.459429 mb/sr,
+                                         /R =   3.8499E+02
   107.00 deg.: X-S =     0.450052 mb/sr,
+                                         /R =   3.8709E+02
   108.00 deg.: X-S =     0.440886 mb/sr,
+                                         /R =   3.8904E+02
   109.00 deg.: X-S =     0.431797 mb/sr,
+                                         /R =   3.9072E+02
   110.00 deg.: X-S =     0.422684 mb/sr,
+                                         /R =   3.9202E+02
   111.00 deg.: X-S =     0.413476 mb/sr,
+                                         /R =   3.9288E+02
   112.00 deg.: X-S =     0.404117 mb/sr,
+                                         /R =   3.9323E+02
   113.00 deg.: X-S =     0.394571 mb/sr,
+                                         /R =   3.9300E+02
   114.00 deg.: X-S =     0.384807 mb/sr,
+                                         /R =   3.9214E+02
   115.00 deg.: X-S =     0.374806 mb/sr,
+                                         /R =   3.9063E+02
   116.00 deg.: X-S =     0.364551 mb/sr,
+                                         /R =   3.8840E+02
   117.00 deg.: X-S =     0.354029 mb/sr,
+                                         /R =   3.8542E+02
   118.00 deg.: X-S =     0.343230 mb/sr,
+                                         /R =   3.8167E+02
   119.00 deg.: X-S =     0.332147 mb/sr,
+                                         /R =   3.7709E+02
   120.00 deg.: X-S =     0.320778 mb/sr,
+                                         /R =   3.7168E+02
   121.00 deg.: X-S =     0.309127 mb/sr,
+                                         /R =   3.6539E+02
   122.00 deg.: X-S =     0.297201 mb/sr,
+                                         /R =   3.5823E+02
   123.00 deg.: X-S =     0.285017 mb/sr,
+                                         /R =   3.5019E+02
   124.00 deg.: X-S =     0.272600 mb/sr,
+                                         /R =   3.4127E+02
   125.00 deg.: X-S =     0.259984 mb/sr,
+                                         /R =   3.3151E+02
   126.00 deg.: X-S =     0.247211 mb/sr,
+                                         /R =   3.2094E+02
   127.00 deg.: X-S =     0.234333 mb/sr,
+                                         /R =   3.0962E+02
   128.00 deg.: X-S =     0.221410 mb/sr,
+                                         /R =   2.9763E+02
   129.00 deg.: X-S =     0.208510 mb/sr,
+                                         /R =   2.8505E+02
   130.00 deg.: X-S =     0.195705 mb/sr,
+                                         /R =   2.7198E+02
   131.00 deg.: X-S =     0.183072 mb/sr,
+                                         /R =   2.5855E+02
   132.00 deg.: X-S =     0.170689 mb/sr,
+                                         /R =   2.4489E+02
   133.00 deg.: X-S =     0.158634 mb/sr,
+                                         /R =   2.3111E+02
   134.00 deg.: X-S =     0.146982 mb/sr,
+                                         /R =   2.1737E+02
   135.00 deg.: X-S =     0.135804 mb/sr,
+                                         /R =   2.0380E+02
   136.00 deg.: X-S =     0.125163 mb/sr,
+                                         /R =   1.9054E+02
   137.00 deg.: X-S =     0.115117 mb/sr,
+                                         /R =   1.7770E+02
   138.00 deg.: X-S =     0.105712 mb/sr,
+                                         /R =   1.6541E+02
   139.00 deg.: X-S =     0.096985 mb/sr,
+                                         /R =   1.5378E+02
   140.00 deg.: X-S =     0.088962 mb/sr,
+                                         /R =   1.4288E+02
   141.00 deg.: X-S =     0.081660 mb/sr,
+                                         /R =   1.3281E+02
   142.00 deg.: X-S =     0.075084 mb/sr,
+                                         /R =   1.2361E+02
   143.00 deg.: X-S =     0.069231 mb/sr,
+                                         /R =   1.1534E+02
   144.00 deg.: X-S =     0.064091 mb/sr,
+                                         /R =   1.0801E+02
   145.00 deg.: X-S =     0.059644 mb/sr,
+                                         /R =   1.0164E+02
   146.00 deg.: X-S =     0.055867 mb/sr,
+                                         /R =   9.6246E+01
   147.00 deg.: X-S =     0.052734 mb/sr,
+                                         /R =   9.1807E+01
   148.00 deg.: X-S =     0.050214 mb/sr,
+                                         /R =   8.8314E+01
   149.00 deg.: X-S =     0.048278 mb/sr,
+                                         /R =   8.5749E+01
   150.00 deg.: X-S =     0.046896 mb/sr,
+                                         /R =   8.4091E+01
   151.00 deg.: X-S =     0.046042 mb/sr,
+                                         /R =   8.3321E+01
   152.00 deg.: X-S =     0.045691 mb/sr,
+                                         /R =   8.3422E+01
   153.00 deg.: X-S =     0.045822 mb/sr,
+                                         /R =   8.4379E+01
   154.00 deg.: X-S =     0.046420 mb/sr,
+                                         /R =   8.6186E+01
   155.00 deg.: X-S =     0.047471 mb/sr,
+                                         /R =   8.8837E+01
   156.00 deg.: X-S =     0.048967 mb/sr,
+                                         /R =   9.2334E+01
   157.00 deg.: X-S =     0.050902 mb/sr,
+                                         /R =   9.6682E+01
   158.00 deg.: X-S =     0.053271 mb/sr,
+                                         /R =   1.0189E+02
   159.00 deg.: X-S =     0.056070 mb/sr,
+                                         /R =   1.0795E+02
   160.00 deg.: X-S =     0.059294 mb/sr,
+                                         /R =   1.1488E+02
   161.00 deg.: X-S =     0.062934 mb/sr,
+                                         /R =   1.2267E+02
   162.00 deg.: X-S =     0.066976 mb/sr,
+                                         /R =   1.3129E+02
   163.00 deg.: X-S =     0.071400 mb/sr,
+                                         /R =   1.4072E+02
   164.00 deg.: X-S =     0.076180 mb/sr,
+                                         /R =   1.5090E+02
   165.00 deg.: X-S =     0.081275 mb/sr,
+                                         /R =   1.6176E+02
   166.00 deg.: X-S =     0.086639 mb/sr,
+                                         /R =   1.7320E+02
   167.00 deg.: X-S =     0.092213 mb/sr,
+                                         /R =   1.8511E+02
   168.00 deg.: X-S =     0.097926 mb/sr,
+                                         /R =   1.9733E+02
   169.00 deg.: X-S =     0.103698 mb/sr,
+                                         /R =   2.0970E+02
   170.00 deg.: X-S =     0.109442 mb/sr,
+                                         /R =   2.2202E+02
   171.00 deg.: X-S =     0.115060 mb/sr,
+                                         /R =   2.3410E+02
   172.00 deg.: X-S =     0.120453 mb/sr,
+                                         /R =   2.4571E+02
   173.00 deg.: X-S =     0.125518 mb/sr,
+                                         /R =   2.5663E+02
   174.00 deg.: X-S =     0.130155 mb/sr,
+                                         /R =   2.6663E+02
   175.00 deg.: X-S =     0.134266 mb/sr,
+                                         /R =   2.7552E+02
   176.00 deg.: X-S =     0.137764 mb/sr,
+                                         /R =   2.8308E+02
   177.00 deg.: X-S =     0.140571 mb/sr,
+                                         /R =   2.8916E+02
   178.00 deg.: X-S =     0.142624 mb/sr,
+                                         /R =   2.9361E+02
   179.00 deg.: X-S =     0.143875 mb/sr,
+                                         /R =   2.9632E+02
   179.99 deg.: X-S =     0.144295 mb/sr,
+                                         /R =   2.9723E+02
                                           Integrated********** mb, over [   0.000, 180.000] at   155.0000 MeV 
 Finished all xsecs @    6.25000000E-02

  The following files have been created:
   3:local copy of User input.            6:standard output.                   
  13:total cross sections/state.         39:cross sections for each Ecm.       
  40:all cross sectns. for each Elab.    56:Fusion for each Jtotal.            

 PARAMETERS : MAXQRN   MFNL   MLOC  LMAX1 MCLIST
    ALLOWED :      1      9      4    170      6
    REQUIRED:      0      0      4     11      4


 ACCURACY ANALYSIS at   155.000 MeV :

  Elastic h*k = 0.051 so OK       compared with 0.200

   Real(S-el) > 0.01 first at J =       2.5
   Real(S-el) > 0.10 first at J =       2.5
   Real(S-el) > 0.50 first at J =       2.5
   Real(S-el) > 0.90 first at J =       4.5
   Real(S-el) > 0.99 first at J =       6.5
   R-turn =     7.40 fm    at J =       9.5

 Forward-angle excitation cut off below   0.205 deg by max JT =       9.5
                              and below   0.032 deg by max R.

 Total CPU  0 time =       0.06 seconds
