 FRESCO - FRES 3.4: Coupled Reaction Channels
 Assuming NAMELIST input.

 Test reaction with generated potential                                          

   0.040  50.000   0.500   0.000   0.000   0.000   0.000   0.000   0.000   0.000

 Centre-of-mass Range is   1252 * 0.0400 fm., Maximum at  50.00 fm., Interpolating NL forms every  0.52 fm.
 Non - locality width is      4 * 0.0400 fm., Maximum of   0.12 fm., Centred at  0.00 fm.
 2-Nucleon Separation of      0 * 0.5200 fm., Maximum of   0.00 fm., Minimum at  0.00 fm.
 Maximum single particle bins of 49.9200 fm.
               M,Mint =         1251        1249


 Range of total J is     0.0 <= J <=   150.0 (at least     0.0) and Absorbtion =>     0.1000 mb.
 Dry Run = F, CC set limits =  0  0, Relativistic kinematics =  , Both/Far/Near Analyses =  1                     

 Cross Sections (and up to T0 for 0=projectile) for Theta from   0.0 to 180.0 in steps of  1.0 degrees, DGAM=0,  Coordinates = 0 (Mads)

 Lower Radial Cutoff = maximum of -1.60*L*h &       0.0 fm.,  Lower Cutoff for Couplings =   0.0  fm.


 Iterate Couplings between   0 and   0 times, to  0.000 % if sooner.                                          
  Block solved exactly =   0 chs., with Pade = 0 & Isocen =  =0, NOSOL = F, initwf =  0
  NL quadrature with   18 Gaussian points, Calculate multipoles up to   156 from   0
  M-transfers for lp+lt greater than or equal to  6, Angular Integration Cutoff below  2.7778 %


 Trace switches are :  CHANS =  0, LISTCC =  0, TRENEG =  0, CDETR =  0, SMATS =  0, XSTABL =  0, NLPL =  0

                       WAVES =  0, LAMPL =  0, VEFF =  0, KFUS =  0, WDISK =  0, BPM =  0, MELFIL =  0

                       CDCC =  0, NFUS =  0

 Using unit mass = 1.000000 amu and 1/fine-structure constant = 137.03599 ( 1.000000 * true ) with hc = 197.32705 MeV.fm,
  thus 2*amu/hbar^2 = 0.0478450 = 1/20.9008 and Coulomb constant = 0.1574855 so e^2 = 1.43997, and nuclear magneton= 0.1261183

 Now pre-scan input and save to file 3



 *********** PARTITION NUMBER  1 ******************************************************************************************

   PROJ=d          MASS=  2.0000 Z=   1.0,        # STATES=    1T, TARG=p        MASS=  1.0000 Z=   1.0,     Q-VALUE =   0.0000 MEV.

     1:  J= 1.0+ (B# 1), E=  0.0000, K= 0.0              Potl#  1       J= 0.5+ (B# 1), E=  0.0000, K= 0.5    


 ************************************************************************************************************************************

 The following POTENTIALS are defined :

  KP#       TYPE      IT    SHAPE      at     V1        r1        a1        V2        r2        a2        A-in     A-used


                                            A#1       A#2        r0c       ac                                                h @ 1
    1    0=Coulomb       0=CHARGE (WS)  1     1.000     1.000    2.8249    0.0000    0.0000    0.0000     0.000     8.000   0.04000

    1    1=Volume        0=Woods-Saxon  2   70.0000    1.2500    0.6500   15.0000    1.2500    0.6500     0.000     8.000

    1    2=Surface       0=Woods-Saxon  3    0.0000    0.0000    0.0000    5.0000    1.3000    0.6500     0.000     8.000

    1    3=Projtl S.O.   0=Woods-Saxon  4    3.0000    1.0000    0.6500    0.0000    0.0000    0.0000     0.000     8.000

 Incoming partition  1 in excitation state # 1,   Laboratory Energy given for partition  1 Nucleus 1 in Excitation pair 1

0Lab. ENERGY ranges :

   from    30.0000     to   0.00000     in     0 intervals
   from    0.00000     to   0.00000     in     0 intervals
   from    0.00000     to   0.00000     in     0 intervals

 Largest real,imaginary parts of any form factor at R=   49.60 are   2.90E-02  7.91E-31 MeV
 Finished all Couplings @    1.56250000E-02           4

 Symmetric Hamiltonian
1***********************************************************************************************************************************
************************************************************************************************************************************

        INCOMING d        ;    LABORATORY d        ENERGY =   30.000     MeV.

 ***********************************************************************************************************************************
 ***********************************************************************************************************************************


  NOTE: Coulomb excitation cut off below   0.031 deg by JTMAX, and below   0.165 deg by Rmax

 Allocate arrays for            3  channels, of which            2  need wfs.
 Allocate arrays for            3  channels, of which            3  need wfs.
 Reaction Xsec     4.5-/ 3 @ 1 =  23.973 , Out:   0.000#
 Reaction Xsec     4.5-/ 5 @ 2 =   0.224 , Out:   0.000#
 Reaction Xsec     4.5-/ 5 @ 3 =   0.226 , Out:   0.000#
 Reaction Xsec     5.5+/ 4 @ 1 =   2.531 , Out:   0.000#
 Reaction Xsec     5.5+/ 6 @ 2 =   0.031 , Out:   0.000#
 Reaction Xsec     5.5+/ 6 @ 3 =   0.031 , Out:   0.000#
 Finished all CC sets @    3.12500000E-02
0CUMULATIVE REACTION cross section                 =  883.33625  <L> =     2.17  <L**2> =      5.8
0CUMULATIVE outgoing cross sections in partition 1 :    0.00000
0Cumulative ABSORBTION by Imaginary Potentials     =  883.33625  <L> =     2.17  <L**2> =      5.8
   Fusion for specific d        M-states : 1389.895289 1471.908154 1389.895289
0CUMULATIVE OUTGOING cross section                 =    0.00000
 To convert to S-factors (MeV.mb = keV.b),  multiply by  1.2911E+01


 CROSS SECTIONS FOR OUTGOING d        & p        in state #   1 with spins & parities 1.0  + &  0.5  +;  0

     0.01 deg.: X-S =   2.2346E+14 mb/sr,
+                                         /R =   1.0000E+00
     1.00 deg.: X-S =   2.2230E+06 mb/sr,
+                                         /R =   9.9475E-01
     2.00 deg.: X-S =   1.3800E+05 mb/sr,
+                                         /R =   9.8793E-01
     3.00 deg.: X-S =   2.7344E+04 mb/sr,
+                                         /R =   9.9072E-01
     4.00 deg.: X-S =  8887.811055 mb/sr,
+                                         /R =   1.0174E+00
     5.00 deg.: X-S =  3888.178771 mb/sr,
+                                         /R =   1.0861E+00
     6.00 deg.: X-S =  2105.583265 mb/sr,
+                                         /R =   1.2190E+00
     7.00 deg.: X-S =  1344.837350 mb/sr,
+                                         /R =   1.4414E+00
     8.00 deg.: X-S =   975.336669 mb/sr,
+                                         /R =   1.7820E+00
     9.00 deg.: X-S =   776.895456 mb/sr,
+                                         /R =   2.2717E+00
    10.00 deg.: X-S =   661.035602 mb/sr,
+                                         /R =   2.9432E+00
    11.00 deg.: X-S =   588.211549 mb/sr,
+                                         /R =   3.8304E+00
    12.00 deg.: X-S =   539.208164 mb/sr,
+                                         /R =   4.9672E+00
    13.00 deg.: X-S =   504.038695 mb/sr,
+                                         /R =   6.3873E+00
    14.00 deg.: X-S =   477.217913 mb/sr,
+                                         /R =   8.1229E+00
    15.00 deg.: X-S =   455.591722 mb/sr,
+                                         /R =   1.0204E+01
    16.00 deg.: X-S =   437.275851 mb/sr,
+                                         /R =   1.2659E+01
    17.00 deg.: X-S =   421.108419 mb/sr,
+                                         /R =   1.5510E+01
    18.00 deg.: X-S =   406.354303 mb/sr,
+                                         /R =   1.8778E+01
    19.00 deg.: X-S =   392.538959 mb/sr,
+                                         /R =   2.2477E+01
    20.00 deg.: X-S =   379.351673 mb/sr,
+                                         /R =   2.6616E+01
    21.00 deg.: X-S =   366.587424 mb/sr,
+                                         /R =   3.1198E+01
    22.00 deg.: X-S =   354.110969 mb/sr,
+                                         /R =   3.6220E+01
    23.00 deg.: X-S =   341.834054 mb/sr,
+                                         /R =   4.1673E+01
    24.00 deg.: X-S =   329.700637 mb/sr,
+                                         /R =   4.7539E+01
    25.00 deg.: X-S =   317.677071 mb/sr,
+                                         /R =   5.3796E+01
    26.00 deg.: X-S =   305.745467 mb/sr,
+                                         /R =   6.0413E+01
    27.00 deg.: X-S =   293.899104 mb/sr,
+                                         /R =   6.7353E+01
    28.00 deg.: X-S =   282.139206 mb/sr,
+                                         /R =   7.4573E+01
    29.00 deg.: X-S =   270.472640 mb/sr,
+                                         /R =   8.2023E+01
    30.00 deg.: X-S =   258.910232 mb/sr,
+                                         /R =   8.9650E+01
    31.00 deg.: X-S =   247.465531 mb/sr,
+                                         /R =   9.7393E+01
    32.00 deg.: X-S =   236.153875 mb/sr,
+                                         /R =   1.0519E+02
    33.00 deg.: X-S =   224.991690 mb/sr,
+                                         /R =   1.1297E+02
    34.00 deg.: X-S =   213.995935 mb/sr,
+                                         /R =   1.2066E+02
    35.00 deg.: X-S =   203.183689 mb/sr,
+                                         /R =   1.2820E+02
    36.00 deg.: X-S =   192.571808 mb/sr,
+                                         /R =   1.3550E+02
    37.00 deg.: X-S =   182.176668 mb/sr,
+                                         /R =   1.4250E+02
    38.00 deg.: X-S =   172.013955 mb/sr,
+                                         /R =   1.4912E+02
    39.00 deg.: X-S =   162.098499 mb/sr,
+                                         /R =   1.5530E+02
    40.00 deg.: X-S =   152.444145 mb/sr,
+                                         /R =   1.6097E+02
    41.00 deg.: X-S =   143.063654 mb/sr,
+                                         /R =   1.6605E+02
    42.00 deg.: X-S =   133.968620 mb/sr,
+                                         /R =   1.7050E+02
    43.00 deg.: X-S =   125.169422 mb/sr,
+                                         /R =   1.7427E+02
    44.00 deg.: X-S =   116.675176 mb/sr,
+                                         /R =   1.7729E+02
    45.00 deg.: X-S =   108.493718 mb/sr,
+                                         /R =   1.7955E+02
    46.00 deg.: X-S =   100.631591 mb/sr,
+                                         /R =   1.8099E+02
    47.00 deg.: X-S =    93.094046 mb/sr,
+                                         /R =   1.8161E+02
    48.00 deg.: X-S =    85.885050 mb/sr,
+                                         /R =   1.8138E+02
    49.00 deg.: X-S =    79.007312 mb/sr,
+                                         /R =   1.8030E+02
    50.00 deg.: X-S =    72.462308 mb/sr,
+                                         /R =   1.7837E+02
    51.00 deg.: X-S =    66.250316 mb/sr,
+                                         /R =   1.7561E+02
    52.00 deg.: X-S =    60.370458 mb/sr,
+                                         /R =   1.7203E+02
    53.00 deg.: X-S =    54.820745 mb/sr,
+                                         /R =   1.6768E+02
    54.00 deg.: X-S =    49.598133 mb/sr,
+                                         /R =   1.6258E+02
    55.00 deg.: X-S =    44.698572 mb/sr,
+                                         /R =   1.5679E+02
    56.00 deg.: X-S =    40.117069 mb/sr,
+                                         /R =   1.5038E+02
    57.00 deg.: X-S =    35.847748 mb/sr,
+                                         /R =   1.4339E+02
    58.00 deg.: X-S =    31.883912 mb/sr,
+                                         /R =   1.3592E+02
    59.00 deg.: X-S =    28.218108 mb/sr,
+                                         /R =   1.2803E+02
    60.00 deg.: X-S =    24.842193 mb/sr,
+                                         /R =   1.1981E+02
    61.00 deg.: X-S =    21.747401 mb/sr,
+                                         /R =   1.1135E+02
    62.00 deg.: X-S =    18.924406 mb/sr,
+                                         /R =   1.0275E+02
    63.00 deg.: X-S =    16.363392 mb/sr,
+                                         /R =   9.4109E+01
    64.00 deg.: X-S =    14.054114 mb/sr,
+                                         /R =   8.5518E+01
    65.00 deg.: X-S =    11.985966 mb/sr,
+                                         /R =   7.7082E+01
    66.00 deg.: X-S =    10.148041 mb/sr,
+                                         /R =   6.8902E+01
    67.00 deg.: X-S =     8.529190 mb/sr,
+                                         /R =   6.1078E+01
    68.00 deg.: X-S =     7.118088 mb/sr,
+                                         /R =   5.3706E+01
    69.00 deg.: X-S =     5.903284 mb/sr,
+                                         /R =   4.6884E+01
    70.00 deg.: X-S =     4.873257 mb/sr,
+                                         /R =   4.0701E+01
    71.00 deg.: X-S =     4.016471 mb/sr,
+                                         /R =   3.5243E+01
    72.00 deg.: X-S =     3.321423 mb/sr,
+                                         /R =   3.0593E+01
    73.00 deg.: X-S =     2.776687 mb/sr,
+                                         /R =   2.6822E+01
    74.00 deg.: X-S =     2.370963 mb/sr,
+                                         /R =   2.3999E+01
    75.00 deg.: X-S =     2.093114 mb/sr,
+                                         /R =   2.2182E+01
    76.00 deg.: X-S =     1.932205 mb/sr,
+                                         /R =   2.1421E+01
    77.00 deg.: X-S =     1.877541 mb/sr,
+                                         /R =   2.1757E+01
    78.00 deg.: X-S =     1.918694 mb/sr,
+                                         /R =   2.3222E+01
    79.00 deg.: X-S =     2.045539 mb/sr,
+                                         /R =   2.5838E+01
    80.00 deg.: X-S =     2.248275 mb/sr,
+                                         /R =   2.9617E+01
    81.00 deg.: X-S =     2.517452 mb/sr,
+                                         /R =   3.4559E+01
    82.00 deg.: X-S =     2.843990 mb/sr,
+                                         /R =   4.0655E+01
    83.00 deg.: X-S =     3.219199 mb/sr,
+                                         /R =   4.7888E+01
    84.00 deg.: X-S =     3.634794 mb/sr,
+                                         /R =   5.6226E+01
    85.00 deg.: X-S =     4.082906 mb/sr,
+                                         /R =   6.5632E+01
    86.00 deg.: X-S =     4.556098 mb/sr,
+                                         /R =   7.6058E+01
    87.00 deg.: X-S =     5.047367 mb/sr,
+                                         /R =   8.7444E+01
    88.00 deg.: X-S =     5.550154 mb/sr,
+                                         /R =   9.9725E+01
    89.00 deg.: X-S =     6.058349 mb/sr,
+                                         /R =   1.1283E+02
    90.00 deg.: X-S =     6.566289 mb/sr,
+                                         /R =   1.2667E+02
    91.00 deg.: X-S =     7.068759 mb/sr,
+                                         /R =   1.4117E+02
    92.00 deg.: X-S =     7.560994 mb/sr,
+                                         /R =   1.5622E+02
    93.00 deg.: X-S =     8.038670 mb/sr,
+                                         /R =   1.7173E+02
    94.00 deg.: X-S =     8.497903 mb/sr,
+                                         /R =   1.8760E+02
    95.00 deg.: X-S =     8.935241 mb/sr,
+                                         /R =   2.0373E+02
    96.00 deg.: X-S =     9.347653 mb/sr,
+                                         /R =   2.1999E+02
    97.00 deg.: X-S =     9.732524 mb/sr,
+                                         /R =   2.3630E+02
    98.00 deg.: X-S =    10.087642 mb/sr,
+                                         /R =   2.5254E+02
    99.00 deg.: X-S =    10.411188 mb/sr,
+                                         /R =   2.6860E+02
   100.00 deg.: X-S =    10.701719 mb/sr,
+                                         /R =   2.8437E+02
   101.00 deg.: X-S =    10.958159 mb/sr,
+                                         /R =   2.9976E+02
   102.00 deg.: X-S =    11.179781 mb/sr,
+                                         /R =   3.1467E+02
   103.00 deg.: X-S =    11.366195 mb/sr,
+                                         /R =   3.2901E+02
   104.00 deg.: X-S =    11.517328 mb/sr,
+                                         /R =   3.4269E+02
   105.00 deg.: X-S =    11.633408 mb/sr,
+                                         /R =   3.5562E+02
   106.00 deg.: X-S =    11.714950 mb/sr,
+                                         /R =   3.6775E+02
   107.00 deg.: X-S =    11.762734 mb/sr,
+                                         /R =   3.7900E+02
   108.00 deg.: X-S =    11.777791 mb/sr,
+                                         /R =   3.8932E+02
   109.00 deg.: X-S =    11.761380 mb/sr,
+                                         /R =   3.9867E+02
   110.00 deg.: X-S =    11.714971 mb/sr,
+                                         /R =   4.0702E+02
   111.00 deg.: X-S =    11.640228 mb/sr,
+                                         /R =   4.1434E+02
   112.00 deg.: X-S =    11.538988 mb/sr,
+                                         /R =   4.2061E+02
   113.00 deg.: X-S =    11.413241 mb/sr,
+                                         /R =   4.2584E+02
   114.00 deg.: X-S =    11.265113 mb/sr,
+                                         /R =   4.3005E+02
   115.00 deg.: X-S =    11.096847 mb/sr,
+                                         /R =   4.3324E+02
   116.00 deg.: X-S =    10.910779 mb/sr,
+                                         /R =   4.3547E+02
   117.00 deg.: X-S =    10.709328 mb/sr,
+                                         /R =   4.3676E+02
   118.00 deg.: X-S =    10.494968 mb/sr,
+                                         /R =   4.3718E+02
   119.00 deg.: X-S =    10.270218 mb/sr,
+                                         /R =   4.3679E+02
   120.00 deg.: X-S =    10.037619 mb/sr,
+                                         /R =   4.3568E+02
   121.00 deg.: X-S =     9.799717 mb/sr,
+                                         /R =   4.3393E+02
   122.00 deg.: X-S =     9.559049 mb/sr,
+                                         /R =   4.3163E+02
   123.00 deg.: X-S =     9.318123 mb/sr,
+                                         /R =   4.2888E+02
   124.00 deg.: X-S =     9.079407 mb/sr,
+                                         /R =   4.2581E+02
   125.00 deg.: X-S =     8.845307 mb/sr,
+                                         /R =   4.2252E+02
   126.00 deg.: X-S =     8.618160 mb/sr,
+                                         /R =   4.1914E+02
   127.00 deg.: X-S =     8.400212 mb/sr,
+                                         /R =   4.1579E+02
   128.00 deg.: X-S =     8.193614 mb/sr,
+                                         /R =   4.1260E+02
   129.00 deg.: X-S =     8.000405 mb/sr,
+                                         /R =   4.0971E+02
   130.00 deg.: X-S =     7.822498 mb/sr,
+                                         /R =   4.0725E+02
   131.00 deg.: X-S =     7.661676 mb/sr,
+                                         /R =   4.0535E+02
   132.00 deg.: X-S =     7.519580 mb/sr,
+                                         /R =   4.0414E+02
   133.00 deg.: X-S =     7.397699 mb/sr,
+                                         /R =   4.0374E+02
   134.00 deg.: X-S =     7.297363 mb/sr,
+                                         /R =   4.0428E+02
   135.00 deg.: X-S =     7.219739 mb/sr,
+                                         /R =   4.0588E+02
   136.00 deg.: X-S =     7.165824 mb/sr,
+                                         /R =   4.0864E+02
   137.00 deg.: X-S =     7.136439 mb/sr,
+                                         /R =   4.1268E+02
   138.00 deg.: X-S =     7.132230 mb/sr,
+                                         /R =   4.1807E+02
   139.00 deg.: X-S =     7.153662 mb/sr,
+                                         /R =   4.2491E+02
   140.00 deg.: X-S =     7.201019 mb/sr,
+                                         /R =   4.3326E+02
   141.00 deg.: X-S =     7.274404 mb/sr,
+                                         /R =   4.4320E+02
   142.00 deg.: X-S =     7.373742 mb/sr,
+                                         /R =   4.5476E+02
   143.00 deg.: X-S =     7.498778 mb/sr,
+                                         /R =   4.6799E+02
   144.00 deg.: X-S =     7.649084 mb/sr,
+                                         /R =   4.8289E+02
   145.00 deg.: X-S =     7.824059 mb/sr,
+                                         /R =   4.9949E+02
   146.00 deg.: X-S =     8.022938 mb/sr,
+                                         /R =   5.1777E+02
   147.00 deg.: X-S =     8.244797 mb/sr,
+                                         /R =   5.3770E+02
   148.00 deg.: X-S =     8.488555 mb/sr,
+                                         /R =   5.5926E+02
   149.00 deg.: X-S =     8.752990 mb/sr,
+                                         /R =   5.8239E+02
   150.00 deg.: X-S =     9.036740 mb/sr,
+                                         /R =   6.0702E+02
   151.00 deg.: X-S =     9.338317 mb/sr,
+                                         /R =   6.3307E+02
   152.00 deg.: X-S =     9.656113 mb/sr,
+                                         /R =   6.6044E+02
   153.00 deg.: X-S =     9.988414 mb/sr,
+                                         /R =   6.8903E+02
   154.00 deg.: X-S =    10.333408 mb/sr,
+                                         /R =   7.1871E+02
   155.00 deg.: X-S =    10.689200 mb/sr,
+                                         /R =   7.4935E+02
   156.00 deg.: X-S =    11.053820 mb/sr,
+                                         /R =   7.8081E+02
   157.00 deg.: X-S =    11.425237 mb/sr,
+                                         /R =   8.1293E+02
   158.00 deg.: X-S =    11.801375 mb/sr,
+                                         /R =   8.4554E+02
   159.00 deg.: X-S =    12.180119 mb/sr,
+                                         /R =   8.7848E+02
   160.00 deg.: X-S =    12.559333 mb/sr,
+                                         /R =   9.1157E+02
   161.00 deg.: X-S =    12.936873 mb/sr,
+                                         /R =   9.4462E+02
   162.00 deg.: X-S =    13.310598 mb/sr,
+                                         /R =   9.7745E+02
   163.00 deg.: X-S =    13.678383 mb/sr,
+                                         /R =   1.0099E+03
   164.00 deg.: X-S =    14.038133 mb/sr,
+                                         /R =   1.0417E+03
   165.00 deg.: X-S =    14.387797 mb/sr,
+                                         /R =   1.0727E+03
   166.00 deg.: X-S =    14.725377 mb/sr,
+                                         /R =   1.1028E+03
   167.00 deg.: X-S =    15.048941 mb/sr,
+                                         /R =   1.1317E+03
   168.00 deg.: X-S =    15.356637 mb/sr,
+                                         /R =   1.1592E+03
   169.00 deg.: X-S =    15.646701 mb/sr,
+                                         /R =   1.1853E+03
   170.00 deg.: X-S =    15.917469 mb/sr,
+                                         /R =   1.2097E+03
   171.00 deg.: X-S =    16.167387 mb/sr,
+                                         /R =   1.2322E+03
   172.00 deg.: X-S =    16.395019 mb/sr,
+                                         /R =   1.2528E+03
   173.00 deg.: X-S =    16.599056 mb/sr,
+                                         /R =   1.2713E+03
   174.00 deg.: X-S =    16.778327 mb/sr,
+                                         /R =   1.2876E+03
   175.00 deg.: X-S =    16.931800 mb/sr,
+                                         /R =   1.3016E+03
   176.00 deg.: X-S =    17.058591 mb/sr,
+                                         /R =   1.3131E+03
   177.00 deg.: X-S =    17.157971 mb/sr,
+                                         /R =   1.3222E+03
   178.00 deg.: X-S =    17.229369 mb/sr,
+                                         /R =   1.3287E+03
   179.00 deg.: X-S =    17.272372 mb/sr,
+                                         /R =   1.3326E+03
   179.99 deg.: X-S =    17.286733 mb/sr,
+                                         /R =   1.3339E+03
                                           Integrated********** mb, over [   0.000, 180.000] at    30.0000 MeV 
 Finished all xsecs @    4.68750000E-02

  The following files have been created:
   3:local copy of User input.            6:standard output.                   
  13:total cross sections/state.         39:cross sections for each Ecm.       
  40:all cross sectns. for each Elab.    56:Fusion for each Jtotal.            

 PARAMETERS : MAXQRN   MFNL   MLOC  LMAX1 MCLIST
    ALLOWED :      1      9      4    170      6
    REQUIRED:      0      0      4      7      4


 ACCURACY ANALYSIS at    30.000 MeV :

  Elastic h*k = 0.023 so OK       compared with 0.200

   Real(S-el) > 0.01 first at J =       0.5
   Real(S-el) > 0.10 first at J =       0.5
   Real(S-el) > 0.50 first at J =       1.5
   Real(S-el) > 0.90 first at J =       1.5
   Real(S-el) > 0.99 first at J =       2.5
   R-turn =     9.77 fm    at J =       5.5

 Forward-angle excitation cut off below   0.777 deg by max JT =       5.5
                              and below   0.165 deg by max R.

 Total CPU  0 time =       0.05 seconds
