 FRESCO - FRES 3.4: Coupled Reaction Channels
 Assuming NAMELIST input.

 Test reaction with generated potential                                          

   0.040  50.000   0.500   0.000   0.000   0.000   0.000   0.000   0.000   0.000

 Centre-of-mass Range is   1252 * 0.0400 fm., Maximum at  50.00 fm., Interpolating NL forms every  0.52 fm.
 Non - locality width is      4 * 0.0400 fm., Maximum of   0.12 fm., Centred at  0.00 fm.
 2-Nucleon Separation of      0 * 0.5200 fm., Maximum of   0.00 fm., Minimum at  0.00 fm.
 Maximum single particle bins of 49.9200 fm.
               M,Mint =         1251        1249


 Range of total J is     0.0 <= J <=   150.0 (at least     0.0) and Absorbtion =>     0.1000 mb.
 Dry Run = F, CC set limits =  0  0, Relativistic kinematics =  , Both/Far/Near Analyses =  1                     

 Cross Sections (and up to T0 for 0=projectile) for Theta from   0.0 to 180.0 in steps of  1.0 degrees, DGAM=0,  Coordinates = 0 (Mads)

 Lower Radial Cutoff = maximum of -1.60*L*h &       0.0 fm.,  Lower Cutoff for Couplings =   0.0  fm.


 Iterate Couplings between   0 and   0 times, to  0.000 % if sooner.                                          
  Block solved exactly =   0 chs., with Pade = 0 & Isocen =  =0, NOSOL = F, initwf =  0
  NL quadrature with   18 Gaussian points, Calculate multipoles up to   156 from   0
  M-transfers for lp+lt greater than or equal to  6, Angular Integration Cutoff below  2.7778 %


 Trace switches are :  CHANS =  0, LISTCC =  0, TRENEG =  0, CDETR =  0, SMATS =  0, XSTABL =  0, NLPL =  0

                       WAVES =  0, LAMPL =  0, VEFF =  0, KFUS =  0, WDISK =  0, BPM =  0, MELFIL =  0

                       CDCC =  0, NFUS =  0

 Using unit mass = 1.000000 amu and 1/fine-structure constant = 137.03599 ( 1.000000 * true ) with hc = 197.32705 MeV.fm,
  thus 2*amu/hbar^2 = 0.0478450 = 1/20.9008 and Coulomb constant = 0.1574855 so e^2 = 1.43997, and nuclear magneton= 0.1261183

 Now pre-scan input and save to file 3



 *********** PARTITION NUMBER  1 ******************************************************************************************

   PROJ=p          MASS=  1.0000 Z=   1.0,        # STATES=    1T, TARG=4He      MASS=  4.0000 Z=   2.0,     Q-VALUE =   0.0000 MEV.

     1:  J= 0.5+ (B# 1), E=  0.0000, K= 0.5              Potl#  1       J= 0.0+ (B# 1), E=  0.0000, K= 0.0    


 ************************************************************************************************************************************

 The following POTENTIALS are defined :

  KP#       TYPE      IT    SHAPE      at     V1        r1        a1        V2        r2        a2        A-in     A-used


                                            A#1       A#2        r0c       ac                                                h @ 1
    1    0=Coulomb       0=CHARGE (WS)  1     4.000     2.000    4.3872    0.0000    0.0000    0.0000     0.000    23.084   0.04000

    1    1=Volume        0=Woods-Saxon  2   16.9806    1.0485    0.6772   12.0774    1.0485    0.6772     0.000    23.084

    1    2=Surface       0=Woods-Saxon  3    0.0000    0.0000    0.0000    0.5041    1.3172    0.5208     0.000    23.084

    1    3=Projtl S.O.   0=Woods-Saxon  4    3.1496    0.7778    0.5900    0.0000    0.0000    0.0000     0.000    23.084

 Incoming partition  1 in excitation state # 1,   Laboratory Energy given for partition  1 Nucleus 1 in Excitation pair 1

0Lab. ENERGY ranges :

   from    150.000     to   0.00000     in     0 intervals
   from    0.00000     to   0.00000     in     0 intervals
   from    0.00000     to   0.00000     in     0 intervals

 Largest real,imaginary parts of any form factor at R=   49.60 are   2.90E-02  1.54E-29 MeV
 Finished all Couplings @    0.00000000               4

 Symmetric Hamiltonian
1***********************************************************************************************************************************
************************************************************************************************************************************

        INCOMING p        ;    LABORATORY p        ENERGY =   150.00     MeV.

 ***********************************************************************************************************************************
 ***********************************************************************************************************************************


  NOTE: Coulomb excitation cut off below   0.020 deg by JTMAX, and below   0.028 deg by Rmax

 Allocate arrays for            2  channels, of which            1  need wfs.
 Reaction Xsec    17.5+/18 @ 1 =   0.049 , Out:   0.000#
 Reaction Xsec    17.5-/17 @ 1 =   0.095 , Out:   0.000#
 Finished all CC sets @    1.56250000E-02
0CUMULATIVE REACTION cross section                 =  294.40848  <L> =     5.59  <L**2> =     39.3
0CUMULATIVE outgoing cross sections in partition 1 :    0.00000
0Cumulative ABSORBTION by Imaginary Potentials     =  294.40848  <L> =     5.59  <L**2> =     39.3
   Fusion for specific p        M-states :  294.408482  294.408482
0CUMULATIVE OUTGOING cross section                 =    0.00000
 To convert to S-factors (MeV.mb = keV.b),  multiply by  1.4104E+02


 CROSS SECTIONS FOR OUTGOING p        & 4He      in state #   1 with spins & parities 0.5  + &  0.0  +;  0

     0.01 deg.: X-S =   6.2070E+12 mb/sr,
+                                         /R =   9.9998E-01
     1.00 deg.: X-S =   5.0775E+04 mb/sr,
+                                         /R =   8.1797E-01
     2.00 deg.: X-S =  1963.023909 mb/sr,
+                                         /R =   5.0590E-01
     3.00 deg.: X-S =   509.443591 mb/sr,
+                                         /R =   6.6449E-01
     4.00 deg.: X-S =   521.144159 mb/sr,
+                                         /R =   2.1476E+00
     5.00 deg.: X-S =   586.523089 mb/sr,
+                                         /R =   5.8982E+00
     6.00 deg.: X-S =   612.328832 mb/sr,
+                                         /R =   1.2762E+01
     7.00 deg.: X-S =   604.175907 mb/sr,
+                                         /R =   2.3312E+01
     8.00 deg.: X-S =   573.574904 mb/sr,
+                                         /R =   3.7727E+01
     9.00 deg.: X-S =   529.328127 mb/sr,
+                                         /R =   5.5721E+01
    10.00 deg.: X-S =   477.646396 mb/sr,
+                                         /R =   7.6561E+01
    11.00 deg.: X-S =   422.909132 mb/sr,
+                                         /R =   9.9142E+01
    12.00 deg.: X-S =   368.208152 mb/sr,
+                                         /R =   1.2211E+02
    13.00 deg.: X-S =   315.691039 mb/sr,
+                                         /R =   1.4402E+02
    14.00 deg.: X-S =   266.786289 mb/sr,
+                                         /R =   1.6348E+02
    15.00 deg.: X-S =   222.364564 mb/sr,
+                                         /R =   1.7930E+02
    16.00 deg.: X-S =   182.864743 mb/sr,
+                                         /R =   1.9058E+02
    17.00 deg.: X-S =   148.398247 mb/sr,
+                                         /R =   1.9677E+02
    18.00 deg.: X-S =   118.837240 mb/sr,
+                                         /R =   1.9770E+02
    19.00 deg.: X-S =    93.888757 mb/sr,
+                                         /R =   1.9354E+02
    20.00 deg.: X-S =    73.155541 mb/sr,
+                                         /R =   1.8478E+02
    21.00 deg.: X-S =    56.184297 mb/sr,
+                                         /R =   1.7213E+02
    22.00 deg.: X-S =    42.502342 mb/sr,
+                                         /R =   1.5650E+02
    23.00 deg.: X-S =    31.644060 mb/sr,
+                                         /R =   1.3888E+02
    24.00 deg.: X-S =    23.168786 mb/sr,
+                                         /R =   1.2026E+02
    25.00 deg.: X-S =    16.671852 mb/sr,
+                                         /R =   1.0164E+02
    26.00 deg.: X-S =    11.790418 mb/sr,
+                                         /R =   8.3869E+01
    27.00 deg.: X-S =     8.205574 mb/sr,
+                                         /R =   6.7697E+01
    28.00 deg.: X-S =     5.641879 mb/sr,
+                                         /R =   5.3684E+01
    29.00 deg.: X-S =     3.865307 mb/sr,
+                                         /R =   4.2199E+01
    30.00 deg.: X-S =     2.680270 mb/sr,
+                                         /R =   3.3410E+01
    31.00 deg.: X-S =     1.926192 mb/sr,
+                                         /R =   2.7291E+01
    32.00 deg.: X-S =     1.473935 mb/sr,
+                                         /R =   2.3635E+01
    33.00 deg.: X-S =     1.222209 mb/sr,
+                                         /R =   2.2092E+01
    34.00 deg.: X-S =     1.094053 mb/sr,
+                                         /R =   2.2207E+01
    35.00 deg.: X-S =     1.033379 mb/sr,
+                                         /R =   2.3472E+01
    36.00 deg.: X-S =     1.001596 mb/sr,
+                                         /R =   2.5371E+01
    37.00 deg.: X-S =     0.974308 mb/sr,
+                                         /R =   2.7436E+01
    38.00 deg.: X-S =     0.938154 mb/sr,
+                                         /R =   2.9279E+01
    39.00 deg.: X-S =     0.887846 mb/sr,
+                                         /R =   3.0622E+01
    40.00 deg.: X-S =     0.823512 mb/sr,
+                                         /R =   3.1304E+01
    41.00 deg.: X-S =     0.748433 mb/sr,
+                                         /R =   3.1273E+01
    42.00 deg.: X-S =     0.667257 mb/sr,
+                                         /R =   3.0572E+01
    43.00 deg.: X-S =     0.584706 mb/sr,
+                                         /R =   2.9306E+01
    44.00 deg.: X-S =     0.504779 mb/sr,
+                                         /R =   2.7614E+01
    45.00 deg.: X-S =     0.430373 mb/sr,
+                                         /R =   2.5640E+01
    46.00 deg.: X-S =     0.363225 mb/sr,
+                                         /R =   2.3518E+01
    47.00 deg.: X-S =     0.304078 mb/sr,
+                                         /R =   2.1355E+01
    48.00 deg.: X-S =     0.252930 mb/sr,
+                                         /R =   1.9230E+01
    49.00 deg.: X-S =     0.209317 mb/sr,
+                                         /R =   1.7196E+01
    50.00 deg.: X-S =     0.172541 mb/sr,
+                                         /R =   1.5290E+01
    51.00 deg.: X-S =     0.141834 mb/sr,
+                                         /R =   1.3534E+01
    52.00 deg.: X-S =     0.116454 mb/sr,
+                                         /R =   1.1947E+01
    53.00 deg.: X-S =     0.095726 mb/sr,
+                                         /R =   1.0540E+01
    54.00 deg.: X-S =     0.079042 mb/sr,
+                                         /R =   9.3275E+00
    55.00 deg.: X-S =     0.065857 mb/sr,
+                                         /R =   8.3165E+00
    56.00 deg.: X-S =     0.055668 mb/sr,
+                                         /R =   7.5121E+00
    57.00 deg.: X-S =     0.048002 mb/sr,
+                                         /R =   6.9124E+00
    58.00 deg.: X-S =     0.042407 mb/sr,
+                                         /R =   6.5079E+00
    59.00 deg.: X-S =     0.038442 mb/sr,
+                                         /R =   6.2788E+00
    60.00 deg.: X-S =     0.035678 mb/sr,
+                                         /R =   6.1944E+00
    61.00 deg.: X-S =     0.033706 mb/sr,
+                                         /R =   6.2129E+00
    62.00 deg.: X-S =     0.032142 mb/sr,
+                                         /R =   6.2827E+00
    63.00 deg.: X-S =     0.030656 mb/sr,
+                                         /R =   6.3471E+00
    64.00 deg.: X-S =     0.028989 mb/sr,
+                                         /R =   6.3502E+00
    65.00 deg.: X-S =     0.026976 mb/sr,
+                                         /R =   6.2455E+00
    66.00 deg.: X-S =     0.024560 mb/sr,
+                                         /R =   6.0033E+00
    67.00 deg.: X-S =     0.021785 mb/sr,
+                                         /R =   5.6162E+00
    68.00 deg.: X-S =     0.018778 mb/sr,
+                                         /R =   5.1005E+00
    69.00 deg.: X-S =     0.015716 mb/sr,
+                                         /R =   4.4934E+00
    70.00 deg.: X-S =     0.012786 mb/sr,
+                                         /R =   3.8445E+00
    71.00 deg.: X-S =     0.010148 mb/sr,
+                                         /R =   3.2057E+00
    72.00 deg.: X-S =     0.007905 mb/sr,
+                                         /R =   2.6213E+00
    73.00 deg.: X-S =     0.006098 mb/sr,
+                                         /R =   2.1204E+00
    74.00 deg.: X-S =     0.004703 mb/sr,
+                                         /R =   1.7137E+00
    75.00 deg.: X-S =     0.003659 mb/sr,
+                                         /R =   1.3958E+00
    76.00 deg.: X-S =     0.002883 mb/sr,
+                                         /R =   1.1505E+00
    77.00 deg.: X-S =     0.002297 mb/sr,
+                                         /R =   9.5808E-01
    78.00 deg.: X-S =     0.001840 mb/sr,
+                                         /R =   8.0152E-01
    79.00 deg.: X-S =     0.001473 mb/sr,
+                                         /R =   6.6969E-01
    80.00 deg.: X-S =     0.001176 mb/sr,
+                                         /R =   5.5757E-01
    81.00 deg.: X-S =     0.000939 mb/sr,
+                                         /R =   4.6391E-01
    82.00 deg.: X-S =     0.000754 mb/sr,
+                                         /R =   3.8798E-01
    83.00 deg.: X-S =     0.000611 mb/sr,
+                                         /R =   3.2739E-01
    84.00 deg.: X-S =     0.000499 mb/sr,
+                                         /R =   2.7797E-01
    85.00 deg.: X-S =     0.000407 mb/sr,
+                                         /R =   2.3558E-01
    86.00 deg.: X-S =     0.000331 mb/sr,
+                                         /R =   1.9891E-01
    87.00 deg.: X-S =     0.000275 mb/sr,
+                                         /R =   1.7145E-01
    88.00 deg.: X-S =     0.000249 mb/sr,
+                                         /R =   1.6130E-01
    89.00 deg.: X-S =     0.000266 mb/sr,
+                                         /R =   1.7832E-01
    90.00 deg.: X-S =     0.000330 mb/sr,
+                                         /R =   2.2949E-01
    91.00 deg.: X-S =     0.000437 mb/sr,
+                                         /R =   3.1423E-01
    92.00 deg.: X-S =     0.000567 mb/sr,
+                                         /R =   4.2181E-01
    93.00 deg.: X-S =     0.000692 mb/sr,
+                                         /R =   5.3239E-01
    94.00 deg.: X-S =     0.000782 mb/sr,
+                                         /R =   6.2164E-01
    95.00 deg.: X-S =     0.000814 mb/sr,
+                                         /R =   6.6785E-01
    96.00 deg.: X-S =     0.000777 mb/sr,
+                                         /R =   6.5873E-01
    97.00 deg.: X-S =     0.000682 mb/sr,
+                                         /R =   5.9574E-01
    98.00 deg.: X-S =     0.000548 mb/sr,
+                                         /R =   4.9377E-01
    99.00 deg.: X-S =     0.000405 mb/sr,
+                                         /R =   3.7649E-01
   100.00 deg.: X-S =     0.000281 mb/sr,
+                                         /R =   2.6866E-01
   101.00 deg.: X-S =     0.000191 mb/sr,
+                                         /R =   1.8834E-01
   102.00 deg.: X-S =     0.000140 mb/sr,
+                                         /R =   1.4193E-01
   103.00 deg.: X-S =     0.000119 mb/sr,
+                                         /R =   1.2362E-01
   104.00 deg.: X-S =     0.000112 mb/sr,
+                                         /R =   1.1955E-01
   105.00 deg.: X-S =     0.000104 mb/sr,
+                                         /R =   1.1479E-01
   106.00 deg.: X-S =   8.8732E-05 mb/sr,
+                                         /R =   1.0028E-01
   107.00 deg.: X-S =   6.6140E-05 mb/sr,
+                                         /R =   7.6718E-02
   108.00 deg.: X-S =   4.5406E-05 mb/sr,
+                                         /R =   5.4034E-02
   109.00 deg.: X-S =   3.8000E-05 mb/sr,
+                                         /R =   4.6370E-02
   110.00 deg.: X-S =   5.1903E-05 mb/sr,
+                                         /R =   6.4919E-02
   111.00 deg.: X-S =   8.7091E-05 mb/sr,
+                                         /R =   1.1160E-01
   112.00 deg.: X-S =     0.000134 mb/sr,
+                                         /R =   1.7647E-01
   113.00 deg.: X-S =     0.000179 mb/sr,
+                                         /R =   2.4018E-01
   114.00 deg.: X-S =     0.000204 mb/sr,
+                                         /R =   2.8085E-01
   115.00 deg.: X-S =     0.000201 mb/sr,
+                                         /R =   2.8252E-01
   116.00 deg.: X-S =     0.000168 mb/sr,
+                                         /R =   2.4201E-01
   117.00 deg.: X-S =     0.000116 mb/sr,
+                                         /R =   1.7099E-01
   118.00 deg.: X-S =   6.1554E-05 mb/sr,
+                                         /R =   9.2308E-02
   119.00 deg.: X-S =   2.0677E-05 mb/sr,
+                                         /R =   3.1658E-02
   120.00 deg.: X-S =   5.0468E-06 mb/sr,
+                                         /R =   7.8861E-03
   121.00 deg.: X-S =   1.6108E-05 mb/sr,
+                                         /R =   2.5678E-02
   122.00 deg.: X-S =   4.5364E-05 mb/sr,
+                                         /R =   7.3741E-02
   123.00 deg.: X-S =   7.8076E-05 mb/sr,
+                                         /R =   1.2937E-01
   124.00 deg.: X-S =   9.9347E-05 mb/sr,
+                                         /R =   1.6773E-01
   125.00 deg.: X-S =     0.000100 mb/sr,
+                                         /R =   1.7221E-01
   126.00 deg.: X-S =   8.0881E-05 mb/sr,
+                                         /R =   1.4161E-01
   127.00 deg.: X-S =   5.1096E-05 mb/sr,
+                                         /R =   9.1047E-02
   128.00 deg.: X-S =   2.5406E-05 mb/sr,
+                                         /R =   4.6057E-02
   129.00 deg.: X-S =   1.7331E-05 mb/sr,
+                                         /R =   3.1952E-02
   130.00 deg.: X-S =   3.3491E-05 mb/sr,
+                                         /R =   6.2770E-02
   131.00 deg.: X-S =   7.0538E-05 mb/sr,
+                                         /R =   1.3435E-01
   132.00 deg.: X-S =     0.000116 mb/sr,
+                                         /R =   2.2465E-01
   133.00 deg.: X-S =     0.000153 mb/sr,
+                                         /R =   3.0154E-01
   134.00 deg.: X-S =     0.000168 mb/sr,
+                                         /R =   3.3529E-01
   135.00 deg.: X-S =     0.000154 mb/sr,
+                                         /R =   3.1080E-01
   136.00 deg.: X-S =     0.000114 mb/sr,
+                                         /R =   2.3457E-01
   137.00 deg.: X-S =   6.4058E-05 mb/sr,
+                                         /R =   1.3335E-01
   138.00 deg.: X-S =   2.1080E-05 mb/sr,
+                                         /R =   4.4484E-02
   139.00 deg.: X-S =   7.1445E-07 mb/sr,
+                                         /R =   1.5277E-03
   140.00 deg.: X-S =   9.6091E-06 mb/sr,
+                                         /R =   2.0813E-02
   141.00 deg.: X-S =   4.3020E-05 mb/sr,
+                                         /R =   9.4357E-02
   142.00 deg.: X-S =   8.6643E-05 mb/sr,
+                                         /R =   1.9237E-01
   143.00 deg.: X-S =     0.000122 mb/sr,
+                                         /R =   2.7475E-01
   144.00 deg.: X-S =     0.000135 mb/sr,
+                                         /R =   3.0730E-01
   145.00 deg.: X-S =     0.000120 mb/sr,
+                                         /R =   2.7626E-01
   146.00 deg.: X-S =   8.3955E-05 mb/sr,
+                                         /R =   1.9505E-01
   147.00 deg.: X-S =   4.2650E-05 mb/sr,
+                                         /R =   1.0013E-01
   148.00 deg.: X-S =   1.5590E-05 mb/sr,
+                                         /R =   3.6976E-02
   149.00 deg.: X-S =   1.7290E-05 mb/sr,
+                                         /R =   4.1416E-02
   150.00 deg.: X-S =   5.1180E-05 mb/sr,
+                                         /R =   1.2376E-01
   151.00 deg.: X-S =     0.000108 mb/sr,
+                                         /R =   2.6238E-01
   152.00 deg.: X-S =     0.000167 mb/sr,
+                                         /R =   4.1001E-01
   153.00 deg.: X-S =     0.000206 mb/sr,
+                                         /R =   5.1115E-01
   154.00 deg.: X-S =     0.000209 mb/sr,
+                                         /R =   5.2419E-01
   155.00 deg.: X-S =     0.000174 mb/sr,
+                                         /R =   4.3962E-01
   156.00 deg.: X-S =     0.000113 mb/sr,
+                                         /R =   2.8664E-01
   157.00 deg.: X-S =   4.8699E-05 mb/sr,
+                                         /R =   1.2474E-01
   158.00 deg.: X-S =   8.6260E-06 mb/sr,
+                                         /R =   2.2249E-02
   159.00 deg.: X-S =   1.1442E-05 mb/sr,
+                                         /R =   2.9710E-02
   160.00 deg.: X-S =   6.0514E-05 mb/sr,
+                                         /R =   1.5812E-01
   161.00 deg.: X-S =     0.000141 mb/sr,
+                                         /R =   3.7116E-01
   162.00 deg.: X-S =     0.000225 mb/sr,
+                                         /R =   5.9565E-01
   163.00 deg.: X-S =     0.000281 mb/sr,
+                                         /R =   7.4761E-01
   164.00 deg.: X-S =     0.000286 mb/sr,
+                                         /R =   7.6499E-01
   165.00 deg.: X-S =     0.000237 mb/sr,
+                                         /R =   6.3504E-01
   166.00 deg.: X-S =     0.000150 mb/sr,
+                                         /R =   4.0509E-01
   167.00 deg.: X-S =   6.3294E-05 mb/sr,
+                                         /R =   1.7135E-01
   168.00 deg.: X-S =   1.7603E-05 mb/sr,
+                                         /R =   4.7837E-02
   169.00 deg.: X-S =   4.6068E-05 mb/sr,
+                                         /R =   1.2563E-01
   170.00 deg.: X-S =     0.000160 mb/sr,
+                                         /R =   4.3647E-01
   171.00 deg.: X-S =     0.000341 mb/sr,
+                                         /R =   9.3448E-01
   172.00 deg.: X-S =     0.000547 mb/sr,
+                                         /R =   1.5041E+00
   173.00 deg.: X-S =     0.000723 mb/sr,
+                                         /R =   1.9928E+00
   174.00 deg.: X-S =     0.000818 mb/sr,
+                                         /R =   2.2595E+00
   175.00 deg.: X-S =     0.000803 mb/sr,
+                                         /R =   2.2219E+00
   176.00 deg.: X-S =     0.000681 mb/sr,
+                                         /R =   1.8870E+00
   177.00 deg.: X-S =     0.000488 mb/sr,
+                                         /R =   1.3529E+00
   178.00 deg.: X-S =     0.000281 mb/sr,
+                                         /R =   7.8134E-01
   179.00 deg.: X-S =     0.000125 mb/sr,
+                                         /R =   3.4785E-01
   179.99 deg.: X-S =   6.7202E-05 mb/sr,
+                                         /R =   1.8668E-01
                                           Integrated********** mb, over [   0.000, 180.000] at   150.0000 MeV 
 Finished all xsecs @    3.12500000E-02

  The following files have been created:
   3:local copy of User input.            6:standard output.                   
  13:total cross sections/state.         39:cross sections for each Ecm.       
  40:all cross sectns. for each Elab.    56:Fusion for each Jtotal.            

 PARAMETERS : MAXQRN   MFNL   MLOC  LMAX1 MCLIST
    ALLOWED :      1      1      4    170      6
    REQUIRED:      0      0      4     19      4


 ACCURACY ANALYSIS at   150.000 MeV :

  Elastic h*k = 0.086 so OK       compared with 0.200

   Real(S-el) > 0.01 first at J =       0.5
   Real(S-el) > 0.10 first at J =       0.5
   Real(S-el) > 0.50 first at J =       3.5
   Real(S-el) > 0.90 first at J =       8.5
   Real(S-el) > 0.99 first at J =      12.5
   R-turn =     8.17 fm    at J =      17.5

 Forward-angle excitation cut off below   0.164 deg by max JT =      17.5
                              and below   0.028 deg by max R.

 Total CPU  0 time =       0.03 seconds
