 FRESCO - FRES 3.4: Coupled Reaction Channels
 Assuming NAMELIST input.

 Test reaction with generated potential                                          

   0.040  50.000   0.500   0.000   0.000   0.000   0.000   0.000   0.000   0.000

 Centre-of-mass Range is   1252 * 0.0400 fm., Maximum at  50.00 fm., Interpolating NL forms every  0.52 fm.
 Non - locality width is      4 * 0.0400 fm., Maximum of   0.12 fm., Centred at  0.00 fm.
 2-Nucleon Separation of      0 * 0.5200 fm., Maximum of   0.00 fm., Minimum at  0.00 fm.
 Maximum single particle bins of 49.9200 fm.
               M,Mint =         1251        1249


 Range of total J is     0.0 <= J <=   150.0 (at least     0.0) and Absorbtion =>     0.1000 mb.
 Dry Run = F, CC set limits =  0  0, Relativistic kinematics =  , Both/Far/Near Analyses =  1                     

 Cross Sections (and up to T0 for 0=projectile) for Theta from   0.0 to 180.0 in steps of  1.0 degrees, DGAM=0,  Coordinates = 0 (Mads)

 Lower Radial Cutoff = maximum of -1.60*L*h &       0.0 fm.,  Lower Cutoff for Couplings =   0.0  fm.


 Iterate Couplings between   0 and   0 times, to  0.000 % if sooner.                                          
  Block solved exactly =   0 chs., with Pade = 0 & Isocen =  =0, NOSOL = F, initwf =  0
  NL quadrature with   18 Gaussian points, Calculate multipoles up to   156 from   0
  M-transfers for lp+lt greater than or equal to  6, Angular Integration Cutoff below  2.7778 %


 Trace switches are :  CHANS =  0, LISTCC =  0, TRENEG =  0, CDETR =  0, SMATS =  0, XSTABL =  0, NLPL =  0

                       WAVES =  0, LAMPL =  0, VEFF =  0, KFUS =  0, WDISK =  0, BPM =  0, MELFIL =  0

                       CDCC =  0, NFUS =  0

 Using unit mass = 1.000000 amu and 1/fine-structure constant = 137.03599 ( 1.000000 * true ) with hc = 197.32705 MeV.fm,
  thus 2*amu/hbar^2 = 0.0478450 = 1/20.9008 and Coulomb constant = 0.1574855 so e^2 = 1.43997, and nuclear magneton= 0.1261183

 Now pre-scan input and save to file 3



 *********** PARTITION NUMBER  1 ******************************************************************************************

   PROJ=4He        MASS=  4.0000 Z=   2.0,        # STATES=    1T, TARG=p        MASS=  1.0000 Z=   1.0,     Q-VALUE =   0.0000 MEV.

     1:  J= 0.0+ (B# 1), E=  0.0000, K= 0.0              Potl#  1       J= 0.5+ (B# 1), E=  0.0000, K= 0.5    


 ************************************************************************************************************************************

 The following POTENTIALS are defined :

  KP#       TYPE      IT    SHAPE      at     V1        r1        a1        V2        r2        a2        A-in     A-used


                                            A#1       A#2        r0c       ac                                                h @ 1
    1    0=Coulomb       0=CHARGE (WS)  1     1.000     1.000    3.2343    0.0000    0.0000    0.0000     0.000     8.000   0.04000

    1    1=Volume        0=Woods-Saxon  2   70.0000    1.2500    0.6500   15.0000    1.2500    0.6500     0.000     8.000

    1    2=Surface       0=Woods-Saxon  3    0.0000    0.0000    0.0000    5.0000    1.3000    0.6500     0.000     8.000

    1    3=Projtl S.O.   0=Woods-Saxon  4    0.0000    1.0000    0.6500    0.0000    0.0000    0.0000     0.000     8.000

 Incoming partition  1 in excitation state # 1,   Laboratory Energy given for partition  1 Nucleus 1 in Excitation pair 1

0Lab. ENERGY ranges :

   from    335.000     to   0.00000     in     0 intervals
   from    0.00000     to   0.00000     in     0 intervals
   from    0.00000     to   0.00000     in     0 intervals

 Largest real,imaginary parts of any form factor at R=   49.60 are   2.90E-02  7.91E-31 MeV
 Finished all Couplings @    1.56250000E-02           4

 Symmetric Hamiltonian
1***********************************************************************************************************************************
************************************************************************************************************************************

        INCOMING 4He      ;    LABORATORY 4He      ENERGY =   335.00     MeV.

 ***********************************************************************************************************************************
 ***********************************************************************************************************************************


  NOTE: Coulomb excitation cut off below   0.026 deg by JTMAX, and below   0.049 deg by Rmax

 Allocate arrays for            1  channels, of which            1  need wfs.
 Reaction Xsec    13.5-/13 @ 1 =   0.137 , Out:   0.000#
 Reaction Xsec    14.5+/14 @ 1 =   0.060 , Out:   0.000#
 Finished all CC sets @    1.56250000E-02
0CUMULATIVE REACTION cross section                 =  454.79641  <L> =     4.30  <L**2> =     22.7
0CUMULATIVE outgoing cross sections in partition 1 :    0.00000
0Cumulative ABSORBTION by Imaginary Potentials     =  454.79641  <L> =     4.30  <L**2> =     22.7
   Fusion for specific 4He      M-states :  638.551506
0CUMULATIVE OUTGOING cross section                 =    0.00000
 To convert to S-factors (MeV.mb = keV.b),  multiply by  8.3175E+01


 CROSS SECTIONS FOR OUTGOING 4He      & p        in state #   1 with spins & parities 0.0  + &  0.5  +;  0

     0.01 deg.: X-S =   1.9911E+13 mb/sr,
+                                         /R =   9.9998E-01
     1.00 deg.: X-S =   1.7948E+05 mb/sr,
+                                         /R =   9.0132E-01
     2.00 deg.: X-S =  9609.274670 mb/sr,
+                                         /R =   7.7200E-01
     3.00 deg.: X-S =  2497.400569 mb/sr,
+                                         /R =   1.0155E+00
     4.00 deg.: X-S =  1741.502891 mb/sr,
+                                         /R =   2.2372E+00
     5.00 deg.: X-S =  1655.466965 mb/sr,
+                                         /R =   5.1897E+00
     6.00 deg.: X-S =  1646.463731 mb/sr,
+                                         /R =   1.0697E+01
     7.00 deg.: X-S =  1626.842367 mb/sr,
+                                         /R =   1.9568E+01
     8.00 deg.: X-S =  1585.598261 mb/sr,
+                                         /R =   3.2511E+01
     9.00 deg.: X-S =  1525.244293 mb/sr,
+                                         /R =   5.0052E+01
    10.00 deg.: X-S =  1450.212933 mb/sr,
+                                         /R =   7.2464E+01
    11.00 deg.: X-S =  1364.618338 mb/sr,
+                                         /R =   9.9726E+01
    12.00 deg.: X-S =  1271.933833 mb/sr,
+                                         /R =   1.3149E+02
    13.00 deg.: X-S =  1175.049290 mb/sr,
+                                         /R =   1.6711E+02
    14.00 deg.: X-S =  1076.373637 mb/sr,
+                                         /R =   2.0561E+02
    15.00 deg.: X-S =   977.916948 mb/sr,
+                                         /R =   2.4581E+02
    16.00 deg.: X-S =   881.347657 mb/sr,
+                                         /R =   2.8633E+02
    17.00 deg.: X-S =   788.032012 mb/sr,
+                                         /R =   3.2573E+02
    18.00 deg.: X-S =   699.062977 mb/sr,
+                                         /R =   3.6254E+02
    19.00 deg.: X-S =   615.283750 mb/sr,
+                                         /R =   3.9538E+02
    20.00 deg.: X-S =   537.309141 mb/sr,
+                                         /R =   4.2307E+02
    21.00 deg.: X-S =   465.546632 mb/sr,
+                                         /R =   4.4463E+02
    22.00 deg.: X-S =   400.217947 mb/sr,
+                                         /R =   4.5941E+02
    23.00 deg.: X-S =   341.381344 mb/sr,
+                                         /R =   4.6705E+02
    24.00 deg.: X-S =   288.954428 mb/sr,
+                                         /R =   4.6757E+02
    25.00 deg.: X-S =   242.737101 mb/sr,
+                                         /R =   4.6131E+02
    26.00 deg.: X-S =   202.434138 mb/sr,
+                                         /R =   4.4889E+02
    27.00 deg.: X-S =   167.676885 mb/sr,
+                                         /R =   4.3124E+02
    28.00 deg.: X-S =   138.043627 mb/sr,
+                                         /R =   4.0947E+02
    29.00 deg.: X-S =   113.078217 mb/sr,
+                                         /R =   3.8484E+02
    30.00 deg.: X-S =    92.306710 mb/sr,
+                                         /R =   3.5869E+02
    31.00 deg.: X-S =    75.251788 mb/sr,
+                                         /R =   3.3237E+02
    32.00 deg.: X-S =    61.444910 mb/sr,
+                                         /R =   3.0715E+02
    33.00 deg.: X-S =    50.436176 mb/sr,
+                                         /R =   2.8419E+02
    34.00 deg.: X-S =    41.802007 mb/sr,
+                                         /R =   2.6451E+02
    35.00 deg.: X-S =    35.150761 mb/sr,
+                                         /R =   2.4889E+02
    36.00 deg.: X-S =    30.126490 mb/sr,
+                                         /R =   2.3789E+02
    37.00 deg.: X-S =    26.411037 mb/sr,
+                                         /R =   2.3184E+02
    38.00 deg.: X-S =    23.724735 mb/sr,
+                                         /R =   2.3082E+02
    39.00 deg.: X-S =    21.825912 mb/sr,
+                                         /R =   2.3467E+02
    40.00 deg.: X-S =    20.509455 mb/sr,
+                                         /R =   2.4303E+02
    41.00 deg.: X-S =    19.604647 mb/sr,
+                                         /R =   2.5537E+02
    42.00 deg.: X-S =    18.972471 mb/sr,
+                                         /R =   2.7099E+02
    43.00 deg.: X-S =    18.502568 mb/sr,
+                                         /R =   2.8909E+02
    44.00 deg.: X-S =    18.109996 mb/sr,
+                                         /R =   3.0883E+02
    45.00 deg.: X-S =    17.731927 mb/sr,
+                                         /R =   3.2932E+02
    46.00 deg.: X-S =    17.324392 mb/sr,
+                                         /R =   3.4968E+02
    47.00 deg.: X-S =    16.859149 mb/sr,
+                                         /R =   3.6910E+02
    48.00 deg.: X-S =    16.320755 mb/sr,
+                                         /R =   3.8681E+02
    49.00 deg.: X-S =    15.703880 mb/sr,
+                                         /R =   4.0218E+02
    50.00 deg.: X-S =    15.010897 mb/sr,
+                                         /R =   4.1467E+02
    51.00 deg.: X-S =    14.249768 mb/sr,
+                                         /R =   4.2389E+02
    52.00 deg.: X-S =    13.432221 mb/sr,
+                                         /R =   4.2956E+02
    53.00 deg.: X-S =    12.572232 mb/sr,
+                                         /R =   4.3155E+02
    54.00 deg.: X-S =    11.684777 mb/sr,
+                                         /R =   4.2985E+02
    55.00 deg.: X-S =    10.784855 mb/sr,
+                                         /R =   4.2456E+02
    56.00 deg.: X-S =     9.886738 mb/sr,
+                                         /R =   4.1591E+02
    57.00 deg.: X-S =     9.003437 mb/sr,
+                                         /R =   4.0417E+02
    58.00 deg.: X-S =     8.146351 mb/sr,
+                                         /R =   3.8972E+02
    59.00 deg.: X-S =     7.325063 mb/sr,
+                                         /R =   3.7297E+02
    60.00 deg.: X-S =     6.547263 mb/sr,
+                                         /R =   3.5436E+02
    61.00 deg.: X-S =     5.818767 mb/sr,
+                                         /R =   3.3436E+02
    62.00 deg.: X-S =     5.143613 mb/sr,
+                                         /R =   3.1342E+02
    63.00 deg.: X-S =     4.524200 mb/sr,
+                                         /R =   2.9200E+02
    64.00 deg.: X-S =     3.961472 mb/sr,
+                                         /R =   2.7052E+02
    65.00 deg.: X-S =     3.455111 mb/sr,
+                                         /R =   2.4936E+02
    66.00 deg.: X-S =     3.003737 mb/sr,
+                                         /R =   2.2888E+02
    67.00 deg.: X-S =     2.605111 mb/sr,
+                                         /R =   2.0936E+02
    68.00 deg.: X-S =     2.256321 mb/sr,
+                                         /R =   1.9105E+02
    69.00 deg.: X-S =     1.953960 mb/sr,
+                                         /R =   1.7415E+02
    70.00 deg.: X-S =     1.694279 mb/sr,
+                                         /R =   1.5880E+02
    71.00 deg.: X-S =     1.473329 mb/sr,
+                                         /R =   1.4508E+02
    72.00 deg.: X-S =     1.287081 mb/sr,
+                                         /R =   1.3304E+02
    73.00 deg.: X-S =     1.131531 mb/sr,
+                                         /R =   1.2267E+02
    74.00 deg.: X-S =     1.002780 mb/sr,
+                                         /R =   1.1391E+02
    75.00 deg.: X-S =     0.897106 mb/sr,
+                                         /R =   1.0669E+02
    76.00 deg.: X-S =     0.811016 mb/sr,
+                                         /R =   1.0090E+02
    77.00 deg.: X-S =     0.741288 mb/sr,
+                                         /R =   9.6403E+01
    78.00 deg.: X-S =     0.684994 mb/sr,
+                                         /R =   9.3042E+01
    79.00 deg.: X-S =     0.639519 mb/sr,
+                                         /R =   9.0657E+01
    80.00 deg.: X-S =     0.602565 mb/sr,
+                                         /R =   8.9080E+01
    81.00 deg.: X-S =     0.572149 mb/sr,
+                                         /R =   8.8144E+01
    82.00 deg.: X-S =     0.546590 mb/sr,
+                                         /R =   8.7688E+01
    83.00 deg.: X-S =     0.524493 mb/sr,
+                                         /R =   8.7560E+01
    84.00 deg.: X-S =     0.504728 mb/sr,
+                                         /R =   8.7621E+01
    85.00 deg.: X-S =     0.486402 mb/sr,
+                                         /R =   8.7748E+01
    86.00 deg.: X-S =     0.468837 mb/sr,
+                                         /R =   8.7834E+01
    87.00 deg.: X-S =     0.451533 mb/sr,
+                                         /R =   8.7790E+01
    88.00 deg.: X-S =     0.434147 mb/sr,
+                                         /R =   8.7544E+01
    89.00 deg.: X-S =     0.416465 mb/sr,
+                                         /R =   8.7043E+01
    90.00 deg.: X-S =     0.398373 mb/sr,
+                                         /R =   8.6245E+01
    91.00 deg.: X-S =     0.379839 mb/sr,
+                                         /R =   8.5128E+01
    92.00 deg.: X-S =     0.360892 mb/sr,
+                                         /R =   8.3679E+01
    93.00 deg.: X-S =     0.341603 mb/sr,
+                                         /R =   8.1898E+01
    94.00 deg.: X-S =     0.322075 mb/sr,
+                                         /R =   7.9795E+01
    95.00 deg.: X-S =     0.302431 mb/sr,
+                                         /R =   7.7385E+01
    96.00 deg.: X-S =     0.282804 mb/sr,
+                                         /R =   7.4694E+01
    97.00 deg.: X-S =     0.263328 mb/sr,
+                                         /R =   7.1751E+01
    98.00 deg.: X-S =     0.244141 mb/sr,
+                                         /R =   6.8591E+01
    99.00 deg.: X-S =     0.225372 mb/sr,
+                                         /R =   6.5251E+01
   100.00 deg.: X-S =     0.207143 mb/sr,
+                                         /R =   6.1772E+01
   101.00 deg.: X-S =     0.189566 mb/sr,
+                                         /R =   5.8196E+01
   102.00 deg.: X-S =     0.172740 mb/sr,
+                                         /R =   5.4564E+01
   103.00 deg.: X-S =     0.156749 mb/sr,
+                                         /R =   5.0920E+01
   104.00 deg.: X-S =     0.141664 mb/sr,
+                                         /R =   4.7304E+01
   105.00 deg.: X-S =     0.127539 mb/sr,
+                                         /R =   4.3754E+01
   106.00 deg.: X-S =     0.114411 mb/sr,
+                                         /R =   4.0306E+01
   107.00 deg.: X-S =     0.102300 mb/sr,
+                                         /R =   3.6991E+01
   108.00 deg.: X-S =     0.091212 mb/sr,
+                                         /R =   3.3837E+01
   109.00 deg.: X-S =     0.081137 mb/sr,
+                                         /R =   3.0865E+01
   110.00 deg.: X-S =     0.072048 mb/sr,
+                                         /R =   2.8092E+01
   111.00 deg.: X-S =     0.063912 mb/sr,
+                                         /R =   2.5531E+01
   112.00 deg.: X-S =     0.056679 mb/sr,
+                                         /R =   2.3186E+01
   113.00 deg.: X-S =     0.050298 mb/sr,
+                                         /R =   2.1061E+01
   114.00 deg.: X-S =     0.044706 mb/sr,
+                                         /R =   1.9153E+01
   115.00 deg.: X-S =     0.039843 mb/sr,
+                                         /R =   1.7457E+01
   116.00 deg.: X-S =     0.035642 mb/sr,
+                                         /R =   1.5964E+01
   117.00 deg.: X-S =     0.032042 mb/sr,
+                                         /R =   1.4665E+01
   118.00 deg.: X-S =     0.028981 mb/sr,
+                                         /R =   1.3548E+01
   119.00 deg.: X-S =     0.026400 mb/sr,
+                                         /R =   1.2600E+01
   120.00 deg.: X-S =     0.024245 mb/sr,
+                                         /R =   1.1810E+01
   121.00 deg.: X-S =     0.022464 mb/sr,
+                                         /R =   1.1163E+01
   122.00 deg.: X-S =     0.021012 mb/sr,
+                                         /R =   1.0648E+01
   123.00 deg.: X-S =     0.019845 mb/sr,
+                                         /R =   1.0251E+01
   124.00 deg.: X-S =     0.018922 mb/sr,
+                                         /R =   9.9589E+00
   125.00 deg.: X-S =     0.018206 mb/sr,
+                                         /R =   9.7596E+00
   126.00 deg.: X-S =     0.017661 mb/sr,
+                                         /R =   9.6394E+00
   127.00 deg.: X-S =     0.017255 mb/sr,
+                                         /R =   9.5847E+00
   128.00 deg.: X-S =     0.016955 mb/sr,
+                                         /R =   9.5819E+00
   129.00 deg.: X-S =     0.016734 mb/sr,
+                                         /R =   9.6173E+00
   130.00 deg.: X-S =     0.016563 mb/sr,
+                                         /R =   9.6770E+00
   131.00 deg.: X-S =     0.016418 mb/sr,
+                                         /R =   9.7479E+00
   132.00 deg.: X-S =     0.016277 mb/sr,
+                                         /R =   9.8176E+00
   133.00 deg.: X-S =     0.016122 mb/sr,
+                                         /R =   9.8747E+00
   134.00 deg.: X-S =     0.015938 mb/sr,
+                                         /R =   9.9093E+00
   135.00 deg.: X-S =     0.015713 mb/sr,
+                                         /R =   9.9132E+00
   136.00 deg.: X-S =     0.015438 mb/sr,
+                                         /R =   9.8802E+00
   137.00 deg.: X-S =     0.015111 mb/sr,
+                                         /R =   9.8061E+00
   138.00 deg.: X-S =     0.014728 mb/sr,
+                                         /R =   9.6888E+00
   139.00 deg.: X-S =     0.014294 mb/sr,
+                                         /R =   9.5279E+00
   140.00 deg.: X-S =     0.013810 mb/sr,
+                                         /R =   9.3250E+00
   141.00 deg.: X-S =     0.013284 mb/sr,
+                                         /R =   9.0828E+00
   142.00 deg.: X-S =     0.012722 mb/sr,
+                                         /R =   8.8055E+00
   143.00 deg.: X-S =     0.012133 mb/sr,
+                                         /R =   8.4976E+00
   144.00 deg.: X-S =     0.011524 mb/sr,
+                                         /R =   8.1643E+00
   145.00 deg.: X-S =     0.010902 mb/sr,
+                                         /R =   7.8109E+00
   146.00 deg.: X-S =     0.010276 mb/sr,
+                                         /R =   7.4427E+00
   147.00 deg.: X-S =     0.009652 mb/sr,
+                                         /R =   7.0647E+00
   148.00 deg.: X-S =     0.009037 mb/sr,
+                                         /R =   6.6816E+00
   149.00 deg.: X-S =     0.008435 mb/sr,
+                                         /R =   6.2981E+00
   150.00 deg.: X-S =     0.007851 mb/sr,
+                                         /R =   5.9186E+00
   151.00 deg.: X-S =     0.007292 mb/sr,
+                                         /R =   5.5474E+00
   152.00 deg.: X-S =     0.006760 mb/sr,
+                                         /R =   5.1890E+00
   153.00 deg.: X-S =     0.006262 mb/sr,
+                                         /R =   4.8480E+00
   154.00 deg.: X-S =     0.005802 mb/sr,
+                                         /R =   4.5291E+00
   155.00 deg.: X-S =     0.005386 mb/sr,
+                                         /R =   4.2374E+00
   156.00 deg.: X-S =     0.005018 mb/sr,
+                                         /R =   3.9779E+00
   157.00 deg.: X-S =     0.004703 mb/sr,
+                                         /R =   3.7557E+00
   158.00 deg.: X-S =     0.004447 mb/sr,
+                                         /R =   3.5753E+00
   159.00 deg.: X-S =     0.004251 mb/sr,
+                                         /R =   3.4409E+00
   160.00 deg.: X-S =     0.004120 mb/sr,
+                                         /R =   3.3556E+00
   161.00 deg.: X-S =     0.004053 mb/sr,
+                                         /R =   3.3214E+00
   162.00 deg.: X-S =     0.004052 mb/sr,
+                                         /R =   3.3390E+00
   163.00 deg.: X-S =     0.004113 mb/sr,
+                                         /R =   3.4076E+00
   164.00 deg.: X-S =     0.004232 mb/sr,
+                                         /R =   3.5246E+00
   165.00 deg.: X-S =     0.004406 mb/sr,
+                                         /R =   3.6862E+00
   166.00 deg.: X-S =     0.004625 mb/sr,
+                                         /R =   3.8871E+00
   167.00 deg.: X-S =     0.004883 mb/sr,
+                                         /R =   4.1207E+00
   168.00 deg.: X-S =     0.005170 mb/sr,
+                                         /R =   4.3796E+00
   169.00 deg.: X-S =     0.005477 mb/sr,
+                                         /R =   4.6560E+00
   170.00 deg.: X-S =     0.005794 mb/sr,
+                                         /R =   4.9414E+00
   171.00 deg.: X-S =     0.006112 mb/sr,
+                                         /R =   5.2278E+00
   172.00 deg.: X-S =     0.006422 mb/sr,
+                                         /R =   5.5071E+00
   173.00 deg.: X-S =     0.006715 mb/sr,
+                                         /R =   5.7719E+00
   174.00 deg.: X-S =     0.006985 mb/sr,
+                                         /R =   6.0154E+00
   175.00 deg.: X-S =     0.007224 mb/sr,
+                                         /R =   6.2317E+00
   176.00 deg.: X-S =     0.007427 mb/sr,
+                                         /R =   6.4156E+00
   177.00 deg.: X-S =     0.007589 mb/sr,
+                                         /R =   6.5630E+00
   178.00 deg.: X-S =     0.007708 mb/sr,
+                                         /R =   6.6705E+00
   179.00 deg.: X-S =     0.007780 mb/sr,
+                                         /R =   6.7360E+00
   179.99 deg.: X-S =     0.007804 mb/sr,
+                                         /R =   6.7580E+00
                                           Integrated********** mb, over [   0.000, 180.000] at   335.0000 MeV 
 Finished all xsecs @    3.12500000E-02

  The following files have been created:
   3:local copy of User input.            6:standard output.                   
  13:total cross sections/state.         39:cross sections for each Ecm.       
  40:all cross sectns. for each Elab.    56:Fusion for each Jtotal.            

 PARAMETERS : MAXQRN   MFNL   MLOC  LMAX1 MCLIST
    ALLOWED :      1      1      4    170      6
    REQUIRED:      0      0      4     15      3


 ACCURACY ANALYSIS at   335.000 MeV :

  Elastic h*k = 0.064 so OK       compared with 0.200

   Real(S-el) > 0.01 first at J =       4.5
   Real(S-el) > 0.10 first at J =       4.5
   Real(S-el) > 0.50 first at J =       5.5
   Real(S-el) > 0.90 first at J =       6.5
   Real(S-el) > 0.99 first at J =       9.5
   R-turn =     9.07 fm    at J =      14.5

 Forward-angle excitation cut off below   0.263 deg by max JT =      14.5
                              and below   0.049 deg by max R.

 Total CPU  0 time =       0.03 seconds
