 FRESCO - FRES 3.4: Coupled Reaction Channels
 Assuming NAMELIST input.

 Test reaction with generated potential                                          

   0.040  50.000   0.500   0.000   0.000   0.000   0.000   0.000   0.000   0.000

 Centre-of-mass Range is   1252 * 0.0400 fm., Maximum at  50.00 fm., Interpolating NL forms every  0.52 fm.
 Non - locality width is      4 * 0.0400 fm., Maximum of   0.12 fm., Centred at  0.00 fm.
 2-Nucleon Separation of      0 * 0.5200 fm., Maximum of   0.00 fm., Minimum at  0.00 fm.
 Maximum single particle bins of 49.9200 fm.
               M,Mint =         1251        1249


 Range of total J is     0.0 <= J <=   150.0 (at least     0.0) and Absorbtion =>     0.1000 mb.
 Dry Run = F, CC set limits =  0  0, Relativistic kinematics =  , Both/Far/Near Analyses =  1                     

 Cross Sections (and up to T0 for 0=projectile) for Theta from   0.0 to 180.0 in steps of  1.0 degrees, DGAM=0,  Coordinates = 0 (Mads)

 Lower Radial Cutoff = maximum of -1.60*L*h &       0.0 fm.,  Lower Cutoff for Couplings =   0.0  fm.


 Iterate Couplings between   0 and   0 times, to  0.000 % if sooner.                                          
  Block solved exactly =   0 chs., with Pade = 0 & Isocen =  =0, NOSOL = F, initwf =  0
  NL quadrature with   18 Gaussian points, Calculate multipoles up to   156 from   0
  M-transfers for lp+lt greater than or equal to  6, Angular Integration Cutoff below  2.7778 %


 Trace switches are :  CHANS =  0, LISTCC =  0, TRENEG =  0, CDETR =  0, SMATS =  0, XSTABL =  0, NLPL =  0

                       WAVES =  0, LAMPL =  0, VEFF =  0, KFUS =  0, WDISK =  0, BPM =  0, MELFIL =  0

                       CDCC =  0, NFUS =  0

 Using unit mass = 1.000000 amu and 1/fine-structure constant = 137.03599 ( 1.000000 * true ) with hc = 197.32705 MeV.fm,
  thus 2*amu/hbar^2 = 0.0478450 = 1/20.9008 and Coulomb constant = 0.1574855 so e^2 = 1.43997, and nuclear magneton= 0.1261183

 Now pre-scan input and save to file 3



 *********** PARTITION NUMBER  1 ******************************************************************************************

   PROJ=7Li        MASS=  7.0000 Z=   3.0,        # STATES=    1T, TARG=p        MASS=  1.0000 Z=   1.0,     Q-VALUE =   0.0000 MEV.

     1:  J= 1.5+ (B# 1), E=  0.0000, K= 0.5              Potl#  1       J= 0.5+ (B# 1), E=  0.0000, K= 0.5    


 ************************************************************************************************************************************

 The following POTENTIALS are defined :

  KP#       TYPE      IT    SHAPE      at     V1        r1        a1        V2        r2        a2        A-in     A-used


                                            A#1       A#2        r0c       ac                                                h @ 1
    1    0=Coulomb       0=CHARGE (WS)  1     1.000     1.000    3.6412    0.0000    0.0000    0.0000     0.000     8.000   0.04000

    1    1=Volume        0=Woods-Saxon  2   70.0000    1.2500    0.6500   15.0000    1.2500    0.6500     0.000     8.000

    1    2=Surface       0=Woods-Saxon  3    0.0000    0.0000    0.0000    5.0000    1.3000    0.6500     0.000     8.000

    1    3=Projtl S.O.   0=Woods-Saxon  4    3.0000    1.0000    0.6500    0.0000    0.0000    0.0000     0.000     8.000

 Incoming partition  1 in excitation state # 1,   Laboratory Energy given for partition  1 Nucleus 1 in Excitation pair 1

0Lab. ENERGY ranges :

   from    200.000     to   0.00000     in     0 intervals
   from    0.00000     to   0.00000     in     0 intervals
   from    0.00000     to   0.00000     in     0 intervals

 Largest real,imaginary parts of any form factor at R=   49.60 are   2.90E-02  7.91E-31 MeV
 Finished all Couplings @    0.00000000               4

 Symmetric Hamiltonian
1***********************************************************************************************************************************
************************************************************************************************************************************

        INCOMING 7Li      ;    LABORATORY 7Li      ENERGY =   200.00     MeV.

 ***********************************************************************************************************************************
 ***********************************************************************************************************************************


  NOTE: Coulomb excitation cut off below   0.067 deg by JTMAX, and below   0.198 deg by Rmax

 Allocate arrays for            4  channels, of which            1  need wfs.
 Allocate arrays for            4  channels, of which            3  need wfs.
 Allocate arrays for            4  channels, of which            4  need wfs.
 Reaction Xsec     8.0+/ 6 @ 1 =   2.126 , Out:   0.000#
 Reaction Xsec     8.0+/ 8 @ 2 =   0.137 , Out:   0.000#
 Reaction Xsec     8.0+/ 8 @ 3 =   0.138 , Out:   0.000#
 Reaction Xsec     8.0+/10 @ 4 =   9.340/, Out:   0.000#
 Reaction Xsec     8.0-/ 7 @ 1 =   0.530 , Out:   0.000#
 Reaction Xsec     8.0-/ 7 @ 2 =   0.535 , Out:   0.000#
 Reaction Xsec     8.0-/ 9 @ 3 =   0.036 , Out:   0.000#
 Reaction Xsec     8.0-/ 9 @ 4 =   0.036 , Out:   0.000#
 Finished all CC sets @    1.56250000E-02
0CUMULATIVE REACTION cross section                 =  651.38340  <L> =     3.42  <L**2> =     14.2
0CUMULATIVE outgoing cross sections in partition 1 :    0.00000
0Cumulative ABSORBTION by Imaginary Potentials     =  651.38340  <L> =     3.42  <L**2> =     14.2
   Fusion for specific 7Li      M-states :  610.305999  636.959411  636.959411  610.305999

0CUMULATIVE OUTGOING cross section                 =    0.00000
 To convert to S-factors (MeV.mb = keV.b),  multiply by  4.3564E+01


 CROSS SECTIONS FOR OUTGOING 7Li      & p        in state #   1 with spins & parities 1.5  + &  0.5  +;  0

     0.01 deg.: X-S =   3.2178E+14 mb/sr,
+                                         /R =   1.0000E+00
     1.00 deg.: X-S =   3.1466E+06 mb/sr,
+                                         /R =   9.7784E-01
     2.00 deg.: X-S =   1.8717E+05 mb/sr,
+                                         /R =   9.3048E-01
     3.00 deg.: X-S =   3.4978E+04 mb/sr,
+                                         /R =   8.8009E-01
     4.00 deg.: X-S =   1.0718E+04 mb/sr,
+                                         /R =   8.5205E-01
     5.00 deg.: X-S =  4518.417216 mb/sr,
+                                         /R =   8.7651E-01
     6.00 deg.: X-S =  2456.774622 mb/sr,
+                                         /R =   9.8769E-01
     7.00 deg.: X-S =  1642.288562 mb/sr,
+                                         /R =   1.2224E+00
     8.00 deg.: X-S =  1275.376420 mb/sr,
+                                         /R =   1.6182E+00
     9.00 deg.: X-S =  1089.137200 mb/sr,
+                                         /R =   2.2116E+00
    10.00 deg.: X-S =   981.876798 mb/sr,
+                                         /R =   3.0359E+00
    11.00 deg.: X-S =   910.934258 mb/sr,
+                                         /R =   4.1194E+00
    12.00 deg.: X-S =   857.115459 mb/sr,
+                                         /R =   5.4832E+00
    13.00 deg.: X-S =   811.358869 mb/sr,
+                                         /R =   7.1401E+00
    14.00 deg.: X-S =   769.273040 mb/sr,
+                                         /R =   9.0931E+00
    15.00 deg.: X-S =   728.732883 mb/sr,
+                                         /R =   1.1335E+01
    16.00 deg.: X-S =   688.757744 mb/sr,
+                                         /R =   1.3847E+01
    17.00 deg.: X-S =   648.961226 mb/sr,
+                                         /R =   1.6599E+01
    18.00 deg.: X-S =   609.269783 mb/sr,
+                                         /R =   1.9552E+01
    19.00 deg.: X-S =   569.773441 mb/sr,
+                                         /R =   2.2656E+01
    20.00 deg.: X-S =   530.644027 mb/sr,
+                                         /R =   2.5855E+01
    21.00 deg.: X-S =   492.089132 mb/sr,
+                                         /R =   2.9082E+01
    22.00 deg.: X-S =   454.325551 mb/sr,
+                                         /R =   3.2271E+01
    23.00 deg.: X-S =   417.563720 mb/sr,
+                                         /R =   3.5351E+01
    24.00 deg.: X-S =   381.998509 mb/sr,
+                                         /R =   3.8250E+01
    25.00 deg.: X-S =   347.803844 mb/sr,
+                                         /R =   4.0901E+01
    26.00 deg.: X-S =   315.129717 mb/sr,
+                                         /R =   4.3241E+01
    27.00 deg.: X-S =   284.100728 mb/sr,
+                                         /R =   4.5213E+01
    28.00 deg.: X-S =   254.815676 mb/sr,
+                                         /R =   4.6771E+01
    29.00 deg.: X-S =   227.347883 mb/sr,
+                                         /R =   4.7879E+01
    30.00 deg.: X-S =   201.746052 mb/sr,
+                                         /R =   4.8511E+01
    31.00 deg.: X-S =   178.035525 mb/sr,
+                                         /R =   4.8658E+01
    32.00 deg.: X-S =   156.219834 mb/sr,
+                                         /R =   4.8322E+01
    33.00 deg.: X-S =   136.282485 mb/sr,
+                                         /R =   4.7518E+01
    34.00 deg.: X-S =   118.188895 mb/sr,
+                                         /R =   4.6278E+01
    35.00 deg.: X-S =   101.888435 mb/sr,
+                                         /R =   4.4642E+01
    36.00 deg.: X-S =    87.316536 mb/sr,
+                                         /R =   4.2666E+01
    37.00 deg.: X-S =    74.396802 mb/sr,
+                                         /R =   4.0412E+01
    38.00 deg.: X-S =    63.043117 mb/sr,
+                                         /R =   3.7954E+01
    39.00 deg.: X-S =    53.161677 mb/sr,
+                                         /R =   3.5370E+01
    40.00 deg.: X-S =    44.652957 mb/sr,
+                                         /R =   3.2742E+01
    41.00 deg.: X-S =    37.413558 mb/sr,
+                                         /R =   3.0157E+01
    42.00 deg.: X-S =    31.337931 mb/sr,
+                                         /R =   2.7697E+01
    43.00 deg.: X-S =    26.319953 mb/sr,
+                                         /R =   2.5447E+01
    44.00 deg.: X-S =    22.254351 mb/sr,
+                                         /R =   2.3484E+01
    45.00 deg.: X-S =    19.037962 mb/sr,
+                                         /R =   2.1879E+01
    46.00 deg.: X-S =    16.570822 mb/sr,
+                                         /R =   2.0697E+01
    47.00 deg.: X-S =    14.757091 mb/sr,
+                                         /R =   1.9992E+01
    48.00 deg.: X-S =    13.505818 mb/sr,
+                                         /R =   1.9807E+01
    49.00 deg.: X-S =    12.731537 mb/sr,
+                                         /R =   2.0176E+01
    50.00 deg.: X-S =    12.354722 mb/sr,
+                                         /R =   2.1119E+01
    51.00 deg.: X-S =    12.302094 mb/sr,
+                                         /R =   2.2645E+01
    52.00 deg.: X-S =    12.506808 mb/sr,
+                                         /R =   2.4750E+01
    53.00 deg.: X-S =    12.908511 mb/sr,
+                                         /R =   2.7418E+01
    54.00 deg.: X-S =    13.453307 mb/sr,
+                                         /R =   3.0625E+01
    55.00 deg.: X-S =    14.093624 mb/sr,
+                                         /R =   3.4332E+01
    56.00 deg.: X-S =    14.788012 mb/sr,
+                                         /R =   3.8495E+01
    57.00 deg.: X-S =    15.500869 mb/sr,
+                                         /R =   4.3059E+01
    58.00 deg.: X-S =    16.202123 mb/sr,
+                                         /R =   4.7963E+01
    59.00 deg.: X-S =    16.866872 mb/sr,
+                                         /R =   5.3143E+01
    60.00 deg.: X-S =    17.474995 mb/sr,
+                                         /R =   5.8526E+01
    61.00 deg.: X-S =    18.010749 mb/sr,
+                                         /R =   6.4041E+01
    62.00 deg.: X-S =    18.462352 mb/sr,
+                                         /R =   6.9614E+01
    63.00 deg.: X-S =    18.821573 mb/sr,
+                                         /R =   7.5171E+01
    64.00 deg.: X-S =    19.083321 mb/sr,
+                                         /R =   8.0639E+01
    65.00 deg.: X-S =    19.245246 mb/sr,
+                                         /R =   8.5949E+01
    66.00 deg.: X-S =    19.307364 mb/sr,
+                                         /R =   9.1036E+01
    67.00 deg.: X-S =    19.271694 mb/sr,
+                                         /R =   9.5837E+01
    68.00 deg.: X-S =    19.141922 mb/sr,
+                                         /R =   1.0030E+02
    69.00 deg.: X-S =    18.923090 mb/sr,
+                                         /R =   1.0437E+02
    70.00 deg.: X-S =    18.621308 mb/sr,
+                                         /R =   1.0800E+02
    71.00 deg.: X-S =    18.243499 mb/sr,
+                                         /R =   1.1117E+02
    72.00 deg.: X-S =    17.797164 mb/sr,
+                                         /R =   1.1384E+02
    73.00 deg.: X-S =    17.290180 mb/sr,
+                                         /R =   1.1599E+02
    74.00 deg.: X-S =    16.730613 mb/sr,
+                                         /R =   1.1760E+02
    75.00 deg.: X-S =    16.126570 mb/sr,
+                                         /R =   1.1868E+02
    76.00 deg.: X-S =    15.486061 mb/sr,
+                                         /R =   1.1922E+02
    77.00 deg.: X-S =    14.816887 mb/sr,
+                                         /R =   1.1924E+02
    78.00 deg.: X-S =    14.126551 mb/sr,
+                                         /R =   1.1873E+02
    79.00 deg.: X-S =    13.422180 mb/sr,
+                                         /R =   1.1774E+02
    80.00 deg.: X-S =    12.710468 mb/sr,
+                                         /R =   1.1627E+02
    81.00 deg.: X-S =    11.997635 mb/sr,
+                                         /R =   1.1437E+02
    82.00 deg.: X-S =    11.289391 mb/sr,
+                                         /R =   1.1207E+02
    83.00 deg.: X-S =    10.590921 mb/sr,
+                                         /R =   1.0941E+02
    84.00 deg.: X-S =     9.906873 mb/sr,
+                                         /R =   1.0642E+02
    85.00 deg.: X-S =     9.241356 mb/sr,
+                                         /R =   1.0316E+02
    86.00 deg.: X-S =     8.597948 mb/sr,
+                                         /R =   9.9674E+01
    87.00 deg.: X-S =     7.979706 mb/sr,
+                                         /R =   9.6004E+01
    88.00 deg.: X-S =     7.389183 mb/sr,
+                                         /R =   9.2201E+01
    89.00 deg.: X-S =     6.828450 mb/sr,
+                                         /R =   8.8313E+01
    90.00 deg.: X-S =     6.299117 mb/sr,
+                                         /R =   8.4387E+01
    91.00 deg.: X-S =     5.802362 mb/sr,
+                                         /R =   8.0469E+01
    92.00 deg.: X-S =     5.338960 mb/sr,
+                                         /R =   7.6603E+01
    93.00 deg.: X-S =     4.909310 mb/sr,
+                                         /R =   7.2832E+01
    94.00 deg.: X-S =     4.513464 mb/sr,
+                                         /R =   6.9195E+01
    95.00 deg.: X-S =     4.151164 mb/sr,
+                                         /R =   6.5727E+01
    96.00 deg.: X-S =     3.821865 mb/sr,
+                                         /R =   6.2463E+01
    97.00 deg.: X-S =     3.524771 mb/sr,
+                                         /R =   5.9430E+01
    98.00 deg.: X-S =     3.258863 mb/sr,
+                                         /R =   5.6655E+01
    99.00 deg.: X-S =     3.022924 mb/sr,
+                                         /R =   5.4158E+01
   100.00 deg.: X-S =     2.815575 mb/sr,
+                                         /R =   5.1956E+01
   101.00 deg.: X-S =     2.635296 mb/sr,
+                                         /R =   5.0062E+01
   102.00 deg.: X-S =     2.480452 mb/sr,
+                                         /R =   4.8484E+01
   103.00 deg.: X-S =     2.349320 mb/sr,
+                                         /R =   4.7225E+01
   104.00 deg.: X-S =     2.240112 mb/sr,
+                                         /R =   4.6286E+01
   105.00 deg.: X-S =     2.150995 mb/sr,
+                                         /R =   4.5662E+01
   106.00 deg.: X-S =     2.080111 mb/sr,
+                                         /R =   4.5346E+01
   107.00 deg.: X-S =     2.025599 mb/sr,
+                                         /R =   4.5323E+01
   108.00 deg.: X-S =     1.985608 mb/sr,
+                                         /R =   4.5580E+01
   109.00 deg.: X-S =     1.958316 mb/sr,
+                                         /R =   4.6098E+01
   110.00 deg.: X-S =     1.941945 mb/sr,
+                                         /R =   4.6854E+01
   111.00 deg.: X-S =     1.934771 mb/sr,
+                                         /R =   4.7825E+01
   112.00 deg.: X-S =     1.935138 mb/sr,
+                                         /R =   4.8985E+01
   113.00 deg.: X-S =     1.941468 mb/sr,
+                                         /R =   5.0305E+01
   114.00 deg.: X-S =     1.952270 mb/sr,
+                                         /R =   5.1756E+01
   115.00 deg.: X-S =     1.966147 mb/sr,
+                                         /R =   5.3307E+01
   116.00 deg.: X-S =     1.981804 mb/sr,
+                                         /R =   5.4928E+01
   117.00 deg.: X-S =     1.998050 mb/sr,
+                                         /R =   5.6588E+01
   118.00 deg.: X-S =     2.013808 mb/sr,
+                                         /R =   5.8255E+01
   119.00 deg.: X-S =     2.028112 mb/sr,
+                                         /R =   5.9900E+01
   120.00 deg.: X-S =     2.040113 mb/sr,
+                                         /R =   6.1494E+01
   121.00 deg.: X-S =     2.049079 mb/sr,
+                                         /R =   6.3009E+01
   122.00 deg.: X-S =     2.054393 mb/sr,
+                                         /R =   6.4419E+01
   123.00 deg.: X-S =     2.055557 mb/sr,
+                                         /R =   6.5702E+01
   124.00 deg.: X-S =     2.052185 mb/sr,
+                                         /R =   6.6836E+01
   125.00 deg.: X-S =     2.044004 mb/sr,
+                                         /R =   6.7803E+01
   126.00 deg.: X-S =     2.030850 mb/sr,
+                                         /R =   6.8589E+01
   127.00 deg.: X-S =     2.012662 mb/sr,
+                                         /R =   6.9181E+01
   128.00 deg.: X-S =     1.989482 mb/sr,
+                                         /R =   6.9572E+01
   129.00 deg.: X-S =     1.961443 mb/sr,
+                                         /R =   6.9756E+01
   130.00 deg.: X-S =     1.928770 mb/sr,
+                                         /R =   6.9733E+01
   131.00 deg.: X-S =     1.891768 mb/sr,
+                                         /R =   6.9505E+01
   132.00 deg.: X-S =     1.850818 mb/sr,
+                                         /R =   6.9078E+01
   133.00 deg.: X-S =     1.806368 mb/sr,
+                                         /R =   6.8462E+01
   134.00 deg.: X-S =     1.758927 mb/sr,
+                                         /R =   6.7671E+01
   135.00 deg.: X-S =     1.709054 mb/sr,
+                                         /R =   6.6722E+01
   136.00 deg.: X-S =     1.657351 mb/sr,
+                                         /R =   6.5634E+01
   137.00 deg.: X-S =     1.604454 mb/sr,
+                                         /R =   6.4431E+01
   138.00 deg.: X-S =     1.551023 mb/sr,
+                                         /R =   6.3136E+01
   139.00 deg.: X-S =     1.497735 mb/sr,
+                                         /R =   6.1779E+01
   140.00 deg.: X-S =     1.445271 mb/sr,
+                                         /R =   6.0387E+01
   141.00 deg.: X-S =     1.394310 mb/sr,
+                                         /R =   5.8993E+01
   142.00 deg.: X-S =     1.345519 mb/sr,
+                                         /R =   5.7627E+01
   143.00 deg.: X-S =     1.299543 mb/sr,
+                                         /R =   5.6321E+01
   144.00 deg.: X-S =     1.256998 mb/sr,
+                                         /R =   5.5108E+01
   145.00 deg.: X-S =     1.218461 mb/sr,
+                                         /R =   5.4019E+01
   146.00 deg.: X-S =     1.184463 mb/sr,
+                                         /R =   5.3084E+01
   147.00 deg.: X-S =     1.155483 mb/sr,
+                                         /R =   5.2332E+01
   148.00 deg.: X-S =     1.131939 mb/sr,
+                                         /R =   5.1790E+01
   149.00 deg.: X-S =     1.114184 mb/sr,
+                                         /R =   5.1482E+01
   150.00 deg.: X-S =     1.102502 mb/sr,
+                                         /R =   5.1429E+01
   151.00 deg.: X-S =     1.097099 mb/sr,
+                                         /R =   5.1649E+01
   152.00 deg.: X-S =     1.098106 mb/sr,
+                                         /R =   5.2157E+01
   153.00 deg.: X-S =     1.105572 mb/sr,
+                                         /R =   5.2962E+01
   154.00 deg.: X-S =     1.119466 mb/sr,
+                                         /R =   5.4070E+01
   155.00 deg.: X-S =     1.139673 mb/sr,
+                                         /R =   5.5483E+01
   156.00 deg.: X-S =     1.166001 mb/sr,
+                                         /R =   5.7197E+01
   157.00 deg.: X-S =     1.198176 mb/sr,
+                                         /R =   5.9203E+01
   158.00 deg.: X-S =     1.235850 mb/sr,
+                                         /R =   6.1490E+01
   159.00 deg.: X-S =     1.278604 mb/sr,
+                                         /R =   6.4040E+01
   160.00 deg.: X-S =     1.325950 mb/sr,
+                                         /R =   6.6832E+01
   161.00 deg.: X-S =     1.377340 mb/sr,
+                                         /R =   6.9840E+01
   162.00 deg.: X-S =     1.432172 mb/sr,
+                                         /R =   7.3035E+01
   163.00 deg.: X-S =     1.489797 mb/sr,
+                                         /R =   7.6382E+01
   164.00 deg.: X-S =     1.549528 mb/sr,
+                                         /R =   7.9848E+01
   165.00 deg.: X-S =     1.610646 mb/sr,
+                                         /R =   8.3393E+01
   166.00 deg.: X-S =     1.672413 mb/sr,
+                                         /R =   8.6976E+01
   167.00 deg.: X-S =     1.734077 mb/sr,
+                                         /R =   9.0556E+01
   168.00 deg.: X-S =     1.794887 mb/sr,
+                                         /R =   9.4091E+01
   169.00 deg.: X-S =     1.854097 mb/sr,
+                                         /R =   9.7537E+01
   170.00 deg.: X-S =     1.910978 mb/sr,
+                                         /R =   1.0085E+02
   171.00 deg.: X-S =     1.964829 mb/sr,
+                                         /R =   1.0400E+02
   172.00 deg.: X-S =     2.014985 mb/sr,
+                                         /R =   1.0693E+02
   173.00 deg.: X-S =     2.060823 mb/sr,
+                                         /R =   1.0961E+02
   174.00 deg.: X-S =     2.101774 mb/sr,
+                                         /R =   1.1201E+02
   175.00 deg.: X-S =     2.137329 mb/sr,
+                                         /R =   1.1410E+02
   176.00 deg.: X-S =     2.167045 mb/sr,
+                                         /R =   1.1584E+02
   177.00 deg.: X-S =     2.190551 mb/sr,
+                                         /R =   1.1722E+02
   178.00 deg.: X-S =     2.207555 mb/sr,
+                                         /R =   1.1822E+02
   179.00 deg.: X-S =     2.217842 mb/sr,
+                                         /R =   1.1883E+02
   179.99 deg.: X-S =     2.221285 mb/sr,
+                                         /R =   1.1903E+02
                                           Integrated********** mb, over [   0.000, 180.000] at   200.0000 MeV 
 Finished all xsecs @    3.12500000E-02

  The following files have been created:
   3:local copy of User input.            6:standard output.                   
  13:total cross sections/state.         39:cross sections for each Ecm.       
  40:all cross sectns. for each Elab.    56:Fusion for each Jtotal.            

 PARAMETERS : MAXQRN   MFNL   MLOC  LMAX1 MCLIST
    ALLOWED :      1     16      4    170      6
    REQUIRED:      0      0      4     11      4


 ACCURACY ANALYSIS at   200.000 MeV :

  Elastic h*k = 0.041 so OK       compared with 0.200

   Real(S-el) > 0.01 first at J =       1.0
   Real(S-el) > 0.10 first at J =       1.0
   Real(S-el) > 0.50 first at J =       2.0
   Real(S-el) > 0.90 first at J =       3.0
   Real(S-el) > 0.99 first at J =       5.0
   R-turn =     8.38 fm    at J =       8.0

 Forward-angle excitation cut off below   1.192 deg by max JT =       8.0
                              and below   0.198 deg by max R.

 Total CPU  0 time =       0.05 seconds
