 FRESCO - FRES 3.4: Coupled Reaction Channels
 Assuming NAMELIST input.

 Test reaction with generated potential                                          

   0.040  50.000   0.500   0.000   0.000   0.000   0.000   0.000   0.000   0.000

 Centre-of-mass Range is   1252 * 0.0400 fm., Maximum at  50.00 fm., Interpolating NL forms every  0.52 fm.
 Non - locality width is      4 * 0.0400 fm., Maximum of   0.12 fm., Centred at  0.00 fm.
 2-Nucleon Separation of      0 * 0.5200 fm., Maximum of   0.00 fm., Minimum at  0.00 fm.
 Maximum single particle bins of 49.9200 fm.
               M,Mint =         1251        1249


 Range of total J is     0.0 <= J <=   150.0 (at least     0.0) and Absorbtion =>     0.1000 mb.
 Dry Run = F, CC set limits =  0  0, Relativistic kinematics =  , Both/Far/Near Analyses =  1                     

 Cross Sections (and up to T0 for 0=projectile) for Theta from   0.0 to 180.0 in steps of  1.0 degrees, DGAM=0,  Coordinates = 0 (Mads)

 Lower Radial Cutoff = maximum of -1.60*L*h &       0.0 fm.,  Lower Cutoff for Couplings =   0.0  fm.


 Iterate Couplings between   0 and   0 times, to  0.000 % if sooner.                                          
  Block solved exactly =   0 chs., with Pade = 0 & Isocen =  =0, NOSOL = F, initwf =  0
  NL quadrature with   18 Gaussian points, Calculate multipoles up to   156 from   0
  M-transfers for lp+lt greater than or equal to  6, Angular Integration Cutoff below  2.7778 %


 Trace switches are :  CHANS =  0, LISTCC =  0, TRENEG =  0, CDETR =  0, SMATS =  0, XSTABL =  0, NLPL =  0

                       WAVES =  0, LAMPL =  0, VEFF =  0, KFUS =  0, WDISK =  0, BPM =  0, MELFIL =  0

                       CDCC =  0, NFUS =  0

 Using unit mass = 1.000000 amu and 1/fine-structure constant = 137.03599 ( 1.000000 * true ) with hc = 197.32705 MeV.fm,
  thus 2*amu/hbar^2 = 0.0478450 = 1/20.9008 and Coulomb constant = 0.1574855 so e^2 = 1.43997, and nuclear magneton= 0.1261183

 Now pre-scan input and save to file 3



 *********** PARTITION NUMBER  1 ******************************************************************************************

   PROJ=7Li        MASS=  7.0000 Z=   3.0,        # STATES=    1T, TARG=p        MASS=  1.0000 Z=   1.0,     Q-VALUE =   0.0000 MEV.

     1:  J= 1.5+ (B# 1), E=  0.0000, K= 0.5              Potl#  1       J= 0.5+ (B# 1), E=  0.0000, K= 0.5    


 ************************************************************************************************************************************

 The following POTENTIALS are defined :

  KP#       TYPE      IT    SHAPE      at     V1        r1        a1        V2        r2        a2        A-in     A-used


                                            A#1       A#2        r0c       ac                                                h @ 1
    1    0=Coulomb       0=CHARGE (WS)  1     1.000     1.000    3.6412    0.0000    0.0000    0.0000     0.000     8.000   0.04000

    1    1=Volume        0=Woods-Saxon  2   70.0000    1.2500    0.6500   15.0000    1.2500    0.6500     0.000     8.000

    1    2=Surface       0=Woods-Saxon  3    0.0000    0.0000    0.0000    5.0000    1.3000    0.6500     0.000     8.000

    1    3=Projtl S.O.   0=Woods-Saxon  4    3.0000    1.0000    0.6500    0.0000    0.0000    0.0000     0.000     8.000

 Incoming partition  1 in excitation state # 1,   Laboratory Energy given for partition  1 Nucleus 1 in Excitation pair 1

0Lab. ENERGY ranges :

   from    140.000     to   0.00000     in     0 intervals
   from    0.00000     to   0.00000     in     0 intervals
   from    0.00000     to   0.00000     in     0 intervals

 Largest real,imaginary parts of any form factor at R=   49.60 are   2.90E-02  7.91E-31 MeV
 Finished all Couplings @    0.00000000               4

 Symmetric Hamiltonian
1***********************************************************************************************************************************
************************************************************************************************************************************

        INCOMING 7Li      ;    LABORATORY 7Li      ENERGY =   140.00     MeV.

 ***********************************************************************************************************************************
 ***********************************************************************************************************************************


  NOTE: Coulomb excitation cut off below   0.080 deg by JTMAX, and below   0.283 deg by Rmax

 Allocate arrays for            4  channels, of which            1  need wfs.
 Allocate arrays for            4  channels, of which            3  need wfs.
 Allocate arrays for            4  channels, of which            4  need wfs.
 Reaction Xsec     6.0+/ 4 @ 1 =  18.110 , Out:   0.000#
 Reaction Xsec     6.0+/ 6 @ 2 =   0.565 , Out:   0.000#
 Reaction Xsec     6.0+/ 6 @ 3 =   0.570 , Out:   0.000#
 Reaction Xsec     6.0+/ 8 @ 4 =   0.025 , Out:   0.000#
 Reaction Xsec     6.0-/ 5 @ 1 =   2.866 , Out:   0.000#
 Reaction Xsec     6.0-/ 5 @ 2 =   2.989 , Out:   0.000#
 Reaction Xsec     6.0-/ 7 @ 3 =   0.117 , Out:   0.000#
 Reaction Xsec     6.0-/ 7 @ 4 =   0.117 , Out:   0.000#
 Reaction Xsec     7.0+/ 6 @ 1 =   0.658 , Out:   0.000#
 Reaction Xsec     7.0+/ 6 @ 2 =   0.666 , Out:   0.000#
 Reaction Xsec     7.0+/ 8 @ 3 =   0.028 , Out:   0.000#
 Reaction Xsec     7.0+/ 8 @ 4 =   0.028 , Out:   0.000#
 Finished all CC sets @    0.00000000    
0CUMULATIVE REACTION cross section                 =  728.68390  <L> =     3.06  <L**2> =     11.3
0CUMULATIVE outgoing cross sections in partition 1 :    0.00000
0Cumulative ABSORBTION by Imaginary Potentials     =  728.68390  <L> =     3.06  <L**2> =     11.3
   Fusion for specific 7Li      M-states :  992.869046 1027.984873 1027.984873  992.869046

0CUMULATIVE OUTGOING cross section                 =    0.00000
 To convert to S-factors (MeV.mb = keV.b),  multiply by  3.3987E+01


 CROSS SECTIONS FOR OUTGOING 7Li      & p        in state #   1 with spins & parities 1.5  + &  0.5  +;  0

     0.01 deg.: X-S =   6.5669E+14 mb/sr,
+                                         /R =   1.0000E+00
     1.00 deg.: X-S =   6.4719E+06 mb/sr,
+                                         /R =   9.8548E-01
     2.00 deg.: X-S =   3.9143E+05 mb/sr,
+                                         /R =   9.5351E-01
     3.00 deg.: X-S =   7.4250E+04 mb/sr,
+                                         /R =   9.1542E-01
     4.00 deg.: X-S =   2.2651E+04 mb/sr,
+                                         /R =   8.8228E-01
     5.00 deg.: X-S =  9115.449697 mb/sr,
+                                         /R =   8.6645E-01
     6.00 deg.: X-S =  4475.576056 mb/sr,
+                                         /R =   8.8166E-01
     7.00 deg.: X-S =  2584.727367 mb/sr,
+                                         /R =   9.4268E-01
     8.00 deg.: X-S =  1712.935225 mb/sr,
+                                         /R =   1.0649E+00
     9.00 deg.: X-S =  1270.284231 mb/sr,
+                                         /R =   1.2639E+00
    10.00 deg.: X-S =  1026.067126 mb/sr,
+                                         /R =   1.5546E+00
    11.00 deg.: X-S =   880.299831 mb/sr,
+                                         /R =   1.9506E+00
    12.00 deg.: X-S =   786.070864 mb/sr,
+                                         /R =   2.4641E+00
    13.00 deg.: X-S =   719.950233 mb/sr,
+                                         /R =   3.1045E+00
    14.00 deg.: X-S =   669.642773 mb/sr,
+                                         /R =   3.8786E+00
    15.00 deg.: X-S =   628.442901 mb/sr,
+                                         /R =   4.7897E+00
    16.00 deg.: X-S =   592.587265 mb/sr,
+                                         /R =   5.8374E+00
    17.00 deg.: X-S =   559.924130 mb/sr,
+                                         /R =   7.0176E+00
    18.00 deg.: X-S =   529.214470 mb/sr,
+                                         /R =   8.3217E+00
    19.00 deg.: X-S =   499.750579 mb/sr,
+                                         /R =   9.7373E+00
    20.00 deg.: X-S =   471.140877 mb/sr,
+                                         /R =   1.1248E+01
    21.00 deg.: X-S =   443.184815 mb/sr,
+                                         /R =   1.2834E+01
    22.00 deg.: X-S =   415.798196 mb/sr,
+                                         /R =   1.4472E+01
    23.00 deg.: X-S =   388.967506 mb/sr,
+                                         /R =   1.6136E+01
    24.00 deg.: X-S =   362.721373 mb/sr,
+                                         /R =   1.7797E+01
    25.00 deg.: X-S =   337.112370 mb/sr,
+                                         /R =   1.9425E+01
    26.00 deg.: X-S =   312.205224 mb/sr,
+                                         /R =   2.0991E+01
    27.00 deg.: X-S =   288.069069 mb/sr,
+                                         /R =   2.2464E+01
    28.00 deg.: X-S =   264.772304 mb/sr,
+                                         /R =   2.3813E+01
    29.00 deg.: X-S =   242.379177 mb/sr,
+                                         /R =   2.5012E+01
    30.00 deg.: X-S =   220.947537 mb/sr,
+                                         /R =   2.6033E+01
    31.00 deg.: X-S =   200.527391 mb/sr,
+                                         /R =   2.6855E+01
    32.00 deg.: X-S =   181.160026 mb/sr,
+                                         /R =   2.7458E+01
    33.00 deg.: X-S =   162.877554 mb/sr,
+                                         /R =   2.7828E+01
    34.00 deg.: X-S =   145.702761 mb/sr,
+                                         /R =   2.7955E+01
    35.00 deg.: X-S =   129.649190 mb/sr,
+                                         /R =   2.7835E+01
    36.00 deg.: X-S =   114.721404 mb/sr,
+                                         /R =   2.7468E+01
    37.00 deg.: X-S =   100.915385 mb/sr,
+                                         /R =   2.6860E+01
    38.00 deg.: X-S =    88.219041 mb/sr,
+                                         /R =   2.6024E+01
    39.00 deg.: X-S =    76.612797 mb/sr,
+                                         /R =   2.4977E+01
    40.00 deg.: X-S =    66.070246 mb/sr,
+                                         /R =   2.3739E+01
    41.00 deg.: X-S =    56.558836 mb/sr,
+                                         /R =   2.2338E+01
    42.00 deg.: X-S =    48.040600 mb/sr,
+                                         /R =   2.0805E+01
    43.00 deg.: X-S =    40.472885 mb/sr,
+                                         /R =   1.9174E+01
    44.00 deg.: X-S =    33.809089 mb/sr,
+                                         /R =   1.7482E+01
    45.00 deg.: X-S =    27.999397 mb/sr,
+                                         /R =   1.5767E+01
    46.00 deg.: X-S =    22.991485 mb/sr,
+                                         /R =   1.4071E+01
    47.00 deg.: X-S =    18.731212 mb/sr,
+                                         /R =   1.2434E+01
    48.00 deg.: X-S =    15.163272 mb/sr,
+                                         /R =   1.0897E+01
    49.00 deg.: X-S =    12.231810 mb/sr,
+                                         /R =   9.4983E+00
    50.00 deg.: X-S =     9.880995 mb/sr,
+                                         /R =   8.2764E+00
    51.00 deg.: X-S =     8.055547 mb/sr,
+                                         /R =   7.2658E+00
    52.00 deg.: X-S =     6.701214 mb/sr,
+                                         /R =   6.4979E+00
    53.00 deg.: X-S =     5.765200 mb/sr,
+                                         /R =   6.0003E+00
    54.00 deg.: X-S =     5.196534 mb/sr,
+                                         /R =   5.7963E+00
    55.00 deg.: X-S =     4.946401 mb/sr,
+                                         /R =   5.9042E+00
    56.00 deg.: X-S =     4.968402 mb/sr,
+                                         /R =   6.3373E+00
    57.00 deg.: X-S =     5.218787 mb/sr,
+                                         /R =   7.1035E+00
    58.00 deg.: X-S =     5.656616 mb/sr,
+                                         /R =   8.2052E+00
    59.00 deg.: X-S =     6.243892 mb/sr,
+                                         /R =   9.6396E+00
    60.00 deg.: X-S =     6.945644 mb/sr,
+                                         /R =   1.1398E+01
    61.00 deg.: X-S =     7.729966 mb/sr,
+                                         /R =   1.3468E+01
    62.00 deg.: X-S =     8.568026 mb/sr,
+                                         /R =   1.5830E+01
    63.00 deg.: X-S =     9.434038 mb/sr,
+                                         /R =   1.8462E+01
    64.00 deg.: X-S =    10.305202 mb/sr,
+                                         /R =   2.1338E+01
    65.00 deg.: X-S =    11.161621 mb/sr,
+                                         /R =   2.4425E+01
    66.00 deg.: X-S =    11.986195 mb/sr,
+                                         /R =   2.7693E+01
    67.00 deg.: X-S =    12.764493 mb/sr,
+                                         /R =   3.1104E+01
    68.00 deg.: X-S =    13.484610 mb/sr,
+                                         /R =   3.4621E+01
    69.00 deg.: X-S =    14.137014 mb/sr,
+                                         /R =   3.8205E+01
    70.00 deg.: X-S =    14.714379 mb/sr,
+                                         /R =   4.1817E+01
    71.00 deg.: X-S =    15.211413 mb/sr,
+                                         /R =   4.5419E+01
    72.00 deg.: X-S =    15.624684 mb/sr,
+                                         /R =   4.8971E+01
    73.00 deg.: X-S =    15.952441 mb/sr,
+                                         /R =   5.2436E+01
    74.00 deg.: X-S =    16.194439 mb/sr,
+                                         /R =   5.5779E+01
    75.00 deg.: X-S =    16.351760 mb/sr,
+                                         /R =   5.8966E+01
    76.00 deg.: X-S =    16.426645 mb/sr,
+                                         /R =   6.1968E+01
    77.00 deg.: X-S =    16.422329 mb/sr,
+                                         /R =   6.4756E+01
    78.00 deg.: X-S =    16.342882 mb/sr,
+                                         /R =   6.7308E+01
    79.00 deg.: X-S =    16.193058 mb/sr,
+                                         /R =   6.9602E+01
    80.00 deg.: X-S =    15.978155 mb/sr,
+                                         /R =   7.1622E+01
    81.00 deg.: X-S =    15.703879 mb/sr,
+                                         /R =   7.3356E+01
    82.00 deg.: X-S =    15.376225 mb/sr,
+                                         /R =   7.4795E+01
    83.00 deg.: X-S =    15.001360 mb/sr,
+                                         /R =   7.5934E+01
    84.00 deg.: X-S =    14.585527 mb/sr,
+                                         /R =   7.6774E+01
    85.00 deg.: X-S =    14.134945 mb/sr,
+                                         /R =   7.7317E+01
    86.00 deg.: X-S =    13.655734 mb/sr,
+                                         /R =   7.7571E+01
    87.00 deg.: X-S =    13.153840 mb/sr,
+                                         /R =   7.7544E+01
    88.00 deg.: X-S =    12.634972 mb/sr,
+                                         /R =   7.7252E+01
    89.00 deg.: X-S =    12.104552 mb/sr,
+                                         /R =   7.6709E+01
    90.00 deg.: X-S =    11.567672 mb/sr,
+                                         /R =   7.5934E+01
    91.00 deg.: X-S =    11.029058 mb/sr,
+                                         /R =   7.4947E+01
    92.00 deg.: X-S =    10.493041 mb/sr,
+                                         /R =   7.3771E+01
    93.00 deg.: X-S =     9.963543 mb/sr,
+                                         /R =   7.2429E+01
    94.00 deg.: X-S =     9.444064 mb/sr,
+                                         /R =   7.0944E+01
    95.00 deg.: X-S =     8.937676 mb/sr,
+                                         /R =   6.9342E+01
    96.00 deg.: X-S =     8.447021 mb/sr,
+                                         /R =   6.7647E+01
    97.00 deg.: X-S =     7.974326 mb/sr,
+                                         /R =   6.5882E+01
    98.00 deg.: X-S =     7.521404 mb/sr,
+                                         /R =   6.4072E+01
    99.00 deg.: X-S =     7.089677 mb/sr,
+                                         /R =   6.2238E+01
   100.00 deg.: X-S =     6.680192 mb/sr,
+                                         /R =   6.0402E+01
   101.00 deg.: X-S =     6.293645 mb/sr,
+                                         /R =   5.8584E+01
   102.00 deg.: X-S =     5.930405 mb/sr,
+                                         /R =   5.6799E+01
   103.00 deg.: X-S =     5.590541 mb/sr,
+                                         /R =   5.5066E+01
   104.00 deg.: X-S =     5.273851 mb/sr,
+                                         /R =   5.3396E+01
   105.00 deg.: X-S =     4.979897 mb/sr,
+                                         /R =   5.1801E+01
   106.00 deg.: X-S =     4.708026 mb/sr,
+                                         /R =   5.0290E+01
   107.00 deg.: X-S =     4.457409 mb/sr,
+                                         /R =   4.8871E+01
   108.00 deg.: X-S =     4.227072 mb/sr,
+                                         /R =   4.7547E+01
   109.00 deg.: X-S =     4.015919 mb/sr,
+                                         /R =   4.6321E+01
   110.00 deg.: X-S =     3.822771 mb/sr,
+                                         /R =   4.5195E+01
   111.00 deg.: X-S =     3.646386 mb/sr,
+                                         /R =   4.4166E+01
   112.00 deg.: X-S =     3.485493 mb/sr,
+                                         /R =   4.3233E+01
   113.00 deg.: X-S =     3.338811 mb/sr,
+                                         /R =   4.2390E+01
   114.00 deg.: X-S =     3.205078 mb/sr,
+                                         /R =   4.1635E+01
   115.00 deg.: X-S =     3.083067 mb/sr,
+                                         /R =   4.0959E+01
   116.00 deg.: X-S =     2.971609 mb/sr,
+                                         /R =   4.0357E+01
   117.00 deg.: X-S =     2.869605 mb/sr,
+                                         /R =   3.9823E+01
   118.00 deg.: X-S =     2.776046 mb/sr,
+                                         /R =   3.9349E+01
   119.00 deg.: X-S =     2.690020 mb/sr,
+                                         /R =   3.8930E+01
   120.00 deg.: X-S =     2.610720 mb/sr,
+                                         /R =   3.8560E+01
   121.00 deg.: X-S =     2.537457 mb/sr,
+                                         /R =   3.8233E+01
   122.00 deg.: X-S =     2.469657 mb/sr,
+                                         /R =   3.7946E+01
   123.00 deg.: X-S =     2.406865 mb/sr,
+                                         /R =   3.7696E+01
   124.00 deg.: X-S =     2.348748 mb/sr,
+                                         /R =   3.7482E+01
   125.00 deg.: X-S =     2.295087 mb/sr,
+                                         /R =   3.7305E+01
   126.00 deg.: X-S =     2.245775 mb/sr,
+                                         /R =   3.7165E+01
   127.00 deg.: X-S =     2.200811 mb/sr,
+                                         /R =   3.7068E+01
   128.00 deg.: X-S =     2.160292 mb/sr,
+                                         /R =   3.7017E+01
   129.00 deg.: X-S =     2.124401 mb/sr,
+                                         /R =   3.7020E+01
   130.00 deg.: X-S =     2.093402 mb/sr,
+                                         /R =   3.7086E+01
   131.00 deg.: X-S =     2.067620 mb/sr,
+                                         /R =   3.7223E+01
   132.00 deg.: X-S =     2.047439 mb/sr,
+                                         /R =   3.7444E+01
   133.00 deg.: X-S =     2.033281 mb/sr,
+                                         /R =   3.7761E+01
   134.00 deg.: X-S =     2.025597 mb/sr,
+                                         /R =   3.8186E+01
   135.00 deg.: X-S =     2.024853 mb/sr,
+                                         /R =   3.8735E+01
   136.00 deg.: X-S =     2.031518 mb/sr,
+                                         /R =   3.9422E+01
   137.00 deg.: X-S =     2.046052 mb/sr,
+                                         /R =   4.0260E+01
   138.00 deg.: X-S =     2.068889 mb/sr,
+                                         /R =   4.1266E+01
   139.00 deg.: X-S =     2.100434 mb/sr,
+                                         /R =   4.2453E+01
   140.00 deg.: X-S =     2.141046 mb/sr,
+                                         /R =   4.3835E+01
   141.00 deg.: X-S =     2.191031 mb/sr,
+                                         /R =   4.5424E+01
   142.00 deg.: X-S =     2.250633 mb/sr,
+                                         /R =   4.7232E+01
   143.00 deg.: X-S =     2.320027 mb/sr,
+                                         /R =   4.9268E+01
   144.00 deg.: X-S =     2.399314 mb/sr,
+                                         /R =   5.1542E+01
   145.00 deg.: X-S =     2.488513 mb/sr,
+                                         /R =   5.4059E+01
   146.00 deg.: X-S =     2.587559 mb/sr,
+                                         /R =   5.6823E+01
   147.00 deg.: X-S =     2.696304 mb/sr,
+                                         /R =   5.9837E+01
   148.00 deg.: X-S =     2.814508 mb/sr,
+                                         /R =   6.3098E+01
   149.00 deg.: X-S =     2.941847 mb/sr,
+                                         /R =   6.6606E+01
   150.00 deg.: X-S =     3.077907 mb/sr,
+                                         /R =   7.0353E+01
   151.00 deg.: X-S =     3.222194 mb/sr,
+                                         /R =   7.4331E+01
   152.00 deg.: X-S =     3.374130 mb/sr,
+                                         /R =   7.8529E+01
   153.00 deg.: X-S =     3.533059 mb/sr,
+                                         /R =   8.2933E+01
   154.00 deg.: X-S =     3.698257 mb/sr,
+                                         /R =   8.7527E+01
   155.00 deg.: X-S =     3.868928 mb/sr,
+                                         /R =   9.2292E+01
   156.00 deg.: X-S =     4.044221 mb/sr,
+                                         /R =   9.7208E+01
   157.00 deg.: X-S =     4.223228 mb/sr,
+                                         /R =   1.0225E+02
   158.00 deg.: X-S =     4.404996 mb/sr,
+                                         /R =   1.0739E+02
   159.00 deg.: X-S =     4.588535 mb/sr,
+                                         /R =   1.1261E+02
   160.00 deg.: X-S =     4.772823 mb/sr,
+                                         /R =   1.1788E+02
   161.00 deg.: X-S =     4.956816 mb/sr,
+                                         /R =   1.2316E+02
   162.00 deg.: X-S =     5.139456 mb/sr,
+                                         /R =   1.2842E+02
   163.00 deg.: X-S =     5.319680 mb/sr,
+                                         /R =   1.3364E+02
   164.00 deg.: X-S =     5.496427 mb/sr,
+                                         /R =   1.3878E+02
   165.00 deg.: X-S =     5.668647 mb/sr,
+                                         /R =   1.4381E+02
   166.00 deg.: X-S =     5.835308 mb/sr,
+                                         /R =   1.4870E+02
   167.00 deg.: X-S =     5.995405 mb/sr,
+                                         /R =   1.5341E+02
   168.00 deg.: X-S =     6.147966 mb/sr,
+                                         /R =   1.5792E+02
   169.00 deg.: X-S =     6.292062 mb/sr,
+                                         /R =   1.6219E+02
   170.00 deg.: X-S =     6.426810 mb/sr,
+                                         /R =   1.6620E+02
   171.00 deg.: X-S =     6.551382 mb/sr,
+                                         /R =   1.6991E+02
   172.00 deg.: X-S =     6.665009 mb/sr,
+                                         /R =   1.7331E+02
   173.00 deg.: X-S =     6.766991 mb/sr,
+                                         /R =   1.7636E+02
   174.00 deg.: X-S =     6.856694 mb/sr,
+                                         /R =   1.7905E+02
   175.00 deg.: X-S =     6.933562 mb/sr,
+                                         /R =   1.8136E+02
   176.00 deg.: X-S =     6.997118 mb/sr,
+                                         /R =   1.8328E+02
   177.00 deg.: X-S =     7.046965 mb/sr,
+                                         /R =   1.8478E+02
   178.00 deg.: X-S =     7.082794 mb/sr,
+                                         /R =   1.8586E+02
   179.00 deg.: X-S =     7.104381 mb/sr,
+                                         /R =   1.8651E+02
   179.99 deg.: X-S =     7.111591 mb/sr,
+                                         /R =   1.8673E+02
                                           Integrated********** mb, over [   0.000, 180.000] at   140.0000 MeV 
 Finished all xsecs @    1.56250000E-02

  The following files have been created:
   3:local copy of User input.            6:standard output.                   
  13:total cross sections/state.         39:cross sections for each Ecm.       
  40:all cross sectns. for each Elab.    56:Fusion for each Jtotal.            

 PARAMETERS : MAXQRN   MFNL   MLOC  LMAX1 MCLIST
    ALLOWED :      1     16      4    170      6
    REQUIRED:      0      0      4      9      4


 ACCURACY ANALYSIS at   140.000 MeV :

  Elastic h*k = 0.034 so OK       compared with 0.200

   Real(S-el) > 0.01 first at J =       1.0
   Real(S-el) > 0.10 first at J =       1.0
   Real(S-el) > 0.50 first at J =       2.0
   Real(S-el) > 0.90 first at J =       3.0
   Real(S-el) > 0.99 first at J =       4.0
   R-turn =     8.87 fm    at J =       7.0

 Forward-angle excitation cut off below   1.614 deg by max JT =       7.0
                              and below   0.283 deg by max R.

 Total CPU  0 time =       0.02 seconds
