 FRESCO - FRES 3.4: Coupled Reaction Channels
 Assuming NAMELIST input.

 Test reaction with generated potential                                          

   0.040  50.000   0.500   0.000   0.000   0.000   0.000   0.000   0.000   0.000

 Centre-of-mass Range is   1252 * 0.0400 fm., Maximum at  50.00 fm., Interpolating NL forms every  0.52 fm.
 Non - locality width is      4 * 0.0400 fm., Maximum of   0.12 fm., Centred at  0.00 fm.
 2-Nucleon Separation of      0 * 0.5200 fm., Maximum of   0.00 fm., Minimum at  0.00 fm.
 Maximum single particle bins of 49.9200 fm.
               M,Mint =         1251        1249


 Range of total J is     0.0 <= J <=   150.0 (at least     0.0) and Absorbtion =>     0.1000 mb.
 Dry Run = F, CC set limits =  0  0, Relativistic kinematics =  , Both/Far/Near Analyses =  1                     

 Cross Sections (and up to T0 for 0=projectile) for Theta from   0.0 to 180.0 in steps of  1.0 degrees, DGAM=0,  Coordinates = 0 (Mads)

 Lower Radial Cutoff = maximum of -1.60*L*h &       0.0 fm.,  Lower Cutoff for Couplings =   0.0  fm.


 Iterate Couplings between   0 and   0 times, to  0.000 % if sooner.                                          
  Block solved exactly =   0 chs., with Pade = 0 & Isocen =  =0, NOSOL = F, initwf =  0
  NL quadrature with   18 Gaussian points, Calculate multipoles up to   156 from   0
  M-transfers for lp+lt greater than or equal to  6, Angular Integration Cutoff below  2.7778 %


 Trace switches are :  CHANS =  0, LISTCC =  0, TRENEG =  0, CDETR =  0, SMATS =  0, XSTABL =  0, NLPL =  0

                       WAVES =  0, LAMPL =  0, VEFF =  0, KFUS =  0, WDISK =  0, BPM =  0, MELFIL =  0

                       CDCC =  0, NFUS =  0

 Using unit mass = 1.000000 amu and 1/fine-structure constant = 137.03599 ( 1.000000 * true ) with hc = 197.32705 MeV.fm,
  thus 2*amu/hbar^2 = 0.0478450 = 1/20.9008 and Coulomb constant = 0.1574855 so e^2 = 1.43997, and nuclear magneton= 0.1261183

 Now pre-scan input and save to file 3



 *********** PARTITION NUMBER  1 ******************************************************************************************

   PROJ=7Li        MASS=  7.0000 Z=   3.0,        # STATES=    1T, TARG=p        MASS=  1.0000 Z=   1.0,     Q-VALUE =   0.0000 MEV.

     1:  J= 1.5+ (B# 1), E=  0.0000, K= 0.5              Potl#  1       J= 0.5+ (B# 1), E=  0.0000, K= 0.5    


 ************************************************************************************************************************************

 The following POTENTIALS are defined :

  KP#       TYPE      IT    SHAPE      at     V1        r1        a1        V2        r2        a2        A-in     A-used


                                            A#1       A#2        r0c       ac                                                h @ 1
    1    0=Coulomb       0=CHARGE (WS)  1     1.000     1.000    3.6412    0.0000    0.0000    0.0000     0.000     8.000   0.04000

    1    1=Volume        0=Woods-Saxon  2   70.0000    1.2500    0.6500   15.0000    1.2500    0.6500     0.000     8.000

    1    2=Surface       0=Woods-Saxon  3    0.0000    0.0000    0.0000    5.0000    1.3000    0.6500     0.000     8.000

    1    3=Projtl S.O.   0=Woods-Saxon  4    3.0000    1.0000    0.6500    0.0000    0.0000    0.0000     0.000     8.000

 Incoming partition  1 in excitation state # 1,   Laboratory Energy given for partition  1 Nucleus 1 in Excitation pair 1

0Lab. ENERGY ranges :

   from    255.000     to   0.00000     in     0 intervals
   from    0.00000     to   0.00000     in     0 intervals
   from    0.00000     to   0.00000     in     0 intervals

 Largest real,imaginary parts of any form factor at R=   49.60 are   2.90E-02  7.91E-31 MeV
 Finished all Couplings @    0.00000000               4

 Symmetric Hamiltonian
1***********************************************************************************************************************************
************************************************************************************************************************************

        INCOMING 7Li      ;    LABORATORY 7Li      ENERGY =   255.00     MeV.

 ***********************************************************************************************************************************
 ***********************************************************************************************************************************


  NOTE: Coulomb excitation cut off below   0.060 deg by JTMAX, and below   0.155 deg by Rmax

 Allocate arrays for            4  channels, of which            1  need wfs.
 Allocate arrays for            4  channels, of which            3  need wfs.
 Allocate arrays for            4  channels, of which            4  need wfs.
 Reaction Xsec     8.0+/ 6 @ 1 =   3.889 , Out:   0.000#
 Reaction Xsec     8.0+/ 8 @ 2 =   0.323 , Out:   0.000#
 Reaction Xsec     8.0+/ 8 @ 3 =   0.325 , Out:   0.000#
 Reaction Xsec     8.0+/10 @ 4 =   0.029 , Out:   0.000#
 Reaction Xsec     8.0-/ 7 @ 1 =   1.092 , Out:   0.000#
 Reaction Xsec     8.0-/ 7 @ 2 =   1.109 , Out:   0.000#
 Reaction Xsec     8.0-/ 9 @ 3 =   0.097 , Out:   0.000#
 Reaction Xsec     8.0-/ 9 @ 4 =   0.097 , Out:   0.000#
 Finished all CC sets @    0.00000000    
0CUMULATIVE REACTION cross section                 =  599.80171  <L> =     3.69  <L**2> =     16.4
0CUMULATIVE outgoing cross sections in partition 1 :    0.00000
0Cumulative ABSORBTION by Imaginary Potentials     =  599.80171  <L> =     3.69  <L**2> =     16.4
   Fusion for specific 7Li      M-states :  567.954433  588.615783  588.615783  567.954433

0CUMULATIVE OUTGOING cross section                 =    0.00000
 To convert to S-factors (MeV.mb = keV.b),  multiply by  5.2126E+01


 CROSS SECTIONS FOR OUTGOING 7Li      & p        in state #   1 with spins & parities 1.5  + &  0.5  +;  0

     0.01 deg.: X-S =   1.9794E+14 mb/sr,
+                                         /R =   9.9999E-01
     1.00 deg.: X-S =   1.9204E+06 mb/sr,
+                                         /R =   9.7012E-01
     2.00 deg.: X-S =   1.1235E+05 mb/sr,
+                                         /R =   9.0797E-01
     3.00 deg.: X-S =   2.0792E+04 mb/sr,
+                                         /R =   8.5045E-01
     4.00 deg.: X-S =  6529.100667 mb/sr,
+                                         /R =   8.4373E-01
     5.00 deg.: X-S =  2993.790296 mb/sr,
+                                         /R =   9.4409E-01
     6.00 deg.: X-S =  1859.755754 mb/sr,
+                                         /R =   1.2154E+00
     7.00 deg.: X-S =  1426.248377 mb/sr,
+                                         /R =   1.7257E+00
     8.00 deg.: X-S =  1232.835295 mb/sr,
+                                         /R =   2.5428E+00
     9.00 deg.: X-S =  1130.002596 mb/sr,
+                                         /R =   3.7302E+00
    10.00 deg.: X-S =  1062.838451 mb/sr,
+                                         /R =   5.3423E+00
    11.00 deg.: X-S =  1009.461276 mb/sr,
+                                         /R =   7.4209E+00
    12.00 deg.: X-S =   960.754347 mb/sr,
+                                         /R =   9.9914E+00
    13.00 deg.: X-S =   912.923150 mb/sr,
+                                         /R =   1.3060E+01
    14.00 deg.: X-S =   864.518683 mb/sr,
+                                         /R =   1.6612E+01
    15.00 deg.: X-S =   815.163342 mb/sr,
+                                         /R =   2.0611E+01
    16.00 deg.: X-S =   764.974710 mb/sr,
+                                         /R =   2.5000E+01
    17.00 deg.: X-S =   714.292875 mb/sr,
+                                         /R =   2.9700E+01
    18.00 deg.: X-S =   663.546379 mb/sr,
+                                         /R =   3.4616E+01
    19.00 deg.: X-S =   613.184205 mb/sr,
+                                         /R =   3.9637E+01
    20.00 deg.: X-S =   563.640384 mb/sr,
+                                         /R =   4.4643E+01
    21.00 deg.: X-S =   515.315314 mb/sr,
+                                         /R =   4.9508E+01
    22.00 deg.: X-S =   468.565971 mb/sr,
+                                         /R =   5.4105E+01
    23.00 deg.: X-S =   423.701055 mb/sr,
+                                         /R =   5.8312E+01
    24.00 deg.: X-S =   380.979061 mb/sr,
+                                         /R =   6.2014E+01
    25.00 deg.: X-S =   340.608166 mb/sr,
+                                         /R =   6.5114E+01
    26.00 deg.: X-S =   302.747370 mb/sr,
+                                         /R =   6.7532E+01
    27.00 deg.: X-S =   267.508523 mb/sr,
+                                         /R =   6.9207E+01
    28.00 deg.: X-S =   234.959024 mb/sr,
+                                         /R =   7.0108E+01
    29.00 deg.: X-S =   205.125051 mb/sr,
+                                         /R =   7.0225E+01
    30.00 deg.: X-S =   177.995176 mb/sr,
+                                         /R =   6.9577E+01
    31.00 deg.: X-S =   153.524285 mb/sr,
+                                         /R =   6.8210E+01
    32.00 deg.: X-S =   131.637673 mb/sr,
+                                         /R =   6.6192E+01
    33.00 deg.: X-S =   112.235261 mb/sr,
+                                         /R =   6.3617E+01
    34.00 deg.: X-S =    95.195808 mb/sr,
+                                         /R =   6.0594E+01
    35.00 deg.: X-S =    80.381075 mb/sr,
+                                         /R =   5.7253E+01
    36.00 deg.: X-S =    67.639845 mb/sr,
+                                         /R =   5.3729E+01
    37.00 deg.: X-S =    56.811745 mb/sr,
+                                         /R =   5.0167E+01
    38.00 deg.: X-S =    47.730822 mb/sr,
+                                         /R =   4.6713E+01
    39.00 deg.: X-S =    40.228813 mb/sr,
+                                         /R =   4.3510E+01
    40.00 deg.: X-S =    34.138094 mb/sr,
+                                         /R =   4.0693E+01
    41.00 deg.: X-S =    29.294278 mb/sr,
+                                         /R =   3.8385E+01
    42.00 deg.: X-S =    25.538440 mb/sr,
+                                         /R =   3.6693E+01
    43.00 deg.: X-S =    22.718986 mb/sr,
+                                         /R =   3.5708E+01
    44.00 deg.: X-S =    20.693149 mb/sr,
+                                         /R =   3.5498E+01
    45.00 deg.: X-S =    19.328145 mb/sr,
+                                         /R =   3.6110E+01
    46.00 deg.: X-S =    18.501990 mb/sr,
+                                         /R =   3.7567E+01
    47.00 deg.: X-S =    18.104014 mb/sr,
+                                         /R =   3.9870E+01
    48.00 deg.: X-S =    18.035103 mb/sr,
+                                         /R =   4.2998E+01
    49.00 deg.: X-S =    18.207682 mb/sr,
+                                         /R =   4.6907E+01
    50.00 deg.: X-S =    18.545498 mb/sr,
+                                         /R =   5.1535E+01
    51.00 deg.: X-S =    18.983211 mb/sr,
+                                         /R =   5.6804E+01
    52.00 deg.: X-S =    19.465848 mb/sr,
+                                         /R =   6.2620E+01
    53.00 deg.: X-S =    19.948133 mb/sr,
+                                         /R =   6.8879E+01
    54.00 deg.: X-S =    20.393736 mb/sr,
+                                         /R =   7.5467E+01
    55.00 deg.: X-S =    20.774471 mb/sr,
+                                         /R =   8.2267E+01
    56.00 deg.: X-S =    21.069449 mb/sr,
+                                         /R =   8.9159E+01
    57.00 deg.: X-S =    21.264236 mb/sr,
+                                         /R =   9.6023E+01
    58.00 deg.: X-S =    21.350009 mb/sr,
+                                         /R =   1.0274E+02
    59.00 deg.: X-S =    21.322745 mb/sr,
+                                         /R =   1.0921E+02
    60.00 deg.: X-S =    21.182447 mb/sr,
+                                         /R =   1.1533E+02
    61.00 deg.: X-S =    20.932421 mb/sr,
+                                         /R =   1.2100E+02
    62.00 deg.: X-S =    20.578599 mb/sr,
+                                         /R =   1.2614E+02
    63.00 deg.: X-S =    20.128939 mb/sr,
+                                         /R =   1.3069E+02
    64.00 deg.: X-S =    19.592877 mb/sr,
+                                         /R =   1.3459E+02
    65.00 deg.: X-S =    18.980846 mb/sr,
+                                         /R =   1.3780E+02
    66.00 deg.: X-S =    18.303861 mb/sr,
+                                         /R =   1.4030E+02
    67.00 deg.: X-S =    17.573163 mb/sr,
+                                         /R =   1.4206E+02
    68.00 deg.: X-S =    16.799924 mb/sr,
+                                         /R =   1.4310E+02
    69.00 deg.: X-S =    15.995002 mb/sr,
+                                         /R =   1.4341E+02
    70.00 deg.: X-S =    15.168749 mb/sr,
+                                         /R =   1.4302E+02
    71.00 deg.: X-S =    14.330865 mb/sr,
+                                         /R =   1.4196E+02
    72.00 deg.: X-S =    13.490286 mb/sr,
+                                         /R =   1.4027E+02
    73.00 deg.: X-S =    12.655114 mb/sr,
+                                         /R =   1.3800E+02
    74.00 deg.: X-S =    11.832575 mb/sr,
+                                         /R =   1.3521E+02
    75.00 deg.: X-S =    11.028998 mb/sr,
+                                         /R =   1.3195E+02
    76.00 deg.: X-S =    10.249819 mb/sr,
+                                         /R =   1.2828E+02
    77.00 deg.: X-S =     9.499605 mb/sr,
+                                         /R =   1.2427E+02
    78.00 deg.: X-S =     8.782087 mb/sr,
+                                         /R =   1.1999E+02
    79.00 deg.: X-S =     8.100201 mb/sr,
+                                         /R =   1.1551E+02
    80.00 deg.: X-S =     7.456145 mb/sr,
+                                         /R =   1.1088E+02
    81.00 deg.: X-S =     6.851436 mb/sr,
+                                         /R =   1.0618E+02
    82.00 deg.: X-S =     6.286968 mb/sr,
+                                         /R =   1.0146E+02
    83.00 deg.: X-S =     5.763076 mb/sr,
+                                         /R =   9.6780E+01
    84.00 deg.: X-S =     5.279599 mb/sr,
+                                         /R =   9.2197E+01
    85.00 deg.: X-S =     4.835940 mb/sr,
+                                         /R =   8.7758E+01
    86.00 deg.: X-S =     4.431125 mb/sr,
+                                         /R =   8.3507E+01
    87.00 deg.: X-S =     4.063864 mb/sr,
+                                         /R =   7.9481E+01
    88.00 deg.: X-S =     3.732598 mb/sr,
+                                         /R =   7.5713E+01
    89.00 deg.: X-S =     3.435558 mb/sr,
+                                         /R =   7.2230E+01
    90.00 deg.: X-S =     3.170805 mb/sr,
+                                         /R =   6.9053E+01
    91.00 deg.: X-S =     2.936280 mb/sr,
+                                         /R =   6.6197E+01
    92.00 deg.: X-S =     2.729837 mb/sr,
+                                         /R =   6.3672E+01
    93.00 deg.: X-S =     2.549286 mb/sr,
+                                         /R =   6.1481E+01
    94.00 deg.: X-S =     2.392419 mb/sr,
+                                         /R =   5.9624E+01
    95.00 deg.: X-S =     2.257043 mb/sr,
+                                         /R =   5.8095E+01
    96.00 deg.: X-S =     2.141006 mb/sr,
+                                         /R =   5.6883E+01
    97.00 deg.: X-S =     2.042214 mb/sr,
+                                         /R =   5.5976E+01
    98.00 deg.: X-S =     1.958654 mb/sr,
+                                         /R =   5.5354E+01
    99.00 deg.: X-S =     1.888407 mb/sr,
+                                         /R =   5.4999E+01
   100.00 deg.: X-S =     1.829661 mb/sr,
+                                         /R =   5.4886E+01
   101.00 deg.: X-S =     1.780720 mb/sr,
+                                         /R =   5.4991E+01
   102.00 deg.: X-S =     1.740014 mb/sr,
+                                         /R =   5.5289E+01
   103.00 deg.: X-S =     1.706096 mb/sr,
+                                         /R =   5.5751E+01
   104.00 deg.: X-S =     1.677652 mb/sr,
+                                         /R =   5.6351E+01
   105.00 deg.: X-S =     1.653496 mb/sr,
+                                         /R =   5.7062E+01
   106.00 deg.: X-S =     1.632571 mb/sr,
+                                         /R =   5.7855E+01
   107.00 deg.: X-S =     1.613942 mb/sr,
+                                         /R =   5.8705E+01
   108.00 deg.: X-S =     1.596795 mb/sr,
+                                         /R =   5.9587E+01
   109.00 deg.: X-S =     1.580431 mb/sr,
+                                         /R =   6.0477E+01
   110.00 deg.: X-S =     1.564256 mb/sr,
+                                         /R =   6.1354E+01
   111.00 deg.: X-S =     1.547776 mb/sr,
+                                         /R =   6.2195E+01
   112.00 deg.: X-S =     1.530587 mb/sr,
+                                         /R =   6.2984E+01
   113.00 deg.: X-S =     1.512369 mb/sr,
+                                         /R =   6.3703E+01
   114.00 deg.: X-S =     1.492878 mb/sr,
+                                         /R =   6.4337E+01
   115.00 deg.: X-S =     1.471935 mb/sr,
+                                         /R =   6.4875E+01
   116.00 deg.: X-S =     1.449420 mb/sr,
+                                         /R =   6.5306E+01
   117.00 deg.: X-S =     1.425262 mb/sr,
+                                         /R =   6.5619E+01
   118.00 deg.: X-S =     1.399436 mb/sr,
+                                         /R =   6.5810E+01
   119.00 deg.: X-S =     1.371952 mb/sr,
+                                         /R =   6.5871E+01
   120.00 deg.: X-S =     1.342851 mb/sr,
+                                         /R =   6.5800E+01
   121.00 deg.: X-S =     1.312199 mb/sr,
+                                         /R =   6.5593E+01
   122.00 deg.: X-S =     1.280083 mb/sr,
+                                         /R =   6.5251E+01
   123.00 deg.: X-S =     1.246606 mb/sr,
+                                         /R =   6.4773E+01
   124.00 deg.: X-S =     1.211884 mb/sr,
+                                         /R =   6.4162E+01
   125.00 deg.: X-S =     1.176044 mb/sr,
+                                         /R =   6.3418E+01
   126.00 deg.: X-S =     1.139221 mb/sr,
+                                         /R =   6.2547E+01
   127.00 deg.: X-S =     1.101557 mb/sr,
+                                         /R =   6.1552E+01
   128.00 deg.: X-S =     1.063201 mb/sr,
+                                         /R =   6.0441E+01
   129.00 deg.: X-S =     1.024308 mb/sr,
+                                         /R =   5.9219E+01
   130.00 deg.: X-S =     0.985038 mb/sr,
+                                         /R =   5.7893E+01
   131.00 deg.: X-S =     0.945557 mb/sr,
+                                         /R =   5.6475E+01
   132.00 deg.: X-S =     0.906038 mb/sr,
+                                         /R =   5.4972E+01
   133.00 deg.: X-S =     0.866662 mb/sr,
+                                         /R =   5.3397E+01
   134.00 deg.: X-S =     0.827615 mb/sr,
+                                         /R =   5.1761E+01
   135.00 deg.: X-S =     0.789091 mb/sr,
+                                         /R =   5.0080E+01
   136.00 deg.: X-S =     0.751294 mb/sr,
+                                         /R =   4.8367E+01
   137.00 deg.: X-S =     0.714432 mb/sr,
+                                         /R =   4.6639E+01
   138.00 deg.: X-S =     0.678722 mb/sr,
+                                         /R =   4.4913E+01
   139.00 deg.: X-S =     0.644386 mb/sr,
+                                         /R =   4.3209E+01
   140.00 deg.: X-S =     0.611648 mb/sr,
+                                         /R =   4.1545E+01
   141.00 deg.: X-S =     0.580737 mb/sr,
+                                         /R =   3.9943E+01
   142.00 deg.: X-S =     0.551880 mb/sr,
+                                         /R =   3.8424E+01
   143.00 deg.: X-S =     0.525302 mb/sr,
+                                         /R =   3.7009E+01
   144.00 deg.: X-S =     0.501220 mb/sr,
+                                         /R =   3.5721E+01
   145.00 deg.: X-S =     0.479844 mb/sr,
+                                         /R =   3.4582E+01
   146.00 deg.: X-S =     0.461368 mb/sr,
+                                         /R =   3.3613E+01
   147.00 deg.: X-S =     0.445972 mb/sr,
+                                         /R =   3.2834E+01
   148.00 deg.: X-S =     0.433812 mb/sr,
+                                         /R =   3.2266E+01
   149.00 deg.: X-S =     0.425023 mb/sr,
+                                         /R =   3.1925E+01
   150.00 deg.: X-S =     0.419710 mb/sr,
+                                         /R =   3.1827E+01
   151.00 deg.: X-S =     0.417949 mb/sr,
+                                         /R =   3.1986E+01
   152.00 deg.: X-S =     0.419780 mb/sr,
+                                         /R =   3.2412E+01
   153.00 deg.: X-S =     0.425209 mb/sr,
+                                         /R =   3.3113E+01
   154.00 deg.: X-S =     0.434204 mb/sr,
+                                         /R =   3.4093E+01
   155.00 deg.: X-S =     0.446693 mb/sr,
+                                         /R =   3.5352E+01
   156.00 deg.: X-S =     0.462564 mb/sr,
+                                         /R =   3.6886E+01
   157.00 deg.: X-S =     0.481665 mb/sr,
+                                         /R =   3.8689E+01
   158.00 deg.: X-S =     0.503806 mb/sr,
+                                         /R =   4.0750E+01
   159.00 deg.: X-S =     0.528758 mb/sr,
+                                         /R =   4.3052E+01
   160.00 deg.: X-S =     0.556254 mb/sr,
+                                         /R =   4.5578E+01
   161.00 deg.: X-S =     0.585997 mb/sr,
+                                         /R =   4.8304E+01
   162.00 deg.: X-S =     0.617655 mb/sr,
+                                         /R =   5.1204E+01
   163.00 deg.: X-S =     0.650871 mb/sr,
+                                         /R =   5.4248E+01
   164.00 deg.: X-S =     0.685265 mb/sr,
+                                         /R =   5.7404E+01
   165.00 deg.: X-S =     0.720436 mb/sr,
+                                         /R =   6.0638E+01
   166.00 deg.: X-S =     0.755970 mb/sr,
+                                         /R =   6.3912E+01
   167.00 deg.: X-S =     0.791446 mb/sr,
+                                         /R =   6.7188E+01
   168.00 deg.: X-S =     0.826437 mb/sr,
+                                         /R =   7.0427E+01
   169.00 deg.: X-S =     0.860518 mb/sr,
+                                         /R =   7.3590E+01
   170.00 deg.: X-S =     0.893274 mb/sr,
+                                         /R =   7.6636E+01
   171.00 deg.: X-S =     0.924300 mb/sr,
+                                         /R =   7.9529E+01
   172.00 deg.: X-S =     0.953212 mb/sr,
+                                         /R =   8.2229E+01
   173.00 deg.: X-S =     0.979650 mb/sr,
+                                         /R =   8.4704E+01
   174.00 deg.: X-S =     1.003281 mb/sr,
+                                         /R =   8.6919E+01
   175.00 deg.: X-S =     1.023809 mb/sr,
+                                         /R =   8.8846E+01
   176.00 deg.: X-S =     1.040972 mb/sr,
+                                         /R =   9.0460E+01
   177.00 deg.: X-S =     1.054554 mb/sr,
+                                         /R =   9.1738E+01
   178.00 deg.: X-S =     1.064380 mb/sr,
+                                         /R =   9.2663E+01
   179.00 deg.: X-S =     1.070327 mb/sr,
+                                         /R =   9.3223E+01
   179.99 deg.: X-S =     1.072318 mb/sr,
+                                         /R =   9.3411E+01
                                           Integrated********** mb, over [   0.000, 180.000] at   255.0000 MeV 
 Finished all xsecs @    3.12500000E-02

  The following files have been created:
   3:local copy of User input.            6:standard output.                   
  13:total cross sections/state.         39:cross sections for each Ecm.       
  40:all cross sectns. for each Elab.    56:Fusion for each Jtotal.            

 PARAMETERS : MAXQRN   MFNL   MLOC  LMAX1 MCLIST
    ALLOWED :      1     16      4    170      6
    REQUIRED:      0      0      4     11      4


 ACCURACY ANALYSIS at   255.000 MeV :

  Elastic h*k = 0.046 so OK       compared with 0.200

   Real(S-el) > 0.01 first at J =       1.0
   Real(S-el) > 0.10 first at J =       1.0
   Real(S-el) > 0.50 first at J =       2.0
   Real(S-el) > 0.90 first at J =       4.0
   Real(S-el) > 0.99 first at J =       6.0
   R-turn =     7.41 fm    at J =       8.0

 Forward-angle excitation cut off below   1.055 deg by max JT =       8.0
                              and below   0.155 deg by max R.

 Total CPU  0 time =       0.03 seconds
