 FRESCO - FRES 3.4: Coupled Reaction Channels
 Assuming NAMELIST input.

 Test reaction with generated potential                                          

   0.040  50.000   0.500   0.000   0.000   0.000   0.000   0.000   0.000   0.000

 Centre-of-mass Range is   1252 * 0.0400 fm., Maximum at  50.00 fm., Interpolating NL forms every  0.52 fm.
 Non - locality width is      4 * 0.0400 fm., Maximum of   0.12 fm., Centred at  0.00 fm.
 2-Nucleon Separation of      0 * 0.5200 fm., Maximum of   0.00 fm., Minimum at  0.00 fm.
 Maximum single particle bins of 49.9200 fm.
               M,Mint =         1251        1249


 Range of total J is     0.0 <= J <=   150.0 (at least     0.0) and Absorbtion =>     0.1000 mb.
 Dry Run = F, CC set limits =  0  0, Relativistic kinematics =  , Both/Far/Near Analyses =  1                     

 Cross Sections (and up to T0 for 0=projectile) for Theta from   0.0 to 180.0 in steps of  1.0 degrees, DGAM=0,  Coordinates = 0 (Mads)

 Lower Radial Cutoff = maximum of -1.60*L*h &       0.0 fm.,  Lower Cutoff for Couplings =   0.0  fm.


 Iterate Couplings between   0 and   0 times, to  0.000 % if sooner.                                          
  Block solved exactly =   0 chs., with Pade = 0 & Isocen =  =0, NOSOL = F, initwf =  0
  NL quadrature with   18 Gaussian points, Calculate multipoles up to   156 from   0
  M-transfers for lp+lt greater than or equal to  6, Angular Integration Cutoff below  2.7778 %


 Trace switches are :  CHANS =  0, LISTCC =  0, TRENEG =  0, CDETR =  0, SMATS =  0, XSTABL =  0, NLPL =  0

                       WAVES =  0, LAMPL =  0, VEFF =  0, KFUS =  0, WDISK =  0, BPM =  0, MELFIL =  0

                       CDCC =  0, NFUS =  0

 Using unit mass = 1.000000 amu and 1/fine-structure constant = 137.03599 ( 1.000000 * true ) with hc = 197.32705 MeV.fm,
  thus 2*amu/hbar^2 = 0.0478450 = 1/20.9008 and Coulomb constant = 0.1574855 so e^2 = 1.43997, and nuclear magneton= 0.1261183

 Now pre-scan input and save to file 3



 *********** PARTITION NUMBER  1 ******************************************************************************************

   PROJ=7Li        MASS=  7.0000 Z=   3.0,        # STATES=    1T, TARG=p        MASS=  1.0000 Z=   1.0,     Q-VALUE =   0.0000 MEV.

     1:  J= 1.5+ (B# 1), E=  0.0000, K= 0.5              Potl#  1       J= 0.5+ (B# 1), E=  0.0000, K= 0.5    


 ************************************************************************************************************************************

 The following POTENTIALS are defined :

  KP#       TYPE      IT    SHAPE      at     V1        r1        a1        V2        r2        a2        A-in     A-used


                                            A#1       A#2        r0c       ac                                                h @ 1
    1    0=Coulomb       0=CHARGE (WS)  1     1.000     1.000    3.6412    0.0000    0.0000    0.0000     0.000     8.000   0.04000

    1    1=Volume        0=Woods-Saxon  2   70.0000    1.2500    0.6500   15.0000    1.2500    0.6500     0.000     8.000

    1    2=Surface       0=Woods-Saxon  3    0.0000    0.0000    0.0000    5.0000    1.3000    0.6500     0.000     8.000

    1    3=Projtl S.O.   0=Woods-Saxon  4    3.0000    1.0000    0.6500    0.0000    0.0000    0.0000     0.000     8.000

 Incoming partition  1 in excitation state # 1,   Laboratory Energy given for partition  1 Nucleus 1 in Excitation pair 1

0Lab. ENERGY ranges :

   from    180.000     to   0.00000     in     0 intervals
   from    0.00000     to   0.00000     in     0 intervals
   from    0.00000     to   0.00000     in     0 intervals

 Largest real,imaginary parts of any form factor at R=   49.60 are   2.90E-02  7.91E-31 MeV
 Finished all Couplings @    1.56250000E-02           4

 Symmetric Hamiltonian
1***********************************************************************************************************************************
************************************************************************************************************************************

        INCOMING 7Li      ;    LABORATORY 7Li      ENERGY =   180.00     MeV.

 ***********************************************************************************************************************************
 ***********************************************************************************************************************************


  NOTE: Coulomb excitation cut off below   0.071 deg by JTMAX, and below   0.220 deg by Rmax

 Allocate arrays for            4  channels, of which            1  need wfs.
 Allocate arrays for            4  channels, of which            3  need wfs.
 Allocate arrays for            4  channels, of which            4  need wfs.
 Reaction Xsec     6.0-/ 5 @ 1 =   5.171 , Out:   0.000#
 Reaction Xsec     6.0-/ 5 @ 2 =   5.510 , Out:   0.000#
 Reaction Xsec     6.0-/ 7 @ 3 =   0.285 , Out:   0.000#
 Reaction Xsec     6.0-/ 7 @ 4 =   0.286 , Out:   0.000#
 Reaction Xsec     7.0+/ 6 @ 1 =   1.379 , Out:   0.000#
 Reaction Xsec     7.0+/ 6 @ 2 =   1.407 , Out:   0.000#
 Reaction Xsec     7.0+/ 8 @ 3 =   0.081 , Out:   0.000#
 Reaction Xsec     7.0+/ 8 @ 4 =   0.081 , Out:   0.000#
 Reaction Xsec     7.0-/ 5 @ 1 =   6.357 , Out:   0.000#
 Reaction Xsec     7.0-/ 7 @ 2 =   0.330 , Out:   0.000#
 Reaction Xsec     7.0-/ 7 @ 3 =   0.332 , Out:   0.000#
 Reaction Xsec     7.0-/ 9 @ 4 =   0.020 , Out:   0.000#
 Finished all CC sets @    6.25000000E-02
0CUMULATIVE REACTION cross section                 =  672.02424  <L> =     3.30  <L**2> =     13.1
0CUMULATIVE outgoing cross sections in partition 1 :    0.00000
0Cumulative ABSORBTION by Imaginary Potentials     =  672.02424  <L> =     3.30  <L**2> =     13.1
   Fusion for specific 7Li      M-states :  626.923593  655.253370  655.253370  626.923593

0CUMULATIVE OUTGOING cross section                 =    0.00000
 To convert to S-factors (MeV.mb = keV.b),  multiply by  4.0404E+01


 CROSS SECTIONS FOR OUTGOING 7Li      & p        in state #   1 with spins & parities 1.5  + &  0.5  +;  0

     0.01 deg.: X-S =   3.9726E+14 mb/sr,
+                                         /R =   1.0000E+00
     1.00 deg.: X-S =   3.8957E+06 mb/sr,
+                                         /R =   9.8061E-01
     2.00 deg.: X-S =   2.3316E+05 mb/sr,
+                                         /R =   9.3888E-01
     3.00 deg.: X-S =   4.3804E+04 mb/sr,
+                                         /R =   8.9275E-01
     4.00 deg.: X-S =   1.3385E+04 mb/sr,
+                                         /R =   8.6185E-01
     5.00 deg.: X-S =  5531.383176 mb/sr,
+                                         /R =   8.6914E-01
     6.00 deg.: X-S =  2888.470733 mb/sr,
+                                         /R =   9.4060E-01
     7.00 deg.: X-S =  1831.620954 mb/sr,
+                                         /R =   1.1043E+00
     8.00 deg.: X-S =  1351.567637 mb/sr,
+                                         /R =   1.3890E+00
     9.00 deg.: X-S =  1108.543112 mb/sr,
+                                         /R =   1.8233E+00
    10.00 deg.: X-S =   971.703215 mb/sr,
+                                         /R =   2.4336E+00
    11.00 deg.: X-S =   885.400753 mb/sr,
+                                         /R =   3.2432E+00
    12.00 deg.: X-S =   824.135928 mb/sr,
+                                         /R =   4.2705E+00
    13.00 deg.: X-S =   775.557250 mb/sr,
+                                         /R =   5.5282E+00
    14.00 deg.: X-S =   733.446370 mb/sr,
+                                         /R =   7.0224E+00
    15.00 deg.: X-S =   694.605476 mb/sr,
+                                         /R =   8.7512E+00
    16.00 deg.: X-S =   657.391026 mb/sr,
+                                         /R =   1.0705E+01
    17.00 deg.: X-S =   620.987356 mb/sr,
+                                         /R =   1.2866E+01
    18.00 deg.: X-S =   585.031004 mb/sr,
+                                         /R =   1.5207E+01
    19.00 deg.: X-S =   549.409028 mb/sr,
+                                         /R =   1.7696E+01
    20.00 deg.: X-S =   514.147101 mb/sr,
+                                         /R =   2.0291E+01
    21.00 deg.: X-S =   479.345585 mb/sr,
+                                         /R =   2.2947E+01
    22.00 deg.: X-S =   445.142046 mb/sr,
+                                         /R =   2.5611E+01
    23.00 deg.: X-S =   411.688773 mb/sr,
+                                         /R =   2.8231E+01
    24.00 deg.: X-S =   379.139045 mb/sr,
+                                         /R =   3.0751E+01
    25.00 deg.: X-S =   347.638651 mb/sr,
+                                         /R =   3.3114E+01
    26.00 deg.: X-S =   317.320649 mb/sr,
+                                         /R =   3.5269E+01
    27.00 deg.: X-S =   288.302195 mb/sr,
+                                         /R =   3.7164E+01
    28.00 deg.: X-S =   260.682735 mb/sr,
+                                         /R =   3.8757E+01
    29.00 deg.: X-S =   234.543128 mb/sr,
+                                         /R =   4.0009E+01
    30.00 deg.: X-S =   209.945426 mb/sr,
+                                         /R =   4.0891E+01
    31.00 deg.: X-S =   186.933144 mb/sr,
+                                         /R =   4.1383E+01
    32.00 deg.: X-S =   165.531884 mb/sr,
+                                         /R =   4.1474E+01
    33.00 deg.: X-S =   145.750246 mb/sr,
+                                         /R =   4.1164E+01
    34.00 deg.: X-S =   127.580937 mb/sr,
+                                         /R =   4.0464E+01
    35.00 deg.: X-S =   111.002049 mb/sr,
+                                         /R =   3.9395E+01
    36.00 deg.: X-S =    95.978453 mb/sr,
+                                         /R =   3.7988E+01
    37.00 deg.: X-S =    82.463264 mb/sr,
+                                         /R =   3.6283E+01
    38.00 deg.: X-S =    70.399364 mb/sr,
+                                         /R =   3.4330E+01
    39.00 deg.: X-S =    59.720932 mb/sr,
+                                         /R =   3.2184E+01
    40.00 deg.: X-S =    50.354970 mb/sr,
+                                         /R =   2.9908E+01
    41.00 deg.: X-S =    42.222791 mb/sr,
+                                         /R =   2.7567E+01
    42.00 deg.: X-S =    35.241463 mb/sr,
+                                         /R =   2.5230E+01
    43.00 deg.: X-S =    29.325170 mb/sr,
+                                         /R =   2.2966E+01
    44.00 deg.: X-S =    24.386497 mb/sr,
+                                         /R =   2.0844E+01
    45.00 deg.: X-S =    20.337612 mb/sr,
+                                         /R =   1.8932E+01
    46.00 deg.: X-S =    17.091346 mb/sr,
+                                         /R =   1.7291E+01
    47.00 deg.: X-S =    14.562150 mb/sr,
+                                         /R =   1.5979E+01
    48.00 deg.: X-S =    12.666949 mb/sr,
+                                         /R =   1.5047E+01
    49.00 deg.: X-S =    11.325861 mb/sr,
+                                         /R =   1.4538E+01
    50.00 deg.: X-S =    10.462815 mb/sr,
+                                         /R =   1.4487E+01
    51.00 deg.: X-S =    10.006036 mb/sr,
+                                         /R =   1.4919E+01
    52.00 deg.: X-S =     9.888434 mb/sr,
+                                         /R =   1.5850E+01
    53.00 deg.: X-S =    10.047874 mb/sr,
+                                         /R =   1.7287E+01
    54.00 deg.: X-S =    10.427362 mb/sr,
+                                         /R =   1.9226E+01
    55.00 deg.: X-S =    10.975129 mb/sr,
+                                         /R =   2.1656E+01
    56.00 deg.: X-S =    11.644637 mb/sr,
+                                         /R =   2.4553E+01
    57.00 deg.: X-S =    12.394516 mb/sr,
+                                         /R =   2.7888E+01
    58.00 deg.: X-S =    13.188434 mb/sr,
+                                         /R =   3.1624E+01
    59.00 deg.: X-S =    13.994911 mb/sr,
+                                         /R =   3.5716E+01
    60.00 deg.: X-S =    14.787096 mb/sr,
+                                         /R =   4.0115E+01
    61.00 deg.: X-S =    15.542503 mb/sr,
+                                         /R =   4.4765E+01
    62.00 deg.: X-S =    16.242719 mb/sr,
+                                         /R =   4.9608E+01
    63.00 deg.: X-S =    16.873094 mb/sr,
+                                         /R =   5.4585E+01
    64.00 deg.: X-S =    17.422425 mb/sr,
+                                         /R =   5.9633E+01
    65.00 deg.: X-S =    17.882619 mb/sr,
+                                         /R =   6.4690E+01
    66.00 deg.: X-S =    18.248375 mb/sr,
+                                         /R =   6.9694E+01
    67.00 deg.: X-S =    18.516856 mb/sr,
+                                         /R =   7.4587E+01
    68.00 deg.: X-S =    18.687380 mb/sr,
+                                         /R =   7.9311E+01
    69.00 deg.: X-S =    18.761119 mb/sr,
+                                         /R =   8.3813E+01
    70.00 deg.: X-S =    18.740812 mb/sr,
+                                         /R =   8.8042E+01
    71.00 deg.: X-S =    18.630506 mb/sr,
+                                         /R =   9.1956E+01
    72.00 deg.: X-S =    18.435304 mb/sr,
+                                         /R =   9.5513E+01
    73.00 deg.: X-S =    18.161139 mb/sr,
+                                         /R =   9.8681E+01
    74.00 deg.: X-S =    17.814571 mb/sr,
+                                         /R =   1.0143E+02
    75.00 deg.: X-S =    17.402605 mb/sr,
+                                         /R =   1.0374E+02
    76.00 deg.: X-S =    16.932519 mb/sr,
+                                         /R =   1.0559E+02
    77.00 deg.: X-S =    16.411731 mb/sr,
+                                         /R =   1.0698E+02
    78.00 deg.: X-S =    15.847667 mb/sr,
+                                         /R =   1.0789E+02
    79.00 deg.: X-S =    15.247656 mb/sr,
+                                         /R =   1.0834E+02
    80.00 deg.: X-S =    14.618844 mb/sr,
+                                         /R =   1.0832E+02
    81.00 deg.: X-S =    13.968114 mb/sr,
+                                         /R =   1.0786E+02
    82.00 deg.: X-S =    13.302032 mb/sr,
+                                         /R =   1.0696E+02
    83.00 deg.: X-S =    12.626795 mb/sr,
+                                         /R =   1.0565E+02
    84.00 deg.: X-S =    11.948198 mb/sr,
+                                         /R =   1.0396E+02
    85.00 deg.: X-S =    11.271606 mb/sr,
+                                         /R =   1.0192E+02
    86.00 deg.: X-S =    10.601937 mb/sr,
+                                         /R =   9.9554E+01
    87.00 deg.: X-S =     9.943654 mb/sr,
+                                         /R =   9.6902E+01
    88.00 deg.: X-S =     9.300761 mb/sr,
+                                         /R =   9.4003E+01
    89.00 deg.: X-S =     8.676804 mb/sr,
+                                         /R =   9.0896E+01
    90.00 deg.: X-S =     8.074878 mb/sr,
+                                         /R =   8.7622E+01
    91.00 deg.: X-S =     7.497639 mb/sr,
+                                         /R =   8.4223E+01
    92.00 deg.: X-S =     6.947317 mb/sr,
+                                         /R =   8.0741E+01
    93.00 deg.: X-S =     6.425730 mb/sr,
+                                         /R =   7.7216E+01
    94.00 deg.: X-S =     5.934304 mb/sr,
+                                         /R =   7.3692E+01
    95.00 deg.: X-S =     5.474090 mb/sr,
+                                         /R =   7.0206E+01
    96.00 deg.: X-S =     5.045788 mb/sr,
+                                         /R =   6.6798E+01
    97.00 deg.: X-S =     4.649765 mb/sr,
+                                         /R =   6.3503E+01
    98.00 deg.: X-S =     4.286079 mb/sr,
+                                         /R =   6.0356E+01
    99.00 deg.: X-S =     3.954498 mb/sr,
+                                         /R =   5.7387E+01
   100.00 deg.: X-S =     3.654527 mb/sr,
+                                         /R =   5.4624E+01
   101.00 deg.: X-S =     3.385429 mb/sr,
+                                         /R =   5.2093E+01
   102.00 deg.: X-S =     3.146248 mb/sr,
+                                         /R =   4.9813E+01
   103.00 deg.: X-S =     2.935829 mb/sr,
+                                         /R =   4.7802E+01
   104.00 deg.: X-S =     2.752848 mb/sr,
+                                         /R =   4.6073E+01
   105.00 deg.: X-S =     2.595828 mb/sr,
+                                         /R =   4.4636E+01
   106.00 deg.: X-S =     2.463165 mb/sr,
+                                         /R =   4.3494E+01
   107.00 deg.: X-S =     2.353148 mb/sr,
+                                         /R =   4.2648E+01
   108.00 deg.: X-S =     2.263984 mb/sr,
+                                         /R =   4.2096E+01
   109.00 deg.: X-S =     2.193820 mb/sr,
+                                         /R =   4.1830E+01
   110.00 deg.: X-S =     2.140761 mb/sr,
+                                         /R =   4.1837E+01
   111.00 deg.: X-S =     2.102891 mb/sr,
+                                         /R =   4.2105E+01
   112.00 deg.: X-S =     2.078298 mb/sr,
+                                         /R =   4.2613E+01
   113.00 deg.: X-S =     2.065085 mb/sr,
+                                         /R =   4.3341E+01
   114.00 deg.: X-S =     2.061398 mb/sr,
+                                         /R =   4.4266E+01
   115.00 deg.: X-S =     2.065432 mb/sr,
+                                         /R =   4.5359E+01
   116.00 deg.: X-S =     2.075459 mb/sr,
+                                         /R =   4.6594E+01
   117.00 deg.: X-S =     2.089833 mb/sr,
+                                         /R =   4.7942E+01
   118.00 deg.: X-S =     2.107008 mb/sr,
+                                         /R =   4.9370E+01
   119.00 deg.: X-S =     2.125553 mb/sr,
+                                         /R =   5.0850E+01
   120.00 deg.: X-S =     2.144155 mb/sr,
+                                         /R =   5.2350E+01
   121.00 deg.: X-S =     2.161634 mb/sr,
+                                         /R =   5.3840E+01
   122.00 deg.: X-S =     2.176949 mb/sr,
+                                         /R =   5.5292E+01
   123.00 deg.: X-S =     2.189201 mb/sr,
+                                         /R =   5.6678E+01
   124.00 deg.: X-S =     2.197642 mb/sr,
+                                         /R =   5.7974E+01
   125.00 deg.: X-S =     2.201671 mb/sr,
+                                         /R =   5.9157E+01
   126.00 deg.: X-S =     2.200838 mb/sr,
+                                         /R =   6.0207E+01
   127.00 deg.: X-S =     2.194843 mb/sr,
+                                         /R =   6.1109E+01
   128.00 deg.: X-S =     2.183530 mb/sr,
+                                         /R =   6.1850E+01
   129.00 deg.: X-S =     2.166885 mb/sr,
+                                         /R =   6.2421E+01
   130.00 deg.: X-S =     2.145030 mb/sr,
+                                         /R =   6.2817E+01
   131.00 deg.: X-S =     2.118211 mb/sr,
+                                         /R =   6.3038E+01
   132.00 deg.: X-S =     2.086795 mb/sr,
+                                         /R =   6.3087E+01
   133.00 deg.: X-S =     2.051255 mb/sr,
+                                         /R =   6.2972E+01
   134.00 deg.: X-S =     2.012162 mb/sr,
+                                         /R =   6.2706E+01
   135.00 deg.: X-S =     1.970170 mb/sr,
+                                         /R =   6.2302E+01
   136.00 deg.: X-S =     1.926003 mb/sr,
+                                         /R =   6.1782E+01
   137.00 deg.: X-S =     1.880446 mb/sr,
+                                         /R =   6.1166E+01
   138.00 deg.: X-S =     1.834325 mb/sr,
+                                         /R =   6.0481E+01
   139.00 deg.: X-S =     1.788495 mb/sr,
+                                         /R =   5.9755E+01
   140.00 deg.: X-S =     1.743828 mb/sr,
+                                         /R =   5.9018E+01
   141.00 deg.: X-S =     1.701193 mb/sr,
+                                         /R =   5.8301E+01
   142.00 deg.: X-S =     1.661449 mb/sr,
+                                         /R =   5.7638E+01
   143.00 deg.: X-S =     1.625427 mb/sr,
+                                         /R =   5.7060E+01
   144.00 deg.: X-S =     1.593917 mb/sr,
+                                         /R =   5.6602E+01
   145.00 deg.: X-S =     1.567658 mb/sr,
+                                         /R =   5.6295E+01
   146.00 deg.: X-S =     1.547324 mb/sr,
+                                         /R =   5.6170E+01
   147.00 deg.: X-S =     1.533519 mb/sr,
+                                         /R =   5.6257E+01
   148.00 deg.: X-S =     1.526759 mb/sr,
+                                         /R =   5.6582E+01
   149.00 deg.: X-S =     1.527475 mb/sr,
+                                         /R =   5.7168E+01
   150.00 deg.: X-S =     1.535996 mb/sr,
+                                         /R =   5.8037E+01
   151.00 deg.: X-S =     1.552551 mb/sr,
+                                         /R =   5.9204E+01
   152.00 deg.: X-S =     1.577262 mb/sr,
+                                         /R =   6.0682E+01
   153.00 deg.: X-S =     1.610143 mb/sr,
+                                         /R =   6.2478E+01
   154.00 deg.: X-S =     1.651098 mb/sr,
+                                         /R =   6.4596E+01
   155.00 deg.: X-S =     1.699923 mb/sr,
+                                         /R =   6.7034E+01
   156.00 deg.: X-S =     1.756306 mb/sr,
+                                         /R =   6.9784E+01
   157.00 deg.: X-S =     1.819834 mb/sr,
+                                         /R =   7.2835E+01
   158.00 deg.: X-S =     1.889993 mb/sr,
+                                         /R =   7.6170E+01
   159.00 deg.: X-S =     1.966178 mb/sr,
+                                         /R =   7.9767E+01
   160.00 deg.: X-S =     2.047697 mb/sr,
+                                         /R =   8.3601E+01
   161.00 deg.: X-S =     2.133785 mb/sr,
+                                         /R =   8.7640E+01
   162.00 deg.: X-S =     2.223605 mb/sr,
+                                         /R =   9.1849E+01
   163.00 deg.: X-S =     2.316265 mb/sr,
+                                         /R =   9.6192E+01
   164.00 deg.: X-S =     2.410826 mb/sr,
+                                         /R =   1.0063E+02
   165.00 deg.: X-S =     2.506314 mb/sr,
+                                         /R =   1.0511E+02
   166.00 deg.: X-S =     2.601732 mb/sr,
+                                         /R =   1.0960E+02
   167.00 deg.: X-S =     2.696072 mb/sr,
+                                         /R =   1.1404E+02
   168.00 deg.: X-S =     2.788328 mb/sr,
+                                         /R =   1.1840E+02
   169.00 deg.: X-S =     2.877507 mb/sr,
+                                         /R =   1.2261E+02
   170.00 deg.: X-S =     2.962642 mb/sr,
+                                         /R =   1.2665E+02
   171.00 deg.: X-S =     3.042806 mb/sr,
+                                         /R =   1.3045E+02
   172.00 deg.: X-S =     3.117120 mb/sr,
+                                         /R =   1.3398E+02
   173.00 deg.: X-S =     3.184765 mb/sr,
+                                         /R =   1.3721E+02
   174.00 deg.: X-S =     3.244995 mb/sr,
+                                         /R =   1.4008E+02
   175.00 deg.: X-S =     3.297140 mb/sr,
+                                         /R =   1.4257E+02
   176.00 deg.: X-S =     3.340622 mb/sr,
+                                         /R =   1.4465E+02
   177.00 deg.: X-S =     3.374955 mb/sr,
+                                         /R =   1.4629E+02
   178.00 deg.: X-S =     3.399757 mb/sr,
+                                         /R =   1.4748E+02
   179.00 deg.: X-S =     3.414750 mb/sr,
+                                         /R =   1.4819E+02
   179.99 deg.: X-S =     3.419766 mb/sr,
+                                         /R =   1.4843E+02
                                           Integrated********** mb, over [   0.000, 180.000] at   180.0000 MeV 
 Finished all xsecs @    7.81250000E-02

  The following files have been created:
   3:local copy of User input.            6:standard output.                   
  13:total cross sections/state.         39:cross sections for each Ecm.       
  40:all cross sectns. for each Elab.    56:Fusion for each Jtotal.            

 PARAMETERS : MAXQRN   MFNL   MLOC  LMAX1 MCLIST
    ALLOWED :      1     16      4    170      6
    REQUIRED:      0      0      4     10      4


 ACCURACY ANALYSIS at   180.000 MeV :

  Elastic h*k = 0.039 so OK       compared with 0.200

   Real(S-el) > 0.01 first at J =       1.0
   Real(S-el) > 0.10 first at J =       1.0
   Real(S-el) > 0.50 first at J =       2.0
   Real(S-el) > 0.90 first at J =       3.0
   Real(S-el) > 0.99 first at J =       5.0
   R-turn =     7.81 fm    at J =       7.0

 Forward-angle excitation cut off below   1.424 deg by max JT =       7.0
                              and below   0.220 deg by max R.

 Total CPU  0 time =       0.09 seconds
