 FRESCO - FRES 3.4: Coupled Reaction Channels
 Assuming NAMELIST input.

 Test reaction with generated potential                                          

   0.040  50.000   0.500   0.000   0.000   0.000   0.000   0.000   0.000   0.000

 Centre-of-mass Range is   1252 * 0.0400 fm., Maximum at  50.00 fm., Interpolating NL forms every  0.52 fm.
 Non - locality width is      4 * 0.0400 fm., Maximum of   0.12 fm., Centred at  0.00 fm.
 2-Nucleon Separation of      0 * 0.5200 fm., Maximum of   0.00 fm., Minimum at  0.00 fm.
 Maximum single particle bins of 49.9200 fm.
               M,Mint =         1251        1249


 Range of total J is     0.0 <= J <=   150.0 (at least     0.0) and Absorbtion =>     0.1000 mb.
 Dry Run = F, CC set limits =  0  0, Relativistic kinematics =  , Both/Far/Near Analyses =  1                     

 Cross Sections (and up to T0 for 0=projectile) for Theta from   0.0 to 180.0 in steps of  1.0 degrees, DGAM=0,  Coordinates = 0 (Mads)

 Lower Radial Cutoff = maximum of -1.60*L*h &       0.0 fm.,  Lower Cutoff for Couplings =   0.0  fm.


 Iterate Couplings between   0 and   0 times, to  0.000 % if sooner.                                          
  Block solved exactly =   0 chs., with Pade = 0 & Isocen =  =0, NOSOL = F, initwf =  0
  NL quadrature with   18 Gaussian points, Calculate multipoles up to   156 from   0
  M-transfers for lp+lt greater than or equal to  6, Angular Integration Cutoff below  2.7778 %


 Trace switches are :  CHANS =  0, LISTCC =  0, TRENEG =  0, CDETR =  0, SMATS =  0, XSTABL =  0, NLPL =  0

                       WAVES =  0, LAMPL =  0, VEFF =  0, KFUS =  0, WDISK =  0, BPM =  0, MELFIL =  0

                       CDCC =  0, NFUS =  0

 Using unit mass = 1.000000 amu and 1/fine-structure constant = 137.03599 ( 1.000000 * true ) with hc = 197.32705 MeV.fm,
  thus 2*amu/hbar^2 = 0.0478450 = 1/20.9008 and Coulomb constant = 0.1574855 so e^2 = 1.43997, and nuclear magneton= 0.1261183

 Now pre-scan input and save to file 3



 *********** PARTITION NUMBER  1 ******************************************************************************************

   PROJ=7Li        MASS=  7.0000 Z=   3.0,        # STATES=    1T, TARG=p        MASS=  1.0000 Z=   1.0,     Q-VALUE =   0.0000 MEV.

     1:  J= 1.5+ (B# 1), E=  0.0000, K= 0.5              Potl#  1       J= 0.5+ (B# 1), E=  0.0000, K= 0.5    


 ************************************************************************************************************************************

 The following POTENTIALS are defined :

  KP#       TYPE      IT    SHAPE      at     V1        r1        a1        V2        r2        a2        A-in     A-used


                                            A#1       A#2        r0c       ac                                                h @ 1
    1    0=Coulomb       0=CHARGE (WS)  1     1.000     1.000    3.6412    0.0000    0.0000    0.0000     0.000     8.000   0.04000

    1    1=Volume        0=Woods-Saxon  2   70.0000    1.2500    0.6500   15.0000    1.2500    0.6500     0.000     8.000

    1    2=Surface       0=Woods-Saxon  3    0.0000    0.0000    0.0000    5.0000    1.3000    0.6500     0.000     8.000

    1    3=Projtl S.O.   0=Woods-Saxon  4    3.0000    1.0000    0.6500    0.0000    0.0000    0.0000     0.000     8.000

 Incoming partition  1 in excitation state # 1,   Laboratory Energy given for partition  1 Nucleus 1 in Excitation pair 1

0Lab. ENERGY ranges :

   from    175.000     to   0.00000     in     0 intervals
   from    0.00000     to   0.00000     in     0 intervals
   from    0.00000     to   0.00000     in     0 intervals

 Largest real,imaginary parts of any form factor at R=   49.60 are   2.90E-02  7.91E-31 MeV
 Finished all Couplings @    1.56250000E-02           4

 Symmetric Hamiltonian
1***********************************************************************************************************************************
************************************************************************************************************************************

        INCOMING 7Li      ;    LABORATORY 7Li      ENERGY =   175.00     MeV.

 ***********************************************************************************************************************************
 ***********************************************************************************************************************************


  NOTE: Coulomb excitation cut off below   0.072 deg by JTMAX, and below   0.226 deg by Rmax

 Allocate arrays for            4  channels, of which            1  need wfs.
 Allocate arrays for            4  channels, of which            3  need wfs.
 Allocate arrays for            4  channels, of which            4  need wfs.
 Reaction Xsec     6.0-/ 5 @ 1 =   4.862 , Out:   0.000#
 Reaction Xsec     6.0-/ 5 @ 2 =   5.166 , Out:   0.000#
 Reaction Xsec     6.0-/ 7 @ 3 =   0.259 , Out:   0.000#
 Reaction Xsec     6.0-/ 7 @ 4 =   0.260 , Out:   0.000#
 Reaction Xsec     7.0+/ 6 @ 1 =   1.275 , Out:   0.000#
 Reaction Xsec     7.0+/ 6 @ 2 =   1.299 , Out:   0.000#
 Reaction Xsec     7.0+/ 8 @ 3 =   0.072 , Out:   0.000#
 Reaction Xsec     7.0+/ 8 @ 4 =   0.072 , Out:   0.000#
 Reaction Xsec     7.0-/ 5 @ 1 =   5.960 , Out:   0.000#
 Reaction Xsec     7.0-/ 7 @ 2 =   0.300 , Out:   0.000#
 Reaction Xsec     7.0-/ 7 @ 3 =   0.302 , Out:   0.000#
 Reaction Xsec     7.0-/ 9 @ 4 =   0.017 , Out:   0.000#
 Finished all CC sets @    3.12500000E-02
0CUMULATIVE REACTION cross section                 =  678.64156  <L> =     3.27  <L**2> =     12.9
0CUMULATIVE outgoing cross sections in partition 1 :    0.00000
0Cumulative ABSORBTION by Imaginary Potentials     =  678.64156  <L> =     3.27  <L**2> =     12.9
   Fusion for specific 7Li      M-states :  632.218685  661.382515  661.382515  632.218685

0CUMULATIVE OUTGOING cross section                 =    0.00000
 To convert to S-factors (MeV.mb = keV.b),  multiply by  3.9609E+01


 CROSS SECTIONS FOR OUTGOING 7Li      & p        in state #   1 with spins & parities 1.5  + &  0.5  +;  0

     0.01 deg.: X-S =   4.2028E+14 mb/sr,
+                                         /R =   1.0000E+00
     1.00 deg.: X-S =   4.1241E+06 mb/sr,
+                                         /R =   9.8123E-01
     2.00 deg.: X-S =   2.4716E+05 mb/sr,
+                                         /R =   9.4072E-01
     3.00 deg.: X-S =   4.6485E+04 mb/sr,
+                                         /R =   8.9549E-01
     4.00 deg.: X-S =   1.4195E+04 mb/sr,
+                                         /R =   8.6391E-01
     5.00 deg.: X-S =  5840.384189 mb/sr,
+                                         /R =   8.6742E-01
     6.00 deg.: X-S =  3022.049384 mb/sr,
+                                         /R =   9.3019E-01
     7.00 deg.: X-S =  1892.272529 mb/sr,
+                                         /R =   1.0783E+00
     8.00 deg.: X-S =  1378.208058 mb/sr,
+                                         /R =   1.3388E+00
     9.00 deg.: X-S =  1118.053985 mb/sr,
+                                         /R =   1.7382E+00
    10.00 deg.: X-S =   972.182222 mb/sr,
+                                         /R =   2.3014E+00
    11.00 deg.: X-S =   881.050208 mb/sr,
+                                         /R =   3.0504E+00
    12.00 deg.: X-S =   817.278061 mb/sr,
+                                         /R =   4.0029E+00
    13.00 deg.: X-S =   767.541158 mb/sr,
+                                         /R =   5.1714E+00
    14.00 deg.: X-S =   725.086371 mb/sr,
+                                         /R =   6.5620E+00
    15.00 deg.: X-S =   686.405981 mb/sr,
+                                         /R =   8.1741E+00
    16.00 deg.: X-S =   649.667943 mb/sr,
+                                         /R =   9.9996E+00
    17.00 deg.: X-S =   613.936675 mb/sr,
+                                         /R =   1.2023E+01
    18.00 deg.: X-S =   578.769187 mb/sr,
+                                         /R =   1.4220E+01
    19.00 deg.: X-S =   543.997764 mb/sr,
+                                         /R =   1.6562E+01
    20.00 deg.: X-S =   509.609107 mb/sr,
+                                         /R =   1.9010E+01
    21.00 deg.: X-S =   475.675120 mb/sr,
+                                         /R =   2.1523E+01
    22.00 deg.: X-S =   442.312213 mb/sr,
+                                         /R =   2.4054E+01
    23.00 deg.: X-S =   409.656832 mb/sr,
+                                         /R =   2.6553E+01
    24.00 deg.: X-S =   377.850441 mb/sr,
+                                         /R =   2.8967E+01
    25.00 deg.: X-S =   347.030202 mb/sr,
+                                         /R =   3.1245E+01
    26.00 deg.: X-S =   317.323155 mb/sr,
+                                         /R =   3.3337E+01
    27.00 deg.: X-S =   288.842628 mb/sr,
+                                         /R =   3.5194E+01
    28.00 deg.: X-S =   261.686113 mb/sr,
+                                         /R =   3.6775E+01
    29.00 deg.: X-S =   235.934135 mb/sr,
+                                         /R =   3.8042E+01
    30.00 deg.: X-S =   211.649818 mb/sr,
+                                         /R =   3.8965E+01
    31.00 deg.: X-S =   188.878960 mb/sr,
+                                         /R =   3.9523E+01
    32.00 deg.: X-S =   167.650479 mb/sr,
+                                         /R =   3.9703E+01
    33.00 deg.: X-S =   147.977156 mb/sr,
+                                         /R =   3.9503E+01
    34.00 deg.: X-S =   129.856587 mb/sr,
+                                         /R =   3.8929E+01
    35.00 deg.: X-S =   113.272303 mb/sr,
+                                         /R =   3.7998E+01
    36.00 deg.: X-S =    98.195021 mb/sr,
+                                         /R =   3.6736E+01
    37.00 deg.: X-S =    84.583970 mb/sr,
+                                         /R =   3.5177E+01
    38.00 deg.: X-S =    72.388281 mb/sr,
+                                         /R =   3.3366E+01
    39.00 deg.: X-S =    61.548397 mb/sr,
+                                         /R =   3.1352E+01
    40.00 deg.: X-S =    51.997489 mb/sr,
+                                         /R =   2.9192E+01
    41.00 deg.: X-S =    43.662849 mb/sr,
+                                         /R =   2.6945E+01
    42.00 deg.: X-S =    36.467239 mb/sr,
+                                         /R =   2.4677E+01
    43.00 deg.: X-S =    30.330188 mb/sr,
+                                         /R =   2.2452E+01
    44.00 deg.: X-S =    25.169207 mb/sr,
+                                         /R =   2.0335E+01
    45.00 deg.: X-S =    20.900932 mb/sr,
+                                         /R =   1.8391E+01
    46.00 deg.: X-S =    17.442160 mb/sr,
+                                         /R =   1.6679E+01
    47.00 deg.: X-S =    14.710795 mb/sr,
+                                         /R =   1.5258E+01
    48.00 deg.: X-S =    12.626675 mb/sr,
+                                         /R =   1.4178E+01
    49.00 deg.: X-S =    11.112309 mb/sr,
+                                         /R =   1.3483E+01
    50.00 deg.: X-S =    10.093487 mb/sr,
+                                         /R =   1.3210E+01
    51.00 deg.: X-S =     9.499796 mb/sr,
+                                         /R =   1.3388E+01
    52.00 deg.: X-S =     9.265028 mb/sr,
+                                         /R =   1.4037E+01
    53.00 deg.: X-S =     9.327487 mb/sr,
+                                         /R =   1.5169E+01
    54.00 deg.: X-S =     9.630205 mb/sr,
+                                         /R =   1.6784E+01
    55.00 deg.: X-S =    10.121073 mb/sr,
+                                         /R =   1.8876E+01
    56.00 deg.: X-S =    10.752890 mb/sr,
+                                         /R =   2.1430E+01
    57.00 deg.: X-S =    11.483341 mb/sr,
+                                         /R =   2.4422E+01
    58.00 deg.: X-S =    12.274915 mb/sr,
+                                         /R =   2.7821E+01
    59.00 deg.: X-S =    13.094768 mb/sr,
+                                         /R =   3.1588E+01
    60.00 deg.: X-S =    13.914537 mb/sr,
+                                         /R =   3.5679E+01
    61.00 deg.: X-S =    14.710123 mb/sr,
+                                         /R =   4.0046E+01
    62.00 deg.: X-S =    15.461436 mb/sr,
+                                         /R =   4.4635E+01
    63.00 deg.: X-S =    16.152123 mb/sr,
+                                         /R =   4.9390E+01
    64.00 deg.: X-S =    16.769282 mb/sr,
+                                         /R =   5.4253E+01
    65.00 deg.: X-S =    17.303159 mb/sr,
+                                         /R =   5.9164E+01
    66.00 deg.: X-S =    17.746850 mb/sr,
+                                         /R =   6.4066E+01
    67.00 deg.: X-S =    18.095997 mb/sr,
+                                         /R =   6.8899E+01
    68.00 deg.: X-S =    18.348500 mb/sr,
+                                         /R =   7.3607E+01
    69.00 deg.: X-S =    18.504221 mb/sr,
+                                         /R =   7.8136E+01
    70.00 deg.: X-S =    18.564719 mb/sr,
+                                         /R =   8.2437E+01
    71.00 deg.: X-S =    18.532986 mb/sr,
+                                         /R =   8.6463E+01
    72.00 deg.: X-S =    18.413210 mb/sr,
+                                         /R =   9.0172E+01
    73.00 deg.: X-S =    18.210541 mb/sr,
+                                         /R =   9.3528E+01
    74.00 deg.: X-S =    17.930893 mb/sr,
+                                         /R =   9.6499E+01
    75.00 deg.: X-S =    17.580752 mb/sr,
+                                         /R =   9.9059E+01
    76.00 deg.: X-S =    17.167007 mb/sr,
+                                         /R =   1.0119E+02
    77.00 deg.: X-S =    16.696802 mb/sr,
+                                         /R =   1.0287E+02
    78.00 deg.: X-S =    16.177400 mb/sr,
+                                         /R =   1.0410E+02
    79.00 deg.: X-S =    15.616067 mb/sr,
+                                         /R =   1.0488E+02
    80.00 deg.: X-S =    15.019979 mb/sr,
+                                         /R =   1.0520E+02
    81.00 deg.: X-S =    14.396130 mb/sr,
+                                         /R =   1.0507E+02
    82.00 deg.: X-S =    13.751263 mb/sr,
+                                         /R =   1.0452E+02
    83.00 deg.: X-S =    13.091818 mb/sr,
+                                         /R =   1.0354E+02
    84.00 deg.: X-S =    12.423880 mb/sr,
+                                         /R =   1.0218E+02
    85.00 deg.: X-S =    11.753143 mb/sr,
+                                         /R =   1.0045E+02
    86.00 deg.: X-S =    11.084890 mb/sr,
+                                         /R =   9.8386E+01
    87.00 deg.: X-S =    10.423968 mb/sr,
+                                         /R =   9.6018E+01
    88.00 deg.: X-S =     9.774777 mb/sr,
+                                         /R =   9.3382E+01
    89.00 deg.: X-S =     9.141271 mb/sr,
+                                         /R =   9.0516E+01
    90.00 deg.: X-S =     8.526951 mb/sr,
+                                         /R =   8.7459E+01
    91.00 deg.: X-S =     7.934875 mb/sr,
+                                         /R =   8.4252E+01
    92.00 deg.: X-S =     7.367661 mb/sr,
+                                         /R =   8.0935E+01
    93.00 deg.: X-S =     6.827506 mb/sr,
+                                         /R =   7.7550E+01
    94.00 deg.: X-S =     6.316191 mb/sr,
+                                         /R =   7.4137E+01
    95.00 deg.: X-S =     5.835107 mb/sr,
+                                         /R =   7.0736E+01
    96.00 deg.: X-S =     5.385267 mb/sr,
+                                         /R =   6.7386E+01
    97.00 deg.: X-S =     4.967326 mb/sr,
+                                         /R =   6.4123E+01
    98.00 deg.: X-S =     4.581605 mb/sr,
+                                         /R =   6.0983E+01
    99.00 deg.: X-S =     4.228110 mb/sr,
+                                         /R =   5.7996E+01
   100.00 deg.: X-S =     3.906556 mb/sr,
+                                         /R =   5.5192E+01
   101.00 deg.: X-S =     3.616389 mb/sr,
+                                         /R =   5.2598E+01
   102.00 deg.: X-S =     3.356811 mb/sr,
+                                         /R =   5.0235E+01
   103.00 deg.: X-S =     3.126803 mb/sr,
+                                         /R =   4.8122E+01
   104.00 deg.: X-S =     2.925150 mb/sr,
+                                         /R =   4.6275E+01
   105.00 deg.: X-S =     2.750461 mb/sr,
+                                         /R =   4.4704E+01
   106.00 deg.: X-S =     2.601200 mb/sr,
+                                         /R =   4.3415E+01
   107.00 deg.: X-S =     2.475704 mb/sr,
+                                         /R =   4.2411E+01
   108.00 deg.: X-S =     2.372212 mb/sr,
+                                         /R =   4.1692E+01
   109.00 deg.: X-S =     2.288883 mb/sr,
+                                         /R =   4.1251E+01
   110.00 deg.: X-S =     2.223822 mb/sr,
+                                         /R =   4.1080E+01
   111.00 deg.: X-S =     2.175104 mb/sr,
+                                         /R =   4.1165E+01
   112.00 deg.: X-S =     2.140790 mb/sr,
+                                         /R =   4.1490E+01
   113.00 deg.: X-S =     2.118955 mb/sr,
+                                         /R =   4.2036E+01
   114.00 deg.: X-S =     2.107703 mb/sr,
+                                         /R =   4.2780E+01
   115.00 deg.: X-S =     2.105187 mb/sr,
+                                         /R =   4.3700E+01
   116.00 deg.: X-S =     2.109625 mb/sr,
+                                         /R =   4.4767E+01
   117.00 deg.: X-S =     2.119322 mb/sr,
+                                         /R =   4.5955E+01
   118.00 deg.: X-S =     2.132676 mb/sr,
+                                         /R =   4.7234E+01
   119.00 deg.: X-S =     2.148200 mb/sr,
+                                         /R =   4.8576E+01
   120.00 deg.: X-S =     2.164525 mb/sr,
+                                         /R =   4.9952E+01
   121.00 deg.: X-S =     2.180419 mb/sr,
+                                         /R =   5.1333E+01
   122.00 deg.: X-S =     2.194788 mb/sr,
+                                         /R =   5.2691E+01
   123.00 deg.: X-S =     2.206684 mb/sr,
+                                         /R =   5.4001E+01
   124.00 deg.: X-S =     2.215312 mb/sr,
+                                         /R =   5.5239E+01
   125.00 deg.: X-S =     2.220029 mb/sr,
+                                         /R =   5.6382E+01
   126.00 deg.: X-S =     2.220348 mb/sr,
+                                         /R =   5.7414E+01
   127.00 deg.: X-S =     2.215932 mb/sr,
+                                         /R =   5.8316E+01
   128.00 deg.: X-S =     2.206599 mb/sr,
+                                         /R =   5.9079E+01
   129.00 deg.: X-S =     2.192309 mb/sr,
+                                         /R =   5.9693E+01
   130.00 deg.: X-S =     2.173162 mb/sr,
+                                         /R =   6.0154E+01
   131.00 deg.: X-S =     2.149391 mb/sr,
+                                         /R =   6.0461E+01
   132.00 deg.: X-S =     2.121348 mb/sr,
+                                         /R =   6.0618E+01
   133.00 deg.: X-S =     2.089501 mb/sr,
+                                         /R =   6.0632E+01
   134.00 deg.: X-S =     2.054415 mb/sr,
+                                         /R =   6.0515E+01
   135.00 deg.: X-S =     2.016742 mb/sr,
+                                         /R =   6.0281E+01
   136.00 deg.: X-S =     1.977211 mb/sr,
+                                         /R =   5.9950E+01
   137.00 deg.: X-S =     1.936607 mb/sr,
+                                         /R =   5.9542E+01
   138.00 deg.: X-S =     1.895764 mb/sr,
+                                         /R =   5.9083E+01
   139.00 deg.: X-S =     1.855544 mb/sr,
+                                         /R =   5.8599E+01
   140.00 deg.: X-S =     1.816824 mb/sr,
+                                         /R =   5.8120E+01
   141.00 deg.: X-S =     1.780484 mb/sr,
+                                         /R =   5.7676E+01
   142.00 deg.: X-S =     1.747389 mb/sr,
+                                         /R =   5.7298E+01
   143.00 deg.: X-S =     1.718376 mb/sr,
+                                         /R =   5.7018E+01
   144.00 deg.: X-S =     1.694239 mb/sr,
+                                         /R =   5.6868E+01
   145.00 deg.: X-S =     1.675722 mb/sr,
+                                         /R =   5.6879E+01
   146.00 deg.: X-S =     1.663499 mb/sr,
+                                         /R =   5.7079E+01
   147.00 deg.: X-S =     1.658170 mb/sr,
+                                         /R =   5.7497E+01
   148.00 deg.: X-S =     1.660249 mb/sr,
+                                         /R =   5.8158E+01
   149.00 deg.: X-S =     1.670154 mb/sr,
+                                         /R =   5.9084E+01
   150.00 deg.: X-S =     1.688204 mb/sr,
+                                         /R =   6.0293E+01
   151.00 deg.: X-S =     1.714611 mb/sr,
+                                         /R =   6.1802E+01
   152.00 deg.: X-S =     1.749476 mb/sr,
+                                         /R =   6.3620E+01
   153.00 deg.: X-S =     1.792789 mb/sr,
+                                         /R =   6.5754E+01
   154.00 deg.: X-S =     1.844425 mb/sr,
+                                         /R =   6.8207E+01
   155.00 deg.: X-S =     1.904145 mb/sr,
+                                         /R =   7.0973E+01
   156.00 deg.: X-S =     1.971603 mb/sr,
+                                         /R =   7.4047E+01
   157.00 deg.: X-S =     2.046342 mb/sr,
+                                         /R =   7.7414E+01
   158.00 deg.: X-S =     2.127805 mb/sr,
+                                         /R =   8.1057E+01
   159.00 deg.: X-S =     2.215340 mb/sr,
+                                         /R =   8.4952E+01
   160.00 deg.: X-S =     2.308204 mb/sr,
+                                         /R =   8.9074E+01
   161.00 deg.: X-S =     2.405578 mb/sr,
+                                         /R =   9.3390E+01
   162.00 deg.: X-S =     2.506571 mb/sr,
+                                         /R =   9.7865E+01
   163.00 deg.: X-S =     2.610234 mb/sr,
+                                         /R =   1.0246E+02
   164.00 deg.: X-S =     2.715569 mb/sr,
+                                         /R =   1.0714E+02
   165.00 deg.: X-S =     2.821546 mb/sr,
+                                         /R =   1.1185E+02
   166.00 deg.: X-S =     2.927108 mb/sr,
+                                         /R =   1.1655E+02
   167.00 deg.: X-S =     3.031190 mb/sr,
+                                         /R =   1.2119E+02
   168.00 deg.: X-S =     3.132729 mb/sr,
+                                         /R =   1.2573E+02
   169.00 deg.: X-S =     3.230677 mb/sr,
+                                         /R =   1.3012E+02
   170.00 deg.: X-S =     3.324015 mb/sr,
+                                         /R =   1.3431E+02
   171.00 deg.: X-S =     3.411765 mb/sr,
+                                         /R =   1.3826E+02
   172.00 deg.: X-S =     3.493001 mb/sr,
+                                         /R =   1.4192E+02
   173.00 deg.: X-S =     3.566862 mb/sr,
+                                         /R =   1.4525E+02
   174.00 deg.: X-S =     3.632562 mb/sr,
+                                         /R =   1.4822E+02
   175.00 deg.: X-S =     3.689397 mb/sr,
+                                         /R =   1.5079E+02
   176.00 deg.: X-S =     3.736757 mb/sr,
+                                         /R =   1.5293E+02
   177.00 deg.: X-S =     3.774133 mb/sr,
+                                         /R =   1.5463E+02
   178.00 deg.: X-S =     3.801123 mb/sr,
+                                         /R =   1.5585E+02
   179.00 deg.: X-S =     3.817434 mb/sr,
+                                         /R =   1.5659E+02
   179.99 deg.: X-S =     3.822890 mb/sr,
+                                         /R =   1.5684E+02
                                           Integrated********** mb, over [   0.000, 180.000] at   175.0000 MeV 
 Finished all xsecs @    3.12500000E-02

  The following files have been created:
   3:local copy of User input.            6:standard output.                   
  13:total cross sections/state.         39:cross sections for each Ecm.       
  40:all cross sectns. for each Elab.    56:Fusion for each Jtotal.            

 PARAMETERS : MAXQRN   MFNL   MLOC  LMAX1 MCLIST
    ALLOWED :      1     16      4    170      6
    REQUIRED:      0      0      4     10      4


 ACCURACY ANALYSIS at   175.000 MeV :

  Elastic h*k = 0.038 so OK       compared with 0.200

   Real(S-el) > 0.01 first at J =       1.0
   Real(S-el) > 0.10 first at J =       1.0
   Real(S-el) > 0.50 first at J =       2.0
   Real(S-el) > 0.90 first at J =       3.0
   Real(S-el) > 0.99 first at J =       4.0
   R-turn =     7.92 fm    at J =       7.0

 Forward-angle excitation cut off below   1.444 deg by max JT =       7.0
                              and below   0.226 deg by max R.

 Total CPU  0 time =       0.05 seconds
