 FRESCO - FRES 3.4: Coupled Reaction Channels
 Assuming NAMELIST input.

 Test reaction with generated potential                                          

   0.040  50.000   0.500   0.000   0.000   0.000   0.000   0.000   0.000   0.000

 Centre-of-mass Range is   1252 * 0.0400 fm., Maximum at  50.00 fm., Interpolating NL forms every  0.52 fm.
 Non - locality width is      4 * 0.0400 fm., Maximum of   0.12 fm., Centred at  0.00 fm.
 2-Nucleon Separation of      0 * 0.5200 fm., Maximum of   0.00 fm., Minimum at  0.00 fm.
 Maximum single particle bins of 49.9200 fm.
               M,Mint =         1251        1249


 Range of total J is     0.0 <= J <=   150.0 (at least     0.0) and Absorbtion =>     0.1000 mb.
 Dry Run = F, CC set limits =  0  0, Relativistic kinematics =  , Both/Far/Near Analyses =  1                     

 Cross Sections (and up to T0 for 0=projectile) for Theta from   0.0 to 180.0 in steps of  1.0 degrees, DGAM=0,  Coordinates = 0 (Mads)

 Lower Radial Cutoff = maximum of -1.60*L*h &       0.0 fm.,  Lower Cutoff for Couplings =   0.0  fm.


 Iterate Couplings between   0 and   0 times, to  0.000 % if sooner.                                          
  Block solved exactly =   0 chs., with Pade = 0 & Isocen =  =0, NOSOL = F, initwf =  0
  NL quadrature with   18 Gaussian points, Calculate multipoles up to   156 from   0
  M-transfers for lp+lt greater than or equal to  6, Angular Integration Cutoff below  2.7778 %


 Trace switches are :  CHANS =  0, LISTCC =  0, TRENEG =  0, CDETR =  0, SMATS =  0, XSTABL =  0, NLPL =  0

                       WAVES =  0, LAMPL =  0, VEFF =  0, KFUS =  0, WDISK =  0, BPM =  0, MELFIL =  0

                       CDCC =  0, NFUS =  0

 Using unit mass = 1.000000 amu and 1/fine-structure constant = 137.03599 ( 1.000000 * true ) with hc = 197.32705 MeV.fm,
  thus 2*amu/hbar^2 = 0.0478450 = 1/20.9008 and Coulomb constant = 0.1574855 so e^2 = 1.43997, and nuclear magneton= 0.1261183

 Now pre-scan input and save to file 3



 *********** PARTITION NUMBER  1 ******************************************************************************************

   PROJ=7Li        MASS=  7.0000 Z=   3.0,        # STATES=    1T, TARG=p        MASS=  1.0000 Z=   1.0,     Q-VALUE =   0.0000 MEV.

     1:  J= 1.5+ (B# 1), E=  0.0000, K= 0.5              Potl#  1       J= 0.5+ (B# 1), E=  0.0000, K= 0.5    


 ************************************************************************************************************************************

 The following POTENTIALS are defined :

  KP#       TYPE      IT    SHAPE      at     V1        r1        a1        V2        r2        a2        A-in     A-used


                                            A#1       A#2        r0c       ac                                                h @ 1
    1    0=Coulomb       0=CHARGE (WS)  1     1.000     1.000    3.6412    0.0000    0.0000    0.0000     0.000     8.000   0.04000

    1    1=Volume        0=Woods-Saxon  2   70.0000    1.2500    0.6500   15.0000    1.2500    0.6500     0.000     8.000

    1    2=Surface       0=Woods-Saxon  3    0.0000    0.0000    0.0000    5.0000    1.3000    0.6500     0.000     8.000

    1    3=Projtl S.O.   0=Woods-Saxon  4    3.0000    1.0000    0.6500    0.0000    0.0000    0.0000     0.000     8.000

 Incoming partition  1 in excitation state # 1,   Laboratory Energy given for partition  1 Nucleus 1 in Excitation pair 1

0Lab. ENERGY ranges :

   from    115.000     to   0.00000     in     0 intervals
   from    0.00000     to   0.00000     in     0 intervals
   from    0.00000     to   0.00000     in     0 intervals

 Largest real,imaginary parts of any form factor at R=   49.60 are   2.90E-02  7.91E-31 MeV
 Finished all Couplings @    1.56250000E-02           4

 Symmetric Hamiltonian
1***********************************************************************************************************************************
************************************************************************************************************************************

        INCOMING 7Li      ;    LABORATORY 7Li      ENERGY =   115.00     MeV.

 ***********************************************************************************************************************************
 ***********************************************************************************************************************************


  NOTE: Coulomb excitation cut off below   0.089 deg by JTMAX, and below   0.344 deg by Rmax

 Allocate arrays for            4  channels, of which            1  need wfs.
 Allocate arrays for            4  channels, of which            3  need wfs.
 Allocate arrays for            4  channels, of which            4  need wfs.
 Reaction Xsec     6.0+/ 4 @ 1 =  12.007 , Out:   0.000#
 Reaction Xsec     6.0+/ 6 @ 2 =   0.298 , Out:   0.000#
 Reaction Xsec     6.0+/ 6 @ 3 =   0.301 , Out:   0.000#
 Reaction Xsec     6.0+/ 8 @ 4 =   9.956/, Out:   0.000#
 Reaction Xsec     6.0-/ 5 @ 1 =   1.706 , Out:   0.000#
 Reaction Xsec     6.0-/ 5 @ 2 =   1.759 , Out:   0.000#
 Reaction Xsec     6.0-/ 7 @ 3 =   0.054 , Out:   0.000#
 Reaction Xsec     6.0-/ 7 @ 4 =   0.054 , Out:   0.000#
 Finished all CC sets @    3.12500000E-02
0CUMULATIVE REACTION cross section                 =  771.73142  <L> =     2.92  <L**2> =     10.3
0CUMULATIVE outgoing cross sections in partition 1 :    0.00000
0Cumulative ABSORBTION by Imaginary Potentials     =  771.73142  <L> =     2.92  <L**2> =     10.3
   Fusion for specific 7Li      M-states :  699.990065  746.882657  746.882657  699.990065

0CUMULATIVE OUTGOING cross section                 =    0.00000
 To convert to S-factors (MeV.mb = keV.b),  multiply by  2.9901E+01


 CROSS SECTIONS FOR OUTGOING 7Li      & p        in state #   1 with spins & parities 1.5  + &  0.5  +;  0

     0.01 deg.: X-S =   9.7324E+14 mb/sr,
+                                         /R =   1.0000E+00
     1.00 deg.: X-S =   9.6185E+06 mb/sr,
+                                         /R =   9.8824E-01
     2.00 deg.: X-S =   5.8511E+05 mb/sr,
+                                         /R =   9.6171E-01
     3.00 deg.: X-S =   1.1162E+05 mb/sr,
+                                         /R =   9.2854E-01
     4.00 deg.: X-S =   3.4092E+04 mb/sr,
+                                         /R =   8.9603E-01
     5.00 deg.: X-S =   1.3595E+04 mb/sr,
+                                         /R =   8.7196E-01
     6.00 deg.: X-S =  6505.803714 mb/sr,
+                                         /R =   8.6475E-01
     7.00 deg.: X-S =  3589.964319 mb/sr,
+                                         /R =   8.8345E-01
     8.00 deg.: X-S =  2234.734769 mb/sr,
+                                         /R =   9.3746E-01
     9.00 deg.: X-S =  1543.609926 mb/sr,
+                                         /R =   1.0363E+00
    10.00 deg.: X-S =  1163.497440 mb/sr,
+                                         /R =   1.1894E+00
    11.00 deg.: X-S =   940.118878 mb/sr,
+                                         /R =   1.4056E+00
    12.00 deg.: X-S =   800.390119 mb/sr,
+                                         /R =   1.6929E+00
    13.00 deg.: X-S =   707.385390 mb/sr,
+                                         /R =   2.0582E+00
    14.00 deg.: X-S =   641.448655 mb/sr,
+                                         /R =   2.5069E+00
    15.00 deg.: X-S =   591.662287 mb/sr,
+                                         /R =   3.0427E+00
    16.00 deg.: X-S =   551.749373 mb/sr,
+                                         /R =   3.6673E+00
    17.00 deg.: X-S =   518.000718 mb/sr,
+                                         /R =   4.3805E+00
    18.00 deg.: X-S =   488.178527 mb/sr,
+                                         /R =   5.1796E+00
    19.00 deg.: X-S =   460.913872 mb/sr,
+                                         /R =   6.0596E+00
    20.00 deg.: X-S =   435.364204 mb/sr,
+                                         /R =   7.0133E+00
    21.00 deg.: X-S =   411.012801 mb/sr,
+                                         /R =   8.0311E+00
    22.00 deg.: X-S =   387.548155 mb/sr,
+                                         /R =   9.1014E+00
    23.00 deg.: X-S =   364.789687 mb/sr,
+                                         /R =   1.0211E+01
    24.00 deg.: X-S =   342.640984 mb/sr,
+                                         /R =   1.1343E+01
    25.00 deg.: X-S =   321.059777 mb/sr,
+                                         /R =   1.2483E+01
    26.00 deg.: X-S =   300.038313 mb/sr,
+                                         /R =   1.3612E+01
    27.00 deg.: X-S =   279.590318 mb/sr,
+                                         /R =   1.4711E+01
    28.00 deg.: X-S =   259.742210 mb/sr,
+                                         /R =   1.5763E+01
    29.00 deg.: X-S =   240.527104 mb/sr,
+                                         /R =   1.6748E+01
    30.00 deg.: X-S =   221.980692 mb/sr,
+                                         /R =   1.7648E+01
    31.00 deg.: X-S =   204.138391 mb/sr,
+                                         /R =   1.8446E+01
    32.00 deg.: X-S =   187.033381 mb/sr,
+                                         /R =   1.9128E+01
    33.00 deg.: X-S =   170.695262 mb/sr,
+                                         /R =   1.9678E+01
    34.00 deg.: X-S =   155.149163 mb/sr,
+                                         /R =   2.0085E+01
    35.00 deg.: X-S =   140.415182 mb/sr,
+                                         /R =   2.0341E+01
    36.00 deg.: X-S =   126.508064 mb/sr,
+                                         /R =   2.0438E+01
    37.00 deg.: X-S =   113.437080 mb/sr,
+                                         /R =   2.0373E+01
    38.00 deg.: X-S =   101.206031 mb/sr,
+                                         /R =   2.0145E+01
    39.00 deg.: X-S =    89.813382 mb/sr,
+                                         /R =   1.9757E+01
    40.00 deg.: X-S =    79.252469 mb/sr,
+                                         /R =   1.9214E+01
    41.00 deg.: X-S =    69.511777 mb/sr,
+                                         /R =   1.8525E+01
    42.00 deg.: X-S =    60.575275 mb/sr,
+                                         /R =   1.7701E+01
    43.00 deg.: X-S =    52.422787 mb/sr,
+                                         /R =   1.6758E+01
    44.00 deg.: X-S =    45.030387 mb/sr,
+                                         /R =   1.5711E+01
    45.00 deg.: X-S =    38.370822 mb/sr,
+                                         /R =   1.4580E+01
    46.00 deg.: X-S =    32.413941 mb/sr,
+                                         /R =   1.3385E+01
    47.00 deg.: X-S =    27.127129 mb/sr,
+                                         /R =   1.2150E+01
    48.00 deg.: X-S =    22.475738 mb/sr,
+                                         /R =   1.0898E+01
    49.00 deg.: X-S =    18.423517 mb/sr,
+                                         /R =   9.6532E+00
    50.00 deg.: X-S =    14.933017 mb/sr,
+                                         /R =   8.4398E+00
    51.00 deg.: X-S =    11.965995 mb/sr,
+                                         /R =   7.2824E+00
    52.00 deg.: X-S =     9.483787 mb/sr,
+                                         /R =   6.2050E+00
    53.00 deg.: X-S =     7.447663 mb/sr,
+                                         /R =   5.2302E+00
    54.00 deg.: X-S =     5.819153 mb/sr,
+                                         /R =   4.3796E+00
    55.00 deg.: X-S =     4.560354 mb/sr,
+                                         /R =   3.6729E+00
    56.00 deg.: X-S =     3.634200 mb/sr,
+                                         /R =   3.1278E+00
    57.00 deg.: X-S =     3.004705 mb/sr,
+                                         /R =   2.7596E+00
    58.00 deg.: X-S =     2.637180 mb/sr,
+                                         /R =   2.5812E+00
    59.00 deg.: X-S =     2.498417 mb/sr,
+                                         /R =   2.6026E+00
    60.00 deg.: X-S =     2.556841 mb/sr,
+                                         /R =   2.8312E+00
    61.00 deg.: X-S =     2.782643 mb/sr,
+                                         /R =   3.2713E+00
    62.00 deg.: X-S =     3.147868 mb/sr,
+                                         /R =   3.9243E+00
    63.00 deg.: X-S =     3.626497 mb/sr,
+                                         /R =   4.7887E+00
    64.00 deg.: X-S =     4.194488 mb/sr,
+                                         /R =   5.8601E+00
    65.00 deg.: X-S =     4.829798 mb/sr,
+                                         /R =   7.1316E+00
    66.00 deg.: X-S =     5.512388 mb/sr,
+                                         /R =   8.5934E+00
    67.00 deg.: X-S =     6.224201 mb/sr,
+                                         /R =   1.0234E+01
    68.00 deg.: X-S =     6.949126 mb/sr,
+                                         /R =   1.2038E+01
    69.00 deg.: X-S =     7.672946 mb/sr,
+                                         /R =   1.3991E+01
    70.00 deg.: X-S =     8.383269 mb/sr,
+                                         /R =   1.6076E+01
    71.00 deg.: X-S =     9.069452 mb/sr,
+                                         /R =   1.8272E+01
    72.00 deg.: X-S =     9.722510 mb/sr,
+                                         /R =   2.0561E+01
    73.00 deg.: X-S =    10.335021 mb/sr,
+                                         /R =   2.2922E+01
    74.00 deg.: X-S =    10.901019 mb/sr,
+                                         /R =   2.5334E+01
    75.00 deg.: X-S =    11.415891 mb/sr,
+                                         /R =   2.7777E+01
    76.00 deg.: X-S =    11.876265 mb/sr,
+                                         /R =   3.0230E+01
    77.00 deg.: X-S =    12.279895 mb/sr,
+                                         /R =   3.2672E+01
    78.00 deg.: X-S =    12.625552 mb/sr,
+                                         /R =   3.5085E+01
    79.00 deg.: X-S =    12.912912 mb/sr,
+                                         /R =   3.7450E+01
    80.00 deg.: X-S =    13.142447 mb/sr,
+                                         /R =   3.9750E+01
    81.00 deg.: X-S =    13.315320 mb/sr,
+                                         /R =   4.1968E+01
    82.00 deg.: X-S =    13.433285 mb/sr,
+                                         /R =   4.4090E+01
    83.00 deg.: X-S =    13.498587 mb/sr,
+                                         /R =   4.6104E+01
    84.00 deg.: X-S =    13.513877 mb/sr,
+                                         /R =   4.7997E+01
    85.00 deg.: X-S =    13.482122 mb/sr,
+                                         /R =   4.9760E+01
    86.00 deg.: X-S =    13.406529 mb/sr,
+                                         /R =   5.1385E+01
    87.00 deg.: X-S =    13.290470 mb/sr,
+                                         /R =   5.2866E+01
    88.00 deg.: X-S =    13.137422 mb/sr,
+                                         /R =   5.4198E+01
    89.00 deg.: X-S =    12.950903 mb/sr,
+                                         /R =   5.5378E+01
    90.00 deg.: X-S =    12.734423 mb/sr,
+                                         /R =   5.6404E+01
    91.00 deg.: X-S =    12.491438 mb/sr,
+                                         /R =   5.7276E+01
    92.00 deg.: X-S =    12.225310 mb/sr,
+                                         /R =   5.7994E+01
    93.00 deg.: X-S =    11.939275 mb/sr,
+                                         /R =   5.8562E+01
    94.00 deg.: X-S =    11.636419 mb/sr,
+                                         /R =   5.8982E+01
    95.00 deg.: X-S =    11.319652 mb/sr,
+                                         /R =   5.9258E+01
    96.00 deg.: X-S =    10.991694 mb/sr,
+                                         /R =   5.9395E+01
    97.00 deg.: X-S =    10.655066 mb/sr,
+                                         /R =   5.9398E+01
    98.00 deg.: X-S =    10.312082 mb/sr,
+                                         /R =   5.9273E+01
    99.00 deg.: X-S =     9.964845 mb/sr,
+                                         /R =   5.9026E+01
   100.00 deg.: X-S =     9.615250 mb/sr,
+                                         /R =   5.8663E+01
   101.00 deg.: X-S =     9.264989 mb/sr,
+                                         /R =   5.8191E+01
   102.00 deg.: X-S =     8.915555 mb/sr,
+                                         /R =   5.7617E+01
   103.00 deg.: X-S =     8.568256 mb/sr,
+                                         /R =   5.6945E+01
   104.00 deg.: X-S =     8.224224 mb/sr,
+                                         /R =   5.6184E+01
   105.00 deg.: X-S =     7.884427 mb/sr,
+                                         /R =   5.5338E+01
   106.00 deg.: X-S =     7.549687 mb/sr,
+                                         /R =   5.4414E+01
   107.00 deg.: X-S =     7.220693 mb/sr,
+                                         /R =   5.3417E+01
   108.00 deg.: X-S =     6.898017 mb/sr,
+                                         /R =   5.2353E+01
   109.00 deg.: X-S =     6.582130 mb/sr,
+                                         /R =   5.1227E+01
   110.00 deg.: X-S =     6.273421 mb/sr,
+                                         /R =   5.0044E+01
   111.00 deg.: X-S =     5.972208 mb/sr,
+                                         /R =   4.8809E+01
   112.00 deg.: X-S =     5.678758 mb/sr,
+                                         /R =   4.7527E+01
   113.00 deg.: X-S =     5.393298 mb/sr,
+                                         /R =   4.6203E+01
   114.00 deg.: X-S =     5.116032 mb/sr,
+                                         /R =   4.4842E+01
   115.00 deg.: X-S =     4.847150 mb/sr,
+                                         /R =   4.3450E+01
   116.00 deg.: X-S =     4.586844 mb/sr,
+                                         /R =   4.2032E+01
   117.00 deg.: X-S =     4.335315 mb/sr,
+                                         /R =   4.0595E+01
   118.00 deg.: X-S =     4.092781 mb/sr,
+                                         /R =   3.9144E+01
   119.00 deg.: X-S =     3.859489 mb/sr,
+                                         /R =   3.7688E+01
   120.00 deg.: X-S =     3.635714 mb/sr,
+                                         /R =   3.6233E+01
   121.00 deg.: X-S =     3.421771 mb/sr,
+                                         /R =   3.4788E+01
   122.00 deg.: X-S =     3.218012 mb/sr,
+                                         /R =   3.3362E+01
   123.00 deg.: X-S =     3.024831 mb/sr,
+                                         /R =   3.1966E+01
   124.00 deg.: X-S =     2.842662 mb/sr,
+                                         /R =   3.0609E+01
   125.00 deg.: X-S =     2.671977 mb/sr,
+                                         /R =   2.9305E+01
   126.00 deg.: X-S =     2.513287 mb/sr,
+                                         /R =   2.8064E+01
   127.00 deg.: X-S =     2.367133 mb/sr,
+                                         /R =   2.6902E+01
   128.00 deg.: X-S =     2.234087 mb/sr,
+                                         /R =   2.5830E+01
   129.00 deg.: X-S =     2.114738 mb/sr,
+                                         /R =   2.4866E+01
   130.00 deg.: X-S =     2.009693 mb/sr,
+                                         /R =   2.4023E+01
   131.00 deg.: X-S =     1.919563 mb/sr,
+                                         /R =   2.3318E+01
   132.00 deg.: X-S =     1.844958 mb/sr,
+                                         /R =   2.2767E+01
   133.00 deg.: X-S =     1.786477 mb/sr,
+                                         /R =   2.2386E+01
   134.00 deg.: X-S =     1.744697 mb/sr,
+                                         /R =   2.2193E+01
   135.00 deg.: X-S =     1.720166 mb/sr,
+                                         /R =   2.2203E+01
   136.00 deg.: X-S =     1.713391 mb/sr,
+                                         /R =   2.2434E+01
   137.00 deg.: X-S =     1.724829 mb/sr,
+                                         /R =   2.2901E+01
   138.00 deg.: X-S =     1.754876 mb/sr,
+                                         /R =   2.3618E+01
   139.00 deg.: X-S =     1.803859 mb/sr,
+                                         /R =   2.4600E+01
   140.00 deg.: X-S =     1.872027 mb/sr,
+                                         /R =   2.5861E+01
   141.00 deg.: X-S =     1.959540 mb/sr,
+                                         /R =   2.7411E+01
   142.00 deg.: X-S =     2.066465 mb/sr,
+                                         /R =   2.9262E+01
   143.00 deg.: X-S =     2.192765 mb/sr,
+                                         /R =   3.1420E+01
   144.00 deg.: X-S =     2.338297 mb/sr,
+                                         /R =   3.3893E+01
   145.00 deg.: X-S =     2.502801 mb/sr,
+                                         /R =   3.6685E+01
   146.00 deg.: X-S =     2.685900 mb/sr,
+                                         /R =   3.9798E+01
   147.00 deg.: X-S =     2.887096 mb/sr,
+                                         /R =   4.3231E+01
   148.00 deg.: X-S =     3.105768 mb/sr,
+                                         /R =   4.6981E+01
   149.00 deg.: X-S =     3.341170 mb/sr,
+                                         /R =   5.1042E+01
   150.00 deg.: X-S =     3.592431 mb/sr,
+                                         /R =   5.5405E+01
   151.00 deg.: X-S =     3.858559 mb/sr,
+                                         /R =   6.0059E+01
   152.00 deg.: X-S =     4.138443 mb/sr,
+                                         /R =   6.4989E+01
   153.00 deg.: X-S =     4.430855 mb/sr,
+                                         /R =   7.0178E+01
   154.00 deg.: X-S =     4.734457 mb/sr,
+                                         /R =   7.5606E+01
   155.00 deg.: X-S =     5.047809 mb/sr,
+                                         /R =   8.1249E+01
   156.00 deg.: X-S =     5.369374 mb/sr,
+                                         /R =   8.7082E+01
   157.00 deg.: X-S =     5.697529 mb/sr,
+                                         /R =   9.3078E+01
   158.00 deg.: X-S =     6.030572 mb/sr,
+                                         /R =   9.9205E+01
   159.00 deg.: X-S =     6.366736 mb/sr,
+                                         /R =   1.0543E+02
   160.00 deg.: X-S =     6.704198 mb/sr,
+                                         /R =   1.1172E+02
   161.00 deg.: X-S =     7.041092 mb/sr,
+                                         /R =   1.1804E+02
   162.00 deg.: X-S =     7.375524 mb/sr,
+                                         /R =   1.2435E+02
   163.00 deg.: X-S =     7.705582 mb/sr,
+                                         /R =   1.3062E+02
   164.00 deg.: X-S =     8.029350 mb/sr,
+                                         /R =   1.3680E+02
   165.00 deg.: X-S =     8.344927 mb/sr,
+                                         /R =   1.4285E+02
   166.00 deg.: X-S =     8.650436 mb/sr,
+                                         /R =   1.4874E+02
   167.00 deg.: X-S =     8.944039 mb/sr,
+                                         /R =   1.5443E+02
   168.00 deg.: X-S =     9.223954 mb/sr,
+                                         /R =   1.5987E+02
   169.00 deg.: X-S =     9.488464 mb/sr,
+                                         /R =   1.6503E+02
   170.00 deg.: X-S =     9.735937 mb/sr,
+                                         /R =   1.6988E+02
   171.00 deg.: X-S =     9.964833 mb/sr,
+                                         /R =   1.7438E+02
   172.00 deg.: X-S =    10.173717 mb/sr,
+                                         /R =   1.7850E+02
   173.00 deg.: X-S =    10.361274 mb/sr,
+                                         /R =   1.8220E+02
   174.00 deg.: X-S =    10.526318 mb/sr,
+                                         /R =   1.8547E+02
   175.00 deg.: X-S =    10.667798 mb/sr,
+                                         /R =   1.8828E+02
   176.00 deg.: X-S =    10.784812 mb/sr,
+                                         /R =   1.9061E+02
   177.00 deg.: X-S =    10.876612 mb/sr,
+                                         /R =   1.9244E+02
   178.00 deg.: X-S =    10.942608 mb/sr,
+                                         /R =   1.9375E+02
   179.00 deg.: X-S =    10.982376 mb/sr,
+                                         /R =   1.9454E+02
   179.99 deg.: X-S =    10.995660 mb/sr,
+                                         /R =   1.9481E+02
                                           Integrated********** mb, over [   0.000, 180.000] at   115.0000 MeV 
 Finished all xsecs @    4.68750000E-02

  The following files have been created:
   3:local copy of User input.            6:standard output.                   
  13:total cross sections/state.         39:cross sections for each Ecm.       
  40:all cross sectns. for each Elab.    56:Fusion for each Jtotal.            

 PARAMETERS : MAXQRN   MFNL   MLOC  LMAX1 MCLIST
    ALLOWED :      1     16      4    170      6
    REQUIRED:      0      0      4      9      4


 ACCURACY ANALYSIS at   115.000 MeV :

  Elastic h*k = 0.031 so OK       compared with 0.200

   Real(S-el) > 0.01 first at J =       1.0
   Real(S-el) > 0.10 first at J =       1.0
   Real(S-el) > 0.50 first at J =       1.0
   Real(S-el) > 0.90 first at J =       2.0
   Real(S-el) > 0.99 first at J =       3.0
   R-turn =     8.51 fm    at J =       6.0

 Forward-angle excitation cut off below   2.055 deg by max JT =       6.0
                              and below   0.344 deg by max R.

 Total CPU  0 time =       0.05 seconds
