 FRESCO - FRES 3.4: Coupled Reaction Channels
 Assuming NAMELIST input.

 Test reaction with generated potential                                          

   0.040  50.000   0.500   0.000   0.000   0.000   0.000   0.000   0.000   0.000

 Centre-of-mass Range is   1252 * 0.0400 fm., Maximum at  50.00 fm., Interpolating NL forms every  0.52 fm.
 Non - locality width is      4 * 0.0400 fm., Maximum of   0.12 fm., Centred at  0.00 fm.
 2-Nucleon Separation of      0 * 0.5200 fm., Maximum of   0.00 fm., Minimum at  0.00 fm.
 Maximum single particle bins of 49.9200 fm.
               M,Mint =         1251        1249


 Range of total J is     0.0 <= J <=   150.0 (at least     0.0) and Absorbtion =>     0.1000 mb.
 Dry Run = F, CC set limits =  0  0, Relativistic kinematics =  , Both/Far/Near Analyses =  1                     

 Cross Sections (and up to T0 for 0=projectile) for Theta from   0.0 to 180.0 in steps of  1.0 degrees, DGAM=0,  Coordinates = 0 (Mads)

 Lower Radial Cutoff = maximum of -1.60*L*h &       0.0 fm.,  Lower Cutoff for Couplings =   0.0  fm.


 Iterate Couplings between   0 and   0 times, to  0.000 % if sooner.                                          
  Block solved exactly =   0 chs., with Pade = 0 & Isocen =  =0, NOSOL = F, initwf =  0
  NL quadrature with   18 Gaussian points, Calculate multipoles up to   156 from   0
  M-transfers for lp+lt greater than or equal to  6, Angular Integration Cutoff below  2.7778 %


 Trace switches are :  CHANS =  0, LISTCC =  0, TRENEG =  0, CDETR =  0, SMATS =  0, XSTABL =  0, NLPL =  0

                       WAVES =  0, LAMPL =  0, VEFF =  0, KFUS =  0, WDISK =  0, BPM =  0, MELFIL =  0

                       CDCC =  0, NFUS =  0

 Using unit mass = 1.000000 amu and 1/fine-structure constant = 137.03599 ( 1.000000 * true ) with hc = 197.32705 MeV.fm,
  thus 2*amu/hbar^2 = 0.0478450 = 1/20.9008 and Coulomb constant = 0.1574855 so e^2 = 1.43997, and nuclear magneton= 0.1261183

 Now pre-scan input and save to file 3



 *********** PARTITION NUMBER  1 ******************************************************************************************

   PROJ=7Li        MASS=  7.0000 Z=   3.0,        # STATES=    1T, TARG=p        MASS=  1.0000 Z=   1.0,     Q-VALUE =   0.0000 MEV.

     1:  J= 1.5+ (B# 1), E=  0.0000, K= 0.5              Potl#  1       J= 0.5+ (B# 1), E=  0.0000, K= 0.5    


 ************************************************************************************************************************************

 The following POTENTIALS are defined :

  KP#       TYPE      IT    SHAPE      at     V1        r1        a1        V2        r2        a2        A-in     A-used


                                            A#1       A#2        r0c       ac                                                h @ 1
    1    0=Coulomb       0=CHARGE (WS)  1     1.000     1.000    3.6412    0.0000    0.0000    0.0000     0.000     8.000   0.04000

    1    1=Volume        0=Woods-Saxon  2   70.0000    1.2500    0.6500   15.0000    1.2500    0.6500     0.000     8.000

    1    2=Surface       0=Woods-Saxon  3    0.0000    0.0000    0.0000    5.0000    1.3000    0.6500     0.000     8.000

    1    3=Projtl S.O.   0=Woods-Saxon  4    3.0000    1.0000    0.6500    0.0000    0.0000    0.0000     0.000     8.000

 Incoming partition  1 in excitation state # 1,   Laboratory Energy given for partition  1 Nucleus 1 in Excitation pair 1

0Lab. ENERGY ranges :

   from    170.000     to   0.00000     in     0 intervals
   from    0.00000     to   0.00000     in     0 intervals
   from    0.00000     to   0.00000     in     0 intervals

 Largest real,imaginary parts of any form factor at R=   49.60 are   2.90E-02  7.91E-31 MeV
 Finished all Couplings @    1.56250000E-02           4

 Symmetric Hamiltonian
1***********************************************************************************************************************************
************************************************************************************************************************************

        INCOMING 7Li      ;    LABORATORY 7Li      ENERGY =   170.00     MeV.

 ***********************************************************************************************************************************
 ***********************************************************************************************************************************


  NOTE: Coulomb excitation cut off below   0.073 deg by JTMAX, and below   0.233 deg by Rmax

 Allocate arrays for            4  channels, of which            1  need wfs.
 Allocate arrays for            4  channels, of which            3  need wfs.
 Allocate arrays for            4  channels, of which            4  need wfs.
 Reaction Xsec     6.0-/ 5 @ 1 =   4.557 , Out:   0.000#
 Reaction Xsec     6.0-/ 5 @ 2 =   4.828 , Out:   0.000#
 Reaction Xsec     6.0-/ 7 @ 3 =   0.235 , Out:   0.000#
 Reaction Xsec     6.0-/ 7 @ 4 =   0.236 , Out:   0.000#
 Reaction Xsec     7.0+/ 6 @ 1 =   1.174 , Out:   0.000#
 Reaction Xsec     7.0+/ 6 @ 2 =   1.196 , Out:   0.000#
 Reaction Xsec     7.0+/ 8 @ 3 =   0.064 , Out:   0.000#
 Reaction Xsec     7.0+/ 8 @ 4 =   0.064 , Out:   0.000#
 Reaction Xsec     7.0-/ 5 @ 1 =   5.571 , Out:   0.000#
 Reaction Xsec     7.0-/ 7 @ 2 =   0.272 , Out:   0.000#
 Reaction Xsec     7.0-/ 7 @ 3 =   0.273 , Out:   0.000#
 Reaction Xsec     7.0-/ 9 @ 4 =   0.015 , Out:   0.000#
 Finished all CC sets @    1.56250000E-02
0CUMULATIVE REACTION cross section                 =  685.52209  <L> =     3.24  <L**2> =     12.7
0CUMULATIVE outgoing cross sections in partition 1 :    0.00000
0Cumulative ABSORBTION by Imaginary Potentials     =  685.52209  <L> =     3.24  <L**2> =     12.7
   Fusion for specific 7Li      M-states :  637.696802  667.753841  667.753841  637.696802

0CUMULATIVE OUTGOING cross section                 =    0.00000
 To convert to S-factors (MeV.mb = keV.b),  multiply by  3.8812E+01


 CROSS SECTIONS FOR OUTGOING 7Li      & p        in state #   1 with spins & parities 1.5  + &  0.5  +;  0

     0.01 deg.: X-S =   4.4537E+14 mb/sr,
+                                         /R =   1.0000E+00
     1.00 deg.: X-S =   4.3730E+06 mb/sr,
+                                         /R =   9.8184E-01
     2.00 deg.: X-S =   2.6241E+05 mb/sr,
+                                         /R =   9.4254E-01
     3.00 deg.: X-S =   4.9410E+04 mb/sr,
+                                         /R =   8.9822E-01
     4.00 deg.: X-S =   1.5079E+04 mb/sr,
+                                         /R =   8.6607E-01
     5.00 deg.: X-S =  6179.151364 mb/sr,
+                                         /R =   8.6604E-01
     6.00 deg.: X-S =  3169.439235 mb/sr,
+                                         /R =   9.2061E-01
     7.00 deg.: X-S =  1960.043151 mb/sr,
+                                         /R =   1.0540E+00
     8.00 deg.: X-S =  1408.792762 mb/sr,
+                                         /R =   1.2914E+00
     9.00 deg.: X-S =  1129.857966 mb/sr,
+                                         /R =   1.6576E+00
    10.00 deg.: X-S =   974.031576 mb/sr,
+                                         /R =   2.1759E+00
    11.00 deg.: X-S =   877.523447 mb/sr,
+                                         /R =   2.8671E+00
    12.00 deg.: X-S =   810.904272 mb/sr,
+                                         /R =   3.7480E+00
    13.00 deg.: X-S =   759.789362 mb/sr,
+                                         /R =   4.8308E+00
    14.00 deg.: X-S =   716.843718 mb/sr,
+                                         /R =   6.1220E+00
    15.00 deg.: X-S =   678.223046 mb/sr,
+                                         /R =   7.6217E+00
    16.00 deg.: X-S =   641.891120 mb/sr,
+                                         /R =   9.3234E+00
    17.00 deg.: X-S =   606.782912 mb/sr,
+                                         /R =   1.1213E+01
    18.00 deg.: X-S =   572.369941 mb/sr,
+                                         /R =   1.3271E+01
    19.00 deg.: X-S =   538.425881 mb/sr,
+                                         /R =   1.5469E+01
    20.00 deg.: X-S =   504.895914 mb/sr,
+                                         /R =   1.7774E+01
    21.00 deg.: X-S =   471.821735 mb/sr,
+                                         /R =   2.0147E+01
    22.00 deg.: X-S =   439.297350 mb/sr,
+                                         /R =   2.2545E+01
    23.00 deg.: X-S =   407.442422 mb/sr,
+                                         /R =   2.4922E+01
    24.00 deg.: X-S =   376.385860 mb/sr,
+                                         /R =   2.7230E+01
    25.00 deg.: X-S =   346.255581 mb/sr,
+                                         /R =   2.9419E+01
    26.00 deg.: X-S =   317.172059 mb/sr,
+                                         /R =   3.1444E+01
    27.00 deg.: X-S =   289.244301 mb/sr,
+                                         /R =   3.3258E+01
    28.00 deg.: X-S =   262.567378 mb/sr,
+                                         /R =   3.4820E+01
    29.00 deg.: X-S =   237.221037 mb/sr,
+                                         /R =   3.6095E+01
    30.00 deg.: X-S =   213.269045 mb/sr,
+                                         /R =   3.7051E+01
    31.00 deg.: X-S =   190.759068 mb/sr,
+                                         /R =   3.7668E+01
    32.00 deg.: X-S =   169.722950 mb/sr,
+                                         /R =   3.7930E+01
    33.00 deg.: X-S =   150.177278 mb/sr,
+                                         /R =   3.7832E+01
    34.00 deg.: X-S =   132.124188 mb/sr,
+                                         /R =   3.7378E+01
    35.00 deg.: X-S =   115.552334 mb/sr,
+                                         /R =   3.6579E+01
    36.00 deg.: X-S =   100.437990 mb/sr,
+                                         /R =   3.5458E+01
    37.00 deg.: X-S =    86.746248 mb/sr,
+                                         /R =   3.4045E+01
    38.00 deg.: X-S =    74.432275 mb/sr,
+                                         /R =   3.2376E+01
    39.00 deg.: X-S =    63.442609 mb/sr,
+                                         /R =   3.0497E+01
    40.00 deg.: X-S =    53.716462 mb/sr,
+                                         /R =   2.8458E+01
    41.00 deg.: X-S =    45.187015 mb/sr,
+                                         /R =   2.6315E+01
    42.00 deg.: X-S =    37.782684 mb/sr,
+                                         /R =   2.4127E+01
    43.00 deg.: X-S =    31.428334 mb/sr,
+                                         /R =   2.1954E+01
    44.00 deg.: X-S =    26.046443 mb/sr,
+                                         /R =   1.9858E+01
    45.00 deg.: X-S =    21.558184 mb/sr,
+                                         /R =   1.7900E+01
    46.00 deg.: X-S =    17.884427 mb/sr,
+                                         /R =   1.6139E+01
    47.00 deg.: X-S =    14.946656 mb/sr,
+                                         /R =   1.4630E+01
    48.00 deg.: X-S =    12.667788 mb/sr,
+                                         /R =   1.3423E+01
    49.00 deg.: X-S =    10.972896 mb/sr,
+                                         /R =   1.2564E+01
    50.00 deg.: X-S =     9.789828 mb/sr,
+                                         /R =   1.2091E+01
    51.00 deg.: X-S =     9.049739 mb/sr,
+                                         /R =   1.2036E+01
    52.00 deg.: X-S =     8.687513 mb/sr,
+                                         /R =   1.2421E+01
    53.00 deg.: X-S =     8.642107 mb/sr,
+                                         /R =   1.3262E+01
    54.00 deg.: X-S =     8.856792 mb/sr,
+                                         /R =   1.4566E+01
    55.00 deg.: X-S =     9.279324 mb/sr,
+                                         /R =   1.6332E+01
    56.00 deg.: X-S =     9.862035 mb/sr,
+                                         /R =   1.8548E+01
    57.00 deg.: X-S =    10.561851 mb/sr,
+                                         /R =   2.1197E+01
    58.00 deg.: X-S =    11.340251 mb/sr,
+                                         /R =   2.4255E+01
    59.00 deg.: X-S =    12.163179 mb/sr,
+                                         /R =   2.7688E+01
    60.00 deg.: X-S =    13.000896 mb/sr,
+                                         /R =   3.1459E+01
    61.00 deg.: X-S =    13.827803 mb/sr,
+                                         /R =   3.5524E+01
    62.00 deg.: X-S =    14.622228 mb/sr,
+                                         /R =   3.9835E+01
    63.00 deg.: X-S =    15.366190 mb/sr,
+                                         /R =   4.4340E+01
    64.00 deg.: X-S =    16.045141 mb/sr,
+                                         /R =   4.8986E+01
    65.00 deg.: X-S =    16.647701 mb/sr,
+                                         /R =   5.3717E+01
    66.00 deg.: X-S =    17.165380 mb/sr,
+                                         /R =   5.8476E+01
    67.00 deg.: X-S =    17.592300 mb/sr,
+                                         /R =   6.3208E+01
    68.00 deg.: X-S =    17.924922 mb/sr,
+                                         /R =   6.7857E+01
    69.00 deg.: X-S =    18.161770 mb/sr,
+                                         /R =   7.2371E+01
    70.00 deg.: X-S =    18.303176 mb/sr,
+                                         /R =   7.6698E+01
    71.00 deg.: X-S =    18.351026 mb/sr,
+                                         /R =   8.0792E+01
    72.00 deg.: X-S =    18.308523 mb/sr,
+                                         /R =   8.4610E+01
    73.00 deg.: X-S =    18.179968 mb/sr,
+                                         /R =   8.8112E+01
    74.00 deg.: X-S =    17.970548 mb/sr,
+                                         /R =   9.1265E+01
    75.00 deg.: X-S =    17.686152 mb/sr,
+                                         /R =   9.4040E+01
    76.00 deg.: X-S =    17.333194 mb/sr,
+                                         /R =   9.6414E+01
    77.00 deg.: X-S =    16.918460 mb/sr,
+                                         /R =   9.8367E+01
    78.00 deg.: X-S =    16.448964 mb/sr,
+                                         /R =   9.9889E+01
    79.00 deg.: X-S =    15.931831 mb/sr,
+                                         /R =   1.0097E+02
    80.00 deg.: X-S =    15.374182 mb/sr,
+                                         /R =   1.0161E+02
    81.00 deg.: X-S =    14.783045 mb/sr,
+                                         /R =   1.0182E+02
    82.00 deg.: X-S =    14.165272 mb/sr,
+                                         /R =   1.0160E+02
    83.00 deg.: X-S =    13.527476 mb/sr,
+                                         /R =   1.0096E+02
    84.00 deg.: X-S =    12.875968 mb/sr,
+                                         /R =   9.9934E+01
    85.00 deg.: X-S =    12.216720 mb/sr,
+                                         /R =   9.8532E+01
    86.00 deg.: X-S =    11.555323 mb/sr,
+                                         /R =   9.6785E+01
    87.00 deg.: X-S =    10.896964 mb/sr,
+                                         /R =   9.4721E+01
    88.00 deg.: X-S =    10.246406 mb/sr,
+                                         /R =   9.2374E+01
    89.00 deg.: X-S =     9.607973 mb/sr,
+                                         /R =   8.9778E+01
    90.00 deg.: X-S =     8.985546 mb/sr,
+                                         /R =   8.6971E+01
    91.00 deg.: X-S =     8.382562 mb/sr,
+                                         /R =   8.3992E+01
    92.00 deg.: X-S =     7.802017 mb/sr,
+                                         /R =   8.0879E+01
    93.00 deg.: X-S =     7.246468 mb/sr,
+                                         /R =   7.7672E+01
    94.00 deg.: X-S =     6.718052 mb/sr,
+                                         /R =   7.4412E+01
    95.00 deg.: X-S =     6.218493 mb/sr,
+                                         /R =   7.1138E+01
    96.00 deg.: X-S =     5.749119 mb/sr,
+                                         /R =   6.7887E+01
    97.00 deg.: X-S =     5.310881 mb/sr,
+                                         /R =   6.4697E+01
    98.00 deg.: X-S =     4.904372 mb/sr,
+                                         /R =   6.1602E+01
    99.00 deg.: X-S =     4.529846 mb/sr,
+                                         /R =   5.8635E+01
   100.00 deg.: X-S =     4.187243 mb/sr,
+                                         /R =   5.5826E+01
   101.00 deg.: X-S =     3.876210 mb/sr,
+                                         /R =   5.3201E+01
   102.00 deg.: X-S =     3.596126 mb/sr,
+                                         /R =   5.0785E+01
   103.00 deg.: X-S =     3.346125 mb/sr,
+                                         /R =   4.8597E+01
   104.00 deg.: X-S =     3.125123 mb/sr,
+                                         /R =   4.6654E+01
   105.00 deg.: X-S =     2.931841 mb/sr,
+                                         /R =   4.4967E+01
   106.00 deg.: X-S =     2.764832 mb/sr,
+                                         /R =   4.3547E+01
   107.00 deg.: X-S =     2.622506 mb/sr,
+                                         /R =   4.2396E+01
   108.00 deg.: X-S =     2.503155 mb/sr,
+                                         /R =   4.1515E+01
   109.00 deg.: X-S =     2.404977 mb/sr,
+                                         /R =   4.0902E+01
   110.00 deg.: X-S =     2.326103 mb/sr,
+                                         /R =   4.0549E+01
   111.00 deg.: X-S =     2.264619 mb/sr,
+                                         /R =   4.0445E+01
   112.00 deg.: X-S =     2.218588 mb/sr,
+                                         /R =   4.0576E+01
   113.00 deg.: X-S =     2.186076 mb/sr,
+                                         /R =   4.0924E+01
   114.00 deg.: X-S =     2.165170 mb/sr,
+                                         /R =   4.1471E+01
   115.00 deg.: X-S =     2.154001 mb/sr,
+                                         /R =   4.2194E+01
   116.00 deg.: X-S =     2.150758 mb/sr,
+                                         /R =   4.3069E+01
   117.00 deg.: X-S =     2.153713 mb/sr,
+                                         /R =   4.4070E+01
   118.00 deg.: X-S =     2.161230 mb/sr,
+                                         /R =   4.5170E+01
   119.00 deg.: X-S =     2.171781 mb/sr,
+                                         /R =   4.6344E+01
   120.00 deg.: X-S =     2.183964 mb/sr,
+                                         /R =   4.7562E+01
   121.00 deg.: X-S =     2.196504 mb/sr,
+                                         /R =   4.8799E+01
   122.00 deg.: X-S =     2.208270 mb/sr,
+                                         /R =   5.0029E+01
   123.00 deg.: X-S =     2.218279 mb/sr,
+                                         /R =   5.1227E+01
   124.00 deg.: X-S =     2.225701 mb/sr,
+                                         /R =   5.2372E+01
   125.00 deg.: X-S =     2.229859 mb/sr,
+                                         /R =   5.3442E+01
   126.00 deg.: X-S =     2.230238 mb/sr,
+                                         /R =   5.4421E+01
   127.00 deg.: X-S =     2.226475 mb/sr,
+                                         /R =   5.5293E+01
   128.00 deg.: X-S =     2.218361 mb/sr,
+                                         /R =   5.6049E+01
   129.00 deg.: X-S =     2.205837 mb/sr,
+                                         /R =   5.6678E+01
   130.00 deg.: X-S =     2.188986 mb/sr,
+                                         /R =   5.7179E+01
   131.00 deg.: X-S =     2.168025 mb/sr,
+                                         /R =   5.7550E+01
   132.00 deg.: X-S =     2.143297 mb/sr,
+                                         /R =   5.7796E+01
   133.00 deg.: X-S =     2.115256 mb/sr,
+                                         /R =   5.7922E+01
   134.00 deg.: X-S =     2.084464 mb/sr,
+                                         /R =   5.7942E+01
   135.00 deg.: X-S =     2.051568 mb/sr,
+                                         /R =   5.7868E+01
   136.00 deg.: X-S =     2.017291 mb/sr,
+                                         /R =   5.7720E+01
   137.00 deg.: X-S =     1.982419 mb/sr,
+                                         /R =   5.7517E+01
   138.00 deg.: X-S =     1.947784 mb/sr,
+                                         /R =   5.7285E+01
   139.00 deg.: X-S =     1.914245 mb/sr,
+                                         /R =   5.7048E+01
   140.00 deg.: X-S =     1.882682 mb/sr,
+                                         /R =   5.6834E+01
   141.00 deg.: X-S =     1.853971 mb/sr,
+                                         /R =   5.6674E+01
   142.00 deg.: X-S =     1.828975 mb/sr,
+                                         /R =   5.6595E+01
   143.00 deg.: X-S =     1.808527 mb/sr,
+                                         /R =   5.6630E+01
   144.00 deg.: X-S =     1.793418 mb/sr,
+                                         /R =   5.6807E+01
   145.00 deg.: X-S =     1.784381 mb/sr,
+                                         /R =   5.7155E+01
   146.00 deg.: X-S =     1.782081 mb/sr,
+                                         /R =   5.7704E+01
   147.00 deg.: X-S =     1.787106 mb/sr,
+                                         /R =   5.8478E+01
   148.00 deg.: X-S =     1.799952 mb/sr,
+                                         /R =   5.9500E+01
   149.00 deg.: X-S =     1.821018 mb/sr,
+                                         /R =   6.0792E+01
   150.00 deg.: X-S =     1.850600 mb/sr,
+                                         /R =   6.2370E+01
   151.00 deg.: X-S =     1.888882 mb/sr,
+                                         /R =   6.4248E+01
   152.00 deg.: X-S =     1.935936 mb/sr,
+                                         /R =   6.6435E+01
   153.00 deg.: X-S =     1.991716 mb/sr,
+                                         /R =   6.8936E+01
   154.00 deg.: X-S =     2.056058 mb/sr,
+                                         /R =   7.1750E+01
   155.00 deg.: X-S =     2.128683 mb/sr,
+                                         /R =   7.4874E+01
   156.00 deg.: X-S =     2.209198 mb/sr,
+                                         /R =   7.8297E+01
   157.00 deg.: X-S =     2.297098 mb/sr,
+                                         /R =   8.2005E+01
   158.00 deg.: X-S =     2.391774 mb/sr,
+                                         /R =   8.5980E+01
   159.00 deg.: X-S =     2.492518 mb/sr,
+                                         /R =   9.0197E+01
   160.00 deg.: X-S =     2.598533 mb/sr,
+                                         /R =   9.4629E+01
   161.00 deg.: X-S =     2.708938 mb/sr,
+                                         /R =   9.9243E+01
   162.00 deg.: X-S =     2.822784 mb/sr,
+                                         /R =   1.0400E+02
   163.00 deg.: X-S =     2.939059 mb/sr,
+                                         /R =   1.0887E+02
   164.00 deg.: X-S =     3.056705 mb/sr,
+                                         /R =   1.1380E+02
   165.00 deg.: X-S =     3.174627 mb/sr,
+                                         /R =   1.1876E+02
   166.00 deg.: X-S =     3.291709 mb/sr,
+                                         /R =   1.2368E+02
   167.00 deg.: X-S =     3.406823 mb/sr,
+                                         /R =   1.2854E+02
   168.00 deg.: X-S =     3.518847 mb/sr,
+                                         /R =   1.3328E+02
   169.00 deg.: X-S =     3.626677 mb/sr,
+                                         /R =   1.3784E+02
   170.00 deg.: X-S =     3.729240 mb/sr,
+                                         /R =   1.4220E+02
   171.00 deg.: X-S =     3.825505 mb/sr,
+                                         /R =   1.4629E+02
   172.00 deg.: X-S =     3.914498 mb/sr,
+                                         /R =   1.5008E+02
   173.00 deg.: X-S =     3.995313 mb/sr,
+                                         /R =   1.5353E+02
   174.00 deg.: X-S =     4.067124 mb/sr,
+                                         /R =   1.5660E+02
   175.00 deg.: X-S =     4.129192 mb/sr,
+                                         /R =   1.5926E+02
   176.00 deg.: X-S =     4.180877 mb/sr,
+                                         /R =   1.6147E+02
   177.00 deg.: X-S =     4.221643 mb/sr,
+                                         /R =   1.6322E+02
   178.00 deg.: X-S =     4.251069 mb/sr,
+                                         /R =   1.6448E+02
   179.00 deg.: X-S =     4.268848 mb/sr,
+                                         /R =   1.6525E+02
   179.99 deg.: X-S =     4.274794 mb/sr,
+                                         /R =   1.6550E+02
                                           Integrated********** mb, over [   0.000, 180.000] at   170.0000 MeV 
 Finished all xsecs @    3.12500000E-02

  The following files have been created:
   3:local copy of User input.            6:standard output.                   
  13:total cross sections/state.         39:cross sections for each Ecm.       
  40:all cross sectns. for each Elab.    56:Fusion for each Jtotal.            

 PARAMETERS : MAXQRN   MFNL   MLOC  LMAX1 MCLIST
    ALLOWED :      1     16      4    170      6
    REQUIRED:      0      0      4     10      4


 ACCURACY ANALYSIS at   170.000 MeV :

  Elastic h*k = 0.038 so OK       compared with 0.200

   Real(S-el) > 0.01 first at J =       1.0
   Real(S-el) > 0.10 first at J =       1.0
   Real(S-el) > 0.50 first at J =       2.0
   Real(S-el) > 0.90 first at J =       3.0
   Real(S-el) > 0.99 first at J =       4.0
   R-turn =     8.04 fm    at J =       7.0

 Forward-angle excitation cut off below   1.465 deg by max JT =       7.0
                              and below   0.233 deg by max R.

 Total CPU  0 time =       0.03 seconds
