 FRESCO - FRES 3.4: Coupled Reaction Channels
 Assuming NAMELIST input.

 Test reaction with generated potential                                          

   0.040  50.000   0.500   0.000   0.000   0.000   0.000   0.000   0.000   0.000

 Centre-of-mass Range is   1252 * 0.0400 fm., Maximum at  50.00 fm., Interpolating NL forms every  0.52 fm.
 Non - locality width is      4 * 0.0400 fm., Maximum of   0.12 fm., Centred at  0.00 fm.
 2-Nucleon Separation of      0 * 0.5200 fm., Maximum of   0.00 fm., Minimum at  0.00 fm.
 Maximum single particle bins of 49.9200 fm.
               M,Mint =         1251        1249


 Range of total J is     0.0 <= J <=   150.0 (at least     0.0) and Absorbtion =>     0.1000 mb.
 Dry Run = F, CC set limits =  0  0, Relativistic kinematics =  , Both/Far/Near Analyses =  1                     

 Cross Sections (and up to T0 for 0=projectile) for Theta from   0.0 to 180.0 in steps of  1.0 degrees, DGAM=0,  Coordinates = 0 (Mads)

 Lower Radial Cutoff = maximum of -1.60*L*h &       0.0 fm.,  Lower Cutoff for Couplings =   0.0  fm.


 Iterate Couplings between   0 and   0 times, to  0.000 % if sooner.                                          
  Block solved exactly =   0 chs., with Pade = 0 & Isocen =  =0, NOSOL = F, initwf =  0
  NL quadrature with   18 Gaussian points, Calculate multipoles up to   156 from   0
  M-transfers for lp+lt greater than or equal to  6, Angular Integration Cutoff below  2.7778 %


 Trace switches are :  CHANS =  0, LISTCC =  0, TRENEG =  0, CDETR =  0, SMATS =  0, XSTABL =  0, NLPL =  0

                       WAVES =  0, LAMPL =  0, VEFF =  0, KFUS =  0, WDISK =  0, BPM =  0, MELFIL =  0

                       CDCC =  0, NFUS =  0

 Using unit mass = 1.000000 amu and 1/fine-structure constant = 137.03599 ( 1.000000 * true ) with hc = 197.32705 MeV.fm,
  thus 2*amu/hbar^2 = 0.0478450 = 1/20.9008 and Coulomb constant = 0.1574855 so e^2 = 1.43997, and nuclear magneton= 0.1261183

 Now pre-scan input and save to file 3



 *********** PARTITION NUMBER  1 ******************************************************************************************

   PROJ=7Li        MASS=  7.0000 Z=   3.0,        # STATES=    1T, TARG=p        MASS=  1.0000 Z=   1.0,     Q-VALUE =   0.0000 MEV.

     1:  J= 1.5+ (B# 1), E=  0.0000, K= 0.5              Potl#  1       J= 0.5+ (B# 1), E=  0.0000, K= 0.5    


 ************************************************************************************************************************************

 The following POTENTIALS are defined :

  KP#       TYPE      IT    SHAPE      at     V1        r1        a1        V2        r2        a2        A-in     A-used


                                            A#1       A#2        r0c       ac                                                h @ 1
    1    0=Coulomb       0=CHARGE (WS)  1     1.000     1.000    3.6412    0.0000    0.0000    0.0000     0.000     8.000   0.04000

    1    1=Volume        0=Woods-Saxon  2   70.0000    1.2500    0.6500   15.0000    1.2500    0.6500     0.000     8.000

    1    2=Surface       0=Woods-Saxon  3    0.0000    0.0000    0.0000    5.0000    1.3000    0.6500     0.000     8.000

    1    3=Projtl S.O.   0=Woods-Saxon  4    3.0000    1.0000    0.6500    0.0000    0.0000    0.0000     0.000     8.000

 Incoming partition  1 in excitation state # 1,   Laboratory Energy given for partition  1 Nucleus 1 in Excitation pair 1

0Lab. ENERGY ranges :

   from    270.000     to   0.00000     in     0 intervals
   from    0.00000     to   0.00000     in     0 intervals
   from    0.00000     to   0.00000     in     0 intervals

 Largest real,imaginary parts of any form factor at R=   49.60 are   2.90E-02  7.91E-31 MeV
 Finished all Couplings @    1.56250000E-02           4

 Symmetric Hamiltonian
1***********************************************************************************************************************************
************************************************************************************************************************************

        INCOMING 7Li      ;    LABORATORY 7Li      ENERGY =   270.00     MeV.

 ***********************************************************************************************************************************
 ***********************************************************************************************************************************


  NOTE: Coulomb excitation cut off below   0.058 deg by JTMAX, and below   0.147 deg by Rmax

 Allocate arrays for            4  channels, of which            1  need wfs.
 Allocate arrays for            4  channels, of which            3  need wfs.
 Allocate arrays for            4  channels, of which            4  need wfs.
 Reaction Xsec     8.0-/ 7 @ 1 =   1.276 , Out:   0.000#
 Reaction Xsec     8.0-/ 7 @ 2 =   1.298 , Out:   0.000#
 Reaction Xsec     8.0-/ 9 @ 3 =   0.120 , Out:   0.000#
 Reaction Xsec     8.0-/ 9 @ 4 =   0.120 , Out:   0.000#
 Reaction Xsec     9.0+/ 8 @ 1 =   0.437 , Out:   0.000#
 Reaction Xsec     9.0+/ 8 @ 2 =   0.440 , Out:   0.000#
 Reaction Xsec     9.0+/10 @ 3 =   0.041 , Out:   0.000#
 Reaction Xsec     9.0+/10 @ 4 =   0.042 , Out:   0.000#
 Reaction Xsec     9.0-/ 7 @ 1 =   1.451 , Out:   0.000#
 Reaction Xsec     9.0-/ 9 @ 2 =   0.134 , Out:   0.000#
 Reaction Xsec     9.0-/ 9 @ 3 =   0.135 , Out:   0.000#
 Reaction Xsec     9.0-/11 @ 4 =   0.013 , Out:   0.000#
 Finished all CC sets @    1.56250000E-02
0CUMULATIVE REACTION cross section                 =  590.28951  <L> =     3.78  <L**2> =     17.3
0CUMULATIVE outgoing cross sections in partition 1 :    0.00000
0Cumulative ABSORBTION by Imaginary Potentials     =  590.28951  <L> =     3.78  <L**2> =     17.3
   Fusion for specific 7Li      M-states :  560.013492  580.058808  580.058808  560.013492

0CUMULATIVE OUTGOING cross section                 =    0.00000
 To convert to S-factors (MeV.mb = keV.b),  multiply by  5.4432E+01


 CROSS SECTIONS FOR OUTGOING 7Li      & p        in state #   1 with spins & parities 1.5  + &  0.5  +;  0

     0.01 deg.: X-S =   1.7656E+14 mb/sr,
+                                         /R =   9.9999E-01
     1.00 deg.: X-S =   1.7086E+06 mb/sr,
+                                         /R =   9.6766E-01
     2.00 deg.: X-S =   9.9418E+04 mb/sr,
+                                         /R =   9.0076E-01
     3.00 deg.: X-S =   1.8348E+04 mb/sr,
+                                         /R =   8.4138E-01
     4.00 deg.: X-S =  5819.561187 mb/sr,
+                                         /R =   8.4312E-01
     5.00 deg.: X-S =  2747.961648 mb/sr,
+                                         /R =   9.7152E-01
     6.00 deg.: X-S =  1775.465410 mb/sr,
+                                         /R =   1.3009E+00
     7.00 deg.: X-S =  1407.853758 mb/sr,
+                                         /R =   1.9098E+00
     8.00 deg.: X-S =  1243.731364 mb/sr,
+                                         /R =   2.8760E+00
     9.00 deg.: X-S =  1154.123996 mb/sr,
+                                         /R =   4.2712E+00
    10.00 deg.: X-S =  1092.370068 mb/sr,
+                                         /R =   6.1557E+00
    11.00 deg.: X-S =  1040.296882 mb/sr,
+                                         /R =   8.5737E+00
    12.00 deg.: X-S =   990.619098 mb/sr,
+                                         /R =   1.1550E+01
    13.00 deg.: X-S =   940.524180 mb/sr,
+                                         /R =   1.5084E+01
    14.00 deg.: X-S =   889.130461 mb/sr,
+                                         /R =   1.9154E+01
    15.00 deg.: X-S =   836.410985 mb/sr,
+                                         /R =   2.3710E+01
    16.00 deg.: X-S =   782.713080 mb/sr,
+                                         /R =   2.8678E+01
    17.00 deg.: X-S =   728.534469 mb/sr,
+                                         /R =   3.3961E+01
    18.00 deg.: X-S =   674.415212 mb/sr,
+                                         /R =   3.9444E+01
    19.00 deg.: X-S =   620.884151 mb/sr,
+                                         /R =   4.4995E+01
    20.00 deg.: X-S =   568.431933 mb/sr,
+                                         /R =   5.0475E+01
    21.00 deg.: X-S =   517.497502 mb/sr,
+                                         /R =   5.5739E+01
    22.00 deg.: X-S =   468.461722 mb/sr,
+                                         /R =   6.0644E+01
    23.00 deg.: X-S =   421.644973 mb/sr,
+                                         /R =   6.5056E+01
    24.00 deg.: X-S =   377.307129 mb/sr,
+                                         /R =   6.8854E+01
    25.00 deg.: X-S =   335.649083 mb/sr,
+                                         /R =   7.1937E+01
    26.00 deg.: X-S =   296.815341 mb/sr,
+                                         /R =   7.4227E+01
    27.00 deg.: X-S =   260.897412 mb/sr,
+                                         /R =   7.5671E+01
    28.00 deg.: X-S =   227.937803 mb/sr,
+                                         /R =   7.6250E+01
    29.00 deg.: X-S =   197.934458 mb/sr,
+                                         /R =   7.5970E+01
    30.00 deg.: X-S =   170.845520 mb/sr,
+                                         /R =   7.4870E+01
    31.00 deg.: X-S =   146.594304 mb/sr,
+                                         /R =   7.3019E+01
    32.00 deg.: X-S =   125.074348 mb/sr,
+                                         /R =   7.0509E+01
    33.00 deg.: X-S =   106.154464 mb/sr,
+                                         /R =   6.7457E+01
    34.00 deg.: X-S =    89.683681 mb/sr,
+                                         /R =   6.3999E+01
    35.00 deg.: X-S =    75.495991 mb/sr,
+                                         /R =   6.0285E+01
    36.00 deg.: X-S =    63.414834 mb/sr,
+                                         /R =   5.6473E+01
    37.00 deg.: X-S =    53.257264 mb/sr,
+                                         /R =   5.2724E+01
    38.00 deg.: X-S =    44.837729 mb/sr,
+                                         /R =   4.9196E+01
    39.00 deg.: X-S =    37.971454 mb/sr,
+                                         /R =   4.6043E+01
    40.00 deg.: X-S =    32.477389 mb/sr,
+                                         /R =   4.3402E+01
    41.00 deg.: X-S =    28.180716 mb/sr,
+                                         /R =   4.1398E+01
    42.00 deg.: X-S =    24.914924 mb/sr,
+                                         /R =   4.0133E+01
    43.00 deg.: X-S =    22.523451 mb/sr,
+                                         /R =   3.9688E+01
    44.00 deg.: X-S =    20.860931 mb/sr,
+                                         /R =   4.0120E+01
    45.00 deg.: X-S =    19.794046 mb/sr,
+                                         /R =   4.1459E+01
    46.00 deg.: X-S =    19.202051 mb/sr,
+                                         /R =   4.3710E+01
    47.00 deg.: X-S =    18.976974 mb/sr,
+                                         /R =   4.6854E+01
    48.00 deg.: X-S =    19.023552 mb/sr,
+                                         /R =   5.0847E+01
    49.00 deg.: X-S =    19.258935 mb/sr,
+                                         /R =   5.5624E+01
    50.00 deg.: X-S =    19.612198 mb/sr,
+                                         /R =   6.1100E+01
    51.00 deg.: X-S =    20.023700 mb/sr,
+                                         /R =   6.7174E+01
    52.00 deg.: X-S =    20.444324 mb/sr,
+                                         /R =   7.3733E+01
    53.00 deg.: X-S =    20.834633 mb/sr,
+                                         /R =   8.0652E+01
    54.00 deg.: X-S =    21.163980 mb/sr,
+                                         /R =   8.7802E+01
    55.00 deg.: X-S =    21.409582 mb/sr,
+                                         /R =   9.5050E+01
    56.00 deg.: X-S =    21.555599 mb/sr,
+                                         /R =   1.0226E+02
    57.00 deg.: X-S =    21.592221 mb/sr,
+                                         /R =   1.0931E+02
    58.00 deg.: X-S =    21.514799 mb/sr,
+                                         /R =   1.1608E+02
    59.00 deg.: X-S =    21.323014 mb/sr,
+                                         /R =   1.2244E+02
    60.00 deg.: X-S =    21.020097 mb/sr,
+                                         /R =   1.2830E+02
    61.00 deg.: X-S =    20.612124 mb/sr,
+                                         /R =   1.3357E+02
    62.00 deg.: X-S =    20.107364 mb/sr,
+                                         /R =   1.3818E+02
    63.00 deg.: X-S =    19.515696 mb/sr,
+                                         /R =   1.4205E+02
    64.00 deg.: X-S =    18.848105 mb/sr,
+                                         /R =   1.4515E+02
    65.00 deg.: X-S =    18.116226 mb/sr,
+                                         /R =   1.4745E+02
    66.00 deg.: X-S =    17.331971 mb/sr,
+                                         /R =   1.4894E+02
    67.00 deg.: X-S =    16.507201 mb/sr,
+                                         /R =   1.4961E+02
    68.00 deg.: X-S =    15.653459 mb/sr,
+                                         /R =   1.4948E+02
    69.00 deg.: X-S =    14.781762 mb/sr,
+                                         /R =   1.4858E+02
    70.00 deg.: X-S =    13.902428 mb/sr,
+                                         /R =   1.4695E+02
    71.00 deg.: X-S =    13.024951 mb/sr,
+                                         /R =   1.4465E+02
    72.00 deg.: X-S =    12.157916 mb/sr,
+                                         /R =   1.4173E+02
    73.00 deg.: X-S =    11.308939 mb/sr,
+                                         /R =   1.3826E+02
    74.00 deg.: X-S =    10.484641 mb/sr,
+                                         /R =   1.3432E+02
    75.00 deg.: X-S =     9.690647 mb/sr,
+                                         /R =   1.2998E+02
    76.00 deg.: X-S =     8.931598 mb/sr,
+                                         /R =   1.2532E+02
    77.00 deg.: X-S =     8.211187 mb/sr,
+                                         /R =   1.2043E+02
    78.00 deg.: X-S =     7.532206 mb/sr,
+                                         /R =   1.1538E+02
    79.00 deg.: X-S =     6.896600 mb/sr,
+                                         /R =   1.1025E+02
    80.00 deg.: X-S =     6.305535 mb/sr,
+                                         /R =   1.0513E+02
    81.00 deg.: X-S =     5.759470 mb/sr,
+                                         /R =   1.0006E+02
    82.00 deg.: X-S =     5.258227 mb/sr,
+                                         /R =   9.5133E+01
    83.00 deg.: X-S =     4.801070 mb/sr,
+                                         /R =   9.0389E+01
    84.00 deg.: X-S =     4.386779 mb/sr,
+                                         /R =   8.5884E+01
    85.00 deg.: X-S =     4.013729 mb/sr,
+                                         /R =   8.1659E+01
    86.00 deg.: X-S =     3.679959 mb/sr,
+                                         /R =   7.7749E+01
    87.00 deg.: X-S =     3.383242 mb/sr,
+                                         /R =   7.4183E+01
    88.00 deg.: X-S =     3.121156 mb/sr,
+                                         /R =   7.0978E+01
    89.00 deg.: X-S =     2.891136 mb/sr,
+                                         /R =   6.8145E+01
    90.00 deg.: X-S =     2.690537 mb/sr,
+                                         /R =   6.5690E+01
    91.00 deg.: X-S =     2.516684 mb/sr,
+                                         /R =   6.3609E+01
    92.00 deg.: X-S =     2.366912 mb/sr,
+                                         /R =   6.1893E+01
    93.00 deg.: X-S =     2.238612 mb/sr,
+                                         /R =   6.0527E+01
    94.00 deg.: X-S =     2.129257 mb/sr,
+                                         /R =   5.9492E+01
    95.00 deg.: X-S =     2.036436 mb/sr,
+                                         /R =   5.8765E+01
    96.00 deg.: X-S =     1.957874 mb/sr,
+                                         /R =   5.8318E+01
    97.00 deg.: X-S =     1.891449 mb/sr,
+                                         /R =   5.8122E+01
    98.00 deg.: X-S =     1.835204 mb/sr,
+                                         /R =   5.8147E+01
    99.00 deg.: X-S =     1.787354 mb/sr,
+                                         /R =   5.8360E+01
   100.00 deg.: X-S =     1.746293 mb/sr,
+                                         /R =   5.8729E+01
   101.00 deg.: X-S =     1.710591 mb/sr,
+                                         /R =   5.9223E+01
   102.00 deg.: X-S =     1.678991 mb/sr,
+                                         /R =   5.9811E+01
   103.00 deg.: X-S =     1.650404 mb/sr,
+                                         /R =   6.0463E+01
   104.00 deg.: X-S =     1.623903 mb/sr,
+                                         /R =   6.1152E+01
   105.00 deg.: X-S =     1.598706 mb/sr,
+                                         /R =   6.1852E+01
   106.00 deg.: X-S =     1.574171 mb/sr,
+                                         /R =   6.2541E+01
   107.00 deg.: X-S =     1.549783 mb/sr,
+                                         /R =   6.3198E+01
   108.00 deg.: X-S =     1.525136 mb/sr,
+                                         /R =   6.3806E+01
   109.00 deg.: X-S =     1.499927 mb/sr,
+                                         /R =   6.4348E+01
   110.00 deg.: X-S =     1.473935 mb/sr,
+                                         /R =   6.4812E+01
   111.00 deg.: X-S =     1.447014 mb/sr,
+                                         /R =   6.5188E+01
   112.00 deg.: X-S =     1.419080 mb/sr,
+                                         /R =   6.5467E+01
   113.00 deg.: X-S =     1.390095 mb/sr,
+                                         /R =   6.5644E+01
   114.00 deg.: X-S =     1.360065 mb/sr,
+                                         /R =   6.5712E+01
   115.00 deg.: X-S =     1.329023 mb/sr,
+                                         /R =   6.5670E+01
   116.00 deg.: X-S =     1.297023 mb/sr,
+                                         /R =   6.5517E+01
   117.00 deg.: X-S =     1.264139 mb/sr,
+                                         /R =   6.5250E+01
   118.00 deg.: X-S =     1.230450 mb/sr,
+                                         /R =   6.4871E+01
   119.00 deg.: X-S =     1.196044 mb/sr,
+                                         /R =   6.4380E+01
   120.00 deg.: X-S =     1.161009 mb/sr,
+                                         /R =   6.3779E+01
   121.00 deg.: X-S =     1.125434 mb/sr,
+                                         /R =   6.3071E+01
   122.00 deg.: X-S =     1.089408 mb/sr,
+                                         /R =   6.2257E+01
   123.00 deg.: X-S =     1.053016 mb/sr,
+                                         /R =   6.1341E+01
   124.00 deg.: X-S =     1.016345 mb/sr,
+                                         /R =   6.0326E+01
   125.00 deg.: X-S =     0.979477 mb/sr,
+                                         /R =   5.9215E+01
   126.00 deg.: X-S =     0.942499 mb/sr,
+                                         /R =   5.8013E+01
   127.00 deg.: X-S =     0.905496 mb/sr,
+                                         /R =   5.6725E+01
   128.00 deg.: X-S =     0.868557 mb/sr,
+                                         /R =   5.5355E+01
   129.00 deg.: X-S =     0.831775 mb/sr,
+                                         /R =   5.3911E+01
   130.00 deg.: X-S =     0.795250 mb/sr,
+                                         /R =   5.2400E+01
   131.00 deg.: X-S =     0.759087 mb/sr,
+                                         /R =   5.0828E+01
   132.00 deg.: X-S =     0.723399 mb/sr,
+                                         /R =   4.9206E+01
   133.00 deg.: X-S =     0.688306 mb/sr,
+                                         /R =   4.7544E+01
   134.00 deg.: X-S =     0.653936 mb/sr,
+                                         /R =   4.5852E+01
   135.00 deg.: X-S =     0.620425 mb/sr,
+                                         /R =   4.4144E+01
   136.00 deg.: X-S =     0.587916 mb/sr,
+                                         /R =   4.2433E+01
   137.00 deg.: X-S =     0.556559 mb/sr,
+                                         /R =   4.0733E+01
   138.00 deg.: X-S =     0.526506 mb/sr,
+                                         /R =   3.9060E+01
   139.00 deg.: X-S =     0.497915 mb/sr,
+                                         /R =   3.7431E+01
   140.00 deg.: X-S =     0.470944 mb/sr,
+                                         /R =   3.5862E+01
   141.00 deg.: X-S =     0.445751 mb/sr,
+                                         /R =   3.4372E+01
   142.00 deg.: X-S =     0.422490 mb/sr,
+                                         /R =   3.2978E+01
   143.00 deg.: X-S =     0.401310 mb/sr,
+                                         /R =   3.1698E+01
   144.00 deg.: X-S =     0.382353 mb/sr,
+                                         /R =   3.0550E+01
   145.00 deg.: X-S =     0.365747 mb/sr,
+                                         /R =   2.9552E+01
   146.00 deg.: X-S =     0.351612 mb/sr,
+                                         /R =   2.8719E+01
   147.00 deg.: X-S =     0.340047 mb/sr,
+                                         /R =   2.8068E+01
   148.00 deg.: X-S =     0.331139 mb/sr,
+                                         /R =   2.7612E+01
   149.00 deg.: X-S =     0.324950 mb/sr,
+                                         /R =   2.7364E+01
   150.00 deg.: X-S =     0.321522 mb/sr,
+                                         /R =   2.7334E+01
   151.00 deg.: X-S =     0.320875 mb/sr,
+                                         /R =   2.7531E+01
   152.00 deg.: X-S =     0.323000 mb/sr,
+                                         /R =   2.7960E+01
   153.00 deg.: X-S =     0.327867 mb/sr,
+                                         /R =   2.8625E+01
   154.00 deg.: X-S =     0.335415 mb/sr,
+                                         /R =   2.9526E+01
   155.00 deg.: X-S =     0.345558 mb/sr,
+                                         /R =   3.0660E+01
   156.00 deg.: X-S =     0.358183 mb/sr,
+                                         /R =   3.2022E+01
   157.00 deg.: X-S =     0.373150 mb/sr,
+                                         /R =   3.3603E+01
   158.00 deg.: X-S =     0.390295 mb/sr,
+                                         /R =   3.5392E+01
   159.00 deg.: X-S =     0.409426 mb/sr,
+                                         /R =   3.7373E+01
   160.00 deg.: X-S =     0.430333 mb/sr,
+                                         /R =   3.9530E+01
   161.00 deg.: X-S =     0.452782 mb/sr,
+                                         /R =   4.1843E+01
   162.00 deg.: X-S =     0.476520 mb/sr,
+                                         /R =   4.4288E+01
   163.00 deg.: X-S =     0.501282 mb/sr,
+                                         /R =   4.6840E+01
   164.00 deg.: X-S =     0.526786 mb/sr,
+                                         /R =   4.9473E+01
   165.00 deg.: X-S =     0.552741 mb/sr,
+                                         /R =   5.2158E+01
   166.00 deg.: X-S =     0.578850 mb/sr,
+                                         /R =   5.4864E+01
   167.00 deg.: X-S =     0.604813 mb/sr,
+                                         /R =   5.7562E+01
   168.00 deg.: X-S =     0.630328 mb/sr,
+                                         /R =   6.0221E+01
   169.00 deg.: X-S =     0.655099 mb/sr,
+                                         /R =   6.2808E+01
   170.00 deg.: X-S =     0.678837 mb/sr,
+                                         /R =   6.5292E+01
   171.00 deg.: X-S =     0.701262 mb/sr,
+                                         /R =   6.7645E+01
   172.00 deg.: X-S =     0.722110 mb/sr,
+                                         /R =   6.9837E+01
   173.00 deg.: X-S =     0.741134 mb/sr,
+                                         /R =   7.1841E+01
   174.00 deg.: X-S =     0.758108 mb/sr,
+                                         /R =   7.3633E+01
   175.00 deg.: X-S =     0.772830 mb/sr,
+                                         /R =   7.5188E+01
   176.00 deg.: X-S =     0.785125 mb/sr,
+                                         /R =   7.6489E+01
   177.00 deg.: X-S =     0.794843 mb/sr,
+                                         /R =   7.7519E+01
   178.00 deg.: X-S =     0.801870 mb/sr,
+                                         /R =   7.8264E+01
   179.00 deg.: X-S =     0.806120 mb/sr,
+                                         /R =   7.8714E+01
   179.99 deg.: X-S =     0.807542 mb/sr,
+                                         /R =   7.8865E+01
                                           Integrated********** mb, over [   0.000, 180.000] at   270.0000 MeV 
 Finished all xsecs @    1.56250000E-02

  The following files have been created:
   3:local copy of User input.            6:standard output.                   
  13:total cross sections/state.         39:cross sections for each Ecm.       
  40:all cross sectns. for each Elab.    56:Fusion for each Jtotal.            

 PARAMETERS : MAXQRN   MFNL   MLOC  LMAX1 MCLIST
    ALLOWED :      1     16      4    170      6
    REQUIRED:      0      0      4     12      4


 ACCURACY ANALYSIS at   270.000 MeV :

  Elastic h*k = 0.048 so OK       compared with 0.200

   Real(S-el) > 0.01 first at J =       1.0
   Real(S-el) > 0.10 first at J =       1.0
   Real(S-el) > 0.50 first at J =       2.0
   Real(S-el) > 0.90 first at J =       4.0
   Real(S-el) > 0.99 first at J =       6.0
   R-turn =     8.05 fm    at J =       9.0

 Forward-angle excitation cut off below   0.918 deg by max JT =       9.0
                              and below   0.147 deg by max R.

 Total CPU  0 time =       0.02 seconds
