 FRESCO - FRES 3.4: Coupled Reaction Channels
 Assuming NAMELIST input.

 Test reaction with generated potential                                          

   0.040  50.000   0.500   0.000   0.000   0.000   0.000   0.000   0.000   0.000

 Centre-of-mass Range is   1252 * 0.0400 fm., Maximum at  50.00 fm., Interpolating NL forms every  0.52 fm.
 Non - locality width is      4 * 0.0400 fm., Maximum of   0.12 fm., Centred at  0.00 fm.
 2-Nucleon Separation of      0 * 0.5200 fm., Maximum of   0.00 fm., Minimum at  0.00 fm.
 Maximum single particle bins of 49.9200 fm.
               M,Mint =         1251        1249


 Range of total J is     0.0 <= J <=   150.0 (at least     0.0) and Absorbtion =>     0.1000 mb.
 Dry Run = F, CC set limits =  0  0, Relativistic kinematics =  , Both/Far/Near Analyses =  1                     

 Cross Sections (and up to T0 for 0=projectile) for Theta from   0.0 to 180.0 in steps of  1.0 degrees, DGAM=0,  Coordinates = 0 (Mads)

 Lower Radial Cutoff = maximum of -1.60*L*h &       0.0 fm.,  Lower Cutoff for Couplings =   0.0  fm.


 Iterate Couplings between   0 and   0 times, to  0.000 % if sooner.                                          
  Block solved exactly =   0 chs., with Pade = 0 & Isocen =  =0, NOSOL = F, initwf =  0
  NL quadrature with   18 Gaussian points, Calculate multipoles up to   156 from   0
  M-transfers for lp+lt greater than or equal to  6, Angular Integration Cutoff below  2.7778 %


 Trace switches are :  CHANS =  0, LISTCC =  0, TRENEG =  0, CDETR =  0, SMATS =  0, XSTABL =  0, NLPL =  0

                       WAVES =  0, LAMPL =  0, VEFF =  0, KFUS =  0, WDISK =  0, BPM =  0, MELFIL =  0

                       CDCC =  0, NFUS =  0

 Using unit mass = 1.000000 amu and 1/fine-structure constant = 137.03599 ( 1.000000 * true ) with hc = 197.32705 MeV.fm,
  thus 2*amu/hbar^2 = 0.0478450 = 1/20.9008 and Coulomb constant = 0.1574855 so e^2 = 1.43997, and nuclear magneton= 0.1261183

 Now pre-scan input and save to file 3



 *********** PARTITION NUMBER  1 ******************************************************************************************

   PROJ=7Li        MASS=  7.0000 Z=   3.0,        # STATES=    1T, TARG=p        MASS=  1.0000 Z=   1.0,     Q-VALUE =   0.0000 MEV.

     1:  J= 1.5+ (B# 1), E=  0.0000, K= 0.5              Potl#  1       J= 0.5+ (B# 1), E=  0.0000, K= 0.5    


 ************************************************************************************************************************************

 The following POTENTIALS are defined :

  KP#       TYPE      IT    SHAPE      at     V1        r1        a1        V2        r2        a2        A-in     A-used


                                            A#1       A#2        r0c       ac                                                h @ 1
    1    0=Coulomb       0=CHARGE (WS)  1     1.000     1.000    3.6412    0.0000    0.0000    0.0000     0.000     8.000   0.04000

    1    1=Volume        0=Woods-Saxon  2   70.0000    1.2500    0.6500   15.0000    1.2500    0.6500     0.000     8.000

    1    2=Surface       0=Woods-Saxon  3    0.0000    0.0000    0.0000    5.0000    1.3000    0.6500     0.000     8.000

    1    3=Projtl S.O.   0=Woods-Saxon  4    3.0000    1.0000    0.6500    0.0000    0.0000    0.0000     0.000     8.000

 Incoming partition  1 in excitation state # 1,   Laboratory Energy given for partition  1 Nucleus 1 in Excitation pair 1

0Lab. ENERGY ranges :

   from    335.000     to   0.00000     in     0 intervals
   from    0.00000     to   0.00000     in     0 intervals
   from    0.00000     to   0.00000     in     0 intervals

 Largest real,imaginary parts of any form factor at R=   49.60 are   2.90E-02  7.91E-31 MeV
 Finished all Couplings @    0.00000000               4

 Symmetric Hamiltonian
1***********************************************************************************************************************************
************************************************************************************************************************************

        INCOMING 7Li      ;    LABORATORY 7Li      ENERGY =   335.00     MeV.

 ***********************************************************************************************************************************
 ***********************************************************************************************************************************


  NOTE: Coulomb excitation cut off below   0.052 deg by JTMAX, and below   0.118 deg by Rmax

 Allocate arrays for            4  channels, of which            1  need wfs.
 Allocate arrays for            4  channels, of which            3  need wfs.
 Allocate arrays for            4  channels, of which            4  need wfs.
 Reaction Xsec     8.0-/ 7 @ 1 =   2.186 , Out:   0.000#
 Reaction Xsec     8.0-/ 7 @ 2 =   2.248 , Out:   0.000#
 Reaction Xsec     8.0-/ 9 @ 3 =   0.255 , Out:   0.000#
 Reaction Xsec     8.0-/ 9 @ 4 =   0.256 , Out:   0.000#
 Reaction Xsec     9.0+/ 8 @ 1 =   0.836 , Out:   0.000#
 Reaction Xsec     9.0+/ 8 @ 2 =   0.845 , Out:   0.000#
 Reaction Xsec     9.0+/10 @ 3 =   0.099 , Out:   0.000#
 Reaction Xsec     9.0+/10 @ 4 =   0.099 , Out:   0.000#
 Reaction Xsec     9.0-/ 7 @ 1 =   2.512 , Out:   0.000#
 Reaction Xsec     9.0-/ 9 @ 2 =   0.286 , Out:   0.000#
 Reaction Xsec     9.0-/ 9 @ 3 =   0.288 , Out:   0.000#
 Reaction Xsec     9.0-/11 @ 4 =   0.034 , Out:   0.000#
 Finished all CC sets @    1.56250000E-02
0CUMULATIVE REACTION cross section                 =  546.08370  <L> =     4.06  <L**2> =     19.8
0CUMULATIVE outgoing cross sections in partition 1 :    0.00000
0Cumulative ABSORBTION by Imaginary Potentials     =  546.08370  <L> =     4.06  <L**2> =     19.8
   Fusion for specific 7Li      M-states :  522.293519  537.695352  537.695352  522.293519

0CUMULATIVE OUTGOING cross section                 =    0.00000
 To convert to S-factors (MeV.mb = keV.b),  multiply by  6.4315E+01


 CROSS SECTIONS FOR OUTGOING 7Li      & p        in state #   1 with spins & parities 1.5  + &  0.5  +;  0

     0.01 deg.: X-S =   1.1469E+14 mb/sr,
+                                         /R =   9.9999E-01
     1.00 deg.: X-S =   1.0982E+06 mb/sr,
+                                         /R =   9.5746E-01
     2.00 deg.: X-S =   6.2562E+04 mb/sr,
+                                         /R =   8.7261E-01
     3.00 deg.: X-S =   1.1530E+04 mb/sr,
+                                         /R =   8.1394E-01
     4.00 deg.: X-S =  3917.407979 mb/sr,
+                                         /R =   8.7369E-01
     5.00 deg.: X-S =  2141.586680 mb/sr,
+                                         /R =   1.1656E+00
     6.00 deg.: X-S =  1611.245788 mb/sr,
+                                         /R =   1.8174E+00
     7.00 deg.: X-S =  1418.233534 mb/sr,
+                                         /R =   2.9616E+00
     8.00 deg.: X-S =  1327.392887 mb/sr,
+                                         /R =   4.7252E+00
     9.00 deg.: X-S =  1267.105309 mb/sr,
+                                         /R =   7.2189E+00
    10.00 deg.: X-S =  1213.559480 mb/sr,
+                                         /R =   1.0528E+01
    11.00 deg.: X-S =  1158.785273 mb/sr,
+                                         /R =   1.4702E+01
    12.00 deg.: X-S =  1100.516560 mb/sr,
+                                         /R =   1.9752E+01
    13.00 deg.: X-S =  1038.635438 mb/sr,
+                                         /R =   2.5644E+01
    14.00 deg.: X-S =   973.828613 mb/sr,
+                                         /R =   3.2296E+01
    15.00 deg.: X-S =   907.051280 mb/sr,
+                                         /R =   3.9583E+01
    16.00 deg.: X-S =   839.304934 mb/sr,
+                                         /R =   4.7340E+01
    17.00 deg.: X-S =   771.543219 mb/sr,
+                                         /R =   5.5367E+01
    18.00 deg.: X-S =   704.632026 mb/sr,
+                                         /R =   6.3442E+01
    19.00 deg.: X-S =   639.333327 mb/sr,
+                                         /R =   7.1326E+01
    20.00 deg.: X-S =   576.299841 mb/sr,
+                                         /R =   7.8779E+01
    21.00 deg.: X-S =   516.074951 mb/sr,
+                                         /R =   8.5571E+01
    22.00 deg.: X-S =   459.095464 mb/sr,
+                                         /R =   9.1492E+01
    23.00 deg.: X-S =   405.696157 mb/sr,
+                                         /R =   9.6362E+01
    24.00 deg.: X-S =   356.115607 mb/sr,
+                                         /R =   1.0004E+02
    25.00 deg.: X-S =   310.503053 mb/sr,
+                                         /R =   1.0245E+02
    26.00 deg.: X-S =   268.926085 mb/sr,
+                                         /R =   1.0353E+02
    27.00 deg.: X-S =   231.378987 mb/sr,
+                                         /R =   1.0331E+02
    28.00 deg.: X-S =   197.791550 mb/sr,
+                                         /R =   1.0186E+02
    29.00 deg.: X-S =   168.038164 mb/sr,
+                                         /R =   9.9286E+01
    30.00 deg.: X-S =   141.946982 mb/sr,
+                                         /R =   9.5762E+01
    31.00 deg.: X-S =   119.308972 mb/sr,
+                                         /R =   9.1485E+01
    32.00 deg.: X-S =    99.886677 mb/sr,
+                                         /R =   8.6685E+01
    33.00 deg.: X-S =    83.422515 mb/sr,
+                                         /R =   8.1608E+01
    34.00 deg.: X-S =    69.646476 mb/sr,
+                                         /R =   7.6511E+01
    35.00 deg.: X-S =    58.283117 mb/sr,
+                                         /R =   7.1646E+01
    36.00 deg.: X-S =    49.057764 mb/sr,
+                                         /R =   6.7254E+01
    37.00 deg.: X-S =    41.701865 mb/sr,
+                                         /R =   6.3554E+01
    38.00 deg.: X-S =    35.957477 mb/sr,
+                                         /R =   6.0735E+01
    39.00 deg.: X-S =    31.580887 mb/sr,
+                                         /R =   5.8951E+01
    40.00 deg.: X-S =    28.345387 mb/sr,
+                                         /R =   5.8314E+01
    41.00 deg.: X-S =    26.043259 mb/sr,
+                                         /R =   5.8895E+01
    42.00 deg.: X-S =    24.487023 mb/sr,
+                                         /R =   6.0721E+01
    43.00 deg.: X-S =    23.510026 mb/sr,
+                                         /R =   6.3773E+01
    44.00 deg.: X-S =    22.966463 mb/sr,
+                                         /R =   6.7995E+01
    45.00 deg.: X-S =    22.730893 mb/sr,
+                                         /R =   7.3292E+01
    46.00 deg.: X-S =    22.697377 mb/sr,
+                                         /R =   7.9537E+01
    47.00 deg.: X-S =    22.778279 mb/sr,
+                                         /R =   8.6577E+01
    48.00 deg.: X-S =    22.902855 mb/sr,
+                                         /R =   9.4238E+01
    49.00 deg.: X-S =    23.015670 mb/sr,
+                                         /R =   1.0233E+02
    50.00 deg.: X-S =    23.074938 mb/sr,
+                                         /R =   1.1067E+02
    51.00 deg.: X-S =    23.050826 mb/sr,
+                                         /R =   1.1904E+02
    52.00 deg.: X-S =    22.923779 mb/sr,
+                                         /R =   1.2727E+02
    53.00 deg.: X-S =    22.682908 mb/sr,
+                                         /R =   1.3517E+02
    54.00 deg.: X-S =    22.324467 mb/sr,
+                                         /R =   1.4258E+02
    55.00 deg.: X-S =    21.850448 mb/sr,
+                                         /R =   1.4934E+02
    56.00 deg.: X-S =    21.267307 mb/sr,
+                                         /R =   1.5532E+02
    57.00 deg.: X-S =    20.584824 mb/sr,
+                                         /R =   1.6043E+02
    58.00 deg.: X-S =    19.815116 mb/sr,
+                                         /R =   1.6458E+02
    59.00 deg.: X-S =    18.971778 mb/sr,
+                                         /R =   1.6771E+02
    60.00 deg.: X-S =    18.069174 mb/sr,
+                                         /R =   1.6979E+02
    61.00 deg.: X-S =    17.121840 mb/sr,
+                                         /R =   1.7081E+02
    62.00 deg.: X-S =    16.144016 mb/sr,
+                                         /R =   1.7079E+02
    63.00 deg.: X-S =    15.149277 mb/sr,
+                                         /R =   1.6975E+02
    64.00 deg.: X-S =    14.150258 mb/sr,
+                                         /R =   1.6776E+02
    65.00 deg.: X-S =    13.158460 mb/sr,
+                                         /R =   1.6487E+02
    66.00 deg.: X-S =    12.184125 mb/sr,
+                                         /R =   1.6118E+02
    67.00 deg.: X-S =    11.236169 mb/sr,
+                                         /R =   1.5677E+02
    68.00 deg.: X-S =    10.322163 mb/sr,
+                                         /R =   1.5174E+02
    69.00 deg.: X-S =     9.448346 mb/sr,
+                                         /R =   1.4620E+02
    70.00 deg.: X-S =     8.619675 mb/sr,
+                                         /R =   1.4026E+02
    71.00 deg.: X-S =     7.839892 mb/sr,
+                                         /R =   1.3403E+02
    72.00 deg.: X-S =     7.111612 mb/sr,
+                                         /R =   1.2762E+02
    73.00 deg.: X-S =     6.436411 mb/sr,
+                                         /R =   1.2114E+02
    74.00 deg.: X-S =     5.814934 mb/sr,
+                                         /R =   1.1468E+02
    75.00 deg.: X-S =     5.246999 mb/sr,
+                                         /R =   1.0834E+02
    76.00 deg.: X-S =     4.731700 mb/sr,
+                                         /R =   1.0220E+02
    77.00 deg.: X-S =     4.267511 mb/sr,
+                                         /R =   9.6351E+01
    78.00 deg.: X-S =     3.852387 mb/sr,
+                                         /R =   9.0845E+01
    79.00 deg.: X-S =     3.483861 mb/sr,
+                                         /R =   8.5741E+01
    80.00 deg.: X-S =     3.159130 mb/sr,
+                                         /R =   8.1081E+01
    81.00 deg.: X-S =     2.875144 mb/sr,
+                                         /R =   7.6899E+01
    82.00 deg.: X-S =     2.628680 mb/sr,
+                                         /R =   7.3214E+01
    83.00 deg.: X-S =     2.416415 mb/sr,
+                                         /R =   7.0035E+01
    84.00 deg.: X-S =     2.234989 mb/sr,
+                                         /R =   6.7360E+01
    85.00 deg.: X-S =     2.081065 mb/sr,
+                                         /R =   6.5178E+01
    86.00 deg.: X-S =     1.951372 mb/sr,
+                                         /R =   6.3468E+01
    87.00 deg.: X-S =     1.842757 mb/sr,
+                                         /R =   6.2201E+01
    88.00 deg.: X-S =     1.752213 mb/sr,
+                                         /R =   6.1342E+01
    89.00 deg.: X-S =     1.676914 mb/sr,
+                                         /R =   6.0847E+01
    90.00 deg.: X-S =     1.614236 mb/sr,
+                                         /R =   6.0672E+01
    91.00 deg.: X-S =     1.561772 mb/sr,
+                                         /R =   6.0767E+01
    92.00 deg.: X-S =     1.517347 mb/sr,
+                                         /R =   6.1081E+01
    93.00 deg.: X-S =     1.479022 mb/sr,
+                                         /R =   6.1561E+01
    94.00 deg.: X-S =     1.445093 mb/sr,
+                                         /R =   6.2157E+01
    95.00 deg.: X-S =     1.414093 mb/sr,
+                                         /R =   6.2818E+01
    96.00 deg.: X-S =     1.384780 mb/sr,
+                                         /R =   6.3498E+01
    97.00 deg.: X-S =     1.356130 mb/sr,
+                                         /R =   6.4152E+01
    98.00 deg.: X-S =     1.327322 mb/sr,
+                                         /R =   6.4741E+01
    99.00 deg.: X-S =     1.297726 mb/sr,
+                                         /R =   6.5230E+01
   100.00 deg.: X-S =     1.266885 mb/sr,
+                                         /R =   6.5590E+01
   101.00 deg.: X-S =     1.234496 mb/sr,
+                                         /R =   6.5796E+01
   102.00 deg.: X-S =     1.200395 mb/sr,
+                                         /R =   6.5829E+01
   103.00 deg.: X-S =     1.164537 mb/sr,
+                                         /R =   6.5677E+01
   104.00 deg.: X-S =     1.126977 mb/sr,
+                                         /R =   6.5332E+01
   105.00 deg.: X-S =     1.087853 mb/sr,
+                                         /R =   6.4792E+01
   106.00 deg.: X-S =     1.047371 mb/sr,
+                                         /R =   6.4059E+01
   107.00 deg.: X-S =     1.005782 mb/sr,
+                                         /R =   6.3140E+01
   108.00 deg.: X-S =     0.963376 mb/sr,
+                                         /R =   6.2045E+01
   109.00 deg.: X-S =     0.920460 mb/sr,
+                                         /R =   6.0790E+01
   110.00 deg.: X-S =     0.877352 mb/sr,
+                                         /R =   5.9390E+01
   111.00 deg.: X-S =     0.834363 mb/sr,
+                                         /R =   5.7865E+01
   112.00 deg.: X-S =     0.791797 mb/sr,
+                                         /R =   5.6233E+01
   113.00 deg.: X-S =     0.749935 mb/sr,
+                                         /R =   5.4517E+01
   114.00 deg.: X-S =     0.709033 mb/sr,
+                                         /R =   5.2737E+01
   115.00 deg.: X-S =     0.669316 mb/sr,
+                                         /R =   5.0913E+01
   116.00 deg.: X-S =     0.630977 mb/sr,
+                                         /R =   4.9066E+01
   117.00 deg.: X-S =     0.594174 mb/sr,
+                                         /R =   4.7213E+01
   118.00 deg.: X-S =     0.559030 mb/sr,
+                                         /R =   4.5371E+01
   119.00 deg.: X-S =     0.525633 mb/sr,
+                                         /R =   4.3556E+01
   120.00 deg.: X-S =     0.494042 mb/sr,
+                                         /R =   4.1780E+01
   121.00 deg.: X-S =     0.464283 mb/sr,
+                                         /R =   4.0055E+01
   122.00 deg.: X-S =     0.436358 mb/sr,
+                                         /R =   3.8389E+01
   123.00 deg.: X-S =     0.410246 mb/sr,
+                                         /R =   3.6789E+01
   124.00 deg.: X-S =     0.385907 mb/sr,
+                                         /R =   3.5262E+01
   125.00 deg.: X-S =     0.363285 mb/sr,
+                                         /R =   3.3810E+01
   126.00 deg.: X-S =     0.342314 mb/sr,
+                                         /R =   3.2436E+01
   127.00 deg.: X-S =     0.322918 mb/sr,
+                                         /R =   3.1142E+01
   128.00 deg.: X-S =     0.305018 mb/sr,
+                                         /R =   2.9926E+01
   129.00 deg.: X-S =     0.288530 mb/sr,
+                                         /R =   2.8789E+01
   130.00 deg.: X-S =     0.273372 mb/sr,
+                                         /R =   2.7729E+01
   131.00 deg.: X-S =     0.259461 mb/sr,
+                                         /R =   2.6745E+01
   132.00 deg.: X-S =     0.246719 mb/sr,
+                                         /R =   2.5835E+01
   133.00 deg.: X-S =     0.235071 mb/sr,
+                                         /R =   2.4996E+01
   134.00 deg.: X-S =     0.224447 mb/sr,
+                                         /R =   2.4227E+01
   135.00 deg.: X-S =     0.214783 mb/sr,
+                                         /R =   2.3526E+01
   136.00 deg.: X-S =     0.206020 mb/sr,
+                                         /R =   2.2890E+01
   137.00 deg.: X-S =     0.198105 mb/sr,
+                                         /R =   2.2320E+01
   138.00 deg.: X-S =     0.190994 mb/sr,
+                                         /R =   2.1813E+01
   139.00 deg.: X-S =     0.184645 mb/sr,
+                                         /R =   2.1368E+01
   140.00 deg.: X-S =     0.179025 mb/sr,
+                                         /R =   2.0987E+01
   141.00 deg.: X-S =     0.174108 mb/sr,
+                                         /R =   2.0667E+01
   142.00 deg.: X-S =     0.169870 mb/sr,
+                                         /R =   2.0412E+01
   143.00 deg.: X-S =     0.166295 mb/sr,
+                                         /R =   2.0220E+01
   144.00 deg.: X-S =     0.163373 mb/sr,
+                                         /R =   2.0095E+01
   145.00 deg.: X-S =     0.161095 mb/sr,
+                                         /R =   2.0037E+01
   146.00 deg.: X-S =     0.159456 mb/sr,
+                                         /R =   2.0050E+01
   147.00 deg.: X-S =     0.158455 mb/sr,
+                                         /R =   2.0134E+01
   148.00 deg.: X-S =     0.158091 mb/sr,
+                                         /R =   2.0293E+01
   149.00 deg.: X-S =     0.158363 mb/sr,
+                                         /R =   2.0529E+01
   150.00 deg.: X-S =     0.159269 mb/sr,
+                                         /R =   2.0844E+01
   151.00 deg.: X-S =     0.160807 mb/sr,
+                                         /R =   2.1240E+01
   152.00 deg.: X-S =     0.162969 mb/sr,
+                                         /R =   2.1717E+01
   153.00 deg.: X-S =     0.165745 mb/sr,
+                                         /R =   2.2277E+01
   154.00 deg.: X-S =     0.169121 mb/sr,
+                                         /R =   2.2918E+01
   155.00 deg.: X-S =     0.173077 mb/sr,
+                                         /R =   2.3640E+01
   156.00 deg.: X-S =     0.177587 mb/sr,
+                                         /R =   2.4441E+01
   157.00 deg.: X-S =     0.182619 mb/sr,
+                                         /R =   2.5316E+01
   158.00 deg.: X-S =     0.188138 mb/sr,
+                                         /R =   2.6263E+01
   159.00 deg.: X-S =     0.194099 mb/sr,
+                                         /R =   2.7275E+01
   160.00 deg.: X-S =     0.200456 mb/sr,
+                                         /R =   2.8347E+01
   161.00 deg.: X-S =     0.207154 mb/sr,
+                                         /R =   2.9470E+01
   162.00 deg.: X-S =     0.214135 mb/sr,
+                                         /R =   3.0637E+01
   163.00 deg.: X-S =     0.221337 mb/sr,
+                                         /R =   3.1838E+01
   164.00 deg.: X-S =     0.228694 mb/sr,
+                                         /R =   3.3063E+01
   165.00 deg.: X-S =     0.236134 mb/sr,
+                                         /R =   3.4302E+01
   166.00 deg.: X-S =     0.243587 mb/sr,
+                                         /R =   3.5542E+01
   167.00 deg.: X-S =     0.250977 mb/sr,
+                                         /R =   3.6772E+01
   168.00 deg.: X-S =     0.258227 mb/sr,
+                                         /R =   3.7979E+01
   169.00 deg.: X-S =     0.265263 mb/sr,
+                                         /R =   3.9151E+01
   170.00 deg.: X-S =     0.272006 mb/sr,
+                                         /R =   4.0275E+01
   171.00 deg.: X-S =     0.278382 mb/sr,
+                                         /R =   4.1339E+01
   172.00 deg.: X-S =     0.284317 mb/sr,
+                                         /R =   4.2330E+01
   173.00 deg.: X-S =     0.289741 mb/sr,
+                                         /R =   4.3237E+01
   174.00 deg.: X-S =     0.294590 mb/sr,
+                                         /R =   4.4047E+01
   175.00 deg.: X-S =     0.298802 mb/sr,
+                                         /R =   4.4752E+01
   176.00 deg.: X-S =     0.302326 mb/sr,
+                                         /R =   4.5342E+01
   177.00 deg.: X-S =     0.305115 mb/sr,
+                                         /R =   4.5809E+01
   178.00 deg.: X-S =     0.307134 mb/sr,
+                                         /R =   4.6147E+01
   179.00 deg.: X-S =     0.308357 mb/sr,
+                                         /R =   4.6352E+01
   179.99 deg.: X-S =     0.308766 mb/sr,
+                                         /R =   4.6421E+01
                                           Integrated********** mb, over [   0.000, 180.000] at   335.0000 MeV 
 Finished all xsecs @    4.68750000E-02

  The following files have been created:
   3:local copy of User input.            6:standard output.                   
  13:total cross sections/state.         39:cross sections for each Ecm.       
  40:all cross sectns. for each Elab.    56:Fusion for each Jtotal.            

 PARAMETERS : MAXQRN   MFNL   MLOC  LMAX1 MCLIST
    ALLOWED :      1     16      4    170      6
    REQUIRED:      0      0      4     12      4


 ACCURACY ANALYSIS at   335.000 MeV :

  Elastic h*k = 0.053 so OK       compared with 0.200

   Real(S-el) > 0.01 first at J =       1.0
   Real(S-el) > 0.10 first at J =       2.0
   Real(S-el) > 0.50 first at J =       3.0
   Real(S-el) > 0.90 first at J =       4.0
   Real(S-el) > 0.99 first at J =       6.0
   R-turn =     7.22 fm    at J =       9.0

 Forward-angle excitation cut off below   0.824 deg by max JT =       9.0
                              and below   0.118 deg by max R.

 Total CPU  0 time =       0.05 seconds
