 FRESCO - FRES 3.4: Coupled Reaction Channels
 Assuming NAMELIST input.

 Test reaction with generated potential                                          

   0.040  50.000   0.500   0.000   0.000   0.000   0.000   0.000   0.000   0.000

 Centre-of-mass Range is   1252 * 0.0400 fm., Maximum at  50.00 fm., Interpolating NL forms every  0.52 fm.
 Non - locality width is      4 * 0.0400 fm., Maximum of   0.12 fm., Centred at  0.00 fm.
 2-Nucleon Separation of      0 * 0.5200 fm., Maximum of   0.00 fm., Minimum at  0.00 fm.
 Maximum single particle bins of 49.9200 fm.
               M,Mint =         1251        1249


 Range of total J is     0.0 <= J <=   150.0 (at least     0.0) and Absorbtion =>     0.1000 mb.
 Dry Run = F, CC set limits =  0  0, Relativistic kinematics =  , Both/Far/Near Analyses =  1                     

 Cross Sections (and up to T0 for 0=projectile) for Theta from   0.0 to 180.0 in steps of  1.0 degrees, DGAM=0,  Coordinates = 0 (Mads)

 Lower Radial Cutoff = maximum of -1.60*L*h &       0.0 fm.,  Lower Cutoff for Couplings =   0.0  fm.


 Iterate Couplings between   0 and   0 times, to  0.000 % if sooner.                                          
  Block solved exactly =   0 chs., with Pade = 0 & Isocen =  =0, NOSOL = F, initwf =  0
  NL quadrature with   18 Gaussian points, Calculate multipoles up to   156 from   0
  M-transfers for lp+lt greater than or equal to  6, Angular Integration Cutoff below  2.7778 %


 Trace switches are :  CHANS =  0, LISTCC =  0, TRENEG =  0, CDETR =  0, SMATS =  0, XSTABL =  0, NLPL =  0

                       WAVES =  0, LAMPL =  0, VEFF =  0, KFUS =  0, WDISK =  0, BPM =  0, MELFIL =  0

                       CDCC =  0, NFUS =  0

 Using unit mass = 1.000000 amu and 1/fine-structure constant = 137.03599 ( 1.000000 * true ) with hc = 197.32705 MeV.fm,
  thus 2*amu/hbar^2 = 0.0478450 = 1/20.9008 and Coulomb constant = 0.1574855 so e^2 = 1.43997, and nuclear magneton= 0.1261183

 Now pre-scan input and save to file 3



 *********** PARTITION NUMBER  1 ******************************************************************************************

   PROJ=7Li        MASS=  7.0000 Z=   3.0,        # STATES=    1T, TARG=p        MASS=  1.0000 Z=   1.0,     Q-VALUE =   0.0000 MEV.

     1:  J= 1.5+ (B# 1), E=  0.0000, K= 0.5              Potl#  1       J= 0.5+ (B# 1), E=  0.0000, K= 0.5    


 ************************************************************************************************************************************

 The following POTENTIALS are defined :

  KP#       TYPE      IT    SHAPE      at     V1        r1        a1        V2        r2        a2        A-in     A-used


                                            A#1       A#2        r0c       ac                                                h @ 1
    1    0=Coulomb       0=CHARGE (WS)  1     1.000     1.000    3.6412    0.0000    0.0000    0.0000     0.000     8.000   0.04000

    1    1=Volume        0=Woods-Saxon  2   70.0000    1.2500    0.6500   15.0000    1.2500    0.6500     0.000     8.000

    1    2=Surface       0=Woods-Saxon  3    0.0000    0.0000    0.0000    5.0000    1.3000    0.6500     0.000     8.000

    1    3=Projtl S.O.   0=Woods-Saxon  4    3.0000    1.0000    0.6500    0.0000    0.0000    0.0000     0.000     8.000

 Incoming partition  1 in excitation state # 1,   Laboratory Energy given for partition  1 Nucleus 1 in Excitation pair 1

0Lab. ENERGY ranges :

   from    220.000     to   0.00000     in     0 intervals
   from    0.00000     to   0.00000     in     0 intervals
   from    0.00000     to   0.00000     in     0 intervals

 Largest real,imaginary parts of any form factor at R=   49.60 are   2.90E-02  7.91E-31 MeV
 Finished all Couplings @    1.56250000E-02           4

 Symmetric Hamiltonian
1***********************************************************************************************************************************
************************************************************************************************************************************

        INCOMING 7Li      ;    LABORATORY 7Li      ENERGY =   220.00     MeV.

 ***********************************************************************************************************************************
 ***********************************************************************************************************************************


  NOTE: Coulomb excitation cut off below   0.064 deg by JTMAX, and below   0.180 deg by Rmax

 Allocate arrays for            4  channels, of which            1  need wfs.
 Allocate arrays for            4  channels, of which            3  need wfs.
 Allocate arrays for            4  channels, of which            4  need wfs.
 Reaction Xsec     8.0+/ 6 @ 1 =   2.722 , Out:   0.000#
 Reaction Xsec     8.0+/ 8 @ 2 =   0.195 , Out:   0.000#
 Reaction Xsec     8.0+/ 8 @ 3 =   0.195 , Out:   0.000#
 Reaction Xsec     8.0+/10 @ 4 =   0.015 , Out:   0.000#
 Reaction Xsec     8.0-/ 7 @ 1 =   0.712 , Out:   0.000#
 Reaction Xsec     8.0-/ 7 @ 2 =   0.720 , Out:   0.000#
 Reaction Xsec     8.0-/ 9 @ 3 =   0.054 , Out:   0.000#
 Reaction Xsec     8.0-/ 9 @ 4 =   0.054 , Out:   0.000#
 Finished all CC sets @    3.12500000E-02
0CUMULATIVE REACTION cross section                 =  631.05826  <L> =     3.53  <L**2> =     15.0
0CUMULATIVE outgoing cross sections in partition 1 :    0.00000
0Cumulative ABSORBTION by Imaginary Potentials     =  631.05826  <L> =     3.53  <L**2> =     15.0
   Fusion for specific 7Li      M-states :  593.759931  618.098526  618.098526  593.759931

0CUMULATIVE OUTGOING cross section                 =    0.00000
 To convert to S-factors (MeV.mb = keV.b),  multiply by  4.6698E+01


 CROSS SECTIONS FOR OUTGOING 7Li      & p        in state #   1 with spins & parities 1.5  + &  0.5  +;  0

     0.01 deg.: X-S =   2.6593E+14 mb/sr,
+                                         /R =   1.0000E+00
     1.00 deg.: X-S =   2.5932E+06 mb/sr,
+                                         /R =   9.7510E-01
     2.00 deg.: X-S =   1.5334E+05 mb/sr,
+                                         /R =   9.2238E-01
     3.00 deg.: X-S =   2.8536E+04 mb/sr,
+                                         /R =   8.6879E-01
     4.00 deg.: X-S =  8798.864507 mb/sr,
+                                         /R =   8.4633E-01
     5.00 deg.: X-S =  3806.704894 mb/sr,
+                                         /R =   8.9352E-01
     6.00 deg.: X-S =  2166.874682 mb/sr,
+                                         /R =   1.0541E+00
     7.00 deg.: X-S =  1526.597501 mb/sr,
+                                         /R =   1.3749E+00
     8.00 deg.: X-S =  1239.842252 mb/sr,
+                                         /R =   1.9035E+00
     9.00 deg.: X-S =  1092.901909 mb/sr,
+                                         /R =   2.6853E+00
    10.00 deg.: X-S =  1005.294126 mb/sr,
+                                         /R =   3.7611E+00
    11.00 deg.: X-S =   943.779175 mb/sr,
+                                         /R =   5.1642E+00
    12.00 deg.: X-S =   893.726617 mb/sr,
+                                         /R =   6.9180E+00
    13.00 deg.: X-S =   848.453245 mb/sr,
+                                         /R =   9.0345E+00
    14.00 deg.: X-S =   804.889327 mb/sr,
+                                         /R =   1.1512E+01
    15.00 deg.: X-S =   761.688523 mb/sr,
+                                         /R =   1.4335E+01
    16.00 deg.: X-S =   718.354518 mb/sr,
+                                         /R =   1.7474E+01
    17.00 deg.: X-S =   674.817499 mb/sr,
+                                         /R =   2.0885E+01
    18.00 deg.: X-S =   631.220166 mb/sr,
+                                         /R =   2.4510E+01
    19.00 deg.: X-S =   587.805718 mb/sr,
+                                         /R =   2.8282E+01
    20.00 deg.: X-S =   544.857402 mb/sr,
+                                         /R =   3.2122E+01
    21.00 deg.: X-S =   502.665038 mb/sr,
+                                         /R =   3.5946E+01
    22.00 deg.: X-S =   461.506123 mb/sr,
+                                         /R =   3.9665E+01
    23.00 deg.: X-S =   421.635109 mb/sr,
+                                         /R =   4.3191E+01
    24.00 deg.: X-S =   383.277392 mb/sr,
+                                         /R =   4.6437E+01
    25.00 deg.: X-S =   346.626176 mb/sr,
+                                         /R =   4.9323E+01
    26.00 deg.: X-S =   311.841138 mb/sr,
+                                         /R =   5.1776E+01
    27.00 deg.: X-S =   279.048311 mb/sr,
+                                         /R =   5.3735E+01
    28.00 deg.: X-S =   248.340808 mb/sr,
+                                         /R =   5.5155E+01
    29.00 deg.: X-S =   219.780175 mb/sr,
+                                         /R =   5.6005E+01
    30.00 deg.: X-S =   193.398194 mb/sr,
+                                         /R =   5.6270E+01
    31.00 deg.: X-S =   169.199053 mb/sr,
+                                         /R =   5.5954E+01
    32.00 deg.: X-S =   147.161763 mb/sr,
+                                         /R =   5.5079E+01
    33.00 deg.: X-S =   127.242772 mb/sr,
+                                         /R =   5.3683E+01
    34.00 deg.: X-S =   109.378693 mb/sr,
+                                         /R =   5.1822E+01
    35.00 deg.: X-S =    93.489083 mb/sr,
+                                         /R =   4.9564E+01
    36.00 deg.: X-S =    79.479239 mb/sr,
+                                         /R =   4.6992E+01
    37.00 deg.: X-S =    67.242940 mb/sr,
+                                         /R =   4.4197E+01
    38.00 deg.: X-S =    56.665098 mb/sr,
+                                         /R =   4.1278E+01
    39.00 deg.: X-S =    47.624287 mb/sr,
+                                         /R =   3.8340E+01
    40.00 deg.: X-S =    39.995111 mb/sr,
+                                         /R =   3.5486E+01
    41.00 deg.: X-S =    33.650382 mb/sr,
+                                         /R =   3.2819E+01
    42.00 deg.: X-S =    28.463102 mb/sr,
+                                         /R =   3.0440E+01
    43.00 deg.: X-S =    24.308217 mb/sr,
+                                         /R =   2.8438E+01
    44.00 deg.: X-S =    21.064151 mb/sr,
+                                         /R =   2.6896E+01
    45.00 deg.: X-S =    18.614108 mb/sr,
+                                         /R =   2.5884E+01
    46.00 deg.: X-S =    16.847146 mb/sr,
+                                         /R =   2.5461E+01
    47.00 deg.: X-S =    15.659030 mb/sr,
+                                         /R =   2.5669E+01
    48.00 deg.: X-S =    14.952880 mb/sr,
+                                         /R =   2.6535E+01
    49.00 deg.: X-S =    14.639611 mb/sr,
+                                         /R =   2.8072E+01
    50.00 deg.: X-S =    14.638204 mb/sr,
+                                         /R =   3.0277E+01
    51.00 deg.: X-S =    14.875804 mb/sr,
+                                         /R =   3.3133E+01
    52.00 deg.: X-S =    15.287675 mb/sr,
+                                         /R =   3.6606E+01
    53.00 deg.: X-S =    15.817029 mb/sr,
+                                         /R =   4.0651E+01
    54.00 deg.: X-S =    16.414752 mb/sr,
+                                         /R =   4.5213E+01
    55.00 deg.: X-S =    17.039036 mb/sr,
+                                         /R =   5.0223E+01
    56.00 deg.: X-S =    17.654949 mb/sr,
+                                         /R =   5.5609E+01
    57.00 deg.: X-S =    18.233944 mb/sr,
+                                         /R =   6.1287E+01
    58.00 deg.: X-S =    18.753339 mb/sr,
+                                         /R =   6.7174E+01
    59.00 deg.: X-S =    19.195777 mb/sr,
+                                         /R =   7.3181E+01
    60.00 deg.: X-S =    19.548668 mb/sr,
+                                         /R =   7.9220E+01
    61.00 deg.: X-S =    19.803645 mb/sr,
+                                         /R =   8.5204E+01
    62.00 deg.: X-S =    19.956023 mb/sr,
+                                         /R =   9.1048E+01
    63.00 deg.: X-S =    20.004282 mb/sr,
+                                         /R =   9.6672E+01
    64.00 deg.: X-S =    19.949576 mb/sr,
+                                         /R =   1.0200E+02
    65.00 deg.: X-S =    19.795277 mb/sr,
+                                         /R =   1.0697E+02
    66.00 deg.: X-S =    19.546544 mb/sr,
+                                         /R =   1.1152E+02
    67.00 deg.: X-S =    19.209935 mb/sr,
+                                         /R =   1.1559E+02
    68.00 deg.: X-S =    18.793063 mb/sr,
+                                         /R =   1.1915E+02
    69.00 deg.: X-S =    18.304277 mb/sr,
+                                         /R =   1.2215E+02
    70.00 deg.: X-S =    17.752391 mb/sr,
+                                         /R =   1.2458E+02
    71.00 deg.: X-S =    17.146443 mb/sr,
+                                         /R =   1.2642E+02
    72.00 deg.: X-S =    16.495499 mb/sr,
+                                         /R =   1.2767E+02
    73.00 deg.: X-S =    15.808472 mb/sr,
+                                         /R =   1.2832E+02
    74.00 deg.: X-S =    15.093990 mb/sr,
+                                         /R =   1.2838E+02
    75.00 deg.: X-S =    14.360280 mb/sr,
+                                         /R =   1.2788E+02
    76.00 deg.: X-S =    13.615082 mb/sr,
+                                         /R =   1.2683E+02
    77.00 deg.: X-S =    12.865580 mb/sr,
+                                         /R =   1.2528E+02
    78.00 deg.: X-S =    12.118358 mb/sr,
+                                         /R =   1.2325E+02
    79.00 deg.: X-S =    11.379376 mb/sr,
+                                         /R =   1.2078E+02
    80.00 deg.: X-S =    10.653948 mb/sr,
+                                         /R =   1.1793E+02
    81.00 deg.: X-S =     9.946746 mb/sr,
+                                         /R =   1.1474E+02
    82.00 deg.: X-S =     9.261807 mb/sr,
+                                         /R =   1.1125E+02
    83.00 deg.: X-S =     8.602553 mb/sr,
+                                         /R =   1.0753E+02
    84.00 deg.: X-S =     7.971811 mb/sr,
+                                         /R =   1.0362E+02
    85.00 deg.: X-S =     7.371847 mb/sr,
+                                         /R =   9.9575E+01
    86.00 deg.: X-S =     6.804399 mb/sr,
+                                         /R =   9.5447E+01
    87.00 deg.: X-S =     6.270709 mb/sr,
+                                         /R =   9.1286E+01
    88.00 deg.: X-S =     5.771570 mb/sr,
+                                         /R =   8.7140E+01
    89.00 deg.: X-S =     5.307357 mb/sr,
+                                         /R =   8.3055E+01
    90.00 deg.: X-S =     4.878072 mb/sr,
+                                         /R =   7.9073E+01
    91.00 deg.: X-S =     4.483384 mb/sr,
+                                         /R =   7.5234E+01
    92.00 deg.: X-S =     4.122663 mb/sr,
+                                         /R =   7.1574E+01
    93.00 deg.: X-S =     3.795022 mb/sr,
+                                         /R =   6.8124E+01
    94.00 deg.: X-S =     3.499354 mb/sr,
+                                         /R =   6.4914E+01
    95.00 deg.: X-S =     3.234362 mb/sr,
+                                         /R =   6.1966E+01
    96.00 deg.: X-S =     2.998594 mb/sr,
+                                         /R =   5.9299E+01
    97.00 deg.: X-S =     2.790476 mb/sr,
+                                         /R =   5.6930E+01
    98.00 deg.: X-S =     2.608337 mb/sr,
+                                         /R =   5.4868E+01
    99.00 deg.: X-S =     2.450434 mb/sr,
+                                         /R =   5.3121E+01
   100.00 deg.: X-S =     2.314982 mb/sr,
+                                         /R =   5.1690E+01
   101.00 deg.: X-S =     2.200170 mb/sr,
+                                         /R =   5.0573E+01
   102.00 deg.: X-S =     2.104182 mb/sr,
+                                         /R =   4.9766E+01
   103.00 deg.: X-S =     2.025219 mb/sr,
+                                         /R =   4.9259E+01
   104.00 deg.: X-S =     1.961506 mb/sr,
+                                         /R =   4.9041E+01
   105.00 deg.: X-S =     1.911314 mb/sr,
+                                         /R =   4.9095E+01
   106.00 deg.: X-S =     1.872966 mb/sr,
+                                         /R =   4.9404E+01
   107.00 deg.: X-S =     1.844850 mb/sr,
+                                         /R =   4.9948E+01
   108.00 deg.: X-S =     1.825426 mb/sr,
+                                         /R =   5.0703E+01
   109.00 deg.: X-S =     1.813233 mb/sr,
+                                         /R =   5.1646E+01
   110.00 deg.: X-S =     1.806894 mb/sr,
+                                         /R =   5.2751E+01
   111.00 deg.: X-S =     1.805121 mb/sr,
+                                         /R =   5.3991E+01
   112.00 deg.: X-S =     1.806718 mb/sr,
+                                         /R =   5.5338E+01
   113.00 deg.: X-S =     1.810581 mb/sr,
+                                         /R =   5.6765E+01
   114.00 deg.: X-S =     1.815702 mb/sr,
+                                         /R =   5.8244E+01
   115.00 deg.: X-S =     1.821166 mb/sr,
+                                         /R =   5.9746E+01
   116.00 deg.: X-S =     1.826155 mb/sr,
+                                         /R =   6.1243E+01
   117.00 deg.: X-S =     1.829941 mb/sr,
+                                         /R =   6.2710E+01
   118.00 deg.: X-S =     1.831890 mb/sr,
+                                         /R =   6.4121E+01
   119.00 deg.: X-S =     1.831456 mb/sr,
+                                         /R =   6.5451E+01
   120.00 deg.: X-S =     1.828183 mb/sr,
+                                         /R =   6.6678E+01
   121.00 deg.: X-S =     1.821697 mb/sr,
+                                         /R =   6.7780E+01
   122.00 deg.: X-S =     1.811708 mb/sr,
+                                         /R =   6.8739E+01
   123.00 deg.: X-S =     1.798003 mb/sr,
+                                         /R =   6.9538E+01
   124.00 deg.: X-S =     1.780447 mb/sr,
+                                         /R =   7.0163E+01
   125.00 deg.: X-S =     1.758976 mb/sr,
+                                         /R =   7.0602E+01
   126.00 deg.: X-S =     1.733595 mb/sr,
+                                         /R =   7.0845E+01
   127.00 deg.: X-S =     1.704375 mb/sr,
+                                         /R =   7.0887E+01
   128.00 deg.: X-S =     1.671447 mb/sr,
+                                         /R =   7.0725E+01
   129.00 deg.: X-S =     1.635002 mb/sr,
+                                         /R =   7.0357E+01
   130.00 deg.: X-S =     1.595284 mb/sr,
+                                         /R =   6.9788E+01
   131.00 deg.: X-S =     1.552584 mb/sr,
+                                         /R =   6.9022E+01
   132.00 deg.: X-S =     1.507243 mb/sr,
+                                         /R =   6.8068E+01
   133.00 deg.: X-S =     1.459639 mb/sr,
+                                         /R =   6.6938E+01
   134.00 deg.: X-S =     1.410187 mb/sr,
+                                         /R =   6.5648E+01
   135.00 deg.: X-S =     1.359334 mb/sr,
+                                         /R =   6.4214E+01
   136.00 deg.: X-S =     1.307552 mb/sr,
+                                         /R =   6.2656E+01
   137.00 deg.: X-S =     1.255333 mb/sr,
+                                         /R =   6.0997E+01
   138.00 deg.: X-S =     1.203185 mb/sr,
+                                         /R =   5.9262E+01
   139.00 deg.: X-S =     1.151623 mb/sr,
+                                         /R =   5.7478E+01
   140.00 deg.: X-S =     1.101168 mb/sr,
+                                         /R =   5.5672E+01
   141.00 deg.: X-S =     1.052335 mb/sr,
+                                         /R =   5.3874E+01
   142.00 deg.: X-S =     1.005630 mb/sr,
+                                         /R =   5.2114E+01
   143.00 deg.: X-S =     0.961545 mb/sr,
+                                         /R =   5.0424E+01
   144.00 deg.: X-S =     0.920549 mb/sr,
+                                         /R =   4.8833E+01
   145.00 deg.: X-S =     0.883084 mb/sr,
+                                         /R =   4.7372E+01
   146.00 deg.: X-S =     0.849556 mb/sr,
+                                         /R =   4.6070E+01
   147.00 deg.: X-S =     0.820334 mb/sr,
+                                         /R =   4.4955E+01
   148.00 deg.: X-S =     0.795741 mb/sr,
+                                         /R =   4.4053E+01
   149.00 deg.: X-S =     0.776051 mb/sr,
+                                         /R =   4.3388E+01
   150.00 deg.: X-S =     0.761485 mb/sr,
+                                         /R =   4.2981E+01
   151.00 deg.: X-S =     0.752205 mb/sr,
+                                         /R =   4.2849E+01
   152.00 deg.: X-S =     0.748314 mb/sr,
+                                         /R =   4.3007E+01
   153.00 deg.: X-S =     0.749852 mb/sr,
+                                         /R =   4.3465E+01
   154.00 deg.: X-S =     0.756794 mb/sr,
+                                         /R =   4.4230E+01
   155.00 deg.: X-S =     0.769052 mb/sr,
+                                         /R =   4.5302E+01
   156.00 deg.: X-S =     0.786471 mb/sr,
+                                         /R =   4.6681E+01
   157.00 deg.: X-S =     0.808836 mb/sr,
+                                         /R =   4.8358E+01
   158.00 deg.: X-S =     0.835867 mb/sr,
+                                         /R =   5.0323E+01
   159.00 deg.: X-S =     0.867229 mb/sr,
+                                         /R =   5.2558E+01
   160.00 deg.: X-S =     0.902528 mb/sr,
+                                         /R =   5.5043E+01
   161.00 deg.: X-S =     0.941323 mb/sr,
+                                         /R =   5.7755E+01
   162.00 deg.: X-S =     0.983126 mb/sr,
+                                         /R =   6.0664E+01
   163.00 deg.: X-S =     1.027410 mb/sr,
+                                         /R =   6.3738E+01
   164.00 deg.: X-S =     1.073613 mb/sr,
+                                         /R =   6.6942E+01
   165.00 deg.: X-S =     1.121150 mb/sr,
+                                         /R =   7.0239E+01
   166.00 deg.: X-S =     1.169415 mb/sr,
+                                         /R =   7.3589E+01
   167.00 deg.: X-S =     1.217792 mb/sr,
+                                         /R =   7.6950E+01
   168.00 deg.: X-S =     1.265661 mb/sr,
+                                         /R =   8.0281E+01
   169.00 deg.: X-S =     1.312408 mb/sr,
+                                         /R =   8.3539E+01
   170.00 deg.: X-S =     1.357432 mb/sr,
+                                         /R =   8.6683E+01
   171.00 deg.: X-S =     1.400152 mb/sr,
+                                         /R =   8.9671E+01
   172.00 deg.: X-S =     1.440016 mb/sr,
+                                         /R =   9.2463E+01
   173.00 deg.: X-S =     1.476508 mb/sr,
+                                         /R =   9.5024E+01
   174.00 deg.: X-S =     1.509155 mb/sr,
+                                         /R =   9.7317E+01
   175.00 deg.: X-S =     1.537533 mb/sr,
+                                         /R =   9.9314E+01
   176.00 deg.: X-S =     1.561272 mb/sr,
+                                         /R =   1.0099E+02
   177.00 deg.: X-S =     1.580065 mb/sr,
+                                         /R =   1.0231E+02
   178.00 deg.: X-S =     1.593667 mb/sr,
+                                         /R =   1.0327E+02
   179.00 deg.: X-S =     1.601899 mb/sr,
+                                         /R =   1.0385E+02
   179.99 deg.: X-S =     1.604655 mb/sr,
+                                         /R =   1.0404E+02
                                           Integrated********** mb, over [   0.000, 180.000] at   220.0000 MeV 
 Finished all xsecs @    4.68750000E-02

  The following files have been created:
   3:local copy of User input.            6:standard output.                   
  13:total cross sections/state.         39:cross sections for each Ecm.       
  40:all cross sectns. for each Elab.    56:Fusion for each Jtotal.            

 PARAMETERS : MAXQRN   MFNL   MLOC  LMAX1 MCLIST
    ALLOWED :      1     16      4    170      6
    REQUIRED:      0      0      4     11      4


 ACCURACY ANALYSIS at   220.000 MeV :

  Elastic h*k = 0.043 so OK       compared with 0.200

   Real(S-el) > 0.01 first at J =       1.0
   Real(S-el) > 0.10 first at J =       1.0
   Real(S-el) > 0.50 first at J =       2.0
   Real(S-el) > 0.90 first at J =       3.0
   Real(S-el) > 0.99 first at J =       5.0
   R-turn =     7.99 fm    at J =       8.0

 Forward-angle excitation cut off below   1.136 deg by max JT =       8.0
                              and below   0.180 deg by max R.

 Total CPU  0 time =       0.05 seconds
