 FRESCO - FRES 3.4: Coupled Reaction Channels
 Assuming NAMELIST input.

 Test reaction with generated potential                                          

   0.040  50.000   0.500   0.000   0.000   0.000   0.000   0.000   0.000   0.000

 Centre-of-mass Range is   1252 * 0.0400 fm., Maximum at  50.00 fm., Interpolating NL forms every  0.52 fm.
 Non - locality width is      4 * 0.0400 fm., Maximum of   0.12 fm., Centred at  0.00 fm.
 2-Nucleon Separation of      0 * 0.5200 fm., Maximum of   0.00 fm., Minimum at  0.00 fm.
 Maximum single particle bins of 49.9200 fm.
               M,Mint =         1251        1249


 Range of total J is     0.0 <= J <=   150.0 (at least     0.0) and Absorbtion =>     0.1000 mb.
 Dry Run = F, CC set limits =  0  0, Relativistic kinematics =  , Both/Far/Near Analyses =  1                     

 Cross Sections (and up to T0 for 0=projectile) for Theta from   0.0 to 180.0 in steps of  1.0 degrees, DGAM=0,  Coordinates = 0 (Mads)

 Lower Radial Cutoff = maximum of -1.60*L*h &       0.0 fm.,  Lower Cutoff for Couplings =   0.0  fm.


 Iterate Couplings between   0 and   0 times, to  0.000 % if sooner.                                          
  Block solved exactly =   0 chs., with Pade = 0 & Isocen =  =0, NOSOL = F, initwf =  0
  NL quadrature with   18 Gaussian points, Calculate multipoles up to   156 from   0
  M-transfers for lp+lt greater than or equal to  6, Angular Integration Cutoff below  2.7778 %


 Trace switches are :  CHANS =  0, LISTCC =  0, TRENEG =  0, CDETR =  0, SMATS =  0, XSTABL =  0, NLPL =  0

                       WAVES =  0, LAMPL =  0, VEFF =  0, KFUS =  0, WDISK =  0, BPM =  0, MELFIL =  0

                       CDCC =  0, NFUS =  0

 Using unit mass = 1.000000 amu and 1/fine-structure constant = 137.03599 ( 1.000000 * true ) with hc = 197.32705 MeV.fm,
  thus 2*amu/hbar^2 = 0.0478450 = 1/20.9008 and Coulomb constant = 0.1574855 so e^2 = 1.43997, and nuclear magneton= 0.1261183

 Now pre-scan input and save to file 3



 *********** PARTITION NUMBER  1 ******************************************************************************************

   PROJ=7Li        MASS=  7.0000 Z=   3.0,        # STATES=    1T, TARG=p        MASS=  1.0000 Z=   1.0,     Q-VALUE =   0.0000 MEV.

     1:  J= 1.5+ (B# 1), E=  0.0000, K= 0.5              Potl#  1       J= 0.5+ (B# 1), E=  0.0000, K= 0.5    


 ************************************************************************************************************************************

 The following POTENTIALS are defined :

  KP#       TYPE      IT    SHAPE      at     V1        r1        a1        V2        r2        a2        A-in     A-used


                                            A#1       A#2        r0c       ac                                                h @ 1
    1    0=Coulomb       0=CHARGE (WS)  1     1.000     1.000    3.6412    0.0000    0.0000    0.0000     0.000     8.000   0.04000

    1    1=Volume        0=Woods-Saxon  2   70.0000    1.2500    0.6500   15.0000    1.2500    0.6500     0.000     8.000

    1    2=Surface       0=Woods-Saxon  3    0.0000    0.0000    0.0000    5.0000    1.3000    0.6500     0.000     8.000

    1    3=Projtl S.O.   0=Woods-Saxon  4    3.0000    1.0000    0.6500    0.0000    0.0000    0.0000     0.000     8.000

 Incoming partition  1 in excitation state # 1,   Laboratory Energy given for partition  1 Nucleus 1 in Excitation pair 1

0Lab. ENERGY ranges :

   from    85.0000     to   0.00000     in     0 intervals
   from    0.00000     to   0.00000     in     0 intervals
   from    0.00000     to   0.00000     in     0 intervals

 Largest real,imaginary parts of any form factor at R=   49.60 are   2.90E-02  7.91E-31 MeV
 Finished all Couplings @    0.00000000               4

 Symmetric Hamiltonian
1***********************************************************************************************************************************
************************************************************************************************************************************

        INCOMING 7Li      ;    LABORATORY 7Li      ENERGY =   85.000     MeV.

 ***********************************************************************************************************************************
 ***********************************************************************************************************************************


  NOTE: Coulomb excitation cut off below   0.103 deg by JTMAX, and below   0.466 deg by Rmax

 Allocate arrays for            4  channels, of which            1  need wfs.
 Allocate arrays for            4  channels, of which            3  need wfs.
 Allocate arrays for            4  channels, of which            4  need wfs.
 Reaction Xsec     4.0-/ 3 @ 1 =  34.174 , Out:   0.000#
 Reaction Xsec     4.0-/ 3 @ 2 =  42.388 , Out:   0.000#
 Reaction Xsec     4.0-/ 5 @ 3 =   0.475 , Out:   0.000#
 Reaction Xsec     4.0-/ 5 @ 4 =   0.481 , Out:   0.000#
 Reaction Xsec     5.0+/ 4 @ 1 =   4.541 , Out:   0.000#
 Reaction Xsec     5.0+/ 4 @ 2 =   4.910 , Out:   0.000#
 Reaction Xsec     5.0+/ 6 @ 3 =   0.085 , Out:   0.000#
 Reaction Xsec     5.0+/ 6 @ 4 =   0.085 , Out:   0.000#
 Reaction Xsec     5.0-/ 3 @ 1 =  51.808 , Out:   0.000#
 Reaction Xsec     5.0-/ 5 @ 2 =   0.588 , Out:   0.000#
 Reaction Xsec     5.0-/ 5 @ 3 =   0.596 , Out:   0.000#
 Reaction Xsec     5.0-/ 7 @ 4 =   0.013 , Out:   0.000#
 Finished all CC sets @    0.00000000    
0CUMULATIVE REACTION cross section                 =  809.03729  <L> =     2.66  <L**2> =      8.6
0CUMULATIVE outgoing cross sections in partition 1 :    0.00000
0Cumulative ABSORBTION by Imaginary Potentials     =  809.03729  <L> =     2.66  <L**2> =      8.6
   Fusion for specific 7Li      M-states :  714.430010  775.911335  775.911335  714.430010

0CUMULATIVE OUTGOING cross section                 =    0.00000
 To convert to S-factors (MeV.mb = keV.b),  multiply by  2.4906E+01


 CROSS SECTIONS FOR OUTGOING 7Li      & p        in state #   1 with spins & parities 1.5  + &  0.5  +;  0

     0.01 deg.: X-S =   1.7815E+15 mb/sr,
+                                         /R =   1.0000E+00
     1.00 deg.: X-S =   1.7669E+07 mb/sr,
+                                         /R =   9.9178E-01
     2.00 deg.: X-S =   1.0832E+06 mb/sr,
+                                         /R =   9.7267E-01
     3.00 deg.: X-S =   2.0852E+05 mb/sr,
+                                         /R =   9.4767E-01
     4.00 deg.: X-S =   6.4129E+04 mb/sr,
+                                         /R =   9.2079E-01
     5.00 deg.: X-S =   2.5570E+04 mb/sr,
+                                         /R =   8.9595E-01
     6.00 deg.: X-S =   1.2080E+04 mb/sr,
+                                         /R =   8.7720E-01
     7.00 deg.: X-S =  6461.905414 mb/sr,
+                                         /R =   8.6875E-01
     8.00 deg.: X-S =  3817.889936 mb/sr,
+                                         /R =   8.7497E-01
     9.00 deg.: X-S =  2454.658923 mb/sr,
+                                         /R =   9.0032E-01
    10.00 deg.: X-S =  1699.645645 mb/sr,
+                                         /R =   9.4924E-01
    11.00 deg.: X-S =  1256.170312 mb/sr,
+                                         /R =   1.0261E+00
    12.00 deg.: X-S =   982.171187 mb/sr,
+                                         /R =   1.1349E+00
    13.00 deg.: X-S =   804.985693 mb/sr,
+                                         /R =   1.2795E+00
    14.00 deg.: X-S =   685.381621 mb/sr,
+                                         /R =   1.4633E+00
    15.00 deg.: X-S =   601.199972 mb/sr,
+                                         /R =   1.6890E+00
    16.00 deg.: X-S =   539.440650 mb/sr,
+                                         /R =   1.9588E+00
    17.00 deg.: X-S =   492.227252 mb/sr,
+                                         /R =   2.2741E+00
    18.00 deg.: X-S =   454.655238 mb/sr,
+                                         /R =   2.6354E+00
    19.00 deg.: X-S =   423.598952 mb/sr,
+                                         /R =   3.0424E+00
    20.00 deg.: X-S =   397.027319 mb/sr,
+                                         /R =   3.4941E+00
    21.00 deg.: X-S =   373.599353 mb/sr,
+                                         /R =   3.9881E+00
    22.00 deg.: X-S =   352.418565 mb/sr,
+                                         /R =   4.5215E+00
    23.00 deg.: X-S =   332.880238 mb/sr,
+                                         /R =   5.0903E+00
    24.00 deg.: X-S =   314.574349 mb/sr,
+                                         /R =   5.6895E+00
    25.00 deg.: X-S =   297.222660 mb/sr,
+                                         /R =   6.3134E+00
    26.00 deg.: X-S =   280.637184 mb/sr,
+                                         /R =   6.9555E+00
    27.00 deg.: X-S =   264.692327 mb/sr,
+                                         /R =   7.6088E+00
    28.00 deg.: X-S =   249.305897 mb/sr,
+                                         /R =   8.2654E+00
    29.00 deg.: X-S =   234.425993 mb/sr,
+                                         /R =   8.9173E+00
    30.00 deg.: X-S =   220.021819 mb/sr,
+                                         /R =   9.5561E+00
    31.00 deg.: X-S =   206.077177 mb/sr,
+                                         /R =   1.0173E+01
    32.00 deg.: X-S =   192.585821 mb/sr,
+                                         /R =   1.0760E+01
    33.00 deg.: X-S =   179.548084 mb/sr,
+                                         /R =   1.1308E+01
    34.00 deg.: X-S =   166.968440 mb/sr,
+                                         /R =   1.1809E+01
    35.00 deg.: X-S =   154.853706 mb/sr,
+                                         /R =   1.2255E+01
    36.00 deg.: X-S =   143.211732 mb/sr,
+                                         /R =   1.2640E+01
    37.00 deg.: X-S =   132.050439 mb/sr,
+                                         /R =   1.2956E+01
    38.00 deg.: X-S =   121.377113 mb/sr,
+                                         /R =   1.3199E+01
    39.00 deg.: X-S =   111.197903 mb/sr,
+                                         /R =   1.3363E+01
    40.00 deg.: X-S =   101.517468 mb/sr,
+                                         /R =   1.3446E+01
    41.00 deg.: X-S =    92.338731 mb/sr,
+                                         /R =   1.3444E+01
    42.00 deg.: X-S =    83.662738 mb/sr,
+                                         /R =   1.3356E+01
    43.00 deg.: X-S =    75.488574 mb/sr,
+                                         /R =   1.3183E+01
    44.00 deg.: X-S =    67.813341 mb/sr,
+                                         /R =   1.2926E+01
    45.00 deg.: X-S =    60.632184 mb/sr,
+                                         /R =   1.2586E+01
    46.00 deg.: X-S =    53.938342 mb/sr,
+                                         /R =   1.2169E+01
    47.00 deg.: X-S =    47.723241 mb/sr,
+                                         /R =   1.1678E+01
    48.00 deg.: X-S =    41.976592 mb/sr,
+                                         /R =   1.1120E+01
    49.00 deg.: X-S =    36.686526 mb/sr,
+                                         /R =   1.0501E+01
    50.00 deg.: X-S =    31.839720 mb/sr,
+                                         /R =   9.8309E+00
    51.00 deg.: X-S =    27.421552 mb/sr,
+                                         /R =   9.1172E+00
    52.00 deg.: X-S =    23.416247 mb/sr,
+                                         /R =   8.3698E+00
    53.00 deg.: X-S =    19.807038 mb/sr,
+                                         /R =   7.5991E+00
    54.00 deg.: X-S =    16.576316 mb/sr,
+                                         /R =   6.8156E+00
    55.00 deg.: X-S =    13.705793 mb/sr,
+                                         /R =   6.0306E+00
    56.00 deg.: X-S =    11.176650 mb/sr,
+                                         /R =   5.2551E+00
    57.00 deg.: X-S =     8.969687 mb/sr,
+                                         /R =   4.5005E+00
    58.00 deg.: X-S =     7.065467 mb/sr,
+                                         /R =   3.7780E+00
    59.00 deg.: X-S =     5.444449 mb/sr,
+                                         /R =   3.0984E+00
    60.00 deg.: X-S =     4.087120 mb/sr,
+                                         /R =   2.4725E+00
    61.00 deg.: X-S =     2.974113 mb/sr,
+                                         /R =   1.9101E+00
    62.00 deg.: X-S =     2.086318 mb/sr,
+                                         /R =   1.4209E+00
    63.00 deg.: X-S =     1.404982 mb/sr,
+                                         /R =   1.0135E+00
    64.00 deg.: X-S =     0.911802 mb/sr,
+                                         /R =   6.9594E-01
    65.00 deg.: X-S =     0.589007 mb/sr,
+                                         /R =   4.7514E-01
    66.00 deg.: X-S =     0.419426 mb/sr,
+                                         /R =   3.5721E-01
    67.00 deg.: X-S =     0.386551 mb/sr,
+                                         /R =   3.4721E-01
    68.00 deg.: X-S =     0.474590 mb/sr,
+                                         /R =   4.4916E-01
    69.00 deg.: X-S =     0.668505 mb/sr,
+                                         /R =   6.6596E-01
    70.00 deg.: X-S =     0.954046 mb/sr,
+                                         /R =   9.9946E-01
    71.00 deg.: X-S =     1.317776 mb/sr,
+                                         /R =   1.4504E+00
    72.00 deg.: X-S =     1.747084 mb/sr,
+                                         /R =   2.0185E+00
    73.00 deg.: X-S =     2.230196 mb/sr,
+                                         /R =   2.7022E+00
    74.00 deg.: X-S =     2.756168 mb/sr,
+                                         /R =   3.4994E+00
    75.00 deg.: X-S =     3.314890 mb/sr,
+                                         /R =   4.4065E+00
    76.00 deg.: X-S =     3.897065 mb/sr,
+                                         /R =   5.4192E+00
    77.00 deg.: X-S =     4.494194 mb/sr,
+                                         /R =   6.5325E+00
    78.00 deg.: X-S =     5.098558 mb/sr,
+                                         /R =   7.7404E+00
    79.00 deg.: X-S =     5.703183 mb/sr,
+                                         /R =   9.0363E+00
    80.00 deg.: X-S =     6.301818 mb/sr,
+                                         /R =   1.0413E+01
    81.00 deg.: X-S =     6.888901 mb/sr,
+                                         /R =   1.1862E+01
    82.00 deg.: X-S =     7.459519 mb/sr,
+                                         /R =   1.3376E+01
    83.00 deg.: X-S =     8.009380 mb/sr,
+                                         /R =   1.4945E+01
    84.00 deg.: X-S =     8.534768 mb/sr,
+                                         /R =   1.6560E+01
    85.00 deg.: X-S =     9.032511 mb/sr,
+                                         /R =   1.8213E+01
    86.00 deg.: X-S =     9.499938 mb/sr,
+                                         /R =   1.9892E+01
    87.00 deg.: X-S =     9.934846 mb/sr,
+                                         /R =   2.1589E+01
    88.00 deg.: X-S =    10.335459 mb/sr,
+                                         /R =   2.3294E+01
    89.00 deg.: X-S =    10.700395 mb/sr,
+                                         /R =   2.4996E+01
    90.00 deg.: X-S =    11.028627 mb/sr,
+                                         /R =   2.6687E+01
    91.00 deg.: X-S =    11.319456 mb/sr,
+                                         /R =   2.8355E+01
    92.00 deg.: X-S =    11.572474 mb/sr,
+                                         /R =   2.9991E+01
    93.00 deg.: X-S =    11.787538 mb/sr,
+                                         /R =   3.1587E+01
    94.00 deg.: X-S =    11.964739 mb/sr,
+                                         /R =   3.3132E+01
    95.00 deg.: X-S =    12.104380 mb/sr,
+                                         /R =   3.4618E+01
    96.00 deg.: X-S =    12.206951 mb/sr,
+                                         /R =   3.6036E+01
    97.00 deg.: X-S =    12.273107 mb/sr,
+                                         /R =   3.7378E+01
    98.00 deg.: X-S =    12.303652 mb/sr,
+                                         /R =   3.8635E+01
    99.00 deg.: X-S =    12.299517 mb/sr,
+                                         /R =   3.9802E+01
   100.00 deg.: X-S =    12.261749 mb/sr,
+                                         /R =   4.0870E+01
   101.00 deg.: X-S =    12.191497 mb/sr,
+                                         /R =   4.1832E+01
   102.00 deg.: X-S =    12.089999 mb/sr,
+                                         /R =   4.2684E+01
   103.00 deg.: X-S =    11.958574 mb/sr,
+                                         /R =   4.3420E+01
   104.00 deg.: X-S =    11.798612 mb/sr,
+                                         /R =   4.4034E+01
   105.00 deg.: X-S =    11.611568 mb/sr,
+                                         /R =   4.4523E+01
   106.00 deg.: X-S =    11.398958 mb/sr,
+                                         /R =   4.4884E+01
   107.00 deg.: X-S =    11.162347 mb/sr,
+                                         /R =   4.5113E+01
   108.00 deg.: X-S =    10.903356 mb/sr,
+                                         /R =   4.5209E+01
   109.00 deg.: X-S =    10.623648 mb/sr,
+                                         /R =   4.5170E+01
   110.00 deg.: X-S =    10.324930 mb/sr,
+                                         /R =   4.4996E+01
   111.00 deg.: X-S =    10.008951 mb/sr,
+                                         /R =   4.4688E+01
   112.00 deg.: X-S =     9.677498 mb/sr,
+                                         /R =   4.4248E+01
   113.00 deg.: X-S =     9.332392 mb/sr,
+                                         /R =   4.3677E+01
   114.00 deg.: X-S =     8.975489 mb/sr,
+                                         /R =   4.2979E+01
   115.00 deg.: X-S =     8.608674 mb/sr,
+                                         /R =   4.2158E+01
   116.00 deg.: X-S =     8.233861 mb/sr,
+                                         /R =   4.1221E+01
   117.00 deg.: X-S =     7.852985 mb/sr,
+                                         /R =   4.0173E+01
   118.00 deg.: X-S =     7.468002 mb/sr,
+                                         /R =   3.9021E+01
   119.00 deg.: X-S =     7.080882 mb/sr,
+                                         /R =   3.7775E+01
   120.00 deg.: X-S =     6.693608 mb/sr,
+                                         /R =   3.6443E+01
   121.00 deg.: X-S =     6.308162 mb/sr,
+                                         /R =   3.5037E+01
   122.00 deg.: X-S =     5.926529 mb/sr,
+                                         /R =   3.3567E+01
   123.00 deg.: X-S =     5.550680 mb/sr,
+                                         /R =   3.2046E+01
   124.00 deg.: X-S =     5.182573 mb/sr,
+                                         /R =   3.0487E+01
   125.00 deg.: X-S =     4.824139 mb/sr,
+                                         /R =   2.8905E+01
   126.00 deg.: X-S =     4.477275 mb/sr,
+                                         /R =   2.7313E+01
   127.00 deg.: X-S =     4.143838 mb/sr,
+                                         /R =   2.5728E+01
   128.00 deg.: X-S =     3.825630 mb/sr,
+                                         /R =   2.4164E+01
   129.00 deg.: X-S =     3.524391 mb/sr,
+                                         /R =   2.2640E+01
   130.00 deg.: X-S =     3.241792 mb/sr,
+                                         /R =   2.1170E+01
   131.00 deg.: X-S =     2.979419 mb/sr,
+                                         /R =   1.9772E+01
   132.00 deg.: X-S =     2.738767 mb/sr,
+                                         /R =   1.8463E+01
   133.00 deg.: X-S =     2.521229 mb/sr,
+                                         /R =   1.7260E+01
   134.00 deg.: X-S =     2.328085 mb/sr,
+                                         /R =   1.6178E+01
   135.00 deg.: X-S =     2.160494 mb/sr,
+                                         /R =   1.5235E+01
   136.00 deg.: X-S =     2.019483 mb/sr,
+                                         /R =   1.4446E+01
   137.00 deg.: X-S =     1.905942 mb/sr,
+                                         /R =   1.3825E+01
   138.00 deg.: X-S =     1.820611 mb/sr,
+                                         /R =   1.3386E+01
   139.00 deg.: X-S =     1.764077 mb/sr,
+                                         /R =   1.3143E+01
   140.00 deg.: X-S =     1.736765 mb/sr,
+                                         /R =   1.3107E+01
   141.00 deg.: X-S =     1.738933 mb/sr,
+                                         /R =   1.3289E+01
   142.00 deg.: X-S =     1.770668 mb/sr,
+                                         /R =   1.3698E+01
   143.00 deg.: X-S =     1.831883 mb/sr,
+                                         /R =   1.4340E+01
   144.00 deg.: X-S =     1.922312 mb/sr,
+                                         /R =   1.5222E+01
   145.00 deg.: X-S =     2.041514 mb/sr,
+                                         /R =   1.6348E+01
   146.00 deg.: X-S =     2.188865 mb/sr,
+                                         /R =   1.7719E+01
   147.00 deg.: X-S =     2.363568 mb/sr,
+                                         /R =   1.9335E+01
   148.00 deg.: X-S =     2.564650 mb/sr,
+                                         /R =   2.1195E+01
   149.00 deg.: X-S =     2.790968 mb/sr,
+                                         /R =   2.3293E+01
   150.00 deg.: X-S =     3.041212 mb/sr,
+                                         /R =   2.5624E+01
   151.00 deg.: X-S =     3.313916 mb/sr,
+                                         /R =   2.8180E+01
   152.00 deg.: X-S =     3.607460 mb/sr,
+                                         /R =   3.0949E+01
   153.00 deg.: X-S =     3.920084 mb/sr,
+                                         /R =   3.3920E+01
   154.00 deg.: X-S =     4.249894 mb/sr,
+                                         /R =   3.7077E+01
   155.00 deg.: X-S =     4.594875 mb/sr,
+                                         /R =   4.0405E+01
   156.00 deg.: X-S =     4.952904 mb/sr,
+                                         /R =   4.3884E+01
   157.00 deg.: X-S =     5.321761 mb/sr,
+                                         /R =   4.7496E+01
   158.00 deg.: X-S =     5.699144 mb/sr,
+                                         /R =   5.1219E+01
   159.00 deg.: X-S =     6.082684 mb/sr,
+                                         /R =   5.5029E+01
   160.00 deg.: X-S =     6.469962 mb/sr,
+                                         /R =   5.8903E+01
   161.00 deg.: X-S =     6.858519 mb/sr,
+                                         /R =   6.2816E+01
   162.00 deg.: X-S =     7.245880 mb/sr,
+                                         /R =   6.6742E+01
   163.00 deg.: X-S =     7.629564 mb/sr,
+                                         /R =   7.0655E+01
   164.00 deg.: X-S =     8.007106 mb/sr,
+                                         /R =   7.4528E+01
   165.00 deg.: X-S =     8.376070 mb/sr,
+                                         /R =   7.8333E+01
   166.00 deg.: X-S =     8.734068 mb/sr,
+                                         /R =   8.2045E+01
   167.00 deg.: X-S =     9.078774 mb/sr,
+                                         /R =   8.5636E+01
   168.00 deg.: X-S =     9.407945 mb/sr,
+                                         /R =   8.9081E+01
   169.00 deg.: X-S =     9.719430 mb/sr,
+                                         /R =   9.2354E+01
   170.00 deg.: X-S =    10.011191 mb/sr,
+                                         /R =   9.5432E+01
   171.00 deg.: X-S =    10.281314 mb/sr,
+                                         /R =   9.8292E+01
   172.00 deg.: X-S =    10.528022 mb/sr,
+                                         /R =   1.0091E+02
   173.00 deg.: X-S =    10.749693 mb/sr,
+                                         /R =   1.0327E+02
   174.00 deg.: X-S =    10.944864 mb/sr,
+                                         /R =   1.0536E+02
   175.00 deg.: X-S =    11.112245 mb/sr,
+                                         /R =   1.0715E+02
   176.00 deg.: X-S =    11.250732 mb/sr,
+                                         /R =   1.0863E+02
   177.00 deg.: X-S =    11.359407 mb/sr,
+                                         /R =   1.0980E+02
   178.00 deg.: X-S =    11.437550 mb/sr,
+                                         /R =   1.1064E+02
   179.00 deg.: X-S =    11.484644 mb/sr,
+                                         /R =   1.1114E+02
   179.99 deg.: X-S =    11.500375 mb/sr,
+                                         /R =   1.1131E+02
                                           Integrated********** mb, over [   0.000, 180.000] at    85.0000 MeV 
 Finished all xsecs @    1.56250000E-02

  The following files have been created:
   3:local copy of User input.            6:standard output.                   
  13:total cross sections/state.         39:cross sections for each Ecm.       
  40:all cross sectns. for each Elab.    56:Fusion for each Jtotal.            

 PARAMETERS : MAXQRN   MFNL   MLOC  LMAX1 MCLIST
    ALLOWED :      1     16      4    170      6
    REQUIRED:      0      0      4      8      4


 ACCURACY ANALYSIS at    85.000 MeV :

  Elastic h*k = 0.027 so OK       compared with 0.200

   Real(S-el) > 0.01 first at J =       1.0
   Real(S-el) > 0.10 first at J =       1.0
   Real(S-el) > 0.50 first at J =       1.0
   Real(S-el) > 0.90 first at J =       2.0
   Real(S-el) > 0.99 first at J =       3.0
   R-turn =     8.42 fm    at J =       5.0

 Forward-angle excitation cut off below   2.825 deg by max JT =       5.0
                              and below   0.466 deg by max R.

 Total CPU  0 time =       0.02 seconds
