 FRESCO - FRES 3.4: Coupled Reaction Channels
 Assuming NAMELIST input.

 Test reaction with generated potential                                          

   0.040  50.000   0.500   0.000   0.000   0.000   0.000   0.000   0.000   0.000

 Centre-of-mass Range is   1252 * 0.0400 fm., Maximum at  50.00 fm., Interpolating NL forms every  0.52 fm.
 Non - locality width is      4 * 0.0400 fm., Maximum of   0.12 fm., Centred at  0.00 fm.
 2-Nucleon Separation of      0 * 0.5200 fm., Maximum of   0.00 fm., Minimum at  0.00 fm.
 Maximum single particle bins of 49.9200 fm.
               M,Mint =         1251        1249


 Range of total J is     0.0 <= J <=   150.0 (at least     0.0) and Absorbtion =>     0.1000 mb.
 Dry Run = F, CC set limits =  0  0, Relativistic kinematics =  , Both/Far/Near Analyses =  1                     

 Cross Sections (and up to T0 for 0=projectile) for Theta from   0.0 to 180.0 in steps of  1.0 degrees, DGAM=0,  Coordinates = 0 (Mads)

 Lower Radial Cutoff = maximum of -1.60*L*h &       0.0 fm.,  Lower Cutoff for Couplings =   0.0  fm.


 Iterate Couplings between   0 and   0 times, to  0.000 % if sooner.                                          
  Block solved exactly =   0 chs., with Pade = 0 & Isocen =  =0, NOSOL = F, initwf =  0
  NL quadrature with   18 Gaussian points, Calculate multipoles up to   156 from   0
  M-transfers for lp+lt greater than or equal to  6, Angular Integration Cutoff below  2.7778 %


 Trace switches are :  CHANS =  0, LISTCC =  0, TRENEG =  0, CDETR =  0, SMATS =  0, XSTABL =  0, NLPL =  0

                       WAVES =  0, LAMPL =  0, VEFF =  0, KFUS =  0, WDISK =  0, BPM =  0, MELFIL =  0

                       CDCC =  0, NFUS =  0

 Using unit mass = 1.000000 amu and 1/fine-structure constant = 137.03599 ( 1.000000 * true ) with hc = 197.32705 MeV.fm,
  thus 2*amu/hbar^2 = 0.0478450 = 1/20.9008 and Coulomb constant = 0.1574855 so e^2 = 1.43997, and nuclear magneton= 0.1261183

 Now pre-scan input and save to file 3



 *********** PARTITION NUMBER  1 ******************************************************************************************

   PROJ=7Li        MASS=  7.0000 Z=   3.0,        # STATES=    1T, TARG=p        MASS=  1.0000 Z=   1.0,     Q-VALUE =   0.0000 MEV.

     1:  J= 1.5+ (B# 1), E=  0.0000, K= 0.5              Potl#  1       J= 0.5+ (B# 1), E=  0.0000, K= 0.5    


 ************************************************************************************************************************************

 The following POTENTIALS are defined :

  KP#       TYPE      IT    SHAPE      at     V1        r1        a1        V2        r2        a2        A-in     A-used


                                            A#1       A#2        r0c       ac                                                h @ 1
    1    0=Coulomb       0=CHARGE (WS)  1     1.000     1.000    3.6412    0.0000    0.0000    0.0000     0.000     8.000   0.04000

    1    1=Volume        0=Woods-Saxon  2   70.0000    1.2500    0.6500   15.0000    1.2500    0.6500     0.000     8.000

    1    2=Surface       0=Woods-Saxon  3    0.0000    0.0000    0.0000    5.0000    1.3000    0.6500     0.000     8.000

    1    3=Projtl S.O.   0=Woods-Saxon  4    3.0000    1.0000    0.6500    0.0000    0.0000    0.0000     0.000     8.000

 Incoming partition  1 in excitation state # 1,   Laboratory Energy given for partition  1 Nucleus 1 in Excitation pair 1

0Lab. ENERGY ranges :

   from    265.000     to   0.00000     in     0 intervals
   from    0.00000     to   0.00000     in     0 intervals
   from    0.00000     to   0.00000     in     0 intervals

 Largest real,imaginary parts of any form factor at R=   49.60 are   2.90E-02  7.91E-31 MeV
 Finished all Couplings @    0.00000000               4

 Symmetric Hamiltonian
1***********************************************************************************************************************************
************************************************************************************************************************************

        INCOMING 7Li      ;    LABORATORY 7Li      ENERGY =   265.00     MeV.

 ***********************************************************************************************************************************
 ***********************************************************************************************************************************


  NOTE: Coulomb excitation cut off below   0.058 deg by JTMAX, and below   0.149 deg by Rmax

 Allocate arrays for            4  channels, of which            1  need wfs.
 Allocate arrays for            4  channels, of which            3  need wfs.
 Allocate arrays for            4  channels, of which            4  need wfs.
 Reaction Xsec     8.0+/ 6 @ 1 =   4.244 , Out:   0.000#
 Reaction Xsec     8.0+/ 8 @ 2 =   0.366 , Out:   0.000#
 Reaction Xsec     8.0+/ 8 @ 3 =   0.368 , Out:   0.000#
 Reaction Xsec     8.0+/10 @ 4 =   0.034 , Out:   0.000#
 Reaction Xsec     8.0-/ 7 @ 1 =   1.214 , Out:   0.000#
 Reaction Xsec     8.0-/ 7 @ 2 =   1.234 , Out:   0.000#
 Reaction Xsec     8.0-/ 9 @ 3 =   0.112 , Out:   0.000#
 Reaction Xsec     8.0-/ 9 @ 4 =   0.112 , Out:   0.000#
 Reaction Xsec     9.0+/ 8 @ 1 =   0.411 , Out:   0.000#
 Reaction Xsec     9.0+/ 8 @ 2 =   0.414 , Out:   0.000#
 Reaction Xsec     9.0+/10 @ 3 =   0.038 , Out:   0.000#
 Reaction Xsec     9.0+/10 @ 4 =   0.038 , Out:   0.000#
 Finished all CC sets @    1.56250000E-02
0CUMULATIVE REACTION cross section                 =  592.49834  <L> =     3.74  <L**2> =     16.9
0CUMULATIVE outgoing cross sections in partition 1 :    0.00000
0Cumulative ABSORBTION by Imaginary Potentials     =  592.49834  <L> =     3.74  <L**2> =     16.9
   Fusion for specific 7Li      M-states :  777.266576  796.842995  796.842995  777.266576

0CUMULATIVE OUTGOING cross section                 =    0.00000
 To convert to S-factors (MeV.mb = keV.b),  multiply by  5.3665E+01


 CROSS SECTIONS FOR OUTGOING 7Li      & p        in state #   1 with spins & parities 1.5  + &  0.5  +;  0

     0.01 deg.: X-S =   1.8328E+14 mb/sr,
+                                         /R =   9.9999E-01
     1.00 deg.: X-S =   1.7753E+06 mb/sr,
+                                         /R =   9.6858E-01
     2.00 deg.: X-S =   1.0352E+05 mb/sr,
+                                         /R =   9.0352E-01
     3.00 deg.: X-S =   1.9130E+04 mb/sr,
+                                         /R =   8.4503E-01
     4.00 deg.: X-S =  6048.009064 mb/sr,
+                                         /R =   8.4406E-01
     5.00 deg.: X-S =  2827.125090 mb/sr,
+                                         /R =   9.6283E-01
     6.00 deg.: X-S =  1802.099980 mb/sr,
+                                         /R =   1.2719E+00
     7.00 deg.: X-S =  1412.864583 mb/sr,
+                                         /R =   1.8462E+00
     8.00 deg.: X-S =  1239.078423 mb/sr,
+                                         /R =   2.7601E+00
     9.00 deg.: X-S =  1145.123597 mb/sr,
+                                         /R =   4.0824E+00
    10.00 deg.: X-S =  1081.643671 mb/sr,
+                                         /R =   5.8716E+00
    11.00 deg.: X-S =  1029.239740 mb/sr,
+                                         /R =   8.1713E+00
    12.00 deg.: X-S =   980.012000 mb/sr,
+                                         /R =   1.1007E+01
    13.00 deg.: X-S =   930.812695 mb/sr,
+                                         /R =   1.4381E+01
    14.00 deg.: X-S =   880.562774 mb/sr,
+                                         /R =   1.8274E+01
    15.00 deg.: X-S =   829.110949 mb/sr,
+                                         /R =   2.2641E+01
    16.00 deg.: X-S =   776.721728 mb/sr,
+                                         /R =   2.7414E+01
    17.00 deg.: X-S =   723.835332 mb/sr,
+                                         /R =   3.2504E+01
    18.00 deg.: X-S =   670.950950 mb/sr,
+                                         /R =   3.7801E+01
    19.00 deg.: X-S =   618.568275 mb/sr,
+                                         /R =   4.3183E+01
    20.00 deg.: X-S =   567.157631 mb/sr,
+                                         /R =   4.8514E+01
    21.00 deg.: X-S =   517.144630 mb/sr,
+                                         /R =   5.3657E+01
    22.00 deg.: X-S =   468.902538 mb/sr,
+                                         /R =   5.8474E+01
    23.00 deg.: X-S =   422.748932 mb/sr,
+                                         /R =   6.2833E+01
    24.00 deg.: X-S =   378.944912 mb/sr,
+                                         /R =   6.6616E+01
    25.00 deg.: X-S =   337.695949 mb/sr,
+                                         /R =   6.9720E+01
    26.00 deg.: X-S =   299.153867 mb/sr,
+                                         /R =   7.2066E+01
    27.00 deg.: X-S =   263.419648 mb/sr,
+                                         /R =   7.3599E+01
    28.00 deg.: X-S =   230.546876 mb/sr,
+                                         /R =   7.4293E+01
    29.00 deg.: X-S =   200.545665 mb/sr,
+                                         /R =   7.4148E+01
    30.00 deg.: X-S =   173.386941 mb/sr,
+                                         /R =   7.3196E+01
    31.00 deg.: X-S =   149.006975 mb/sr,
+                                         /R =   7.1497E+01
    32.00 deg.: X-S =   127.312055 mb/sr,
+                                         /R =   6.9136E+01
    33.00 deg.: X-S =   108.183205 mb/sr,
+                                         /R =   6.6224E+01
    34.00 deg.: X-S =    91.480846 mb/sr,
+                                         /R =   6.2886E+01
    35.00 deg.: X-S =    77.049335 mb/sr,
+                                         /R =   5.9268E+01
    36.00 deg.: X-S =    64.721293 mb/sr,
+                                         /R =   5.5522E+01
    37.00 deg.: X-S =    54.321662 mb/sr,
+                                         /R =   5.1804E+01
    38.00 deg.: X-S =    45.671445 mb/sr,
+                                         /R =   4.8272E+01
    39.00 deg.: X-S =    38.591082 mb/sr,
+                                         /R =   4.5077E+01
    40.00 deg.: X-S =    32.903440 mb/sr,
+                                         /R =   4.2358E+01
    41.00 deg.: X-S =    28.436396 mb/sr,
+                                         /R =   4.0240E+01
    42.00 deg.: X-S =    25.025017 mb/sr,
+                                         /R =   3.8831E+01
    43.00 deg.: X-S =    22.513320 mb/sr,
+                                         /R =   3.8214E+01
    44.00 deg.: X-S =    20.755658 mb/sr,
+                                         /R =   3.8452E+01
    45.00 deg.: X-S =    19.617720 mb/sr,
+                                         /R =   3.9582E+01
    46.00 deg.: X-S =    18.977194 mb/sr,
+                                         /R =   4.1613E+01
    47.00 deg.: X-S =    18.724114 mb/sr,
+                                         /R =   4.4533E+01
    48.00 deg.: X-S =    18.760928 mb/sr,
+                                         /R =   4.8305E+01
    49.00 deg.: X-S =    19.002321 mb/sr,
+                                         /R =   5.2869E+01
    50.00 deg.: X-S =    19.374839 mb/sr,
+                                         /R =   5.8146E+01
    51.00 deg.: X-S =    19.816335 mb/sr,
+                                         /R =   6.4039E+01
    52.00 deg.: X-S =    20.275290 mb/sr,
+                                         /R =   7.0440E+01
    53.00 deg.: X-S =    20.710027 mb/sr,
+                                         /R =   7.7228E+01
    54.00 deg.: X-S =    21.087861 mb/sr,
+                                         /R =   8.4276E+01
    55.00 deg.: X-S =    21.384207 mb/sr,
+                                         /R =   9.1454E+01
    56.00 deg.: X-S =    21.581670 mb/sr,
+                                         /R =   9.8630E+01
    57.00 deg.: X-S =    21.669139 mb/sr,
+                                         /R =   1.0568E+02
    58.00 deg.: X-S =    21.640909 mb/sr,
+                                         /R =   1.1247E+02
    59.00 deg.: X-S =    21.495838 mb/sr,
+                                         /R =   1.1890E+02
    60.00 deg.: X-S =    21.236548 mb/sr,
+                                         /R =   1.2487E+02
    61.00 deg.: X-S =    20.868692 mb/sr,
+                                         /R =   1.3027E+02
    62.00 deg.: X-S =    20.400279 mb/sr,
+                                         /R =   1.3505E+02
    63.00 deg.: X-S =    19.841064 mb/sr,
+                                         /R =   1.3912E+02
    64.00 deg.: X-S =    19.202012 mb/sr,
+                                         /R =   1.4245E+02
    65.00 deg.: X-S =    18.494825 mb/sr,
+                                         /R =   1.4501E+02
    66.00 deg.: X-S =    17.731535 mb/sr,
+                                         /R =   1.4678E+02
    67.00 deg.: X-S =    16.924166 mb/sr,
+                                         /R =   1.4776E+02
    68.00 deg.: X-S =    16.084445 mb/sr,
+                                         /R =   1.4796E+02
    69.00 deg.: X-S =    15.223577 mb/sr,
+                                         /R =   1.4741E+02
    70.00 deg.: X-S =    14.352067 mb/sr,
+                                         /R =   1.4614E+02
    71.00 deg.: X-S =    13.479587 mb/sr,
+                                         /R =   1.4420E+02
    72.00 deg.: X-S =    12.614882 mb/sr,
+                                         /R =   1.4166E+02
    73.00 deg.: X-S =    11.765715 mb/sr,
+                                         /R =   1.3857E+02
    74.00 deg.: X-S =    10.938839 mb/sr,
+                                         /R =   1.3499E+02
    75.00 deg.: X-S =    10.139995 mb/sr,
+                                         /R =   1.3101E+02
    76.00 deg.: X-S =     9.373930 mb/sr,
+                                         /R =   1.2670E+02
    77.00 deg.: X-S =     8.644441 mb/sr,
+                                         /R =   1.2213E+02
    78.00 deg.: X-S =     7.954418 mb/sr,
+                                         /R =   1.1738E+02
    79.00 deg.: X-S =     7.305911 mb/sr,
+                                         /R =   1.1251E+02
    80.00 deg.: X-S =     6.700200 mb/sr,
+                                         /R =   1.0761E+02
    81.00 deg.: X-S =     6.137863 mb/sr,
+                                         /R =   1.0273E+02
    82.00 deg.: X-S =     5.618861 mb/sr,
+                                         /R =   9.7928E+01
    83.00 deg.: X-S =     5.142611 mb/sr,
+                                         /R =   9.3267E+01
    84.00 deg.: X-S =     4.708064 mb/sr,
+                                         /R =   8.8791E+01
    85.00 deg.: X-S =     4.313781 mb/sr,
+                                         /R =   8.4543E+01
    86.00 deg.: X-S =     3.958005 mb/sr,
+                                         /R =   8.0555E+01
    87.00 deg.: X-S =     3.638728 mb/sr,
+                                         /R =   7.6857E+01
    88.00 deg.: X-S =     3.353753 mb/sr,
+                                         /R =   7.3469E+01
    89.00 deg.: X-S =     3.100755 mb/sr,
+                                         /R =   7.0404E+01
    90.00 deg.: X-S =     2.877330 mb/sr,
+                                         /R =   6.7673E+01
    91.00 deg.: X-S =     2.681043 mb/sr,
+                                         /R =   6.5277E+01
    92.00 deg.: X-S =     2.509466 mb/sr,
+                                         /R =   6.3213E+01
    93.00 deg.: X-S =     2.360217 mb/sr,
+                                         /R =   6.1473E+01
    94.00 deg.: X-S =     2.230984 mb/sr,
+                                         /R =   6.0047E+01
    95.00 deg.: X-S =     2.119550 mb/sr,
+                                         /R =   5.8919E+01
    96.00 deg.: X-S =     2.023813 mb/sr,
+                                         /R =   5.8070E+01
    97.00 deg.: X-S =     1.941799 mb/sr,
+                                         /R =   5.7480E+01
    98.00 deg.: X-S =     1.871668 mb/sr,
+                                         /R =   5.7126E+01
    99.00 deg.: X-S =     1.811721 mb/sr,
+                                         /R =   5.6985E+01
   100.00 deg.: X-S =     1.760406 mb/sr,
+                                         /R =   5.7031E+01
   101.00 deg.: X-S =     1.716308 mb/sr,
+                                         /R =   5.7241E+01
   102.00 deg.: X-S =     1.678154 mb/sr,
+                                         /R =   5.7587E+01
   103.00 deg.: X-S =     1.644804 mb/sr,
+                                         /R =   5.8047E+01
   104.00 deg.: X-S =     1.615242 mb/sr,
+                                         /R =   5.8594E+01
   105.00 deg.: X-S =     1.588573 mb/sr,
+                                         /R =   5.9205E+01
   106.00 deg.: X-S =     1.564011 mb/sr,
+                                         /R =   5.9858E+01
   107.00 deg.: X-S =     1.540872 mb/sr,
+                                         /R =   6.0529E+01
   108.00 deg.: X-S =     1.518565 mb/sr,
+                                         /R =   6.1200E+01
   109.00 deg.: X-S =     1.496584 mb/sr,
+                                         /R =   6.1849E+01
   110.00 deg.: X-S =     1.474499 mb/sr,
+                                         /R =   6.2458E+01
   111.00 deg.: X-S =     1.451954 mb/sr,
+                                         /R =   6.3010E+01
   112.00 deg.: X-S =     1.428653 mb/sr,
+                                         /R =   6.3491E+01
   113.00 deg.: X-S =     1.404360 mb/sr,
+                                         /R =   6.3884E+01
   114.00 deg.: X-S =     1.378894 mb/sr,
+                                         /R =   6.4177E+01
   115.00 deg.: X-S =     1.352120 mb/sr,
+                                         /R =   6.4360E+01
   116.00 deg.: X-S =     1.323953 mb/sr,
+                                         /R =   6.4423E+01
   117.00 deg.: X-S =     1.294345 mb/sr,
+                                         /R =   6.4357E+01
   118.00 deg.: X-S =     1.263291 mb/sr,
+                                         /R =   6.4158E+01
   119.00 deg.: X-S =     1.230821 mb/sr,
+                                         /R =   6.3821E+01
   120.00 deg.: X-S =     1.196998 mb/sr,
+                                         /R =   6.3343E+01
   121.00 deg.: X-S =     1.161916 mb/sr,
+                                         /R =   6.2726E+01
   122.00 deg.: X-S =     1.125695 mb/sr,
+                                         /R =   6.1970E+01
   123.00 deg.: X-S =     1.088480 mb/sr,
+                                         /R =   6.1080E+01
   124.00 deg.: X-S =     1.050436 mb/sr,
+                                         /R =   6.0061E+01
   125.00 deg.: X-S =     1.011747 mb/sr,
+                                         /R =   5.8921E+01
   126.00 deg.: X-S =     0.972607 mb/sr,
+                                         /R =   5.7670E+01
   127.00 deg.: X-S =     0.933223 mb/sr,
+                                         /R =   5.6316E+01
   128.00 deg.: X-S =     0.893804 mb/sr,
+                                         /R =   5.4874E+01
   129.00 deg.: X-S =     0.854563 mb/sr,
+                                         /R =   5.3356E+01
   130.00 deg.: X-S =     0.815710 mb/sr,
+                                         /R =   5.1775E+01
   131.00 deg.: X-S =     0.777453 mb/sr,
+                                         /R =   5.0148E+01
   132.00 deg.: X-S =     0.739987 mb/sr,
+                                         /R =   4.8488E+01
   133.00 deg.: X-S =     0.703502 mb/sr,
+                                         /R =   4.6810E+01
   134.00 deg.: X-S =     0.668173 mb/sr,
+                                         /R =   4.5131E+01
   135.00 deg.: X-S =     0.634161 mb/sr,
+                                         /R =   4.3466E+01
   136.00 deg.: X-S =     0.601617 mb/sr,
+                                         /R =   4.1828E+01
   137.00 deg.: X-S =     0.570675 mb/sr,
+                                         /R =   4.0233E+01
   138.00 deg.: X-S =     0.541457 mb/sr,
+                                         /R =   3.8695E+01
   139.00 deg.: X-S =     0.514071 mb/sr,
+                                         /R =   3.7227E+01
   140.00 deg.: X-S =     0.488618 mb/sr,
+                                         /R =   3.5842E+01
   141.00 deg.: X-S =     0.465187 mb/sr,
+                                         /R =   3.4554E+01
   142.00 deg.: X-S =     0.443860 mb/sr,
+                                         /R =   3.3374E+01
   143.00 deg.: X-S =     0.424718 mb/sr,
+                                         /R =   3.2316E+01
   144.00 deg.: X-S =     0.407834 mb/sr,
+                                         /R =   3.1390E+01
   145.00 deg.: X-S =     0.393284 mb/sr,
+                                         /R =   3.0610E+01
   146.00 deg.: X-S =     0.381142 mb/sr,
+                                         /R =   2.9989E+01
   147.00 deg.: X-S =     0.371485 mb/sr,
+                                         /R =   2.9538E+01
   148.00 deg.: X-S =     0.364388 mb/sr,
+                                         /R =   2.9270E+01
   149.00 deg.: X-S =     0.359931 mb/sr,
+                                         /R =   2.9198E+01
   150.00 deg.: X-S =     0.358191 mb/sr,
+                                         /R =   2.9334E+01
   151.00 deg.: X-S =     0.359243 mb/sr,
+                                         /R =   2.9692E+01
   152.00 deg.: X-S =     0.363160 mb/sr,
+                                         /R =   3.0283E+01
   153.00 deg.: X-S =     0.370003 mb/sr,
+                                         /R =   3.1118E+01
   154.00 deg.: X-S =     0.379823 mb/sr,
+                                         /R =   3.2208E+01
   155.00 deg.: X-S =     0.392653 mb/sr,
+                                         /R =   3.3560E+01
   156.00 deg.: X-S =     0.408505 mb/sr,
+                                         /R =   3.5180E+01
   157.00 deg.: X-S =     0.427362 mb/sr,
+                                         /R =   3.7072E+01
   158.00 deg.: X-S =     0.449177 mb/sr,
+                                         /R =   3.9236E+01
   159.00 deg.: X-S =     0.473864 mb/sr,
+                                         /R =   4.1668E+01
   160.00 deg.: X-S =     0.501299 mb/sr,
+                                         /R =   4.4360E+01
   161.00 deg.: X-S =     0.531309 mb/sr,
+                                         /R =   4.7298E+01
   162.00 deg.: X-S =     0.563676 mb/sr,
+                                         /R =   5.0466E+01
   163.00 deg.: X-S =     0.598131 mb/sr,
+                                         /R =   5.3839E+01
   164.00 deg.: X-S =     0.634357 mb/sr,
+                                         /R =   5.7389E+01
   165.00 deg.: X-S =     0.671987 mb/sr,
+                                         /R =   6.1083E+01
   166.00 deg.: X-S =     0.710612 mb/sr,
+                                         /R =   6.4881E+01
   167.00 deg.: X-S =     0.749778 mb/sr,
+                                         /R =   6.8741E+01
   168.00 deg.: X-S =     0.789000 mb/sr,
+                                         /R =   7.2614E+01
   169.00 deg.: X-S =     0.827764 mb/sr,
+                                         /R =   7.6450E+01
   170.00 deg.: X-S =     0.865539 mb/sr,
+                                         /R =   8.0195E+01
   171.00 deg.: X-S =     0.901786 mb/sr,
+                                         /R =   8.3796E+01
   172.00 deg.: X-S =     0.935969 mb/sr,
+                                         /R =   8.7199E+01
   173.00 deg.: X-S =     0.967567 mb/sr,
+                                         /R =   9.0349E+01
   174.00 deg.: X-S =     0.996084 mb/sr,
+                                         /R =   9.3196E+01
   175.00 deg.: X-S =     1.021064 mb/sr,
+                                         /R =   9.5694E+01
   176.00 deg.: X-S =     1.042099 mb/sr,
+                                         /R =   9.7799E+01
   177.00 deg.: X-S =     1.058839 mb/sr,
+                                         /R =   9.9476E+01
   178.00 deg.: X-S =     1.071004 mb/sr,
+                                         /R =   1.0070E+02
   179.00 deg.: X-S =     1.078386 mb/sr,
+                                         /R =   1.0144E+02
   179.99 deg.: X-S =     1.080861 mb/sr,
+                                         /R =   1.0168E+02
                                           Integrated********** mb, over [   0.000, 180.000] at   265.0000 MeV 
 Finished all xsecs @    3.12500000E-02

  The following files have been created:
   3:local copy of User input.            6:standard output.                   
  13:total cross sections/state.         39:cross sections for each Ecm.       
  40:all cross sectns. for each Elab.    56:Fusion for each Jtotal.            

 PARAMETERS : MAXQRN   MFNL   MLOC  LMAX1 MCLIST
    ALLOWED :      1     16      4    170      6
    REQUIRED:      0      0      4     11      4


 ACCURACY ANALYSIS at   265.000 MeV :

  Elastic h*k = 0.047 so OK       compared with 0.200

   Real(S-el) > 0.01 first at J =       1.0
   Real(S-el) > 0.10 first at J =       1.0
   Real(S-el) > 0.50 first at J =       2.0
   Real(S-el) > 0.90 first at J =       4.0
   Real(S-el) > 0.99 first at J =       6.0
   R-turn =     8.12 fm    at J =       9.0

 Forward-angle excitation cut off below   0.926 deg by max JT =       9.0
                              and below   0.149 deg by max R.

 Total CPU  0 time =       0.03 seconds
