 FRESCO - FRES 3.4: Coupled Reaction Channels
 Assuming NAMELIST input.

 Test reaction with generated potential                                          

   0.040  50.000   0.500   0.000   0.000   0.000   0.000   0.000   0.000   0.000

 Centre-of-mass Range is   1252 * 0.0400 fm., Maximum at  50.00 fm., Interpolating NL forms every  0.52 fm.
 Non - locality width is      4 * 0.0400 fm., Maximum of   0.12 fm., Centred at  0.00 fm.
 2-Nucleon Separation of      0 * 0.5200 fm., Maximum of   0.00 fm., Minimum at  0.00 fm.
 Maximum single particle bins of 49.9200 fm.
               M,Mint =         1251        1249


 Range of total J is     0.0 <= J <=   150.0 (at least     0.0) and Absorbtion =>     0.1000 mb.
 Dry Run = F, CC set limits =  0  0, Relativistic kinematics =  , Both/Far/Near Analyses =  1                     

 Cross Sections (and up to T0 for 0=projectile) for Theta from   0.0 to 180.0 in steps of  1.0 degrees, DGAM=0,  Coordinates = 0 (Mads)

 Lower Radial Cutoff = maximum of -1.60*L*h &       0.0 fm.,  Lower Cutoff for Couplings =   0.0  fm.


 Iterate Couplings between   0 and   0 times, to  0.000 % if sooner.                                          
  Block solved exactly =   0 chs., with Pade = 0 & Isocen =  =0, NOSOL = F, initwf =  0
  NL quadrature with   18 Gaussian points, Calculate multipoles up to   156 from   0
  M-transfers for lp+lt greater than or equal to  6, Angular Integration Cutoff below  2.7778 %


 Trace switches are :  CHANS =  0, LISTCC =  0, TRENEG =  0, CDETR =  0, SMATS =  0, XSTABL =  0, NLPL =  0

                       WAVES =  0, LAMPL =  0, VEFF =  0, KFUS =  0, WDISK =  0, BPM =  0, MELFIL =  0

                       CDCC =  0, NFUS =  0

 Using unit mass = 1.000000 amu and 1/fine-structure constant = 137.03599 ( 1.000000 * true ) with hc = 197.32705 MeV.fm,
  thus 2*amu/hbar^2 = 0.0478450 = 1/20.9008 and Coulomb constant = 0.1574855 so e^2 = 1.43997, and nuclear magneton= 0.1261183

 Now pre-scan input and save to file 3



 *********** PARTITION NUMBER  1 ******************************************************************************************

   PROJ=7Li        MASS=  7.0000 Z=   3.0,        # STATES=    1T, TARG=p        MASS=  1.0000 Z=   1.0,     Q-VALUE =   0.0000 MEV.

     1:  J= 1.5+ (B# 1), E=  0.0000, K= 0.5              Potl#  1       J= 0.5+ (B# 1), E=  0.0000, K= 0.5    


 ************************************************************************************************************************************

 The following POTENTIALS are defined :

  KP#       TYPE      IT    SHAPE      at     V1        r1        a1        V2        r2        a2        A-in     A-used


                                            A#1       A#2        r0c       ac                                                h @ 1
    1    0=Coulomb       0=CHARGE (WS)  1     1.000     1.000    3.6412    0.0000    0.0000    0.0000     0.000     8.000   0.04000

    1    1=Volume        0=Woods-Saxon  2   70.0000    1.2500    0.6500   15.0000    1.2500    0.6500     0.000     8.000

    1    2=Surface       0=Woods-Saxon  3    0.0000    0.0000    0.0000    5.0000    1.3000    0.6500     0.000     8.000

    1    3=Projtl S.O.   0=Woods-Saxon  4    3.0000    1.0000    0.6500    0.0000    0.0000    0.0000     0.000     8.000

 Incoming partition  1 in excitation state # 1,   Laboratory Energy given for partition  1 Nucleus 1 in Excitation pair 1

0Lab. ENERGY ranges :

   from    300.000     to   0.00000     in     0 intervals
   from    0.00000     to   0.00000     in     0 intervals
   from    0.00000     to   0.00000     in     0 intervals

 Largest real,imaginary parts of any form factor at R=   49.60 are   2.90E-02  7.91E-31 MeV
 Finished all Couplings @    0.00000000               4

 Symmetric Hamiltonian
1***********************************************************************************************************************************
************************************************************************************************************************************

        INCOMING 7Li      ;    LABORATORY 7Li      ENERGY =   300.00     MeV.

 ***********************************************************************************************************************************
 ***********************************************************************************************************************************


  NOTE: Coulomb excitation cut off below   0.055 deg by JTMAX, and below   0.132 deg by Rmax

 Allocate arrays for            4  channels, of which            1  need wfs.
 Allocate arrays for            4  channels, of which            3  need wfs.
 Allocate arrays for            4  channels, of which            4  need wfs.
 Reaction Xsec     8.0-/ 7 @ 1 =   1.677 , Out:   0.000#
 Reaction Xsec     8.0-/ 7 @ 2 =   1.714 , Out:   0.000#
 Reaction Xsec     8.0-/ 9 @ 3 =   0.176 , Out:   0.000#
 Reaction Xsec     8.0-/ 9 @ 4 =   0.176 , Out:   0.000#
 Reaction Xsec     9.0+/ 8 @ 1 =   0.606 , Out:   0.000#
 Reaction Xsec     9.0+/ 8 @ 2 =   0.611 , Out:   0.000#
 Reaction Xsec     9.0+/10 @ 3 =   0.064 , Out:   0.000#
 Reaction Xsec     9.0+/10 @ 4 =   0.064 , Out:   0.000#
 Reaction Xsec     9.0-/ 7 @ 1 =   1.915 , Out:   0.000#
 Reaction Xsec     9.0-/ 9 @ 2 =   0.197 , Out:   0.000#
 Reaction Xsec     9.0-/ 9 @ 3 =   0.197 , Out:   0.000#
 Reaction Xsec     9.0-/11 @ 4 =   0.021 , Out:   0.000#
 Finished all CC sets @    1.56250000E-02
0CUMULATIVE REACTION cross section                 =  568.61175  <L> =     3.91  <L**2> =     18.5
0CUMULATIVE outgoing cross sections in partition 1 :    0.00000
0Cumulative ABSORBTION by Imaginary Potentials     =  568.61175  <L> =     3.91  <L**2> =     18.5
   Fusion for specific 7Li      M-states :  541.665181  559.346162  559.346162  541.665181

0CUMULATIVE OUTGOING cross section                 =    0.00000
 To convert to S-factors (MeV.mb = keV.b),  multiply by  5.9015E+01


 CROSS SECTIONS FOR OUTGOING 7Li      & p        in state #   1 with spins & parities 1.5  + &  0.5  +;  0

     0.01 deg.: X-S =   1.4301E+14 mb/sr,
+                                         /R =   9.9999E-01
     1.00 deg.: X-S =   1.3773E+06 mb/sr,
+                                         /R =   9.6304E-01
     2.00 deg.: X-S =   7.9371E+04 mb/sr,
+                                         /R =   8.8781E-01
     3.00 deg.: X-S =   1.4618E+04 mb/sr,
+                                         /R =   8.2759E-01
     4.00 deg.: X-S =  4764.834015 mb/sr,
+                                         /R =   8.5224E-01
     5.00 deg.: X-S =  2400.303302 mb/sr,
+                                         /R =   1.0477E+00
     6.00 deg.: X-S =  1670.308903 mb/sr,
+                                         /R =   1.5109E+00
     7.00 deg.: X-S =  1399.453222 mb/sr,
+                                         /R =   2.3437E+00
     8.00 deg.: X-S =  1276.862463 mb/sr,
+                                         /R =   3.6452E+00
     9.00 deg.: X-S =  1204.815256 mb/sr,
+                                         /R =   5.5046E+00
    10.00 deg.: X-S =  1149.100001 mb/sr,
+                                         /R =   7.9943E+00
    11.00 deg.: X-S =  1097.094350 mb/sr,
+                                         /R =   1.1163E+01
    12.00 deg.: X-S =  1044.233038 mb/sr,
+                                         /R =   1.5030E+01
    13.00 deg.: X-S =   989.153929 mb/sr,
+                                         /R =   1.9586E+01
    14.00 deg.: X-S =   931.811320 mb/sr,
+                                         /R =   2.4782E+01
    15.00 deg.: X-S =   872.695711 mb/sr,
+                                         /R =   3.0541E+01
    16.00 deg.: X-S =   812.495245 mb/sr,
+                                         /R =   3.6752E+01
    17.00 deg.: X-S =   751.943307 mb/sr,
+                                         /R =   4.3274E+01
    18.00 deg.: X-S =   691.748090 mb/sr,
+                                         /R =   4.9948E+01
    19.00 deg.: X-S =   632.559677 mb/sr,
+                                         /R =   5.6595E+01
    20.00 deg.: X-S =   574.954914 mb/sr,
+                                         /R =   6.3031E+01
    21.00 deg.: X-S =   519.431123 mb/sr,
+                                         /R =   6.9071E+01
    22.00 deg.: X-S =   466.404460 mb/sr,
+                                         /R =   7.4541E+01
    23.00 deg.: X-S =   416.210953 mb/sr,
+                                         /R =   7.9281E+01
    24.00 deg.: X-S =   369.109234 mb/sr,
+                                         /R =   8.3158E+01
    25.00 deg.: X-S =   325.284485 mb/sr,
+                                         /R =   8.6069E+01
    26.00 deg.: X-S =   284.853272 mb/sr,
+                                         /R =   8.7945E+01
    27.00 deg.: X-S =   247.869106 mb/sr,
+                                         /R =   8.8756E+01
    28.00 deg.: X-S =   214.328522 mb/sr,
+                                         /R =   8.8515E+01
    29.00 deg.: X-S =   184.177555 mb/sr,
+                                         /R =   8.7271E+01
    30.00 deg.: X-S =   157.318442 mb/sr,
+                                         /R =   8.5114E+01
    31.00 deg.: X-S =   133.616417 mb/sr,
+                                         /R =   8.2166E+01
    32.00 deg.: X-S =   112.906445 mb/sr,
+                                         /R =   7.8579E+01
    33.00 deg.: X-S =    94.999784 mb/sr,
+                                         /R =   7.4529E+01
    34.00 deg.: X-S =    79.690241 mb/sr,
+                                         /R =   7.0207E+01
    35.00 deg.: X-S =    66.760031 mb/sr,
+                                         /R =   6.5814E+01
    36.00 deg.: X-S =    55.985156 mb/sr,
+                                         /R =   6.1551E+01
    37.00 deg.: X-S =    47.140242 mb/sr,
+                                         /R =   5.7615E+01
    38.00 deg.: X-S =    40.002787 mb/sr,
+                                         /R =   5.4187E+01
    39.00 deg.: X-S =    34.356803 mb/sr,
+                                         /R =   5.1432E+01
    40.00 deg.: X-S =    29.995839 mb/sr,
+                                         /R =   4.9488E+01
    41.00 deg.: X-S =    26.725400 mb/sr,
+                                         /R =   4.8469E+01
    42.00 deg.: X-S =    24.364783 mb/sr,
+                                         /R =   4.8452E+01
    43.00 deg.: X-S =    22.748371 mb/sr,
+                                         /R =   4.9487E+01
    44.00 deg.: X-S =    21.726428 mb/sr,
+                                         /R =   5.1585E+01
    45.00 deg.: X-S =    21.165438 mb/sr,
+                                         /R =   5.4730E+01
    46.00 deg.: X-S =    20.948067 mb/sr,
+                                         /R =   5.8870E+01
    47.00 deg.: X-S =    20.972779 mb/sr,
+                                         /R =   6.3928E+01
    48.00 deg.: X-S =    21.153188 mb/sr,
+                                         /R =   6.9802E+01
    49.00 deg.: X-S =    21.417191 mb/sr,
+                                         /R =   7.6367E+01
    50.00 deg.: X-S =    21.705932 mb/sr,
+                                         /R =   8.3485E+01
    51.00 deg.: X-S =    21.972667 mb/sr,
+                                         /R =   9.1003E+01
    52.00 deg.: X-S =    22.181545 mb/sr,
+                                         /R =   9.8763E+01
    53.00 deg.: X-S =    22.306376 mb/sr,
+                                         /R =   1.0660E+02
    54.00 deg.: X-S =    22.329391 mb/sr,
+                                         /R =   1.1437E+02
    55.00 deg.: X-S =    22.240047 mb/sr,
+                                         /R =   1.2190E+02
    56.00 deg.: X-S =    22.033876 mb/sr,
+                                         /R =   1.2905E+02
    57.00 deg.: X-S =    21.711416 mb/sr,
+                                         /R =   1.3570E+02
    58.00 deg.: X-S =    21.277222 mb/sr,
+                                         /R =   1.4172E+02
    59.00 deg.: X-S =    20.738967 mb/sr,
+                                         /R =   1.4702E+02
    60.00 deg.: X-S =    20.106643 mb/sr,
+                                         /R =   1.5152E+02
    61.00 deg.: X-S =    19.391859 mb/sr,
+                                         /R =   1.5514E+02
    62.00 deg.: X-S =    18.607231 mb/sr,
+                                         /R =   1.5786E+02
    63.00 deg.: X-S =    17.765863 mb/sr,
+                                         /R =   1.5965E+02
    64.00 deg.: X-S =    16.880920 mb/sr,
+                                         /R =   1.6050E+02
    65.00 deg.: X-S =    15.965272 mb/sr,
+                                         /R =   1.6043E+02
    66.00 deg.: X-S =    15.031217 mb/sr,
+                                         /R =   1.5946E+02
    67.00 deg.: X-S =    14.090264 mb/sr,
+                                         /R =   1.5766E+02
    68.00 deg.: X-S =    13.152974 mb/sr,
+                                         /R =   1.5506E+02
    69.00 deg.: X-S =    12.228854 mb/sr,
+                                         /R =   1.5175E+02
    70.00 deg.: X-S =    11.326289 mb/sr,
+                                         /R =   1.4780E+02
    71.00 deg.: X-S =    10.452514 mb/sr,
+                                         /R =   1.4331E+02
    72.00 deg.: X-S =     9.613611 mb/sr,
+                                         /R =   1.3836E+02
    73.00 deg.: X-S =     8.814539 mb/sr,
+                                         /R =   1.3304E+02
    74.00 deg.: X-S =     8.059170 mb/sr,
+                                         /R =   1.2746E+02
    75.00 deg.: X-S =     7.350357 mb/sr,
+                                         /R =   1.2171E+02
    76.00 deg.: X-S =     6.689999 mb/sr,
+                                         /R =   1.1589E+02
    77.00 deg.: X-S =     6.079122 mb/sr,
+                                         /R =   1.1007E+02
    78.00 deg.: X-S =     5.517965 mb/sr,
+                                         /R =   1.0435E+02
    79.00 deg.: X-S =     5.006066 mb/sr,
+                                         /R =   9.8804E+01
    80.00 deg.: X-S =     4.542350 mb/sr,
+                                         /R =   9.3495E+01
    81.00 deg.: X-S =     4.125220 mb/sr,
+                                         /R =   8.8483E+01
    82.00 deg.: X-S =     3.752640 mb/sr,
+                                         /R =   8.3819E+01
    83.00 deg.: X-S =     3.422222 mb/sr,
+                                         /R =   7.9543E+01
    84.00 deg.: X-S =     3.131299 mb/sr,
+                                         /R =   7.5684E+01
    85.00 deg.: X-S =     2.877006 mb/sr,
+                                         /R =   7.2262E+01
    86.00 deg.: X-S =     2.656345 mb/sr,
+                                         /R =   6.9287E+01
    87.00 deg.: X-S =     2.466245 mb/sr,
+                                         /R =   6.6761E+01
    88.00 deg.: X-S =     2.303626 mb/sr,
+                                         /R =   6.4675E+01
    89.00 deg.: X-S =     2.165442 mb/sr,
+                                         /R =   6.3013E+01
    90.00 deg.: X-S =     2.048726 mb/sr,
+                                         /R =   6.1753E+01
    91.00 deg.: X-S =     1.950632 mb/sr,
+                                         /R =   6.0867E+01
    92.00 deg.: X-S =     1.868459 mb/sr,
+                                         /R =   6.0319E+01
    93.00 deg.: X-S =     1.799681 mb/sr,
+                                         /R =   6.0073E+01
    94.00 deg.: X-S =     1.741960 mb/sr,
+                                         /R =   6.0088E+01
    95.00 deg.: X-S =     1.693167 mb/sr,
+                                         /R =   6.0320E+01
    96.00 deg.: X-S =     1.651382 mb/sr,
+                                         /R =   6.0726E+01
    97.00 deg.: X-S =     1.614902 mb/sr,
+                                         /R =   6.1264E+01
    98.00 deg.: X-S =     1.582239 mb/sr,
+                                         /R =   6.1891E+01
    99.00 deg.: X-S =     1.552116 mb/sr,
+                                         /R =   6.2567E+01
   100.00 deg.: X-S =     1.523457 mb/sr,
+                                         /R =   6.3253E+01
   101.00 deg.: X-S =     1.495379 mb/sr,
+                                         /R =   6.3916E+01
   102.00 deg.: X-S =     1.467179 mb/sr,
+                                         /R =   6.4525E+01
   103.00 deg.: X-S =     1.438318 mb/sr,
+                                         /R =   6.5053E+01
   104.00 deg.: X-S =     1.408406 mb/sr,
+                                         /R =   6.5478E+01
   105.00 deg.: X-S =     1.377187 mb/sr,
+                                         /R =   6.5780E+01
   106.00 deg.: X-S =     1.344519 mb/sr,
+                                         /R =   6.5947E+01
   107.00 deg.: X-S =     1.310361 mb/sr,
+                                         /R =   6.5969E+01
   108.00 deg.: X-S =     1.274752 mb/sr,
+                                         /R =   6.5840E+01
   109.00 deg.: X-S =     1.237799 mb/sr,
+                                         /R =   6.5559E+01
   110.00 deg.: X-S =     1.199660 mb/sr,
+                                         /R =   6.5126E+01
   111.00 deg.: X-S =     1.160531 mb/sr,
+                                         /R =   6.4546E+01
   112.00 deg.: X-S =     1.120631 mb/sr,
+                                         /R =   6.3826E+01
   113.00 deg.: X-S =     1.080193 mb/sr,
+                                         /R =   6.2974E+01
   114.00 deg.: X-S =     1.039455 mb/sr,
+                                         /R =   6.2002E+01
   115.00 deg.: X-S =     0.998648 mb/sr,
+                                         /R =   6.0921E+01
   116.00 deg.: X-S =     0.957994 mb/sr,
+                                         /R =   5.9742E+01
   117.00 deg.: X-S =     0.917698 mb/sr,
+                                         /R =   5.8479E+01
   118.00 deg.: X-S =     0.877945 mb/sr,
+                                         /R =   5.7143E+01
   119.00 deg.: X-S =     0.838896 mb/sr,
+                                         /R =   5.5748E+01
   120.00 deg.: X-S =     0.800690 mb/sr,
+                                         /R =   5.4303E+01
   121.00 deg.: X-S =     0.763443 mb/sr,
+                                         /R =   5.2820E+01
   122.00 deg.: X-S =     0.727247 mb/sr,
+                                         /R =   5.1309E+01
   123.00 deg.: X-S =     0.692174 mb/sr,
+                                         /R =   4.9779E+01
   124.00 deg.: X-S =     0.658276 mb/sr,
+                                         /R =   4.8237E+01
   125.00 deg.: X-S =     0.625588 mb/sr,
+                                         /R =   4.6692E+01
   126.00 deg.: X-S =     0.594133 mb/sr,
+                                         /R =   4.5148E+01
   127.00 deg.: X-S =     0.563922 mb/sr,
+                                         /R =   4.3613E+01
   128.00 deg.: X-S =     0.534956 mb/sr,
+                                         /R =   4.2092E+01
   129.00 deg.: X-S =     0.507235 mb/sr,
+                                         /R =   4.0588E+01
   130.00 deg.: X-S =     0.480750 mb/sr,
+                                         /R =   3.9107E+01
   131.00 deg.: X-S =     0.455496 mb/sr,
+                                         /R =   3.7654E+01
   132.00 deg.: X-S =     0.431465 mb/sr,
+                                         /R =   3.6233E+01
   133.00 deg.: X-S =     0.408654 mb/sr,
+                                         /R =   3.4848E+01
   134.00 deg.: X-S =     0.387063 mb/sr,
+                                         /R =   3.3506E+01
   135.00 deg.: X-S =     0.366694 mb/sr,
+                                         /R =   3.2211E+01
   136.00 deg.: X-S =     0.347556 mb/sr,
+                                         /R =   3.0969E+01
   137.00 deg.: X-S =     0.329663 mb/sr,
+                                         /R =   2.9786E+01
   138.00 deg.: X-S =     0.313032 mb/sr,
+                                         /R =   2.8670E+01
   139.00 deg.: X-S =     0.297687 mb/sr,
+                                         /R =   2.7628E+01
   140.00 deg.: X-S =     0.283653 mb/sr,
+                                         /R =   2.6667E+01
   141.00 deg.: X-S =     0.270960 mb/sr,
+                                         /R =   2.5795E+01
   142.00 deg.: X-S =     0.259641 mb/sr,
+                                         /R =   2.5020E+01
   143.00 deg.: X-S =     0.249727 mb/sr,
+                                         /R =   2.4352E+01
   144.00 deg.: X-S =     0.241251 mb/sr,
+                                         /R =   2.3797E+01
   145.00 deg.: X-S =     0.234243 mb/sr,
+                                         /R =   2.3366E+01
   146.00 deg.: X-S =     0.228731 mb/sr,
+                                         /R =   2.3065E+01
   147.00 deg.: X-S =     0.224738 mb/sr,
+                                         /R =   2.2901E+01
   148.00 deg.: X-S =     0.222282 mb/sr,
+                                         /R =   2.2883E+01
   149.00 deg.: X-S =     0.221372 mb/sr,
+                                         /R =   2.3014E+01
   150.00 deg.: X-S =     0.222008 mb/sr,
+                                         /R =   2.3301E+01
   151.00 deg.: X-S =     0.224183 mb/sr,
+                                         /R =   2.3747E+01
   152.00 deg.: X-S =     0.227877 mb/sr,
+                                         /R =   2.4353E+01
   153.00 deg.: X-S =     0.233057 mb/sr,
+                                         /R =   2.5120E+01
   154.00 deg.: X-S =     0.239681 mb/sr,
+                                         /R =   2.6047E+01
   155.00 deg.: X-S =     0.247692 mb/sr,
+                                         /R =   2.7131E+01
   156.00 deg.: X-S =     0.257018 mb/sr,
+                                         /R =   2.8367E+01
   157.00 deg.: X-S =     0.267578 mb/sr,
+                                         /R =   2.9748E+01
   158.00 deg.: X-S =     0.279275 mb/sr,
+                                         /R =   3.1265E+01
   159.00 deg.: X-S =     0.292000 mb/sr,
+                                         /R =   3.2907E+01
   160.00 deg.: X-S =     0.305634 mb/sr,
+                                         /R =   3.4661E+01
   161.00 deg.: X-S =     0.320046 mb/sr,
+                                         /R =   3.6514E+01
   162.00 deg.: X-S =     0.335094 mb/sr,
+                                         /R =   3.8449E+01
   163.00 deg.: X-S =     0.350629 mb/sr,
+                                         /R =   4.0448E+01
   164.00 deg.: X-S =     0.366495 mb/sr,
+                                         /R =   4.2493E+01
   165.00 deg.: X-S =     0.382530 mb/sr,
+                                         /R =   4.4563E+01
   166.00 deg.: X-S =     0.398566 mb/sr,
+                                         /R =   4.6638E+01
   167.00 deg.: X-S =     0.414437 mb/sr,
+                                         /R =   4.8696E+01
   168.00 deg.: X-S =     0.429973 mb/sr,
+                                         /R =   5.0715E+01
   169.00 deg.: X-S =     0.445007 mb/sr,
+                                         /R =   5.2673E+01
   170.00 deg.: X-S =     0.459376 mb/sr,
+                                         /R =   5.4548E+01
   171.00 deg.: X-S =     0.472921 mb/sr,
+                                         /R =   5.6320E+01
   172.00 deg.: X-S =     0.485492 mb/sr,
+                                         /R =   5.7967E+01
   173.00 deg.: X-S =     0.496947 mb/sr,
+                                         /R =   5.9471E+01
   174.00 deg.: X-S =     0.507156 mb/sr,
+                                         /R =   6.0813E+01
   175.00 deg.: X-S =     0.516004 mb/sr,
+                                         /R =   6.1978E+01
   176.00 deg.: X-S =     0.523388 mb/sr,
+                                         /R =   6.2951E+01
   177.00 deg.: X-S =     0.529222 mb/sr,
+                                         /R =   6.3720E+01
   178.00 deg.: X-S =     0.533438 mb/sr,
+                                         /R =   6.4277E+01
   179.00 deg.: X-S =     0.535988 mb/sr,
+                                         /R =   6.4614E+01
   179.99 deg.: X-S =     0.536842 mb/sr,
+                                         /R =   6.4727E+01
                                           Integrated********** mb, over [   0.000, 180.000] at   300.0000 MeV 
 Finished all xsecs @    1.56250000E-02

  The following files have been created:
   3:local copy of User input.            6:standard output.                   
  13:total cross sections/state.         39:cross sections for each Ecm.       
  40:all cross sectns. for each Elab.    56:Fusion for each Jtotal.            

 PARAMETERS : MAXQRN   MFNL   MLOC  LMAX1 MCLIST
    ALLOWED :      1     16      4    170      6
    REQUIRED:      0      0      4     12      4


 ACCURACY ANALYSIS at   300.000 MeV :

  Elastic h*k = 0.050 so OK       compared with 0.200

   Real(S-el) > 0.01 first at J =       1.0
   Real(S-el) > 0.10 first at J =       1.0
   Real(S-el) > 0.50 first at J =       3.0
   Real(S-el) > 0.90 first at J =       4.0
   Real(S-el) > 0.99 first at J =       6.0
   R-turn =     7.63 fm    at J =       9.0

 Forward-angle excitation cut off below   0.871 deg by max JT =       9.0
                              and below   0.132 deg by max R.

 Total CPU  0 time =       0.02 seconds
