 FRESCO - FRES 3.4: Coupled Reaction Channels
 Assuming NAMELIST input.

 Test reaction with generated potential                                          

   0.040  50.000   0.500   0.000   0.000   0.000   0.000   0.000   0.000   0.000

 Centre-of-mass Range is   1252 * 0.0400 fm., Maximum at  50.00 fm., Interpolating NL forms every  0.52 fm.
 Non - locality width is      4 * 0.0400 fm., Maximum of   0.12 fm., Centred at  0.00 fm.
 2-Nucleon Separation of      0 * 0.5200 fm., Maximum of   0.00 fm., Minimum at  0.00 fm.
 Maximum single particle bins of 49.9200 fm.
               M,Mint =         1251        1249


 Range of total J is     0.0 <= J <=   150.0 (at least     0.0) and Absorbtion =>     0.1000 mb.
 Dry Run = F, CC set limits =  0  0, Relativistic kinematics =  , Both/Far/Near Analyses =  1                     

 Cross Sections (and up to T0 for 0=projectile) for Theta from   0.0 to 180.0 in steps of  1.0 degrees, DGAM=0,  Coordinates = 0 (Mads)

 Lower Radial Cutoff = maximum of -1.60*L*h &       0.0 fm.,  Lower Cutoff for Couplings =   0.0  fm.


 Iterate Couplings between   0 and   0 times, to  0.000 % if sooner.                                          
  Block solved exactly =   0 chs., with Pade = 0 & Isocen =  =0, NOSOL = F, initwf =  0
  NL quadrature with   18 Gaussian points, Calculate multipoles up to   156 from   0
  M-transfers for lp+lt greater than or equal to  6, Angular Integration Cutoff below  2.7778 %


 Trace switches are :  CHANS =  0, LISTCC =  0, TRENEG =  0, CDETR =  0, SMATS =  0, XSTABL =  0, NLPL =  0

                       WAVES =  0, LAMPL =  0, VEFF =  0, KFUS =  0, WDISK =  0, BPM =  0, MELFIL =  0

                       CDCC =  0, NFUS =  0

 Using unit mass = 1.000000 amu and 1/fine-structure constant = 137.03599 ( 1.000000 * true ) with hc = 197.32705 MeV.fm,
  thus 2*amu/hbar^2 = 0.0478450 = 1/20.9008 and Coulomb constant = 0.1574855 so e^2 = 1.43997, and nuclear magneton= 0.1261183

 Now pre-scan input and save to file 3



 *********** PARTITION NUMBER  1 ******************************************************************************************

   PROJ=7Li        MASS=  7.0000 Z=   3.0,        # STATES=    1T, TARG=p        MASS=  1.0000 Z=   1.0,     Q-VALUE =   0.0000 MEV.

     1:  J= 1.5+ (B# 1), E=  0.0000, K= 0.5              Potl#  1       J= 0.5+ (B# 1), E=  0.0000, K= 0.5    


 ************************************************************************************************************************************

 The following POTENTIALS are defined :

  KP#       TYPE      IT    SHAPE      at     V1        r1        a1        V2        r2        a2        A-in     A-used


                                            A#1       A#2        r0c       ac                                                h @ 1
    1    0=Coulomb       0=CHARGE (WS)  1     1.000     1.000    3.6412    0.0000    0.0000    0.0000     0.000     8.000   0.04000

    1    1=Volume        0=Woods-Saxon  2   70.0000    1.2500    0.6500   15.0000    1.2500    0.6500     0.000     8.000

    1    2=Surface       0=Woods-Saxon  3    0.0000    0.0000    0.0000    5.0000    1.3000    0.6500     0.000     8.000

    1    3=Projtl S.O.   0=Woods-Saxon  4    3.0000    1.0000    0.6500    0.0000    0.0000    0.0000     0.000     8.000

 Incoming partition  1 in excitation state # 1,   Laboratory Energy given for partition  1 Nucleus 1 in Excitation pair 1

0Lab. ENERGY ranges :

   from    260.000     to   0.00000     in     0 intervals
   from    0.00000     to   0.00000     in     0 intervals
   from    0.00000     to   0.00000     in     0 intervals

 Largest real,imaginary parts of any form factor at R=   49.60 are   2.90E-02  7.91E-31 MeV
 Finished all Couplings @    1.56250000E-02           4

 Symmetric Hamiltonian
1***********************************************************************************************************************************
************************************************************************************************************************************

        INCOMING 7Li      ;    LABORATORY 7Li      ENERGY =   260.00     MeV.

 ***********************************************************************************************************************************
 ***********************************************************************************************************************************


  NOTE: Coulomb excitation cut off below   0.059 deg by JTMAX, and below   0.152 deg by Rmax

 Allocate arrays for            4  channels, of which            1  need wfs.
 Allocate arrays for            4  channels, of which            3  need wfs.
 Allocate arrays for            4  channels, of which            4  need wfs.
 Reaction Xsec     8.0+/ 6 @ 1 =   4.065 , Out:   0.000#
 Reaction Xsec     8.0+/ 8 @ 2 =   0.344 , Out:   0.000#
 Reaction Xsec     8.0+/ 8 @ 3 =   0.346 , Out:   0.000#
 Reaction Xsec     8.0+/10 @ 4 =   0.032 , Out:   0.000#
 Reaction Xsec     8.0-/ 7 @ 1 =   1.152 , Out:   0.000#
 Reaction Xsec     8.0-/ 7 @ 2 =   1.170 , Out:   0.000#
 Reaction Xsec     8.0-/ 9 @ 3 =   0.104 , Out:   0.000#
 Reaction Xsec     8.0-/ 9 @ 4 =   0.104 , Out:   0.000#
 Reaction Xsec     9.0+/ 8 @ 1 =   0.387 , Out:   0.000#
 Reaction Xsec     9.0+/ 8 @ 2 =   0.389 , Out:   0.000#
 Reaction Xsec     9.0+/10 @ 3 =   0.035 , Out:   0.000#
 Reaction Xsec     9.0+/10 @ 4 =   0.035 , Out:   0.000#
 Finished all CC sets @    3.12500000E-02
0CUMULATIVE REACTION cross section                 =  596.51004  <L> =     3.72  <L**2> =     16.7
0CUMULATIVE outgoing cross sections in partition 1 :    0.00000
0Cumulative ABSORBTION by Imaginary Potentials     =  596.51004  <L> =     3.72  <L**2> =     16.7
   Fusion for specific 7Li      M-states :  784.753119  804.815773  804.815773  784.753119

0CUMULATIVE OUTGOING cross section                 =    0.00000
 To convert to S-factors (MeV.mb = keV.b),  multiply by  5.2896E+01


 CROSS SECTIONS FOR OUTGOING 7Li      & p        in state #   1 with spins & parities 1.5  + &  0.5  +;  0

     0.01 deg.: X-S =   1.9040E+14 mb/sr,
+                                         /R =   9.9999E-01
     1.00 deg.: X-S =   1.8457E+06 mb/sr,
+                                         /R =   9.6932E-01
     2.00 deg.: X-S =   1.0779E+05 mb/sr,
+                                         /R =   9.0561E-01
     3.00 deg.: X-S =   1.9930E+04 mb/sr,
+                                         /R =   8.4746E-01
     4.00 deg.: X-S =  6278.133363 mb/sr,
+                                         /R =   8.4343E-01
     5.00 deg.: X-S =  2906.214299 mb/sr,
+                                         /R =   9.5277E-01
     6.00 deg.: X-S =  1829.095194 mb/sr,
+                                         /R =   1.2427E+00
     7.00 deg.: X-S =  1418.823920 mb/sr,
+                                         /R =   1.7847E+00
     8.00 deg.: X-S =  1235.769507 mb/sr,
+                                         /R =   2.6498E+00
     9.00 deg.: X-S =  1137.651327 mb/sr,
+                                         /R =   3.9041E+00
    10.00 deg.: X-S =  1072.460569 mb/sr,
+                                         /R =   5.6041E+00
    11.00 deg.: X-S =  1019.619022 mb/sr,
+                                         /R =   7.7924E+00
    12.00 deg.: X-S =   970.652289 mb/sr,
+                                         /R =   1.0494E+01
    13.00 deg.: X-S =   922.109282 mb/sr,
+                                         /R =   1.3714E+01
    14.00 deg.: X-S =   872.738637 mb/sr,
+                                         /R =   1.7434E+01
    15.00 deg.: X-S =   822.284299 mb/sr,
+                                         /R =   2.1615E+01
    16.00 deg.: X-S =   770.943031 mb/sr,
+                                         /R =   2.6193E+01
    17.00 deg.: X-S =   719.108913 mb/sr,
+                                         /R =   3.1084E+01
    18.00 deg.: X-S =   667.248452 mb/sr,
+                                         /R =   3.6187E+01
    19.00 deg.: X-S =   615.837657 mb/sr,
+                                         /R =   4.1385E+01
    20.00 deg.: X-S =   565.329618 mb/sr,
+                                         /R =   4.6550E+01
    21.00 deg.: X-S =   516.137654 mb/sr,
+                                         /R =   5.1551E+01
    22.00 deg.: X-S =   468.626718 mb/sr,
+                                         /R =   5.6255E+01
    23.00 deg.: X-S =   423.109410 mb/sr,
+                                         /R =   6.0536E+01
    24.00 deg.: X-S =   379.844708 mb/sr,
+                                         /R =   6.4278E+01
    25.00 deg.: X-S =   339.038427 mb/sr,
+                                         /R =   6.7381E+01
    26.00 deg.: X-S =   300.844848 mb/sr,
+                                         /R =   6.9765E+01
    27.00 deg.: X-S =   265.369217 mb/sr,
+                                         /R =   7.1373E+01
    28.00 deg.: X-S =   232.670869 mb/sr,
+                                         /R =   7.2174E+01
    29.00 deg.: X-S =   202.766865 mb/sr,
+                                         /R =   7.2167E+01
    30.00 deg.: X-S =   175.635984 mb/sr,
+                                         /R =   7.1374E+01
    31.00 deg.: X-S =   151.222979 mb/sr,
+                                         /R =   6.9848E+01
    32.00 deg.: X-S =   129.442989 mb/sr,
+                                         /R =   6.7666E+01
    33.00 deg.: X-S =   110.186010 mb/sr,
+                                         /R =   6.4928E+01
    34.00 deg.: X-S =    93.321346 mb/sr,
+                                         /R =   6.1754E+01
    35.00 deg.: X-S =    78.701942 mb/sr,
+                                         /R =   5.8276E+01
    36.00 deg.: X-S =    66.168552 mb/sr,
+                                         /R =   5.4641E+01
    37.00 deg.: X-S =    55.553654 mb/sr,
+                                         /R =   5.0999E+01
    38.00 deg.: X-S =    46.685085 mb/sr,
+                                         /R =   4.7499E+01
    39.00 deg.: X-S =    39.389332 mb/sr,
+                                         /R =   4.4289E+01
    40.00 deg.: X-S =    33.494478 mb/sr,
+                                         /R =   4.1507E+01
    41.00 deg.: X-S =    28.832757 mb/sr,
+                                         /R =   3.9276E+01
    42.00 deg.: X-S =    25.242727 mb/sr,
+                                         /R =   3.7704E+01
    43.00 deg.: X-S =    22.571067 mb/sr,
+                                         /R =   3.6880E+01
    44.00 deg.: X-S =    20.673987 mb/sr,
+                                         /R =   3.6869E+01
    45.00 deg.: X-S =    19.418290 mb/sr,
+                                         /R =   3.7715E+01
    46.00 deg.: X-S =    18.682104 mb/sr,
+                                         /R =   3.9435E+01
    47.00 deg.: X-S =    18.355298 mb/sr,
+                                         /R =   4.2024E+01
    48.00 deg.: X-S =    18.339636 mb/sr,
+                                         /R =   4.5455E+01
    49.00 deg.: X-S =    18.548685 mb/sr,
+                                         /R =   4.9678E+01
    50.00 deg.: X-S =    18.907516 mb/sr,
+                                         /R =   5.4622E+01
    51.00 deg.: X-S =    19.352240 mb/sr,
+                                         /R =   6.0202E+01
    52.00 deg.: X-S =    19.829399 mb/sr,
+                                         /R =   6.6316E+01
    53.00 deg.: X-S =    20.295259 mb/sr,
+                                         /R =   7.2853E+01
    54.00 deg.: X-S =    20.715022 mb/sr,
+                                         /R =   7.9692E+01
    55.00 deg.: X-S =    21.061991 mb/sr,
+                                         /R =   8.6709E+01
    56.00 deg.: X-S =    21.316711 mb/sr,
+                                         /R =   9.3777E+01
    57.00 deg.: X-S =    21.466108 mb/sr,
+                                         /R =   1.0077E+02
    58.00 deg.: X-S =    21.502639 mb/sr,
+                                         /R =   1.0758E+02
    59.00 deg.: X-S =    21.423478 mb/sr,
+                                         /R =   1.1407E+02
    60.00 deg.: X-S =    21.229736 mb/sr,
+                                         /R =   1.2016E+02
    61.00 deg.: X-S =    20.925738 mb/sr,
+                                         /R =   1.2575E+02
    62.00 deg.: X-S =    20.518356 mb/sr,
+                                         /R =   1.3075E+02
    63.00 deg.: X-S =    20.016398 mb/sr,
+                                         /R =   1.3510E+02
    64.00 deg.: X-S =    19.430067 mb/sr,
+                                         /R =   1.3876E+02
    65.00 deg.: X-S =    18.770484 mb/sr,
+                                         /R =   1.4167E+02
    66.00 deg.: X-S =    18.049267 mb/sr,
+                                         /R =   1.4383E+02
    67.00 deg.: X-S =    17.278180 mb/sr,
+                                         /R =   1.4521E+02
    68.00 deg.: X-S =    16.468831 mb/sr,
+                                         /R =   1.4583E+02
    69.00 deg.: X-S =    15.632434 mb/sr,
+                                         /R =   1.4571E+02
    70.00 deg.: X-S =    14.779609 mb/sr,
+                                         /R =   1.4487E+02
    71.00 deg.: X-S =    13.920237 mb/sr,
+                                         /R =   1.4335E+02
    72.00 deg.: X-S =    13.063350 mb/sr,
+                                         /R =   1.4121E+02
    73.00 deg.: X-S =    12.217060 mb/sr,
+                                         /R =   1.3850E+02
    74.00 deg.: X-S =    11.388515 mb/sr,
+                                         /R =   1.3529E+02
    75.00 deg.: X-S =    10.583888 mb/sr,
+                                         /R =   1.3164E+02
    76.00 deg.: X-S =     9.808381 mb/sr,
+                                         /R =   1.2762E+02
    77.00 deg.: X-S =     9.066254 mb/sr,
+                                         /R =   1.2330E+02
    78.00 deg.: X-S =     8.360867 mb/sr,
+                                         /R =   1.1876E+02
    79.00 deg.: X-S =     7.694732 mb/sr,
+                                         /R =   1.1407E+02
    80.00 deg.: X-S =     7.069575 mb/sr,
+                                         /R =   1.0930E+02
    81.00 deg.: X-S =     6.486406 mb/sr,
+                                         /R =   1.0450E+02
    82.00 deg.: X-S =     5.945591 mb/sr,
+                                         /R =   9.9749E+01
    83.00 deg.: X-S =     5.446923 mb/sr,
+                                         /R =   9.5093E+01
    84.00 deg.: X-S =     4.989702 mb/sr,
+                                         /R =   9.0585E+01
    85.00 deg.: X-S =     4.572804 mb/sr,
+                                         /R =   8.6269E+01
    86.00 deg.: X-S =     4.194752 mb/sr,
+                                         /R =   8.2183E+01
    87.00 deg.: X-S =     3.853786 mb/sr,
+                                         /R =   7.8357E+01
    88.00 deg.: X-S =     3.547924 mb/sr,
+                                         /R =   7.4817E+01
    89.00 deg.: X-S =     3.275020 mb/sr,
+                                         /R =   7.1582E+01
    90.00 deg.: X-S =     3.032819 mb/sr,
+                                         /R =   6.8664E+01
    91.00 deg.: X-S =     2.819001 mb/sr,
+                                         /R =   6.6070E+01
    92.00 deg.: X-S =     2.631229 mb/sr,
+                                         /R =   6.3802E+01
    93.00 deg.: X-S =     2.467181 mb/sr,
+                                         /R =   6.1857E+01
    94.00 deg.: X-S =     2.324580 mb/sr,
+                                         /R =   6.0227E+01
    95.00 deg.: X-S =     2.201224 mb/sr,
+                                         /R =   5.8902E+01
    96.00 deg.: X-S =     2.095003 mb/sr,
+                                         /R =   5.7865E+01
    97.00 deg.: X-S =     2.003916 mb/sr,
+                                         /R =   5.7101E+01
    98.00 deg.: X-S =     1.926083 mb/sr,
+                                         /R =   5.6589E+01
    99.00 deg.: X-S =     1.859750 mb/sr,
+                                         /R =   5.6309E+01
   100.00 deg.: X-S =     1.803297 mb/sr,
+                                         /R =   5.6237E+01
   101.00 deg.: X-S =     1.755234 mb/sr,
+                                         /R =   5.6351E+01
   102.00 deg.: X-S =     1.714205 mb/sr,
+                                         /R =   5.6626E+01
   103.00 deg.: X-S =     1.678980 mb/sr,
+                                         /R =   5.7038E+01
   104.00 deg.: X-S =     1.648453 mb/sr,
+                                         /R =   5.7563E+01
   105.00 deg.: X-S =     1.621632 mb/sr,
+                                         /R =   5.8178E+01
   106.00 deg.: X-S =     1.597637 mb/sr,
+                                         /R =   5.8859E+01
   107.00 deg.: X-S =     1.575690 mb/sr,
+                                         /R =   5.9583E+01
   108.00 deg.: X-S =     1.555105 mb/sr,
+                                         /R =   6.0330E+01
   109.00 deg.: X-S =     1.535286 mb/sr,
+                                         /R =   6.1076E+01
   110.00 deg.: X-S =     1.515717 mb/sr,
+                                         /R =   6.1804E+01
   111.00 deg.: X-S =     1.495956 mb/sr,
+                                         /R =   6.2493E+01
   112.00 deg.: X-S =     1.475629 mb/sr,
+                                         /R =   6.3127E+01
   113.00 deg.: X-S =     1.454426 mb/sr,
+                                         /R =   6.3688E+01
   114.00 deg.: X-S =     1.432094 mb/sr,
+                                         /R =   6.4162E+01
   115.00 deg.: X-S =     1.408436 mb/sr,
+                                         /R =   6.4535E+01
   116.00 deg.: X-S =     1.383306 mb/sr,
+                                         /R =   6.4795E+01
   117.00 deg.: X-S =     1.356603 mb/sr,
+                                         /R =   6.4932E+01
   118.00 deg.: X-S =     1.328273 mb/sr,
+                                         /R =   6.4937E+01
   119.00 deg.: X-S =     1.298303 mb/sr,
+                                         /R =   6.4803E+01
   120.00 deg.: X-S =     1.266720 mb/sr,
+                                         /R =   6.4527E+01
   121.00 deg.: X-S =     1.233584 mb/sr,
+                                         /R =   6.4106E+01
   122.00 deg.: X-S =     1.198990 mb/sr,
+                                         /R =   6.3538E+01
   123.00 deg.: X-S =     1.163064 mb/sr,
+                                         /R =   6.2826E+01
   124.00 deg.: X-S =     1.125954 mb/sr,
+                                         /R =   6.1973E+01
   125.00 deg.: X-S =     1.087835 mb/sr,
+                                         /R =   6.0984E+01
   126.00 deg.: X-S =     1.048898 mb/sr,
+                                         /R =   5.9868E+01
   127.00 deg.: X-S =     1.009349 mb/sr,
+                                         /R =   5.8634E+01
   128.00 deg.: X-S =     0.969406 mb/sr,
+                                         /R =   5.7291E+01
   129.00 deg.: X-S =     0.929293 mb/sr,
+                                         /R =   5.5853E+01
   130.00 deg.: X-S =     0.889237 mb/sr,
+                                         /R =   5.4333E+01
   131.00 deg.: X-S =     0.849467 mb/sr,
+                                         /R =   5.2745E+01
   132.00 deg.: X-S =     0.810204 mb/sr,
+                                         /R =   5.1104E+01
   133.00 deg.: X-S =     0.771667 mb/sr,
+                                         /R =   4.9427E+01
   134.00 deg.: X-S =     0.734062 mb/sr,
+                                         /R =   4.7728E+01
   135.00 deg.: X-S =     0.697588 mb/sr,
+                                         /R =   4.6026E+01
   136.00 deg.: X-S =     0.662432 mb/sr,
+                                         /R =   4.4335E+01
   137.00 deg.: X-S =     0.628765 mb/sr,
+                                         /R =   4.2672E+01
   138.00 deg.: X-S =     0.596750 mb/sr,
+                                         /R =   4.1052E+01
   139.00 deg.: X-S =     0.566535 mb/sr,
+                                         /R =   3.9493E+01
   140.00 deg.: X-S =     0.538258 mb/sr,
+                                         /R =   3.8008E+01
   141.00 deg.: X-S =     0.512047 mb/sr,
+                                         /R =   3.6613E+01
   142.00 deg.: X-S =     0.488020 mb/sr,
+                                         /R =   3.5323E+01
   143.00 deg.: X-S =     0.466290 mb/sr,
+                                         /R =   3.4153E+01
   144.00 deg.: X-S =     0.446962 mb/sr,
+                                         /R =   3.3116E+01
   145.00 deg.: X-S =     0.430137 mb/sr,
+                                         /R =   3.2227E+01
   146.00 deg.: X-S =     0.415912 mb/sr,
+                                         /R =   3.1501E+01
   147.00 deg.: X-S =     0.404383 mb/sr,
+                                         /R =   3.0951E+01
   148.00 deg.: X-S =     0.395640 mb/sr,
+                                         /R =   3.0592E+01
   149.00 deg.: X-S =     0.389772 mb/sr,
+                                         /R =   3.0436E+01
   150.00 deg.: X-S =     0.386863 mb/sr,
+                                         /R =   3.0498E+01
   151.00 deg.: X-S =     0.386988 mb/sr,
+                                         /R =   3.0790E+01
   152.00 deg.: X-S =     0.390216 mb/sr,
+                                         /R =   3.1323E+01
   153.00 deg.: X-S =     0.396603 mb/sr,
+                                         /R =   3.2109E+01
   154.00 deg.: X-S =     0.406187 mb/sr,
+                                         /R =   3.3156E+01
   155.00 deg.: X-S =     0.418988 mb/sr,
+                                         /R =   3.4472E+01
   156.00 deg.: X-S =     0.435000 mb/sr,
+                                         /R =   3.6062E+01
   157.00 deg.: X-S =     0.454189 mb/sr,
+                                         /R =   3.7927E+01
   158.00 deg.: X-S =     0.476486 mb/sr,
+                                         /R =   4.0066E+01
   159.00 deg.: X-S =     0.501784 mb/sr,
+                                         /R =   4.2474E+01
   160.00 deg.: X-S =     0.529933 mb/sr,
+                                         /R =   4.5141E+01
   161.00 deg.: X-S =     0.560739 mb/sr,
+                                         /R =   4.8052E+01
   162.00 deg.: X-S =     0.593962 mb/sr,
+                                         /R =   5.1189E+01
   163.00 deg.: X-S =     0.629311 mb/sr,
+                                         /R =   5.4528E+01
   164.00 deg.: X-S =     0.666448 mb/sr,
+                                         /R =   5.8039E+01
   165.00 deg.: X-S =     0.704990 mb/sr,
+                                         /R =   6.1687E+01
   166.00 deg.: X-S =     0.744507 mb/sr,
+                                         /R =   6.5435E+01
   167.00 deg.: X-S =     0.784535 mb/sr,
+                                         /R =   6.9239E+01
   168.00 deg.: X-S =     0.824575 mb/sr,
+                                         /R =   7.3051E+01
   169.00 deg.: X-S =     0.864105 mb/sr,
+                                         /R =   7.6823E+01
   170.00 deg.: X-S =     0.902585 mb/sr,
+                                         /R =   8.0502E+01
   171.00 deg.: X-S =     0.939471 mb/sr,
+                                         /R =   8.4035E+01
   172.00 deg.: X-S =     0.974225 mb/sr,
+                                         /R =   8.7370E+01
   173.00 deg.: X-S =     1.006323 mb/sr,
+                                         /R =   9.0455E+01
   174.00 deg.: X-S =     1.035269 mb/sr,
+                                         /R =   9.3242E+01
   175.00 deg.: X-S =     1.060609 mb/sr,
+                                         /R =   9.5684E+01
   176.00 deg.: X-S =     1.081934 mb/sr,
+                                         /R =   9.7742E+01
   177.00 deg.: X-S =     1.098898 mb/sr,
+                                         /R =   9.9381E+01
   178.00 deg.: X-S =     1.111221 mb/sr,
+                                         /R =   1.0057E+02
   179.00 deg.: X-S =     1.118698 mb/sr,
+                                         /R =   1.0129E+02
   179.99 deg.: X-S =     1.121204 mb/sr,
+                                         /R =   1.0154E+02
                                           Integrated********** mb, over [   0.000, 180.000] at   260.0000 MeV 
 Finished all xsecs @    6.25000000E-02

  The following files have been created:
   3:local copy of User input.            6:standard output.                   
  13:total cross sections/state.         39:cross sections for each Ecm.       
  40:all cross sectns. for each Elab.    56:Fusion for each Jtotal.            

 PARAMETERS : MAXQRN   MFNL   MLOC  LMAX1 MCLIST
    ALLOWED :      1     16      4    170      6
    REQUIRED:      0      0      4     11      4


 ACCURACY ANALYSIS at   260.000 MeV :

  Elastic h*k = 0.047 so OK       compared with 0.200

   Real(S-el) > 0.01 first at J =       1.0
   Real(S-el) > 0.10 first at J =       1.0
   Real(S-el) > 0.50 first at J =       2.0
   Real(S-el) > 0.90 first at J =       4.0
   Real(S-el) > 0.99 first at J =       6.0
   R-turn =     8.20 fm    at J =       9.0

 Forward-angle excitation cut off below   0.935 deg by max JT =       9.0
                              and below   0.152 deg by max R.

 Total CPU  0 time =       0.06 seconds
