 FRESCO - FRES 3.4: Coupled Reaction Channels
 Assuming NAMELIST input.

 Test reaction with generated potential                                          

   0.040  50.000   0.500   0.000   0.000   0.000   0.000   0.000   0.000   0.000

 Centre-of-mass Range is   1252 * 0.0400 fm., Maximum at  50.00 fm., Interpolating NL forms every  0.52 fm.
 Non - locality width is      4 * 0.0400 fm., Maximum of   0.12 fm., Centred at  0.00 fm.
 2-Nucleon Separation of      0 * 0.5200 fm., Maximum of   0.00 fm., Minimum at  0.00 fm.
 Maximum single particle bins of 49.9200 fm.
               M,Mint =         1251        1249


 Range of total J is     0.0 <= J <=   150.0 (at least     0.0) and Absorbtion =>     0.1000 mb.
 Dry Run = F, CC set limits =  0  0, Relativistic kinematics =  , Both/Far/Near Analyses =  1                     

 Cross Sections (and up to T0 for 0=projectile) for Theta from   0.0 to 180.0 in steps of  1.0 degrees, DGAM=0,  Coordinates = 0 (Mads)

 Lower Radial Cutoff = maximum of -1.60*L*h &       0.0 fm.,  Lower Cutoff for Couplings =   0.0  fm.


 Iterate Couplings between   0 and   0 times, to  0.000 % if sooner.                                          
  Block solved exactly =   0 chs., with Pade = 0 & Isocen =  =0, NOSOL = F, initwf =  0
  NL quadrature with   18 Gaussian points, Calculate multipoles up to   156 from   0
  M-transfers for lp+lt greater than or equal to  6, Angular Integration Cutoff below  2.7778 %


 Trace switches are :  CHANS =  0, LISTCC =  0, TRENEG =  0, CDETR =  0, SMATS =  0, XSTABL =  0, NLPL =  0

                       WAVES =  0, LAMPL =  0, VEFF =  0, KFUS =  0, WDISK =  0, BPM =  0, MELFIL =  0

                       CDCC =  0, NFUS =  0

 Using unit mass = 1.000000 amu and 1/fine-structure constant = 137.03599 ( 1.000000 * true ) with hc = 197.32705 MeV.fm,
  thus 2*amu/hbar^2 = 0.0478450 = 1/20.9008 and Coulomb constant = 0.1574855 so e^2 = 1.43997, and nuclear magneton= 0.1261183

 Now pre-scan input and save to file 3



 *********** PARTITION NUMBER  1 ******************************************************************************************

   PROJ=4He        MASS=  4.0000 Z=   2.0,        # STATES=    1T, TARG=4He      MASS=  4.0000 Z=   2.0,     Q-VALUE =   0.0000 MEV.

     1:  J= 0.0+ (B# 1), E=  0.0000, K= 0.0              Potl#  1       J= 0.0+ (B# 1), E=  0.0000, K= 0.0    


 ************************************************************************************************************************************

 The following POTENTIALS are defined :

  KP#       TYPE      IT    SHAPE      at     V1        r1        a1        V2        r2        a2        A-in     A-used


                                            A#1       A#2        r0c       ac                                                h @ 1
    1    0=Coulomb       0=CHARGE (WS)  1     4.000     2.000    3.9685    0.0000    0.0000    0.0000     0.000    23.084   0.04000

    1    1=Volume        0=Woods-Saxon  2   70.0000    1.2500    0.6500   15.0000    1.2500    0.6500     0.000    23.084

    1    2=Surface       0=Woods-Saxon  3    0.0000    0.0000    0.0000    5.0000    1.3000    0.6500     0.000    23.084

    1    3=Projtl S.O.   0=Woods-Saxon  4    0.0000    1.0000    0.6500    0.0000    0.0000    0.0000     0.000    23.084

 Incoming partition  1 in excitation state # 1,   Laboratory Energy given for partition  1 Nucleus 1 in Excitation pair 1

0Lab. ENERGY ranges :

   from    120.000     to   0.00000     in     0 intervals
   from    0.00000     to   0.00000     in     0 intervals
   from    0.00000     to   0.00000     in     0 intervals

 Largest real,imaginary parts of any form factor at R=   49.60 are   2.90E-02  4.31E-30 MeV
 Finished all Couplings @    1.56250000E-02           4

 Symmetric Hamiltonian
1***********************************************************************************************************************************
************************************************************************************************************************************

        INCOMING 4He      ;    LABORATORY 4He      ENERGY =   120.00     MeV.

 ***********************************************************************************************************************************
 ***********************************************************************************************************************************


  NOTE: Coulomb excitation cut off below   0.088 deg by JTMAX, and below   0.110 deg by Rmax

 Allocate arrays for            1  channels, of which            1  need wfs.
 Reaction Xsec    26.0+/26 @ 1 =   0.036 , Out:   0.000#
 Reaction Xsec    27.0-/27 @ 1 =   0.020 , Out:   0.000#
 Finished all CC sets @    1.56250000E-02
0CUMULATIVE REACTION cross section                 =  954.44849  <L> =     8.67  <L**2> =     88.2
0CUMULATIVE outgoing cross sections in partition 1 :    0.00000
0Cumulative ABSORBTION by Imaginary Potentials     =  954.44849  <L> =     8.67  <L**2> =     88.2
   Fusion for specific 4He      M-states :  954.448494
0CUMULATIVE OUTGOING cross section                 =    0.00000
 To convert to S-factors (MeV.mb = keV.b),  multiply by  1.2359E+02


 CROSS SECTIONS FOR OUTGOING 4He      & 4He      in state #   1 with spins & parities 0.0  + &  0.0  +;  0

     0.01 deg.: X-S =   9.9312E+13 mb/sr,
+                                         /R =   9.9998E-01
     1.00 deg.: X-S =   8.5359E+05 mb/sr,
+                                         /R =   8.5944E-01
     2.00 deg.: X-S =   4.4403E+04 mb/sr,
+                                         /R =   7.1521E-01
     3.00 deg.: X-S =   1.2956E+04 mb/sr,
+                                         /R =   1.0562E+00
     4.00 deg.: X-S =  9319.196493 mb/sr,
+                                         /R =   2.4002E+00
     5.00 deg.: X-S =  8099.906058 mb/sr,
+                                         /R =   5.0909E+00
     6.00 deg.: X-S =  6998.631916 mb/sr,
+                                         /R =   9.1162E+00
     7.00 deg.: X-S =  5818.241604 mb/sr,
+                                         /R =   1.4031E+01
     8.00 deg.: X-S =  4626.823913 mb/sr,
+                                         /R =   1.9020E+01
     9.00 deg.: X-S =  3509.265258 mb/sr,
+                                         /R =   2.3088E+01
    10.00 deg.: X-S =  2527.473230 mb/sr,
+                                         /R =   2.5320E+01
    11.00 deg.: X-S =  1716.125917 mb/sr,
+                                         /R =   2.5144E+01
    12.00 deg.: X-S =  1085.911491 mb/sr,
+                                         /R =   2.2508E+01
    13.00 deg.: X-S =   628.784686 mb/sr,
+                                         /R =   1.7928E+01
    14.00 deg.: X-S =   323.746094 mb/sr,
+                                         /R =   1.2399E+01
    15.00 deg.: X-S =   142.410026 mb/sr,
+                                         /R =   7.1768E+00
    16.00 deg.: X-S =    53.855002 mb/sr,
+                                         /R =   3.5079E+00
    17.00 deg.: X-S =    28.430655 mb/sr,
+                                         /R =   2.3561E+00
    18.00 deg.: X-S =    40.380530 mb/sr,
+                                         /R =   4.1986E+00
    19.00 deg.: X-S =    69.308774 mb/sr,
+                                         /R =   8.9294E+00
    20.00 deg.: X-S =   100.645583 mb/sr,
+                                         /R =   1.5888E+01
    21.00 deg.: X-S =   125.340909 mb/sr,
+                                         /R =   2.4001E+01
    22.00 deg.: X-S =   139.041092 mb/sr,
+                                         /R =   3.1999E+01
    23.00 deg.: X-S =   140.989642 mb/sr,
+                                         /R =   3.8673E+01
    24.00 deg.: X-S =   132.855196 mb/sr,
+                                         /R =   4.3102E+01
    25.00 deg.: X-S =   117.639602 mb/sr,
+                                         /R =   4.4823E+01
    26.00 deg.: X-S =    98.766880 mb/sr,
+                                         /R =   4.3910E+01
    27.00 deg.: X-S =    79.405970 mb/sr,
+                                         /R =   4.0944E+01
    28.00 deg.: X-S =    62.039976 mb/sr,
+                                         /R =   3.6895E+01
    29.00 deg.: X-S =    48.263773 mb/sr,
+                                         /R =   3.2932E+01
    30.00 deg.: X-S =    38.770499 mb/sr,
+                                         /R =   3.0205E+01
    31.00 deg.: X-S =    33.475441 mb/sr,
+                                         /R =   2.9643E+01
    32.00 deg.: X-S =    31.722266 mb/sr,
+                                         /R =   3.1792E+01
    33.00 deg.: X-S =    32.520175 mb/sr,
+                                         /R =   3.6738E+01
    34.00 deg.: X-S =    34.769676 mb/sr,
+                                         /R =   4.4110E+01
    35.00 deg.: X-S =    37.447110 mb/sr,
+                                         /R =   5.3160E+01
    36.00 deg.: X-S =    39.731612 mb/sr,
+                                         /R =   6.2902E+01
    37.00 deg.: X-S =    41.070729 mb/sr,
+                                         /R =   7.2283E+01
    38.00 deg.: X-S =    41.190959 mb/sr,
+                                         /R =   8.0347E+01
    39.00 deg.: X-S =    40.065974 mb/sr,
+                                         /R =   8.6368E+01
    40.00 deg.: X-S =    37.858208 mb/sr,
+                                         /R =   8.9943E+01
    41.00 deg.: X-S =    34.849232 mb/sr,
+                                         /R =   9.1011E+01
    42.00 deg.: X-S =    31.371764 mb/sr,
+                                         /R =   8.9837E+01
    43.00 deg.: X-S =    27.752389 mb/sr,
+                                         /R =   8.6936E+01
    44.00 deg.: X-S =    24.269982 mb/sr,
+                                         /R =   8.2979E+01
    45.00 deg.: X-S =    21.131198 mb/sr,
+                                         /R =   7.8683E+01
    46.00 deg.: X-S =    18.461650 mb/sr,
+                                         /R =   7.4710E+01
    47.00 deg.: X-S =    16.309690 mb/sr,
+                                         /R =   7.1588E+01
    48.00 deg.: X-S =    14.658901 mb/sr,
+                                         /R =   6.9655E+01
    49.00 deg.: X-S =    13.445430 mb/sr,
+                                         /R =   6.9037E+01
    50.00 deg.: X-S =    12.576750 mb/sr,
+                                         /R =   6.9656E+01
    51.00 deg.: X-S =    11.949219 mb/sr,
+                                         /R =   7.1265E+01
    52.00 deg.: X-S =    11.462664 mb/sr,
+                                         /R =   7.3494E+01
    53.00 deg.: X-S =    11.031041 mb/sr,
+                                         /R =   7.5915E+01
    54.00 deg.: X-S =    10.588914 mb/sr,
+                                         /R =   7.8097E+01
    55.00 deg.: X-S =    10.094032 mb/sr,
+                                         /R =   7.9668E+01
    56.00 deg.: X-S =     9.526647 mb/sr,
+                                         /R =   8.0348E+01
    57.00 deg.: X-S =     8.886409 mb/sr,
+                                         /R =   7.9979E+01
    58.00 deg.: X-S =     8.187743 mb/sr,
+                                         /R =   7.8532E+01
    59.00 deg.: X-S =     7.454552 mb/sr,
+                                         /R =   7.6098E+01
    60.00 deg.: X-S =     6.715000 mb/sr,
+                                         /R =   7.2866E+01
    61.00 deg.: X-S =     5.996932 mb/sr,
+                                         /R =   6.9088E+01
    62.00 deg.: X-S =     5.324339 mb/sr,
+                                         /R =   6.5046E+01
    63.00 deg.: X-S =     4.715048 mb/sr,
+                                         /R =   6.1013E+01
    64.00 deg.: X-S =     4.179667 mb/sr,
+                                         /R =   5.7224E+01
    65.00 deg.: X-S =     3.721655 mb/sr,
+                                         /R =   5.3852E+01
    66.00 deg.: X-S =     3.338261 mb/sr,
+                                         /R =   5.0998E+01
    67.00 deg.: X-S =     3.022022 mb/sr,
+                                         /R =   4.8692E+01
    68.00 deg.: X-S =     2.762498 mb/sr,
+                                         /R =   4.6897E+01
    69.00 deg.: X-S =     2.547964 mb/sr,
+                                         /R =   4.5531E+01
    70.00 deg.: X-S =     2.366836 mb/sr,
+                                         /R =   4.4477E+01
    71.00 deg.: X-S =     2.208722 mb/sr,
+                                         /R =   4.3607E+01
    72.00 deg.: X-S =     2.065067 mb/sr,
+                                         /R =   4.2796E+01
    73.00 deg.: X-S =     1.929435 mb/sr,
+                                         /R =   4.1935E+01
    74.00 deg.: X-S =     1.797504 mb/sr,
+                                         /R =   4.0937E+01
    75.00 deg.: X-S =     1.666869 mb/sr,
+                                         /R =   3.9746E+01
    76.00 deg.: X-S =     1.536741 mb/sr,
+                                         /R =   3.8333E+01
    77.00 deg.: X-S =     1.407585 mb/sr,
+                                         /R =   3.6700E+01
    78.00 deg.: X-S =     1.280742 mb/sr,
+                                         /R =   3.4878E+01
    79.00 deg.: X-S =     1.158061 mb/sr,
+                                         /R =   3.2913E+01
    80.00 deg.: X-S =     1.041550 mb/sr,
+                                         /R =   3.0871E+01
    81.00 deg.: X-S =     0.933068 mb/sr,
+                                         /R =   2.8820E+01
    82.00 deg.: X-S =     0.834083 mb/sr,
+                                         /R =   2.6827E+01
    83.00 deg.: X-S =     0.745516 mb/sr,
+                                         /R =   2.4952E+01
    84.00 deg.: X-S =     0.667672 mb/sr,
+                                         /R =   2.3238E+01
    85.00 deg.: X-S =     0.600270 mb/sr,
+                                         /R =   2.1711E+01
    86.00 deg.: X-S =     0.542544 mb/sr,
+                                         /R =   2.0378E+01
    87.00 deg.: X-S =     0.493382 mb/sr,
+                                         /R =   1.9232E+01
    88.00 deg.: X-S =     0.451489 mb/sr,
+                                         /R =   1.8253E+01
    89.00 deg.: X-S =     0.415525 mb/sr,
+                                         /R =   1.7412E+01
    90.00 deg.: X-S =     0.384218 mb/sr,
+                                         /R =   1.6677E+01
    91.00 deg.: X-S =     0.356434 mb/sr,
+                                         /R =   1.6016E+01
    92.00 deg.: X-S =     0.331220 mb/sr,
+                                         /R =   1.5398E+01
    93.00 deg.: X-S =     0.307817 mb/sr,
+                                         /R =   1.4796E+01
    94.00 deg.: X-S =     0.285662 mb/sr,
+                                         /R =   1.4189E+01
    95.00 deg.: X-S =     0.264385 mb/sr,
+                                         /R =   1.3563E+01
    96.00 deg.: X-S =     0.243790 mb/sr,
+                                         /R =   1.2909E+01
    97.00 deg.: X-S =     0.223832 mb/sr,
+                                         /R =   1.2228E+01
    98.00 deg.: X-S =     0.204586 mb/sr,
+                                         /R =   1.1524E+01
    99.00 deg.: X-S =     0.186202 mb/sr,
+                                         /R =   1.0809E+01
   100.00 deg.: X-S =     0.168864 mb/sr,
+                                         /R =   1.0096E+01
   101.00 deg.: X-S =     0.152739 mb/sr,
+                                         /R =   9.4010E+00
   102.00 deg.: X-S =     0.137954 mb/sr,
+                                         /R =   8.7366E+00
   103.00 deg.: X-S =     0.124575 mb/sr,
+                                         /R =   8.1134E+00
   104.00 deg.: X-S =     0.112603 mb/sr,
+                                         /R =   7.5383E+00
   105.00 deg.: X-S =     0.101988 mb/sr,
+                                         /R =   7.0148E+00
   106.00 deg.: X-S =     0.092643 mb/sr,
+                                         /R =   6.5435E+00
   107.00 deg.: X-S =     0.084460 mb/sr,
+                                         /R =   6.1230E+00
   108.00 deg.: X-S =     0.077316 mb/sr,
+                                         /R =   5.7504E+00
   109.00 deg.: X-S =     0.071086 mb/sr,
+                                         /R =   5.4216E+00
   110.00 deg.: X-S =     0.065638 mb/sr,
+                                         /R =   5.1311E+00
   111.00 deg.: X-S =     0.060839 mb/sr,
+                                         /R =   4.8726E+00
   112.00 deg.: X-S =     0.056558 mb/sr,
+                                         /R =   4.6386E+00
   113.00 deg.: X-S =     0.052671 mb/sr,
+                                         /R =   4.4218E+00
   114.00 deg.: X-S =     0.049073 mb/sr,
+                                         /R =   4.2151E+00
   115.00 deg.: X-S =     0.045685 mb/sr,
+                                         /R =   4.0132E+00
   116.00 deg.: X-S =     0.042460 mb/sr,
+                                         /R =   3.8129E+00
   117.00 deg.: X-S =     0.039376 mb/sr,
+                                         /R =   3.6132E+00
   118.00 deg.: X-S =     0.036437 mb/sr,
+                                         /R =   3.4151E+00
   119.00 deg.: X-S =     0.033654 mb/sr,
+                                         /R =   3.2204E+00
   120.00 deg.: X-S =     0.031039 mb/sr,
+                                         /R =   3.0313E+00
   121.00 deg.: X-S =     0.028600 mb/sr,
+                                         /R =   2.8494E+00
   122.00 deg.: X-S =     0.026331 mb/sr,
+                                         /R =   2.6751E+00
   123.00 deg.: X-S =     0.024221 mb/sr,
+                                         /R =   2.5084E+00
   124.00 deg.: X-S =     0.022256 mb/sr,
+                                         /R =   2.3485E+00
   125.00 deg.: X-S =     0.020423 mb/sr,
+                                         /R =   2.1950E+00
   126.00 deg.: X-S =     0.018715 mb/sr,
+                                         /R =   2.0479E+00
   127.00 deg.: X-S =     0.017129 mb/sr,
+                                         /R =   1.9077E+00
   128.00 deg.: X-S =     0.015669 mb/sr,
+                                         /R =   1.7753E+00
   129.00 deg.: X-S =     0.014334 mb/sr,
+                                         /R =   1.6517E+00
   130.00 deg.: X-S =     0.013127 mb/sr,
+                                         /R =   1.5376E+00
   131.00 deg.: X-S =     0.012043 mb/sr,
+                                         /R =   1.4336E+00
   132.00 deg.: X-S =     0.011078 mb/sr,
+                                         /R =   1.3396E+00
   133.00 deg.: X-S =     0.010227 mb/sr,
+                                         /R =   1.2559E+00
   134.00 deg.: X-S =     0.009487 mb/sr,
+                                         /R =   1.1826E+00
   135.00 deg.: X-S =     0.008855 mb/sr,
+                                         /R =   1.1200E+00
   136.00 deg.: X-S =     0.008327 mb/sr,
+                                         /R =   1.0684E+00
   137.00 deg.: X-S =     0.007896 mb/sr,
+                                         /R =   1.0274E+00
   138.00 deg.: X-S =     0.007550 mb/sr,
+                                         /R =   9.9578E-01
   139.00 deg.: X-S =     0.007266 mb/sr,
+                                         /R =   9.7108E-01
   140.00 deg.: X-S =     0.007016 mb/sr,
+                                         /R =   9.4982E-01
   141.00 deg.: X-S =     0.006769 mb/sr,
+                                         /R =   9.2791E-01
   142.00 deg.: X-S =     0.006496 mb/sr,
+                                         /R =   9.0138E-01
   143.00 deg.: X-S =     0.006176 mb/sr,
+                                         /R =   8.6716E-01
   144.00 deg.: X-S =     0.005799 mb/sr,
+                                         /R =   8.2369E-01
   145.00 deg.: X-S =     0.005369 mb/sr,
+                                         /R =   7.7119E-01
   146.00 deg.: X-S =     0.004900 mb/sr,
+                                         /R =   7.1157E-01
   147.00 deg.: X-S =     0.004416 mb/sr,
+                                         /R =   6.4803E-01
   148.00 deg.: X-S =     0.003943 mb/sr,
+                                         /R =   5.8445E-01
   149.00 deg.: X-S =     0.003506 mb/sr,
+                                         /R =   5.2485E-01
   150.00 deg.: X-S =     0.003129 mb/sr,
+                                         /R =   4.7290E-01
   151.00 deg.: X-S =     0.002829 mb/sr,
+                                         /R =   4.3159E-01
   152.00 deg.: X-S =     0.002618 mb/sr,
+                                         /R =   4.0296E-01
   153.00 deg.: X-S =     0.002500 mb/sr,
+                                         /R =   3.8795E-01
   154.00 deg.: X-S =     0.002468 mb/sr,
+                                         /R =   3.8619E-01
   155.00 deg.: X-S =     0.002509 mb/sr,
+                                         /R =   3.9580E-01
   156.00 deg.: X-S =     0.002601 mb/sr,
+                                         /R =   4.1332E-01
   157.00 deg.: X-S =     0.002710 mb/sr,
+                                         /R =   4.3390E-01
   158.00 deg.: X-S =     0.002802 mb/sr,
+                                         /R =   4.5178E-01
   159.00 deg.: X-S =     0.002841 mb/sr,
+                                         /R =   4.6107E-01
   160.00 deg.: X-S =     0.002797 mb/sr,
+                                         /R =   4.5682E-01
   161.00 deg.: X-S =     0.002654 mb/sr,
+                                         /R =   4.3602E-01
   162.00 deg.: X-S =     0.002411 mb/sr,
+                                         /R =   3.9842E-01
   163.00 deg.: X-S =     0.002088 mb/sr,
+                                         /R =   3.4689E-01
   164.00 deg.: X-S =     0.001720 mb/sr,
+                                         /R =   2.8721E-01
   165.00 deg.: X-S =     0.001356 mb/sr,
+                                         /R =   2.2741E-01
   166.00 deg.: X-S =     0.001049 mb/sr,
+                                         /R =   1.7675E-01
   167.00 deg.: X-S =     0.000854 mb/sr,
+                                         /R =   1.4454E-01
   168.00 deg.: X-S =     0.000819 mb/sr,
+                                         /R =   1.3908E-01
   169.00 deg.: X-S =     0.000978 mb/sr,
+                                         /R =   1.6669E-01
   170.00 deg.: X-S =     0.001352 mb/sr,
+                                         /R =   2.3111E-01
   171.00 deg.: X-S =     0.001942 mb/sr,
+                                         /R =   3.3296E-01
   172.00 deg.: X-S =     0.002731 mb/sr,
+                                         /R =   4.6960E-01
   173.00 deg.: X-S =     0.003685 mb/sr,
+                                         /R =   6.3502E-01
   174.00 deg.: X-S =     0.004749 mb/sr,
+                                         /R =   8.1997E-01
   175.00 deg.: X-S =     0.005854 mb/sr,
+                                         /R =   1.0125E+00
   176.00 deg.: X-S =     0.006920 mb/sr,
+                                         /R =   1.1986E+00
   177.00 deg.: X-S =     0.007864 mb/sr,
+                                         /R =   1.3635E+00
   178.00 deg.: X-S =     0.008606 mb/sr,
+                                         /R =   1.4933E+00
   179.00 deg.: X-S =     0.009080 mb/sr,
+                                         /R =   1.5763E+00
   179.99 deg.: X-S =     0.009244 mb/sr,
+                                         /R =   1.6049E+00
                                           Integrated********** mb, over [   0.000, 180.000] at   120.0000 MeV 
 Finished all xsecs @    3.12500000E-02

  The following files have been created:
   3:local copy of User input.            6:standard output.                   
  13:total cross sections/state.         39:cross sections for each Ecm.       
  40:all cross sectns. for each Elab.    56:Fusion for each Jtotal.            

 PARAMETERS : MAXQRN   MFNL   MLOC  LMAX1 MCLIST
    ALLOWED :      1      1      4    170      6
    REQUIRED:      0      0      4     28      3


 ACCURACY ANALYSIS at   120.000 MeV :

  Elastic h*k = 0.096 so OK       compared with 0.200

   Real(S-el) > 0.01 first at J =       5.0
   Real(S-el) > 0.10 first at J =       6.0
   Real(S-el) > 0.50 first at J =      12.0
   Real(S-el) > 0.90 first at J =      15.0
   Real(S-el) > 0.99 first at J =      18.0
   R-turn =    11.52 fm    at J =      27.0

 Forward-angle excitation cut off below   0.479 deg by max JT =      27.0
                              and below   0.110 deg by max R.

 Total CPU  0 time =       0.03 seconds
