 FRESCO - FRES 3.4: Coupled Reaction Channels
 Assuming NAMELIST input.

 Test reaction with generated potential                                          

   0.040  50.000   0.500   0.000   0.000   0.000   0.000   0.000   0.000   0.000

 Centre-of-mass Range is   1252 * 0.0400 fm., Maximum at  50.00 fm., Interpolating NL forms every  0.52 fm.
 Non - locality width is      4 * 0.0400 fm., Maximum of   0.12 fm., Centred at  0.00 fm.
 2-Nucleon Separation of      0 * 0.5200 fm., Maximum of   0.00 fm., Minimum at  0.00 fm.
 Maximum single particle bins of 49.9200 fm.
               M,Mint =         1251        1249


 Range of total J is     0.0 <= J <=   150.0 (at least     0.0) and Absorbtion =>     0.1000 mb.
 Dry Run = F, CC set limits =  0  0, Relativistic kinematics =  , Both/Far/Near Analyses =  1                     

 Cross Sections (and up to T0 for 0=projectile) for Theta from   0.0 to 180.0 in steps of  1.0 degrees, DGAM=0,  Coordinates = 0 (Mads)

 Lower Radial Cutoff = maximum of -1.60*L*h &       0.0 fm.,  Lower Cutoff for Couplings =   0.0  fm.


 Iterate Couplings between   0 and   0 times, to  0.000 % if sooner.                                          
  Block solved exactly =   0 chs., with Pade = 0 & Isocen =  =0, NOSOL = F, initwf =  0
  NL quadrature with   18 Gaussian points, Calculate multipoles up to   156 from   0
  M-transfers for lp+lt greater than or equal to  6, Angular Integration Cutoff below  2.7778 %


 Trace switches are :  CHANS =  0, LISTCC =  0, TRENEG =  0, CDETR =  0, SMATS =  0, XSTABL =  0, NLPL =  0

                       WAVES =  0, LAMPL =  0, VEFF =  0, KFUS =  0, WDISK =  0, BPM =  0, MELFIL =  0

                       CDCC =  0, NFUS =  0

 Using unit mass = 1.000000 amu and 1/fine-structure constant = 137.03599 ( 1.000000 * true ) with hc = 197.32705 MeV.fm,
  thus 2*amu/hbar^2 = 0.0478450 = 1/20.9008 and Coulomb constant = 0.1574855 so e^2 = 1.43997, and nuclear magneton= 0.1261183

 Now pre-scan input and save to file 3



 *********** PARTITION NUMBER  1 ******************************************************************************************

   PROJ=4He        MASS=  4.0000 Z=   2.0,        # STATES=    1T, TARG=4He      MASS=  4.0000 Z=   2.0,     Q-VALUE =   0.0000 MEV.

     1:  J= 0.0+ (B# 1), E=  0.0000, K= 0.0              Potl#  1       J= 0.0+ (B# 1), E=  0.0000, K= 0.0    


 ************************************************************************************************************************************

 The following POTENTIALS are defined :

  KP#       TYPE      IT    SHAPE      at     V1        r1        a1        V2        r2        a2        A-in     A-used


                                            A#1       A#2        r0c       ac                                                h @ 1
    1    0=Coulomb       0=CHARGE (WS)  1     4.000     2.000    3.9685    0.0000    0.0000    0.0000     0.000    23.084   0.04000

    1    1=Volume        0=Woods-Saxon  2   70.0000    1.2500    0.6500   15.0000    1.2500    0.6500     0.000    23.084

    1    2=Surface       0=Woods-Saxon  3    0.0000    0.0000    0.0000    5.0000    1.3000    0.6500     0.000    23.084

    1    3=Projtl S.O.   0=Woods-Saxon  4    0.0000    1.0000    0.6500    0.0000    0.0000    0.0000     0.000    23.084

 Incoming partition  1 in excitation state # 1,   Laboratory Energy given for partition  1 Nucleus 1 in Excitation pair 1

0Lab. ENERGY ranges :

   from    320.000     to   0.00000     in     0 intervals
   from    0.00000     to   0.00000     in     0 intervals
   from    0.00000     to   0.00000     in     0 intervals

 Largest real,imaginary parts of any form factor at R=   49.60 are   2.90E-02  4.31E-30 MeV
 Finished all Couplings @    1.56250000E-02           4

 Symmetric Hamiltonian
1***********************************************************************************************************************************
************************************************************************************************************************************

        INCOMING 4He      ;    LABORATORY 4He      ENERGY =   320.00     MeV.

 ***********************************************************************************************************************************
 ***********************************************************************************************************************************


  NOTE: Coulomb excitation cut off below   0.054 deg by JTMAX, and below   0.041 deg by Rmax

 Allocate arrays for            1  channels, of which            1  need wfs.
 Reaction Xsec    38.0+/38 @ 1 =   0.067 , Out:   0.000#
 Reaction Xsec    39.0-/39 @ 1 =   0.047 , Out:   0.000#
 Finished all CC sets @    3.12500000E-02
0CUMULATIVE REACTION cross section                 =  750.04732  <L> =    13.41  <L**2> =    212.3
0CUMULATIVE outgoing cross sections in partition 1 :    0.00000
0Cumulative ABSORBTION by Imaginary Potentials     =  750.04732  <L> =    13.41  <L**2> =    212.3
   Fusion for specific 4He      M-states :  750.047319
0CUMULATIVE OUTGOING cross section                 =    0.00000
 To convert to S-factors (MeV.mb = keV.b),  multiply by  2.4906E+02


 CROSS SECTIONS FOR OUTGOING 4He      & 4He      in state #   1 with spins & parities 0.0  + &  0.0  +;  0

     0.01 deg.: X-S =   1.3965E+13 mb/sr,
+                                         /R =   9.9992E-01
     1.00 deg.: X-S =   1.0898E+05 mb/sr,
+                                         /R =   7.8031E-01
     2.00 deg.: X-S =   2.2717E+04 mb/sr,
+                                         /R =   2.6020E+00
     3.00 deg.: X-S =   1.9046E+04 mb/sr,
+                                         /R =   1.1041E+01
     4.00 deg.: X-S =   1.5436E+04 mb/sr,
+                                         /R =   2.8271E+01
     5.00 deg.: X-S =   1.1388E+04 mb/sr,
+                                         /R =   5.0898E+01
     6.00 deg.: X-S =  7644.814021 mb/sr,
+                                         /R =   7.0811E+01
     7.00 deg.: X-S =  4653.406500 mb/sr,
+                                         /R =   7.9801E+01
     8.00 deg.: X-S =  2561.299046 mb/sr,
+                                         /R =   7.4875E+01
     9.00 deg.: X-S =  1299.483861 mb/sr,
+                                         /R =   6.0797E+01
    10.00 deg.: X-S =   677.180711 mb/sr,
+                                         /R =   4.8242E+01
    11.00 deg.: X-S =   467.206851 mb/sr,
+                                         /R =   4.8678E+01
    12.00 deg.: X-S =   466.856461 mb/sr,
+                                         /R =   6.8811E+01
    13.00 deg.: X-S =   529.472187 mb/sr,
+                                         /R =   1.0735E+02
    14.00 deg.: X-S =   570.860218 mb/sr,
+                                         /R =   1.5547E+02
    15.00 deg.: X-S =   559.252807 mb/sr,
+                                         /R =   2.0042E+02
    16.00 deg.: X-S =   497.873385 mb/sr,
+                                         /R =   2.3061E+02
    17.00 deg.: X-S =   407.083174 mb/sr,
+                                         /R =   2.3990E+02
    18.00 deg.: X-S =   310.303722 mb/sr,
+                                         /R =   2.2943E+02
    19.00 deg.: X-S =   225.411877 mb/sr,
+                                         /R =   2.0651E+02
    20.00 deg.: X-S =   161.446976 mb/sr,
+                                         /R =   1.8124E+02
    21.00 deg.: X-S =   119.305064 mb/sr,
+                                         /R =   1.6245E+02
    22.00 deg.: X-S =    94.596485 mb/sr,
+                                         /R =   1.5481E+02
    23.00 deg.: X-S =    80.942593 mb/sr,
+                                         /R =   1.5788E+02
    24.00 deg.: X-S =    72.521627 mb/sr,
+                                         /R =   1.6731E+02
    25.00 deg.: X-S =    65.380131 mb/sr,
+                                         /R =   1.7714E+02
    26.00 deg.: X-S =    57.627064 mb/sr,
+                                         /R =   1.8219E+02
    27.00 deg.: X-S =    48.947693 mb/sr,
+                                         /R =   1.7948E+02
    28.00 deg.: X-S =    39.900612 mb/sr,
+                                         /R =   1.6874E+02
    29.00 deg.: X-S =    31.308095 mb/sr,
+                                         /R =   1.5191E+02
    30.00 deg.: X-S =    23.862821 mb/sr,
+                                         /R =   1.3220E+02
    31.00 deg.: X-S =    17.946453 mb/sr,
+                                         /R =   1.1301E+02
    32.00 deg.: X-S =    13.604937 mb/sr,
+                                         /R =   9.6958E+01
    33.00 deg.: X-S =    10.621541 mb/sr,
+                                         /R =   8.5328E+01
    34.00 deg.: X-S =     8.637274 mb/sr,
+                                         /R =   7.7921E+01
    35.00 deg.: X-S =     7.275073 mb/sr,
+                                         /R =   7.3441E+01
    36.00 deg.: X-S =     6.232375 mb/sr,
+                                         /R =   7.0165E+01
    37.00 deg.: X-S =     5.322649 mb/sr,
+                                         /R =   6.6615E+01
    38.00 deg.: X-S =     4.467934 mb/sr,
+                                         /R =   6.1974E+01
    39.00 deg.: X-S =     3.661993 mb/sr,
+                                         /R =   5.6135E+01
    40.00 deg.: X-S =     2.928814 mb/sr,
+                                         /R =   4.9481E+01
    41.00 deg.: X-S =     2.293523 mb/sr,
+                                         /R =   4.2593E+01
    42.00 deg.: X-S =     1.769830 mb/sr,
+                                         /R =   3.6040E+01
    43.00 deg.: X-S =     1.358721 mb/sr,
+                                         /R =   3.0267E+01
    44.00 deg.: X-S =     1.051115 mb/sr,
+                                         /R =   2.5556E+01
    45.00 deg.: X-S =     0.830585 mb/sr,
+                                         /R =   2.1993E+01
    46.00 deg.: X-S =     0.675972 mb/sr,
+                                         /R =   1.9453E+01
    47.00 deg.: X-S =     0.564936 mb/sr,
+                                         /R =   1.7633E+01
    48.00 deg.: X-S =     0.478249 mb/sr,
+                                         /R =   1.6160E+01
    49.00 deg.: X-S =     0.403177 mb/sr,
+                                         /R =   1.4721E+01
    50.00 deg.: X-S =     0.334266 mb/sr,
+                                         /R =   1.3165E+01
    51.00 deg.: X-S =     0.271363 mb/sr,
+                                         /R =   1.1509E+01
    52.00 deg.: X-S =     0.216319 mb/sr,
+                                         /R =   9.8628E+00
    53.00 deg.: X-S =     0.170371 mb/sr,
+                                         /R =   8.3376E+00
    54.00 deg.: X-S =     0.133278 mb/sr,
+                                         /R =   6.9901E+00
    55.00 deg.: X-S =     0.103875 mb/sr,
+                                         /R =   5.8300E+00
    56.00 deg.: X-S =     0.080959 mb/sr,
+                                         /R =   4.8555E+00
    57.00 deg.: X-S =     0.063638 mb/sr,
+                                         /R =   4.0729E+00
    58.00 deg.: X-S =     0.051110 mb/sr,
+                                         /R =   3.4860E+00
    59.00 deg.: X-S =     0.042310 mb/sr,
+                                         /R =   3.0714E+00
    60.00 deg.: X-S =     0.035906 mb/sr,
+                                         /R =   2.7707E+00
    61.00 deg.: X-S =     0.030641 mb/sr,
+                                         /R =   2.5102E+00
    62.00 deg.: X-S =     0.025741 mb/sr,
+                                         /R =   2.2362E+00
    63.00 deg.: X-S =     0.021053 mb/sr,
+                                         /R =   1.9372E+00
    64.00 deg.: X-S =     0.016827 mb/sr,
+                                         /R =   1.6382E+00
    65.00 deg.: X-S =     0.013334 mb/sr,
+                                         /R =   1.3721E+00
    66.00 deg.: X-S =     0.010614 mb/sr,
+                                         /R =   1.1531E+00
    67.00 deg.: X-S =     0.008481 mb/sr,
+                                         /R =   9.7173E-01
    68.00 deg.: X-S =     0.006715 mb/sr,
+                                         /R =   8.1060E-01
    69.00 deg.: X-S =     0.005219 mb/sr,
+                                         /R =   6.6320E-01
    70.00 deg.: X-S =     0.004025 mb/sr,
+                                         /R =   5.3790E-01
    71.00 deg.: X-S =     0.003180 mb/sr,
+                                         /R =   4.4644E-01
    72.00 deg.: X-S =     0.002647 mb/sr,
+                                         /R =   3.9011E-01
    73.00 deg.: X-S =     0.002305 mb/sr,
+                                         /R =   3.5626E-01
    74.00 deg.: X-S =     0.002016 mb/sr,
+                                         /R =   3.2654E-01
    75.00 deg.: X-S =     0.001703 mb/sr,
+                                         /R =   2.8875E-01
    76.00 deg.: X-S =     0.001371 mb/sr,
+                                         /R =   2.4325E-01
    77.00 deg.: X-S =     0.001077 mb/sr,
+                                         /R =   1.9973E-01
    78.00 deg.: X-S =     0.000865 mb/sr,
+                                         /R =   1.6742E-01
    79.00 deg.: X-S =     0.000727 mb/sr,
+                                         /R =   1.4687E-01
    80.00 deg.: X-S =     0.000618 mb/sr,
+                                         /R =   1.3030E-01
    81.00 deg.: X-S =     0.000500 mb/sr,
+                                         /R =   1.0977E-01
    82.00 deg.: X-S =     0.000371 mb/sr,
+                                         /R =   8.4790E-02
    83.00 deg.: X-S =     0.000260 mb/sr,
+                                         /R =   6.1853E-02
    84.00 deg.: X-S =     0.000191 mb/sr,
+                                         /R =   4.7340E-02
    85.00 deg.: X-S =     0.000162 mb/sr,
+                                         /R =   4.1789E-02
    86.00 deg.: X-S =     0.000152 mb/sr,
+                                         /R =   4.0555E-02
    87.00 deg.: X-S =     0.000139 mb/sr,
+                                         /R =   3.8450E-02
    88.00 deg.: X-S =     0.000116 mb/sr,
+                                         /R =   3.3245E-02
    89.00 deg.: X-S =   8.7722E-05 mb/sr,
+                                         /R =   2.6139E-02
    90.00 deg.: X-S =   6.5719E-05 mb/sr,
+                                         /R =   2.0285E-02
    91.00 deg.: X-S =   5.7406E-05 mb/sr,
+                                         /R =   1.8343E-02
    92.00 deg.: X-S =   6.0412E-05 mb/sr,
+                                         /R =   1.9971E-02
    93.00 deg.: X-S =   6.2926E-05 mb/sr,
+                                         /R =   2.1509E-02
    94.00 deg.: X-S =   5.4403E-05 mb/sr,
+                                         /R =   1.9216E-02
    95.00 deg.: X-S =   3.6175E-05 mb/sr,
+                                         /R =   1.3197E-02
    96.00 deg.: X-S =   1.9368E-05 mb/sr,
+                                         /R =   7.2932E-03
    97.00 deg.: X-S =   1.2318E-05 mb/sr,
+                                         /R =   4.7850E-03
    98.00 deg.: X-S =   1.2823E-05 mb/sr,
+                                         /R =   5.1362E-03
    99.00 deg.: X-S =   1.3403E-05 mb/sr,
+                                         /R =   5.5325E-03
   100.00 deg.: X-S =   1.0570E-05 mb/sr,
+                                         /R =   4.4941E-03
   101.00 deg.: X-S =   6.3089E-06 mb/sr,
+                                         /R =   2.7613E-03
   102.00 deg.: X-S =   3.0407E-06 mb/sr,
+                                         /R =   1.3694E-03
   103.00 deg.: X-S =   1.2173E-06 mb/sr,
+                                         /R =   5.6380E-04
   104.00 deg.: X-S =   1.3152E-06 mb/sr,
+                                         /R =   6.2613E-04
   105.00 deg.: X-S =   4.1740E-06 mb/sr,
+                                         /R =   2.0415E-03
   106.00 deg.: X-S =   8.2049E-06 mb/sr,
+                                         /R =   4.1210E-03
   107.00 deg.: X-S =   9.4012E-06 mb/sr,
+                                         /R =   4.8465E-03
   108.00 deg.: X-S =   6.1895E-06 mb/sr,
+                                         /R =   3.2736E-03
   109.00 deg.: X-S =   2.1596E-06 mb/sr,
+                                         /R =   1.1713E-03
   110.00 deg.: X-S =   1.6243E-06 mb/sr,
+                                         /R =   9.0293E-04
   111.00 deg.: X-S =   3.9286E-06 mb/sr,
+                                         /R =   2.2374E-03
   112.00 deg.: X-S =   4.8441E-06 mb/sr,
+                                         /R =   2.8252E-03
   113.00 deg.: X-S =   2.7757E-06 mb/sr,
+                                         /R =   1.6570E-03
   114.00 deg.: X-S =   4.5078E-07 mb/sr,
+                                         /R =   2.7534E-04
   115.00 deg.: X-S =   2.2095E-07 mb/sr,
+                                         /R =   1.3802E-04
   116.00 deg.: X-S =   8.7203E-07 mb/sr,
+                                         /R =   5.5686E-04
   117.00 deg.: X-S =   5.4062E-07 mb/sr,
+                                         /R =   3.5277E-04
   118.00 deg.: X-S =   1.2395E-07 mb/sr,
+                                         /R =   8.2612E-05
   119.00 deg.: X-S =   1.3350E-06 mb/sr,
+                                         /R =   9.0848E-04
   120.00 deg.: X-S =   3.0830E-06 mb/sr,
+                                         /R =   2.1411E-03
   121.00 deg.: X-S =   2.8065E-06 mb/sr,
+                                         /R =   1.9884E-03
   122.00 deg.: X-S =   8.2029E-07 mb/sr,
+                                         /R =   5.9263E-04
   123.00 deg.: X-S =   2.3119E-07 mb/sr,
+                                         /R =   1.7025E-04
   124.00 deg.: X-S =   2.1048E-06 mb/sr,
+                                         /R =   1.5794E-03
   125.00 deg.: X-S =   3.6338E-06 mb/sr,
+                                         /R =   2.7773E-03
   126.00 deg.: X-S =   2.4689E-06 mb/sr,
+                                         /R =   1.9212E-03
   127.00 deg.: X-S =   3.6303E-07 mb/sr,
+                                         /R =   2.8751E-04
   128.00 deg.: X-S =   3.0038E-07 mb/sr,
+                                         /R =   2.4202E-04
   129.00 deg.: X-S =   1.8145E-06 mb/sr,
+                                         /R =   1.4868E-03
   130.00 deg.: X-S =   2.0440E-06 mb/sr,
+                                         /R =   1.7026E-03
   131.00 deg.: X-S =   5.9726E-07 mb/sr,
+                                         /R =   5.0558E-04
   132.00 deg.: X-S =   1.1397E-07 mb/sr,
+                                         /R =   9.8007E-05
   133.00 deg.: X-S =   1.6740E-06 mb/sr,
+                                         /R =   1.4618E-03
   134.00 deg.: X-S =   2.8290E-06 mb/sr,
+                                         /R =   2.5077E-03
   135.00 deg.: X-S =   1.6540E-06 mb/sr,
+                                         /R =   1.4877E-03
   136.00 deg.: X-S =   7.5816E-08 mb/sr,
+                                         /R =   6.9177E-05
   137.00 deg.: X-S =   7.8211E-07 mb/sr,
+                                         /R =   7.2363E-04
   138.00 deg.: X-S =   2.7128E-06 mb/sr,
+                                         /R =   2.5442E-03
   139.00 deg.: X-S =   2.7050E-06 mb/sr,
+                                         /R =   2.5707E-03
   140.00 deg.: X-S =   7.4783E-07 mb/sr,
+                                         /R =   7.1991E-04
   141.00 deg.: X-S =   1.3412E-07 mb/sr,
+                                         /R =   1.3074E-04
   142.00 deg.: X-S =   2.0640E-06 mb/sr,
+                                         /R =   2.0367E-03
   143.00 deg.: X-S =   3.5427E-06 mb/sr,
+                                         /R =   3.5375E-03
   144.00 deg.: X-S =   2.1962E-06 mb/sr,
+                                         /R =   2.2184E-03
   145.00 deg.: X-S =   1.8576E-07 mb/sr,
+                                         /R =   1.8974E-04
   146.00 deg.: X-S =   6.8933E-07 mb/sr,
+                                         /R =   7.1178E-04
   147.00 deg.: X-S =   2.6641E-06 mb/sr,
+                                         /R =   2.7800E-03
   148.00 deg.: X-S =   2.6233E-06 mb/sr,
+                                         /R =   2.7653E-03
   149.00 deg.: X-S =   6.0095E-07 mb/sr,
+                                         /R =   6.3976E-04
   150.00 deg.: X-S =   2.9247E-07 mb/sr,
+                                         /R =   3.1433E-04
   151.00 deg.: X-S =   2.8351E-06 mb/sr,
+                                         /R =   3.0751E-03
   152.00 deg.: X-S =   4.5281E-06 mb/sr,
+                                         /R =   4.9552E-03
   153.00 deg.: X-S =   2.6784E-06 mb/sr,
+                                         /R =   2.9562E-03
   154.00 deg.: X-S =   1.7880E-07 mb/sr,
+                                         /R =   1.9897E-04
   155.00 deg.: X-S =   9.8972E-07 mb/sr,
+                                         /R =   1.1101E-03
   156.00 deg.: X-S =   3.6249E-06 mb/sr,
+                                         /R =   4.0968E-03
   157.00 deg.: X-S =   3.5312E-06 mb/sr,
+                                         /R =   4.0201E-03
   158.00 deg.: X-S =   8.0903E-07 mb/sr,
+                                         /R =   9.2744E-04
   159.00 deg.: X-S =   3.9633E-07 mb/sr,
+                                         /R =   4.5736E-04
   160.00 deg.: X-S =   3.8325E-06 mb/sr,
+                                         /R =   4.4507E-03
   161.00 deg.: X-S =   6.1094E-06 mb/sr,
+                                         /R =   7.1374E-03
   162.00 deg.: X-S =   3.5412E-06 mb/sr,
+                                         /R =   4.1607E-03
   163.00 deg.: X-S =   1.8787E-07 mb/sr,
+                                         /R =   2.2192E-04
   164.00 deg.: X-S =   1.6606E-06 mb/sr,
+                                         /R =   1.9715E-03
   165.00 deg.: X-S =   5.7117E-06 mb/sr,
+                                         /R =   6.8136E-03
   166.00 deg.: X-S =   5.4904E-06 mb/sr,
+                                         /R =   6.5787E-03
   167.00 deg.: X-S =   1.1930E-06 mb/sr,
+                                         /R =   1.4353E-03
   168.00 deg.: X-S =   7.7270E-07 mb/sr,
+                                         /R =   9.3326E-04
   169.00 deg.: X-S =   6.9088E-06 mb/sr,
+                                         /R =   8.3738E-03
   170.00 deg.: X-S =   1.1063E-05 mb/sr,
+                                         /R =   1.3451E-02
   171.00 deg.: X-S =   6.3759E-06 mb/sr,
+                                         /R =   7.7753E-03
   172.00 deg.: X-S =   2.2016E-07 mb/sr,
+                                         /R =   2.6918E-04
   173.00 deg.: X-S =   4.2338E-06 mb/sr,
+                                         /R =   5.1882E-03
   174.00 deg.: X-S =   1.4548E-05 mb/sr,
+                                         /R =   1.7863E-02
   175.00 deg.: X-S =   1.4845E-05 mb/sr,
+                                         /R =   1.8259E-02
   176.00 deg.: X-S =   3.2516E-06 mb/sr,
+                                         /R =   4.0048E-03
   177.00 deg.: X-S =   3.6386E-06 mb/sr,
+                                         /R =   4.4861E-03
   178.00 deg.: X-S =   3.7381E-05 mb/sr,
+                                         /R =   4.6124E-02
   179.00 deg.: X-S =   8.8727E-05 mb/sr,
+                                         /R =   1.0953E-01
   179.99 deg.: X-S =     0.000114 mb/sr,
+                                         /R =   1.4052E-01
                                           Integrated********** mb, over [   0.000, 180.000] at   320.0000 MeV 
 Finished all xsecs @    3.12500000E-02

  The following files have been created:
   3:local copy of User input.            6:standard output.                   
  13:total cross sections/state.         39:cross sections for each Ecm.       
  40:all cross sectns. for each Elab.    56:Fusion for each Jtotal.            

 PARAMETERS : MAXQRN   MFNL   MLOC  LMAX1 MCLIST
    ALLOWED :      1      1      4    170      6
    REQUIRED:      0      0      4     40      3


 ACCURACY ANALYSIS at   320.000 MeV :

  Elastic h*k = 0.157 so OK       compared with 0.200

   Real(S-el) > 0.01 first at J =       1.0
   Real(S-el) > 0.10 first at J =       1.0
   Real(S-el) > 0.50 first at J =      18.0
   Real(S-el) > 0.90 first at J =      22.0
   Real(S-el) > 0.99 first at J =      28.0
   R-turn =    10.11 fm    at J =      39.0

 Forward-angle excitation cut off below   0.204 deg by max JT =      39.0
                              and below   0.041 deg by max R.

 Total CPU  0 time =       0.05 seconds
