 FRESCO - FRES 3.4: Coupled Reaction Channels
 Assuming NAMELIST input.

 Test reaction with generated potential                                          

   0.040  50.000   0.500   0.000   0.000   0.000   0.000   0.000   0.000   0.000

 Centre-of-mass Range is   1252 * 0.0400 fm., Maximum at  50.00 fm., Interpolating NL forms every  0.52 fm.
 Non - locality width is      4 * 0.0400 fm., Maximum of   0.12 fm., Centred at  0.00 fm.
 2-Nucleon Separation of      0 * 0.5200 fm., Maximum of   0.00 fm., Minimum at  0.00 fm.
 Maximum single particle bins of 49.9200 fm.
               M,Mint =         1251        1249


 Range of total J is     0.0 <= J <=   150.0 (at least     0.0) and Absorbtion =>     0.1000 mb.
 Dry Run = F, CC set limits =  0  0, Relativistic kinematics =  , Both/Far/Near Analyses =  1                     

 Cross Sections (and up to T0 for 0=projectile) for Theta from   0.0 to 180.0 in steps of  1.0 degrees, DGAM=0,  Coordinates = 0 (Mads)

 Lower Radial Cutoff = maximum of -1.60*L*h &       0.0 fm.,  Lower Cutoff for Couplings =   0.0  fm.


 Iterate Couplings between   0 and   0 times, to  0.000 % if sooner.                                          
  Block solved exactly =   0 chs., with Pade = 0 & Isocen =  =0, NOSOL = F, initwf =  0
  NL quadrature with   18 Gaussian points, Calculate multipoles up to   156 from   0
  M-transfers for lp+lt greater than or equal to  6, Angular Integration Cutoff below  2.7778 %


 Trace switches are :  CHANS =  0, LISTCC =  0, TRENEG =  0, CDETR =  0, SMATS =  0, XSTABL =  0, NLPL =  0

                       WAVES =  0, LAMPL =  0, VEFF =  0, KFUS =  0, WDISK =  0, BPM =  0, MELFIL =  0

                       CDCC =  0, NFUS =  0

 Using unit mass = 1.000000 amu and 1/fine-structure constant = 137.03599 ( 1.000000 * true ) with hc = 197.32705 MeV.fm,
  thus 2*amu/hbar^2 = 0.0478450 = 1/20.9008 and Coulomb constant = 0.1574855 so e^2 = 1.43997, and nuclear magneton= 0.1261183

 Now pre-scan input and save to file 3



 *********** PARTITION NUMBER  1 ******************************************************************************************

   PROJ=4He        MASS=  4.0000 Z=   2.0,        # STATES=    1T, TARG=4He      MASS=  4.0000 Z=   2.0,     Q-VALUE =   0.0000 MEV.

     1:  J= 0.0+ (B# 1), E=  0.0000, K= 0.0              Potl#  1       J= 0.0+ (B# 1), E=  0.0000, K= 0.0    


 ************************************************************************************************************************************

 The following POTENTIALS are defined :

  KP#       TYPE      IT    SHAPE      at     V1        r1        a1        V2        r2        a2        A-in     A-used


                                            A#1       A#2        r0c       ac                                                h @ 1
    1    0=Coulomb       0=CHARGE (WS)  1     4.000     2.000    3.9685    0.0000    0.0000    0.0000     0.000    23.084   0.04000

    1    1=Volume        0=Woods-Saxon  2   70.0000    1.2500    0.6500   15.0000    1.2500    0.6500     0.000    23.084

    1    2=Surface       0=Woods-Saxon  3    0.0000    0.0000    0.0000    5.0000    1.3000    0.6500     0.000    23.084

    1    3=Projtl S.O.   0=Woods-Saxon  4    0.0000    1.0000    0.6500    0.0000    0.0000    0.0000     0.000    23.084

 Incoming partition  1 in excitation state # 1,   Laboratory Energy given for partition  1 Nucleus 1 in Excitation pair 1

0Lab. ENERGY ranges :

   from    70.0000     to   0.00000     in     0 intervals
   from    0.00000     to   0.00000     in     0 intervals
   from    0.00000     to   0.00000     in     0 intervals

 Largest real,imaginary parts of any form factor at R=   49.60 are   2.90E-02  4.31E-30 MeV
 Finished all Couplings @    0.00000000               4

 Symmetric Hamiltonian
1***********************************************************************************************************************************
************************************************************************************************************************************

        INCOMING 4He      ;    LABORATORY 4He      ENERGY =   70.000     MeV.

 ***********************************************************************************************************************************
 ***********************************************************************************************************************************


  NOTE: Coulomb excitation cut off below   0.115 deg by JTMAX, and below   0.189 deg by Rmax

 Allocate arrays for            1  channels, of which            1  need wfs.
 Reaction Xsec    21.0-/21 @ 1 =   0.026 , Out:   0.000#
 Reaction Xsec    22.0+/22 @ 1 =   0.012 , Out:   0.000#
 Finished all CC sets @    1.56250000E-02
0CUMULATIVE REACTION cross section                 = 1070.31370  <L> =     6.83  <L**2> =     54.7
0CUMULATIVE outgoing cross sections in partition 1 :    0.00000
0Cumulative ABSORBTION by Imaginary Potentials     = 1070.31370  <L> =     6.83  <L**2> =     54.7
   Fusion for specific 4He      M-states : 1070.313702
0CUMULATIVE OUTGOING cross section                 =    0.00000
 To convert to S-factors (MeV.mb = keV.b),  multiply by  9.0152E+01


 CROSS SECTIONS FOR OUTGOING 4He      & 4He      in state #   1 with spins & parities 0.0  + &  0.0  +;  0

     0.01 deg.: X-S =   2.9186E+14 mb/sr,
+                                         /R =   9.9999E-01
     1.00 deg.: X-S =   2.6721E+06 mb/sr,
+                                         /R =   9.1549E-01
     2.00 deg.: X-S =   1.3991E+05 mb/sr,
+                                         /R =   7.6681E-01
     3.00 deg.: X-S =   2.5660E+04 mb/sr,
+                                         /R =   7.1180E-01
     4.00 deg.: X-S =   1.0542E+04 mb/sr,
+                                         /R =   9.2393E-01
     5.00 deg.: X-S =  7313.039819 mb/sr,
+                                         /R =   1.5640E+00
     6.00 deg.: X-S =  6184.864957 mb/sr,
+                                         /R =   2.7413E+00
     7.00 deg.: X-S =  5459.066550 mb/sr,
+                                         /R =   4.4797E+00
     8.00 deg.: X-S =  4788.881519 mb/sr,
+                                         /R =   6.6989E+00
     9.00 deg.: X-S =  4116.358296 mb/sr,
+                                         /R =   9.2155E+00
    10.00 deg.: X-S =  3451.196913 mb/sr,
+                                         /R =   1.1765E+01
    11.00 deg.: X-S =  2816.118616 mb/sr,
+                                         /R =   1.4040E+01
    12.00 deg.: X-S =  2232.014777 mb/sr,
+                                         /R =   1.5742E+01
    13.00 deg.: X-S =  1713.986095 mb/sr,
+                                         /R =   1.6629E+01
    14.00 deg.: X-S =  1270.729644 mb/sr,
+                                         /R =   1.6560E+01
    15.00 deg.: X-S =   905.082879 mb/sr,
+                                         /R =   1.5521E+01
    16.00 deg.: X-S =   615.009361 mb/sr,
+                                         /R =   1.3631E+01
    17.00 deg.: X-S =   394.745612 mb/sr,
+                                         /R =   1.1132E+01
    18.00 deg.: X-S =   235.966026 mb/sr,
+                                         /R =   8.3486E+00
    19.00 deg.: X-S =   128.874755 mb/sr,
+                                         /R =   5.6498E+00
    20.00 deg.: X-S =    63.162138 mb/sr,
+                                         /R =   3.3929E+00
    21.00 deg.: X-S =    28.786179 mb/sr,
+                                         /R =   1.8756E+00
    22.00 deg.: X-S =    16.560344 mb/sr,
+                                         /R =   1.2969E+00
    23.00 deg.: X-S =    18.547356 mb/sr,
+                                         /R =   1.7312E+00
    24.00 deg.: X-S =    28.273460 mb/sr,
+                                         /R =   3.1212E+00
    25.00 deg.: X-S =    40.788285 mb/sr,
+                                         /R =   5.2883E+00
    26.00 deg.: X-S =    52.601629 mb/sr,
+                                         /R =   7.9576E+00
    27.00 deg.: X-S =    61.530721 mb/sr,
+                                         /R =   1.0796E+01
    28.00 deg.: X-S =    66.490510 mb/sr,
+                                         /R =   1.3455E+01
    29.00 deg.: X-S =    67.256119 mb/sr,
+                                         /R =   1.5616E+01
    30.00 deg.: X-S =    64.221784 mb/sr,
+                                         /R =   1.7025E+01
    31.00 deg.: X-S =    58.175068 mb/sr,
+                                         /R =   1.7529E+01
    32.00 deg.: X-S =    50.099587 mb/sr,
+                                         /R =   1.7085E+01
    33.00 deg.: X-S =    41.014266 mb/sr,
+                                         /R =   1.5766E+01
    34.00 deg.: X-S =    31.852645 mb/sr,
+                                         /R =   1.3751E+01
    35.00 deg.: X-S =    23.381992 mb/sr,
+                                         /R =   1.1295E+01
    36.00 deg.: X-S =    16.159090 mb/sr,
+                                         /R =   8.7052E+00
    37.00 deg.: X-S =    10.517537 mb/sr,
+                                         /R =   6.2987E+00
    38.00 deg.: X-S =     6.580099 mb/sr,
+                                         /R =   4.3675E+00
    39.00 deg.: X-S =     4.289148 mb/sr,
+                                         /R =   3.1462E+00
    40.00 deg.: X-S =     3.448235 mb/sr,
+                                         /R =   2.7876E+00
    41.00 deg.: X-S =     3.768459 mb/sr,
+                                         /R =   3.3489E+00
    42.00 deg.: X-S =     4.914218 mb/sr,
+                                         /R =   4.7885E+00
    43.00 deg.: X-S =     6.544132 mb/sr,
+                                         /R =   6.9757E+00
    44.00 deg.: X-S =     8.344263 mb/sr,
+                                         /R =   9.7078E+00
    45.00 deg.: X-S =    10.052033 mb/sr,
+                                         /R =   1.2736E+01
    46.00 deg.: X-S =    11.470472 mb/sr,
+                                         /R =   1.5795E+01
    47.00 deg.: X-S =    12.473383 mb/sr,
+                                         /R =   1.8630E+01
    48.00 deg.: X-S =    13.002781 mb/sr,
+                                         /R =   2.1024E+01
    49.00 deg.: X-S =    13.060420 mb/sr,
+                                         /R =   2.2819E+01
    50.00 deg.: X-S =    12.695407 mb/sr,
+                                         /R =   2.3926E+01
    51.00 deg.: X-S =    11.989891 mb/sr,
+                                         /R =   2.4332E+01
    52.00 deg.: X-S =    11.044575 mb/sr,
+                                         /R =   2.4096E+01
    53.00 deg.: X-S =     9.965455 mb/sr,
+                                         /R =   2.3337E+01
    54.00 deg.: X-S =     8.852775 mb/sr,
+                                         /R =   2.2218E+01
    55.00 deg.: X-S =     7.792781 mb/sr,
+                                         /R =   2.0929E+01
    56.00 deg.: X-S =     6.852437 mb/sr,
+                                         /R =   1.9666E+01
    57.00 deg.: X-S =     6.076970 mb/sr,
+                                         /R =   1.8611E+01
    58.00 deg.: X-S =     5.489872 mb/sr,
+                                         /R =   1.7918E+01
    59.00 deg.: X-S =     5.094826 mb/sr,
+                                         /R =   1.7698E+01
    60.00 deg.: X-S =     4.878981 mb/sr,
+                                         /R =   1.8015E+01
    61.00 deg.: X-S =     4.817000 mb/sr,
+                                         /R =   1.8884E+01
    62.00 deg.: X-S =     4.875364 mb/sr,
+                                         /R =   2.0267E+01
    63.00 deg.: X-S =     5.016518 mb/sr,
+                                         /R =   2.2089E+01
    64.00 deg.: X-S =     5.202553 mb/sr,
+                                         /R =   2.4237E+01
    65.00 deg.: X-S =     5.398220 mb/sr,
+                                         /R =   2.6580E+01
    66.00 deg.: X-S =     5.573185 mb/sr,
+                                         /R =   2.8971E+01
    67.00 deg.: X-S =     5.703500 mb/sr,
+                                         /R =   3.1270E+01
    68.00 deg.: X-S =     5.772346 mb/sr,
+                                         /R =   3.3345E+01
    69.00 deg.: X-S =     5.770120 mb/sr,
+                                         /R =   3.5086E+01
    70.00 deg.: X-S =     5.694001 mb/sr,
+                                         /R =   3.6410E+01
    71.00 deg.: X-S =     5.547099 mb/sr,
+                                         /R =   3.7266E+01
    72.00 deg.: X-S =     5.337329 mb/sr,
+                                         /R =   3.7638E+01
    73.00 deg.: X-S =     5.076136 mb/sr,
+                                         /R =   3.7542E+01
    74.00 deg.: X-S =     4.777164 mb/sr,
+                                         /R =   3.7022E+01
    75.00 deg.: X-S =     4.454985 mb/sr,
+                                         /R =   3.6147E+01
    76.00 deg.: X-S =     4.123961 mb/sr,
+                                         /R =   3.5004E+01
    77.00 deg.: X-S =     3.797292 mb/sr,
+                                         /R =   3.3690E+01
    78.00 deg.: X-S =     3.486291 mb/sr,
+                                         /R =   3.2306E+01
    79.00 deg.: X-S =     3.199904 mb/sr,
+                                         /R =   3.0946E+01
    80.00 deg.: X-S =     2.944466 mb/sr,
+                                         /R =   2.9697E+01
    81.00 deg.: X-S =     2.723675 mb/sr,
+                                         /R =   2.8626E+01
    82.00 deg.: X-S =     2.538747 mb/sr,
+                                         /R =   2.7786E+01
    83.00 deg.: X-S =     2.388709 mb/sr,
+                                         /R =   2.7205E+01
    84.00 deg.: X-S =     2.270787 mb/sr,
+                                         /R =   2.6894E+01
    85.00 deg.: X-S =     2.180849 mb/sr,
+                                         /R =   2.6841E+01
    86.00 deg.: X-S =     2.113854 mb/sr,
+                                         /R =   2.7017E+01
    87.00 deg.: X-S =     2.064288 mb/sr,
+                                         /R =   2.7381E+01
    88.00 deg.: X-S =     2.026551 mb/sr,
+                                         /R =   2.7879E+01
    89.00 deg.: X-S =     1.995298 mb/sr,
+                                         /R =   2.8450E+01
    90.00 deg.: X-S =     1.965707 mb/sr,
+                                         /R =   2.9033E+01
    91.00 deg.: X-S =     1.933684 mb/sr,
+                                         /R =   2.9566E+01
    92.00 deg.: X-S =     1.896004 mb/sr,
+                                         /R =   2.9992E+01
    93.00 deg.: X-S =     1.850378 mb/sr,
+                                         /R =   3.0265E+01
    94.00 deg.: X-S =     1.795477 mb/sr,
+                                         /R =   3.0347E+01
    95.00 deg.: X-S =     1.730890 mb/sr,
+                                         /R =   3.0215E+01
    96.00 deg.: X-S =     1.657048 mb/sr,
+                                         /R =   2.9858E+01
    97.00 deg.: X-S =     1.575099 mb/sr,
+                                         /R =   2.9280E+01
    98.00 deg.: X-S =     1.486770 mb/sr,
+                                         /R =   2.8497E+01
    99.00 deg.: X-S =     1.394199 mb/sr,
+                                         /R =   2.7538E+01
   100.00 deg.: X-S =     1.299766 mb/sr,
+                                         /R =   2.6443E+01
   101.00 deg.: X-S =     1.205923 mb/sr,
+                                         /R =   2.5257E+01
   102.00 deg.: X-S =     1.115034 mb/sr,
+                                         /R =   2.4029E+01
   103.00 deg.: X-S =     1.029235 mb/sr,
+                                         /R =   2.2810E+01
   104.00 deg.: X-S =     0.950313 mb/sr,
+                                         /R =   2.1648E+01
   105.00 deg.: X-S =     0.879618 mb/sr,
+                                         /R =   2.0587E+01
   106.00 deg.: X-S =     0.818001 mb/sr,
+                                         /R =   1.9660E+01
   107.00 deg.: X-S =     0.765789 mb/sr,
+                                         /R =   1.8891E+01
   108.00 deg.: X-S =     0.722790 mb/sr,
+                                         /R =   1.8293E+01
   109.00 deg.: X-S =     0.688331 mb/sr,
+                                         /R =   1.7864E+01
   110.00 deg.: X-S =     0.661329 mb/sr,
+                                         /R =   1.7592E+01
   111.00 deg.: X-S =     0.640383 mb/sr,
+                                         /R =   1.7452E+01
   112.00 deg.: X-S =     0.623893 mb/sr,
+                                         /R =   1.7412E+01
   113.00 deg.: X-S =     0.610180 mb/sr,
+                                         /R =   1.7431E+01
   114.00 deg.: X-S =     0.597619 mb/sr,
+                                         /R =   1.7467E+01
   115.00 deg.: X-S =     0.584759 mb/sr,
+                                         /R =   1.7479E+01
   116.00 deg.: X-S =     0.570424 mb/sr,
+                                         /R =   1.7431E+01
   117.00 deg.: X-S =     0.553791 mb/sr,
+                                         /R =   1.7292E+01
   118.00 deg.: X-S =     0.534431 mb/sr,
+                                         /R =   1.7045E+01
   119.00 deg.: X-S =     0.512316 mb/sr,
+                                         /R =   1.6682E+01
   120.00 deg.: X-S =     0.487792 mb/sr,
+                                         /R =   1.6210E+01
   121.00 deg.: X-S =     0.461514 mb/sr,
+                                         /R =   1.5646E+01
   122.00 deg.: X-S =     0.434361 mb/sr,
+                                         /R =   1.5016E+01
   123.00 deg.: X-S =     0.407330 mb/sr,
+                                         /R =   1.4354E+01
   124.00 deg.: X-S =     0.381428 mb/sr,
+                                         /R =   1.3696E+01
   125.00 deg.: X-S =     0.357566 mb/sr,
+                                         /R =   1.3077E+01
   126.00 deg.: X-S =     0.336466 mb/sr,
+                                         /R =   1.2528E+01
   127.00 deg.: X-S =     0.318589 mb/sr,
+                                         /R =   1.2073E+01
   128.00 deg.: X-S =     0.304095 mb/sr,
+                                         /R =   1.1724E+01
   129.00 deg.: X-S =     0.292832 mb/sr,
+                                         /R =   1.1482E+01
   130.00 deg.: X-S =     0.284350 mb/sr,
+                                         /R =   1.1334E+01
   131.00 deg.: X-S =     0.277954 mb/sr,
+                                         /R =   1.1259E+01
   132.00 deg.: X-S =     0.272777 mb/sr,
+                                         /R =   1.1224E+01
   133.00 deg.: X-S =     0.267868 mb/sr,
+                                         /R =   1.1193E+01
   134.00 deg.: X-S =     0.262299 mb/sr,
+                                         /R =   1.1126E+01
   135.00 deg.: X-S =     0.255260 mb/sr,
+                                         /R =   1.0987E+01
   136.00 deg.: X-S =     0.246155 mb/sr,
+                                         /R =   1.0747E+01
   137.00 deg.: X-S =     0.234670 mb/sr,
+                                         /R =   1.0390E+01
   138.00 deg.: X-S =     0.220822 mb/sr,
+                                         /R =   9.9102E+00
   139.00 deg.: X-S =     0.204968 mb/sr,
+                                         /R =   9.3211E+00
   140.00 deg.: X-S =     0.187781 mb/sr,
+                                         /R =   8.6502E+00
   141.00 deg.: X-S =     0.170192 mb/sr,
+                                         /R =   7.9389E+00
   142.00 deg.: X-S =     0.153303 mb/sr,
+                                         /R =   7.2387E+00
   143.00 deg.: X-S =     0.138274 mb/sr,
+                                         /R =   6.6069E+00
   144.00 deg.: X-S =     0.126202 mb/sr,
+                                         /R =   6.0999E+00
   145.00 deg.: X-S =     0.118000 mb/sr,
+                                         /R =   5.7675E+00
   146.00 deg.: X-S =     0.114289 mb/sr,
+                                         /R =   5.6470E+00
   147.00 deg.: X-S =     0.115315 mb/sr,
+                                         /R =   5.7579E+00
   148.00 deg.: X-S =     0.120899 mb/sr,
+                                         /R =   6.0985E+00
   149.00 deg.: X-S =     0.130426 mb/sr,
+                                         /R =   6.6441E+00
   150.00 deg.: X-S =     0.142879 mb/sr,
+                                         /R =   7.3481E+00
   151.00 deg.: X-S =     0.156910 mb/sr,
+                                         /R =   8.1442E+00
   152.00 deg.: X-S =     0.170954 mb/sr,
+                                         /R =   8.9521E+00
   153.00 deg.: X-S =     0.183355 mb/sr,
+                                         /R =   9.6839E+00
   154.00 deg.: X-S =     0.192527 mb/sr,
+                                         /R =   1.0252E+01
   155.00 deg.: X-S =     0.197103 mb/sr,
+                                         /R =   1.0579E+01
   156.00 deg.: X-S =     0.196084 mb/sr,
+                                         /R =   1.0605E+01
   157.00 deg.: X-S =     0.188956 mb/sr,
+                                         /R =   1.0294E+01
   158.00 deg.: X-S =     0.175782 mb/sr,
+                                         /R =   9.6425E+00
   159.00 deg.: X-S =     0.157238 mb/sr,
+                                         /R =   8.6827E+00
   160.00 deg.: X-S =     0.134614 mb/sr,
+                                         /R =   7.4804E+00
   161.00 deg.: X-S =     0.109742 mb/sr,
+                                         /R =   6.1350E+00
   162.00 deg.: X-S =     0.084893 mb/sr,
+                                         /R =   4.7729E+00
   163.00 deg.: X-S =     0.062616 mb/sr,
+                                         /R =   3.5394E+00
   164.00 deg.: X-S =     0.045544 mb/sr,
+                                         /R =   2.5875E+00
   165.00 deg.: X-S =     0.036191 mb/sr,
+                                         /R =   2.0659E+00
   166.00 deg.: X-S =     0.036734 mb/sr,
+                                         /R =   2.1062E+00
   167.00 deg.: X-S =     0.048814 mb/sr,
+                                         /R =   2.8105E+00
   168.00 deg.: X-S =     0.073374 mb/sr,
+                                         /R =   4.2407E+00
   169.00 deg.: X-S =     0.110537 mb/sr,
+                                         /R =   6.4110E+00
   170.00 deg.: X-S =     0.159548 mb/sr,
+                                         /R =   9.2833E+00
   171.00 deg.: X-S =     0.218782 mb/sr,
+                                         /R =   1.2767E+01
   172.00 deg.: X-S =     0.285814 mb/sr,
+                                         /R =   1.6722E+01
   173.00 deg.: X-S =     0.357558 mb/sr,
+                                         /R =   2.0967E+01
   174.00 deg.: X-S =     0.430457 mb/sr,
+                                         /R =   2.5292E+01
   175.00 deg.: X-S =     0.500708 mb/sr,
+                                         /R =   2.9469E+01
   176.00 deg.: X-S =     0.564514 mb/sr,
+                                         /R =   3.3270E+01
   177.00 deg.: X-S =     0.618341 mb/sr,
+                                         /R =   3.6481E+01
   178.00 deg.: X-S =     0.659152 mb/sr,
+                                         /R =   3.8918E+01
   179.00 deg.: X-S =     0.684618 mb/sr,
+                                         /R =   4.0440E+01
   179.99 deg.: X-S =     0.693272 mb/sr,
+                                         /R =   4.0958E+01
                                           Integrated********** mb, over [   0.000, 180.000] at    70.0000 MeV 
 Finished all xsecs @    1.56250000E-02

  The following files have been created:
   3:local copy of User input.            6:standard output.                   
  13:total cross sections/state.         39:cross sections for each Ecm.       
  40:all cross sectns. for each Elab.    56:Fusion for each Jtotal.            

 PARAMETERS : MAXQRN   MFNL   MLOC  LMAX1 MCLIST
    ALLOWED :      1      1      4    170      6
    REQUIRED:      0      0      4     23      3


 ACCURACY ANALYSIS at    70.000 MeV :

  Elastic h*k = 0.073 so OK       compared with 0.200

   Real(S-el) > 0.01 first at J =       6.0
   Real(S-el) > 0.10 first at J =       7.0
   Real(S-el) > 0.50 first at J =      10.0
   Real(S-el) > 0.90 first at J =      12.0
   Real(S-el) > 0.99 first at J =      14.0
   R-turn =    12.37 fm    at J =      22.0

 Forward-angle excitation cut off below   0.767 deg by max JT =      22.0
                              and below   0.189 deg by max R.

 Total CPU  0 time =       0.02 seconds
