 FRESCO - FRES 3.4: Coupled Reaction Channels
 Assuming NAMELIST input.

 Test reaction with generated potential                                          

   0.040  50.000   0.500   0.000   0.000   0.000   0.000   0.000   0.000   0.000

 Centre-of-mass Range is   1252 * 0.0400 fm., Maximum at  50.00 fm., Interpolating NL forms every  0.52 fm.
 Non - locality width is      4 * 0.0400 fm., Maximum of   0.12 fm., Centred at  0.00 fm.
 2-Nucleon Separation of      0 * 0.5200 fm., Maximum of   0.00 fm., Minimum at  0.00 fm.
 Maximum single particle bins of 49.9200 fm.
               M,Mint =         1251        1249


 Range of total J is     0.0 <= J <=   150.0 (at least     0.0) and Absorbtion =>     0.1000 mb.
 Dry Run = F, CC set limits =  0  0, Relativistic kinematics =  , Both/Far/Near Analyses =  1                     

 Cross Sections (and up to T0 for 0=projectile) for Theta from   0.0 to 180.0 in steps of  1.0 degrees, DGAM=0,  Coordinates = 0 (Mads)

 Lower Radial Cutoff = maximum of -1.60*L*h &       0.0 fm.,  Lower Cutoff for Couplings =   0.0  fm.


 Iterate Couplings between   0 and   0 times, to  0.000 % if sooner.                                          
  Block solved exactly =   0 chs., with Pade = 0 & Isocen =  =0, NOSOL = F, initwf =  0
  NL quadrature with   18 Gaussian points, Calculate multipoles up to   156 from   0
  M-transfers for lp+lt greater than or equal to  6, Angular Integration Cutoff below  2.7778 %


 Trace switches are :  CHANS =  0, LISTCC =  0, TRENEG =  0, CDETR =  0, SMATS =  0, XSTABL =  0, NLPL =  0

                       WAVES =  0, LAMPL =  0, VEFF =  0, KFUS =  0, WDISK =  0, BPM =  0, MELFIL =  0

                       CDCC =  0, NFUS =  0

 Using unit mass = 1.000000 amu and 1/fine-structure constant = 137.03599 ( 1.000000 * true ) with hc = 197.32705 MeV.fm,
  thus 2*amu/hbar^2 = 0.0478450 = 1/20.9008 and Coulomb constant = 0.1574855 so e^2 = 1.43997, and nuclear magneton= 0.1261183

 Now pre-scan input and save to file 3



 *********** PARTITION NUMBER  1 ******************************************************************************************

   PROJ=4He        MASS=  4.0000 Z=   2.0,        # STATES=    1T, TARG=4He      MASS=  4.0000 Z=   2.0,     Q-VALUE =   0.0000 MEV.

     1:  J= 0.0+ (B# 1), E=  0.0000, K= 0.0              Potl#  1       J= 0.0+ (B# 1), E=  0.0000, K= 0.0    


 ************************************************************************************************************************************

 The following POTENTIALS are defined :

  KP#       TYPE      IT    SHAPE      at     V1        r1        a1        V2        r2        a2        A-in     A-used


                                            A#1       A#2        r0c       ac                                                h @ 1
    1    0=Coulomb       0=CHARGE (WS)  1     4.000     2.000    3.9685    0.0000    0.0000    0.0000     0.000    23.084   0.04000

    1    1=Volume        0=Woods-Saxon  2   70.0000    1.2500    0.6500   15.0000    1.2500    0.6500     0.000    23.084

    1    2=Surface       0=Woods-Saxon  3    0.0000    0.0000    0.0000    5.0000    1.3000    0.6500     0.000    23.084

    1    3=Projtl S.O.   0=Woods-Saxon  4    0.0000    1.0000    0.6500    0.0000    0.0000    0.0000     0.000    23.084

 Incoming partition  1 in excitation state # 1,   Laboratory Energy given for partition  1 Nucleus 1 in Excitation pair 1

0Lab. ENERGY ranges :

   from    170.000     to   0.00000     in     0 intervals
   from    0.00000     to   0.00000     in     0 intervals
   from    0.00000     to   0.00000     in     0 intervals

 Largest real,imaginary parts of any form factor at R=   49.60 are   2.90E-02  4.31E-30 MeV
 Finished all Couplings @    0.00000000               4

 Symmetric Hamiltonian
1***********************************************************************************************************************************
************************************************************************************************************************************

        INCOMING 4He      ;    LABORATORY 4He      ENERGY =   170.00     MeV.

 ***********************************************************************************************************************************
 ***********************************************************************************************************************************


  NOTE: Coulomb excitation cut off below   0.074 deg by JTMAX, and below   0.078 deg by Rmax

 Allocate arrays for            1  channels, of which            1  need wfs.
 Reaction Xsec    30.0+/30 @ 1 =   0.040 , Out:   0.000#
 Reaction Xsec    31.0-/31 @ 1 =   0.025 , Out:   0.000#
 Finished all CC sets @    1.56250000E-02
0CUMULATIVE REACTION cross section                 =  879.95828  <L> =    10.12  <L**2> =    120.2
0CUMULATIVE outgoing cross sections in partition 1 :    0.00000
0Cumulative ABSORBTION by Imaginary Potentials     =  879.95828  <L> =    10.12  <L**2> =    120.2
   Fusion for specific 4He      M-states :  879.958284
0CUMULATIVE OUTGOING cross section                 =    0.00000
 To convert to S-factors (MeV.mb = keV.b),  multiply by  1.5599E+02


 CROSS SECTIONS FOR OUTGOING 4He      & 4He      in state #   1 with spins & parities 0.0  + &  0.0  +;  0

     0.01 deg.: X-S =   4.9484E+13 mb/sr,
+                                         /R =   9.9996E-01
     1.00 deg.: X-S =   4.0481E+05 mb/sr,
+                                         /R =   8.1799E-01
     2.00 deg.: X-S =   2.5637E+04 mb/sr,
+                                         /R =   8.2876E-01
     3.00 deg.: X-S =   1.2685E+04 mb/sr,
+                                         /R =   2.0754E+00
     4.00 deg.: X-S =   1.0683E+04 mb/sr,
+                                         /R =   5.5222E+00
     5.00 deg.: X-S =  9083.241435 mb/sr,
+                                         /R =   1.1458E+01
     6.00 deg.: X-S =  7318.896564 mb/sr,
+                                         /R =   1.9133E+01
     7.00 deg.: X-S =  5547.557498 mb/sr,
+                                         /R =   2.6850E+01
     8.00 deg.: X-S =  3938.352874 mb/sr,
+                                         /R =   3.2493E+01
     9.00 deg.: X-S =  2598.255216 mb/sr,
+                                         /R =   3.4307E+01
    10.00 deg.: X-S =  1572.198388 mb/sr,
+                                         /R =   3.1610E+01
    11.00 deg.: X-S =   855.500440 mb/sr,
+                                         /R =   2.5156E+01
    12.00 deg.: X-S =   409.253215 mb/sr,
+                                         /R =   1.7024E+01
    13.00 deg.: X-S =   175.663046 mb/sr,
+                                         /R =   1.0052E+01
    14.00 deg.: X-S =    91.371726 mb/sr,
+                                         /R =   7.0230E+00
    15.00 deg.: X-S =    97.501068 mb/sr,
+                                         /R =   9.8613E+00
    16.00 deg.: X-S =   145.953185 mb/sr,
+                                         /R =   1.9080E+01
    17.00 deg.: X-S =   202.195855 mb/sr,
+                                         /R =   3.3629E+01
    18.00 deg.: X-S =   245.231246 mb/sr,
+                                         /R =   5.1173E+01
    19.00 deg.: X-S =   265.654654 mb/sr,
+                                         /R =   6.8689E+01
    20.00 deg.: X-S =   262.702855 mb/sr,
+                                         /R =   8.3230E+01
    21.00 deg.: X-S =   241.046780 mb/sr,
+                                         /R =   9.2633E+01
    22.00 deg.: X-S =   207.875708 mb/sr,
+                                         /R =   9.6014E+01
    23.00 deg.: X-S =   170.605048 mb/sr,
+                                         /R =   9.3918E+01
    24.00 deg.: X-S =   135.348912 mb/sr,
+                                         /R =   8.8126E+01
    25.00 deg.: X-S =   106.147124 mb/sr,
+                                         /R =   8.1169E+01
    26.00 deg.: X-S =    84.828974 mb/sr,
+                                         /R =   7.5689E+01
    27.00 deg.: X-S =    71.333558 mb/sr,
+                                         /R =   7.3819E+01
    28.00 deg.: X-S =    64.286045 mb/sr,
+                                         /R =   7.6728E+01
    29.00 deg.: X-S =    61.644943 mb/sr,
+                                         /R =   8.4417E+01
    30.00 deg.: X-S =    61.277527 mb/sr,
+                                         /R =   9.5812E+01
    31.00 deg.: X-S =    61.376524 mb/sr,
+                                         /R =   1.0908E+02
    32.00 deg.: X-S =    60.687664 mb/sr,
+                                         /R =   1.2206E+02
    33.00 deg.: X-S =    58.563730 mb/sr,
+                                         /R =   1.3278E+02
    34.00 deg.: X-S =    54.889797 mb/sr,
+                                         /R =   1.3975E+02
    35.00 deg.: X-S =    49.935138 mb/sr,
+                                         /R =   1.4227E+02
    36.00 deg.: X-S =    44.183197 mb/sr,
+                                         /R =   1.4038E+02
    37.00 deg.: X-S =    38.177832 mb/sr,
+                                         /R =   1.3485E+02
    38.00 deg.: X-S =    32.407792 mb/sr,
+                                         /R =   1.2687E+02
    39.00 deg.: X-S =    27.236828 mb/sr,
+                                         /R =   1.1783E+02
    40.00 deg.: X-S =    22.876287 mb/sr,
+                                         /R =   1.0908E+02
    41.00 deg.: X-S =    19.391079 mb/sr,
+                                         /R =   1.0163E+02
    42.00 deg.: X-S =    16.727653 mb/sr,
+                                         /R =   9.6136E+01
    43.00 deg.: X-S =    14.752946 mb/sr,
+                                         /R =   9.2750E+01
    44.00 deg.: X-S =    13.295027 mb/sr,
+                                         /R =   9.1227E+01
    45.00 deg.: X-S =    12.178600 mb/sr,
+                                         /R =   9.1010E+01
    46.00 deg.: X-S =    11.251225 mb/sr,
+                                         /R =   9.1379E+01
    47.00 deg.: X-S =    10.398647 mb/sr,
+                                         /R =   9.1603E+01
    48.00 deg.: X-S =     9.549812 mb/sr,
+                                         /R =   9.1071E+01
    49.00 deg.: X-S =     8.673664 mb/sr,
+                                         /R =   8.9381E+01
    50.00 deg.: X-S =     7.770604 mb/sr,
+                                         /R =   8.6374E+01
    51.00 deg.: X-S =     6.861568 mb/sr,
+                                         /R =   8.2129E+01
    52.00 deg.: X-S =     5.977177 mb/sr,
+                                         /R =   7.6913E+01
    53.00 deg.: X-S =     5.148660 mb/sr,
+                                         /R =   7.1111E+01
    54.00 deg.: X-S =     4.401415 mb/sr,
+                                         /R =   6.5150E+01
    55.00 deg.: X-S =     3.751433 mb/sr,
+                                         /R =   5.9423E+01
    56.00 deg.: X-S =     3.204281 mb/sr,
+                                         /R =   5.4238E+01
    57.00 deg.: X-S =     2.756092 mb/sr,
+                                         /R =   4.9783E+01
    58.00 deg.: X-S =     2.395862 mb/sr,
+                                         /R =   4.6119E+01
    59.00 deg.: X-S =     2.108345 mb/sr,
+                                         /R =   4.3195E+01
    60.00 deg.: X-S =     1.876908 mb/sr,
+                                         /R =   4.0875E+01
    61.00 deg.: X-S =     1.685876 mb/sr,
+                                         /R =   3.8979E+01
    62.00 deg.: X-S =     1.522109 mb/sr,
+                                         /R =   3.7320E+01
    63.00 deg.: X-S =     1.375737 mb/sr,
+                                         /R =   3.5728E+01
    64.00 deg.: X-S =     1.240215 mb/sr,
+                                         /R =   3.4078E+01
    65.00 deg.: X-S =     1.111900 mb/sr,
+                                         /R =   3.2290E+01
    66.00 deg.: X-S =     0.989402 mb/sr,
+                                         /R =   3.0335E+01
    67.00 deg.: X-S =     0.872891 mb/sr,
+                                         /R =   2.8226E+01
    68.00 deg.: X-S =     0.763464 mb/sr,
+                                         /R =   2.6012E+01
    69.00 deg.: X-S =     0.662602 mb/sr,
+                                         /R =   2.3763E+01
    70.00 deg.: X-S =     0.571723 mb/sr,
+                                         /R =   2.1562E+01
    71.00 deg.: X-S =     0.491834 mb/sr,
+                                         /R =   1.9488E+01
    72.00 deg.: X-S =     0.423304 mb/sr,
+                                         /R =   1.7606E+01
    73.00 deg.: X-S =     0.365783 mb/sr,
+                                         /R =   1.5955E+01
    74.00 deg.: X-S =     0.318266 mb/sr,
+                                         /R =   1.4547E+01
    75.00 deg.: X-S =     0.279289 mb/sr,
+                                         /R =   1.3365E+01
    76.00 deg.: X-S =     0.247191 mb/sr,
+                                         /R =   1.2375E+01
    77.00 deg.: X-S =     0.220364 mb/sr,
+                                         /R =   1.1531E+01
    78.00 deg.: X-S =     0.197438 mb/sr,
+                                         /R =   1.0791E+01
    79.00 deg.: X-S =     0.177360 mb/sr,
+                                         /R =   1.0117E+01
    80.00 deg.: X-S =     0.159385 mb/sr,
+                                         /R =   9.4809E+00
    81.00 deg.: X-S =     0.143014 mb/sr,
+                                         /R =   8.8652E+00
    82.00 deg.: X-S =     0.127919 mb/sr,
+                                         /R =   8.2574E+00
    83.00 deg.: X-S =     0.113894 mb/sr,
+                                         /R =   7.6506E+00
    84.00 deg.: X-S =     0.100827 mb/sr,
+                                         /R =   7.0430E+00
    85.00 deg.: X-S =     0.088693 mb/sr,
+                                         /R =   6.4381E+00
    86.00 deg.: X-S =     0.077538 mb/sr,
+                                         /R =   5.8450E+00
    87.00 deg.: X-S =     0.067452 mb/sr,
+                                         /R =   5.2769E+00
    88.00 deg.: X-S =     0.058521 mb/sr,
+                                         /R =   4.7482E+00
    89.00 deg.: X-S =     0.050786 mb/sr,
+                                         /R =   4.2710E+00
    90.00 deg.: X-S =     0.044217 mb/sr,
+                                         /R =   3.8518E+00
    91.00 deg.: X-S =     0.038708 mb/sr,
+                                         /R =   3.4906E+00
    92.00 deg.: X-S =     0.034104 mb/sr,
+                                         /R =   3.1818E+00
    93.00 deg.: X-S =     0.030236 mb/sr,
+                                         /R =   2.9168E+00
    94.00 deg.: X-S =     0.026951 mb/sr,
+                                         /R =   2.6867E+00
    95.00 deg.: X-S =     0.024127 mb/sr,
+                                         /R =   2.4841E+00
    96.00 deg.: X-S =     0.021673 mb/sr,
+                                         /R =   2.3033E+00
    97.00 deg.: X-S =     0.019519 mb/sr,
+                                         /R =   2.1401E+00
    98.00 deg.: X-S =     0.017603 mb/sr,
+                                         /R =   1.9899E+00
    99.00 deg.: X-S =     0.015866 mb/sr,
+                                         /R =   1.8484E+00
   100.00 deg.: X-S =     0.014259 mb/sr,
+                                         /R =   1.7110E+00
   101.00 deg.: X-S =     0.012748 mb/sr,
+                                         /R =   1.5747E+00
   102.00 deg.: X-S =     0.011322 mb/sr,
+                                         /R =   1.4390E+00
   103.00 deg.: X-S =     0.009990 mb/sr,
+                                         /R =   1.3057E+00
   104.00 deg.: X-S =     0.008771 mb/sr,
+                                         /R =   1.1785E+00
   105.00 deg.: X-S =     0.007685 mb/sr,
+                                         /R =   1.0608E+00
   106.00 deg.: X-S =     0.006738 mb/sr,
+                                         /R =   9.5510E-01
   107.00 deg.: X-S =     0.005922 mb/sr,
+                                         /R =   8.6156E-01
   108.00 deg.: X-S =     0.005218 mb/sr,
+                                         /R =   7.7893E-01
   109.00 deg.: X-S =     0.004608 mb/sr,
+                                         /R =   7.0532E-01
   110.00 deg.: X-S =     0.004075 mb/sr,
+                                         /R =   6.3932E-01
   111.00 deg.: X-S =     0.003612 mb/sr,
+                                         /R =   5.8054E-01
   112.00 deg.: X-S =     0.003216 mb/sr,
+                                         /R =   5.2933E-01
   113.00 deg.: X-S =     0.002885 mb/sr,
+                                         /R =   4.8603E-01
   114.00 deg.: X-S =     0.002611 mb/sr,
+                                         /R =   4.5016E-01
   115.00 deg.: X-S =     0.002383 mb/sr,
+                                         /R =   4.2005E-01
   116.00 deg.: X-S =     0.002182 mb/sr,
+                                         /R =   3.9322E-01
   117.00 deg.: X-S =     0.001994 mb/sr,
+                                         /R =   3.6723E-01
   118.00 deg.: X-S =     0.001811 mb/sr,
+                                         /R =   3.4056E-01
   119.00 deg.: X-S =     0.001630 mb/sr,
+                                         /R =   3.1304E-01
   120.00 deg.: X-S =     0.001457 mb/sr,
+                                         /R =   2.8559E-01
   121.00 deg.: X-S =     0.001298 mb/sr,
+                                         /R =   2.5954E-01
   122.00 deg.: X-S =     0.001157 mb/sr,
+                                         /R =   2.3582E-01
   123.00 deg.: X-S =     0.001032 mb/sr,
+                                         /R =   2.1453E-01
   124.00 deg.: X-S =     0.000921 mb/sr,
+                                         /R =   1.9510E-01
   125.00 deg.: X-S =     0.000819 mb/sr,
+                                         /R =   1.7674E-01
   126.00 deg.: X-S =     0.000724 mb/sr,
+                                         /R =   1.5906E-01
   127.00 deg.: X-S =     0.000637 mb/sr,
+                                         /R =   1.4230E-01
   128.00 deg.: X-S =     0.000559 mb/sr,
+                                         /R =   1.2720E-01
   129.00 deg.: X-S =     0.000495 mb/sr,
+                                         /R =   1.1458E-01
   130.00 deg.: X-S =     0.000446 mb/sr,
+                                         /R =   1.0478E-01
   131.00 deg.: X-S =     0.000408 mb/sr,
+                                         /R =   9.7417E-02
   132.00 deg.: X-S =     0.000377 mb/sr,
+                                         /R =   9.1536E-02
   133.00 deg.: X-S =     0.000349 mb/sr,
+                                         /R =   8.6002E-02
   134.00 deg.: X-S =     0.000320 mb/sr,
+                                         /R =   8.0036E-02
   135.00 deg.: X-S =     0.000290 mb/sr,
+                                         /R =   7.3520E-02
   136.00 deg.: X-S =     0.000260 mb/sr,
+                                         /R =   6.6938E-02
   137.00 deg.: X-S =     0.000234 mb/sr,
+                                         /R =   6.0993E-02
   138.00 deg.: X-S =     0.000212 mb/sr,
+                                         /R =   5.6147E-02
   139.00 deg.: X-S =     0.000195 mb/sr,
+                                         /R =   5.2354E-02
   140.00 deg.: X-S =     0.000181 mb/sr,
+                                         /R =   4.9129E-02
   141.00 deg.: X-S =     0.000167 mb/sr,
+                                         /R =   4.5868E-02
   142.00 deg.: X-S =     0.000152 mb/sr,
+                                         /R =   4.2212E-02
   143.00 deg.: X-S =     0.000136 mb/sr,
+                                         /R =   3.8231E-02
   144.00 deg.: X-S =     0.000120 mb/sr,
+                                         /R =   3.4350E-02
   145.00 deg.: X-S =     0.000108 mb/sr,
+                                         /R =   3.1080E-02
   146.00 deg.: X-S =   9.8547E-05 mb/sr,
+                                         /R =   2.8719E-02
   147.00 deg.: X-S =   9.2270E-05 mb/sr,
+                                         /R =   2.7173E-02
   148.00 deg.: X-S =   8.7380E-05 mb/sr,
+                                         /R =   2.5996E-02
   149.00 deg.: X-S =   8.1881E-05 mb/sr,
+                                         /R =   2.4601E-02
   150.00 deg.: X-S =   7.4415E-05 mb/sr,
+                                         /R =   2.2572E-02
   151.00 deg.: X-S =   6.4980E-05 mb/sr,
+                                         /R =   1.9892E-02
   152.00 deg.: X-S =   5.4957E-05 mb/sr,
+                                         /R =   1.6973E-02
   153.00 deg.: X-S =   4.6353E-05 mb/sr,
+                                         /R =   1.4439E-02
   154.00 deg.: X-S =   4.0707E-05 mb/sr,
+                                         /R =   1.2785E-02
   155.00 deg.: X-S =   3.8262E-05 mb/sr,
+                                         /R =   1.2112E-02
   156.00 deg.: X-S =   3.7942E-05 mb/sr,
+                                         /R =   1.2103E-02
   157.00 deg.: X-S =   3.8079E-05 mb/sr,
+                                         /R =   1.2235E-02
   158.00 deg.: X-S =   3.7386E-05 mb/sr,
+                                         /R =   1.2096E-02
   159.00 deg.: X-S =   3.5561E-05 mb/sr,
+                                         /R =   1.1582E-02
   160.00 deg.: X-S =   3.3210E-05 mb/sr,
+                                         /R =   1.0884E-02
   161.00 deg.: X-S =   3.1263E-05 mb/sr,
+                                         /R =   1.0308E-02
   162.00 deg.: X-S =   3.0321E-05 mb/sr,
+                                         /R =   1.0054E-02
   163.00 deg.: X-S =   3.0287E-05 mb/sr,
+                                         /R =   1.0097E-02
   164.00 deg.: X-S =   3.0390E-05 mb/sr,
+                                         /R =   1.0183E-02
   165.00 deg.: X-S =   2.9533E-05 mb/sr,
+                                         /R =   9.9429E-03
   166.00 deg.: X-S =   2.6822E-05 mb/sr,
+                                         /R =   9.0705E-03
   167.00 deg.: X-S =   2.2162E-05 mb/sr,
+                                         /R =   7.5255E-03
   168.00 deg.: X-S =   1.6631E-05 mb/sr,
+                                         /R =   5.6689E-03
   169.00 deg.: X-S =   1.2340E-05 mb/sr,
+                                         /R =   4.2210E-03
   170.00 deg.: X-S =   1.1618E-05 mb/sr,
+                                         /R =   3.9871E-03
   171.00 deg.: X-S =   1.5819E-05 mb/sr,
+                                         /R =   5.4443E-03
   172.00 deg.: X-S =   2.4420E-05 mb/sr,
+                                         /R =   8.4263E-03
   173.00 deg.: X-S =   3.5075E-05 mb/sr,
+                                         /R =   1.2131E-02
   174.00 deg.: X-S =   4.4683E-05 mb/sr,
+                                         /R =   1.5484E-02
   175.00 deg.: X-S =   5.0856E-05 mb/sr,
+                                         /R =   1.7653E-02
   176.00 deg.: X-S =   5.2893E-05 mb/sr,
+                                         /R =   1.8386E-02
   177.00 deg.: X-S =   5.1752E-05 mb/sr,
+                                         /R =   1.8008E-02
   178.00 deg.: X-S =   4.9225E-05 mb/sr,
+                                         /R =   1.7142E-02
   179.00 deg.: X-S =   4.7002E-05 mb/sr,
+                                         /R =   1.6375E-02
   179.99 deg.: X-S =   4.6147E-05 mb/sr,
+                                         /R =   1.6080E-02
                                           Integrated********** mb, over [   0.000, 180.000] at   170.0000 MeV 
 Finished all xsecs @    1.56250000E-02

  The following files have been created:
   3:local copy of User input.            6:standard output.                   
  13:total cross sections/state.         39:cross sections for each Ecm.       
  40:all cross sectns. for each Elab.    56:Fusion for each Jtotal.            

 PARAMETERS : MAXQRN   MFNL   MLOC  LMAX1 MCLIST
    ALLOWED :      1      1      4    170      6
    REQUIRED:      0      0      4     32      3


 ACCURACY ANALYSIS at   170.000 MeV :

  Elastic h*k = 0.114 so OK       compared with 0.200

   Real(S-el) > 0.01 first at J =       1.0
   Real(S-el) > 0.10 first at J =       4.0
   Real(S-el) > 0.50 first at J =      14.0
   Real(S-el) > 0.90 first at J =      17.0
   Real(S-el) > 0.99 first at J =      21.0
   R-turn =    11.08 fm    at J =      31.0

 Forward-angle excitation cut off below   0.352 deg by max JT =      31.0
                              and below   0.078 deg by max R.

 Total CPU  0 time =       0.02 seconds
