 FRESCO - FRES 3.4: Coupled Reaction Channels
 Assuming NAMELIST input.

 Test reaction with generated potential                                          

   0.040  50.000   0.500   0.000   0.000   0.000   0.000   0.000   0.000   0.000

 Centre-of-mass Range is   1252 * 0.0400 fm., Maximum at  50.00 fm., Interpolating NL forms every  0.52 fm.
 Non - locality width is      4 * 0.0400 fm., Maximum of   0.12 fm., Centred at  0.00 fm.
 2-Nucleon Separation of      0 * 0.5200 fm., Maximum of   0.00 fm., Minimum at  0.00 fm.
 Maximum single particle bins of 49.9200 fm.
               M,Mint =         1251        1249


 Range of total J is     0.0 <= J <=   150.0 (at least     0.0) and Absorbtion =>     0.1000 mb.
 Dry Run = F, CC set limits =  0  0, Relativistic kinematics =  , Both/Far/Near Analyses =  1                     

 Cross Sections (and up to T0 for 0=projectile) for Theta from   0.0 to 180.0 in steps of  1.0 degrees, DGAM=0,  Coordinates = 0 (Mads)

 Lower Radial Cutoff = maximum of -1.60*L*h &       0.0 fm.,  Lower Cutoff for Couplings =   0.0  fm.


 Iterate Couplings between   0 and   0 times, to  0.000 % if sooner.                                          
  Block solved exactly =   0 chs., with Pade = 0 & Isocen =  =0, NOSOL = F, initwf =  0
  NL quadrature with   18 Gaussian points, Calculate multipoles up to   156 from   0
  M-transfers for lp+lt greater than or equal to  6, Angular Integration Cutoff below  2.7778 %


 Trace switches are :  CHANS =  0, LISTCC =  0, TRENEG =  0, CDETR =  0, SMATS =  0, XSTABL =  0, NLPL =  0

                       WAVES =  0, LAMPL =  0, VEFF =  0, KFUS =  0, WDISK =  0, BPM =  0, MELFIL =  0

                       CDCC =  0, NFUS =  0

 Using unit mass = 1.000000 amu and 1/fine-structure constant = 137.03599 ( 1.000000 * true ) with hc = 197.32705 MeV.fm,
  thus 2*amu/hbar^2 = 0.0478450 = 1/20.9008 and Coulomb constant = 0.1574855 so e^2 = 1.43997, and nuclear magneton= 0.1261183

 Now pre-scan input and save to file 3



 *********** PARTITION NUMBER  1 ******************************************************************************************

   PROJ=4He        MASS=  4.0000 Z=   2.0,        # STATES=    1T, TARG=4He      MASS=  4.0000 Z=   2.0,     Q-VALUE =   0.0000 MEV.

     1:  J= 0.0+ (B# 1), E=  0.0000, K= 0.0              Potl#  1       J= 0.0+ (B# 1), E=  0.0000, K= 0.0    


 ************************************************************************************************************************************

 The following POTENTIALS are defined :

  KP#       TYPE      IT    SHAPE      at     V1        r1        a1        V2        r2        a2        A-in     A-used


                                            A#1       A#2        r0c       ac                                                h @ 1
    1    0=Coulomb       0=CHARGE (WS)  1     4.000     2.000    3.9685    0.0000    0.0000    0.0000     0.000    23.084   0.04000

    1    1=Volume        0=Woods-Saxon  2   70.0000    1.2500    0.6500   15.0000    1.2500    0.6500     0.000    23.084

    1    2=Surface       0=Woods-Saxon  3    0.0000    0.0000    0.0000    5.0000    1.3000    0.6500     0.000    23.084

    1    3=Projtl S.O.   0=Woods-Saxon  4    0.0000    1.0000    0.6500    0.0000    0.0000    0.0000     0.000    23.084

 Incoming partition  1 in excitation state # 1,   Laboratory Energy given for partition  1 Nucleus 1 in Excitation pair 1

0Lab. ENERGY ranges :

   from    240.000     to   0.00000     in     0 intervals
   from    0.00000     to   0.00000     in     0 intervals
   from    0.00000     to   0.00000     in     0 intervals

 Largest real,imaginary parts of any form factor at R=   49.60 are   2.90E-02  4.31E-30 MeV
 Finished all Couplings @    1.56250000E-02           4

 Symmetric Hamiltonian
1***********************************************************************************************************************************
************************************************************************************************************************************

        INCOMING 4He      ;    LABORATORY 4He      ENERGY =   240.00     MeV.

 ***********************************************************************************************************************************
 ***********************************************************************************************************************************


  NOTE: Coulomb excitation cut off below   0.062 deg by JTMAX, and below   0.055 deg by Rmax

 Allocate arrays for            1  channels, of which            1  need wfs.
 Reaction Xsec    34.0+/34 @ 1 =   0.056 , Out:   0.000#
 Reaction Xsec    35.0-/35 @ 1 =   0.037 , Out:   0.000#
 Finished all CC sets @    3.12500000E-02
0CUMULATIVE REACTION cross section                 =  808.11837  <L> =    11.79  <L**2> =    163.8
0CUMULATIVE outgoing cross sections in partition 1 :    0.00000
0Cumulative ABSORBTION by Imaginary Potentials     =  808.11837  <L> =    11.79  <L**2> =    163.8
   Fusion for specific 4He      M-states :  808.118373
0CUMULATIVE OUTGOING cross section                 =    0.00000
 To convert to S-factors (MeV.mb = keV.b),  multiply by  2.0003E+02


 CROSS SECTIONS FOR OUTGOING 4He      & 4He      in state #   1 with spins & parities 0.0  + &  0.0  +;  0

     0.01 deg.: X-S =   2.4827E+13 mb/sr,
+                                         /R =   9.9994E-01
     1.00 deg.: X-S =   1.9456E+05 mb/sr,
+                                         /R =   7.8359E-01
     2.00 deg.: X-S =   2.0910E+04 mb/sr,
+                                         /R =   1.3472E+00
     3.00 deg.: X-S =   1.5316E+04 mb/sr,
+                                         /R =   4.9943E+00
     4.00 deg.: X-S =   1.2971E+04 mb/sr,
+                                         /R =   1.3363E+01
     5.00 deg.: X-S =   1.0286E+04 mb/sr,
+                                         /R =   2.5860E+01
     6.00 deg.: X-S =  7544.990978 mb/sr,
+                                         /R =   3.9311E+01
     7.00 deg.: X-S =  5098.955842 mb/sr,
+                                         /R =   4.9186E+01
     8.00 deg.: X-S =  3150.114196 mb/sr,
+                                         /R =   5.1799E+01
     9.00 deg.: X-S =  1760.551722 mb/sr,
+                                         /R =   4.6332E+01
    10.00 deg.: X-S =   888.739305 mb/sr,
+                                         /R =   3.5614E+01
    11.00 deg.: X-S =   431.156181 mb/sr,
+                                         /R =   2.5269E+01
    12.00 deg.: X-S =   260.758118 mb/sr,
+                                         /R =   2.1619E+01
    13.00 deg.: X-S =   256.570625 mb/sr,
+                                         /R =   2.9262E+01
    14.00 deg.: X-S =   321.870920 mb/sr,
+                                         /R =   4.9308E+01
    15.00 deg.: X-S =   391.476202 mb/sr,
+                                         /R =   7.8914E+01
    16.00 deg.: X-S =   430.656302 mb/sr,
+                                         /R =   1.1220E+02
    17.00 deg.: X-S =   428.928651 mb/sr,
+                                         /R =   1.4218E+02
    18.00 deg.: X-S =   391.768173 mb/sr,
+                                         /R =   1.6294E+02
    19.00 deg.: X-S =   332.526735 mb/sr,
+                                         /R =   1.7136E+02
    20.00 deg.: X-S =   265.981096 mb/sr,
+                                         /R =   1.6795E+02
    21.00 deg.: X-S =   204.134148 mb/sr,
+                                         /R =   1.5635E+02
    22.00 deg.: X-S =   154.272923 mb/sr,
+                                         /R =   1.4202E+02
    23.00 deg.: X-S =   118.863579 mb/sr,
+                                         /R =   1.3042E+02
    24.00 deg.: X-S =    96.639067 mb/sr,
+                                         /R =   1.2541E+02
    25.00 deg.: X-S =    84.197023 mb/sr,
+                                         /R =   1.2832E+02
    26.00 deg.: X-S =    77.540094 mb/sr,
+                                         /R =   1.3789E+02
    27.00 deg.: X-S =    73.200251 mb/sr,
+                                         /R =   1.5098E+02
    28.00 deg.: X-S =    68.819585 mb/sr,
+                                         /R =   1.6371E+02
    29.00 deg.: X-S =    63.246687 mb/sr,
+                                         /R =   1.7262E+02
    30.00 deg.: X-S =    56.311708 mb/sr,
+                                         /R =   1.7549E+02
    31.00 deg.: X-S =    48.462523 mb/sr,
+                                         /R =   1.7166E+02
    32.00 deg.: X-S =    40.404915 mb/sr,
+                                         /R =   1.6197E+02
    33.00 deg.: X-S =    32.827585 mb/sr,
+                                         /R =   1.4834E+02
    34.00 deg.: X-S =    26.237337 mb/sr,
+                                         /R =   1.3314E+02
    35.00 deg.: X-S =    20.894554 mb/sr,
+                                         /R =   1.1865E+02
    36.00 deg.: X-S =    16.823629 mb/sr,
+                                         /R =   1.0654E+02
    37.00 deg.: X-S =    13.870026 mb/sr,
+                                         /R =   9.7643E+01
    38.00 deg.: X-S =    11.777953 mb/sr,
+                                         /R =   9.1896E+01
    39.00 deg.: X-S =    10.266933 mb/sr,
+                                         /R =   8.8528E+01
    40.00 deg.: X-S =     9.091248 mb/sr,
+                                         /R =   8.6395E+01
    41.00 deg.: X-S =     8.073732 mb/sr,
+                                         /R =   8.4340E+01
    42.00 deg.: X-S =     7.113498 mb/sr,
+                                         /R =   8.1481E+01
    43.00 deg.: X-S =     6.174003 mb/sr,
+                                         /R =   7.7362E+01
    44.00 deg.: X-S =     5.261256 mb/sr,
+                                         /R =   7.1953E+01
    45.00 deg.: X-S =     4.401387 mb/sr,
+                                         /R =   6.5555E+01
    46.00 deg.: X-S =     3.623442 mb/sr,
+                                         /R =   5.8653E+01
    47.00 deg.: X-S =     2.949238 mb/sr,
+                                         /R =   5.1781E+01
    48.00 deg.: X-S =     2.389207 mb/sr,
+                                         /R =   4.5411E+01
    49.00 deg.: X-S =     1.942143 mb/sr,
+                                         /R =   3.9888E+01
    50.00 deg.: X-S =     1.597083 mb/sr,
+                                         /R =   3.5382E+01
    51.00 deg.: X-S =     1.336359 mb/sr,
+                                         /R =   3.1880E+01
    52.00 deg.: X-S =     1.139241 mb/sr,
+                                         /R =   2.9217E+01
    53.00 deg.: X-S =     0.985619 mb/sr,
+                                         /R =   2.7132E+01
    54.00 deg.: X-S =     0.858980 mb/sr,
+                                         /R =   2.5341E+01
    55.00 deg.: X-S =     0.748033 mb/sr,
+                                         /R =   2.3616E+01
    56.00 deg.: X-S =     0.646734 mb/sr,
+                                         /R =   2.1818E+01
    57.00 deg.: X-S =     0.553050 mb/sr,
+                                         /R =   1.9910E+01
    58.00 deg.: X-S =     0.467210 mb/sr,
+                                         /R =   1.7925E+01
    59.00 deg.: X-S =     0.390159 mb/sr,
+                                         /R =   1.5931E+01
    60.00 deg.: X-S =     0.322655 mb/sr,
+                                         /R =   1.4005E+01
    61.00 deg.: X-S =     0.264970 mb/sr,
+                                         /R =   1.2210E+01
    62.00 deg.: X-S =     0.216937 mb/sr,
+                                         /R =   1.0601E+01
    63.00 deg.: X-S =     0.178029 mb/sr,
+                                         /R =   9.2149E+00
    64.00 deg.: X-S =     0.147367 mb/sr,
+                                         /R =   8.0704E+00
    65.00 deg.: X-S =     0.123701 mb/sr,
+                                         /R =   7.1598E+00
    66.00 deg.: X-S =     0.105491 mb/sr,
+                                         /R =   6.4463E+00
    67.00 deg.: X-S =     0.091125 mb/sr,
+                                         /R =   5.8729E+00
    68.00 deg.: X-S =     0.079203 mb/sr,
+                                         /R =   5.3783E+00
    69.00 deg.: X-S =     0.068759 mb/sr,
+                                         /R =   4.9147E+00
    70.00 deg.: X-S =     0.059307 mb/sr,
+                                         /R =   4.4579E+00
    71.00 deg.: X-S =     0.050724 mb/sr,
+                                         /R =   4.0058E+00
    72.00 deg.: X-S =     0.043042 mb/sr,
+                                         /R =   3.5680E+00
    73.00 deg.: X-S =     0.036280 mb/sr,
+                                         /R =   3.1541E+00
    74.00 deg.: X-S =     0.030386 mb/sr,
+                                         /R =   2.7681E+00
    75.00 deg.: X-S =     0.025269 mb/sr,
+                                         /R =   2.4101E+00
    76.00 deg.: X-S =     0.020861 mb/sr,
+                                         /R =   2.0814E+00
    77.00 deg.: X-S =     0.017148 mb/sr,
+                                         /R =   1.7884E+00
    78.00 deg.: X-S =     0.014136 mb/sr,
+                                         /R =   1.5398E+00
    79.00 deg.: X-S =     0.011798 mb/sr,
+                                         /R =   1.3413E+00
    80.00 deg.: X-S =     0.010035 mb/sr,
+                                         /R =   1.1898E+00
    81.00 deg.: X-S =     0.008690 mb/sr,
+                                         /R =   1.0736E+00
    82.00 deg.: X-S =     0.007594 mb/sr,
+                                         /R =   9.7698E-01
    83.00 deg.: X-S =     0.006624 mb/sr,
+                                         /R =   8.8689E-01
    84.00 deg.: X-S =     0.005730 mb/sr,
+                                         /R =   7.9771E-01
    85.00 deg.: X-S =     0.004915 mb/sr,
+                                         /R =   7.1112E-01
    86.00 deg.: X-S =     0.004205 mb/sr,
+                                         /R =   6.3179E-01
    87.00 deg.: X-S =     0.003607 mb/sr,
+                                         /R =   5.6236E-01
    88.00 deg.: X-S =     0.003098 mb/sr,
+                                         /R =   5.0096E-01
    89.00 deg.: X-S =     0.002642 mb/sr,
+                                         /R =   4.4287E-01
    90.00 deg.: X-S =     0.002214 mb/sr,
+                                         /R =   3.8446E-01
    91.00 deg.: X-S =     0.001815 mb/sr,
+                                         /R =   3.2628E-01
    92.00 deg.: X-S =     0.001467 mb/sr,
+                                         /R =   2.7277E-01
    93.00 deg.: X-S =     0.001192 mb/sr,
+                                         /R =   2.2911E-01
    94.00 deg.: X-S =     0.000995 mb/sr,
+                                         /R =   1.9764E-01
    95.00 deg.: X-S =     0.000860 mb/sr,
+                                         /R =   1.7647E-01
    96.00 deg.: X-S =     0.000760 mb/sr,
+                                         /R =   1.6090E-01
    97.00 deg.: X-S =     0.000670 mb/sr,
+                                         /R =   1.4638E-01
    98.00 deg.: X-S =     0.000581 mb/sr,
+                                         /R =   1.3082E-01
    99.00 deg.: X-S =     0.000496 mb/sr,
+                                         /R =   1.1509E-01
   100.00 deg.: X-S =     0.000425 mb/sr,
+                                         /R =   1.0155E-01
   101.00 deg.: X-S =     0.000373 mb/sr,
+                                         /R =   9.1834E-02
   102.00 deg.: X-S =     0.000337 mb/sr,
+                                         /R =   8.5444E-02
   103.00 deg.: X-S =     0.000307 mb/sr,
+                                         /R =   7.9910E-02
   104.00 deg.: X-S =     0.000271 mb/sr,
+                                         /R =   7.2545E-02
   105.00 deg.: X-S =     0.000227 mb/sr,
+                                         /R =   6.2382E-02
   106.00 deg.: X-S =     0.000180 mb/sr,
+                                         /R =   5.0820E-02
   107.00 deg.: X-S =     0.000140 mb/sr,
+                                         /R =   4.0475E-02
   108.00 deg.: X-S =     0.000112 mb/sr,
+                                         /R =   3.3231E-02
   109.00 deg.: X-S =   9.5289E-05 mb/sr,
+                                         /R =   2.9070E-02
   110.00 deg.: X-S =   8.4646E-05 mb/sr,
+                                         /R =   2.6468E-02
   111.00 deg.: X-S =   7.4163E-05 mb/sr,
+                                         /R =   2.3758E-02
   112.00 deg.: X-S =   6.1750E-05 mb/sr,
+                                         /R =   2.0258E-02
   113.00 deg.: X-S =   4.8981E-05 mb/sr,
+                                         /R =   1.6448E-02
   114.00 deg.: X-S =   3.8987E-05 mb/sr,
+                                         /R =   1.3395E-02
   115.00 deg.: X-S =   3.4037E-05 mb/sr,
+                                         /R =   1.1960E-02
   116.00 deg.: X-S =   3.4034E-05 mb/sr,
+                                         /R =   1.2225E-02
   117.00 deg.: X-S =   3.6355E-05 mb/sr,
+                                         /R =   1.3344E-02
   118.00 deg.: X-S =   3.7211E-05 mb/sr,
+                                         /R =   1.3951E-02
   119.00 deg.: X-S =   3.4031E-05 mb/sr,
+                                         /R =   1.3026E-02
   120.00 deg.: X-S =   2.7259E-05 mb/sr,
+                                         /R =   1.0649E-02
   121.00 deg.: X-S =   1.9932E-05 mb/sr,
+                                         /R =   7.9432E-03
   122.00 deg.: X-S =   1.5122E-05 mb/sr,
+                                         /R =   6.1454E-03
   123.00 deg.: X-S =   1.3501E-05 mb/sr,
+                                         /R =   5.5927E-03
   124.00 deg.: X-S =   1.3220E-05 mb/sr,
+                                         /R =   5.5799E-03
   125.00 deg.: X-S =   1.1993E-05 mb/sr,
+                                         /R =   5.1559E-03
   126.00 deg.: X-S =   9.1268E-06 mb/sr,
+                                         /R =   3.9949E-03
   127.00 deg.: X-S =   5.6528E-06 mb/sr,
+                                         /R =   2.5182E-03
   128.00 deg.: X-S =   2.9723E-06 mb/sr,
+                                         /R =   1.3471E-03
   129.00 deg.: X-S =   1.7470E-06 mb/sr,
+                                         /R =   8.0519E-04
   130.00 deg.: X-S =   1.8942E-06 mb/sr,
+                                         /R =   8.8754E-04
   131.00 deg.: X-S =   3.0141E-06 mb/sr,
+                                         /R =   1.4352E-03
   132.00 deg.: X-S =   4.4488E-06 mb/sr,
+                                         /R =   2.1519E-03
   133.00 deg.: X-S =   5.2519E-06 mb/sr,
+                                         /R =   2.5797E-03
   134.00 deg.: X-S =   4.7352E-06 mb/sr,
+                                         /R =   2.3610E-03
   135.00 deg.: X-S =   3.2686E-06 mb/sr,
+                                         /R =   1.6538E-03
   136.00 deg.: X-S =   2.1891E-06 mb/sr,
+                                         /R =   1.1235E-03
   137.00 deg.: X-S =   2.5184E-06 mb/sr,
+                                         /R =   1.3107E-03
   138.00 deg.: X-S =   3.8040E-06 mb/sr,
+                                         /R =   2.0068E-03
   139.00 deg.: X-S =   4.5231E-06 mb/sr,
+                                         /R =   2.4179E-03
   140.00 deg.: X-S =   3.7052E-06 mb/sr,
+                                         /R =   2.0064E-03
   141.00 deg.: X-S =   1.9109E-06 mb/sr,
+                                         /R =   1.0478E-03
   142.00 deg.: X-S =   4.7434E-07 mb/sr,
+                                         /R =   2.6329E-04
   143.00 deg.: X-S =   3.8526E-08 mb/sr,
+                                         /R =   2.1639E-05
   144.00 deg.: X-S =   1.6310E-07 mb/sr,
+                                         /R =   9.2672E-05
   145.00 deg.: X-S =   2.5543E-07 mb/sr,
+                                         /R =   1.4676E-04
   146.00 deg.: X-S =   3.7332E-07 mb/sr,
+                                         /R =   2.1683E-04
   147.00 deg.: X-S =   8.3403E-07 mb/sr,
+                                         /R =   4.8954E-04
   148.00 deg.: X-S =   1.3877E-06 mb/sr,
+                                         /R =   8.2288E-04
   149.00 deg.: X-S =   1.3515E-06 mb/sr,
+                                         /R =   8.0933E-04
   150.00 deg.: X-S =   6.3468E-07 mb/sr,
+                                         /R =   3.8370E-04
   151.00 deg.: X-S =   1.2787E-07 mb/sr,
+                                         /R =   7.8019E-05
   152.00 deg.: X-S =   6.6931E-07 mb/sr,
+                                         /R =   4.1200E-04
   153.00 deg.: X-S =   1.8432E-06 mb/sr,
+                                         /R =   1.1443E-03
   154.00 deg.: X-S =   2.3236E-06 mb/sr,
+                                         /R =   1.4545E-03
   155.00 deg.: X-S =   1.5049E-06 mb/sr,
+                                         /R =   9.4952E-04
   156.00 deg.: X-S =   3.2846E-07 mb/sr,
+                                         /R =   2.0881E-04
   157.00 deg.: X-S =   1.3222E-07 mb/sr,
+                                         /R =   8.4667E-05
   158.00 deg.: X-S =   9.5780E-07 mb/sr,
+                                         /R =   6.1762E-04
   159.00 deg.: X-S =   1.5520E-06 mb/sr,
+                                         /R =   1.0074E-03
   160.00 deg.: X-S =   1.0822E-06 mb/sr,
+                                         /R =   7.0689E-04
   161.00 deg.: X-S =   2.4802E-07 mb/sr,
+                                         /R =   1.6299E-04
   162.00 deg.: X-S =   2.5041E-07 mb/sr,
+                                         /R =   1.6550E-04
   163.00 deg.: X-S =   1.0378E-06 mb/sr,
+                                         /R =   6.8959E-04
   164.00 deg.: X-S =   1.3466E-06 mb/sr,
+                                         /R =   8.9928E-04
   165.00 deg.: X-S =   6.0419E-07 mb/sr,
+                                         /R =   4.0542E-04
   166.00 deg.: X-S =   1.3934E-08 mb/sr,
+                                         /R =   9.3916E-06
   167.00 deg.: X-S =   1.0316E-06 mb/sr,
+                                         /R =   6.9815E-04
   168.00 deg.: X-S =   3.0912E-06 mb/sr,
+                                         /R =   2.1001E-03
   169.00 deg.: X-S =   3.8773E-06 mb/sr,
+                                         /R =   2.6435E-03
   170.00 deg.: X-S =   2.2755E-06 mb/sr,
+                                         /R =   1.5564E-03
   171.00 deg.: X-S =   2.3901E-07 mb/sr,
+                                         /R =   1.6395E-04
   172.00 deg.: X-S =   6.5845E-07 mb/sr,
+                                         /R =   4.5284E-04
   173.00 deg.: X-S =   3.4719E-06 mb/sr,
+                                         /R =   2.3933E-03
   174.00 deg.: X-S =   5.1862E-06 mb/sr,
+                                         /R =   3.5820E-03
   175.00 deg.: X-S =   3.2380E-06 mb/sr,
+                                         /R =   2.2402E-03
   176.00 deg.: X-S =   2.3140E-07 mb/sr,
+                                         /R =   1.6031E-04
   177.00 deg.: X-S =   2.2203E-06 mb/sr,
+                                         /R =   1.5398E-03
   178.00 deg.: X-S =   1.1884E-05 mb/sr,
+                                         /R =   8.2482E-03
   179.00 deg.: X-S =   2.4107E-05 mb/sr,
+                                         /R =   1.6739E-02
   179.99 deg.: X-S =   2.9705E-05 mb/sr,
+                                         /R =   2.0629E-02
                                           Integrated********** mb, over [   0.000, 180.000] at   240.0000 MeV 
 Finished all xsecs @    4.68750000E-02

  The following files have been created:
   3:local copy of User input.            6:standard output.                   
  13:total cross sections/state.         39:cross sections for each Ecm.       
  40:all cross sectns. for each Elab.    56:Fusion for each Jtotal.            

 PARAMETERS : MAXQRN   MFNL   MLOC  LMAX1 MCLIST
    ALLOWED :      1      1      4    170      6
    REQUIRED:      0      0      4     36      3


 ACCURACY ANALYSIS at   240.000 MeV :

  Elastic h*k = 0.136 so OK       compared with 0.200

   Real(S-el) > 0.01 first at J =       1.0
   Real(S-el) > 0.10 first at J =       1.0
   Real(S-el) > 0.50 first at J =      16.0
   Real(S-el) > 0.90 first at J =      20.0
   Real(S-el) > 0.99 first at J =      25.0
   R-turn =    10.50 fm    at J =      35.0

 Forward-angle excitation cut off below   0.263 deg by max JT =      35.0
                              and below   0.055 deg by max R.

 Total CPU  0 time =       0.05 seconds
