 FRESCO - FRES 3.4: Coupled Reaction Channels
 Assuming NAMELIST input.

 Test reaction with generated potential                                          

   0.040  50.000   0.500   0.000   0.000   0.000   0.000   0.000   0.000   0.000

 Centre-of-mass Range is   1252 * 0.0400 fm., Maximum at  50.00 fm., Interpolating NL forms every  0.52 fm.
 Non - locality width is      4 * 0.0400 fm., Maximum of   0.12 fm., Centred at  0.00 fm.
 2-Nucleon Separation of      0 * 0.5200 fm., Maximum of   0.00 fm., Minimum at  0.00 fm.
 Maximum single particle bins of 49.9200 fm.
               M,Mint =         1251        1249


 Range of total J is     0.0 <= J <=   150.0 (at least     0.0) and Absorbtion =>     0.1000 mb.
 Dry Run = F, CC set limits =  0  0, Relativistic kinematics =  , Both/Far/Near Analyses =  1                     

 Cross Sections (and up to T0 for 0=projectile) for Theta from   0.0 to 180.0 in steps of  1.0 degrees, DGAM=0,  Coordinates = 0 (Mads)

 Lower Radial Cutoff = maximum of -1.60*L*h &       0.0 fm.,  Lower Cutoff for Couplings =   0.0  fm.


 Iterate Couplings between   0 and   0 times, to  0.000 % if sooner.                                          
  Block solved exactly =   0 chs., with Pade = 0 & Isocen =  =0, NOSOL = F, initwf =  0
  NL quadrature with   18 Gaussian points, Calculate multipoles up to   156 from   0
  M-transfers for lp+lt greater than or equal to  6, Angular Integration Cutoff below  2.7778 %


 Trace switches are :  CHANS =  0, LISTCC =  0, TRENEG =  0, CDETR =  0, SMATS =  0, XSTABL =  0, NLPL =  0

                       WAVES =  0, LAMPL =  0, VEFF =  0, KFUS =  0, WDISK =  0, BPM =  0, MELFIL =  0

                       CDCC =  0, NFUS =  0

 Using unit mass = 1.000000 amu and 1/fine-structure constant = 137.03599 ( 1.000000 * true ) with hc = 197.32705 MeV.fm,
  thus 2*amu/hbar^2 = 0.0478450 = 1/20.9008 and Coulomb constant = 0.1574855 so e^2 = 1.43997, and nuclear magneton= 0.1261183

 Now pre-scan input and save to file 3



 *********** PARTITION NUMBER  1 ******************************************************************************************

   PROJ=4He        MASS=  4.0000 Z=   2.0,        # STATES=    1T, TARG=4He      MASS=  4.0000 Z=   2.0,     Q-VALUE =   0.0000 MEV.

     1:  J= 0.0+ (B# 1), E=  0.0000, K= 0.0              Potl#  1       J= 0.0+ (B# 1), E=  0.0000, K= 0.0    


 ************************************************************************************************************************************

 The following POTENTIALS are defined :

  KP#       TYPE      IT    SHAPE      at     V1        r1        a1        V2        r2        a2        A-in     A-used


                                            A#1       A#2        r0c       ac                                                h @ 1
    1    0=Coulomb       0=CHARGE (WS)  1     4.000     2.000    3.9685    0.0000    0.0000    0.0000     0.000    23.084   0.04000

    1    1=Volume        0=Woods-Saxon  2   70.0000    1.2500    0.6500   15.0000    1.2500    0.6500     0.000    23.084

    1    2=Surface       0=Woods-Saxon  3    0.0000    0.0000    0.0000    5.0000    1.3000    0.6500     0.000    23.084

    1    3=Projtl S.O.   0=Woods-Saxon  4    0.0000    1.0000    0.6500    0.0000    0.0000    0.0000     0.000    23.084

 Incoming partition  1 in excitation state # 1,   Laboratory Energy given for partition  1 Nucleus 1 in Excitation pair 1

0Lab. ENERGY ranges :

   from    385.000     to   0.00000     in     0 intervals
   from    0.00000     to   0.00000     in     0 intervals
   from    0.00000     to   0.00000     in     0 intervals

 Largest real,imaginary parts of any form factor at R=   49.60 are   2.90E-02  4.31E-30 MeV
 Finished all Couplings @    1.56250000E-02           4

 Symmetric Hamiltonian
1***********************************************************************************************************************************
************************************************************************************************************************************

        INCOMING 4He      ;    LABORATORY 4He      ENERGY =   385.00     MeV.

 ***********************************************************************************************************************************
 ***********************************************************************************************************************************


  NOTE: Coulomb excitation cut off below   0.049 deg by JTMAX, and below   0.034 deg by Rmax

 Allocate arrays for            1  channels, of which            1  need wfs.
 Reaction Xsec    41.0-/41 @ 1 =   0.069 , Out:   0.000#
 Reaction Xsec    42.0+/42 @ 1 =   0.050 , Out:   0.000#
 Finished all CC sets @    3.12500000E-02
0CUMULATIVE REACTION cross section                 =  713.68903  <L> =    14.57  <L**2> =    251.1
0CUMULATIVE outgoing cross sections in partition 1 :    0.00000
0Cumulative ABSORBTION by Imaginary Potentials     =  713.68903  <L> =    14.57  <L**2> =    251.1
   Fusion for specific 4He      M-states :  713.689032
0CUMULATIVE OUTGOING cross section                 =    0.00000
 To convert to S-factors (MeV.mb = keV.b),  multiply by  2.8817E+02


 CROSS SECTIONS FOR OUTGOING 4He      & 4He      in state #   1 with spins & parities 0.0  + &  0.0  +;  0

     0.01 deg.: X-S =   9.6473E+12 mb/sr,
+                                         /R =   9.9990E-01
     1.00 deg.: X-S =   7.8371E+04 mb/sr,
+                                         /R =   8.1223E-01
     2.00 deg.: X-S =   2.5679E+04 mb/sr,
+                                         /R =   4.2576E+00
     3.00 deg.: X-S =   2.1963E+04 mb/sr,
+                                         /R =   1.8430E+01
     4.00 deg.: X-S =   1.7112E+04 mb/sr,
+                                         /R =   4.5367E+01
     5.00 deg.: X-S =   1.1979E+04 mb/sr,
+                                         /R =   7.7502E+01
     6.00 deg.: X-S =  7550.771945 mb/sr,
+                                         /R =   1.0124E+02
     7.00 deg.: X-S =  4280.774547 mb/sr,
+                                         /R =   1.0626E+02
     8.00 deg.: X-S =  2207.650659 mb/sr,
+                                         /R =   9.3417E+01
     9.00 deg.: X-S =  1112.485675 mb/sr,
+                                         /R =   7.5340E+01
    10.00 deg.: X-S =   673.973158 mb/sr,
+                                         /R =   6.9500E+01
    11.00 deg.: X-S =   585.663275 mb/sr,
+                                         /R =   8.8328E+01
    12.00 deg.: X-S =   620.407063 mb/sr,
+                                         /R =   1.3236E+02
    13.00 deg.: X-S =   647.027961 mb/sr,
+                                         /R =   1.8990E+02
    14.00 deg.: X-S =   615.577330 mb/sr,
+                                         /R =   2.4267E+02
    15.00 deg.: X-S =   528.909819 mb/sr,
+                                         /R =   2.7437E+02
    16.00 deg.: X-S =   413.931404 mb/sr,
+                                         /R =   2.7753E+02
    17.00 deg.: X-S =   300.017127 mb/sr,
+                                         /R =   2.5592E+02
    18.00 deg.: X-S =   207.099931 mb/sr,
+                                         /R =   2.2165E+02
    19.00 deg.: X-S =   142.467617 mb/sr,
+                                         /R =   1.8893E+02
    20.00 deg.: X-S =   103.367721 mb/sr,
+                                         /R =   1.6797E+02
    21.00 deg.: X-S =    81.990570 mb/sr,
+                                         /R =   1.6160E+02
    22.00 deg.: X-S =    70.043371 mb/sr,
+                                         /R =   1.6593E+02
    23.00 deg.: X-S =    61.451089 mb/sr,
+                                         /R =   1.7350E+02
    24.00 deg.: X-S =    53.059267 mb/sr,
+                                         /R =   1.7719E+02
    25.00 deg.: X-S =    44.037844 mb/sr,
+                                         /R =   1.7272E+02
    26.00 deg.: X-S =    34.846205 mb/sr,
+                                         /R =   1.5946E+02
    27.00 deg.: X-S =    26.339790 mb/sr,
+                                         /R =   1.3980E+02
    28.00 deg.: X-S =    19.225382 mb/sr,
+                                         /R =   1.1769E+02
    29.00 deg.: X-S =    13.833873 mb/sr,
+                                         /R =   9.7163E+01
    30.00 deg.: X-S =    10.107461 mb/sr,
+                                         /R =   8.1056E+01
    31.00 deg.: X-S =     7.710814 mb/sr,
+                                         /R =   7.0283E+01
    32.00 deg.: X-S =     6.195390 mb/sr,
+                                         /R =   6.3911E+01
    33.00 deg.: X-S =     5.153370 mb/sr,
+                                         /R =   5.9926E+01
    34.00 deg.: X-S =     4.310923 mb/sr,
+                                         /R =   5.6295E+01
    35.00 deg.: X-S =     3.542697 mb/sr,
+                                         /R =   5.1768E+01
    36.00 deg.: X-S =     2.827984 mb/sr,
+                                         /R =   4.6085E+01
    37.00 deg.: X-S =     2.190094 mb/sr,
+                                         /R =   3.9676E+01
    38.00 deg.: X-S =     1.653063 mb/sr,
+                                         /R =   3.3191E+01
    39.00 deg.: X-S =     1.225748 mb/sr,
+                                         /R =   2.7198E+01
    40.00 deg.: X-S =     0.903505 mb/sr,
+                                         /R =   2.2095E+01
    41.00 deg.: X-S =     0.673624 mb/sr,
+                                         /R =   1.8108E+01
    42.00 deg.: X-S =     0.518132 mb/sr,
+                                         /R =   1.5273E+01
    43.00 deg.: X-S =     0.415405 mb/sr,
+                                         /R =   1.3395E+01
    44.00 deg.: X-S =     0.343592 mb/sr,
+                                         /R =   1.2092E+01
    45.00 deg.: X-S =     0.285615 mb/sr,
+                                         /R =   1.0947E+01
    46.00 deg.: X-S =     0.232634 mb/sr,
+                                         /R =   9.6904E+00
    47.00 deg.: X-S =     0.183468 mb/sr,
+                                         /R =   8.2893E+00
    48.00 deg.: X-S =     0.140649 mb/sr,
+                                         /R =   6.8794E+00
    49.00 deg.: X-S =     0.106220 mb/sr,
+                                         /R =   5.6140E+00
    50.00 deg.: X-S =     0.079948 mb/sr,
+                                         /R =   4.5578E+00
    51.00 deg.: X-S =     0.060125 mb/sr,
+                                         /R =   3.6910E+00
    52.00 deg.: X-S =     0.045138 mb/sr,
+                                         /R =   2.9790E+00
    53.00 deg.: X-S =     0.034143 mb/sr,
+                                         /R =   2.4187E+00
    54.00 deg.: X-S =     0.026639 mb/sr,
+                                         /R =   2.0224E+00
    55.00 deg.: X-S =     0.021829 mb/sr,
+                                         /R =   1.7735E+00
    56.00 deg.: X-S =     0.018533 mb/sr,
+                                         /R =   1.6089E+00
    57.00 deg.: X-S =     0.015647 mb/sr,
+                                         /R =   1.4496E+00
    58.00 deg.: X-S =     0.012662 mb/sr,
+                                         /R =   1.2501E+00
    59.00 deg.: X-S =     0.009733 mb/sr,
+                                         /R =   1.0227E+00
    60.00 deg.: X-S =     0.007284 mb/sr,
+                                         /R =   8.1356E-01
    61.00 deg.: X-S =     0.005529 mb/sr,
+                                         /R =   6.5565E-01
    62.00 deg.: X-S =     0.004318 mb/sr,
+                                         /R =   5.4295E-01
    63.00 deg.: X-S =     0.003357 mb/sr,
+                                         /R =   4.4709E-01
    64.00 deg.: X-S =     0.002495 mb/sr,
+                                         /R =   3.5160E-01
    65.00 deg.: X-S =     0.001781 mb/sr,
+                                         /R =   2.6522E-01
    66.00 deg.: X-S =     0.001308 mb/sr,
+                                         /R =   2.0573E-01
    67.00 deg.: X-S =     0.001074 mb/sr,
+                                         /R =   1.7812E-01
    68.00 deg.: X-S =     0.000969 mb/sr,
+                                         /R =   1.6936E-01
    69.00 deg.: X-S =     0.000869 mb/sr,
+                                         /R =   1.5977E-01
    70.00 deg.: X-S =     0.000712 mb/sr,
+                                         /R =   1.3772E-01
    71.00 deg.: X-S =     0.000525 mb/sr,
+                                         /R =   1.0679E-01
    72.00 deg.: X-S =     0.000378 mb/sr,
+                                         /R =   8.0580E-02
    73.00 deg.: X-S =     0.000306 mb/sr,
+                                         /R =   6.8440E-02
    74.00 deg.: X-S =     0.000280 mb/sr,
+                                         /R =   6.5570E-02
    75.00 deg.: X-S =     0.000241 mb/sr,
+                                         /R =   5.9170E-02
    76.00 deg.: X-S =     0.000170 mb/sr,
+                                         /R =   4.3697E-02
    77.00 deg.: X-S =   9.7369E-05 mb/sr,
+                                         /R =   2.6132E-02
    78.00 deg.: X-S =   5.6499E-05 mb/sr,
+                                         /R =   1.5837E-02
    79.00 deg.: X-S =   4.8111E-05 mb/sr,
+                                         /R =   1.4075E-02
    80.00 deg.: X-S =   5.1052E-05 mb/sr,
+                                         /R =   1.5576E-02
    81.00 deg.: X-S =   4.9931E-05 mb/sr,
+                                         /R =   1.5875E-02
    82.00 deg.: X-S =   4.1376E-05 mb/sr,
+                                         /R =   1.3699E-02
    83.00 deg.: X-S =   2.7815E-05 mb/sr,
+                                         /R =   9.5829E-03
    84.00 deg.: X-S =   1.6725E-05 mb/sr,
+                                         /R =   5.9919E-03
    85.00 deg.: X-S =   1.7022E-05 mb/sr,
+                                         /R =   6.3374E-03
    86.00 deg.: X-S =   2.6722E-05 mb/sr,
+                                         /R =   1.0331E-02
    87.00 deg.: X-S =   3.1291E-05 mb/sr,
+                                         /R =   1.2555E-02
    88.00 deg.: X-S =   2.1934E-05 mb/sr,
+                                         /R =   9.1277E-03
    89.00 deg.: X-S =   7.9289E-06 mb/sr,
+                                         /R =   3.4199E-03
    90.00 deg.: X-S =   2.7454E-06 mb/sr,
+                                         /R =   1.2266E-03
    91.00 deg.: X-S =   5.6336E-06 mb/sr,
+                                         /R =   2.6056E-03
    92.00 deg.: X-S =   6.6685E-06 mb/sr,
+                                         /R =   3.1909E-03
    93.00 deg.: X-S =   3.4565E-06 mb/sr,
+                                         /R =   1.7102E-03
    94.00 deg.: X-S =   1.4799E-06 mb/sr,
+                                         /R =   7.5668E-04
    95.00 deg.: X-S =   2.0015E-06 mb/sr,
+                                         /R =   1.0569E-03
    96.00 deg.: X-S =   1.2812E-06 mb/sr,
+                                         /R =   6.9832E-04
    97.00 deg.: X-S =   9.5410E-09 mb/sr,
+                                         /R =   5.3651E-06
    98.00 deg.: X-S =   2.5506E-06 mb/sr,
+                                         /R =   1.4788E-03
    99.00 deg.: X-S =   7.1232E-06 mb/sr,
+                                         /R =   4.2561E-03
   100.00 deg.: X-S =   7.0236E-06 mb/sr,
+                                         /R =   4.3225E-03
   101.00 deg.: X-S =   2.3217E-06 mb/sr,
+                                         /R =   1.4709E-03
   102.00 deg.: X-S =   5.0563E-07 mb/sr,
+                                         /R =   3.2961E-04
   103.00 deg.: X-S =   3.8704E-06 mb/sr,
+                                         /R =   2.5947E-03
   104.00 deg.: X-S =   5.8970E-06 mb/sr,
+                                         /R =   4.0637E-03
   105.00 deg.: X-S =   2.9292E-06 mb/sr,
+                                         /R =   2.0738E-03
   106.00 deg.: X-S =   1.0140E-07 mb/sr,
+                                         /R =   7.3720E-05
   107.00 deg.: X-S =   1.5396E-06 mb/sr,
+                                         /R =   1.1489E-03
   108.00 deg.: X-S =   3.3429E-06 mb/sr,
+                                         /R =   2.5593E-03
   109.00 deg.: X-S =   1.6619E-06 mb/sr,
+                                         /R =   1.3047E-03
   110.00 deg.: X-S =   1.6669E-08 mb/sr,
+                                         /R =   1.3413E-05
   111.00 deg.: X-S =   2.2236E-06 mb/sr,
+                                         /R =   1.8331E-03
   112.00 deg.: X-S =   4.7095E-06 mb/sr,
+                                         /R =   3.9759E-03
   113.00 deg.: X-S =   2.9768E-06 mb/sr,
+                                         /R =   2.5724E-03
   114.00 deg.: X-S =   1.4552E-07 mb/sr,
+                                         /R =   1.2866E-04
   115.00 deg.: X-S =   1.3932E-06 mb/sr,
+                                         /R =   1.2598E-03
   116.00 deg.: X-S =   4.4342E-06 mb/sr,
+                                         /R =   4.0988E-03
   117.00 deg.: X-S =   3.7059E-06 mb/sr,
+                                         /R =   3.5003E-03
   118.00 deg.: X-S =   5.5430E-07 mb/sr,
+                                         /R =   5.3476E-04
   119.00 deg.: X-S =   6.3101E-07 mb/sr,
+                                         /R =   6.2155E-04
   120.00 deg.: X-S =   3.4639E-06 mb/sr,
+                                         /R =   3.4822E-03
   121.00 deg.: X-S =   3.5484E-06 mb/sr,
+                                         /R =   3.6390E-03
   122.00 deg.: X-S =   7.3223E-07 mb/sr,
+                                         /R =   7.6574E-04
   123.00 deg.: X-S =   4.4140E-07 mb/sr,
+                                         /R =   4.7052E-04
   124.00 deg.: X-S =   3.3997E-06 mb/sr,
+                                         /R =   3.6927E-03
   125.00 deg.: X-S =   4.1640E-06 mb/sr,
+                                         /R =   4.6066E-03
   126.00 deg.: X-S =   1.2973E-06 mb/sr,
+                                         /R =   1.4613E-03
   127.00 deg.: X-S =   1.4909E-07 mb/sr,
+                                         /R =   1.7091E-04
   128.00 deg.: X-S =   2.9133E-06 mb/sr,
+                                         /R =   3.3977E-03
   129.00 deg.: X-S =   4.4731E-06 mb/sr,
+                                         /R =   5.3054E-03
   130.00 deg.: X-S =   1.9095E-06 mb/sr,
+                                         /R =   2.3024E-03
   131.00 deg.: X-S =   2.0144E-08 mb/sr,
+                                         /R =   2.4683E-05
   132.00 deg.: X-S =   2.4354E-06 mb/sr,
+                                         /R =   3.0314E-03
   133.00 deg.: X-S =   4.7806E-06 mb/sr,
+                                         /R =   6.0426E-03
   134.00 deg.: X-S =   2.7289E-06 mb/sr,
+                                         /R =   3.5015E-03
   135.00 deg.: X-S =   7.0592E-08 mb/sr,
+                                         /R =   9.1913E-05
   136.00 deg.: X-S =   1.6938E-06 mb/sr,
+                                         /R =   2.2371E-03
   137.00 deg.: X-S =   4.4600E-06 mb/sr,
+                                         /R =   5.9731E-03
   138.00 deg.: X-S =   3.0872E-06 mb/sr,
+                                         /R =   4.1911E-03
   139.00 deg.: X-S =   1.7922E-07 mb/sr,
+                                         /R =   2.4654E-04
   140.00 deg.: X-S =   1.4946E-06 mb/sr,
+                                         /R =   2.0827E-03
   141.00 deg.: X-S =   5.0170E-06 mb/sr,
+                                         /R =   7.0792E-03
   142.00 deg.: X-S =   4.3895E-06 mb/sr,
+                                         /R =   6.2697E-03
   143.00 deg.: X-S =   7.2741E-07 mb/sr,
+                                         /R =   1.0514E-03
   144.00 deg.: X-S =   7.6262E-07 mb/sr,
+                                         /R =   1.1150E-03
   145.00 deg.: X-S =   4.3766E-06 mb/sr,
+                                         /R =   6.4711E-03
   146.00 deg.: X-S =   4.7261E-06 mb/sr,
+                                         /R =   7.0639E-03
   147.00 deg.: X-S =   1.1036E-06 mb/sr,
+                                         /R =   1.6670E-03
   148.00 deg.: X-S =   5.4819E-07 mb/sr,
+                                         /R =   8.3648E-04
   149.00 deg.: X-S =   4.6777E-06 mb/sr,
+                                         /R =   7.2082E-03
   150.00 deg.: X-S =   6.2039E-06 mb/sr,
+                                         /R =   9.6516E-03
   151.00 deg.: X-S =   2.2841E-06 mb/sr,
+                                         /R =   3.5863E-03
   152.00 deg.: X-S =   1.3291E-07 mb/sr,
+                                         /R =   2.1053E-04
   153.00 deg.: X-S =   3.8236E-06 mb/sr,
+                                         /R =   6.1087E-03
   154.00 deg.: X-S =   6.4709E-06 mb/sr,
+                                         /R =   1.0424E-02
   155.00 deg.: X-S =   2.9801E-06 mb/sr,
+                                         /R =   4.8386E-03
   156.00 deg.: X-S =   5.8947E-08 mb/sr,
+                                         /R =   9.6436E-05
   157.00 deg.: X-S =   4.0352E-06 mb/sr,
+                                         /R =   6.6496E-03
   158.00 deg.: X-S =   8.4186E-06 mb/sr,
+                                         /R =   1.3970E-02
   159.00 deg.: X-S =   5.2403E-06 mb/sr,
+                                         /R =   8.7535E-03
   160.00 deg.: X-S =   2.3624E-07 mb/sr,
+                                         /R =   3.9712E-04
   161.00 deg.: X-S =   2.9365E-06 mb/sr,
+                                         /R =   4.9660E-03
   162.00 deg.: X-S =   8.6899E-06 mb/sr,
+                                         /R =   1.4779E-02
   163.00 deg.: X-S =   6.6470E-06 mb/sr,
+                                         /R =   1.1366E-02
   164.00 deg.: X-S =   5.4775E-07 mb/sr,
+                                         /R =   9.4135E-04
   165.00 deg.: X-S =   3.0153E-06 mb/sr,
+                                         /R =   5.2067E-03
   166.00 deg.: X-S =   1.1553E-05 mb/sr,
+                                         /R =   2.0038E-02
   167.00 deg.: X-S =   1.1193E-05 mb/sr,
+                                         /R =   1.9495E-02
   168.00 deg.: X-S =   2.2028E-06 mb/sr,
+                                         /R =   3.8512E-03
   169.00 deg.: X-S =   1.8573E-06 mb/sr,
+                                         /R =   3.2585E-03
   170.00 deg.: X-S =   1.2914E-05 mb/sr,
+                                         /R =   2.2730E-02
   171.00 deg.: X-S =   1.5826E-05 mb/sr,
+                                         /R =   2.7935E-02
   172.00 deg.: X-S =   4.3688E-06 mb/sr,
+                                         /R =   7.7318E-03
   173.00 deg.: X-S =   1.8194E-06 mb/sr,
+                                         /R =   3.2274E-03
   174.00 deg.: X-S =   2.0577E-05 mb/sr,
+                                         /R =   3.6573E-02
   175.00 deg.: X-S =   3.2600E-05 mb/sr,
+                                         /R =   5.8039E-02
   176.00 deg.: X-S =   1.4289E-05 mb/sr,
+                                         /R =   2.5474E-02
   177.00 deg.: X-S =   1.0570E-06 mb/sr,
+                                         /R =   1.8864E-03
   178.00 deg.: X-S =   4.8817E-05 mb/sr,
+                                         /R =   8.7189E-02
   179.00 deg.: X-S =     0.000142 mb/sr,
+                                         /R =   2.5356E-01
   179.99 deg.: X-S =     0.000191 mb/sr,
+                                         /R =   3.4089E-01
                                           Integrated********** mb, over [   0.000, 180.000] at   385.0000 MeV 
 Finished all xsecs @    3.12500000E-02

  The following files have been created:
   3:local copy of User input.            6:standard output.                   
  13:total cross sections/state.         39:cross sections for each Ecm.       
  40:all cross sectns. for each Elab.    56:Fusion for each Jtotal.            

 PARAMETERS : MAXQRN   MFNL   MLOC  LMAX1 MCLIST
    ALLOWED :      1      1      4    170      6
    REQUIRED:      0      0      4     43      3


 ACCURACY ANALYSIS at   385.000 MeV :

  Elastic h*k = 0.172 so OK       compared with 0.200

   Real(S-el) > 0.01 first at J =       1.0
   Real(S-el) > 0.10 first at J =       1.0
   Real(S-el) > 0.50 first at J =      20.0
   Real(S-el) > 0.90 first at J =      24.0
   Real(S-el) > 0.99 first at J =      31.0
   R-turn =     9.92 fm    at J =      42.0

 Forward-angle excitation cut off below   0.173 deg by max JT =      42.0
                              and below   0.034 deg by max R.

 Total CPU  0 time =       0.05 seconds
