 FRESCO - FRES 3.4: Coupled Reaction Channels
 Assuming NAMELIST input.

 Test reaction with generated potential                                          

   0.040  50.000   0.500   0.000   0.000   0.000   0.000   0.000   0.000   0.000

 Centre-of-mass Range is   1252 * 0.0400 fm., Maximum at  50.00 fm., Interpolating NL forms every  0.52 fm.
 Non - locality width is      4 * 0.0400 fm., Maximum of   0.12 fm., Centred at  0.00 fm.
 2-Nucleon Separation of      0 * 0.5200 fm., Maximum of   0.00 fm., Minimum at  0.00 fm.
 Maximum single particle bins of 49.9200 fm.
               M,Mint =         1251        1249


 Range of total J is     0.0 <= J <=   150.0 (at least     0.0) and Absorbtion =>     0.1000 mb.
 Dry Run = F, CC set limits =  0  0, Relativistic kinematics =  , Both/Far/Near Analyses =  1                     

 Cross Sections (and up to T0 for 0=projectile) for Theta from   0.0 to 180.0 in steps of  1.0 degrees, DGAM=0,  Coordinates = 0 (Mads)

 Lower Radial Cutoff = maximum of -1.60*L*h &       0.0 fm.,  Lower Cutoff for Couplings =   0.0  fm.


 Iterate Couplings between   0 and   0 times, to  0.000 % if sooner.                                          
  Block solved exactly =   0 chs., with Pade = 0 & Isocen =  =0, NOSOL = F, initwf =  0
  NL quadrature with   18 Gaussian points, Calculate multipoles up to   156 from   0
  M-transfers for lp+lt greater than or equal to  6, Angular Integration Cutoff below  2.7778 %


 Trace switches are :  CHANS =  0, LISTCC =  0, TRENEG =  0, CDETR =  0, SMATS =  0, XSTABL =  0, NLPL =  0

                       WAVES =  0, LAMPL =  0, VEFF =  0, KFUS =  0, WDISK =  0, BPM =  0, MELFIL =  0

                       CDCC =  0, NFUS =  0

 Using unit mass = 1.000000 amu and 1/fine-structure constant = 137.03599 ( 1.000000 * true ) with hc = 197.32705 MeV.fm,
  thus 2*amu/hbar^2 = 0.0478450 = 1/20.9008 and Coulomb constant = 0.1574855 so e^2 = 1.43997, and nuclear magneton= 0.1261183

 Now pre-scan input and save to file 3



 *********** PARTITION NUMBER  1 ******************************************************************************************

   PROJ=4He        MASS=  4.0000 Z=   2.0,        # STATES=    1T, TARG=4He      MASS=  4.0000 Z=   2.0,     Q-VALUE =   0.0000 MEV.

     1:  J= 0.0+ (B# 1), E=  0.0000, K= 0.0              Potl#  1       J= 0.0+ (B# 1), E=  0.0000, K= 0.0    


 ************************************************************************************************************************************

 The following POTENTIALS are defined :

  KP#       TYPE      IT    SHAPE      at     V1        r1        a1        V2        r2        a2        A-in     A-used


                                            A#1       A#2        r0c       ac                                                h @ 1
    1    0=Coulomb       0=CHARGE (WS)  1     4.000     2.000    3.9685    0.0000    0.0000    0.0000     0.000    23.084   0.04000

    1    1=Volume        0=Woods-Saxon  2   70.0000    1.2500    0.6500   15.0000    1.2500    0.6500     0.000    23.084

    1    2=Surface       0=Woods-Saxon  3    0.0000    0.0000    0.0000    5.0000    1.3000    0.6500     0.000    23.084

    1    3=Projtl S.O.   0=Woods-Saxon  4    0.0000    1.0000    0.6500    0.0000    0.0000    0.0000     0.000    23.084

 Incoming partition  1 in excitation state # 1,   Laboratory Energy given for partition  1 Nucleus 1 in Excitation pair 1

0Lab. ENERGY ranges :

   from    295.000     to   0.00000     in     0 intervals
   from    0.00000     to   0.00000     in     0 intervals
   from    0.00000     to   0.00000     in     0 intervals

 Largest real,imaginary parts of any form factor at R=   49.60 are   2.90E-02  4.31E-30 MeV
 Finished all Couplings @    1.56250000E-02           4

 Symmetric Hamiltonian
1***********************************************************************************************************************************
************************************************************************************************************************************

        INCOMING 4He      ;    LABORATORY 4He      ENERGY =   295.00     MeV.

 ***********************************************************************************************************************************
 ***********************************************************************************************************************************


  NOTE: Coulomb excitation cut off below   0.056 deg by JTMAX, and below   0.045 deg by Rmax

 Allocate arrays for            1  channels, of which            1  need wfs.
 Reaction Xsec    37.0-/37 @ 1 =   0.060 , Out:   0.000#
 Reaction Xsec    38.0+/38 @ 1 =   0.041 , Out:   0.000#
 Finished all CC sets @    1.56250000E-02
0CUMULATIVE REACTION cross section                 =  766.29204  <L> =    12.93  <L**2> =    197.3
0CUMULATIVE outgoing cross sections in partition 1 :    0.00000
0Cumulative ABSORBTION by Imaginary Potentials     =  766.29204  <L> =    12.93  <L**2> =    197.3
   Fusion for specific 4He      M-states :  766.292037
0CUMULATIVE OUTGOING cross section                 =    0.00000
 To convert to S-factors (MeV.mb = keV.b),  multiply by  2.3386E+02


 CROSS SECTIONS FOR OUTGOING 4He      & 4He      in state #   1 with spins & parities 0.0  + &  0.0  +;  0

     0.01 deg.: X-S =   1.6432E+13 mb/sr,
+                                         /R =   9.9993E-01
     1.00 deg.: X-S =   1.2765E+05 mb/sr,
+                                         /R =   7.7674E-01
     2.00 deg.: X-S =   2.1815E+04 mb/sr,
+                                         /R =   2.1236E+00
     3.00 deg.: X-S =   1.7875E+04 mb/sr,
+                                         /R =   8.8064E+00
     4.00 deg.: X-S =   1.4705E+04 mb/sr,
+                                         /R =   2.2888E+01
     5.00 deg.: X-S =   1.1084E+04 mb/sr,
+                                         /R =   4.2100E+01
     6.00 deg.: X-S =  7636.612717 mb/sr,
+                                         /R =   6.0115E+01
     7.00 deg.: X-S =  4790.955220 mb/sr,
+                                         /R =   6.9824E+01
     8.00 deg.: X-S =  2721.107548 mb/sr,
+                                         /R =   6.7603E+01
     9.00 deg.: X-S =  1406.638994 mb/sr,
+                                         /R =   5.5929E+01
    10.00 deg.: X-S =   706.510417 mb/sr,
+                                         /R =   4.2774E+01
    11.00 deg.: X-S =   430.466325 mb/sr,
+                                         /R =   3.8116E+01
    12.00 deg.: X-S =   394.461653 mb/sr,
+                                         /R =   4.9411E+01
    13.00 deg.: X-S =   453.950762 mb/sr,
+                                         /R =   7.8221E+01
    14.00 deg.: X-S =   516.027457 mb/sr,
+                                         /R =   1.1943E+02
    15.00 deg.: X-S =   535.959205 mb/sr,
+                                         /R =   1.6323E+02
    16.00 deg.: X-S =   505.041919 mb/sr,
+                                         /R =   1.9881E+02
    17.00 deg.: X-S =   435.832052 mb/sr,
+                                         /R =   2.1828E+02
    18.00 deg.: X-S =   348.941148 mb/sr,
+                                         /R =   2.1926E+02
    19.00 deg.: X-S =   263.612863 mb/sr,
+                                         /R =   2.0525E+02
    20.00 deg.: X-S =   192.680175 mb/sr,
+                                         /R =   1.8382E+02
    21.00 deg.: X-S =   141.351379 mb/sr,
+                                         /R =   1.6357E+02
    22.00 deg.: X-S =   108.611564 mb/sr,
+                                         /R =   1.5106E+02
    23.00 deg.: X-S =    89.830458 mb/sr,
+                                         /R =   1.4891E+02
    24.00 deg.: X-S =    79.368529 mb/sr,
+                                         /R =   1.5561E+02
    25.00 deg.: X-S =    72.428691 mb/sr,
+                                         /R =   1.6678E+02
    26.00 deg.: X-S =    65.916547 mb/sr,
+                                         /R =   1.7710E+02
    27.00 deg.: X-S =    58.470466 mb/sr,
+                                         /R =   1.8220E+02
    28.00 deg.: X-S =    50.011095 mb/sr,
+                                         /R =   1.7974E+02
    29.00 deg.: X-S =    41.152362 mb/sr,
+                                         /R =   1.6970E+02
    30.00 deg.: X-S =    32.697843 mb/sr,
+                                         /R =   1.5395E+02
    31.00 deg.: X-S =    25.312835 mb/sr,
+                                         /R =   1.3546E+02
    32.00 deg.: X-S =    19.370934 mb/sr,
+                                         /R =   1.1732E+02
    33.00 deg.: X-S =    14.934120 mb/sr,
+                                         /R =   1.0196E+02
    34.00 deg.: X-S =    11.818266 mb/sr,
+                                         /R =   9.0610E+01
    35.00 deg.: X-S =     9.700290 mb/sr,
+                                         /R =   8.3221E+01
    36.00 deg.: X-S =     8.228966 mb/sr,
+                                         /R =   7.8733E+01
    37.00 deg.: X-S =     7.109771 mb/sr,
+                                         /R =   7.5621E+01
    38.00 deg.: X-S =     6.147537 mb/sr,
+                                         /R =   7.2468E+01
    39.00 deg.: X-S =     5.247382 mb/sr,
+                                         /R =   6.8360E+01
    40.00 deg.: X-S =     4.388041 mb/sr,
+                                         /R =   6.3002E+01
    41.00 deg.: X-S =     3.586744 mb/sr,
+                                         /R =   5.6609E+01
    42.00 deg.: X-S =     2.870579 mb/sr,
+                                         /R =   4.9678E+01
    43.00 deg.: X-S =     2.260277 mb/sr,
+                                         /R =   4.2790E+01
    44.00 deg.: X-S =     1.764616 mb/sr,
+                                         /R =   3.6461E+01
    45.00 deg.: X-S =     1.380574 mb/sr,
+                                         /R =   3.1067E+01
    46.00 deg.: X-S =     1.095499 mb/sr,
+                                         /R =   2.6792E+01
    47.00 deg.: X-S =     0.890007 mb/sr,
+                                         /R =   2.3609E+01
    48.00 deg.: X-S =     0.741678 mb/sr,
+                                         /R =   2.1298E+01
    49.00 deg.: X-S =     0.629344 mb/sr,
+                                         /R =   1.9529E+01
    50.00 deg.: X-S =     0.536790 mb/sr,
+                                         /R =   1.7967E+01
    51.00 deg.: X-S =     0.454552 mb/sr,
+                                         /R =   1.6383E+01
    52.00 deg.: X-S =     0.379231 mb/sr,
+                                         /R =   1.4694E+01
    53.00 deg.: X-S =     0.311098 mb/sr,
+                                         /R =   1.2939E+01
    54.00 deg.: X-S =     0.251455 mb/sr,
+                                         /R =   1.1208E+01
    55.00 deg.: X-S =     0.200984 mb/sr,
+                                         /R =   9.5866E+00
    56.00 deg.: X-S =     0.159416 mb/sr,
+                                         /R =   8.1255E+00
    57.00 deg.: X-S =     0.125956 mb/sr,
+                                         /R =   6.8510E+00
    58.00 deg.: X-S =     0.099736 mb/sr,
+                                         /R =   5.7812E+00
    59.00 deg.: X-S =     0.079884 mb/sr,
+                                         /R =   4.9283E+00
    60.00 deg.: X-S =     0.065344 mb/sr,
+                                         /R =   4.2851E+00
    61.00 deg.: X-S =     0.054770 mb/sr,
+                                         /R =   3.8133E+00
    62.00 deg.: X-S =     0.046702 mb/sr,
+                                         /R =   3.4481E+00
    63.00 deg.: X-S =     0.039921 mb/sr,
+                                         /R =   3.1219E+00
    64.00 deg.: X-S =     0.033734 mb/sr,
+                                         /R =   2.7912E+00
    65.00 deg.: X-S =     0.027997 mb/sr,
+                                         /R =   2.4483E+00
    66.00 deg.: X-S =     0.022876 mb/sr,
+                                         /R =   2.1120E+00
    67.00 deg.: X-S =     0.018542 mb/sr,
+                                         /R =   1.8055E+00
    68.00 deg.: X-S =     0.014994 mb/sr,
+                                         /R =   1.5383E+00
    69.00 deg.: X-S =     0.012084 mb/sr,
+                                         /R =   1.3049E+00
    70.00 deg.: X-S =     0.009654 mb/sr,
+                                         /R =   1.0964E+00
    71.00 deg.: X-S =     0.007636 mb/sr,
+                                         /R =   9.1114E-01
    72.00 deg.: X-S =     0.006042 mb/sr,
+                                         /R =   7.5678E-01
    73.00 deg.: X-S =     0.004881 mb/sr,
+                                         /R =   6.4108E-01
    74.00 deg.: X-S =     0.004088 mb/sr,
+                                         /R =   5.6264E-01
    75.00 deg.: X-S =     0.003532 mb/sr,
+                                         /R =   5.0893E-01
    76.00 deg.: X-S =     0.003071 mb/sr,
+                                         /R =   4.6298E-01
    77.00 deg.: X-S =     0.002621 mb/sr,
+                                         /R =   4.1296E-01
    78.00 deg.: X-S =     0.002173 mb/sr,
+                                         /R =   3.5764E-01
    79.00 deg.: X-S =     0.001770 mb/sr,
+                                         /R =   3.0398E-01
    80.00 deg.: X-S =     0.001449 mb/sr,
+                                         /R =   2.5946E-01
    81.00 deg.: X-S =     0.001207 mb/sr,
+                                         /R =   2.2539E-01
    82.00 deg.: X-S =     0.001011 mb/sr,
+                                         /R =   1.9654E-01
    83.00 deg.: X-S =     0.000824 mb/sr,
+                                         /R =   1.6667E-01
    84.00 deg.: X-S =     0.000640 mb/sr,
+                                         /R =   1.3453E-01
    85.00 deg.: X-S =     0.000478 mb/sr,
+                                         /R =   1.0457E-01
    86.00 deg.: X-S =     0.000364 mb/sr,
+                                         /R =   8.2532E-02
    87.00 deg.: X-S =     0.000299 mb/sr,
+                                         /R =   7.0360E-02
    88.00 deg.: X-S =     0.000266 mb/sr,
+                                         /R =   6.5030E-02
    89.00 deg.: X-S =     0.000242 mb/sr,
+                                         /R =   6.1317E-02
    90.00 deg.: X-S =     0.000211 mb/sr,
+                                         /R =   5.5476E-02
    91.00 deg.: X-S =     0.000174 mb/sr,
+                                         /R =   4.7153E-02
    92.00 deg.: X-S =     0.000138 mb/sr,
+                                         /R =   3.8812E-02
    93.00 deg.: X-S =     0.000115 mb/sr,
+                                         /R =   3.3421E-02
    94.00 deg.: X-S =     0.000106 mb/sr,
+                                         /R =   3.1828E-02
    95.00 deg.: X-S =     0.000102 mb/sr,
+                                         /R =   3.1778E-02
    96.00 deg.: X-S =   9.2876E-05 mb/sr,
+                                         /R =   2.9722E-02
    97.00 deg.: X-S =   7.2888E-05 mb/sr,
+                                         /R =   2.4064E-02
    98.00 deg.: X-S =   4.8877E-05 mb/sr,
+                                         /R =   1.6638E-02
    99.00 deg.: X-S =   3.0834E-05 mb/sr,
+                                         /R =   1.0817E-02
   100.00 deg.: X-S =   2.2991E-05 mb/sr,
+                                         /R =   8.3071E-03
   101.00 deg.: X-S =   2.1643E-05 mb/sr,
+                                         /R =   8.0505E-03
   102.00 deg.: X-S =   2.0686E-05 mb/sr,
+                                         /R =   7.9173E-03
   103.00 deg.: X-S =   1.7266E-05 mb/sr,
+                                         /R =   6.7958E-03
   104.00 deg.: X-S =   1.2260E-05 mb/sr,
+                                         /R =   4.9601E-03
   105.00 deg.: X-S =   7.7215E-06 mb/sr,
+                                         /R =   3.2096E-03
   106.00 deg.: X-S =   5.3565E-06 mb/sr,
+                                         /R =   2.2864E-03
   107.00 deg.: X-S =   6.1581E-06 mb/sr,
+                                         /R =   2.6980E-03
   108.00 deg.: X-S =   9.4445E-06 mb/sr,
+                                         /R =   4.2451E-03
   109.00 deg.: X-S =   1.2298E-05 mb/sr,
+                                         /R =   5.6682E-03
   110.00 deg.: X-S =   1.1661E-05 mb/sr,
+                                         /R =   5.5091E-03
   111.00 deg.: X-S =   7.6491E-06 mb/sr,
+                                         /R =   3.7022E-03
   112.00 deg.: X-S =   3.6903E-06 mb/sr,
+                                         /R =   1.8291E-03
   113.00 deg.: X-S =   2.6766E-06 mb/sr,
+                                         /R =   1.3580E-03
   114.00 deg.: X-S =   3.8372E-06 mb/sr,
+                                         /R =   1.9919E-03
   115.00 deg.: X-S =   4.2911E-06 mb/sr,
+                                         /R =   2.2781E-03
   116.00 deg.: X-S =   2.8663E-06 mb/sr,
+                                         /R =   1.5555E-03
   117.00 deg.: X-S =   1.0013E-06 mb/sr,
+                                         /R =   5.5528E-04
   118.00 deg.: X-S =   1.7200E-07 mb/sr,
+                                         /R =   9.7423E-05
   119.00 deg.: X-S =   1.0131E-07 mb/sr,
+                                         /R =   5.8590E-05
   120.00 deg.: X-S =   3.9236E-08 mb/sr,
+                                         /R =   2.3157E-05
   121.00 deg.: X-S =   3.5074E-07 mb/sr,
+                                         /R =   2.1118E-04
   122.00 deg.: X-S =   1.5942E-06 mb/sr,
+                                         /R =   9.7883E-04
   123.00 deg.: X-S =   2.8659E-06 mb/sr,
+                                         /R =   1.7936E-03
   124.00 deg.: X-S =   2.6335E-06 mb/sr,
+                                         /R =   1.6794E-03
   125.00 deg.: X-S =   1.1141E-06 mb/sr,
+                                         /R =   7.2366E-04
   126.00 deg.: X-S =   3.2598E-07 mb/sr,
+                                         /R =   2.1557E-04
   127.00 deg.: X-S =   1.3139E-06 mb/sr,
+                                         /R =   8.8430E-04
   128.00 deg.: X-S =   2.5998E-06 mb/sr,
+                                         /R =   1.7802E-03
   129.00 deg.: X-S =   2.2952E-06 mb/sr,
+                                         /R =   1.5983E-03
   130.00 deg.: X-S =   7.8473E-07 mb/sr,
+                                         /R =   5.5552E-04
   131.00 deg.: X-S =   2.9686E-09 mb/sr,
+                                         /R =   2.1356E-06
   132.00 deg.: X-S =   5.3407E-07 mb/sr,
+                                         /R =   3.9030E-04
   133.00 deg.: X-S =   1.0018E-06 mb/sr,
+                                         /R =   7.4347E-04
   134.00 deg.: X-S =   4.9795E-07 mb/sr,
+                                         /R =   3.7512E-04
   135.00 deg.: X-S =   4.0399E-08 mb/sr,
+                                         /R =   3.0883E-05
   136.00 deg.: X-S =   7.5073E-07 mb/sr,
+                                         /R =   5.8214E-04
   137.00 deg.: X-S =   1.8033E-06 mb/sr,
+                                         /R =   1.4179E-03
   138.00 deg.: X-S =   1.6051E-06 mb/sr,
+                                         /R =   1.2793E-03
   139.00 deg.: X-S =   4.0927E-07 mb/sr,
+                                         /R =   3.3056E-04
   140.00 deg.: X-S =   8.8857E-08 mb/sr,
+                                         /R =   7.2697E-05
   141.00 deg.: X-S =   1.2348E-06 mb/sr,
+                                         /R =   1.0229E-03
   142.00 deg.: X-S =   2.1354E-06 mb/sr,
+                                         /R =   1.7907E-03
   143.00 deg.: X-S =   1.3920E-06 mb/sr,
+                                         /R =   1.1812E-03
   144.00 deg.: X-S =   1.5048E-07 mb/sr,
+                                         /R =   1.2917E-04
   145.00 deg.: X-S =   3.7084E-07 mb/sr,
+                                         /R =   3.2192E-04
   146.00 deg.: X-S =   1.7512E-06 mb/sr,
+                                         /R =   1.5367E-03
   147.00 deg.: X-S =   2.1565E-06 mb/sr,
+                                         /R =   1.9124E-03
   148.00 deg.: X-S =   9.5688E-07 mb/sr,
+                                         /R =   8.5725E-04
   149.00 deg.: X-S =   2.6270E-08 mb/sr,
+                                         /R =   2.3768E-05
   150.00 deg.: X-S =   7.6398E-07 mb/sr,
+                                         /R =   6.9781E-04
   151.00 deg.: X-S =   1.8521E-06 mb/sr,
+                                         /R =   1.7073E-03
   152.00 deg.: X-S =   1.4078E-06 mb/sr,
+                                         /R =   1.3093E-03
   153.00 deg.: X-S =   1.6344E-07 mb/sr,
+                                         /R =   1.5331E-04
   154.00 deg.: X-S =   4.5100E-07 mb/sr,
+                                         /R =   4.2653E-04
   155.00 deg.: X-S =   2.3733E-06 mb/sr,
+                                         /R =   2.2623E-03
   156.00 deg.: X-S =   3.2973E-06 mb/sr,
+                                         /R =   3.1671E-03
   157.00 deg.: X-S =   1.8190E-06 mb/sr,
+                                         /R =   1.7599E-03
   158.00 deg.: X-S =   1.0459E-07 mb/sr,
+                                         /R =   1.0190E-04
   159.00 deg.: X-S =   6.8008E-07 mb/sr,
+                                         /R =   6.6697E-04
   160.00 deg.: X-S =   2.4717E-06 mb/sr,
+                                         /R =   2.4394E-03
   161.00 deg.: X-S =   2.4584E-06 mb/sr,
+                                         /R =   2.4408E-03
   162.00 deg.: X-S =   6.1038E-07 mb/sr,
+                                         /R =   6.0948E-04
   163.00 deg.: X-S =   2.2331E-07 mb/sr,
+                                         /R =   2.2418E-04
   164.00 deg.: X-S =   2.6623E-06 mb/sr,
+                                         /R =   2.6863E-03
   165.00 deg.: X-S =   4.7007E-06 mb/sr,
+                                         /R =   4.7656E-03
   166.00 deg.: X-S =   3.2229E-06 mb/sr,
+                                         /R =   3.2819E-03
   167.00 deg.: X-S =   3.9489E-07 mb/sr,
+                                         /R =   4.0378E-04
   168.00 deg.: X-S =   7.7052E-07 mb/sr,
+                                         /R =   7.9090E-04
   169.00 deg.: X-S =   4.0727E-06 mb/sr,
+                                         /R =   4.1951E-03
   170.00 deg.: X-S =   5.0837E-06 mb/sr,
+                                         /R =   5.2533E-03
   171.00 deg.: X-S =   1.9173E-06 mb/sr,
+                                         /R =   1.9871E-03
   172.00 deg.: X-S =   1.1554E-07 mb/sr,
+                                         /R =   1.2005E-04
   173.00 deg.: X-S =   4.7252E-06 mb/sr,
+                                         /R =   4.9211E-03
   174.00 deg.: X-S =   1.1133E-05 mb/sr,
+                                         /R =   1.1617E-02
   175.00 deg.: X-S =   1.0002E-05 mb/sr,
+                                         /R =   1.0454E-02
   176.00 deg.: X-S =   2.1373E-06 mb/sr,
+                                         /R =   2.2371E-03
   177.00 deg.: X-S =   1.9433E-06 mb/sr,
+                                         /R =   2.0362E-03
   178.00 deg.: X-S =   2.0626E-05 mb/sr,
+                                         /R =   2.1628E-02
   179.00 deg.: X-S =   4.8718E-05 mb/sr,
+                                         /R =   5.1110E-02
   179.99 deg.: X-S =   6.2339E-05 mb/sr,
+                                         /R =   6.5409E-02
                                           Integrated********** mb, over [   0.000, 180.000] at   295.0000 MeV 
 Finished all xsecs @    3.12500000E-02

  The following files have been created:
   3:local copy of User input.            6:standard output.                   
  13:total cross sections/state.         39:cross sections for each Ecm.       
  40:all cross sectns. for each Elab.    56:Fusion for each Jtotal.            

 PARAMETERS : MAXQRN   MFNL   MLOC  LMAX1 MCLIST
    ALLOWED :      1      1      4    170      6
    REQUIRED:      0      0      4     39      3


 ACCURACY ANALYSIS at   295.000 MeV :

  Elastic h*k = 0.150 so OK       compared with 0.200

   Real(S-el) > 0.01 first at J =       1.0
   Real(S-el) > 0.10 first at J =       1.0
   Real(S-el) > 0.50 first at J =      18.0
   Real(S-el) > 0.90 first at J =      22.0
   Real(S-el) > 0.99 first at J =      27.0
   R-turn =    10.27 fm    at J =      38.0

 Forward-angle excitation cut off below   0.218 deg by max JT =      38.0
                              and below   0.045 deg by max R.

 Total CPU  0 time =       0.03 seconds
