 FRESCO - FRES 3.4: Coupled Reaction Channels
 Assuming NAMELIST input.

 Test reaction with generated potential                                          

   0.040  50.000   0.500   0.000   0.000   0.000   0.000   0.000   0.000   0.000

 Centre-of-mass Range is   1252 * 0.0400 fm., Maximum at  50.00 fm., Interpolating NL forms every  0.52 fm.
 Non - locality width is      4 * 0.0400 fm., Maximum of   0.12 fm., Centred at  0.00 fm.
 2-Nucleon Separation of      0 * 0.5200 fm., Maximum of   0.00 fm., Minimum at  0.00 fm.
 Maximum single particle bins of 49.9200 fm.
               M,Mint =         1251        1249


 Range of total J is     0.0 <= J <=   150.0 (at least     0.0) and Absorbtion =>     0.1000 mb.
 Dry Run = F, CC set limits =  0  0, Relativistic kinematics =  , Both/Far/Near Analyses =  1                     

 Cross Sections (and up to T0 for 0=projectile) for Theta from   0.0 to 180.0 in steps of  1.0 degrees, DGAM=0,  Coordinates = 0 (Mads)

 Lower Radial Cutoff = maximum of -1.60*L*h &       0.0 fm.,  Lower Cutoff for Couplings =   0.0  fm.


 Iterate Couplings between   0 and   0 times, to  0.000 % if sooner.                                          
  Block solved exactly =   0 chs., with Pade = 0 & Isocen =  =0, NOSOL = F, initwf =  0
  NL quadrature with   18 Gaussian points, Calculate multipoles up to   156 from   0
  M-transfers for lp+lt greater than or equal to  6, Angular Integration Cutoff below  2.7778 %


 Trace switches are :  CHANS =  0, LISTCC =  0, TRENEG =  0, CDETR =  0, SMATS =  0, XSTABL =  0, NLPL =  0

                       WAVES =  0, LAMPL =  0, VEFF =  0, KFUS =  0, WDISK =  0, BPM =  0, MELFIL =  0

                       CDCC =  0, NFUS =  0

 Using unit mass = 1.000000 amu and 1/fine-structure constant = 137.03599 ( 1.000000 * true ) with hc = 197.32705 MeV.fm,
  thus 2*amu/hbar^2 = 0.0478450 = 1/20.9008 and Coulomb constant = 0.1574855 so e^2 = 1.43997, and nuclear magneton= 0.1261183

 Now pre-scan input and save to file 3



 *********** PARTITION NUMBER  1 ******************************************************************************************

   PROJ=4He        MASS=  4.0000 Z=   2.0,        # STATES=    1T, TARG=4He      MASS=  4.0000 Z=   2.0,     Q-VALUE =   0.0000 MEV.

     1:  J= 0.0+ (B# 1), E=  0.0000, K= 0.0              Potl#  1       J= 0.0+ (B# 1), E=  0.0000, K= 0.0    


 ************************************************************************************************************************************

 The following POTENTIALS are defined :

  KP#       TYPE      IT    SHAPE      at     V1        r1        a1        V2        r2        a2        A-in     A-used


                                            A#1       A#2        r0c       ac                                                h @ 1
    1    0=Coulomb       0=CHARGE (WS)  1     4.000     2.000    3.9685    0.0000    0.0000    0.0000     0.000    23.084   0.04000

    1    1=Volume        0=Woods-Saxon  2   70.0000    1.2500    0.6500   15.0000    1.2500    0.6500     0.000    23.084

    1    2=Surface       0=Woods-Saxon  3    0.0000    0.0000    0.0000    5.0000    1.3000    0.6500     0.000    23.084

    1    3=Projtl S.O.   0=Woods-Saxon  4    0.0000    1.0000    0.6500    0.0000    0.0000    0.0000     0.000    23.084

 Incoming partition  1 in excitation state # 1,   Laboratory Energy given for partition  1 Nucleus 1 in Excitation pair 1

0Lab. ENERGY ranges :

   from    220.000     to   0.00000     in     0 intervals
   from    0.00000     to   0.00000     in     0 intervals
   from    0.00000     to   0.00000     in     0 intervals

 Largest real,imaginary parts of any form factor at R=   49.60 are   2.90E-02  4.31E-30 MeV
 Finished all Couplings @    1.56250000E-02           4

 Symmetric Hamiltonian
1***********************************************************************************************************************************
************************************************************************************************************************************

        INCOMING 4He      ;    LABORATORY 4He      ENERGY =   220.00     MeV.

 ***********************************************************************************************************************************
 ***********************************************************************************************************************************


  NOTE: Coulomb excitation cut off below   0.065 deg by JTMAX, and below   0.060 deg by Rmax

 Allocate arrays for            1  channels, of which            1  need wfs.
 Reaction Xsec    33.0-/33 @ 1 =   0.051 , Out:   0.000#
 Reaction Xsec    34.0+/34 @ 1 =   0.033 , Out:   0.000#
 Finished all CC sets @    3.12500000E-02
0CUMULATIVE REACTION cross section                 =  826.03010  <L> =    11.34  <L**2> =    151.4
0CUMULATIVE outgoing cross sections in partition 1 :    0.00000
0Cumulative ABSORBTION by Imaginary Potentials     =  826.03010  <L> =    11.34  <L**2> =    151.4
   Fusion for specific 4He      M-states :  826.030101
0CUMULATIVE OUTGOING cross section                 =    0.00000
 To convert to S-factors (MeV.mb = keV.b),  multiply by  1.8758E+02


 CROSS SECTIONS FOR OUTGOING 4He      & 4He      in state #   1 with spins & parities 0.0  + &  0.0  +;  0

     0.01 deg.: X-S =   2.9547E+13 mb/sr,
+                                         /R =   9.9995E-01
     1.00 deg.: X-S =   2.3362E+05 mb/sr,
+                                         /R =   7.9062E-01
     2.00 deg.: X-S =   2.1245E+04 mb/sr,
+                                         /R =   1.1501E+00
     3.00 deg.: X-S =   1.4440E+04 mb/sr,
+                                         /R =   3.9567E+00
     4.00 deg.: X-S =   1.2314E+04 mb/sr,
+                                         /R =   1.0660E+01
     5.00 deg.: X-S =  9960.434736 mb/sr,
+                                         /R =   2.1042E+01
     6.00 deg.: X-S =  7491.802709 mb/sr,
+                                         /R =   3.2800E+01
     7.00 deg.: X-S =  5219.006085 mb/sr,
+                                         /R =   4.2303E+01
     8.00 deg.: X-S =  3343.046701 mb/sr,
+                                         /R =   4.6191E+01
     9.00 deg.: X-S =  1946.322298 mb/sr,
+                                         /R =   4.3040E+01
    10.00 deg.: X-S =  1017.799763 mb/sr,
+                                         /R =   3.4271E+01
    11.00 deg.: X-S =   485.033045 mb/sr,
+                                         /R =   2.3886E+01
    12.00 deg.: X-S =   245.692473 mb/sr,
+                                         /R =   1.7116E+01
    13.00 deg.: X-S =   193.745955 mb/sr,
+                                         /R =   1.8567E+01
    14.00 deg.: X-S =   237.516434 mb/sr,
+                                         /R =   3.0574E+01
    15.00 deg.: X-S =   309.114370 mb/sr,
+                                         /R =   5.2359E+01
    16.00 deg.: X-S =   366.516337 mb/sr,
+                                         /R =   8.0241E+01
    17.00 deg.: X-S =   390.494663 mb/sr,
+                                         /R =   1.0877E+02
    18.00 deg.: X-S =   378.761179 mb/sr,
+                                         /R =   1.3237E+02
    19.00 deg.: X-S =   339.334605 mb/sr,
+                                         /R =   1.4694E+02
    20.00 deg.: X-S =   284.558305 mb/sr,
+                                         /R =   1.5098E+02
    21.00 deg.: X-S =   226.586826 mb/sr,
+                                         /R =   1.4583E+02
    22.00 deg.: X-S =   174.634515 mb/sr,
+                                         /R =   1.3508E+02
    23.00 deg.: X-S =   133.880557 mb/sr,
+                                         /R =   1.2343E+02
    24.00 deg.: X-S =   105.663259 mb/sr,
+                                         /R =   1.1522E+02
    25.00 deg.: X-S =    88.470862 mb/sr,
+                                         /R =   1.1330E+02
    26.00 deg.: X-S =    79.235033 mb/sr,
+                                         /R =   1.1840E+02
    27.00 deg.: X-S =    74.530011 mb/sr,
+                                         /R =   1.2917E+02
    28.00 deg.: X-S =    71.433987 mb/sr,
+                                         /R =   1.4279E+02
    29.00 deg.: X-S =    67.971389 mb/sr,
+                                         /R =   1.5589E+02
    30.00 deg.: X-S =    63.183760 mb/sr,
+                                         /R =   1.6545E+02
    31.00 deg.: X-S =    56.949566 mb/sr,
+                                         /R =   1.6950E+02
    32.00 deg.: X-S =    49.688666 mb/sr,
+                                         /R =   1.6738E+02
    33.00 deg.: X-S =    42.061606 mb/sr,
+                                         /R =   1.5971E+02
    34.00 deg.: X-S =    34.730722 mb/sr,
+                                         /R =   1.4809E+02
    35.00 deg.: X-S =    28.208697 mb/sr,
+                                         /R =   1.3460E+02
    36.00 deg.: X-S =    22.791433 mb/sr,
+                                         /R =   1.2128E+02
    37.00 deg.: X-S =    18.557169 mb/sr,
+                                         /R =   1.0977E+02
    38.00 deg.: X-S =    15.409147 mb/sr,
+                                         /R =   1.0102E+02
    39.00 deg.: X-S =    13.139894 mb/sr,
+                                         /R =   9.5204E+01
    40.00 deg.: X-S =    11.498527 mb/sr,
+                                         /R =   9.1819E+01
    41.00 deg.: X-S =    10.247097 mb/sr,
+                                         /R =   8.9946E+01
    42.00 deg.: X-S =     9.197645 mb/sr,
+                                         /R =   8.8527E+01
    43.00 deg.: X-S =     8.227759 mb/sr,
+                                         /R =   8.6629E+01
    44.00 deg.: X-S =     7.277801 mb/sr,
+                                         /R =   8.3634E+01
    45.00 deg.: X-S =     6.336380 mb/sr,
+                                         /R =   7.9301E+01
    46.00 deg.: X-S =     5.421405 mb/sr,
+                                         /R =   7.3740E+01
    47.00 deg.: X-S =     4.562576 mb/sr,
+                                         /R =   6.7312E+01
    48.00 deg.: X-S =     3.788521 mb/sr,
+                                         /R =   6.0507E+01
    49.00 deg.: X-S =     3.119294 mb/sr,
+                                         /R =   5.3833E+01
    50.00 deg.: X-S =     2.563405 mb/sr,
+                                         /R =   4.7719E+01
    51.00 deg.: X-S =     2.118028 mb/sr,
+                                         /R =   4.2457E+01
    52.00 deg.: X-S =     1.771193 mb/sr,
+                                         /R =   3.8169E+01
    53.00 deg.: X-S =     1.505075 mb/sr,
+                                         /R =   3.4814E+01
    54.00 deg.: X-S =     1.299662 mb/sr,
+                                         /R =   3.2218E+01
    55.00 deg.: X-S =     1.136104 mb/sr,
+                                         /R =   3.0139E+01
    56.00 deg.: X-S =     0.999149 mb/sr,
+                                         /R =   2.8324E+01
    57.00 deg.: X-S =     0.878283 mb/sr,
+                                         /R =   2.6569E+01
    58.00 deg.: X-S =     0.767582 mb/sr,
+                                         /R =   2.4745E+01
    59.00 deg.: X-S =     0.664678 mb/sr,
+                                         /R =   2.2806E+01
    60.00 deg.: X-S =     0.569380 mb/sr,
+                                         /R =   2.0767E+01
    61.00 deg.: X-S =     0.482465 mb/sr,
+                                         /R =   1.8682E+01
    62.00 deg.: X-S =     0.404864 mb/sr,
+                                         /R =   1.6624E+01
    63.00 deg.: X-S =     0.337259 mb/sr,
+                                         /R =   1.4668E+01
    64.00 deg.: X-S =     0.279916 mb/sr,
+                                         /R =   1.2881E+01
    65.00 deg.: X-S =     0.232615 mb/sr,
+                                         /R =   1.1313E+01
    66.00 deg.: X-S =     0.194610 mb/sr,
+                                         /R =   9.9927E+00
    67.00 deg.: X-S =     0.164662 mb/sr,
+                                         /R =   8.9173E+00
    68.00 deg.: X-S =     0.141180 mb/sr,
+                                         /R =   8.0557E+00
    69.00 deg.: X-S =     0.122475 mb/sr,
+                                         /R =   7.3560E+00
    70.00 deg.: X-S =     0.107037 mb/sr,
+                                         /R =   6.7605E+00
    71.00 deg.: X-S =     0.093739 mb/sr,
+                                         /R =   6.2204E+00
    72.00 deg.: X-S =     0.081900 mb/sr,
+                                         /R =   5.7048E+00
    73.00 deg.: X-S =     0.071201 mb/sr,
+                                         /R =   5.2014E+00
    74.00 deg.: X-S =     0.061529 mb/sr,
+                                         /R =   4.7099E+00
    75.00 deg.: X-S =     0.052832 mb/sr,
+                                         /R =   4.2341E+00
    76.00 deg.: X-S =     0.045050 mb/sr,
+                                         /R =   3.7770E+00
    77.00 deg.: X-S =     0.038121 mb/sr,
+                                         /R =   3.3408E+00
    78.00 deg.: X-S =     0.032011 mb/sr,
+                                         /R =   2.9300E+00
    79.00 deg.: X-S =     0.026727 mb/sr,
+                                         /R =   2.5532E+00
    80.00 deg.: X-S =     0.022297 mb/sr,
+                                         /R =   2.2212E+00
    81.00 deg.: X-S =     0.018712 mb/sr,
+                                         /R =   1.9426E+00
    82.00 deg.: X-S =     0.015899 mb/sr,
+                                         /R =   1.7188E+00
    83.00 deg.: X-S =     0.013708 mb/sr,
+                                         /R =   1.5421E+00
    84.00 deg.: X-S =     0.011959 mb/sr,
+                                         /R =   1.3991E+00
    85.00 deg.: X-S =     0.010489 mb/sr,
+                                         /R =   1.2752E+00
    86.00 deg.: X-S =     0.009192 mb/sr,
+                                         /R =   1.1604E+00
    87.00 deg.: X-S =     0.008025 mb/sr,
+                                         /R =   1.0514E+00
    88.00 deg.: X-S =     0.006986 mb/sr,
+                                         /R =   9.4927E-01
    89.00 deg.: X-S =     0.006079 mb/sr,
+                                         /R =   8.5623E-01
    90.00 deg.: X-S =     0.005293 mb/sr,
+                                         /R =   7.7213E-01
    91.00 deg.: X-S =     0.004595 mb/sr,
+                                         /R =   6.9390E-01
    92.00 deg.: X-S =     0.003953 mb/sr,
+                                         /R =   6.1766E-01
    93.00 deg.: X-S =     0.003353 mb/sr,
+                                         /R =   5.4169E-01
    94.00 deg.: X-S =     0.002802 mb/sr,
+                                         /R =   4.6788E-01
    95.00 deg.: X-S =     0.002324 mb/sr,
+                                         /R =   4.0074E-01
    96.00 deg.: X-S =     0.001936 mb/sr,
+                                         /R =   3.4463E-01
    97.00 deg.: X-S =     0.001640 mb/sr,
+                                         /R =   3.0118E-01
    98.00 deg.: X-S =     0.001418 mb/sr,
+                                         /R =   2.6854E-01
    99.00 deg.: X-S =     0.001244 mb/sr,
+                                         /R =   2.4265E-01
   100.00 deg.: X-S =     0.001093 mb/sr,
+                                         /R =   2.1964E-01
   101.00 deg.: X-S =     0.000955 mb/sr,
+                                         /R =   1.9763E-01
   102.00 deg.: X-S =     0.000832 mb/sr,
+                                         /R =   1.7700E-01
   103.00 deg.: X-S =     0.000728 mb/sr,
+                                         /R =   1.5928E-01
   104.00 deg.: X-S =     0.000646 mb/sr,
+                                         /R =   1.4541E-01
   105.00 deg.: X-S =     0.000582 mb/sr,
+                                         /R =   1.3462E-01
   106.00 deg.: X-S =     0.000525 mb/sr,
+                                         /R =   1.2471E-01
   107.00 deg.: X-S =     0.000465 mb/sr,
+                                         /R =   1.1340E-01
   108.00 deg.: X-S =     0.000399 mb/sr,
+                                         /R =   9.9811E-02
   109.00 deg.: X-S =     0.000332 mb/sr,
+                                         /R =   8.5007E-02
   110.00 deg.: X-S =     0.000271 mb/sr,
+                                         /R =   7.1185E-02
   111.00 deg.: X-S =     0.000224 mb/sr,
+                                         /R =   6.0193E-02
   112.00 deg.: X-S =     0.000190 mb/sr,
+                                         /R =   5.2449E-02
   113.00 deg.: X-S =     0.000166 mb/sr,
+                                         /R =   4.6935E-02
   114.00 deg.: X-S =     0.000146 mb/sr,
+                                         /R =   4.2112E-02
   115.00 deg.: X-S =     0.000125 mb/sr,
+                                         /R =   3.6979E-02
   116.00 deg.: X-S =     0.000105 mb/sr,
+                                         /R =   3.1568E-02
   117.00 deg.: X-S =   8.6644E-05 mb/sr,
+                                         /R =   2.6723E-02
   118.00 deg.: X-S =   7.4291E-05 mb/sr,
+                                         /R =   2.3403E-02
   119.00 deg.: X-S =   6.8385E-05 mb/sr,
+                                         /R =   2.1995E-02
   120.00 deg.: X-S =   6.6956E-05 mb/sr,
+                                         /R =   2.1978E-02
   121.00 deg.: X-S =   6.6168E-05 mb/sr,
+                                         /R =   2.2157E-02
   122.00 deg.: X-S =   6.2519E-05 mb/sr,
+                                         /R =   2.1349E-02
   123.00 deg.: X-S =   5.4913E-05 mb/sr,
+                                         /R =   1.9114E-02
   124.00 deg.: X-S =   4.5116E-05 mb/sr,
+                                         /R =   1.6001E-02
   125.00 deg.: X-S =   3.6229E-05 mb/sr,
+                                         /R =   1.3087E-02
   126.00 deg.: X-S =   3.0330E-05 mb/sr,
+                                         /R =   1.1155E-02
   127.00 deg.: X-S =   2.7183E-05 mb/sr,
+                                         /R =   1.0175E-02
   128.00 deg.: X-S =   2.4892E-05 mb/sr,
+                                         /R =   9.4795E-03
   129.00 deg.: X-S =   2.1681E-05 mb/sr,
+                                         /R =   8.3967E-03
   130.00 deg.: X-S =   1.7182E-05 mb/sr,
+                                         /R =   6.7647E-03
   131.00 deg.: X-S =   1.2363E-05 mb/sr,
+                                         /R =   4.9467E-03
   132.00 deg.: X-S =   8.5640E-06 mb/sr,
+                                         /R =   3.4808E-03
   133.00 deg.: X-S =   6.6245E-06 mb/sr,
+                                         /R =   2.7342E-03
   134.00 deg.: X-S =   6.5918E-06 mb/sr,
+                                         /R =   2.7618E-03
   135.00 deg.: X-S =   7.7994E-06 mb/sr,
+                                         /R =   3.3159E-03
   136.00 deg.: X-S =   9.1127E-06 mb/sr,
+                                         /R =   3.9300E-03
   137.00 deg.: X-S =   9.4100E-06 mb/sr,
+                                         /R =   4.1151E-03
   138.00 deg.: X-S =   8.2717E-06 mb/sr,
+                                         /R =   3.6668E-03
   139.00 deg.: X-S =   6.3674E-06 mb/sr,
+                                         /R =   2.8602E-03
   140.00 deg.: X-S =   4.9918E-06 mb/sr,
+                                         /R =   2.2714E-03
   141.00 deg.: X-S =   4.9541E-06 mb/sr,
+                                         /R =   2.2826E-03
   142.00 deg.: X-S =   5.8270E-06 mb/sr,
+                                         /R =   2.7177E-03
   143.00 deg.: X-S =   6.3477E-06 mb/sr,
+                                         /R =   2.9959E-03
   144.00 deg.: X-S =   5.6041E-06 mb/sr,
+                                         /R =   2.6756E-03
   145.00 deg.: X-S =   3.8105E-06 mb/sr,
+                                         /R =   1.8397E-03
   146.00 deg.: X-S =   1.9540E-06 mb/sr,
+                                         /R =   9.5366E-04
   147.00 deg.: X-S =   8.3004E-07 mb/sr,
+                                         /R =   4.0938E-04
   148.00 deg.: X-S =   5.3046E-07 mb/sr,
+                                         /R =   2.6430E-04
   149.00 deg.: X-S =   7.4384E-07 mb/sr,
+                                         /R =   3.7429E-04
   150.00 deg.: X-S =   1.2403E-06 mb/sr,
+                                         /R =   6.3005E-04
   151.00 deg.: X-S =   1.8820E-06 mb/sr,
+                                         /R =   9.6486E-04
   152.00 deg.: X-S =   2.3405E-06 mb/sr,
+                                         /R =   1.2106E-03
   153.00 deg.: X-S =   2.1800E-06 mb/sr,
+                                         /R =   1.1373E-03
   154.00 deg.: X-S =   1.3927E-06 mb/sr,
+                                         /R =   7.3256E-04
   155.00 deg.: X-S =   6.5536E-07 mb/sr,
+                                         /R =   3.4745E-04
   156.00 deg.: X-S =   7.4569E-07 mb/sr,
+                                         /R =   3.9835E-04
   157.00 deg.: X-S =   1.6422E-06 mb/sr,
+                                         /R =   8.8364E-04
   158.00 deg.: X-S =   2.4150E-06 mb/sr,
+                                         /R =   1.3085E-03
   159.00 deg.: X-S =   2.1891E-06 mb/sr,
+                                         /R =   1.1940E-03
   160.00 deg.: X-S =   1.1270E-06 mb/sr,
+                                         /R =   6.1860E-04
   161.00 deg.: X-S =   2.4586E-07 mb/sr,
+                                         /R =   1.3576E-04
   162.00 deg.: X-S =   2.4989E-07 mb/sr,
+                                         /R =   1.3878E-04
   163.00 deg.: X-S =   7.7992E-07 mb/sr,
+                                         /R =   4.3546E-04
   164.00 deg.: X-S =   9.8371E-07 mb/sr,
+                                         /R =   5.5203E-04
   165.00 deg.: X-S =   6.4685E-07 mb/sr,
+                                         /R =   3.6472E-04
   166.00 deg.: X-S =   4.0224E-07 mb/sr,
+                                         /R =   2.2781E-04
   167.00 deg.: X-S =   7.4582E-07 mb/sr,
+                                         /R =   4.2414E-04
   168.00 deg.: X-S =   1.2199E-06 mb/sr,
+                                         /R =   6.9642E-04
   169.00 deg.: X-S =   9.9855E-07 mb/sr,
+                                         /R =   5.7205E-04
   170.00 deg.: X-S =   2.2832E-07 mb/sr,
+                                         /R =   1.3122E-04
   171.00 deg.: X-S =   2.4390E-07 mb/sr,
+                                         /R =   1.4058E-04
   172.00 deg.: X-S =   2.0023E-06 mb/sr,
+                                         /R =   1.1571E-03
   173.00 deg.: X-S =   4.4842E-06 mb/sr,
+                                         /R =   2.5973E-03
   174.00 deg.: X-S =   5.3127E-06 mb/sr,
+                                         /R =   3.0833E-03
   175.00 deg.: X-S =   3.4078E-06 mb/sr,
+                                         /R =   1.9811E-03
   176.00 deg.: X-S =   7.8156E-07 mb/sr,
+                                         /R =   4.5497E-04
   177.00 deg.: X-S =   1.0182E-06 mb/sr,
+                                         /R =   5.9339E-04
   178.00 deg.: X-S =   5.5478E-06 mb/sr,
+                                         /R =   3.2355E-03
   179.00 deg.: X-S =   1.1611E-05 mb/sr,
+                                         /R =   6.7745E-03
   179.99 deg.: X-S =   1.4416E-05 mb/sr,
+                                         /R =   8.4126E-03
                                           Integrated********** mb, over [   0.000, 180.000] at   220.0000 MeV 
 Finished all xsecs @    4.68750000E-02

  The following files have been created:
   3:local copy of User input.            6:standard output.                   
  13:total cross sections/state.         39:cross sections for each Ecm.       
  40:all cross sectns. for each Elab.    56:Fusion for each Jtotal.            

 PARAMETERS : MAXQRN   MFNL   MLOC  LMAX1 MCLIST
    ALLOWED :      1      1      4    170      6
    REQUIRED:      0      0      4     35      3


 ACCURACY ANALYSIS at   220.000 MeV :

  Elastic h*k = 0.130 so OK       compared with 0.200

   Real(S-el) > 0.01 first at J =       1.0
   Real(S-el) > 0.10 first at J =       1.0
   Real(S-el) > 0.50 first at J =      16.0
   Real(S-el) > 0.90 first at J =      19.0
   Real(S-el) > 0.99 first at J =      24.0
   R-turn =    10.66 fm    at J =      34.0

 Forward-angle excitation cut off below   0.282 deg by max JT =      34.0
                              and below   0.060 deg by max R.

 Total CPU  0 time =       0.05 seconds
