 FRESCO - FRES 3.4: Coupled Reaction Channels
 Assuming NAMELIST input.

 Test reaction with generated potential                                          

   0.040  50.000   0.500   0.000   0.000   0.000   0.000   0.000   0.000   0.000

 Centre-of-mass Range is   1252 * 0.0400 fm., Maximum at  50.00 fm., Interpolating NL forms every  0.52 fm.
 Non - locality width is      4 * 0.0400 fm., Maximum of   0.12 fm., Centred at  0.00 fm.
 2-Nucleon Separation of      0 * 0.5200 fm., Maximum of   0.00 fm., Minimum at  0.00 fm.
 Maximum single particle bins of 49.9200 fm.
               M,Mint =         1251        1249


 Range of total J is     0.0 <= J <=   150.0 (at least     0.0) and Absorbtion =>     0.1000 mb.
 Dry Run = F, CC set limits =  0  0, Relativistic kinematics =  , Both/Far/Near Analyses =  1                     

 Cross Sections (and up to T0 for 0=projectile) for Theta from   0.0 to 180.0 in steps of  1.0 degrees, DGAM=0,  Coordinates = 0 (Mads)

 Lower Radial Cutoff = maximum of -1.60*L*h &       0.0 fm.,  Lower Cutoff for Couplings =   0.0  fm.


 Iterate Couplings between   0 and   0 times, to  0.000 % if sooner.                                          
  Block solved exactly =   0 chs., with Pade = 0 & Isocen =  =0, NOSOL = F, initwf =  0
  NL quadrature with   18 Gaussian points, Calculate multipoles up to   156 from   0
  M-transfers for lp+lt greater than or equal to  6, Angular Integration Cutoff below  2.7778 %


 Trace switches are :  CHANS =  0, LISTCC =  0, TRENEG =  0, CDETR =  0, SMATS =  0, XSTABL =  0, NLPL =  0

                       WAVES =  0, LAMPL =  0, VEFF =  0, KFUS =  0, WDISK =  0, BPM =  0, MELFIL =  0

                       CDCC =  0, NFUS =  0

 Using unit mass = 1.000000 amu and 1/fine-structure constant = 137.03599 ( 1.000000 * true ) with hc = 197.32705 MeV.fm,
  thus 2*amu/hbar^2 = 0.0478450 = 1/20.9008 and Coulomb constant = 0.1574855 so e^2 = 1.43997, and nuclear magneton= 0.1261183

 Now pre-scan input and save to file 3



 *********** PARTITION NUMBER  1 ******************************************************************************************

   PROJ=4He        MASS=  4.0000 Z=   2.0,        # STATES=    1T, TARG=p        MASS=  1.0000 Z=   1.0,     Q-VALUE =   0.0000 MEV.

     1:  J= 0.0+ (B# 1), E=  0.0000, K= 0.0              Potl#  1       J= 0.5+ (B# 1), E=  0.0000, K= 0.5    


 ************************************************************************************************************************************

 The following POTENTIALS are defined :

  KP#       TYPE      IT    SHAPE      at     V1        r1        a1        V2        r2        a2        A-in     A-used


                                            A#1       A#2        r0c       ac                                                h @ 1
    1    0=Coulomb       0=CHARGE (WS)  1     1.000     1.000    3.2343    0.0000    0.0000    0.0000     0.000     8.000   0.04000

    1    1=Volume        0=Woods-Saxon  2   70.0000    1.2500    0.6500   15.0000    1.2500    0.6500     0.000     8.000

    1    2=Surface       0=Woods-Saxon  3    0.0000    0.0000    0.0000    5.0000    1.3000    0.6500     0.000     8.000

    1    3=Projtl S.O.   0=Woods-Saxon  4    0.0000    1.0000    0.6500    0.0000    0.0000    0.0000     0.000     8.000

 Incoming partition  1 in excitation state # 1,   Laboratory Energy given for partition  1 Nucleus 1 in Excitation pair 1

0Lab. ENERGY ranges :

   from    125.000     to   0.00000     in     0 intervals
   from    0.00000     to   0.00000     in     0 intervals
   from    0.00000     to   0.00000     in     0 intervals

 Largest real,imaginary parts of any form factor at R=   49.60 are   2.90E-02  7.91E-31 MeV
 Finished all Couplings @    1.56250000E-02           4

 Symmetric Hamiltonian
1***********************************************************************************************************************************
************************************************************************************************************************************

        INCOMING 4He      ;    LABORATORY 4He      ENERGY =   125.00     MeV.

 ***********************************************************************************************************************************
 ***********************************************************************************************************************************


  NOTE: Coulomb excitation cut off below   0.043 deg by JTMAX, and below   0.132 deg by Rmax

 Allocate arrays for            1  channels, of which            1  need wfs.
 Reaction Xsec     9.5+/10 @ 1 =   0.027 , Out:   0.000#
 Reaction Xsec     9.5-/ 9 @ 1 =   0.109 , Out:   0.000#
 Finished all CC sets @    1.56250000E-02
0CUMULATIVE REACTION cross section                 =  649.39266  <L> =     2.81  <L**2> =      9.7
0CUMULATIVE outgoing cross sections in partition 1 :    0.00000
0Cumulative ABSORBTION by Imaginary Potentials     =  649.39266  <L> =     2.81  <L**2> =      9.7
   Fusion for specific 4He      M-states :  649.392662
0CUMULATIVE OUTGOING cross section                 =    0.00000
 To convert to S-factors (MeV.mb = keV.b),  multiply by  3.5620E+01


 CROSS SECTIONS FOR OUTGOING 4He      & p        in state #   1 with spins & parities 0.0  + &  0.5  +;  0

     0.01 deg.: X-S =   1.4301E+14 mb/sr,
+                                         /R =   1.0000E+00
     1.00 deg.: X-S =   1.3964E+06 mb/sr,
+                                         /R =   9.7634E-01
     2.00 deg.: X-S =   8.3135E+04 mb/sr,
+                                         /R =   9.2991E-01
     3.00 deg.: X-S =   1.5840E+04 mb/sr,
+                                         /R =   8.9675E-01
     4.00 deg.: X-S =  5171.541600 mb/sr,
+                                         /R =   9.2498E-01
     5.00 deg.: X-S =  2463.805286 mb/sr,
+                                         /R =   1.0754E+00
     6.00 deg.: X-S =  1568.967665 mb/sr,
+                                         /R =   1.4192E+00
     7.00 deg.: X-S =  1215.265782 mb/sr,
+                                         /R =   2.0352E+00
     8.00 deg.: X-S =  1052.867391 mb/sr,
+                                         /R =   3.0057E+00
     9.00 deg.: X-S =   965.839970 mb/sr,
+                                         /R =   4.4128E+00
    10.00 deg.: X-S =   910.454784 mb/sr,
+                                         /R =   6.3340E+00
    11.00 deg.: X-S =   868.636066 mb/sr,
+                                         /R =   8.8382E+00
    12.00 deg.: X-S =   832.434523 mb/sr,
+                                         /R =   1.1982E+01
    13.00 deg.: X-S =   798.236064 mb/sr,
+                                         /R =   1.5805E+01
    14.00 deg.: X-S =   764.403577 mb/sr,
+                                         /R =   2.0330E+01
    15.00 deg.: X-S =   730.246371 mb/sr,
+                                         /R =   2.5556E+01
    16.00 deg.: X-S =   695.542883 mb/sr,
+                                         /R =   3.1462E+01
    17.00 deg.: X-S =   660.308577 mb/sr,
+                                         /R =   3.8001E+01
    18.00 deg.: X-S =   624.678231 mb/sr,
+                                         /R =   4.5105E+01
    19.00 deg.: X-S =   588.843986 mb/sr,
+                                         /R =   5.2683E+01
    20.00 deg.: X-S =   553.021628 mb/sr,
+                                         /R =   6.0626E+01
    21.00 deg.: X-S =   517.431666 mb/sr,
+                                         /R =   6.8805E+01
    22.00 deg.: X-S =   482.288408 mb/sr,
+                                         /R =   7.7079E+01
    23.00 deg.: X-S =   447.793526 mb/sr,
+                                         /R =   8.5297E+01
    24.00 deg.: X-S =   414.132220 mb/sr,
+                                         /R =   9.3302E+01
    25.00 deg.: X-S =   381.470954 mb/sr,
+                                         /R =   1.0094E+02
    26.00 deg.: X-S =   349.956205 mb/sr,
+                                         /R =   1.0804E+02
    27.00 deg.: X-S =   319.713888 mb/sr,
+                                         /R =   1.1448E+02
    28.00 deg.: X-S =   290.849268 mb/sr,
+                                         /R =   1.2012E+02
    29.00 deg.: X-S =   263.447237 mb/sr,
+                                         /R =   1.2483E+02
    30.00 deg.: X-S =   237.572887 mb/sr,
+                                         /R =   1.2853E+02
    31.00 deg.: X-S =   213.272308 mb/sr,
+                                         /R =   1.3115E+02
    32.00 deg.: X-S =   190.573581 mb/sr,
+                                         /R =   1.3263E+02
    33.00 deg.: X-S =   169.487925 mb/sr,
+                                         /R =   1.3297E+02
    34.00 deg.: X-S =   150.010959 mb/sr,
+                                         /R =   1.3216E+02
    35.00 deg.: X-S =   132.124066 mb/sr,
+                                         /R =   1.3025E+02
    36.00 deg.: X-S =   115.795812 mb/sr,
+                                         /R =   1.2731E+02
    37.00 deg.: X-S =   100.983406 mb/sr,
+                                         /R =   1.2342E+02
    38.00 deg.: X-S =    87.634179 mb/sr,
+                                         /R =   1.1871E+02
    39.00 deg.: X-S =    75.687049 mb/sr,
+                                         /R =   1.1330E+02
    40.00 deg.: X-S =    65.073959 mb/sr,
+                                         /R =   1.0736E+02
    41.00 deg.: X-S =    55.721275 mb/sr,
+                                         /R =   1.0106E+02
    42.00 deg.: X-S =    47.551116 mb/sr,
+                                         /R =   9.4561E+01
    43.00 deg.: X-S =    40.482614 mb/sr,
+                                         /R =   8.8066E+01
    44.00 deg.: X-S =    34.433090 mb/sr,
+                                         /R =   8.1755E+01
    45.00 deg.: X-S =    29.319136 mb/sr,
+                                         /R =   7.5813E+01
    46.00 deg.: X-S =    25.057599 mb/sr,
+                                         /R =   7.0419E+01
    47.00 deg.: X-S =    21.566463 mb/sr,
+                                         /R =   6.5738E+01
    48.00 deg.: X-S =    18.765627 mb/sr,
+                                         /R =   6.1923E+01
    49.00 deg.: X-S =    16.577581 mb/sr,
+                                         /R =   5.9111E+01
    50.00 deg.: X-S =    14.927975 mb/sr,
+                                         /R =   5.7416E+01
    51.00 deg.: X-S =    13.746095 mb/sr,
+                                         /R =   5.6932E+01
    52.00 deg.: X-S =    12.965239 mb/sr,
+                                         /R =   5.7728E+01
    53.00 deg.: X-S =    12.523007 mb/sr,
+                                         /R =   5.9849E+01
    54.00 deg.: X-S =    12.361507 mb/sr,
+                                         /R =   6.3313E+01
    55.00 deg.: X-S =    12.427477 mb/sr,
+                                         /R =   6.8115E+01
    56.00 deg.: X-S =    12.672350 mb/sr,
+                                         /R =   7.4222E+01
    57.00 deg.: X-S =    13.052241 mb/sr,
+                                         /R =   8.1578E+01
    58.00 deg.: X-S =    13.527892 mb/sr,
+                                         /R =   9.0105E+01
    59.00 deg.: X-S =    14.064553 mb/sr,
+                                         /R =   9.9705E+01
    60.00 deg.: X-S =    14.631837 mb/sr,
+                                         /R =   1.1026E+02
    61.00 deg.: X-S =    15.203530 mb/sr,
+                                         /R =   1.2163E+02
    62.00 deg.: X-S =    15.757373 mb/sr,
+                                         /R =   1.3368E+02
    63.00 deg.: X-S =    16.274829 mb/sr,
+                                         /R =   1.4625E+02
    64.00 deg.: X-S =    16.740821 mb/sr,
+                                         /R =   1.5917E+02
    65.00 deg.: X-S =    17.143472 mb/sr,
+                                         /R =   1.7227E+02
    66.00 deg.: X-S =    17.473829 mb/sr,
+                                         /R =   1.8538E+02
    67.00 deg.: X-S =    17.725589 mb/sr,
+                                         /R =   1.9833E+02
    68.00 deg.: X-S =    17.894823 mb/sr,
+                                         /R =   2.1096E+02
    69.00 deg.: X-S =    17.979708 mb/sr,
+                                         /R =   2.2312E+02
    70.00 deg.: X-S =    17.980264 mb/sr,
+                                         /R =   2.3464E+02
    71.00 deg.: X-S =    17.898105 mb/sr,
+                                         /R =   2.4539E+02
    72.00 deg.: X-S =    17.736197 mb/sr,
+                                         /R =   2.5525E+02
    73.00 deg.: X-S =    17.498629 mb/sr,
+                                         /R =   2.6411E+02
    74.00 deg.: X-S =    17.190407 mb/sr,
+                                         /R =   2.7188E+02
    75.00 deg.: X-S =    16.817254 mb/sr,
+                                         /R =   2.7847E+02
    76.00 deg.: X-S =    16.385431 mb/sr,
+                                         /R =   2.8383E+02
    77.00 deg.: X-S =    15.901574 mb/sr,
+                                         /R =   2.8792E+02
    78.00 deg.: X-S =    15.372543 mb/sr,
+                                         /R =   2.9072E+02
    79.00 deg.: X-S =    14.805298 mb/sr,
+                                         /R =   2.9221E+02
    80.00 deg.: X-S =    14.206774 mb/sr,
+                                         /R =   2.9242E+02
    81.00 deg.: X-S =    13.583790 mb/sr,
+                                         /R =   2.9136E+02
    82.00 deg.: X-S =    12.942956 mb/sr,
+                                         /R =   2.8910E+02
    83.00 deg.: X-S =    12.290602 mb/sr,
+                                         /R =   2.8567E+02
    84.00 deg.: X-S =    11.632722 mb/sr,
+                                         /R =   2.8116E+02
    85.00 deg.: X-S =    10.974923 mb/sr,
+                                         /R =   2.7566E+02
    86.00 deg.: X-S =    10.322386 mb/sr,
+                                         /R =   2.6925E+02
    87.00 deg.: X-S =     9.679844 mb/sr,
+                                         /R =   2.6203E+02
    88.00 deg.: X-S =     9.051560 mb/sr,
+                                         /R =   2.5412E+02
    89.00 deg.: X-S =     8.441319 mb/sr,
+                                         /R =   2.4564E+02
    90.00 deg.: X-S =     7.852422 mb/sr,
+                                         /R =   2.3669E+02
    91.00 deg.: X-S =     7.287692 mb/sr,
+                                         /R =   2.2740E+02
    92.00 deg.: X-S =     6.749482 mb/sr,
+                                         /R =   2.1789E+02
    93.00 deg.: X-S =     6.239688 mb/sr,
+                                         /R =   2.0828E+02
    94.00 deg.: X-S =     5.759765 mb/sr,
+                                         /R =   1.9868E+02
    95.00 deg.: X-S =     5.310748 mb/sr,
+                                         /R =   1.8920E+02
    96.00 deg.: X-S =     4.893276 mb/sr,
+                                         /R =   1.7994E+02
    97.00 deg.: X-S =     4.507619 mb/sr,
+                                         /R =   1.7100E+02
    98.00 deg.: X-S =     4.153700 mb/sr,
+                                         /R =   1.6248E+02
    99.00 deg.: X-S =     3.831128 mb/sr,
+                                         /R =   1.5443E+02
   100.00 deg.: X-S =     3.539226 mb/sr,
+                                         /R =   1.4695E+02
   101.00 deg.: X-S =     3.277061 mb/sr,
+                                         /R =   1.4007E+02
   102.00 deg.: X-S =     3.043473 mb/sr,
+                                         /R =   1.3385E+02
   103.00 deg.: X-S =     2.837107 mb/sr,
+                                         /R =   1.2832E+02
   104.00 deg.: X-S =     2.656441 mb/sr,
+                                         /R =   1.2350E+02
   105.00 deg.: X-S =     2.499815 mb/sr,
+                                         /R =   1.1940E+02
   106.00 deg.: X-S =     2.365464 mb/sr,
+                                         /R =   1.1602E+02
   107.00 deg.: X-S =     2.251539 mb/sr,
+                                         /R =   1.1335E+02
   108.00 deg.: X-S =     2.156140 mb/sr,
+                                         /R =   1.1136E+02
   109.00 deg.: X-S =     2.077336 mb/sr,
+                                         /R =   1.1002E+02
   110.00 deg.: X-S =     2.013193 mb/sr,
+                                         /R =   1.0929E+02
   111.00 deg.: X-S =     1.961795 mb/sr,
+                                         /R =   1.0911E+02
   112.00 deg.: X-S =     1.921265 mb/sr,
+                                         /R =   1.0943E+02
   113.00 deg.: X-S =     1.889786 mb/sr,
+                                         /R =   1.1017E+02
   114.00 deg.: X-S =     1.865615 mb/sr,
+                                         /R =   1.1128E+02
   115.00 deg.: X-S =     1.847102 mb/sr,
+                                         /R =   1.1268E+02
   116.00 deg.: X-S =     1.832706 mb/sr,
+                                         /R =   1.1429E+02
   117.00 deg.: X-S =     1.820998 mb/sr,
+                                         /R =   1.1604E+02
   118.00 deg.: X-S =     1.810682 mb/sr,
+                                         /R =   1.1785E+02
   119.00 deg.: X-S =     1.800597 mb/sr,
+                                         /R =   1.1966E+02
   120.00 deg.: X-S =     1.789723 mb/sr,
+                                         /R =   1.2138E+02
   121.00 deg.: X-S =     1.777189 mb/sr,
+                                         /R =   1.2296E+02
   122.00 deg.: X-S =     1.762272 mb/sr,
+                                         /R =   1.2433E+02
   123.00 deg.: X-S =     1.744399 mb/sr,
+                                         /R =   1.2545E+02
   124.00 deg.: X-S =     1.723147 mb/sr,
+                                         /R =   1.2627E+02
   125.00 deg.: X-S =     1.698239 mb/sr,
+                                         /R =   1.2675E+02
   126.00 deg.: X-S =     1.669540 mb/sr,
+                                         /R =   1.2687E+02
   127.00 deg.: X-S =     1.637052 mb/sr,
+                                         /R =   1.2661E+02
   128.00 deg.: X-S =     1.600906 mb/sr,
+                                         /R =   1.2596E+02
   129.00 deg.: X-S =     1.561355 mb/sr,
+                                         /R =   1.2494E+02
   130.00 deg.: X-S =     1.518763 mb/sr,
+                                         /R =   1.2355E+02
   131.00 deg.: X-S =     1.473599 mb/sr,
+                                         /R =   1.2182E+02
   132.00 deg.: X-S =     1.426418 mb/sr,
+                                         /R =   1.1979E+02
   133.00 deg.: X-S =     1.377858 mb/sr,
+                                         /R =   1.1750E+02
   134.00 deg.: X-S =     1.328620 mb/sr,
+                                         /R =   1.1501E+02
   135.00 deg.: X-S =     1.279462 mb/sr,
+                                         /R =   1.1239E+02
   136.00 deg.: X-S =     1.231180 mb/sr,
+                                         /R =   1.0970E+02
   137.00 deg.: X-S =     1.184598 mb/sr,
+                                         /R =   1.0703E+02
   138.00 deg.: X-S =     1.140555 mb/sr,
+                                         /R =   1.0446E+02
   139.00 deg.: X-S =     1.099888 mb/sr,
+                                         /R =   1.0208E+02
   140.00 deg.: X-S =     1.063423 mb/sr,
+                                         /R =   9.9974E+01
   141.00 deg.: X-S =     1.031964 mb/sr,
+                                         /R =   9.8240E+01
   142.00 deg.: X-S =     1.006272 mb/sr,
+                                         /R =   9.6969E+01
   143.00 deg.: X-S =     0.987066 mb/sr,
+                                         /R =   9.6252E+01
   144.00 deg.: X-S =     0.975000 mb/sr,
+                                         /R =   9.6176E+01
   145.00 deg.: X-S =     0.970663 mb/sr,
+                                         /R =   9.6824E+01
   146.00 deg.: X-S =     0.974563 mb/sr,
+                                         /R =   9.8272E+01
   147.00 deg.: X-S =     0.987123 mb/sr,
+                                         /R =   1.0059E+02
   148.00 deg.: X-S =     1.008672 mb/sr,
+                                         /R =   1.0384E+02
   149.00 deg.: X-S =     1.039441 mb/sr,
+                                         /R =   1.0806E+02
   150.00 deg.: X-S =     1.079557 mb/sr,
+                                         /R =   1.1331E+02
   151.00 deg.: X-S =     1.129039 mb/sr,
+                                         /R =   1.1959E+02
   152.00 deg.: X-S =     1.187799 mb/sr,
+                                         /R =   1.2694E+02
   153.00 deg.: X-S =     1.255640 mb/sr,
+                                         /R =   1.3534E+02
   154.00 deg.: X-S =     1.332254 mb/sr,
+                                         /R =   1.4478E+02
   155.00 deg.: X-S =     1.417227 mb/sr,
+                                         /R =   1.5524E+02
   156.00 deg.: X-S =     1.510044 mb/sr,
+                                         /R =   1.6666E+02
   157.00 deg.: X-S =     1.610088 mb/sr,
+                                         /R =   1.7900E+02
   158.00 deg.: X-S =     1.716650 mb/sr,
+                                         /R =   1.9218E+02
   159.00 deg.: X-S =     1.828936 mb/sr,
+                                         /R =   2.0611E+02
   160.00 deg.: X-S =     1.946072 mb/sr,
+                                         /R =   2.2070E+02
   161.00 deg.: X-S =     2.067117 mb/sr,
+                                         /R =   2.3584E+02
   162.00 deg.: X-S =     2.191069 mb/sr,
+                                         /R =   2.5140E+02
   163.00 deg.: X-S =     2.316878 mb/sr,
+                                         /R =   2.6727E+02
   164.00 deg.: X-S =     2.443455 mb/sr,
+                                         /R =   2.8330E+02
   165.00 deg.: X-S =     2.569687 mb/sr,
+                                         /R =   2.9936E+02
   166.00 deg.: X-S =     2.694448 mb/sr,
+                                         /R =   3.1529E+02
   167.00 deg.: X-S =     2.816607 mb/sr,
+                                         /R =   3.3095E+02
   168.00 deg.: X-S =     2.935048 mb/sr,
+                                         /R =   3.4619E+02
   169.00 deg.: X-S =     3.048677 mb/sr,
+                                         /R =   3.6085E+02
   170.00 deg.: X-S =     3.156433 mb/sr,
+                                         /R =   3.7481E+02
   171.00 deg.: X-S =     3.257306 mb/sr,
+                                         /R =   3.8791E+02
   172.00 deg.: X-S =     3.350342 mb/sr,
+                                         /R =   4.0003E+02
   173.00 deg.: X-S =     3.434658 mb/sr,
+                                         /R =   4.1103E+02
   174.00 deg.: X-S =     3.509448 mb/sr,
+                                         /R =   4.2082E+02
   175.00 deg.: X-S =     3.573995 mb/sr,
+                                         /R =   4.2928E+02
   176.00 deg.: X-S =     3.627679 mb/sr,
+                                         /R =   4.3632E+02
   177.00 deg.: X-S =     3.669981 mb/sr,
+                                         /R =   4.4188E+02
   178.00 deg.: X-S =     3.700493 mb/sr,
+                                         /R =   4.4589E+02
   179.00 deg.: X-S =     3.718920 mb/sr,
+                                         /R =   4.4832E+02
   179.99 deg.: X-S =     3.725081 mb/sr,
+                                         /R =   4.4913E+02
                                           Integrated********** mb, over [   0.000, 180.000] at   125.0000 MeV 
 Finished all xsecs @    3.12500000E-02

  The following files have been created:
   3:local copy of User input.            6:standard output.                   
  13:total cross sections/state.         39:cross sections for each Ecm.       
  40:all cross sectns. for each Elab.    56:Fusion for each Jtotal.            

 PARAMETERS : MAXQRN   MFNL   MLOC  LMAX1 MCLIST
    ALLOWED :      1      1      4    170      6
    REQUIRED:      0      0      4     11      3


 ACCURACY ANALYSIS at   125.000 MeV :

  Elastic h*k = 0.039 so OK       compared with 0.200

   Real(S-el) > 0.01 first at J =       0.5
   Real(S-el) > 0.10 first at J =       0.5
   Real(S-el) > 0.50 first at J =       3.5
   Real(S-el) > 0.90 first at J =       4.5
   Real(S-el) > 0.99 first at J =       6.5
   R-turn =     9.76 fm    at J =       9.5

 Forward-angle excitation cut off below   0.646 deg by max JT =       9.5
                              and below   0.132 deg by max R.

 Total CPU  0 time =       0.05 seconds
