 FRESCO - FRES 3.4: Coupled Reaction Channels
 Assuming NAMELIST input.

 Test reaction with generated potential                                          

   0.040  50.000   0.500   0.000   0.000   0.000   0.000   0.000   0.000   0.000

 Centre-of-mass Range is   1252 * 0.0400 fm., Maximum at  50.00 fm., Interpolating NL forms every  0.52 fm.
 Non - locality width is      4 * 0.0400 fm., Maximum of   0.12 fm., Centred at  0.00 fm.
 2-Nucleon Separation of      0 * 0.5200 fm., Maximum of   0.00 fm., Minimum at  0.00 fm.
 Maximum single particle bins of 49.9200 fm.
               M,Mint =         1251        1249


 Range of total J is     0.0 <= J <=   150.0 (at least     0.0) and Absorbtion =>     0.1000 mb.
 Dry Run = F, CC set limits =  0  0, Relativistic kinematics =  , Both/Far/Near Analyses =  1                     

 Cross Sections (and up to T0 for 0=projectile) for Theta from   0.0 to 180.0 in steps of  1.0 degrees, DGAM=0,  Coordinates = 0 (Mads)

 Lower Radial Cutoff = maximum of -1.60*L*h &       0.0 fm.,  Lower Cutoff for Couplings =   0.0  fm.


 Iterate Couplings between   0 and   0 times, to  0.000 % if sooner.                                          
  Block solved exactly =   0 chs., with Pade = 0 & Isocen =  =0, NOSOL = F, initwf =  0
  NL quadrature with   18 Gaussian points, Calculate multipoles up to   156 from   0
  M-transfers for lp+lt greater than or equal to  6, Angular Integration Cutoff below  2.7778 %


 Trace switches are :  CHANS =  0, LISTCC =  0, TRENEG =  0, CDETR =  0, SMATS =  0, XSTABL =  0, NLPL =  0

                       WAVES =  0, LAMPL =  0, VEFF =  0, KFUS =  0, WDISK =  0, BPM =  0, MELFIL =  0

                       CDCC =  0, NFUS =  0

 Using unit mass = 1.000000 amu and 1/fine-structure constant = 137.03599 ( 1.000000 * true ) with hc = 197.32705 MeV.fm,
  thus 2*amu/hbar^2 = 0.0478450 = 1/20.9008 and Coulomb constant = 0.1574855 so e^2 = 1.43997, and nuclear magneton= 0.1261183

 Now pre-scan input and save to file 3



 *********** PARTITION NUMBER  1 ******************************************************************************************

   PROJ=p          MASS=  1.0000 Z=   1.0,        # STATES=    1T, TARG=4He      MASS=  4.0000 Z=   2.0,     Q-VALUE =   0.0000 MEV.

     1:  J= 0.5+ (B# 1), E=  0.0000, K= 0.5              Potl#  1       J= 0.0+ (B# 1), E=  0.0000, K= 0.0    


 ************************************************************************************************************************************

 The following POTENTIALS are defined :

  KP#       TYPE      IT    SHAPE      at     V1        r1        a1        V2        r2        a2        A-in     A-used


                                            A#1       A#2        r0c       ac                                                h @ 1
    1    0=Coulomb       0=CHARGE (WS)  1     4.000     2.000    4.3872    0.0000    0.0000    0.0000     0.000    23.084   0.04000

    1    1=Volume        0=Woods-Saxon  2   15.7949    1.0485    0.6772   12.3315    1.0485    0.6772     0.000    23.084

    1    2=Surface       0=Woods-Saxon  3    0.0000    0.0000    0.0000    0.4056    1.3172    0.5208     0.000    23.084

    1    3=Projtl S.O.   0=Woods-Saxon  4    3.0261    0.7778    0.5900    0.0000    0.0000    0.0000     0.000    23.084

 Incoming partition  1 in excitation state # 1,   Laboratory Energy given for partition  1 Nucleus 1 in Excitation pair 1

0Lab. ENERGY ranges :

   from    160.000     to   0.00000     in     0 intervals
   from    0.00000     to   0.00000     in     0 intervals
   from    0.00000     to   0.00000     in     0 intervals

 Largest real,imaginary parts of any form factor at R=   49.60 are   2.90E-02  1.57E-29 MeV
 Finished all Couplings @    1.56250000E-02           4

 Symmetric Hamiltonian
1***********************************************************************************************************************************
************************************************************************************************************************************

        INCOMING p        ;    LABORATORY p        ENERGY =   160.00     MeV.

 ***********************************************************************************************************************************
 ***********************************************************************************************************************************


  NOTE: Coulomb excitation cut off below   0.019 deg by JTMAX, and below   0.026 deg by Rmax

 Allocate arrays for            2  channels, of which            1  need wfs.
 Reaction Xsec    17.5-/17 @ 1 =   0.124 , Out:   0.000#
 Reaction Xsec    18.5+/18 @ 1 =   0.069 , Out:   0.000#
 Finished all CC sets @    3.12500000E-02
0CUMULATIVE REACTION cross section                 =  286.16098  <L> =     5.74  <L**2> =     41.4
0CUMULATIVE outgoing cross sections in partition 1 :    0.00000
0Cumulative ABSORBTION by Imaginary Potentials     =  286.16098  <L> =     5.74  <L**2> =     41.4
   Fusion for specific p        M-states :  407.994433  407.994433
0CUMULATIVE OUTGOING cross section                 =    0.00000
 To convert to S-factors (MeV.mb = keV.b),  multiply by  1.4968E+02


 CROSS SECTIONS FOR OUTGOING p        & 4He      in state #   1 with spins & parities 0.5  + &  0.0  +;  0

     0.01 deg.: X-S =   5.4554E+12 mb/sr,
+                                         /R =   9.9998E-01
     1.00 deg.: X-S =   4.4479E+04 mb/sr,
+                                         /R =   8.1526E-01
     2.00 deg.: X-S =  1731.434989 mb/sr,
+                                         /R =   5.0770E-01
     3.00 deg.: X-S =   478.540346 mb/sr,
+                                         /R =   7.1018E-01
     4.00 deg.: X-S =   493.647025 mb/sr,
+                                         /R =   2.3146E+00
     5.00 deg.: X-S =   549.698663 mb/sr,
+                                         /R =   6.2895E+00
     6.00 deg.: X-S =   568.337228 mb/sr,
+                                         /R =   1.3477E+01
     7.00 deg.: X-S =   555.955821 mb/sr,
+                                         /R =   2.4407E+01
     8.00 deg.: X-S =   523.457048 mb/sr,
+                                         /R =   3.9174E+01
     9.00 deg.: X-S =   479.073970 mb/sr,
+                                         /R =   5.7379E+01
    10.00 deg.: X-S =   428.594666 mb/sr,
+                                         /R =   7.8164E+01
    11.00 deg.: X-S =   376.077103 mb/sr,
+                                         /R =   1.0031E+02
    12.00 deg.: X-S =   324.351405 mb/sr,
+                                         /R =   1.2239E+02
    13.00 deg.: X-S =   275.340003 mb/sr,
+                                         /R =   1.4292E+02
    14.00 deg.: X-S =   230.272832 mb/sr,
+                                         /R =   1.6054E+02
    15.00 deg.: X-S =   189.846063 mb/sr,
+                                         /R =   1.7417E+02
    16.00 deg.: X-S =   154.348907 mb/sr,
+                                         /R =   1.8302E+02
    17.00 deg.: X-S =   123.769406 mb/sr,
+                                         /R =   1.8672E+02
    18.00 deg.: X-S =    97.883384 mb/sr,
+                                         /R =   1.8527E+02
    19.00 deg.: X-S =    76.328037 mb/sr,
+                                         /R =   1.7902E+02
    20.00 deg.: X-S =    58.660917 mb/sr,
+                                         /R =   1.6858E+02
    21.00 deg.: X-S =    44.405269 mb/sr,
+                                         /R =   1.5479E+02
    22.00 deg.: X-S =    33.083128 mb/sr,
+                                         /R =   1.3860E+02
    23.00 deg.: X-S =    24.237969 mb/sr,
+                                         /R =   1.2103E+02
    24.00 deg.: X-S =    17.448876 mb/sr,
+                                         /R =   1.0305E+02
    25.00 deg.: X-S =    12.338201 mb/sr,
+                                         /R =   8.5580E+01
    26.00 deg.: X-S =     8.574483 mb/sr,
+                                         /R =   6.9396E+01
    27.00 deg.: X-S =     5.872152 mb/sr,
+                                         /R =   5.5121E+01
    28.00 deg.: X-S =     3.989216 mb/sr,
+                                         /R =   4.3188E+01
    29.00 deg.: X-S =     2.723859 mb/sr,
+                                         /R =   3.3834E+01
    30.00 deg.: X-S =     1.910547 mb/sr,
+                                         /R =   2.7097E+01
    31.00 deg.: X-S =     1.416060 mb/sr,
+                                         /R =   2.2827E+01
    32.00 deg.: X-S =     1.135635 mb/sr,
+                                         /R =   2.0719E+01
    33.00 deg.: X-S =     0.989304 mb/sr,
+                                         /R =   2.0346E+01
    34.00 deg.: X-S =     0.918387 mb/sr,
+                                         /R =   2.1210E+01
    35.00 deg.: X-S =     0.882122 mb/sr,
+                                         /R =   2.2797E+01
    36.00 deg.: X-S =     0.854390 mb/sr,
+                                         /R =   2.4624E+01
    37.00 deg.: X-S =     0.820544 mb/sr,
+                                         /R =   2.6290E+01
    38.00 deg.: X-S =     0.774413 mb/sr,
+                                         /R =   2.7499E+01
    39.00 deg.: X-S =     0.715568 mb/sr,
+                                         /R =   2.8081E+01
    40.00 deg.: X-S =     0.646965 mb/sr,
+                                         /R =   2.7981E+01
    41.00 deg.: X-S =     0.573056 mb/sr,
+                                         /R =   2.7244E+01
    42.00 deg.: X-S =     0.498421 mb/sr,
+                                         /R =   2.5983E+01
    43.00 deg.: X-S =     0.426915 mb/sr,
+                                         /R =   2.4346E+01
    44.00 deg.: X-S =     0.361263 mb/sr,
+                                         /R =   2.2485E+01
    45.00 deg.: X-S =     0.302999 mb/sr,
+                                         /R =   2.0539E+01
    46.00 deg.: X-S =     0.252643 mb/sr,
+                                         /R =   1.8612E+01
    47.00 deg.: X-S =     0.209967 mb/sr,
+                                         /R =   1.6777E+01
    48.00 deg.: X-S =     0.174294 mb/sr,
+                                         /R =   1.5077E+01
    49.00 deg.: X-S =     0.144735 mb/sr,
+                                         /R =   1.3529E+01
    50.00 deg.: X-S =     0.120369 mb/sr,
+                                         /R =   1.2136E+01
    51.00 deg.: X-S =     0.100346 mb/sr,
+                                         /R =   1.0895E+01
    52.00 deg.: X-S =     0.083932 mb/sr,
+                                         /R =   9.7965E+00
    53.00 deg.: X-S =     0.070523 mb/sr,
+                                         /R =   8.8352E+00
    54.00 deg.: X-S =     0.059636 mb/sr,
+                                         /R =   8.0070E+00
    55.00 deg.: X-S =     0.050883 mb/sr,
+                                         /R =   7.3109E+00
    56.00 deg.: X-S =     0.043946 mb/sr,
+                                         /R =   6.7473E+00
    57.00 deg.: X-S =     0.038547 mb/sr,
+                                         /R =   6.3156E+00
    58.00 deg.: X-S =     0.034419 mb/sr,
+                                         /R =   6.0098E+00
    59.00 deg.: X-S =     0.031288 mb/sr,
+                                         /R =   5.8144E+00
    60.00 deg.: X-S =     0.028867 mb/sr,
+                                         /R =   5.7023E+00
    61.00 deg.: X-S =     0.026866 mb/sr,
+                                         /R =   5.6344E+00
    62.00 deg.: X-S =     0.025017 mb/sr,
+                                         /R =   5.5638E+00
    63.00 deg.: X-S =     0.023106 mb/sr,
+                                         /R =   5.4430E+00
    64.00 deg.: X-S =     0.020997 mb/sr,
+                                         /R =   5.2334E+00
    65.00 deg.: X-S =     0.018652 mb/sr,
+                                         /R =   4.9133E+00
    66.00 deg.: X-S =     0.016122 mb/sr,
+                                         /R =   4.4837E+00
    67.00 deg.: X-S =     0.013526 mb/sr,
+                                         /R =   3.9675E+00
    68.00 deg.: X-S =     0.011014 mb/sr,
+                                         /R =   3.4039E+00
    69.00 deg.: X-S =     0.008728 mb/sr,
+                                         /R =   2.8393E+00
    70.00 deg.: X-S =     0.006769 mb/sr,
+                                         /R =   2.3156E+00
    71.00 deg.: X-S =     0.005182 mb/sr,
+                                         /R =   1.8625E+00
    72.00 deg.: X-S =     0.003956 mb/sr,
+                                         /R =   1.4926E+00
    73.00 deg.: X-S =     0.003041 mb/sr,
+                                         /R =   1.2032E+00
    74.00 deg.: X-S =     0.002367 mb/sr,
+                                         /R =   9.8125E-01
    75.00 deg.: X-S =     0.001866 mb/sr,
+                                         /R =   8.1017E-01
    76.00 deg.: X-S =     0.001489 mb/sr,
+                                         /R =   6.7602E-01
    77.00 deg.: X-S =     0.001201 mb/sr,
+                                         /R =   5.7012E-01
    78.00 deg.: X-S =     0.000985 mb/sr,
+                                         /R =   4.8844E-01
    79.00 deg.: X-S =     0.000828 mb/sr,
+                                         /R =   4.2859E-01
    80.00 deg.: X-S =     0.000717 mb/sr,
+                                         /R =   3.8665E-01
    81.00 deg.: X-S =     0.000633 mb/sr,
+                                         /R =   3.5571E-01
    82.00 deg.: X-S =     0.000559 mb/sr,
+                                         /R =   3.2721E-01
    83.00 deg.: X-S =     0.000483 mb/sr,
+                                         /R =   2.9437E-01
    84.00 deg.: X-S =     0.000404 mb/sr,
+                                         /R =   2.5604E-01
    85.00 deg.: X-S =     0.000332 mb/sr,
+                                         /R =   2.1864E-01
    86.00 deg.: X-S =     0.000285 mb/sr,
+                                         /R =   1.9481E-01
    87.00 deg.: X-S =     0.000280 mb/sr,
+                                         /R =   1.9857E-01
    88.00 deg.: X-S =     0.000325 mb/sr,
+                                         /R =   2.3890E-01
    89.00 deg.: X-S =     0.000412 mb/sr,
+                                         /R =   3.1418E-01
    90.00 deg.: X-S =     0.000519 mb/sr,
+                                         /R =   4.1023E-01
    91.00 deg.: X-S =     0.000615 mb/sr,
+                                         /R =   5.0323E-01
    92.00 deg.: X-S =     0.000670 mb/sr,
+                                         /R =   5.6687E-01
    93.00 deg.: X-S =     0.000664 mb/sr,
+                                         /R =   5.8118E-01
    94.00 deg.: X-S =     0.000597 mb/sr,
+                                         /R =   5.3969E-01
    95.00 deg.: X-S =     0.000484 mb/sr,
+                                         /R =   4.5198E-01
    96.00 deg.: X-S =     0.000353 mb/sr,
+                                         /R =   3.4047E-01
    97.00 deg.: X-S =     0.000234 mb/sr,
+                                         /R =   2.3250E-01
    98.00 deg.: X-S =     0.000147 mb/sr,
+                                         /R =   1.5079E-01
    99.00 deg.: X-S =     0.000100 mb/sr,
+                                         /R =   1.0607E-01
   100.00 deg.: X-S =   8.6933E-05 mb/sr,
+                                         /R =   9.4618E-02
   101.00 deg.: X-S =   9.0763E-05 mb/sr,
+                                         /R =   1.0170E-01
   102.00 deg.: X-S =   9.4768E-05 mb/sr,
+                                         /R =   1.0926E-01
   103.00 deg.: X-S =   8.8115E-05 mb/sr,
+                                         /R =   1.0447E-01
   104.00 deg.: X-S =   7.0101E-05 mb/sr,
+                                         /R =   8.5434E-02
   105.00 deg.: X-S =   4.9118E-05 mb/sr,
+                                         /R =   6.1501E-02
   106.00 deg.: X-S =   3.7487E-05 mb/sr,
+                                         /R =   4.8200E-02
   107.00 deg.: X-S =   4.4686E-05 mb/sr,
+                                         /R =   5.8974E-02
   108.00 deg.: X-S =   7.2061E-05 mb/sr,
+                                         /R =   9.7568E-02
   109.00 deg.: X-S =     0.000111 mb/sr,
+                                         /R =   1.5465E-01
   110.00 deg.: X-S =     0.000148 mb/sr,
+                                         /R =   2.1048E-01
   111.00 deg.: X-S =     0.000166 mb/sr,
+                                         /R =   2.4273E-01
   112.00 deg.: X-S =     0.000158 mb/sr,
+                                         /R =   2.3625E-01
   113.00 deg.: X-S =     0.000125 mb/sr,
+                                         /R =   1.9049E-01
   114.00 deg.: X-S =   7.7441E-05 mb/sr,
+                                         /R =   1.2109E-01
   115.00 deg.: X-S =   3.4074E-05 mb/sr,
+                                         /R =   5.4490E-02
   116.00 deg.: X-S =   1.0747E-05 mb/sr,
+                                         /R =   1.7569E-02
   117.00 deg.: X-S =   1.5827E-05 mb/sr,
+                                         /R =   2.6438E-02
   118.00 deg.: X-S =   4.6408E-05 mb/sr,
+                                         /R =   7.9183E-02
   119.00 deg.: X-S =   8.9469E-05 mb/sr,
+                                         /R =   1.5586E-01
   120.00 deg.: X-S =     0.000127 mb/sr,
+                                         /R =   2.2608E-01
   121.00 deg.: X-S =     0.000144 mb/sr,
+                                         /R =   2.6129E-01
   122.00 deg.: X-S =     0.000133 mb/sr,
+                                         /R =   2.4666E-01
   123.00 deg.: X-S =   9.9496E-05 mb/sr,
+                                         /R =   1.8758E-01
   124.00 deg.: X-S =   5.6102E-05 mb/sr,
+                                         /R =   1.0777E-01
   125.00 deg.: X-S =   2.0228E-05 mb/sr,
+                                         /R =   3.9576E-02
   126.00 deg.: X-S =   5.1988E-06 mb/sr,
+                                         /R =   1.0356E-02
   127.00 deg.: X-S =   1.5161E-05 mb/sr,
+                                         /R =   3.0737E-02
   128.00 deg.: X-S =   4.3554E-05 mb/sr,
+                                         /R =   8.9835E-02
   129.00 deg.: X-S =   7.6151E-05 mb/sr,
+                                         /R =   1.5974E-01
   130.00 deg.: X-S =   9.7345E-05 mb/sr,
+                                         /R =   2.0758E-01
   131.00 deg.: X-S =   9.7020E-05 mb/sr,
+                                         /R =   2.1025E-01
   132.00 deg.: X-S =   7.5047E-05 mb/sr,
+                                         /R =   1.6521E-01
   133.00 deg.: X-S =   4.1476E-05 mb/sr,
+                                         /R =   9.2718E-02
   134.00 deg.: X-S =   1.2275E-05 mb/sr,
+                                         /R =   2.7856E-02
   135.00 deg.: X-S =   2.3984E-06 mb/sr,
+                                         /R =   5.5228E-03
   136.00 deg.: X-S =   1.9097E-05 mb/sr,
+                                         /R =   4.4607E-02
   137.00 deg.: X-S =   5.8375E-05 mb/sr,
+                                         /R =   1.3827E-01
   138.00 deg.: X-S =     0.000106 mb/sr,
+                                         /R =   2.5495E-01
   139.00 deg.: X-S =     0.000144 mb/sr,
+                                         /R =   3.5033E-01
   140.00 deg.: X-S =     0.000156 mb/sr,
+                                         /R =   3.8559E-01
   141.00 deg.: X-S =     0.000138 mb/sr,
+                                         /R =   3.4451E-01
   142.00 deg.: X-S =   9.5703E-05 mb/sr,
+                                         /R =   2.4176E-01
   143.00 deg.: X-S =   4.6350E-05 mb/sr,
+                                         /R =   1.1848E-01
   144.00 deg.: X-S =   1.0119E-05 mb/sr,
+                                         /R =   2.6166E-02
   145.00 deg.: X-S =   1.9964E-06 mb/sr,
+                                         /R =   5.2204E-03
   146.00 deg.: X-S =   2.5403E-05 mb/sr,
+                                         /R =   6.7151E-02
   147.00 deg.: X-S =   7.0473E-05 mb/sr,
+                                         /R =   1.8825E-01
   148.00 deg.: X-S =     0.000118 mb/sr,
+                                         /R =   3.1820E-01
   149.00 deg.: X-S =     0.000147 mb/sr,
+                                         /R =   4.0068E-01
   150.00 deg.: X-S =     0.000145 mb/sr,
+                                         /R =   3.9784E-01
   151.00 deg.: X-S =     0.000111 mb/sr,
+                                         /R =   3.0821E-01
   152.00 deg.: X-S =   6.0631E-05 mb/sr,
+                                         /R =   1.6986E-01
   153.00 deg.: X-S =   1.6415E-05 mb/sr,
+                                         /R =   4.6380E-02
   154.00 deg.: X-S =   2.4948E-07 mb/sr,
+                                         /R =   7.1073E-04
   155.00 deg.: X-S =   2.3390E-05 mb/sr,
+                                         /R =   6.7165E-02
   156.00 deg.: X-S =   8.0793E-05 mb/sr,
+                                         /R =   2.3376E-01
   157.00 deg.: X-S =     0.000152 mb/sr,
+                                         /R =   4.4330E-01
   158.00 deg.: X-S =     0.000209 mb/sr,
+                                         /R =   6.1431E-01
   159.00 deg.: X-S =     0.000228 mb/sr,
+                                         /R =   6.7441E-01
   160.00 deg.: X-S =     0.000199 mb/sr,
+                                         /R =   5.9289E-01
   161.00 deg.: X-S =     0.000133 mb/sr,
+                                         /R =   3.9835E-01
   162.00 deg.: X-S =   5.7343E-05 mb/sr,
+                                         /R =   1.7248E-01
   163.00 deg.: X-S =   6.7082E-06 mb/sr,
+                                         /R =   2.0286E-02
   164.00 deg.: X-S =   8.9269E-06 mb/sr,
+                                         /R =   2.7132E-02
   165.00 deg.: X-S =   7.1868E-05 mb/sr,
+                                         /R =   2.1948E-01
   166.00 deg.: X-S =     0.000178 mb/sr,
+                                         /R =   5.4631E-01
   167.00 deg.: X-S =     0.000289 mb/sr,
+                                         /R =   8.9152E-01
   168.00 deg.: X-S =     0.000361 mb/sr,
+                                         /R =   1.1157E+00
   169.00 deg.: X-S =     0.000359 mb/sr,
+                                         /R =   1.1136E+00
   170.00 deg.: X-S =     0.000278 mb/sr,
+                                         /R =   8.6682E-01
   171.00 deg.: X-S =     0.000150 mb/sr,
+                                         /R =   4.6815E-01
   172.00 deg.: X-S =   3.4162E-05 mb/sr,
+                                         /R =   1.0693E-01
   173.00 deg.: X-S =   4.5685E-06 mb/sr,
+                                         /R =   1.4332E-02
   174.00 deg.: X-S =     0.000123 mb/sr,
+                                         /R =   3.8528E-01
   175.00 deg.: X-S =     0.000414 mb/sr,
+                                         /R =   1.3027E+00
   176.00 deg.: X-S =     0.000854 mb/sr,
+                                         /R =   2.6912E+00
   177.00 deg.: X-S =     0.001369 mb/sr,
+                                         /R =   4.3198E+00
   178.00 deg.: X-S =     0.001853 mb/sr,
+                                         /R =   5.8547E+00
   179.00 deg.: X-S =     0.002199 mb/sr,
+                                         /R =   6.9502E+00
   179.99 deg.: X-S =     0.002325 mb/sr,
+                                         /R =   7.3472E+00
                                           Integrated********** mb, over [   0.000, 180.000] at   160.0000 MeV 
 Finished all xsecs @    3.12500000E-02

  The following files have been created:
   3:local copy of User input.            6:standard output.                   
  13:total cross sections/state.         39:cross sections for each Ecm.       
  40:all cross sectns. for each Elab.    56:Fusion for each Jtotal.            

 PARAMETERS : MAXQRN   MFNL   MLOC  LMAX1 MCLIST
    ALLOWED :      1      1      4    170      6
    REQUIRED:      0      0      4     19      4


 ACCURACY ANALYSIS at   160.000 MeV :

  Elastic h*k = 0.089 so OK       compared with 0.200

   Real(S-el) > 0.01 first at J =       0.5
   Real(S-el) > 0.10 first at J =       0.5
   Real(S-el) > 0.50 first at J =       2.5
   Real(S-el) > 0.90 first at J =       8.5
   Real(S-el) > 0.99 first at J =      12.5
   R-turn =     8.37 fm    at J =      18.5

 Forward-angle excitation cut off below   0.150 deg by max JT =      18.5
                              and below   0.026 deg by max R.

 Total CPU  0 time =       0.03 seconds
