 FRESCO - FRES 3.4: Coupled Reaction Channels
 Assuming NAMELIST input.

 Test reaction with generated potential                                          

   0.040  50.000   0.500   0.000   0.000   0.000   0.000   0.000   0.000   0.000

 Centre-of-mass Range is   1252 * 0.0400 fm., Maximum at  50.00 fm., Interpolating NL forms every  0.52 fm.
 Non - locality width is      4 * 0.0400 fm., Maximum of   0.12 fm., Centred at  0.00 fm.
 2-Nucleon Separation of      0 * 0.5200 fm., Maximum of   0.00 fm., Minimum at  0.00 fm.
 Maximum single particle bins of 49.9200 fm.
               M,Mint =         1251        1249


 Range of total J is     0.0 <= J <=   150.0 (at least     0.0) and Absorbtion =>     0.1000 mb.
 Dry Run = F, CC set limits =  0  0, Relativistic kinematics =  , Both/Far/Near Analyses =  1                     

 Cross Sections (and up to T0 for 0=projectile) for Theta from   0.0 to 180.0 in steps of  1.0 degrees, DGAM=0,  Coordinates = 0 (Mads)

 Lower Radial Cutoff = maximum of -1.60*L*h &       0.0 fm.,  Lower Cutoff for Couplings =   0.0  fm.


 Iterate Couplings between   0 and   0 times, to  0.000 % if sooner.                                          
  Block solved exactly =   0 chs., with Pade = 0 & Isocen =  =0, NOSOL = F, initwf =  0
  NL quadrature with   18 Gaussian points, Calculate multipoles up to   156 from   0
  M-transfers for lp+lt greater than or equal to  6, Angular Integration Cutoff below  2.7778 %


 Trace switches are :  CHANS =  0, LISTCC =  0, TRENEG =  0, CDETR =  0, SMATS =  0, XSTABL =  0, NLPL =  0

                       WAVES =  0, LAMPL =  0, VEFF =  0, KFUS =  0, WDISK =  0, BPM =  0, MELFIL =  0

                       CDCC =  0, NFUS =  0

 Using unit mass = 1.000000 amu and 1/fine-structure constant = 137.03599 ( 1.000000 * true ) with hc = 197.32705 MeV.fm,
  thus 2*amu/hbar^2 = 0.0478450 = 1/20.9008 and Coulomb constant = 0.1574855 so e^2 = 1.43997, and nuclear magneton= 0.1261183

 Now pre-scan input and save to file 3



 *********** PARTITION NUMBER  1 ******************************************************************************************

   PROJ=p          MASS=  1.0000 Z=   1.0,        # STATES=    1T, TARG=4He      MASS=  4.0000 Z=   2.0,     Q-VALUE =   0.0000 MEV.

     1:  J= 0.5+ (B# 1), E=  0.0000, K= 0.5              Potl#  1       J= 0.0+ (B# 1), E=  0.0000, K= 0.0    


 ************************************************************************************************************************************

 The following POTENTIALS are defined :

  KP#       TYPE      IT    SHAPE      at     V1        r1        a1        V2        r2        a2        A-in     A-used


                                            A#1       A#2        r0c       ac                                                h @ 1
    1    0=Coulomb       0=CHARGE (WS)  1     4.000     2.000    4.3872    0.0000    0.0000    0.0000     0.000    23.084   0.04000

    1    1=Volume        0=Woods-Saxon  2   24.4077    1.0485    0.6772   10.3221    1.0485    0.6772     0.000    23.084

    1    2=Surface       0=Woods-Saxon  3    0.0000    0.0000    0.0000    1.3378    1.3172    0.5208     0.000    23.084

    1    3=Projtl S.O.   0=Woods-Saxon  4    3.7708    0.7778    0.5900    0.0000    0.0000    0.0000     0.000    23.084

 Incoming partition  1 in excitation state # 1,   Laboratory Energy given for partition  1 Nucleus 1 in Excitation pair 1

0Lab. ENERGY ranges :

   from    105.000     to   0.00000     in     0 intervals
   from    0.00000     to   0.00000     in     0 intervals
   from    0.00000     to   0.00000     in     0 intervals

 Largest real,imaginary parts of any form factor at R=   49.60 are   2.90E-02  1.32E-29 MeV
 Finished all Couplings @    0.00000000               4

 Symmetric Hamiltonian
1***********************************************************************************************************************************
************************************************************************************************************************************

        INCOMING p        ;    LABORATORY p        ENERGY =   105.00     MeV.

 ***********************************************************************************************************************************
 ***********************************************************************************************************************************


  NOTE: Coulomb excitation cut off below   0.023 deg by JTMAX, and below   0.039 deg by Rmax

 Allocate arrays for            2  channels, of which            1  need wfs.
 Reaction Xsec    15.5+/16 @ 1 =   0.034 , Out:   0.000#
 Reaction Xsec    15.5-/15 @ 1 =   0.075 , Out:   0.000#
 Finished all CC sets @    1.56250000E-02
0CUMULATIVE REACTION cross section                 =  354.22409  <L> =     4.89  <L**2> =     29.8
0CUMULATIVE outgoing cross sections in partition 1 :    0.00000
0Cumulative ABSORBTION by Imaginary Potentials     =  354.22409  <L> =     4.89  <L**2> =     29.8
   Fusion for specific p        M-states :  354.224089  354.224089
0CUMULATIVE OUTGOING cross section                 =    0.00000
 To convert to S-factors (MeV.mb = keV.b),  multiply by  1.0190E+02


 CROSS SECTIONS FOR OUTGOING p        & 4He      in state #   1 with spins & parities 0.5  + &  0.0  +;  0

     0.01 deg.: X-S =   1.2667E+13 mb/sr,
+                                         /R =   9.9998E-01
     1.00 deg.: X-S =   1.0653E+05 mb/sr,
+                                         /R =   8.4093E-01
     2.00 deg.: X-S =  4292.019520 mb/sr,
+                                         /R =   5.4200E-01
     3.00 deg.: X-S =   869.378433 mb/sr,
+                                         /R =   5.5565E-01
     4.00 deg.: X-S =   766.550039 mb/sr,
+                                         /R =   1.5479E+00
     5.00 deg.: X-S =   874.140122 mb/sr,
+                                         /R =   4.3074E+00
     6.00 deg.: X-S =   943.281270 mb/sr,
+                                         /R =   9.6329E+00
     7.00 deg.: X-S =   963.471263 mb/sr,
+                                         /R =   1.8216E+01
     8.00 deg.: X-S =   947.475821 mb/sr,
+                                         /R =   3.0537E+01
     9.00 deg.: X-S =   906.971637 mb/sr,
+                                         /R =   4.6782E+01
    10.00 deg.: X-S =   850.549399 mb/sr,
+                                         /R =   6.6803E+01
    11.00 deg.: X-S =   784.412827 mb/sr,
+                                         /R =   9.0105E+01
    12.00 deg.: X-S =   713.108571 mb/sr,
+                                         /R =   1.1588E+02
    13.00 deg.: X-S =   640.015586 mb/sr,
+                                         /R =   1.4307E+02
    14.00 deg.: X-S =   567.652149 mb/sr,
+                                         /R =   1.7044E+02
    15.00 deg.: X-S =   497.872647 mb/sr,
+                                         /R =   1.9671E+02
    16.00 deg.: X-S =   432.001899 mb/sr,
+                                         /R =   2.2061E+02
    17.00 deg.: X-S =   370.934639 mb/sr,
+                                         /R =   2.4100E+02
    18.00 deg.: X-S =   315.215109 mb/sr,
+                                         /R =   2.5695E+02
    19.00 deg.: X-S =   265.104399 mb/sr,
+                                         /R =   2.6777E+02
    20.00 deg.: X-S =   220.639143 mb/sr,
+                                         /R =   2.7307E+02
    21.00 deg.: X-S =   181.683056 mb/sr,
+                                         /R =   2.7275E+02
    22.00 deg.: X-S =   147.971862 mb/sr,
+                                         /R =   2.6699E+02
    23.00 deg.: X-S =   119.151814 mb/sr,
+                                         /R =   2.5623E+02
    24.00 deg.: X-S =    94.811969 mb/sr,
+                                         /R =   2.4115E+02
    25.00 deg.: X-S =    74.510540 mb/sr,
+                                         /R =   2.2258E+02
    26.00 deg.: X-S =    57.795778 mb/sr,
+                                         /R =   2.0145E+02
    27.00 deg.: X-S =    44.221970 mb/sr,
+                                         /R =   1.7877E+02
    28.00 deg.: X-S =    33.361222 mb/sr,
+                                         /R =   1.5555E+02
    29.00 deg.: X-S =    24.811723 mb/sr,
+                                         /R =   1.3273E+02
    30.00 deg.: X-S =    18.203136 mb/sr,
+                                         /R =   1.1118E+02
    31.00 deg.: X-S =    13.199745 mb/sr,
+                                         /R =   9.1638E+01
    32.00 deg.: X-S =     9.501858 mb/sr,
+                                         /R =   7.4658E+01
    33.00 deg.: X-S =     6.845922 mb/sr,
+                                         /R =   6.0634E+01
    34.00 deg.: X-S =     5.003662 mb/sr,
+                                         /R =   4.9767E+01
    35.00 deg.: X-S =     3.780551 mb/sr,
+                                         /R =   4.2076E+01
    36.00 deg.: X-S =     3.013756 mb/sr,
+                                         /R =   3.7407E+01
    37.00 deg.: X-S =     2.569738 mb/sr,
+                                         /R =   3.5458E+01
    38.00 deg.: X-S =     2.341591 mb/sr,
+                                         /R =   3.5809E+01
    39.00 deg.: X-S =     2.246193 mb/sr,
+                                         /R =   3.7961E+01
    40.00 deg.: X-S =     2.221254 mb/sr,
+                                         /R =   4.1373E+01
    41.00 deg.: X-S =     2.222303 mb/sr,
+                                         /R =   4.5501E+01
    42.00 deg.: X-S =     2.219709 mb/sr,
+                                         /R =   4.9834E+01
    43.00 deg.: X-S =     2.195783 mb/sr,
+                                         /R =   5.3927E+01
    44.00 deg.: X-S =     2.142065 mb/sr,
+                                         /R =   5.7418E+01
    45.00 deg.: X-S =     2.056839 mb/sr,
+                                         /R =   6.0045E+01
    46.00 deg.: X-S =     1.942958 mb/sr,
+                                         /R =   6.1644E+01
    47.00 deg.: X-S =     1.806024 mb/sr,
+                                         /R =   6.2149E+01
    48.00 deg.: X-S =     1.652922 mb/sr,
+                                         /R =   6.1577E+01
    49.00 deg.: X-S =     1.490739 mb/sr,
+                                         /R =   6.0010E+01
    50.00 deg.: X-S =     1.326021 mb/sr,
+                                         /R =   5.7578E+01
    51.00 deg.: X-S =     1.164322 mb/sr,
+                                         /R =   5.4441E+01
    52.00 deg.: X-S =     1.010009 mb/sr,
+                                         /R =   5.0770E+01
    53.00 deg.: X-S =     0.866238 mb/sr,
+                                         /R =   4.6737E+01
    54.00 deg.: X-S =     0.735052 mb/sr,
+                                         /R =   4.2503E+01
    55.00 deg.: X-S =     0.617552 mb/sr,
+                                         /R =   3.8213E+01
    56.00 deg.: X-S =     0.514083 mb/sr,
+                                         /R =   3.3993E+01
    57.00 deg.: X-S =     0.424424 mb/sr,
+                                         /R =   2.9948E+01
    58.00 deg.: X-S =     0.347951 mb/sr,
+                                         /R =   2.6165E+01
    59.00 deg.: X-S =     0.283769 mb/sr,
+                                         /R =   2.2711E+01
    60.00 deg.: X-S =     0.230820 mb/sr,
+                                         /R =   1.9637E+01
    61.00 deg.: X-S =     0.187952 mb/sr,
+                                         /R =   1.6976E+01
    62.00 deg.: X-S =     0.153980 mb/sr,
+                                         /R =   1.4748E+01
    63.00 deg.: X-S =     0.127716 mb/sr,
+                                         /R =   1.2957E+01
    64.00 deg.: X-S =     0.107999 mb/sr,
+                                         /R =   1.1592E+01
    65.00 deg.: X-S =     0.093712 mb/sr,
+                                         /R =   1.0631E+01
    66.00 deg.: X-S =     0.083794 mb/sr,
+                                         /R =   1.0036E+01
    67.00 deg.: X-S =     0.077256 mb/sr,
+                                         /R =   9.7590E+00
    68.00 deg.: X-S =     0.073190 mb/sr,
+                                         /R =   9.7412E+00
    69.00 deg.: X-S =     0.070782 mb/sr,
+                                         /R =   9.9163E+00
    70.00 deg.: X-S =     0.069327 mb/sr,
+                                         /R =   1.0214E+01
    71.00 deg.: X-S =     0.068240 mb/sr,
+                                         /R =   1.0563E+01
    72.00 deg.: X-S =     0.067064 mb/sr,
+                                         /R =   1.0896E+01
    73.00 deg.: X-S =     0.065479 mb/sr,
+                                         /R =   1.1157E+01
    74.00 deg.: X-S =     0.063294 mb/sr,
+                                         /R =   1.1301E+01
    75.00 deg.: X-S =     0.060441 mb/sr,
+                                         /R =   1.1299E+01
    76.00 deg.: X-S =     0.056952 mb/sr,
+                                         /R =   1.1138E+01
    77.00 deg.: X-S =     0.052938 mb/sr,
+                                         /R =   1.0821E+01
    78.00 deg.: X-S =     0.048558 mb/sr,
+                                         /R =   1.0367E+01
    79.00 deg.: X-S =     0.043988 mb/sr,
+                                         /R =   9.8015E+00
    80.00 deg.: X-S =     0.039399 mb/sr,
+                                         /R =   9.1553E+00
    81.00 deg.: X-S =     0.034937 mb/sr,
+                                         /R =   8.4601E+00
    82.00 deg.: X-S =     0.030710 mb/sr,
+                                         /R =   7.7440E+00
    83.00 deg.: X-S =     0.026787 mb/sr,
+                                         /R =   7.0291E+00
    84.00 deg.: X-S =     0.023203 mb/sr,
+                                         /R =   6.3314E+00
    85.00 deg.: X-S =     0.019964 mb/sr,
+                                         /R =   5.6609E+00
    86.00 deg.: X-S =     0.017058 mb/sr,
+                                         /R =   5.0232E+00
    87.00 deg.: X-S =     0.014467 mb/sr,
+                                         /R =   4.4212E+00
    88.00 deg.: X-S =     0.012168 mb/sr,
+                                         /R =   3.8566E+00
    89.00 deg.: X-S =     0.010139 mb/sr,
+                                         /R =   3.3310E+00
    90.00 deg.: X-S =     0.008364 mb/sr,
+                                         /R =   2.8462E+00
    91.00 deg.: X-S =     0.006824 mb/sr,
+                                         /R =   2.4040E+00
    92.00 deg.: X-S =     0.005504 mb/sr,
+                                         /R =   2.0058E+00
    93.00 deg.: X-S =     0.004385 mb/sr,
+                                         /R =   1.6523E+00
    94.00 deg.: X-S =     0.003450 mb/sr,
+                                         /R =   1.3435E+00
    95.00 deg.: X-S =     0.002683 mb/sr,
+                                         /R =   1.0791E+00
    96.00 deg.: X-S =     0.002069 mb/sr,
+                                         /R =   8.5877E-01
    97.00 deg.: X-S =     0.001594 mb/sr,
+                                         /R =   6.8281E-01
    98.00 deg.: X-S =     0.001250 mb/sr,
+                                         /R =   5.5196E-01
    99.00 deg.: X-S =     0.001026 mb/sr,
+                                         /R =   4.6693E-01
   100.00 deg.: X-S =     0.000912 mb/sr,
+                                         /R =   4.2738E-01
   101.00 deg.: X-S =     0.000893 mb/sr,
+                                         /R =   4.3075E-01
   102.00 deg.: X-S =     0.000949 mb/sr,
+                                         /R =   4.7131E-01
   103.00 deg.: X-S =     0.001057 mb/sr,
+                                         /R =   5.3979E-01
   104.00 deg.: X-S =     0.001189 mb/sr,
+                                         /R =   6.2401E-01
   105.00 deg.: X-S =     0.001317 mb/sr,
+                                         /R =   7.1031E-01
   106.00 deg.: X-S =     0.001419 mb/sr,
+                                         /R =   7.8575E-01
   107.00 deg.: X-S =     0.001478 mb/sr,
+                                         /R =   8.4025E-01
   108.00 deg.: X-S =     0.001489 mb/sr,
+                                         /R =   8.6840E-01
   109.00 deg.: X-S =     0.001455 mb/sr,
+                                         /R =   8.7016E-01
   110.00 deg.: X-S =     0.001388 mb/sr,
+                                         /R =   8.5038E-01
   111.00 deg.: X-S =     0.001301 mb/sr,
+                                         /R =   8.1712E-01
   112.00 deg.: X-S =     0.001212 mb/sr,
+                                         /R =   7.7934E-01
   113.00 deg.: X-S =     0.001131 mb/sr,
+                                         /R =   7.4446E-01
   114.00 deg.: X-S =     0.001064 mb/sr,
+                                         /R =   7.1665E-01
   115.00 deg.: X-S =     0.001011 mb/sr,
+                                         /R =   6.9613E-01
   116.00 deg.: X-S =     0.000966 mb/sr,
+                                         /R =   6.7979E-01
   117.00 deg.: X-S =     0.000921 mb/sr,
+                                         /R =   6.6285E-01
   118.00 deg.: X-S =     0.000872 mb/sr,
+                                         /R =   6.4087E-01
   119.00 deg.: X-S =     0.000815 mb/sr,
+                                         /R =   6.1165E-01
   120.00 deg.: X-S =     0.000753 mb/sr,
+                                         /R =   5.7617E-01
   121.00 deg.: X-S =     0.000689 mb/sr,
+                                         /R =   5.3837E-01
   122.00 deg.: X-S =     0.000633 mb/sr,
+                                         /R =   5.0386E-01
   123.00 deg.: X-S =     0.000589 mb/sr,
+                                         /R =   4.7788E-01
   124.00 deg.: X-S =     0.000560 mb/sr,
+                                         /R =   4.6335E-01
   125.00 deg.: X-S =     0.000545 mb/sr,
+                                         /R =   4.5957E-01
   126.00 deg.: X-S =     0.000539 mb/sr,
+                                         /R =   4.6220E-01
   127.00 deg.: X-S =     0.000532 mb/sr,
+                                         /R =   4.6437E-01
   128.00 deg.: X-S =     0.000517 mb/sr,
+                                         /R =   4.5889E-01
   129.00 deg.: X-S =     0.000488 mb/sr,
+                                         /R =   4.4056E-01
   130.00 deg.: X-S =     0.000444 mb/sr,
+                                         /R =   4.0806E-01
   131.00 deg.: X-S =     0.000391 mb/sr,
+                                         /R =   3.6455E-01
   132.00 deg.: X-S =     0.000334 mb/sr,
+                                         /R =   3.1685E-01
   133.00 deg.: X-S =     0.000284 mb/sr,
+                                         /R =   2.7339E-01
   134.00 deg.: X-S =     0.000247 mb/sr,
+                                         /R =   2.4142E-01
   135.00 deg.: X-S =     0.000226 mb/sr,
+                                         /R =   2.2460E-01
   136.00 deg.: X-S =     0.000220 mb/sr,
+                                         /R =   2.2156E-01
   137.00 deg.: X-S =     0.000222 mb/sr,
+                                         /R =   2.2619E-01
   138.00 deg.: X-S =     0.000222 mb/sr,
+                                         /R =   2.2946E-01
   139.00 deg.: X-S =     0.000212 mb/sr,
+                                         /R =   2.2241E-01
   140.00 deg.: X-S =     0.000188 mb/sr,
+                                         /R =   1.9926E-01
   141.00 deg.: X-S =     0.000149 mb/sr,
+                                         /R =   1.5974E-01
   142.00 deg.: X-S =     0.000101 mb/sr,
+                                         /R =   1.0968E-01
   143.00 deg.: X-S =   5.4183E-05 mb/sr,
+                                         /R =   5.9649E-02
   144.00 deg.: X-S =   1.9682E-05 mb/sr,
+                                         /R =   2.1919E-02
   145.00 deg.: X-S =   5.9127E-06 mb/sr,
+                                         /R =   6.6585E-03
   146.00 deg.: X-S =   1.6260E-05 mb/sr,
+                                         /R =   1.8511E-02
   147.00 deg.: X-S =   4.7550E-05 mb/sr,
+                                         /R =   5.4703E-02
   148.00 deg.: X-S =   9.0676E-05 mb/sr,
+                                         /R =   1.0538E-01
   149.00 deg.: X-S =     0.000133 mb/sr,
+                                         /R =   1.5622E-01
   150.00 deg.: X-S =     0.000162 mb/sr,
+                                         /R =   1.9254E-01
   151.00 deg.: X-S =     0.000170 mb/sr,
+                                         /R =   2.0385E-01
   152.00 deg.: X-S =     0.000155 mb/sr,
+                                         /R =   1.8717E-01
   153.00 deg.: X-S =     0.000122 mb/sr,
+                                         /R =   1.4832E-01
   154.00 deg.: X-S =   8.1759E-05 mb/sr,
+                                         /R =   1.0031E-01
   155.00 deg.: X-S =   4.8141E-05 mb/sr,
+                                         /R =   5.9533E-02
   156.00 deg.: X-S =   3.2547E-05 mb/sr,
+                                         /R =   4.0554E-02
   157.00 deg.: X-S =   4.0885E-05 mb/sr,
+                                         /R =   5.1316E-02
   158.00 deg.: X-S =   7.1347E-05 mb/sr,
+                                         /R =   9.0173E-02
   159.00 deg.: X-S =     0.000115 mb/sr,
+                                         /R =   1.4589E-01
   160.00 deg.: X-S =     0.000157 mb/sr,
+                                         /R =   2.0076E-01
   161.00 deg.: X-S =     0.000183 mb/sr,
+                                         /R =   2.3611E-01
   162.00 deg.: X-S =     0.000184 mb/sr,
+                                         /R =   2.3851E-01
   163.00 deg.: X-S =     0.000157 mb/sr,
+                                         /R =   2.0495E-01
   164.00 deg.: X-S =     0.000111 mb/sr,
+                                         /R =   1.4502E-01
   165.00 deg.: X-S =   6.0415E-05 mb/sr,
+                                         /R =   7.9458E-02
   166.00 deg.: X-S =   2.6468E-05 mb/sr,
+                                         /R =   3.4966E-02
   167.00 deg.: X-S =   2.7681E-05 mb/sr,
+                                         /R =   3.6719E-02
   168.00 deg.: X-S =   7.5537E-05 mb/sr,
+                                         /R =   1.0059E-01
   169.00 deg.: X-S =     0.000170 mb/sr,
+                                         /R =   2.2735E-01
   170.00 deg.: X-S =     0.000299 mb/sr,
+                                         /R =   4.0077E-01
   171.00 deg.: X-S =     0.000439 mb/sr,
+                                         /R =   5.9036E-01
   172.00 deg.: X-S =     0.000563 mb/sr,
+                                         /R =   7.5832E-01
   173.00 deg.: X-S =     0.000643 mb/sr,
+                                         /R =   8.6902E-01
   174.00 deg.: X-S =     0.000664 mb/sr,
+                                         /R =   8.9845E-01
   175.00 deg.: X-S =     0.000620 mb/sr,
+                                         /R =   8.4109E-01
   176.00 deg.: X-S =     0.000524 mb/sr,
+                                         /R =   7.1214E-01
   177.00 deg.: X-S =     0.000400 mb/sr,
+                                         /R =   5.4439E-01
   178.00 deg.: X-S =     0.000280 mb/sr,
+                                         /R =   3.8033E-01
   179.00 deg.: X-S =     0.000192 mb/sr,
+                                         /R =   2.6159E-01
   179.99 deg.: X-S =     0.000160 mb/sr,
+                                         /R =   2.1835E-01
                                           Integrated********** mb, over [   0.000, 180.000] at   105.0000 MeV 
 Finished all xsecs @    4.68750000E-02

  The following files have been created:
   3:local copy of User input.            6:standard output.                   
  13:total cross sections/state.         39:cross sections for each Ecm.       
  40:all cross sectns. for each Elab.    56:Fusion for each Jtotal.            

 PARAMETERS : MAXQRN   MFNL   MLOC  LMAX1 MCLIST
    ALLOWED :      1      1      4    170      6
    REQUIRED:      0      0      4     17      4


 ACCURACY ANALYSIS at   105.000 MeV :

  Elastic h*k = 0.072 so OK       compared with 0.200

   Real(S-el) > 0.01 first at J =       0.5
   Real(S-el) > 0.10 first at J =       1.5
   Real(S-el) > 0.50 first at J =       4.5
   Real(S-el) > 0.90 first at J =       7.5
   Real(S-el) > 0.99 first at J =      10.5
   R-turn =     8.66 fm    at J =      15.5

 Forward-angle excitation cut off below   0.220 deg by max JT =      15.5
                              and below   0.039 deg by max R.

 Total CPU  0 time =       0.05 seconds
