 FRESCO - FRES 3.4: Coupled Reaction Channels
 Assuming NAMELIST input.

 Test reaction with generated potential                                          

   0.040  50.000   0.500   0.000   0.000   0.000   0.000   0.000   0.000   0.000

 Centre-of-mass Range is   1252 * 0.0400 fm., Maximum at  50.00 fm., Interpolating NL forms every  0.52 fm.
 Non - locality width is      4 * 0.0400 fm., Maximum of   0.12 fm., Centred at  0.00 fm.
 2-Nucleon Separation of      0 * 0.5200 fm., Maximum of   0.00 fm., Minimum at  0.00 fm.
 Maximum single particle bins of 49.9200 fm.
               M,Mint =         1251        1249


 Range of total J is     0.0 <= J <=   150.0 (at least     0.0) and Absorbtion =>     0.1000 mb.
 Dry Run = F, CC set limits =  0  0, Relativistic kinematics =  , Both/Far/Near Analyses =  1                     

 Cross Sections (and up to T0 for 0=projectile) for Theta from   0.0 to 180.0 in steps of  1.0 degrees, DGAM=0,  Coordinates = 0 (Mads)

 Lower Radial Cutoff = maximum of -1.60*L*h &       0.0 fm.,  Lower Cutoff for Couplings =   0.0  fm.


 Iterate Couplings between   0 and   0 times, to  0.000 % if sooner.                                          
  Block solved exactly =   0 chs., with Pade = 0 & Isocen =  =0, NOSOL = F, initwf =  0
  NL quadrature with   18 Gaussian points, Calculate multipoles up to   156 from   0
  M-transfers for lp+lt greater than or equal to  6, Angular Integration Cutoff below  2.7778 %


 Trace switches are :  CHANS =  0, LISTCC =  0, TRENEG =  0, CDETR =  0, SMATS =  0, XSTABL =  0, NLPL =  0

                       WAVES =  0, LAMPL =  0, VEFF =  0, KFUS =  0, WDISK =  0, BPM =  0, MELFIL =  0

                       CDCC =  0, NFUS =  0

 Using unit mass = 1.000000 amu and 1/fine-structure constant = 137.03599 ( 1.000000 * true ) with hc = 197.32705 MeV.fm,
  thus 2*amu/hbar^2 = 0.0478450 = 1/20.9008 and Coulomb constant = 0.1574855 so e^2 = 1.43997, and nuclear magneton= 0.1261183

 Now pre-scan input and save to file 3



 *********** PARTITION NUMBER  1 ******************************************************************************************

   PROJ=p          MASS=  1.0000 Z=   1.0,        # STATES=    1T, TARG=4He      MASS=  4.0000 Z=   2.0,     Q-VALUE =   0.0000 MEV.

     1:  J= 0.5+ (B# 1), E=  0.0000, K= 0.5              Potl#  1       J= 0.0+ (B# 1), E=  0.0000, K= 0.0    


 ************************************************************************************************************************************

 The following POTENTIALS are defined :

  KP#       TYPE      IT    SHAPE      at     V1        r1        a1        V2        r2        a2        A-in     A-used


                                            A#1       A#2        r0c       ac                                                h @ 1
    1    0=Coulomb       0=CHARGE (WS)  1     4.000     2.000    4.3872    0.0000    0.0000    0.0000     0.000    23.084   0.04000

    1    1=Volume        0=Woods-Saxon  2   15.7286    1.0485    0.6772   13.9313    1.0485    0.6772     0.000    23.084

    1    2=Surface       0=Woods-Saxon  3    0.0000    0.0000    0.0000    0.0172    1.3172    0.5208     0.000    23.084

    1    3=Projtl S.O.   0=Woods-Saxon  4    1.6943    0.7778    0.5900    0.0000    0.0000    0.0000     0.000    23.084

 Incoming partition  1 in excitation state # 1,   Laboratory Energy given for partition  1 Nucleus 1 in Excitation pair 1

0Lab. ENERGY ranges :

   from    305.000     to   0.00000     in     0 intervals
   from    0.00000     to   0.00000     in     0 intervals
   from    0.00000     to   0.00000     in     0 intervals

 Largest real,imaginary parts of any form factor at R=   49.60 are   2.90E-02  1.78E-29 MeV
 Finished all Couplings @    1.56250000E-02           4

 Symmetric Hamiltonian
1***********************************************************************************************************************************
************************************************************************************************************************************

        INCOMING p        ;    LABORATORY p        ENERGY =   305.00     MeV.

 ***********************************************************************************************************************************
 ***********************************************************************************************************************************


  NOTE: Coulomb excitation cut off below   0.014 deg by JTMAX, and below   0.014 deg by Rmax

 Allocate arrays for            2  channels, of which            1  need wfs.
 Reaction Xsec    23.5+/24 @ 1 =   0.054 , Out:   0.000#
 Reaction Xsec    23.5-/23 @ 1 =   0.085 , Out:   0.000#
 Finished all CC sets @    4.68750000E-02
0CUMULATIVE REACTION cross section                 =  228.53400  <L> =     7.73  <L**2> =     75.3
0CUMULATIVE outgoing cross sections in partition 1 :    0.00000
0Cumulative ABSORBTION by Imaginary Potentials     =  228.53400  <L> =     7.73  <L**2> =     75.3
   Fusion for specific p        M-states :  228.534001  228.534001
0CUMULATIVE OUTGOING cross section                 =    0.00000
 To convert to S-factors (MeV.mb = keV.b),  multiply by  2.7328E+02


 CROSS SECTIONS FOR OUTGOING p        & 4He      in state #   1 with spins & parities 0.5  + &  0.0  +;  0

     0.01 deg.: X-S =   1.5013E+12 mb/sr,
+                                         /R =   9.9995E-01
     1.00 deg.: X-S =   1.0085E+04 mb/sr,
+                                         /R =   6.7172E-01
     2.00 deg.: X-S =   539.227758 mb/sr,
+                                         /R =   5.7455E-01
     3.00 deg.: X-S =   549.285871 mb/sr,
+                                         /R =   2.9622E+00
     4.00 deg.: X-S =   622.952574 mb/sr,
+                                         /R =   1.0614E+01
     5.00 deg.: X-S =   619.964071 mb/sr,
+                                         /R =   2.5776E+01
     6.00 deg.: X-S =   571.631656 mb/sr,
+                                         /R =   4.9255E+01
     7.00 deg.: X-S =   501.192420 mb/sr,
+                                         /R =   7.9954E+01
     8.00 deg.: X-S =   422.845409 mb/sr,
+                                         /R =   1.1499E+02
     9.00 deg.: X-S =   345.336949 mb/sr,
+                                         /R =   1.5030E+02
    10.00 deg.: X-S =   273.916251 mb/sr,
+                                         /R =   1.8153E+02
    11.00 deg.: X-S =   211.409063 mb/sr,
+                                         /R =   2.0490E+02
    12.00 deg.: X-S =   158.924938 mb/sr,
+                                         /R =   2.1790E+02
    13.00 deg.: X-S =   116.398860 mb/sr,
+                                         /R =   2.1954E+02
    14.00 deg.: X-S =    83.027575 mb/sr,
+                                         /R =   2.1035E+02
    15.00 deg.: X-S =    57.612488 mb/sr,
+                                         /R =   1.9206E+02
    16.00 deg.: X-S =    38.811896 mb/sr,
+                                         /R =   1.6723E+02
    17.00 deg.: X-S =    25.309885 mb/sr,
+                                         /R =   1.3875E+02
    18.00 deg.: X-S =    15.915503 mb/sr,
+                                         /R =   1.0947E+02
    19.00 deg.: X-S =     9.609324 mb/sr,
+                                         /R =   8.1897E+01
    20.00 deg.: X-S =     5.554431 mb/sr,
+                                         /R =   5.8004E+01
    21.00 deg.: X-S =     3.086254 mb/sr,
+                                         /R =   3.9093E+01
    22.00 deg.: X-S =     1.692061 mb/sr,
+                                         /R =   2.5760E+01
    23.00 deg.: X-S =     0.987217 mb/sr,
+                                         /R =   1.7913E+01
    24.00 deg.: X-S =     0.692261 mb/sr,
+                                         /R =   1.4857E+01
    25.00 deg.: X-S =     0.612566 mb/sr,
+                                         /R =   1.5440E+01
    26.00 deg.: X-S =     0.620817 mb/sr,
+                                         /R =   1.8258E+01
    27.00 deg.: X-S =     0.641815 mb/sr,
+                                         /R =   2.1892E+01
    28.00 deg.: X-S =     0.638955 mb/sr,
+                                         /R =   2.5137E+01
    29.00 deg.: X-S =     0.602031 mb/sr,
+                                         /R =   2.7174E+01
    30.00 deg.: X-S =     0.536511 mb/sr,
+                                         /R =   2.7650E+01
    31.00 deg.: X-S =     0.454732 mb/sr,
+                                         /R =   2.6637E+01
    32.00 deg.: X-S =     0.369555 mb/sr,
+                                         /R =   2.4500E+01
    33.00 deg.: X-S =     0.290695 mb/sr,
+                                         /R =   2.1724E+01
    34.00 deg.: X-S =     0.223475 mb/sr,
+                                         /R =   1.8755E+01
    35.00 deg.: X-S =     0.169340 mb/sr,
+                                         /R =   1.5902E+01
    36.00 deg.: X-S =     0.127226 mb/sr,
+                                         /R =   1.3324E+01
    37.00 deg.: X-S =     0.095010 mb/sr,
+                                         /R =   1.1061E+01
    38.00 deg.: X-S =     0.070525 mb/sr,
+                                         /R =   9.1001E+00
    39.00 deg.: X-S =     0.052033 mb/sr,
+                                         /R =   7.4198E+00
    40.00 deg.: X-S =     0.038272 mb/sr,
+                                         /R =   6.0148E+00
    41.00 deg.: X-S =     0.028317 mb/sr,
+                                         /R =   4.8920E+00
    42.00 deg.: X-S =     0.021434 mb/sr,
+                                         /R =   4.0603E+00
    43.00 deg.: X-S =     0.016987 mb/sr,
+                                         /R =   3.5201E+00
    44.00 deg.: X-S =     0.014400 mb/sr,
+                                         /R =   3.2570E+00
    45.00 deg.: X-S =     0.013134 mb/sr,
+                                         /R =   3.2351E+00
    46.00 deg.: X-S =     0.012656 mb/sr,
+                                         /R =   3.3881E+00
    47.00 deg.: X-S =     0.012446 mb/sr,
+                                         /R =   3.6138E+00
    48.00 deg.: X-S =     0.012040 mb/sr,
+                                         /R =   3.7846E+00
    49.00 deg.: X-S =     0.011121 mb/sr,
+                                         /R =   3.7774E+00
    50.00 deg.: X-S =     0.009597 mb/sr,
+                                         /R =   3.5163E+00
    51.00 deg.: X-S =     0.007622 mb/sr,
+                                         /R =   3.0072E+00
    52.00 deg.: X-S =     0.005522 mb/sr,
+                                         /R =   2.3421E+00
    53.00 deg.: X-S =     0.003657 mb/sr,
+                                         /R =   1.6649E+00
    54.00 deg.: X-S =     0.002278 mb/sr,
+                                         /R =   1.1113E+00
    55.00 deg.: X-S =     0.001444 mb/sr,
+                                         /R =   7.5384E-01
    56.00 deg.: X-S =     0.001039 mb/sr,
+                                         /R =   5.7992E-01
    57.00 deg.: X-S =     0.000862 mb/sr,
+                                         /R =   5.1342E-01
    58.00 deg.: X-S =     0.000734 mb/sr,
+                                         /R =   4.6581E-01
    59.00 deg.: X-S =     0.000569 mb/sr,
+                                         /R =   3.8452E-01
    60.00 deg.: X-S =     0.000378 mb/sr,
+                                         /R =   2.7136E-01
    61.00 deg.: X-S =     0.000215 mb/sr,
+                                         /R =   1.6411E-01
    62.00 deg.: X-S =     0.000122 mb/sr,
+                                         /R =   9.8649E-02
    63.00 deg.: X-S =   9.3937E-05 mb/sr,
+                                         /R =   8.0411E-02
    64.00 deg.: X-S =   9.3419E-05 mb/sr,
+                                         /R =   8.4608E-02
    65.00 deg.: X-S =   8.6100E-05 mb/sr,
+                                         /R =   8.2415E-02
    66.00 deg.: X-S =   6.9833E-05 mb/sr,
+                                         /R =   7.0572E-02
    67.00 deg.: X-S =   7.4383E-05 mb/sr,
+                                         /R =   7.9281E-02
    68.00 deg.: X-S =     0.000133 mb/sr,
+                                         /R =   1.4971E-01
    69.00 deg.: X-S =     0.000251 mb/sr,
+                                         /R =   2.9624E-01
    70.00 deg.: X-S =     0.000388 mb/sr,
+                                         /R =   4.8202E-01
    71.00 deg.: X-S =     0.000482 mb/sr,
+                                         /R =   6.2938E-01
    72.00 deg.: X-S =     0.000483 mb/sr,
+                                         /R =   6.6254E-01
    73.00 deg.: X-S =     0.000387 mb/sr,
+                                         /R =   5.5605E-01
    74.00 deg.: X-S =     0.000236 mb/sr,
+                                         /R =   3.5573E-01
    75.00 deg.: X-S =   9.8554E-05 mb/sr,
+                                         /R =   1.5545E-01
    76.00 deg.: X-S =   2.5708E-05 mb/sr,
+                                         /R =   4.2419E-02
    77.00 deg.: X-S =   2.6658E-05 mb/sr,
+                                         /R =   4.5980E-02
    78.00 deg.: X-S =   6.8694E-05 mb/sr,
+                                         /R =   1.2375E-01
    79.00 deg.: X-S =     0.000103 mb/sr,
+                                         /R =   1.9456E-01
    80.00 deg.: X-S =   9.9936E-05 mb/sr,
+                                         /R =   1.9594E-01
    81.00 deg.: X-S =   6.2076E-05 mb/sr,
+                                         /R =   1.2683E-01
    82.00 deg.: X-S =   2.1590E-05 mb/sr,
+                                         /R =   4.5936E-02
    83.00 deg.: X-S =   1.2147E-05 mb/sr,
+                                         /R =   2.6894E-02
    84.00 deg.: X-S =   4.4236E-05 mb/sr,
+                                         /R =   1.0185E-01
    85.00 deg.: X-S =   9.7729E-05 mb/sr,
+                                         /R =   2.3383E-01
    86.00 deg.: X-S =     0.000136 mb/sr,
+                                         /R =   3.3889E-01
    87.00 deg.: X-S =     0.000133 mb/sr,
+                                         /R =   3.4404E-01
    88.00 deg.: X-S =   8.9961E-05 mb/sr,
+                                         /R =   2.4059E-01
    89.00 deg.: X-S =   3.4154E-05 mb/sr,
+                                         /R =   9.4673E-02
    90.00 deg.: X-S =   1.7672E-06 mb/sr,
+                                         /R =   5.0741E-03
    91.00 deg.: X-S =   1.2105E-05 mb/sr,
+                                         /R =   3.5982E-02
    92.00 deg.: X-S =   5.5597E-05 mb/sr,
+                                         /R =   1.7097E-01
    93.00 deg.: X-S =     0.000101 mb/sr,
+                                         /R =   3.2147E-01
    94.00 deg.: X-S =     0.000117 mb/sr,
+                                         /R =   3.8589E-01
    95.00 deg.: X-S =   9.4247E-05 mb/sr,
+                                         /R =   3.1984E-01
    96.00 deg.: X-S =   4.8127E-05 mb/sr,
+                                         /R =   1.6858E-01
    97.00 deg.: X-S =   1.0478E-05 mb/sr,
+                                         /R =   3.7865E-02
    98.00 deg.: X-S =   5.7492E-06 mb/sr,
+                                         /R =   2.1422E-02
    99.00 deg.: X-S =   3.5120E-05 mb/sr,
+                                         /R =   1.3486E-01
   100.00 deg.: X-S =   7.6473E-05 mb/sr,
+                                         /R =   3.0245E-01
   101.00 deg.: X-S =     0.000100 mb/sr,
+                                         /R =   4.0796E-01
   102.00 deg.: X-S =   8.9669E-05 mb/sr,
+                                         /R =   3.7566E-01
   103.00 deg.: X-S =   5.2360E-05 mb/sr,
+                                         /R =   2.2559E-01
   104.00 deg.: X-S =   1.4228E-05 mb/sr,
+                                         /R =   6.3009E-02
   105.00 deg.: X-S =   1.5755E-06 mb/sr,
+                                         /R =   7.1682E-03
   106.00 deg.: X-S =   2.2978E-05 mb/sr,
+                                         /R =   1.0736E-01
   107.00 deg.: X-S =   6.3603E-05 mb/sr,
+                                         /R =   3.0502E-01
   108.00 deg.: X-S =   9.5594E-05 mb/sr,
+                                         /R =   4.7032E-01
   109.00 deg.: X-S =   9.7203E-05 mb/sr,
+                                         /R =   4.9041E-01
   110.00 deg.: X-S =   6.7522E-05 mb/sr,
+                                         /R =   3.4917E-01
   111.00 deg.: X-S =   2.6839E-05 mb/sr,
+                                         /R =   1.4219E-01
   112.00 deg.: X-S =   2.5731E-06 mb/sr,
+                                         /R =   1.3960E-02
   113.00 deg.: X-S =   1.0536E-05 mb/sr,
+                                         /R =   5.8513E-02
   114.00 deg.: X-S =   4.4336E-05 mb/sr,
+                                         /R =   2.5192E-01
   115.00 deg.: X-S =   8.0042E-05 mb/sr,
+                                         /R =   4.6513E-01
   116.00 deg.: X-S =   9.2778E-05 mb/sr,
+                                         /R =   5.5114E-01
   117.00 deg.: X-S =   7.3789E-05 mb/sr,
+                                         /R =   4.4791E-01
   118.00 deg.: X-S =   3.6329E-05 mb/sr,
+                                         /R =   2.2524E-01
   119.00 deg.: X-S =   6.4152E-06 mb/sr,
+                                         /R =   4.0609E-02
   120.00 deg.: X-S =   4.8598E-06 mb/sr,
+                                         /R =   3.1396E-02
   121.00 deg.: X-S =   3.2926E-05 mb/sr,
+                                         /R =   2.1700E-01
   122.00 deg.: X-S =   7.1436E-05 mb/sr,
+                                         /R =   4.8010E-01
   123.00 deg.: X-S =   9.3934E-05 mb/sr,
+                                         /R =   6.4351E-01
   124.00 deg.: X-S =   8.4884E-05 mb/sr,
+                                         /R =   5.9251E-01
   125.00 deg.: X-S =   5.0425E-05 mb/sr,
+                                         /R =   3.5850E-01
   126.00 deg.: X-S =   1.4278E-05 mb/sr,
+                                         /R =   1.0335E-01
   127.00 deg.: X-S =   1.5370E-06 mb/sr,
+                                         /R =   1.1323E-02
   128.00 deg.: X-S =   2.1404E-05 mb/sr,
+                                         /R =   1.6043E-01
   129.00 deg.: X-S =   6.0711E-05 mb/sr,
+                                         /R =   4.6276E-01
   130.00 deg.: X-S =   9.2763E-05 mb/sr,
+                                         /R =   7.1881E-01
   131.00 deg.: X-S =   9.5577E-05 mb/sr,
+                                         /R =   7.5263E-01
   132.00 deg.: X-S =   6.7078E-05 mb/sr,
+                                         /R =   5.3658E-01
   133.00 deg.: X-S =   2.6771E-05 mb/sr,
+                                         /R =   2.1746E-01
   134.00 deg.: X-S =   2.5803E-06 mb/sr,
+                                         /R =   2.1277E-02
   135.00 deg.: X-S =   1.1697E-05 mb/sr,
+                                         /R =   9.7878E-02
   136.00 deg.: X-S =   4.8532E-05 mb/sr,
+                                         /R =   4.1193E-01
   137.00 deg.: X-S =   8.8188E-05 mb/sr,
+                                         /R =   7.5903E-01
   138.00 deg.: X-S =     0.000103 mb/sr,
+                                         /R =   9.0176E-01
   139.00 deg.: X-S =   8.3234E-05 mb/sr,
+                                         /R =   7.3585E-01
   140.00 deg.: X-S =   4.1437E-05 mb/sr,
+                                         /R =   3.7108E-01
   141.00 deg.: X-S =   7.2142E-06 mb/sr,
+                                         /R =   6.5420E-02
   142.00 deg.: X-S =   5.5558E-06 mb/sr,
+                                         /R =   5.0999E-02
   143.00 deg.: X-S =   3.9669E-05 mb/sr,
+                                         /R =   3.6848E-01
   144.00 deg.: X-S =   8.7994E-05 mb/sr,
+                                         /R =   8.2683E-01
   145.00 deg.: X-S =     0.000118 mb/sr,
+                                         /R =   1.1240E+00
   146.00 deg.: X-S =     0.000110 mb/sr,
+                                         /R =   1.0530E+00
   147.00 deg.: X-S =   6.7340E-05 mb/sr,
+                                         /R =   6.5367E-01
   148.00 deg.: X-S =   2.0377E-05 mb/sr,
+                                         /R =   1.9982E-01
   149.00 deg.: X-S =   2.1687E-06 mb/sr,
+                                         /R =   2.1477E-02
   150.00 deg.: X-S =   2.7591E-05 mb/sr,
+                                         /R =   2.7586E-01
   151.00 deg.: X-S =   8.1789E-05 mb/sr,
+                                         /R =   8.2527E-01
   152.00 deg.: X-S =     0.000129 mb/sr,
+                                         /R =   1.3145E+00
   153.00 deg.: X-S =     0.000137 mb/sr,
+                                         /R =   1.4071E+00
   154.00 deg.: X-S =   9.9004E-05 mb/sr,
+                                         /R =   1.0249E+00
   155.00 deg.: X-S =   4.0614E-05 mb/sr,
+                                         /R =   4.2378E-01
   156.00 deg.: X-S =   3.7327E-06 mb/sr,
+                                         /R =   3.9244E-02
   157.00 deg.: X-S =   1.8239E-05 mb/sr,
+                                         /R =   1.9316E-01
   158.00 deg.: X-S =   8.0270E-05 mb/sr,
+                                         /R =   8.5601E-01
   159.00 deg.: X-S =     0.000152 mb/sr,
+                                         /R =   1.6361E+00
   160.00 deg.: X-S =     0.000187 mb/sr,
+                                         /R =   2.0227E+00
   161.00 deg.: X-S =     0.000160 mb/sr,
+                                         /R =   1.7354E+00
   162.00 deg.: X-S =   8.6543E-05 mb/sr,
+                                         /R =   9.4590E-01
   163.00 deg.: X-S =   1.8674E-05 mb/sr,
+                                         /R =   2.0521E-01
   164.00 deg.: X-S =   8.9170E-06 mb/sr,
+                                         /R =   9.8484E-02
   165.00 deg.: X-S =   7.5541E-05 mb/sr,
+                                         /R =   8.3828E-01
   166.00 deg.: X-S =     0.000186 mb/sr,
+                                         /R =   2.0711E+00
   167.00 deg.: X-S =     0.000273 mb/sr,
+                                         /R =   3.0538E+00
   168.00 deg.: X-S =     0.000278 mb/sr,
+                                         /R =   3.1216E+00
   169.00 deg.: X-S =     0.000192 mb/sr,
+                                         /R =   2.1649E+00
   170.00 deg.: X-S =   7.0410E-05 mb/sr,
+                                         /R =   7.9643E-01
   171.00 deg.: X-S =   5.2527E-06 mb/sr,
+                                         /R =   5.9588E-02
   172.00 deg.: X-S =   7.1546E-05 mb/sr,
+                                         /R =   8.1374E-01
   173.00 deg.: X-S =     0.000277 mb/sr,
+                                         /R =   3.1535E+00
   174.00 deg.: X-S =     0.000546 mb/sr,
+                                         /R =   6.2322E+00
   175.00 deg.: X-S =     0.000755 mb/sr,
+                                         /R =   8.6405E+00
   176.00 deg.: X-S =     0.000800 mb/sr,
+                                         /R =   9.1612E+00
   177.00 deg.: X-S =     0.000652 mb/sr,
+                                         /R =   7.4780E+00
   178.00 deg.: X-S =     0.000385 mb/sr,
+                                         /R =   4.4184E+00
   179.00 deg.: X-S =     0.000136 mb/sr,
+                                         /R =   1.5608E+00
   179.99 deg.: X-S =   3.5249E-05 mb/sr,
+                                         /R =   4.0484E-01
                                           Integrated********** mb, over [   0.000, 180.000] at   305.0000 MeV 
 Finished all xsecs @    7.81250000E-02

  The following files have been created:
   3:local copy of User input.            6:standard output.                   
  13:total cross sections/state.         39:cross sections for each Ecm.       
  40:all cross sectns. for each Elab.    56:Fusion for each Jtotal.            

 PARAMETERS : MAXQRN   MFNL   MLOC  LMAX1 MCLIST
    ALLOWED :      1      1      4    170      6
    REQUIRED:      0      0      4     25      4


 ACCURACY ANALYSIS at   305.000 MeV :

  Elastic h*k = 0.122 so OK       compared with 0.200

   Real(S-el) > 0.01 first at J =       0.5
   Real(S-el) > 0.10 first at J =       0.5
   Real(S-el) > 0.50 first at J =       1.5
   Real(S-el) > 0.90 first at J =      10.5
   Real(S-el) > 0.99 first at J =      16.5
   R-turn =     7.69 fm    at J =      23.5

 Forward-angle excitation cut off below   0.086 deg by max JT =      23.5
                              and below   0.014 deg by max R.

 Total CPU  0 time =       0.08 seconds
