 FRESCO - FRES 3.4: Coupled Reaction Channels
 Assuming NAMELIST input.

 Test reaction with generated potential                                          

   0.040  50.000   0.500   0.000   0.000   0.000   0.000   0.000   0.000   0.000

 Centre-of-mass Range is   1252 * 0.0400 fm., Maximum at  50.00 fm., Interpolating NL forms every  0.52 fm.
 Non - locality width is      4 * 0.0400 fm., Maximum of   0.12 fm., Centred at  0.00 fm.
 2-Nucleon Separation of      0 * 0.5200 fm., Maximum of   0.00 fm., Minimum at  0.00 fm.
 Maximum single particle bins of 49.9200 fm.
               M,Mint =         1251        1249


 Range of total J is     0.0 <= J <=   150.0 (at least     0.0) and Absorbtion =>     0.1000 mb.
 Dry Run = F, CC set limits =  0  0, Relativistic kinematics =  , Both/Far/Near Analyses =  1                     

 Cross Sections (and up to T0 for 0=projectile) for Theta from   0.0 to 180.0 in steps of  1.0 degrees, DGAM=0,  Coordinates = 0 (Mads)

 Lower Radial Cutoff = maximum of -1.60*L*h &       0.0 fm.,  Lower Cutoff for Couplings =   0.0  fm.


 Iterate Couplings between   0 and   0 times, to  0.000 % if sooner.                                          
  Block solved exactly =   0 chs., with Pade = 0 & Isocen =  =0, NOSOL = F, initwf =  0
  NL quadrature with   18 Gaussian points, Calculate multipoles up to   156 from   0
  M-transfers for lp+lt greater than or equal to  6, Angular Integration Cutoff below  2.7778 %


 Trace switches are :  CHANS =  0, LISTCC =  0, TRENEG =  0, CDETR =  0, SMATS =  0, XSTABL =  0, NLPL =  0

                       WAVES =  0, LAMPL =  0, VEFF =  0, KFUS =  0, WDISK =  0, BPM =  0, MELFIL =  0

                       CDCC =  0, NFUS =  0

 Using unit mass = 1.000000 amu and 1/fine-structure constant = 137.03599 ( 1.000000 * true ) with hc = 197.32705 MeV.fm,
  thus 2*amu/hbar^2 = 0.0478450 = 1/20.9008 and Coulomb constant = 0.1574855 so e^2 = 1.43997, and nuclear magneton= 0.1261183

 Now pre-scan input and save to file 3



 *********** PARTITION NUMBER  1 ******************************************************************************************

   PROJ=p          MASS=  1.0000 Z=   1.0,        # STATES=    1T, TARG=4He      MASS=  4.0000 Z=   2.0,     Q-VALUE =   0.0000 MEV.

     1:  J= 0.5+ (B# 1), E=  0.0000, K= 0.5              Potl#  1       J= 0.0+ (B# 1), E=  0.0000, K= 0.0    


 ************************************************************************************************************************************

 The following POTENTIALS are defined :

  KP#       TYPE      IT    SHAPE      at     V1        r1        a1        V2        r2        a2        A-in     A-used


                                            A#1       A#2        r0c       ac                                                h @ 1
    1    0=Coulomb       0=CHARGE (WS)  1     4.000     2.000    4.3872    0.0000    0.0000    0.0000     0.000    23.084   0.04000

    1    1=Volume        0=Woods-Saxon  2   12.7464    1.0485    0.6772   13.7047    1.0485    0.6772     0.000    23.084

    1    2=Surface       0=Woods-Saxon  3    0.0000    0.0000    0.0000    0.0412    1.3172    0.5208     0.000    23.084

    1    3=Projtl S.O.   0=Woods-Saxon  4    1.9883    0.7778    0.5900    0.0000    0.0000    0.0000     0.000    23.084

 Incoming partition  1 in excitation state # 1,   Laboratory Energy given for partition  1 Nucleus 1 in Excitation pair 1

0Lab. ENERGY ranges :

   from    265.000     to   0.00000     in     0 intervals
   from    0.00000     to   0.00000     in     0 intervals
   from    0.00000     to   0.00000     in     0 intervals

 Largest real,imaginary parts of any form factor at R=   49.60 are   2.90E-02  1.75E-29 MeV
 Finished all Couplings @    1.56250000E-02           4

 Symmetric Hamiltonian
1***********************************************************************************************************************************
************************************************************************************************************************************

        INCOMING p        ;    LABORATORY p        ENERGY =   265.00     MeV.

 ***********************************************************************************************************************************
 ***********************************************************************************************************************************


  NOTE: Coulomb excitation cut off below   0.015 deg by JTMAX, and below   0.016 deg by Rmax

 Allocate arrays for            2  channels, of which            1  need wfs.
 Reaction Xsec    21.5-/21 @ 1 =   0.117 , Out:   0.000#
 Reaction Xsec    22.5+/22 @ 1 =   0.075 , Out:   0.000#
 Finished all CC sets @    3.12500000E-02
0CUMULATIVE REACTION cross section                 =  238.67868  <L> =     7.21  <L**2> =     65.6
0CUMULATIVE outgoing cross sections in partition 1 :    0.00000
0Cumulative ABSORBTION by Imaginary Potentials     =  238.67868  <L> =     7.21  <L**2> =     65.6
   Fusion for specific p        M-states :  327.724777  327.724777
0CUMULATIVE OUTGOING cross section                 =    0.00000
 To convert to S-factors (MeV.mb = keV.b),  multiply by  2.3940E+02


 CROSS SECTIONS FOR OUTGOING p        & 4He      in state #   1 with spins & parities 0.5  + &  0.0  +;  0

     0.01 deg.: X-S =   1.9887E+12 mb/sr,
+                                         /R =   9.9997E-01
     1.00 deg.: X-S =   1.4862E+04 mb/sr,
+                                         /R =   7.4726E-01
     2.00 deg.: X-S =   671.447483 mb/sr,
+                                         /R =   5.4008E-01
     3.00 deg.: X-S =   437.747775 mb/sr,
+                                         /R =   1.7821E+00
     4.00 deg.: X-S =   487.822625 mb/sr,
+                                         /R =   6.2743E+00
     5.00 deg.: X-S =   497.705651 mb/sr,
+                                         /R =   1.5621E+01
     6.00 deg.: X-S =   471.637544 mb/sr,
+                                         /R =   3.0679E+01
     7.00 deg.: X-S =   425.208328 mb/sr,
+                                         /R =   5.1207E+01
     8.00 deg.: X-S =   369.347978 mb/sr,
+                                         /R =   7.5823E+01
     9.00 deg.: X-S =   311.180282 mb/sr,
+                                         /R =   1.0224E+02
    10.00 deg.: X-S =   255.258932 mb/sr,
+                                         /R =   1.2770E+02
    11.00 deg.: X-S =   204.334264 mb/sr,
+                                         /R =   1.4951E+02
    12.00 deg.: X-S =   159.849178 mb/sr,
+                                         /R =   1.6545E+02
    13.00 deg.: X-S =   122.304984 mb/sr,
+                                         /R =   1.7414E+02
    14.00 deg.: X-S =    91.555022 mb/sr,
+                                         /R =   1.7510E+02
    15.00 deg.: X-S =    67.043601 mb/sr,
+                                         /R =   1.6872E+02
    16.00 deg.: X-S =    47.993923 mb/sr,
+                                         /R =   1.5611E+02
    17.00 deg.: X-S =    33.547082 mb/sr,
+                                         /R =   1.3883E+02
    18.00 deg.: X-S =    22.856734 mb/sr,
+                                         /R =   1.1868E+02
    19.00 deg.: X-S =    15.146744 mb/sr,
+                                         /R =   9.7450E+01
    20.00 deg.: X-S =     9.740443 mb/sr,
+                                         /R =   7.6787E+01
    21.00 deg.: X-S =     6.069975 mb/sr,
+                                         /R =   5.8043E+01
    22.00 deg.: X-S =     3.673050 mb/sr,
+                                         /R =   4.2213E+01
    23.00 deg.: X-S =     2.182760 mb/sr,
+                                         /R =   2.9899E+01
    24.00 deg.: X-S =     1.314533 mb/sr,
+                                         /R =   2.1297E+01
    25.00 deg.: X-S =     0.852789 mb/sr,
+                                         /R =   1.6226E+01
    26.00 deg.: X-S =     0.638740 mb/sr,
+                                         /R =   1.4181E+01
    27.00 deg.: X-S =     0.559815 mb/sr,
+                                         /R =   1.4415E+01
    28.00 deg.: X-S =     0.540640 mb/sr,
+                                         /R =   1.6056E+01
    29.00 deg.: X-S =     0.535174 mb/sr,
+                                         /R =   1.8236E+01
    30.00 deg.: X-S =     0.519608 mb/sr,
+                                         /R =   2.0216E+01
    31.00 deg.: X-S =     0.485829 mb/sr,
+                                         /R =   2.1484E+01
    32.00 deg.: X-S =     0.435521 mb/sr,
+                                         /R =   2.1797E+01
    33.00 deg.: X-S =     0.375170 mb/sr,
+                                         /R =   2.1165E+01
    34.00 deg.: X-S =     0.312295 mb/sr,
+                                         /R =   1.9785E+01
    35.00 deg.: X-S =     0.253079 mb/sr,
+                                         /R =   1.7941E+01
    36.00 deg.: X-S =     0.201337 mb/sr,
+                                         /R =   1.5918E+01
    37.00 deg.: X-S =     0.158534 mb/sr,
+                                         /R =   1.3933E+01
    38.00 deg.: X-S =     0.124405 mb/sr,
+                                         /R =   1.2118E+01
    39.00 deg.: X-S =     0.097750 mb/sr,
+                                         /R =   1.0523E+01
    40.00 deg.: X-S =     0.077096 mb/sr,
+                                         /R =   9.1468E+00
    41.00 deg.: X-S =     0.061090 mb/sr,
+                                         /R =   7.9671E+00
    42.00 deg.: X-S =     0.048646 mb/sr,
+                                         /R =   6.9565E+00
    43.00 deg.: X-S =     0.038938 mb/sr,
+                                         /R =   6.0912E+00
    44.00 deg.: X-S =     0.031354 mb/sr,
+                                         /R =   5.3533E+00
    45.00 deg.: X-S =     0.025449 mb/sr,
+                                         /R =   4.7321E+00
    46.00 deg.: X-S =     0.020909 mb/sr,
+                                         /R =   4.2254E+00
    47.00 deg.: X-S =     0.017512 mb/sr,
+                                         /R =   3.8386E+00
    48.00 deg.: X-S =     0.015076 mb/sr,
+                                         /R =   3.5774E+00
    49.00 deg.: X-S =     0.013393 mb/sr,
+                                         /R =   3.4342E+00
    50.00 deg.: X-S =     0.012206 mb/sr,
+                                         /R =   3.3759E+00
    51.00 deg.: X-S =     0.011218 mb/sr,
+                                         /R =   3.3411E+00
    52.00 deg.: X-S =     0.010162 mb/sr,
+                                         /R =   3.2537E+00
    53.00 deg.: X-S =     0.008871 mb/sr,
+                                         /R =   3.0488E+00
    54.00 deg.: X-S =     0.007331 mb/sr,
+                                         /R =   2.7000E+00
    55.00 deg.: X-S =     0.005669 mb/sr,
+                                         /R =   2.2343E+00
    56.00 deg.: X-S =     0.004091 mb/sr,
+                                         /R =   1.7228E+00
    57.00 deg.: X-S =     0.002786 mb/sr,
+                                         /R =   1.2524E+00
    58.00 deg.: X-S =     0.001857 mb/sr,
+                                         /R =   8.8955E-01
    59.00 deg.: X-S =     0.001287 mb/sr,
+                                         /R =   6.5597E-01
    60.00 deg.: X-S =     0.000971 mb/sr,
+                                         /R =   5.2644E-01
    61.00 deg.: X-S =     0.000782 mb/sr,
+                                         /R =   4.5005E-01
    62.00 deg.: X-S =     0.000624 mb/sr,
+                                         /R =   3.8087E-01
    63.00 deg.: X-S =     0.000466 mb/sr,
+                                         /R =   3.0088E-01
    64.00 deg.: X-S =     0.000326 mb/sr,
+                                         /R =   2.2258E-01
    65.00 deg.: X-S =     0.000238 mb/sr,
+                                         /R =   1.7219E-01
    66.00 deg.: X-S =     0.000217 mb/sr,
+                                         /R =   1.6546E-01
    67.00 deg.: X-S =     0.000240 mb/sr,
+                                         /R =   1.9294E-01
    68.00 deg.: X-S =     0.000264 mb/sr,
+                                         /R =   2.2416E-01
    69.00 deg.: X-S =     0.000256 mb/sr,
+                                         /R =   2.2814E-01
    70.00 deg.: X-S =     0.000209 mb/sr,
+                                         /R =   1.9597E-01
    71.00 deg.: X-S =     0.000152 mb/sr,
+                                         /R =   1.4976E-01
    72.00 deg.: X-S =     0.000126 mb/sr,
+                                         /R =   1.3047E-01
    73.00 deg.: X-S =     0.000158 mb/sr,
+                                         /R =   1.7105E-01
    74.00 deg.: X-S =     0.000239 mb/sr,
+                                         /R =   2.7162E-01
    75.00 deg.: X-S =     0.000330 mb/sr,
+                                         /R =   3.9335E-01
    76.00 deg.: X-S =     0.000383 mb/sr,
+                                         /R =   4.7684E-01
    77.00 deg.: X-S =     0.000365 mb/sr,
+                                         /R =   4.7538E-01
    78.00 deg.: X-S =     0.000282 mb/sr,
+                                         /R =   3.8348E-01
    79.00 deg.: X-S =     0.000171 mb/sr,
+                                         /R =   2.4262E-01
    80.00 deg.: X-S =   8.0771E-05 mb/sr,
+                                         /R =   1.1955E-01
    81.00 deg.: X-S =   4.4721E-05 mb/sr,
+                                         /R =   6.8979E-02
    82.00 deg.: X-S =   6.3872E-05 mb/sr,
+                                         /R =   1.0259E-01
    83.00 deg.: X-S =     0.000110 mb/sr,
+                                         /R =   1.8336E-01
    84.00 deg.: X-S =     0.000143 mb/sr,
+                                         /R =   2.4899E-01
    85.00 deg.: X-S =     0.000139 mb/sr,
+                                         /R =   2.5053E-01
    86.00 deg.: X-S =   9.7440E-05 mb/sr,
+                                         /R =   1.8277E-01
    87.00 deg.: X-S =   4.4850E-05 mb/sr,
+                                         /R =   8.7305E-02
    88.00 deg.: X-S =   1.2949E-05 mb/sr,
+                                         /R =   2.6143E-02
    89.00 deg.: X-S =   1.9971E-05 mb/sr,
+                                         /R =   4.1791E-02
    90.00 deg.: X-S =   5.9451E-05 mb/sr,
+                                         /R =   1.2886E-01
    91.00 deg.: X-S =     0.000105 mb/sr,
+                                         /R =   2.3551E-01
    92.00 deg.: X-S =     0.000127 mb/sr,
+                                         /R =   2.9475E-01
    93.00 deg.: X-S =     0.000111 mb/sr,
+                                         /R =   2.6679E-01
    94.00 deg.: X-S =   6.6888E-05 mb/sr,
+                                         /R =   1.6592E-01
    95.00 deg.: X-S =   2.1123E-05 mb/sr,
+                                         /R =   5.4115E-02
    96.00 deg.: X-S =   1.5937E-06 mb/sr,
+                                         /R =   4.2143E-03
    97.00 deg.: X-S =   1.9928E-05 mb/sr,
+                                         /R =   5.4364E-02
    98.00 deg.: X-S =   6.4787E-05 mb/sr,
+                                         /R =   1.8224E-01
    99.00 deg.: X-S =     0.000109 mb/sr,
+                                         /R =   3.1597E-01
   100.00 deg.: X-S =     0.000126 mb/sr,
+                                         /R =   3.7651E-01
   101.00 deg.: X-S =     0.000106 mb/sr,
+                                         /R =   3.2620E-01
   102.00 deg.: X-S =   6.1186E-05 mb/sr,
+                                         /R =   1.9350E-01
   103.00 deg.: X-S =   1.7736E-05 mb/sr,
+                                         /R =   5.7685E-02
   104.00 deg.: X-S =   4.3188E-07 mb/sr,
+                                         /R =   1.4439E-03
   105.00 deg.: X-S =   1.7474E-05 mb/sr,
+                                         /R =   6.0019E-02
   106.00 deg.: X-S =   5.6203E-05 mb/sr,
+                                         /R =   1.9824E-01
   107.00 deg.: X-S =   9.1354E-05 mb/sr,
+                                         /R =   3.3073E-01
   108.00 deg.: X-S =     0.000101 mb/sr,
+                                         /R =   3.7411E-01
   109.00 deg.: X-S =   7.8641E-05 mb/sr,
+                                         /R =   2.9952E-01
   110.00 deg.: X-S =   3.9093E-05 mb/sr,
+                                         /R =   1.5261E-01
   111.00 deg.: X-S =   6.8641E-06 mb/sr,
+                                         /R =   2.7453E-02
   112.00 deg.: X-S =   2.1651E-06 mb/sr,
+                                         /R =   8.8675E-03
   113.00 deg.: X-S =   2.8240E-05 mb/sr,
+                                         /R =   1.1839E-01
   114.00 deg.: X-S =   6.9432E-05 mb/sr,
+                                         /R =   2.9782E-01
   115.00 deg.: X-S =     0.000101 mb/sr,
+                                         /R =   4.4217E-01
   116.00 deg.: X-S =     0.000103 mb/sr,
+                                         /R =   4.6338E-01
   117.00 deg.: X-S =   7.5531E-05 mb/sr,
+                                         /R =   3.4611E-01
   118.00 deg.: X-S =   3.4257E-05 mb/sr,
+                                         /R =   1.6034E-01
   119.00 deg.: X-S =   4.4439E-06 mb/sr,
+                                         /R =   2.1236E-02
   120.00 deg.: X-S =   3.9329E-06 mb/sr,
+                                         /R =   1.9181E-02
   121.00 deg.: X-S =   3.2659E-05 mb/sr,
+                                         /R =   1.6249E-01
   122.00 deg.: X-S =   7.2756E-05 mb/sr,
+                                         /R =   3.6913E-01
   123.00 deg.: X-S =   9.9494E-05 mb/sr,
+                                         /R =   5.1454E-01
   124.00 deg.: X-S =   9.6397E-05 mb/sr,
+                                         /R =   5.0796E-01
   125.00 deg.: X-S =   6.5339E-05 mb/sr,
+                                         /R =   3.5068E-01
   126.00 deg.: X-S =   2.5442E-05 mb/sr,
+                                         /R =   1.3903E-01
   127.00 deg.: X-S =   1.4277E-06 mb/sr,
+                                         /R =   7.9402E-03
   128.00 deg.: X-S =   8.4721E-06 mb/sr,
+                                         /R =   4.7936E-02
   129.00 deg.: X-S =   4.2794E-05 mb/sr,
+                                         /R =   2.4624E-01
   130.00 deg.: X-S =   8.3780E-05 mb/sr,
+                                         /R =   4.9008E-01
   131.00 deg.: X-S =     0.000106 mb/sr,
+                                         /R =   6.3284E-01
   132.00 deg.: X-S =   9.6792E-05 mb/sr,
+                                         /R =   5.8450E-01
   133.00 deg.: X-S =   6.0486E-05 mb/sr,
+                                         /R =   3.7091E-01
   134.00 deg.: X-S =   1.9800E-05 mb/sr,
+                                         /R =   1.2325E-01
   135.00 deg.: X-S =   1.4736E-07 mb/sr,
+                                         /R =   9.3082E-04
   136.00 deg.: X-S =   1.4518E-05 mb/sr,
+                                         /R =   9.3027E-02
   137.00 deg.: X-S =   5.5221E-05 mb/sr,
+                                         /R =   3.5879E-01
   138.00 deg.: X-S =   9.8160E-05 mb/sr,
+                                         /R =   6.4650E-01
   139.00 deg.: X-S =     0.000117 mb/sr,
+                                         /R =   7.8280E-01
   140.00 deg.: X-S =     0.000101 mb/sr,
+                                         /R =   6.8031E-01
   141.00 deg.: X-S =   5.7997E-05 mb/sr,
+                                         /R =   3.9703E-01
   142.00 deg.: X-S =   1.5566E-05 mb/sr,
+                                         /R =   1.0787E-01
   143.00 deg.: X-S =   1.9196E-07 mb/sr,
+                                         /R =   1.3460E-03
   144.00 deg.: X-S =   2.2832E-05 mb/sr,
+                                         /R =   1.6195E-01
   145.00 deg.: X-S =   7.1253E-05 mb/sr,
+                                         /R =   5.1111E-01
   146.00 deg.: X-S =     0.000117 mb/sr,
+                                         /R =   8.4705E-01
   147.00 deg.: X-S =     0.000132 mb/sr,
+                                         /R =   9.6458E-01
   148.00 deg.: X-S =     0.000106 mb/sr,
+                                         /R =   7.8431E-01
   149.00 deg.: X-S =   5.4985E-05 mb/sr,
+                                         /R =   4.1107E-01
   150.00 deg.: X-S =   1.0633E-05 mb/sr,
+                                         /R =   8.0253E-02
   151.00 deg.: X-S =   2.3964E-06 mb/sr,
+                                         /R =   1.8253E-02
   152.00 deg.: X-S =   3.8883E-05 mb/sr,
+                                         /R =   2.9881E-01
   153.00 deg.: X-S =     0.000101 mb/sr,
+                                         /R =   7.8504E-01
   154.00 deg.: X-S =     0.000154 mb/sr,
+                                         /R =   1.1997E+00
   155.00 deg.: X-S =     0.000164 mb/sr,
+                                         /R =   1.2893E+00
   156.00 deg.: X-S =     0.000124 mb/sr,
+                                         /R =   9.8608E-01
   157.00 deg.: X-S =   5.8380E-05 mb/sr,
+                                         /R =   4.6673E-01
   158.00 deg.: X-S =   7.6836E-06 mb/sr,
+                                         /R =   6.1855E-02
   159.00 deg.: X-S =   7.5214E-06 mb/sr,
+                                         /R =   6.0952E-02
   160.00 deg.: X-S =   6.4429E-05 mb/sr,
+                                         /R =   5.2543E-01
   161.00 deg.: X-S =     0.000150 mb/sr,
+                                         /R =   1.2278E+00
   162.00 deg.: X-S =     0.000214 mb/sr,
+                                         /R =   1.7669E+00
   163.00 deg.: X-S =     0.000218 mb/sr,
+                                         /R =   1.8049E+00
   164.00 deg.: X-S =     0.000155 mb/sr,
+                                         /R =   1.2905E+00
   165.00 deg.: X-S =   6.2965E-05 mb/sr,
+                                         /R =   5.2747E-01
   166.00 deg.: X-S =   3.3197E-06 mb/sr,
+                                         /R =   2.7933E-02
   167.00 deg.: X-S =   2.5564E-05 mb/sr,
+                                         /R =   2.1600E-01
   168.00 deg.: X-S =     0.000135 mb/sr,
+                                         /R =   1.1455E+00
   169.00 deg.: X-S =     0.000283 mb/sr,
+                                         /R =   2.4081E+00
   170.00 deg.: X-S =     0.000388 mb/sr,
+                                         /R =   3.3159E+00
   171.00 deg.: X-S =     0.000384 mb/sr,
+                                         /R =   3.2885E+00
   172.00 deg.: X-S =     0.000262 mb/sr,
+                                         /R =   2.2476E+00
   173.00 deg.: X-S =   9.1715E-05 mb/sr,
+                                         /R =   7.8927E-01
   174.00 deg.: X-S =   1.7692E-07 mb/sr,
+                                         /R =   1.5256E-03
   175.00 deg.: X-S =     0.000113 mb/sr,
+                                         /R =   9.7526E-01
   176.00 deg.: X-S =     0.000489 mb/sr,
+                                         /R =   4.2282E+00
   177.00 deg.: X-S =     0.001078 mb/sr,
+                                         /R =   9.3321E+00
   178.00 deg.: X-S =     0.001726 mb/sr,
+                                         /R =   1.4954E+01
   179.00 deg.: X-S =     0.002230 mb/sr,
+                                         /R =   1.9332E+01
   179.99 deg.: X-S =     0.002420 mb/sr,
+                                         /R =   2.0983E+01
                                           Integrated********** mb, over [   0.000, 180.000] at   265.0000 MeV 
 Finished all xsecs @    4.68750000E-02

  The following files have been created:
   3:local copy of User input.            6:standard output.                   
  13:total cross sections/state.         39:cross sections for each Ecm.       
  40:all cross sectns. for each Elab.    56:Fusion for each Jtotal.            

 PARAMETERS : MAXQRN   MFNL   MLOC  LMAX1 MCLIST
    ALLOWED :      1      1      4    170      6
    REQUIRED:      0      0      4     23      4


 ACCURACY ANALYSIS at   265.000 MeV :

  Elastic h*k = 0.114 so OK       compared with 0.200

   Real(S-el) > 0.01 first at J =       0.5
   Real(S-el) > 0.10 first at J =       0.5
   Real(S-el) > 0.50 first at J =       0.5
   Real(S-el) > 0.90 first at J =      10.5
   Real(S-el) > 0.99 first at J =      15.5
   R-turn =     7.90 fm    at J =      22.5

 Forward-angle excitation cut off below   0.096 deg by max JT =      22.5
                              and below   0.016 deg by max R.

 Total CPU  0 time =       0.06 seconds
