 FRESCO - FRES 3.4: Coupled Reaction Channels
 Assuming NAMELIST input.

 Test reaction with generated potential                                          

   0.040  50.000   0.500   0.000   0.000   0.000   0.000   0.000   0.000   0.000

 Centre-of-mass Range is   1252 * 0.0400 fm., Maximum at  50.00 fm., Interpolating NL forms every  0.52 fm.
 Non - locality width is      4 * 0.0400 fm., Maximum of   0.12 fm., Centred at  0.00 fm.
 2-Nucleon Separation of      0 * 0.5200 fm., Maximum of   0.00 fm., Minimum at  0.00 fm.
 Maximum single particle bins of 49.9200 fm.
               M,Mint =         1251        1249


 Range of total J is     0.0 <= J <=   150.0 (at least     0.0) and Absorbtion =>     0.1000 mb.
 Dry Run = F, CC set limits =  0  0, Relativistic kinematics =  , Both/Far/Near Analyses =  1                     

 Cross Sections (and up to T0 for 0=projectile) for Theta from   0.0 to 180.0 in steps of  1.0 degrees, DGAM=0,  Coordinates = 0 (Mads)

 Lower Radial Cutoff = maximum of -1.60*L*h &       0.0 fm.,  Lower Cutoff for Couplings =   0.0  fm.


 Iterate Couplings between   0 and   0 times, to  0.000 % if sooner.                                          
  Block solved exactly =   0 chs., with Pade = 0 & Isocen =  =0, NOSOL = F, initwf =  0
  NL quadrature with   18 Gaussian points, Calculate multipoles up to   156 from   0
  M-transfers for lp+lt greater than or equal to  6, Angular Integration Cutoff below  2.7778 %


 Trace switches are :  CHANS =  0, LISTCC =  0, TRENEG =  0, CDETR =  0, SMATS =  0, XSTABL =  0, NLPL =  0

                       WAVES =  0, LAMPL =  0, VEFF =  0, KFUS =  0, WDISK =  0, BPM =  0, MELFIL =  0

                       CDCC =  0, NFUS =  0

 Using unit mass = 1.000000 amu and 1/fine-structure constant = 137.03599 ( 1.000000 * true ) with hc = 197.32705 MeV.fm,
  thus 2*amu/hbar^2 = 0.0478450 = 1/20.9008 and Coulomb constant = 0.1574855 so e^2 = 1.43997, and nuclear magneton= 0.1261183

 Now pre-scan input and save to file 3



 *********** PARTITION NUMBER  1 ******************************************************************************************

   PROJ=p          MASS=  1.0000 Z=   1.0,        # STATES=    1T, TARG=4He      MASS=  4.0000 Z=   2.0,     Q-VALUE =   0.0000 MEV.

     1:  J= 0.5+ (B# 1), E=  0.0000, K= 0.5              Potl#  1       J= 0.0+ (B# 1), E=  0.0000, K= 0.0    


 ************************************************************************************************************************************

 The following POTENTIALS are defined :

  KP#       TYPE      IT    SHAPE      at     V1        r1        a1        V2        r2        a2        A-in     A-used


                                            A#1       A#2        r0c       ac                                                h @ 1
    1    0=Coulomb       0=CHARGE (WS)  1     4.000     2.000    4.3872    0.0000    0.0000    0.0000     0.000    23.084   0.04000

    1    1=Volume        0=Woods-Saxon  2   44.8755    1.0485    0.6772    3.1225    1.0485    0.6772     0.000    23.084

    1    2=Surface       0=Woods-Saxon  3    0.0000    0.0000    0.0000    6.3619    1.3172    0.5208     0.000    23.084

    1    3=Projtl S.O.   0=Woods-Saxon  4    5.0901    0.7778    0.5900    0.0000    0.0000    0.0000     0.000    23.084

 Incoming partition  1 in excitation state # 1,   Laboratory Energy given for partition  1 Nucleus 1 in Excitation pair 1

0Lab. ENERGY ranges :

   from    30.0000     to   0.00000     in     0 intervals
   from    0.00000     to   0.00000     in     0 intervals
   from    0.00000     to   0.00000     in     0 intervals

 Largest real,imaginary parts of any form factor at R=   49.60 are   2.90E-02  3.98E-30 MeV
 Finished all Couplings @    1.56250000E-02           4

 Symmetric Hamiltonian
1***********************************************************************************************************************************
************************************************************************************************************************************

        INCOMING p        ;    LABORATORY p        ENERGY =   30.000     MeV.

 ***********************************************************************************************************************************
 ***********************************************************************************************************************************


  NOTE: Coulomb excitation cut off below   0.044 deg by JTMAX, and below   0.138 deg by Rmax

 Allocate arrays for            2  channels, of which            1  need wfs.
 Reaction Xsec     9.5+/10 @ 1 =   0.020 , Out:   0.000#
 Reaction Xsec     9.5-/ 9 @ 1 =   0.101 , Out:   0.000#
 Finished all CC sets @    3.12500000E-02
0CUMULATIVE REACTION cross section                 =  726.27998  <L> =     3.16  <L**2> =     12.0
0CUMULATIVE outgoing cross sections in partition 1 :    0.00000
0Cumulative ABSORBTION by Imaginary Potentials     =  726.27998  <L> =     3.16  <L**2> =     12.0
   Fusion for specific p        M-states :  726.279983  726.279983
0CUMULATIVE OUTGOING cross section                 =    0.00000
 To convert to S-factors (MeV.mb = keV.b),  multiply by  3.4445E+01


 CROSS SECTIONS FOR OUTGOING p        & 4He      in state #   1 with spins & parities 0.5  + &  0.0  +;  0

     0.01 deg.: X-S =   1.5518E+14 mb/sr,
+                                         /R =   9.9999E-01
     1.00 deg.: X-S =   1.5035E+06 mb/sr,
+                                         /R =   9.6883E-01
     2.00 deg.: X-S =   8.8294E+04 mb/sr,
+                                         /R =   9.1019E-01
     3.00 deg.: X-S =   1.6863E+04 mb/sr,
+                                         /R =   8.7979E-01
     4.00 deg.: X-S =  5789.168593 mb/sr,
+                                         /R =   9.5427E-01
     5.00 deg.: X-S =  3060.053261 mb/sr,
+                                         /R =   1.2309E+00
     6.00 deg.: X-S =  2187.501255 mb/sr,
+                                         /R =   1.8236E+00
     7.00 deg.: X-S =  1851.249271 mb/sr,
+                                         /R =   2.8572E+00
     8.00 deg.: X-S =  1695.679390 mb/sr,
+                                         /R =   4.4613E+00
     9.00 deg.: X-S =  1606.131443 mb/sr,
+                                         /R =   6.7629E+00
    10.00 deg.: X-S =  1540.934751 mb/sr,
+                                         /R =   9.8798E+00
    11.00 deg.: X-S =  1483.761051 mb/sr,
+                                         /R =   1.3913E+01
    12.00 deg.: X-S =  1428.007398 mb/sr,
+                                         /R =   1.8943E+01
    13.00 deg.: X-S =  1371.089614 mb/sr,
+                                         /R =   2.5020E+01
    14.00 deg.: X-S =  1312.173922 mb/sr,
+                                         /R =   3.2162E+01
    15.00 deg.: X-S =  1251.213166 mb/sr,
+                                         /R =   4.0355E+01
    16.00 deg.: X-S =  1188.514765 mb/sr,
+                                         /R =   4.9546E+01
    17.00 deg.: X-S =  1124.538332 mb/sr,
+                                         /R =   5.9643E+01
    18.00 deg.: X-S =  1059.797357 mb/sr,
+                                         /R =   7.0523E+01
    19.00 deg.: X-S =   994.809926 mb/sr,
+                                         /R =   8.2027E+01
    20.00 deg.: X-S =   930.073415 mb/sr,
+                                         /R =   9.3967E+01
    21.00 deg.: X-S =   866.051272 mb/sr,
+                                         /R =   1.0613E+02
    22.00 deg.: X-S =   803.166135 mb/sr,
+                                         /R =   1.1830E+02
    23.00 deg.: X-S =   741.796411 mb/sr,
+                                         /R =   1.3022E+02
    24.00 deg.: X-S =   682.274869 mb/sr,
+                                         /R =   1.4166E+02
    25.00 deg.: X-S =   624.888478 mb/sr,
+                                         /R =   1.5238E+02
    26.00 deg.: X-S =   569.879077 mb/sr,
+                                         /R =   1.6215E+02
    27.00 deg.: X-S =   517.444672 mb/sr,
+                                         /R =   1.7076E+02
    28.00 deg.: X-S =   467.741174 mb/sr,
+                                         /R =   1.7803E+02
    29.00 deg.: X-S =   420.884529 mb/sr,
+                                         /R =   1.8380E+02
    30.00 deg.: X-S =   376.953119 mb/sr,
+                                         /R =   1.8795E+02
    31.00 deg.: X-S =   335.990400 mb/sr,
+                                         /R =   1.9041E+02
    32.00 deg.: X-S =   298.007706 mb/sr,
+                                         /R =   1.9114E+02
    33.00 deg.: X-S =   262.987162 mb/sr,
+                                         /R =   1.9014E+02
    34.00 deg.: X-S =   230.884666 mb/sr,
+                                         /R =   1.8746E+02
    35.00 deg.: X-S =   201.632889 mb/sr,
+                                         /R =   1.8319E+02
    36.00 deg.: X-S =   175.144254 mb/sr,
+                                         /R =   1.7746E+02
    37.00 deg.: X-S =   151.313856 mb/sr,
+                                         /R =   1.7044E+02
    38.00 deg.: X-S =   130.022294 mb/sr,
+                                         /R =   1.6232E+02
    39.00 deg.: X-S =   111.138388 mb/sr,
+                                         /R =   1.5333E+02
    40.00 deg.: X-S =    94.521764 mb/sr,
+                                         /R =   1.4372E+02
    41.00 deg.: X-S =    80.025280 mb/sr,
+                                         /R =   1.3375E+02
    42.00 deg.: X-S =    67.497288 mb/sr,
+                                         /R =   1.2370E+02
    43.00 deg.: X-S =    56.783725 mb/sr,
+                                         /R =   1.1384E+02
    44.00 deg.: X-S =    47.730020 mb/sr,
+                                         /R =   1.0444E+02
    45.00 deg.: X-S =    40.182813 mb/sr,
+                                         /R =   9.5759E+01
    46.00 deg.: X-S =    33.991497 mb/sr,
+                                         /R =   8.8036E+01
    47.00 deg.: X-S =    29.009567 mb/sr,
+                                         /R =   8.1493E+01
    48.00 deg.: X-S =    25.095798 mb/sr,
+                                         /R =   7.6319E+01
    49.00 deg.: X-S =    22.115235 mb/sr,
+                                         /R =   7.2674E+01
    50.00 deg.: X-S =    19.940026 mb/sr,
+                                         /R =   7.0680E+01
    51.00 deg.: X-S =    18.450075 mb/sr,
+                                         /R =   7.0423E+01
    52.00 deg.: X-S =    17.533557 mb/sr,
+                                         /R =   7.1948E+01
    53.00 deg.: X-S =    17.087266 mb/sr,
+                                         /R =   7.5259E+01
    54.00 deg.: X-S =    17.016844 mb/sr,
+                                         /R =   8.0324E+01
    55.00 deg.: X-S =    17.236865 mb/sr,
+                                         /R =   8.7068E+01
    56.00 deg.: X-S =    17.670814 mb/sr,
+                                         /R =   9.5383E+01
    57.00 deg.: X-S =    18.250949 mb/sr,
+                                         /R =   1.0513E+02
    58.00 deg.: X-S =    18.918079 mb/sr,
+                                         /R =   1.1613E+02
    59.00 deg.: X-S =    19.621246 mb/sr,
+                                         /R =   1.2819E+02
    60.00 deg.: X-S =    20.317342 mb/sr,
+                                         /R =   1.4110E+02
    61.00 deg.: X-S =    20.970668 mb/sr,
+                                         /R =   1.5462E+02
    62.00 deg.: X-S =    21.552437 mb/sr,
+                                         /R =   1.6851E+02
    63.00 deg.: X-S =    22.040243 mb/sr,
+                                         /R =   1.8253E+02
    64.00 deg.: X-S =    22.417509 mb/sr,
+                                         /R =   1.9643E+02
    65.00 deg.: X-S =    22.672911 mb/sr,
+                                         /R =   2.0997E+02
    66.00 deg.: X-S =    22.799798 mb/sr,
+                                         /R =   2.2292E+02
    67.00 deg.: X-S =    22.795622 mb/sr,
+                                         /R =   2.3506E+02
    68.00 deg.: X-S =    22.661371 mb/sr,
+                                         /R =   2.4621E+02
    69.00 deg.: X-S =    22.401023 mb/sr,
+                                         /R =   2.5619E+02
    70.00 deg.: X-S =    22.021032 mb/sr,
+                                         /R =   2.6484E+02
    71.00 deg.: X-S =    21.529830 mb/sr,
+                                         /R =   2.7204E+02
    72.00 deg.: X-S =    20.937381 mb/sr,
+                                         /R =   2.7770E+02
    73.00 deg.: X-S =    20.254757 mb/sr,
+                                         /R =   2.8174E+02
    74.00 deg.: X-S =    19.493766 mb/sr,
+                                         /R =   2.8414E+02
    75.00 deg.: X-S =    18.666613 mb/sr,
+                                         /R =   2.8486E+02
    76.00 deg.: X-S =    17.785608 mb/sr,
+                                         /R =   2.8393E+02
    77.00 deg.: X-S =    16.862909 mb/sr,
+                                         /R =   2.8139E+02
    78.00 deg.: X-S =    15.910312 mb/sr,
+                                         /R =   2.7730E+02
    79.00 deg.: X-S =    14.939074 mb/sr,
+                                         /R =   2.7173E+02
    80.00 deg.: X-S =    13.959772 mb/sr,
+                                         /R =   2.6481E+02
    81.00 deg.: X-S =    12.982196 mb/sr,
+                                         /R =   2.5663E+02
    82.00 deg.: X-S =    12.015271 mb/sr,
+                                         /R =   2.4733E+02
    83.00 deg.: X-S =    11.067006 mb/sr,
+                                         /R =   2.3706E+02
    84.00 deg.: X-S =    10.144469 mb/sr,
+                                         /R =   2.2597E+02
    85.00 deg.: X-S =     9.253777 mb/sr,
+                                         /R =   2.1421E+02
    86.00 deg.: X-S =     8.400110 mb/sr,
+                                         /R =   2.0193E+02
    87.00 deg.: X-S =     7.587732 mb/sr,
+                                         /R =   1.8930E+02
    88.00 deg.: X-S =     6.820034 mb/sr,
+                                         /R =   1.7646E+02
    89.00 deg.: X-S =     6.099573 mb/sr,
+                                         /R =   1.6358E+02
    90.00 deg.: X-S =     5.428132 mb/sr,
+                                         /R =   1.5079E+02
    91.00 deg.: X-S =     4.806772 mb/sr,
+                                         /R =   1.3823E+02
    92.00 deg.: X-S =     4.235900 mb/sr,
+                                         /R =   1.2603E+02
    93.00 deg.: X-S =     3.715331 mb/sr,
+                                         /R =   1.1429E+02
    94.00 deg.: X-S =     3.244351 mb/sr,
+                                         /R =   1.0314E+02
    95.00 deg.: X-S =     2.821784 mb/sr,
+                                         /R =   9.2646E+01
    96.00 deg.: X-S =     2.446051 mb/sr,
+                                         /R =   8.2897E+01
    97.00 deg.: X-S =     2.115239 mb/sr,
+                                         /R =   7.3954E+01
    98.00 deg.: X-S =     1.827152 mb/sr,
+                                         /R =   6.5868E+01
    99.00 deg.: X-S =     1.579372 mb/sr,
+                                         /R =   5.8674E+01
   100.00 deg.: X-S =     1.369311 mb/sr,
+                                         /R =   5.2396E+01
   101.00 deg.: X-S =     1.194259 mb/sr,
+                                         /R =   4.7044E+01
   102.00 deg.: X-S =     1.051429 mb/sr,
+                                         /R =   4.2616E+01
   103.00 deg.: X-S =     0.937999 mb/sr,
+                                         /R =   3.9098E+01
   104.00 deg.: X-S =     0.851152 mb/sr,
+                                         /R =   3.6468E+01
   105.00 deg.: X-S =     0.788103 mb/sr,
+                                         /R =   3.4692E+01
   106.00 deg.: X-S =     0.746135 mb/sr,
+                                         /R =   3.3728E+01
   107.00 deg.: X-S =     0.722619 mb/sr,
+                                         /R =   3.3528E+01
   108.00 deg.: X-S =     0.715037 mb/sr,
+                                         /R =   3.4036E+01
   109.00 deg.: X-S =     0.720996 mb/sr,
+                                         /R =   3.5193E+01
   110.00 deg.: X-S =     0.738249 mb/sr,
+                                         /R =   3.6935E+01
   111.00 deg.: X-S =     0.764696 mb/sr,
+                                         /R =   3.9196E+01
   112.00 deg.: X-S =     0.798396 mb/sr,
+                                         /R =   4.1908E+01
   113.00 deg.: X-S =     0.837570 mb/sr,
+                                         /R =   4.5001E+01
   114.00 deg.: X-S =     0.880600 mb/sr,
+                                         /R =   4.8409E+01
   115.00 deg.: X-S =     0.926032 mb/sr,
+                                         /R =   5.2062E+01
   116.00 deg.: X-S =     0.972568 mb/sr,
+                                         /R =   5.5896E+01
   117.00 deg.: X-S =     1.019064 mb/sr,
+                                         /R =   5.9847E+01
   118.00 deg.: X-S =     1.064523 mb/sr,
+                                         /R =   6.3855E+01
   119.00 deg.: X-S =     1.108089 mb/sr,
+                                         /R =   6.7863E+01
   120.00 deg.: X-S =     1.149034 mb/sr,
+                                         /R =   7.1818E+01
   121.00 deg.: X-S =     1.186756 mb/sr,
+                                         /R =   7.5671E+01
   122.00 deg.: X-S =     1.220765 mb/sr,
+                                         /R =   7.9376E+01
   123.00 deg.: X-S =     1.250676 mb/sr,
+                                         /R =   8.2893E+01
   124.00 deg.: X-S =     1.276200 mb/sr,
+                                         /R =   8.6186E+01
   125.00 deg.: X-S =     1.297133 mb/sr,
+                                         /R =   8.9223E+01
   126.00 deg.: X-S =     1.313352 mb/sr,
+                                         /R =   9.1978E+01
   127.00 deg.: X-S =     1.324803 mb/sr,
+                                         /R =   9.4427E+01
   128.00 deg.: X-S =     1.331494 mb/sr,
+                                         /R =   9.6551E+01
   129.00 deg.: X-S =     1.333489 mb/sr,
+                                         /R =   9.8338E+01
   130.00 deg.: X-S =     1.330902 mb/sr,
+                                         /R =   9.9776E+01
   131.00 deg.: X-S =     1.323889 mb/sr,
+                                         /R =   1.0086E+02
   132.00 deg.: X-S =     1.312644 mb/sr,
+                                         /R =   1.0159E+02
   133.00 deg.: X-S =     1.297392 mb/sr,
+                                         /R =   1.0196E+02
   134.00 deg.: X-S =     1.278384 mb/sr,
+                                         /R =   1.0199E+02
   135.00 deg.: X-S =     1.255895 mb/sr,
+                                         /R =   1.0167E+02
   136.00 deg.: X-S =     1.230214 mb/sr,
+                                         /R =   1.0102E+02
   137.00 deg.: X-S =     1.201646 mb/sr,
+                                         /R =   1.0006E+02
   138.00 deg.: X-S =     1.170503 mb/sr,
+                                         /R =   9.8800E+01
   139.00 deg.: X-S =     1.137103 mb/sr,
+                                         /R =   9.7259E+01
   140.00 deg.: X-S =     1.101765 mb/sr,
+                                         /R =   9.5458E+01
   141.00 deg.: X-S =     1.064803 mb/sr,
+                                         /R =   9.3419E+01
   142.00 deg.: X-S =     1.026530 mb/sr,
+                                         /R =   9.1165E+01
   143.00 deg.: X-S =     0.987247 mb/sr,
+                                         /R =   8.8722E+01
   144.00 deg.: X-S =     0.947244 mb/sr,
+                                         /R =   8.6112E+01
   145.00 deg.: X-S =     0.906800 mb/sr,
+                                         /R =   8.3362E+01
   146.00 deg.: X-S =     0.866176 mb/sr,
+                                         /R =   8.0495E+01
   147.00 deg.: X-S =     0.825617 mb/sr,
+                                         /R =   7.7536E+01
   148.00 deg.: X-S =     0.785350 mb/sr,
+                                         /R =   7.4509E+01
   149.00 deg.: X-S =     0.745581 mb/sr,
+                                         /R =   7.1436E+01
   150.00 deg.: X-S =     0.706499 mb/sr,
+                                         /R =   6.8338E+01
   151.00 deg.: X-S =     0.668272 mb/sr,
+                                         /R =   6.5238E+01
   152.00 deg.: X-S =     0.631048 mb/sr,
+                                         /R =   6.2152E+01
   153.00 deg.: X-S =     0.594956 mb/sr,
+                                         /R =   5.9100E+01
   154.00 deg.: X-S =     0.560107 mb/sr,
+                                         /R =   5.6098E+01
   155.00 deg.: X-S =     0.526592 mb/sr,
+                                         /R =   5.3159E+01
   156.00 deg.: X-S =     0.494487 mb/sr,
+                                         /R =   5.0298E+01
   157.00 deg.: X-S =     0.463851 mb/sr,
+                                         /R =   4.7526E+01
   158.00 deg.: X-S =     0.434726 mb/sr,
+                                         /R =   4.4852E+01
   159.00 deg.: X-S =     0.407144 mb/sr,
+                                         /R =   4.2285E+01
   160.00 deg.: X-S =     0.381121 mb/sr,
+                                         /R =   3.9833E+01
   161.00 deg.: X-S =     0.356662 mb/sr,
+                                         /R =   3.7501E+01
   162.00 deg.: X-S =     0.333763 mb/sr,
+                                         /R =   3.5294E+01
   163.00 deg.: X-S =     0.312408 mb/sr,
+                                         /R =   3.3213E+01
   164.00 deg.: X-S =     0.292577 mb/sr,
+                                         /R =   3.1263E+01
   165.00 deg.: X-S =     0.274240 mb/sr,
+                                         /R =   2.9443E+01
   166.00 deg.: X-S =     0.257363 mb/sr,
+                                         /R =   2.7754E+01
   167.00 deg.: X-S =     0.241907 mb/sr,
+                                         /R =   2.6195E+01
   168.00 deg.: X-S =     0.227830 mb/sr,
+                                         /R =   2.4766E+01
   169.00 deg.: X-S =     0.215090 mb/sr,
+                                         /R =   2.3463E+01
   170.00 deg.: X-S =     0.203641 mb/sr,
+                                         /R =   2.2285E+01
   171.00 deg.: X-S =     0.193440 mb/sr,
+                                         /R =   2.1231E+01
   172.00 deg.: X-S =     0.184444 mb/sr,
+                                         /R =   2.0296E+01
   173.00 deg.: X-S =     0.176612 mb/sr,
+                                         /R =   1.9478E+01
   174.00 deg.: X-S =     0.169906 mb/sr,
+                                         /R =   1.8776E+01
   175.00 deg.: X-S =     0.164294 mb/sr,
+                                         /R =   1.8186E+01
   176.00 deg.: X-S =     0.159744 mb/sr,
+                                         /R =   1.7707E+01
   177.00 deg.: X-S =     0.156232 mb/sr,
+                                         /R =   1.7336E+01
   178.00 deg.: X-S =     0.153738 mb/sr,
+                                         /R =   1.7072E+01
   179.00 deg.: X-S =     0.152247 mb/sr,
+                                         /R =   1.6915E+01
   179.99 deg.: X-S =     0.151751 mb/sr,
+                                         /R =   1.6862E+01
                                           Integrated********** mb, over [   0.000, 180.000] at    30.0000 MeV 
 Finished all xsecs @    4.68750000E-02

  The following files have been created:
   3:local copy of User input.            6:standard output.                   
  13:total cross sections/state.         39:cross sections for each Ecm.       
  40:all cross sectns. for each Elab.    56:Fusion for each Jtotal.            

 PARAMETERS : MAXQRN   MFNL   MLOC  LMAX1 MCLIST
    ALLOWED :      1      1      4    170      6
    REQUIRED:      0      0      4     11      4


 ACCURACY ANALYSIS at    30.000 MeV :

  Elastic h*k = 0.038 so OK       compared with 0.200

   Real(S-el) > 0.01 first at J =       2.5
   Real(S-el) > 0.10 first at J =       3.5
   Real(S-el) > 0.50 first at J =       3.5
   Real(S-el) > 0.90 first at J =       4.5
   Real(S-el) > 0.99 first at J =       6.5
   R-turn =     9.96 fm    at J =       9.5

 Forward-angle excitation cut off below   0.659 deg by max JT =       9.5
                              and below   0.138 deg by max R.

 Total CPU  0 time =       0.06 seconds
