 FRESCO - FRES 3.4: Coupled Reaction Channels
 Assuming NAMELIST input.

 Test reaction with generated potential                                          

   0.040  50.000   0.500   0.000   0.000   0.000   0.000   0.000   0.000   0.000

 Centre-of-mass Range is   1252 * 0.0400 fm., Maximum at  50.00 fm., Interpolating NL forms every  0.52 fm.
 Non - locality width is      4 * 0.0400 fm., Maximum of   0.12 fm., Centred at  0.00 fm.
 2-Nucleon Separation of      0 * 0.5200 fm., Maximum of   0.00 fm., Minimum at  0.00 fm.
 Maximum single particle bins of 49.9200 fm.
               M,Mint =         1251        1249


 Range of total J is     0.0 <= J <=   150.0 (at least     0.0) and Absorbtion =>     0.1000 mb.
 Dry Run = F, CC set limits =  0  0, Relativistic kinematics =  , Both/Far/Near Analyses =  1                     

 Cross Sections (and up to T0 for 0=projectile) for Theta from   0.0 to 180.0 in steps of  1.0 degrees, DGAM=0,  Coordinates = 0 (Mads)

 Lower Radial Cutoff = maximum of -1.60*L*h &       0.0 fm.,  Lower Cutoff for Couplings =   0.0  fm.


 Iterate Couplings between   0 and   0 times, to  0.000 % if sooner.                                          
  Block solved exactly =   0 chs., with Pade = 0 & Isocen =  =0, NOSOL = F, initwf =  0
  NL quadrature with   18 Gaussian points, Calculate multipoles up to   156 from   0
  M-transfers for lp+lt greater than or equal to  6, Angular Integration Cutoff below  2.7778 %


 Trace switches are :  CHANS =  0, LISTCC =  0, TRENEG =  0, CDETR =  0, SMATS =  0, XSTABL =  0, NLPL =  0

                       WAVES =  0, LAMPL =  0, VEFF =  0, KFUS =  0, WDISK =  0, BPM =  0, MELFIL =  0

                       CDCC =  0, NFUS =  0

 Using unit mass = 1.000000 amu and 1/fine-structure constant = 137.03599 ( 1.000000 * true ) with hc = 197.32705 MeV.fm,
  thus 2*amu/hbar^2 = 0.0478450 = 1/20.9008 and Coulomb constant = 0.1574855 so e^2 = 1.43997, and nuclear magneton= 0.1261183

 Now pre-scan input and save to file 3



 *********** PARTITION NUMBER  1 ******************************************************************************************

   PROJ=4He        MASS=  4.0000 Z=   2.0,        # STATES=    1T, TARG=4He      MASS=  4.0000 Z=   2.0,     Q-VALUE =   0.0000 MEV.

     1:  J= 0.0+ (B# 1), E=  0.0000, K= 0.0              Potl#  1       J= 0.0+ (B# 1), E=  0.0000, K= 0.0    


 ************************************************************************************************************************************

 The following POTENTIALS are defined :

  KP#       TYPE      IT    SHAPE      at     V1        r1        a1        V2        r2        a2        A-in     A-used


                                            A#1       A#2        r0c       ac                                                h @ 1
    1    0=Coulomb       0=CHARGE (WS)  1     4.000     2.000    3.9685    0.0000    0.0000    0.0000     0.000    23.084   0.04000

    1    1=Volume        0=Woods-Saxon  2   70.0000    1.2500    0.6500   15.0000    1.2500    0.6500     0.000    23.084

    1    2=Surface       0=Woods-Saxon  3    0.0000    0.0000    0.0000    5.0000    1.3000    0.6500     0.000    23.084

    1    3=Projtl S.O.   0=Woods-Saxon  4    0.0000    1.0000    0.6500    0.0000    0.0000    0.0000     0.000    23.084

 Incoming partition  1 in excitation state # 1,   Laboratory Energy given for partition  1 Nucleus 1 in Excitation pair 1

0Lab. ENERGY ranges :

   from    130.000     to   0.00000     in     0 intervals
   from    0.00000     to   0.00000     in     0 intervals
   from    0.00000     to   0.00000     in     0 intervals

 Largest real,imaginary parts of any form factor at R=   49.60 are   2.90E-02  4.31E-30 MeV
 Finished all Couplings @    1.56250000E-02           4

 Symmetric Hamiltonian
1***********************************************************************************************************************************
************************************************************************************************************************************

        INCOMING 4He      ;    LABORATORY 4He      ENERGY =   130.00     MeV.

 ***********************************************************************************************************************************
 ***********************************************************************************************************************************


  NOTE: Coulomb excitation cut off below   0.084 deg by JTMAX, and below   0.102 deg by Rmax

 Allocate arrays for            1  channels, of which            1  need wfs.
 Reaction Xsec    27.0-/27 @ 1 =   0.034 , Out:   0.000#
 Reaction Xsec    28.0+/28 @ 1 =   0.020 , Out:   0.000#
 Finished all CC sets @    1.56250000E-02
0CUMULATIVE REACTION cross section                 =  937.20942  <L> =     8.98  <L**2> =     94.7
0CUMULATIVE outgoing cross sections in partition 1 :    0.00000
0Cumulative ABSORBTION by Imaginary Potentials     =  937.20942  <L> =     8.98  <L**2> =     94.7
   Fusion for specific 4He      M-states :  937.209417
0CUMULATIVE OUTGOING cross section                 =    0.00000
 To convert to S-factors (MeV.mb = keV.b),  multiply by  1.3015E+02


 CROSS SECTIONS FOR OUTGOING 4He      & 4He      in state #   1 with spins & parities 0.0  + &  0.0  +;  0

     0.01 deg.: X-S =   8.4621E+13 mb/sr,
+                                         /R =   9.9997E-01
     1.00 deg.: X-S =   7.1931E+05 mb/sr,
+                                         /R =   8.4998E-01
     2.00 deg.: X-S =   3.8266E+04 mb/sr,
+                                         /R =   7.2336E-01
     3.00 deg.: X-S =   1.2547E+04 mb/sr,
+                                         /R =   1.2004E+00
     4.00 deg.: X-S =  9535.425605 mb/sr,
+                                         /R =   2.8823E+00
     5.00 deg.: X-S =  8307.656599 mb/sr,
+                                         /R =   6.1280E+00
     6.00 deg.: X-S =  7088.351974 mb/sr,
+                                         /R =   1.0836E+01
     7.00 deg.: X-S =  5785.426372 mb/sr,
+                                         /R =   1.6374E+01
     8.00 deg.: X-S =  4497.031565 mb/sr,
+                                         /R =   2.1696E+01
     9.00 deg.: X-S =  3317.450068 mb/sr,
+                                         /R =   2.5615E+01
    10.00 deg.: X-S =  2309.047002 mb/sr,
+                                         /R =   2.7148E+01
    11.00 deg.: X-S =  1501.809331 mb/sr,
+                                         /R =   2.5824E+01
    12.00 deg.: X-S =   898.762617 mb/sr,
+                                         /R =   2.1863E+01
    13.00 deg.: X-S =   482.997172 mb/sr,
+                                         /R =   1.6162E+01
    14.00 deg.: X-S =   224.924043 mb/sr,
+                                         /R =   1.0110E+01
    15.00 deg.: X-S =    88.937384 mb/sr,
+                                         /R =   5.2601E+00
    16.00 deg.: X-S =    38.911842 mb/sr,
+                                         /R =   2.9746E+00
    17.00 deg.: X-S =    42.217805 mb/sr,
+                                         /R =   4.1061E+00
    18.00 deg.: X-S =    72.189348 mb/sr,
+                                         /R =   8.8090E+00
    19.00 deg.: X-S =   109.186536 mb/sr,
+                                         /R =   1.6509E+01
    20.00 deg.: X-S =   140.529131 mb/sr,
+                                         /R =   2.6036E+01
    21.00 deg.: X-S =   159.639155 mb/sr,
+                                         /R =   3.5875E+01
    22.00 deg.: X-S =   164.727910 mb/sr,
+                                         /R =   4.4492E+01
    23.00 deg.: X-S =   157.318753 mb/sr,
+                                         /R =   5.0644E+01
    24.00 deg.: X-S =   140.830492 mb/sr,
+                                         /R =   5.3621E+01
    25.00 deg.: X-S =   119.373486 mb/sr,
+                                         /R =   5.3380E+01
    26.00 deg.: X-S =    96.842161 mb/sr,
+                                         /R =   5.0529E+01
    27.00 deg.: X-S =    76.329613 mb/sr,
+                                         /R =   4.6191E+01
    28.00 deg.: X-S =    59.844874 mb/sr,
+                                         /R =   4.1769E+01
    29.00 deg.: X-S =    48.282026 mb/sr,
+                                         /R =   3.8664E+01
    30.00 deg.: X-S =    41.572437 mb/sr,
+                                         /R =   3.8011E+01
    31.00 deg.: X-S =    38.945744 mb/sr,
+                                         /R =   4.0474E+01
    32.00 deg.: X-S =    39.230130 mb/sr,
+                                         /R =   4.6142E+01
    33.00 deg.: X-S =    41.135308 mb/sr,
+                                         /R =   5.4539E+01
    34.00 deg.: X-S =    43.479170 mb/sr,
+                                         /R =   6.4736E+01
    35.00 deg.: X-S =    45.338051 mb/sr,
+                                         /R =   7.5536E+01
    36.00 deg.: X-S =    46.117716 mb/sr,
+                                         /R =   8.5688E+01
    37.00 deg.: X-S =    45.555453 mb/sr,
+                                         /R =   9.4096E+01
    38.00 deg.: X-S =    43.671666 mb/sr,
+                                         /R =   9.9975E+01
    39.00 deg.: X-S =    40.692273 mb/sr,
+                                         /R =   1.0295E+02
    40.00 deg.: X-S =    36.961774 mb/sr,
+                                         /R =   1.0306E+02
    41.00 deg.: X-S =    32.862644 mb/sr,
+                                         /R =   1.0072E+02
    42.00 deg.: X-S =    28.751156 mb/sr,
+                                         /R =   9.6626E+01
    43.00 deg.: X-S =    24.914296 mb/sr,
+                                         /R =   9.1595E+01
    44.00 deg.: X-S =    21.547914 mb/sr,
+                                         /R =   8.6463E+01
    45.00 deg.: X-S =    18.753166 mb/sr,
+                                         /R =   8.1951E+01
    46.00 deg.: X-S =    16.546579 mb/sr,
+                                         /R =   7.8586E+01
    47.00 deg.: X-S =    14.878626 mb/sr,
+                                         /R =   7.6645E+01
    48.00 deg.: X-S =    13.656036 mb/sr,
+                                         /R =   7.6155E+01
    49.00 deg.: X-S =    12.763973 mb/sr,
+                                         /R =   7.6916E+01
    50.00 deg.: X-S =    12.085302 mb/sr,
+                                         /R =   7.8555E+01
    51.00 deg.: X-S =    11.515319 mb/sr,
+                                         /R =   8.0600E+01
    52.00 deg.: X-S =    10.971277 mb/sr,
+                                         /R =   8.2556E+01
    53.00 deg.: X-S =    10.396860 mb/sr,
+                                         /R =   8.3972E+01
    54.00 deg.: X-S =     9.762317 mb/sr,
+                                         /R =   8.4501E+01
    55.00 deg.: X-S =     9.061306 mb/sr,
+                                         /R =   8.3934E+01
    56.00 deg.: X-S =     8.305608 mb/sr,
+                                         /R =   8.2211E+01
    57.00 deg.: X-S =     7.518854 mb/sr,
+                                         /R =   7.9419E+01
    58.00 deg.: X-S =     6.730262 mb/sr,
+                                         /R =   7.5760E+01
    59.00 deg.: X-S =     5.969132 mb/sr,
+                                         /R =   7.1514E+01
    60.00 deg.: X-S =     5.260629 mb/sr,
+                                         /R =   6.6995E+01
    61.00 deg.: X-S =     4.623075 mb/sr,
+                                         /R =   6.2507E+01
    62.00 deg.: X-S =     4.066784 mb/sr,
+                                         /R =   5.8308E+01
    63.00 deg.: X-S =     3.594230 mb/sr,
+                                         /R =   5.4584E+01
    64.00 deg.: X-S =     3.201233 mb/sr,
+                                         /R =   5.1437E+01
    65.00 deg.: X-S =     2.878751 mb/sr,
+                                         /R =   4.8887E+01
    66.00 deg.: X-S =     2.614895 mb/sr,
+                                         /R =   4.6883E+01
    67.00 deg.: X-S =     2.396803 mb/sr,
+                                         /R =   4.5322E+01
    68.00 deg.: X-S =     2.212168 mb/sr,
+                                         /R =   4.4075E+01
    69.00 deg.: X-S =     2.050295 mb/sr,
+                                         /R =   4.2998E+01
    70.00 deg.: X-S =     1.902673 mb/sr,
+                                         /R =   4.1962E+01
    71.00 deg.: X-S =     1.763164 mb/sr,
+                                         /R =   4.0854E+01
    72.00 deg.: X-S =     1.627884 mb/sr,
+                                         /R =   3.9593E+01
    73.00 deg.: X-S =     1.494920 mb/sr,
+                                         /R =   3.8132E+01
    74.00 deg.: X-S =     1.363941 mb/sr,
+                                         /R =   3.6456E+01
    75.00 deg.: X-S =     1.235780 mb/sr,
+                                         /R =   3.4582E+01
    76.00 deg.: X-S =     1.112008 mb/sr,
+                                         /R =   3.2554E+01
    77.00 deg.: X-S =     0.994530 mb/sr,
+                                         /R =   3.0433E+01
    78.00 deg.: X-S =     0.885215 mb/sr,
+                                         /R =   2.8292E+01
    79.00 deg.: X-S =     0.785596 mb/sr,
+                                         /R =   2.6204E+01
    80.00 deg.: X-S =     0.696664 mb/sr,
+                                         /R =   2.4234E+01
    81.00 deg.: X-S =     0.618766 mb/sr,
+                                         /R =   2.2430E+01
    82.00 deg.: X-S =     0.551615 mb/sr,
+                                         /R =   2.0822E+01
    83.00 deg.: X-S =     0.494398 mb/sr,
+                                         /R =   1.9420E+01
    84.00 deg.: X-S =     0.445931 mb/sr,
+                                         /R =   1.8215E+01
    85.00 deg.: X-S =     0.404845 mb/sr,
+                                         /R =   1.7185E+01
    86.00 deg.: X-S =     0.369742 mb/sr,
+                                         /R =   1.6299E+01
    87.00 deg.: X-S =     0.339323 mb/sr,
+                                         /R =   1.5523E+01
    88.00 deg.: X-S =     0.312454 mb/sr,
+                                         /R =   1.4825E+01
    89.00 deg.: X-S =     0.288203 mb/sr,
+                                         /R =   1.4173E+01
    90.00 deg.: X-S =     0.265845 mb/sr,
+                                         /R =   1.3542E+01
    91.00 deg.: X-S =     0.244849 mb/sr,
+                                         /R =   1.2912E+01
    92.00 deg.: X-S =     0.224869 mb/sr,
+                                         /R =   1.2268E+01
    93.00 deg.: X-S =     0.205720 mb/sr,
+                                         /R =   1.1605E+01
    94.00 deg.: X-S =     0.187356 mb/sr,
+                                         /R =   1.0922E+01
    95.00 deg.: X-S =     0.169837 mb/sr,
+                                         /R =   1.0225E+01
    96.00 deg.: X-S =     0.153286 mb/sr,
+                                         /R =   9.5262E+00
    97.00 deg.: X-S =     0.137849 mb/sr,
+                                         /R =   8.8379E+00
    98.00 deg.: X-S =     0.123652 mb/sr,
+                                         /R =   8.1742E+00
    99.00 deg.: X-S =     0.110776 mb/sr,
+                                         /R =   7.5466E+00
   100.00 deg.: X-S =     0.099246 mb/sr,
+                                         /R =   6.9639E+00
   101.00 deg.: X-S =     0.089032 mb/sr,
+                                         /R =   6.4312E+00
   102.00 deg.: X-S =     0.080064 mb/sr,
+                                         /R =   5.9507E+00
   103.00 deg.: X-S =     0.072244 mb/sr,
+                                         /R =   5.5221E+00
   104.00 deg.: X-S =     0.065466 mb/sr,
+                                         /R =   5.1436E+00
   105.00 deg.: X-S =     0.059614 mb/sr,
+                                         /R =   4.8121E+00
   106.00 deg.: X-S =     0.054567 mb/sr,
+                                         /R =   4.5232E+00
   107.00 deg.: X-S =     0.050198 mb/sr,
+                                         /R =   4.2710E+00
   108.00 deg.: X-S =     0.046377 mb/sr,
+                                         /R =   4.0481E+00
   109.00 deg.: X-S =     0.042971 mb/sr,
+                                         /R =   3.8463E+00
   110.00 deg.: X-S =     0.039864 mb/sr,
+                                         /R =   3.6573E+00
   111.00 deg.: X-S =     0.036957 mb/sr,
+                                         /R =   3.4737E+00
   112.00 deg.: X-S =     0.034186 mb/sr,
+                                         /R =   3.2905E+00
   113.00 deg.: X-S =     0.031515 mb/sr,
+                                         /R =   3.1050E+00
   114.00 deg.: X-S =     0.028939 mb/sr,
+                                         /R =   2.9172E+00
   115.00 deg.: X-S =     0.026469 mb/sr,
+                                         /R =   2.7289E+00
   116.00 deg.: X-S =     0.024126 mb/sr,
+                                         /R =   2.5427E+00
   117.00 deg.: X-S =     0.021927 mb/sr,
+                                         /R =   2.3614E+00
   118.00 deg.: X-S =     0.019885 mb/sr,
+                                         /R =   2.1873E+00
   119.00 deg.: X-S =     0.018005 mb/sr,
+                                         /R =   2.0221E+00
   120.00 deg.: X-S =     0.016290 mb/sr,
+                                         /R =   1.8671E+00
   121.00 deg.: X-S =     0.014739 mb/sr,
+                                         /R =   1.7234E+00
   122.00 deg.: X-S =     0.013354 mb/sr,
+                                         /R =   1.5922E+00
   123.00 deg.: X-S =     0.012132 mb/sr,
+                                         /R =   1.4745E+00
   124.00 deg.: X-S =     0.011069 mb/sr,
+                                         /R =   1.3708E+00
   125.00 deg.: X-S =     0.010152 mb/sr,
+                                         /R =   1.2806E+00
   126.00 deg.: X-S =     0.009362 mb/sr,
+                                         /R =   1.2023E+00
   127.00 deg.: X-S =     0.008672 mb/sr,
+                                         /R =   1.1335E+00
   128.00 deg.: X-S =     0.008055 mb/sr,
+                                         /R =   1.0711E+00
   129.00 deg.: X-S =     0.007486 mb/sr,
+                                         /R =   1.0124E+00
   130.00 deg.: X-S =     0.006951 mb/sr,
+                                         /R =   9.5557E-01
   131.00 deg.: X-S =     0.006441 mb/sr,
+                                         /R =   8.9986E-01
   132.00 deg.: X-S =     0.005958 mb/sr,
+                                         /R =   8.4559E-01
   133.00 deg.: X-S =     0.005508 mb/sr,
+                                         /R =   7.9373E-01
   134.00 deg.: X-S =     0.005095 mb/sr,
+                                         /R =   7.4534E-01
   135.00 deg.: X-S =     0.004723 mb/sr,
+                                         /R =   7.0111E-01
   136.00 deg.: X-S =     0.004391 mb/sr,
+                                         /R =   6.6115E-01
   137.00 deg.: X-S =     0.004094 mb/sr,
+                                         /R =   6.2509E-01
   138.00 deg.: X-S =     0.003826 mb/sr,
+                                         /R =   5.9226E-01
   139.00 deg.: X-S =     0.003583 mb/sr,
+                                         /R =   5.6202E-01
   140.00 deg.: X-S =     0.003360 mb/sr,
+                                         /R =   5.3386E-01
   141.00 deg.: X-S =     0.003154 mb/sr,
+                                         /R =   5.0737E-01
   142.00 deg.: X-S =     0.002960 mb/sr,
+                                         /R =   4.8204E-01
   143.00 deg.: X-S =     0.002774 mb/sr,
+                                         /R =   4.5714E-01
   144.00 deg.: X-S =     0.002590 mb/sr,
+                                         /R =   4.3169E-01
   145.00 deg.: X-S =     0.002400 mb/sr,
+                                         /R =   4.0462E-01
   146.00 deg.: X-S =     0.002202 mb/sr,
+                                         /R =   3.7519E-01
   147.00 deg.: X-S =     0.001994 mb/sr,
+                                         /R =   3.4334E-01
   148.00 deg.: X-S =     0.001782 mb/sr,
+                                         /R =   3.1002E-01
   149.00 deg.: X-S =     0.001577 mb/sr,
+                                         /R =   2.7711E-01
   150.00 deg.: X-S =     0.001393 mb/sr,
+                                         /R =   2.4710E-01
   151.00 deg.: X-S =     0.001243 mb/sr,
+                                         /R =   2.2254E-01
   152.00 deg.: X-S =     0.001137 mb/sr,
+                                         /R =   2.0535E-01
   153.00 deg.: X-S =     0.001078 mb/sr,
+                                         /R =   1.9641E-01
   154.00 deg.: X-S =     0.001064 mb/sr,
+                                         /R =   1.9533E-01
   155.00 deg.: X-S =     0.001084 mb/sr,
+                                         /R =   2.0060E-01
   156.00 deg.: X-S =     0.001126 mb/sr,
+                                         /R =   2.0994E-01
   157.00 deg.: X-S =     0.001175 mb/sr,
+                                         /R =   2.2073E-01
   158.00 deg.: X-S =     0.001218 mb/sr,
+                                         /R =   2.3039E-01
   159.00 deg.: X-S =     0.001242 mb/sr,
+                                         /R =   2.3662E-01
   160.00 deg.: X-S =     0.001239 mb/sr,
+                                         /R =   2.3753E-01
   161.00 deg.: X-S =     0.001202 mb/sr,
+                                         /R =   2.3170E-01
   162.00 deg.: X-S =     0.001126 mb/sr,
+                                         /R =   2.1836E-01
   163.00 deg.: X-S =     0.001013 mb/sr,
+                                         /R =   1.9758E-01
   164.00 deg.: X-S =     0.000871 mb/sr,
+                                         /R =   1.7060E-01
   165.00 deg.: X-S =     0.000711 mb/sr,
+                                         /R =   1.3999E-01
   166.00 deg.: X-S =     0.000555 mb/sr,
+                                         /R =   1.0974E-01
   167.00 deg.: X-S =     0.000428 mb/sr,
+                                         /R =   8.4907E-02
   168.00 deg.: X-S =     0.000356 mb/sr,
+                                         /R =   7.0929E-02
   169.00 deg.: X-S =     0.000363 mb/sr,
+                                         /R =   7.2710E-02
   170.00 deg.: X-S =     0.000466 mb/sr,
+                                         /R =   9.3598E-02
   171.00 deg.: X-S =     0.000669 mb/sr,
+                                         /R =   1.3461E-01
   172.00 deg.: X-S =     0.000962 mb/sr,
+                                         /R =   1.9406E-01
   173.00 deg.: X-S =     0.001324 mb/sr,
+                                         /R =   2.6779E-01
   174.00 deg.: X-S =     0.001726 mb/sr,
+                                         /R =   3.4982E-01
   175.00 deg.: X-S =     0.002134 mb/sr,
+                                         /R =   4.3326E-01
   176.00 deg.: X-S =     0.002516 mb/sr,
+                                         /R =   5.1136E-01
   177.00 deg.: X-S =     0.002841 mb/sr,
+                                         /R =   5.7818E-01
   178.00 deg.: X-S =     0.003089 mb/sr,
+                                         /R =   6.2908E-01
   179.00 deg.: X-S =     0.003244 mb/sr,
+                                         /R =   6.6085E-01
   179.99 deg.: X-S =     0.003296 mb/sr,
+                                         /R =   6.7164E-01
                                           Integrated********** mb, over [   0.000, 180.000] at   130.0000 MeV 
 Finished all xsecs @    3.12500000E-02

  The following files have been created:
   3:local copy of User input.            6:standard output.                   
  13:total cross sections/state.         39:cross sections for each Ecm.       
  40:all cross sectns. for each Elab.    56:Fusion for each Jtotal.            

 PARAMETERS : MAXQRN   MFNL   MLOC  LMAX1 MCLIST
    ALLOWED :      1      1      4    170      6
    REQUIRED:      0      0      4     29      3


 ACCURACY ANALYSIS at   130.000 MeV :

  Elastic h*k = 0.100 so OK       compared with 0.200

   Real(S-el) > 0.01 first at J =       4.0
   Real(S-el) > 0.10 first at J =       6.0
   Real(S-el) > 0.50 first at J =      13.0
   Real(S-el) > 0.90 first at J =      15.0
   Real(S-el) > 0.99 first at J =      19.0
   R-turn =    11.47 fm    at J =      28.0

 Forward-angle excitation cut off below   0.444 deg by max JT =      28.0
                              and below   0.102 deg by max R.

 Total CPU  0 time =       0.03 seconds
