 FRESCO - FRES 3.4: Coupled Reaction Channels
 Assuming NAMELIST input.

 Test reaction with generated potential                                          

   0.040  50.000   0.500   0.000   0.000   0.000   0.000   0.000   0.000   0.000

 Centre-of-mass Range is   1252 * 0.0400 fm., Maximum at  50.00 fm., Interpolating NL forms every  0.52 fm.
 Non - locality width is      4 * 0.0400 fm., Maximum of   0.12 fm., Centred at  0.00 fm.
 2-Nucleon Separation of      0 * 0.5200 fm., Maximum of   0.00 fm., Minimum at  0.00 fm.
 Maximum single particle bins of 49.9200 fm.
               M,Mint =         1251        1249


 Range of total J is     0.0 <= J <=   150.0 (at least     0.0) and Absorbtion =>     0.1000 mb.
 Dry Run = F, CC set limits =  0  0, Relativistic kinematics =  , Both/Far/Near Analyses =  1                     

 Cross Sections (and up to T0 for 0=projectile) for Theta from   0.0 to 180.0 in steps of  1.0 degrees, DGAM=0,  Coordinates = 0 (Mads)

 Lower Radial Cutoff = maximum of -1.60*L*h &       0.0 fm.,  Lower Cutoff for Couplings =   0.0  fm.


 Iterate Couplings between   0 and   0 times, to  0.000 % if sooner.                                          
  Block solved exactly =   0 chs., with Pade = 0 & Isocen =  =0, NOSOL = F, initwf =  0
  NL quadrature with   18 Gaussian points, Calculate multipoles up to   156 from   0
  M-transfers for lp+lt greater than or equal to  6, Angular Integration Cutoff below  2.7778 %


 Trace switches are :  CHANS =  0, LISTCC =  0, TRENEG =  0, CDETR =  0, SMATS =  0, XSTABL =  0, NLPL =  0

                       WAVES =  0, LAMPL =  0, VEFF =  0, KFUS =  0, WDISK =  0, BPM =  0, MELFIL =  0

                       CDCC =  0, NFUS =  0

 Using unit mass = 1.000000 amu and 1/fine-structure constant = 137.03599 ( 1.000000 * true ) with hc = 197.32705 MeV.fm,
  thus 2*amu/hbar^2 = 0.0478450 = 1/20.9008 and Coulomb constant = 0.1574855 so e^2 = 1.43997, and nuclear magneton= 0.1261183

 Now pre-scan input and save to file 3



 *********** PARTITION NUMBER  1 ******************************************************************************************

   PROJ=4He        MASS=  4.0000 Z=   2.0,        # STATES=    1T, TARG=4He      MASS=  4.0000 Z=   2.0,     Q-VALUE =   0.0000 MEV.

     1:  J= 0.0+ (B# 1), E=  0.0000, K= 0.0              Potl#  1       J= 0.0+ (B# 1), E=  0.0000, K= 0.0    


 ************************************************************************************************************************************

 The following POTENTIALS are defined :

  KP#       TYPE      IT    SHAPE      at     V1        r1        a1        V2        r2        a2        A-in     A-used


                                            A#1       A#2        r0c       ac                                                h @ 1
    1    0=Coulomb       0=CHARGE (WS)  1     4.000     2.000    3.9685    0.0000    0.0000    0.0000     0.000    23.084   0.04000

    1    1=Volume        0=Woods-Saxon  2   70.0000    1.2500    0.6500   15.0000    1.2500    0.6500     0.000    23.084

    1    2=Surface       0=Woods-Saxon  3    0.0000    0.0000    0.0000    5.0000    1.3000    0.6500     0.000    23.084

    1    3=Projtl S.O.   0=Woods-Saxon  4    0.0000    1.0000    0.6500    0.0000    0.0000    0.0000     0.000    23.084

 Incoming partition  1 in excitation state # 1,   Laboratory Energy given for partition  1 Nucleus 1 in Excitation pair 1

0Lab. ENERGY ranges :

   from    145.000     to   0.00000     in     0 intervals
   from    0.00000     to   0.00000     in     0 intervals
   from    0.00000     to   0.00000     in     0 intervals

 Largest real,imaginary parts of any form factor at R=   49.60 are   2.90E-02  4.31E-30 MeV
 Finished all Couplings @    0.00000000               4

 Symmetric Hamiltonian
1***********************************************************************************************************************************
************************************************************************************************************************************

        INCOMING 4He      ;    LABORATORY 4He      ENERGY =   145.00     MeV.

 ***********************************************************************************************************************************
 ***********************************************************************************************************************************


  NOTE: Coulomb excitation cut off below   0.080 deg by JTMAX, and below   0.091 deg by Rmax

 Allocate arrays for            1  channels, of which            1  need wfs.
 Reaction Xsec    28.0+/28 @ 1 =   0.040 , Out:   0.000#
 Reaction Xsec    29.0-/29 @ 1 =   0.024 , Out:   0.000#
 Finished all CC sets @    1.56250000E-02
0CUMULATIVE REACTION cross section                 =  913.78606  <L> =     9.43  <L**2> =    104.3
0CUMULATIVE outgoing cross sections in partition 1 :    0.00000
0Cumulative ABSORBTION by Imaginary Potentials     =  913.78606  <L> =     9.43  <L**2> =    104.3
   Fusion for specific 4He      M-states :  913.786064
0CUMULATIVE OUTGOING cross section                 =    0.00000
 To convert to S-factors (MeV.mb = keV.b),  multiply by  1.3991E+02


 CROSS SECTIONS FOR OUTGOING 4He      & 4He      in state #   1 with spins & parities 0.0  + &  0.0  +;  0

     0.01 deg.: X-S =   6.8018E+13 mb/sr,
+                                         /R =   9.9997E-01
     1.00 deg.: X-S =   5.6930E+05 mb/sr,
+                                         /R =   8.3691E-01
     2.00 deg.: X-S =   3.1837E+04 mb/sr,
+                                         /R =   7.4874E-01
     3.00 deg.: X-S =   1.2353E+04 mb/sr,
+                                         /R =   1.4703E+00
     4.00 deg.: X-S =  9929.525352 mb/sr,
+                                         /R =   3.7340E+00
     5.00 deg.: X-S =  8608.508417 mb/sr,
+                                         /R =   7.8998E+00
     6.00 deg.: X-S =  7193.182114 mb/sr,
+                                         /R =   1.3680E+01
     7.00 deg.: X-S =  5708.904801 mb/sr,
+                                         /R =   2.0101E+01
     8.00 deg.: X-S =  4287.655898 mb/sr,
+                                         /R =   2.5735E+01
     9.00 deg.: X-S =  3032.568008 mb/sr,
+                                         /R =   2.9131E+01
    10.00 deg.: X-S =  2002.834789 mb/sr,
+                                         /R =   2.9296E+01
    11.00 deg.: X-S =  1218.180071 mb/sr,
+                                         /R =   2.6060E+01
    12.00 deg.: X-S =   667.697620 mb/sr,
+                                         /R =   2.0206E+01
    13.00 deg.: X-S =   319.787260 mb/sr,
+                                         /R =   1.3313E+01
    14.00 deg.: X-S =   131.722260 mb/sr,
+                                         /R =   7.3656E+00
    15.00 deg.: X-S =    57.838110 mb/sr,
+                                         /R =   4.2558E+00
    16.00 deg.: X-S =    55.716303 mb/sr,
+                                         /R =   5.2988E+00
    17.00 deg.: X-S =    90.143093 mb/sr,
+                                         /R =   1.0907E+01
    18.00 deg.: X-S =   134.977834 mb/sr,
+                                         /R =   2.0491E+01
    19.00 deg.: X-S =   173.309836 mb/sr,
+                                         /R =   3.2601E+01
    20.00 deg.: X-S =   196.401294 mb/sr,
+                                         /R =   4.5269E+01
    21.00 deg.: X-S =   201.924332 mb/sr,
+                                         /R =   5.6454E+01
    22.00 deg.: X-S =   191.936490 mb/sr,
+                                         /R =   6.4495E+01
    23.00 deg.: X-S =   170.936247 mb/sr,
+                                         /R =   6.8459E+01
    24.00 deg.: X-S =   144.226436 mb/sr,
+                                         /R =   6.8318E+01
    25.00 deg.: X-S =   116.707024 mb/sr,
+                                         /R =   6.4926E+01
    26.00 deg.: X-S =    92.129354 mb/sr,
+                                         /R =   5.9803E+01
    27.00 deg.: X-S =    72.775720 mb/sr,
+                                         /R =   5.4790E+01
    28.00 deg.: X-S =    59.482193 mb/sr,
+                                         /R =   5.1649E+01
    29.00 deg.: X-S =    51.898185 mb/sr,
+                                         /R =   5.1704E+01
    30.00 deg.: X-S =    48.871621 mb/sr,
+                                         /R =   5.5592E+01
    31.00 deg.: X-S =    48.860317 mb/sr,
+                                         /R =   6.3172E+01
    32.00 deg.: X-S =    50.293567 mb/sr,
+                                         /R =   7.3593E+01
    33.00 deg.: X-S =    51.837236 mb/sr,
+                                         /R =   8.5503E+01
    34.00 deg.: X-S =    52.544929 mb/sr,
+                                         /R =   9.7329E+01
    35.00 deg.: X-S =    51.902233 mb/sr,
+                                         /R =   1.0758E+02
    36.00 deg.: X-S =    49.787443 mb/sr,
+                                         /R =   1.1509E+02
    37.00 deg.: X-S =    46.379741 mb/sr,
+                                         /R =   1.1918E+02
    38.00 deg.: X-S =    42.045571 mb/sr,
+                                         /R =   1.1975E+02
    39.00 deg.: X-S =    37.228256 mb/sr,
+                                         /R =   1.1717E+02
    40.00 deg.: X-S =    32.357576 mb/sr,
+                                         /R =   1.1224E+02
    41.00 deg.: X-S =    27.787456 mb/sr,
+                                         /R =   1.0596E+02
    42.00 deg.: X-S =    23.762858 mb/sr,
+                                         /R =   9.9354E+01
    43.00 deg.: X-S =    20.412093 mb/sr,
+                                         /R =   9.3360E+01
    44.00 deg.: X-S =    17.758193 mb/sr,
+                                         /R =   8.8649E+01
    45.00 deg.: X-S =    15.742184 mb/sr,
+                                         /R =   8.5585E+01
    46.00 deg.: X-S =    14.251655 mb/sr,
+                                         /R =   8.4207E+01
    47.00 deg.: X-S =    13.149170 mb/sr,
+                                         /R =   8.4269E+01
    48.00 deg.: X-S =    12.296685 mb/sr,
+                                         /R =   8.5313E+01
    49.00 deg.: X-S =    11.573664 mb/sr,
+                                         /R =   8.6766E+01
    50.00 deg.: X-S =    10.888096 mb/sr,
+                                         /R =   8.8048E+01
    51.00 deg.: X-S =    10.180734 mb/sr,
+                                         /R =   8.8652E+01
    52.00 deg.: X-S =     9.423767 mb/sr,
+                                         /R =   8.8219E+01
    53.00 deg.: X-S =     8.615557 mb/sr,
+                                         /R =   8.6570E+01
    54.00 deg.: X-S =     7.773194 mb/sr,
+                                         /R =   8.3706E+01
    55.00 deg.: X-S =     6.924450 mb/sr,
+                                         /R =   7.9796E+01
    56.00 deg.: X-S =     6.100395 mb/sr,
+                                         /R =   7.5122E+01
    57.00 deg.: X-S =     5.329476 mb/sr,
+                                         /R =   7.0034E+01
    58.00 deg.: X-S =     4.633505 mb/sr,
+                                         /R =   6.4888E+01
    59.00 deg.: X-S =     4.025610 mb/sr,
+                                         /R =   6.0001E+01
    60.00 deg.: X-S =     3.509952 mb/sr,
+                                         /R =   5.5610E+01
    61.00 deg.: X-S =     3.082815 mb/sr,
+                                         /R =   5.1856E+01
    62.00 deg.: X-S =     2.734579 mb/sr,
+                                         /R =   4.8778E+01
    63.00 deg.: X-S =     2.452081 mb/sr,
+                                         /R =   4.6328E+01
    64.00 deg.: X-S =     2.220891 mb/sr,
+                                         /R =   4.4395E+01
    65.00 deg.: X-S =     2.027201 mb/sr,
+                                         /R =   4.2829E+01
    66.00 deg.: X-S =     1.859120 mb/sr,
+                                         /R =   4.1468E+01
    67.00 deg.: X-S =     1.707363 mb/sr,
+                                         /R =   4.0166E+01
    68.00 deg.: X-S =     1.565414 mb/sr,
+                                         /R =   3.8801E+01
    69.00 deg.: X-S =     1.429309 mb/sr,
+                                         /R =   3.7292E+01
    70.00 deg.: X-S =     1.297216 mb/sr,
+                                         /R =   3.5592E+01
    71.00 deg.: X-S =     1.168926 mb/sr,
+                                         /R =   3.3696E+01
    72.00 deg.: X-S =     1.045347 mb/sr,
+                                         /R =   3.1631E+01
    73.00 deg.: X-S =     0.928028 mb/sr,
+                                         /R =   2.9450E+01
    74.00 deg.: X-S =     0.818734 mb/sr,
+                                         /R =   2.7225E+01
    75.00 deg.: X-S =     0.719076 mb/sr,
+                                         /R =   2.5034E+01
    76.00 deg.: X-S =     0.630219 mb/sr,
+                                         /R =   2.2953E+01
    77.00 deg.: X-S =     0.552697 mb/sr,
+                                         /R =   2.1041E+01
    78.00 deg.: X-S =     0.486352 mb/sr,
+                                         /R =   1.9338E+01
    79.00 deg.: X-S =     0.430390 mb/sr,
+                                         /R =   1.7860E+01
    80.00 deg.: X-S =     0.383553 mb/sr,
+                                         /R =   1.6598E+01
    81.00 deg.: X-S =     0.344332 mb/sr,
+                                         /R =   1.5528E+01
    82.00 deg.: X-S =     0.311181 mb/sr,
+                                         /R =   1.4614E+01
    83.00 deg.: X-S =     0.282692 mb/sr,
+                                         /R =   1.3815E+01
    84.00 deg.: X-S =     0.257689 mb/sr,
+                                         /R =   1.3095E+01
    85.00 deg.: X-S =     0.235260 mb/sr,
+                                         /R =   1.2424E+01
    86.00 deg.: X-S =     0.214736 mb/sr,
+                                         /R =   1.1776E+01
    87.00 deg.: X-S =     0.195649 mb/sr,
+                                         /R =   1.1135E+01
    88.00 deg.: X-S =     0.177692 mb/sr,
+                                         /R =   1.0489E+01
    89.00 deg.: X-S =     0.160694 mb/sr,
+                                         /R =   9.8315E+00
    90.00 deg.: X-S =     0.144592 mb/sr,
+                                         /R =   9.1634E+00
    91.00 deg.: X-S =     0.129421 mb/sr,
+                                         /R =   8.4907E+00
    92.00 deg.: X-S =     0.115277 mb/sr,
+                                         /R =   7.8244E+00
    93.00 deg.: X-S =     0.102285 mb/sr,
+                                         /R =   7.1785E+00
    94.00 deg.: X-S =     0.090554 mb/sr,
+                                         /R =   6.5673E+00
    95.00 deg.: X-S =     0.080141 mb/sr,
+                                         /R =   6.0028E+00
    96.00 deg.: X-S =     0.071037 mb/sr,
+                                         /R =   5.4922E+00
    97.00 deg.: X-S =     0.063164 mb/sr,
+                                         /R =   5.0381E+00
    98.00 deg.: X-S =     0.056399 mb/sr,
+                                         /R =   4.6383E+00
    99.00 deg.: X-S =     0.050596 mb/sr,
+                                         /R =   4.2882E+00
   100.00 deg.: X-S =     0.045610 mb/sr,
+                                         /R =   3.9815E+00
   101.00 deg.: X-S =     0.041310 mb/sr,
+                                         /R =   3.7124E+00
   102.00 deg.: X-S =     0.037582 mb/sr,
+                                         /R =   3.4751E+00
   103.00 deg.: X-S =     0.034323 mb/sr,
+                                         /R =   3.2639E+00
   104.00 deg.: X-S =     0.031436 mb/sr,
+                                         /R =   3.0728E+00
   105.00 deg.: X-S =     0.028830 mb/sr,
+                                         /R =   2.8953E+00
   106.00 deg.: X-S =     0.026426 mb/sr,
+                                         /R =   2.7252E+00
   107.00 deg.: X-S =     0.024162 mb/sr,
+                                         /R =   2.5575E+00
   108.00 deg.: X-S =     0.022004 mb/sr,
+                                         /R =   2.3895E+00
   109.00 deg.: X-S =     0.019944 mb/sr,
+                                         /R =   2.2209E+00
   110.00 deg.: X-S =     0.017994 mb/sr,
+                                         /R =   2.0538E+00
   111.00 deg.: X-S =     0.016176 mb/sr,
+                                         /R =   1.8916E+00
   112.00 deg.: X-S =     0.014510 mb/sr,
+                                         /R =   1.7376E+00
   113.00 deg.: X-S =     0.013004 mb/sr,
+                                         /R =   1.5939E+00
   114.00 deg.: X-S =     0.011653 mb/sr,
+                                         /R =   1.4614E+00
   115.00 deg.: X-S =     0.010443 mb/sr,
+                                         /R =   1.3394E+00
   116.00 deg.: X-S =     0.009359 mb/sr,
+                                         /R =   1.2271E+00
   117.00 deg.: X-S =     0.008389 mb/sr,
+                                         /R =   1.1240E+00
   118.00 deg.: X-S =     0.007528 mb/sr,
+                                         /R =   1.0302E+00
   119.00 deg.: X-S =     0.006773 mb/sr,
+                                         /R =   9.4637E-01
   120.00 deg.: X-S =     0.006124 mb/sr,
+                                         /R =   8.7324E-01
   121.00 deg.: X-S =     0.005573 mb/sr,
+                                         /R =   8.1074E-01
   122.00 deg.: X-S =     0.005108 mb/sr,
+                                         /R =   7.5775E-01
   123.00 deg.: X-S =     0.004710 mb/sr,
+                                         /R =   7.1217E-01
   124.00 deg.: X-S =     0.004358 mb/sr,
+                                         /R =   6.7150E-01
   125.00 deg.: X-S =     0.004037 mb/sr,
+                                         /R =   6.3351E-01
   126.00 deg.: X-S =     0.003735 mb/sr,
+                                         /R =   5.9682E-01
   127.00 deg.: X-S =     0.003450 mb/sr,
+                                         /R =   5.6099E-01
   128.00 deg.: X-S =     0.003181 mb/sr,
+                                         /R =   5.2629E-01
   129.00 deg.: X-S =     0.002931 mb/sr,
+                                         /R =   4.9308E-01
   130.00 deg.: X-S =     0.002698 mb/sr,
+                                         /R =   4.6137E-01
   131.00 deg.: X-S =     0.002478 mb/sr,
+                                         /R =   4.3068E-01
   132.00 deg.: X-S =     0.002267 mb/sr,
+                                         /R =   4.0023E-01
   133.00 deg.: X-S =     0.002060 mb/sr,
+                                         /R =   3.6940E-01
   134.00 deg.: X-S =     0.001858 mb/sr,
+                                         /R =   3.3815E-01
   135.00 deg.: X-S =     0.001664 mb/sr,
+                                         /R =   3.0725E-01
   136.00 deg.: X-S =     0.001484 mb/sr,
+                                         /R =   2.7803E-01
   137.00 deg.: X-S =     0.001326 mb/sr,
+                                         /R =   2.5194E-01
   138.00 deg.: X-S =     0.001195 mb/sr,
+                                         /R =   2.3005E-01
   139.00 deg.: X-S =     0.001090 mb/sr,
+                                         /R =   2.1262E-01
   140.00 deg.: X-S =     0.001007 mb/sr,
+                                         /R =   1.9907E-01
   141.00 deg.: X-S =     0.000941 mb/sr,
+                                         /R =   1.8825E-01
   142.00 deg.: X-S =     0.000883 mb/sr,
+                                         /R =   1.7890E-01
   143.00 deg.: X-S =     0.000830 mb/sr,
+                                         /R =   1.7007E-01
   144.00 deg.: X-S =     0.000778 mb/sr,
+                                         /R =   1.6130E-01
   145.00 deg.: X-S =     0.000728 mb/sr,
+                                         /R =   1.5259E-01
   146.00 deg.: X-S =     0.000680 mb/sr,
+                                         /R =   1.4410E-01
   147.00 deg.: X-S =     0.000634 mb/sr,
+                                         /R =   1.3585E-01
   148.00 deg.: X-S =     0.000590 mb/sr,
+                                         /R =   1.2762E-01
   149.00 deg.: X-S =     0.000545 mb/sr,
+                                         /R =   1.1903E-01
   150.00 deg.: X-S =     0.000498 mb/sr,
+                                         /R =   1.0986E-01
   151.00 deg.: X-S =     0.000450 mb/sr,
+                                         /R =   1.0025E-01
   152.00 deg.: X-S =     0.000404 mb/sr,
+                                         /R =   9.0861E-02
   153.00 deg.: X-S =     0.000365 mb/sr,
+                                         /R =   8.2724E-02
   154.00 deg.: X-S =     0.000336 mb/sr,
+                                         /R =   7.6872E-02
   155.00 deg.: X-S =     0.000321 mb/sr,
+                                         /R =   7.3953E-02
   156.00 deg.: X-S =     0.000319 mb/sr,
+                                         /R =   7.3935E-02
   157.00 deg.: X-S =     0.000325 mb/sr,
+                                         /R =   7.6042E-02
   158.00 deg.: X-S =     0.000335 mb/sr,
+                                         /R =   7.8939E-02
   159.00 deg.: X-S =     0.000342 mb/sr,
+                                         /R =   8.1104E-02
   160.00 deg.: X-S =     0.000341 mb/sr,
+                                         /R =   8.1245E-02
   161.00 deg.: X-S =     0.000328 mb/sr,
+                                         /R =   7.8618E-02
   162.00 deg.: X-S =     0.000303 mb/sr,
+                                         /R =   7.3145E-02
   163.00 deg.: X-S =     0.000269 mb/sr,
+                                         /R =   6.5319E-02
   164.00 deg.: X-S =     0.000230 mb/sr,
+                                         /R =   5.5976E-02
   165.00 deg.: X-S =     0.000188 mb/sr,
+                                         /R =   4.6070E-02
   166.00 deg.: X-S =     0.000149 mb/sr,
+                                         /R =   3.6564E-02
   167.00 deg.: X-S =     0.000115 mb/sr,
+                                         /R =   2.8460E-02
   168.00 deg.: X-S =   9.2323E-05 mb/sr,
+                                         /R =   2.2895E-02
   169.00 deg.: X-S =   8.5029E-05 mb/sr,
+                                         /R =   2.1160E-02
   170.00 deg.: X-S =   9.8428E-05 mb/sr,
+                                         /R =   2.4573E-02
   171.00 deg.: X-S =     0.000137 mb/sr,
+                                         /R =   3.4195E-02
   172.00 deg.: X-S =     0.000201 mb/sr,
+                                         /R =   5.0499E-02
   173.00 deg.: X-S =     0.000291 mb/sr,
+                                         /R =   7.3128E-02
   174.00 deg.: X-S =     0.000400 mb/sr,
+                                         /R =   1.0081E-01
   175.00 deg.: X-S =     0.000521 mb/sr,
+                                         /R =   1.3147E-01
   176.00 deg.: X-S =     0.000642 mb/sr,
+                                         /R =   1.6244E-01
   177.00 deg.: X-S =     0.000753 mb/sr,
+                                         /R =   1.9075E-01
   178.00 deg.: X-S =     0.000843 mb/sr,
+                                         /R =   2.1351E-01
   179.00 deg.: X-S =     0.000901 mb/sr,
+                                         /R =   2.2828E-01
   179.99 deg.: X-S =     0.000921 mb/sr,
+                                         /R =   2.3339E-01
                                           Integrated********** mb, over [   0.000, 180.000] at   145.0000 MeV 
 Finished all xsecs @    1.56250000E-02

  The following files have been created:
   3:local copy of User input.            6:standard output.                   
  13:total cross sections/state.         39:cross sections for each Ecm.       
  40:all cross sectns. for each Elab.    56:Fusion for each Jtotal.            

 PARAMETERS : MAXQRN   MFNL   MLOC  LMAX1 MCLIST
    ALLOWED :      1      1      4    170      6
    REQUIRED:      0      0      4     30      3


 ACCURACY ANALYSIS at   145.000 MeV :

  Elastic h*k = 0.105 so OK       compared with 0.200

   Real(S-el) > 0.01 first at J =       3.0
   Real(S-el) > 0.10 first at J =       5.0
   Real(S-el) > 0.50 first at J =      13.0
   Real(S-el) > 0.90 first at J =      16.0
   Real(S-el) > 0.99 first at J =      20.0
   R-turn =    11.24 fm    at J =      29.0

 Forward-angle excitation cut off below   0.406 deg by max JT =      29.0
                              and below   0.091 deg by max R.

 Total CPU  0 time =       0.02 seconds
