 FRESCO - FRES 3.4: Coupled Reaction Channels
 Assuming NAMELIST input.

 Test reaction with generated potential                                          

   0.040  50.000   0.500   0.000   0.000   0.000   0.000   0.000   0.000   0.000

 Centre-of-mass Range is   1252 * 0.0400 fm., Maximum at  50.00 fm., Interpolating NL forms every  0.52 fm.
 Non - locality width is      4 * 0.0400 fm., Maximum of   0.12 fm., Centred at  0.00 fm.
 2-Nucleon Separation of      0 * 0.5200 fm., Maximum of   0.00 fm., Minimum at  0.00 fm.
 Maximum single particle bins of 49.9200 fm.
               M,Mint =         1251        1249


 Range of total J is     0.0 <= J <=   150.0 (at least     0.0) and Absorbtion =>     0.1000 mb.
 Dry Run = F, CC set limits =  0  0, Relativistic kinematics =  , Both/Far/Near Analyses =  1                     

 Cross Sections (and up to T0 for 0=projectile) for Theta from   0.0 to 180.0 in steps of  1.0 degrees, DGAM=0,  Coordinates = 0 (Mads)

 Lower Radial Cutoff = maximum of -1.60*L*h &       0.0 fm.,  Lower Cutoff for Couplings =   0.0  fm.


 Iterate Couplings between   0 and   0 times, to  0.000 % if sooner.                                          
  Block solved exactly =   0 chs., with Pade = 0 & Isocen =  =0, NOSOL = F, initwf =  0
  NL quadrature with   18 Gaussian points, Calculate multipoles up to   156 from   0
  M-transfers for lp+lt greater than or equal to  6, Angular Integration Cutoff below  2.7778 %


 Trace switches are :  CHANS =  0, LISTCC =  0, TRENEG =  0, CDETR =  0, SMATS =  0, XSTABL =  0, NLPL =  0

                       WAVES =  0, LAMPL =  0, VEFF =  0, KFUS =  0, WDISK =  0, BPM =  0, MELFIL =  0

                       CDCC =  0, NFUS =  0

 Using unit mass = 1.000000 amu and 1/fine-structure constant = 137.03599 ( 1.000000 * true ) with hc = 197.32705 MeV.fm,
  thus 2*amu/hbar^2 = 0.0478450 = 1/20.9008 and Coulomb constant = 0.1574855 so e^2 = 1.43997, and nuclear magneton= 0.1261183

 Now pre-scan input and save to file 3



 *********** PARTITION NUMBER  1 ******************************************************************************************

   PROJ=4He        MASS=  4.0000 Z=   2.0,        # STATES=    1T, TARG=4He      MASS=  4.0000 Z=   2.0,     Q-VALUE =   0.0000 MEV.

     1:  J= 0.0+ (B# 1), E=  0.0000, K= 0.0              Potl#  1       J= 0.0+ (B# 1), E=  0.0000, K= 0.0    


 ************************************************************************************************************************************

 The following POTENTIALS are defined :

  KP#       TYPE      IT    SHAPE      at     V1        r1        a1        V2        r2        a2        A-in     A-used


                                            A#1       A#2        r0c       ac                                                h @ 1
    1    0=Coulomb       0=CHARGE (WS)  1     4.000     2.000    3.9685    0.0000    0.0000    0.0000     0.000    23.084   0.04000

    1    1=Volume        0=Woods-Saxon  2   70.0000    1.2500    0.6500   15.0000    1.2500    0.6500     0.000    23.084

    1    2=Surface       0=Woods-Saxon  3    0.0000    0.0000    0.0000    5.0000    1.3000    0.6500     0.000    23.084

    1    3=Projtl S.O.   0=Woods-Saxon  4    0.0000    1.0000    0.6500    0.0000    0.0000    0.0000     0.000    23.084

 Incoming partition  1 in excitation state # 1,   Laboratory Energy given for partition  1 Nucleus 1 in Excitation pair 1

0Lab. ENERGY ranges :

   from    80.0000     to   0.00000     in     0 intervals
   from    0.00000     to   0.00000     in     0 intervals
   from    0.00000     to   0.00000     in     0 intervals

 Largest real,imaginary parts of any form factor at R=   49.60 are   2.90E-02  4.31E-30 MeV
 Finished all Couplings @    1.56250000E-02           4

 Symmetric Hamiltonian
1***********************************************************************************************************************************
************************************************************************************************************************************

        INCOMING 4He      ;    LABORATORY 4He      ENERGY =   80.000     MeV.

 ***********************************************************************************************************************************
 ***********************************************************************************************************************************


  NOTE: Coulomb excitation cut off below   0.107 deg by JTMAX, and below   0.165 deg by Rmax

 Allocate arrays for            1  channels, of which            1  need wfs.
 Reaction Xsec    22.0+/22 @ 1 =   0.031 , Out:   0.000#
 Reaction Xsec    23.0-/23 @ 1 =   0.015 , Out:   0.000#
 Finished all CC sets @    1.56250000E-02
0CUMULATIVE REACTION cross section                 = 1041.92918  <L> =     7.25  <L**2> =     61.6
0CUMULATIVE outgoing cross sections in partition 1 :    0.00000
0Cumulative ABSORBTION by Imaginary Potentials     = 1041.92918  <L> =     7.25  <L**2> =     61.6
   Fusion for specific 4He      M-states : 1041.929178
0CUMULATIVE OUTGOING cross section                 =    0.00000
 To convert to S-factors (MeV.mb = keV.b),  multiply by  9.6924E+01


 CROSS SECTIONS FOR OUTGOING 4He      & 4He      in state #   1 with spins & parities 0.0  + &  0.0  +;  0

     0.01 deg.: X-S =   2.2345E+14 mb/sr,
+                                         /R =   9.9999E-01
     1.00 deg.: X-S =   2.0184E+06 mb/sr,
+                                         /R =   9.0319E-01
     2.00 deg.: X-S =   1.0414E+05 mb/sr,
+                                         /R =   7.4548E-01
     3.00 deg.: X-S =   2.0284E+04 mb/sr,
+                                         /R =   7.3493E-01
     4.00 deg.: X-S =  9626.453048 mb/sr,
+                                         /R =   1.1019E+00
     5.00 deg.: X-S =  7340.851137 mb/sr,
+                                         /R =   2.0506E+00
     6.00 deg.: X-S =  6389.957098 mb/sr,
+                                         /R =   3.6993E+00
     7.00 deg.: X-S =  5629.945133 mb/sr,
+                                         /R =   6.0342E+00
     8.00 deg.: X-S =  4865.974719 mb/sr,
+                                         /R =   8.8905E+00
     9.00 deg.: X-S =  4092.156281 mb/sr,
+                                         /R =   1.1966E+01
    10.00 deg.: X-S =  3339.055809 mb/sr,
+                                         /R =   1.4867E+01
    11.00 deg.: X-S =  2638.051938 mb/sr,
+                                         /R =   1.7179E+01
    12.00 deg.: X-S =  2012.688027 mb/sr,
+                                         /R =   1.8541E+01
    13.00 deg.: X-S =  1477.189769 mb/sr,
+                                         /R =   1.8719E+01
    14.00 deg.: X-S =  1037.158666 mb/sr,
+                                         /R =   1.7654E+01
    15.00 deg.: X-S =   691.020788 mb/sr,
+                                         /R =   1.5477E+01
    16.00 deg.: X-S =   431.739521 mb/sr,
+                                         /R =   1.2499E+01
    17.00 deg.: X-S =   248.559990 mb/sr,
+                                         /R =   9.1549E+00
    18.00 deg.: X-S =   128.639028 mb/sr,
+                                         /R =   5.9445E+00
    19.00 deg.: X-S =    58.460101 mb/sr,
+                                         /R =   3.3474E+00
    20.00 deg.: X-S =    24.970227 mb/sr,
+                                         /R =   1.7519E+00
    21.00 deg.: X-S =    16.411306 mb/sr,
+                                         /R =   1.3967E+00
    22.00 deg.: X-S =    22.849471 mb/sr,
+                                         /R =   2.3372E+00
    23.00 deg.: X-S =    36.430748 mb/sr,
+                                         /R =   4.4413E+00
    24.00 deg.: X-S =    51.408081 mb/sr,
+                                         /R =   7.4125E+00
    25.00 deg.: X-S =    63.993492 mb/sr,
+                                         /R =   1.0837E+01
    26.00 deg.: X-S =    72.090897 mb/sr,
+                                         /R =   1.4245E+01
    27.00 deg.: X-S =    74.961404 mb/sr,
+                                         /R =   1.7179E+01
    28.00 deg.: X-S =    72.865649 mb/sr,
+                                         /R =   1.9259E+01
    29.00 deg.: X-S =    66.718510 mb/sr,
+                                         /R =   2.0233E+01
    30.00 deg.: X-S =    57.781743 mb/sr,
+                                         /R =   2.0007E+01
    31.00 deg.: X-S =    47.410736 mb/sr,
+                                         /R =   1.8659E+01
    32.00 deg.: X-S =    36.863254 mb/sr,
+                                         /R =   1.6420E+01
    33.00 deg.: X-S =    27.171119 mb/sr,
+                                         /R =   1.3642E+01
    34.00 deg.: X-S =    19.070415 mb/sr,
+                                         /R =   1.0753E+01
    35.00 deg.: X-S =    12.981923 mb/sr,
+                                         /R =   8.1907E+00
    36.00 deg.: X-S =     9.031162 mb/sr,
+                                         /R =   6.3546E+00
    37.00 deg.: X-S =     7.096347 mb/sr,
+                                         /R =   5.5508E+00
    38.00 deg.: X-S =     6.872702 mb/sr,
+                                         /R =   5.9581E+00
    39.00 deg.: X-S =     7.942639 mb/sr,
+                                         /R =   7.6096E+00
    40.00 deg.: X-S =     9.843093 mb/sr,
+                                         /R =   1.0393E+01
    41.00 deg.: X-S =    12.123495 mb/sr,
+                                         /R =   1.4072E+01
    42.00 deg.: X-S =    14.390261 mb/sr,
+                                         /R =   1.8315E+01
    43.00 deg.: X-S =    16.335944 mb/sr,
+                                         /R =   2.2744E+01
    44.00 deg.: X-S =    17.753226 mb/sr,
+                                         /R =   2.6977E+01
    45.00 deg.: X-S =    18.535482 mb/sr,
+                                         /R =   3.0675E+01
    46.00 deg.: X-S =    18.666718 mb/sr,
+                                         /R =   3.3573E+01
    47.00 deg.: X-S =    18.204213 mb/sr,
+                                         /R =   3.5513E+01
    48.00 deg.: X-S =    17.257251 mb/sr,
+                                         /R =   3.6445E+01
    49.00 deg.: X-S =    15.965021 mb/sr,
+                                         /R =   3.6433E+01
    50.00 deg.: X-S =    14.476159 mb/sr,
+                                         /R =   3.5634E+01
    51.00 deg.: X-S =    12.931698 mb/sr,
+                                         /R =   3.4277E+01
    52.00 deg.: X-S =    11.452421 mb/sr,
+                                         /R =   3.2635E+01
    53.00 deg.: X-S =    10.130940 mb/sr,
+                                         /R =   3.0987E+01
    54.00 deg.: X-S =     9.028240 mb/sr,
+                                         /R =   2.9594E+01
    55.00 deg.: X-S =     8.174056 mb/sr,
+                                         /R =   2.8673E+01
    56.00 deg.: X-S =     7.570171 mb/sr,
+                                         /R =   2.8377E+01
    57.00 deg.: X-S =     7.195685 mb/sr,
+                                         /R =   2.8783E+01
    58.00 deg.: X-S =     7.013298 mb/sr,
+                                         /R =   2.9897E+01
    59.00 deg.: X-S =     6.975812 mb/sr,
+                                         /R =   3.1649E+01
    60.00 deg.: X-S =     7.032198 mb/sr,
+                                         /R =   3.3915E+01
    61.00 deg.: X-S =     7.132790 mb/sr,
+                                         /R =   3.6522E+01
    62.00 deg.: X-S =     7.233340 mb/sr,
+                                         /R =   3.9275E+01
    63.00 deg.: X-S =     7.297827 mb/sr,
+                                         /R =   4.1971E+01
    64.00 deg.: X-S =     7.300056 mb/sr,
+                                         /R =   4.4420E+01
    65.00 deg.: X-S =     7.224144 mb/sr,
+                                         /R =   4.6459E+01
    66.00 deg.: X-S =     7.064086 mb/sr,
+                                         /R =   4.7963E+01
    67.00 deg.: X-S =     6.822589 mb/sr,
+                                         /R =   4.8857E+01
    68.00 deg.: X-S =     6.509413 mb/sr,
+                                         /R =   4.9114E+01
    69.00 deg.: X-S =     6.139412 mb/sr,
+                                         /R =   4.8759E+01
    70.00 deg.: X-S =     5.730489 mb/sr,
+                                         /R =   4.7860E+01
    71.00 deg.: X-S =     5.301633 mb/sr,
+                                         /R =   4.6520E+01
    72.00 deg.: X-S =     4.871176 mb/sr,
+                                         /R =   4.4867E+01
    73.00 deg.: X-S =     4.455387 mb/sr,
+                                         /R =   4.3038E+01
    74.00 deg.: X-S =     4.067460 mb/sr,
+                                         /R =   4.1171E+01
    75.00 deg.: X-S =     3.716924 mb/sr,
+                                         /R =   3.9390E+01
    76.00 deg.: X-S =     3.409461 mb/sr,
+                                         /R =   3.7798E+01
    77.00 deg.: X-S =     3.147076 mb/sr,
+                                         /R =   3.6469E+01
    78.00 deg.: X-S =     2.928555 mb/sr,
+                                         /R =   3.5445E+01
    79.00 deg.: X-S =     2.750110 mb/sr,
+                                         /R =   3.4738E+01
    80.00 deg.: X-S =     2.606130 mb/sr,
+                                         /R =   3.4331E+01
    81.00 deg.: X-S =     2.489942 mb/sr,
+                                         /R =   3.4181E+01
    82.00 deg.: X-S =     2.394517 mb/sr,
+                                         /R =   3.4230E+01
    83.00 deg.: X-S =     2.313065 mb/sr,
+                                         /R =   3.4408E+01
    84.00 deg.: X-S =     2.239500 mb/sr,
+                                         /R =   3.4643E+01
    85.00 deg.: X-S =     2.168751 mb/sr,
+                                         /R =   3.4863E+01
    86.00 deg.: X-S =     2.096933 mb/sr,
+                                         /R =   3.5005E+01
    87.00 deg.: X-S =     2.021393 mb/sr,
+                                         /R =   3.5020E+01
    88.00 deg.: X-S =     1.940656 mb/sr,
+                                         /R =   3.4870E+01
    89.00 deg.: X-S =     1.854292 mb/sr,
+                                         /R =   3.4534E+01
    90.00 deg.: X-S =     1.762729 mb/sr,
+                                         /R =   3.4005E+01
    91.00 deg.: X-S =     1.667044 mb/sr,
+                                         /R =   3.3291E+01
    92.00 deg.: X-S =     1.568739 mb/sr,
+                                         /R =   3.2412E+01
    93.00 deg.: X-S =     1.469537 mb/sr,
+                                         /R =   3.1394E+01
    94.00 deg.: X-S =     1.371188 mb/sr,
+                                         /R =   3.0271E+01
    95.00 deg.: X-S =     1.275326 mb/sr,
+                                         /R =   2.9078E+01
    96.00 deg.: X-S =     1.183357 mb/sr,
+                                         /R =   2.7850E+01
    97.00 deg.: X-S =     1.096397 mb/sr,
+                                         /R =   2.6620E+01
    98.00 deg.: X-S =     1.015245 mb/sr,
+                                         /R =   2.5416E+01
    99.00 deg.: X-S =     0.940396 mb/sr,
+                                         /R =   2.4261E+01
   100.00 deg.: X-S =     0.872074 mb/sr,
+                                         /R =   2.3173E+01
   101.00 deg.: X-S =     0.810280 mb/sr,
+                                         /R =   2.2165E+01
   102.00 deg.: X-S =     0.754845 mb/sr,
+                                         /R =   2.1246E+01
   103.00 deg.: X-S =     0.705477 mb/sr,
+                                         /R =   2.0421E+01
   104.00 deg.: X-S =     0.661798 mb/sr,
+                                         /R =   1.9691E+01
   105.00 deg.: X-S =     0.623369 mb/sr,
+                                         /R =   1.9056E+01
   106.00 deg.: X-S =     0.589706 mb/sr,
+                                         /R =   1.8512E+01
   107.00 deg.: X-S =     0.560287 mb/sr,
+                                         /R =   1.8053E+01
   108.00 deg.: X-S =     0.534560 mb/sr,
+                                         /R =   1.7670E+01
   109.00 deg.: X-S =     0.511946 mb/sr,
+                                         /R =   1.7353E+01
   110.00 deg.: X-S =     0.491843 mb/sr,
+                                         /R =   1.7088E+01
   111.00 deg.: X-S =     0.473643 mb/sr,
+                                         /R =   1.6859E+01
   112.00 deg.: X-S =     0.456744 mb/sr,
+                                         /R =   1.6649E+01
   113.00 deg.: X-S =     0.440568 mb/sr,
+                                         /R =   1.6438E+01
   114.00 deg.: X-S =     0.424582 mb/sr,
+                                         /R =   1.6209E+01
   115.00 deg.: X-S =     0.408320 mb/sr,
+                                         /R =   1.5942E+01
   116.00 deg.: X-S =     0.391403 mb/sr,
+                                         /R =   1.5621E+01
   117.00 deg.: X-S =     0.373563 mb/sr,
+                                         /R =   1.5235E+01
   118.00 deg.: X-S =     0.354654 mb/sr,
+                                         /R =   1.4773E+01
   119.00 deg.: X-S =     0.334672 mb/sr,
+                                         /R =   1.4234E+01
   120.00 deg.: X-S =     0.313757 mb/sr,
+                                         /R =   1.3619E+01
   121.00 deg.: X-S =     0.292189 mb/sr,
+                                         /R =   1.2938E+01
   122.00 deg.: X-S =     0.270376 mb/sr,
+                                         /R =   1.2208E+01
   123.00 deg.: X-S =     0.248825 mb/sr,
+                                         /R =   1.1453E+01
   124.00 deg.: X-S =     0.228100 mb/sr,
+                                         /R =   1.0697E+01
   125.00 deg.: X-S =     0.208778 mb/sr,
+                                         /R =   9.9728E+00
   126.00 deg.: X-S =     0.191393 mb/sr,
+                                         /R =   9.3082E+00
   127.00 deg.: X-S =     0.176380 mb/sr,
+                                         /R =   8.7303E+00
   128.00 deg.: X-S =     0.164031 mb/sr,
+                                         /R =   8.2601E+00
   129.00 deg.: X-S =     0.154463 mb/sr,
+                                         /R =   7.9103E+00
   130.00 deg.: X-S =     0.147594 mb/sr,
+                                         /R =   7.6840E+00
   131.00 deg.: X-S =     0.143152 mb/sr,
+                                         /R =   7.5736E+00
   132.00 deg.: X-S =     0.140693 mb/sr,
+                                         /R =   7.5615E+00
   133.00 deg.: X-S =     0.139642 mb/sr,
+                                         /R =   7.6212E+00
   134.00 deg.: X-S =     0.139345 mb/sr,
+                                         /R =   7.7199E+00
   135.00 deg.: X-S =     0.139129 mb/sr,
+                                         /R =   7.8216E+00
   136.00 deg.: X-S =     0.138362 mb/sr,
+                                         /R =   7.8904E+00
   137.00 deg.: X-S =     0.136518 mb/sr,
+                                         /R =   7.8944E+00
   138.00 deg.: X-S =     0.133220 mb/sr,
+                                         /R =   7.8089E+00
   139.00 deg.: X-S =     0.128275 mb/sr,
+                                         /R =   7.6192E+00
   140.00 deg.: X-S =     0.121696 mb/sr,
+                                         /R =   7.3221E+00
   141.00 deg.: X-S =     0.113700 mb/sr,
+                                         /R =   6.9273E+00
   142.00 deg.: X-S =     0.104682 mb/sr,
+                                         /R =   6.4561E+00
   143.00 deg.: X-S =     0.095186 mb/sr,
+                                         /R =   5.9404E+00
   144.00 deg.: X-S =     0.085840 mb/sr,
+                                         /R =   5.4192E+00
   145.00 deg.: X-S =     0.077301 mb/sr,
+                                         /R =   4.9349E+00
   146.00 deg.: X-S =     0.070174 mb/sr,
+                                         /R =   4.5288E+00
   147.00 deg.: X-S =     0.064953 mb/sr,
+                                         /R =   4.2361E+00
   148.00 deg.: X-S =     0.061953 mb/sr,
+                                         /R =   4.0817E+00
   149.00 deg.: X-S =     0.061271 mb/sr,
+                                         /R =   4.0768E+00
   150.00 deg.: X-S =     0.062764 mb/sr,
+                                         /R =   4.2160E+00
   151.00 deg.: X-S =     0.066050 mb/sr,
+                                         /R =   4.4777E+00
   152.00 deg.: X-S =     0.070539 mb/sr,
+                                         /R =   4.8246E+00
   153.00 deg.: X-S =     0.075489 mb/sr,
+                                         /R =   5.2075E+00
   154.00 deg.: X-S =     0.080078 mb/sr,
+                                         /R =   5.5696E+00
   155.00 deg.: X-S =     0.083491 mb/sr,
+                                         /R =   5.8531E+00
   156.00 deg.: X-S =     0.085012 mb/sr,
+                                         /R =   6.0050E+00
   157.00 deg.: X-S =     0.084108 mb/sr,
+                                         /R =   5.9845E+00
   158.00 deg.: X-S =     0.080500 mb/sr,
+                                         /R =   5.7677E+00
   159.00 deg.: X-S =     0.074214 mb/sr,
+                                         /R =   5.3526E+00
   160.00 deg.: X-S =     0.065601 mb/sr,
+                                         /R =   4.7614E+00
   161.00 deg.: X-S =     0.055331 mb/sr,
+                                         /R =   4.0402E+00
   162.00 deg.: X-S =     0.044353 mb/sr,
+                                         /R =   3.2570E+00
   163.00 deg.: X-S =     0.033828 mb/sr,
+                                         /R =   2.4975E+00
   164.00 deg.: X-S =     0.025038 mb/sr,
+                                         /R =   1.8579E+00
   165.00 deg.: X-S =     0.019282 mb/sr,
+                                         /R =   1.4376E+00
   166.00 deg.: X-S =     0.017762 mb/sr,
+                                         /R =   1.3302E+00
   167.00 deg.: X-S =     0.021464 mb/sr,
+                                         /R =   1.6141E+00
   168.00 deg.: X-S =     0.031065 mb/sr,
+                                         /R =   2.3450E+00
   169.00 deg.: X-S =     0.046846 mb/sr,
+                                         /R =   3.5487E+00
   170.00 deg.: X-S =     0.068642 mb/sr,
+                                         /R =   5.2165E+00
   171.00 deg.: X-S =     0.095821 mb/sr,
+                                         /R =   7.3032E+00
   172.00 deg.: X-S =     0.127307 mb/sr,
+                                         /R =   9.7282E+00
   173.00 deg.: X-S =     0.161633 mb/sr,
+                                         /R =   1.2379E+01
   174.00 deg.: X-S =     0.197032 mb/sr,
+                                         /R =   1.5121E+01
   175.00 deg.: X-S =     0.231558 mb/sr,
+                                         /R =   1.7800E+01
   176.00 deg.: X-S =     0.263220 mb/sr,
+                                         /R =   2.0262E+01
   177.00 deg.: X-S =     0.290130 mb/sr,
+                                         /R =   2.2357E+01
   178.00 deg.: X-S =     0.310647 mb/sr,
+                                         /R =   2.3956E+01
   179.00 deg.: X-S =     0.323496 mb/sr,
+                                         /R =   2.4959E+01
   179.99 deg.: X-S =     0.327871 mb/sr,
+                                         /R =   2.5300E+01
                                           Integrated********** mb, over [   0.000, 180.000] at    80.0000 MeV 
 Finished all xsecs @    1.56250000E-02

  The following files have been created:
   3:local copy of User input.            6:standard output.                   
  13:total cross sections/state.         39:cross sections for each Ecm.       
  40:all cross sectns. for each Elab.    56:Fusion for each Jtotal.            

 PARAMETERS : MAXQRN   MFNL   MLOC  LMAX1 MCLIST
    ALLOWED :      1      1      4    170      6
    REQUIRED:      0      0      4     24      3


 ACCURACY ANALYSIS at    80.000 MeV :

  Elastic h*k = 0.078 so OK       compared with 0.200

   Real(S-el) > 0.01 first at J =       6.0
   Real(S-el) > 0.10 first at J =       7.0
   Real(S-el) > 0.50 first at J =      11.0
   Real(S-el) > 0.90 first at J =      12.0
   Real(S-el) > 0.99 first at J =      15.0
   R-turn =    12.08 fm    at J =      23.0

 Forward-angle excitation cut off below   0.687 deg by max JT =      23.0
                              and below   0.165 deg by max R.

 Total CPU  0 time =       0.02 seconds
