 FRESCO - FRES 3.4: Coupled Reaction Channels
 Assuming NAMELIST input.

 Test reaction with generated potential                                          

   0.040  50.000   0.500   0.000   0.000   0.000   0.000   0.000   0.000   0.000

 Centre-of-mass Range is   1252 * 0.0400 fm., Maximum at  50.00 fm., Interpolating NL forms every  0.52 fm.
 Non - locality width is      4 * 0.0400 fm., Maximum of   0.12 fm., Centred at  0.00 fm.
 2-Nucleon Separation of      0 * 0.5200 fm., Maximum of   0.00 fm., Minimum at  0.00 fm.
 Maximum single particle bins of 49.9200 fm.
               M,Mint =         1251        1249


 Range of total J is     0.0 <= J <=   150.0 (at least     0.0) and Absorbtion =>     0.1000 mb.
 Dry Run = F, CC set limits =  0  0, Relativistic kinematics =  , Both/Far/Near Analyses =  1                     

 Cross Sections (and up to T0 for 0=projectile) for Theta from   0.0 to 180.0 in steps of  1.0 degrees, DGAM=0,  Coordinates = 0 (Mads)

 Lower Radial Cutoff = maximum of -1.60*L*h &       0.0 fm.,  Lower Cutoff for Couplings =   0.0  fm.


 Iterate Couplings between   0 and   0 times, to  0.000 % if sooner.                                          
  Block solved exactly =   0 chs., with Pade = 0 & Isocen =  =0, NOSOL = F, initwf =  0
  NL quadrature with   18 Gaussian points, Calculate multipoles up to   156 from   0
  M-transfers for lp+lt greater than or equal to  6, Angular Integration Cutoff below  2.7778 %


 Trace switches are :  CHANS =  0, LISTCC =  0, TRENEG =  0, CDETR =  0, SMATS =  0, XSTABL =  0, NLPL =  0

                       WAVES =  0, LAMPL =  0, VEFF =  0, KFUS =  0, WDISK =  0, BPM =  0, MELFIL =  0

                       CDCC =  0, NFUS =  0

 Using unit mass = 1.000000 amu and 1/fine-structure constant = 137.03599 ( 1.000000 * true ) with hc = 197.32705 MeV.fm,
  thus 2*amu/hbar^2 = 0.0478450 = 1/20.9008 and Coulomb constant = 0.1574855 so e^2 = 1.43997, and nuclear magneton= 0.1261183

 Now pre-scan input and save to file 3



 *********** PARTITION NUMBER  1 ******************************************************************************************

   PROJ=4He        MASS=  4.0000 Z=   2.0,        # STATES=    1T, TARG=4He      MASS=  4.0000 Z=   2.0,     Q-VALUE =   0.0000 MEV.

     1:  J= 0.0+ (B# 1), E=  0.0000, K= 0.0              Potl#  1       J= 0.0+ (B# 1), E=  0.0000, K= 0.0    


 ************************************************************************************************************************************

 The following POTENTIALS are defined :

  KP#       TYPE      IT    SHAPE      at     V1        r1        a1        V2        r2        a2        A-in     A-used


                                            A#1       A#2        r0c       ac                                                h @ 1
    1    0=Coulomb       0=CHARGE (WS)  1     4.000     2.000    3.9685    0.0000    0.0000    0.0000     0.000    23.084   0.04000

    1    1=Volume        0=Woods-Saxon  2   70.0000    1.2500    0.6500   15.0000    1.2500    0.6500     0.000    23.084

    1    2=Surface       0=Woods-Saxon  3    0.0000    0.0000    0.0000    5.0000    1.3000    0.6500     0.000    23.084

    1    3=Projtl S.O.   0=Woods-Saxon  4    0.0000    1.0000    0.6500    0.0000    0.0000    0.0000     0.000    23.084

 Incoming partition  1 in excitation state # 1,   Laboratory Energy given for partition  1 Nucleus 1 in Excitation pair 1

0Lab. ENERGY ranges :

   from    25.0000     to   0.00000     in     0 intervals
   from    0.00000     to   0.00000     in     0 intervals
   from    0.00000     to   0.00000     in     0 intervals

 Largest real,imaginary parts of any form factor at R=   49.60 are   2.90E-02  4.31E-30 MeV
 Finished all Couplings @    1.56250000E-02           4

 Symmetric Hamiltonian
1***********************************************************************************************************************************
************************************************************************************************************************************

        INCOMING 4He      ;    LABORATORY 4He      ENERGY =   25.000     MeV.

 ***********************************************************************************************************************************
 ***********************************************************************************************************************************


  NOTE: Coulomb excitation cut off below   0.192 deg by JTMAX, and below   0.528 deg by Rmax

 Allocate arrays for            1  channels, of which            1  need wfs.
 Reaction Xsec    14.0+/14 @ 1 =   0.015 , Out:   0.000#
 Reaction Xsec    15.0-/15 @ 1 =   4.371/, Out:   0.000#
 Finished all CC sets @    1.56250000E-02
0CUMULATIVE REACTION cross section                 = 1261.85332  <L> =     4.26  <L**2> =     21.6
0CUMULATIVE outgoing cross sections in partition 1 :    0.00000
0Cumulative ABSORBTION by Imaginary Potentials     = 1261.85332  <L> =     4.26  <L**2> =     21.6
   Fusion for specific 4He      M-states : 1261.853322
0CUMULATIVE OUTGOING cross section                 =    0.00000
 To convert to S-factors (MeV.mb = keV.b),  multiply by  6.0882E+01


 CROSS SECTIONS FOR OUTGOING 4He      & 4He      in state #   1 with spins & parities 0.0  + &  0.0  +;  0

     0.01 deg.: X-S =   2.2882E+15 mb/sr,
+                                         /R =   1.0000E+00
     1.00 deg.: X-S =   2.2314E+07 mb/sr,
+                                         /R =   9.7512E-01
     2.00 deg.: X-S =   1.3027E+06 mb/sr,
+                                         /R =   9.1073E-01
     3.00 deg.: X-S =   2.3454E+05 mb/sr,
+                                         /R =   8.2987E-01
     4.00 deg.: X-S =   6.7414E+04 mb/sr,
+                                         /R =   7.5361E-01
     5.00 deg.: X-S =   2.5732E+04 mb/sr,
+                                         /R =   7.0196E-01
     6.00 deg.: X-S =   1.2266E+04 mb/sr,
+                                         /R =   6.9347E-01
     7.00 deg.: X-S =  7111.133525 mb/sr,
+                                         /R =   7.4431E-01
     8.00 deg.: X-S =  4859.495617 mb/sr,
+                                         /R =   8.6705E-01
     9.00 deg.: X-S =  3745.546139 mb/sr,
+                                         /R =   1.0696E+00
    10.00 deg.: X-S =  3114.171205 mb/sr,
+                                         /R =   1.3541E+00
    11.00 deg.: X-S =  2699.451469 mb/sr,
+                                         /R =   1.7167E+00
    12.00 deg.: X-S =  2386.622634 mb/sr,
+                                         /R =   2.1470E+00
    13.00 deg.: X-S =  2124.370574 mb/sr,
+                                         /R =   2.6289E+00
    14.00 deg.: X-S =  1889.600286 mb/sr,
+                                         /R =   3.1410E+00
    15.00 deg.: X-S =  1672.271805 mb/sr,
+                                         /R =   3.6577E+00
    16.00 deg.: X-S =  1468.498646 mb/sr,
+                                         /R =   4.1516E+00
    17.00 deg.: X-S =  1277.262702 mb/sr,
+                                         /R =   4.5941E+00
    18.00 deg.: X-S =  1098.795970 mb/sr,
+                                         /R =   4.9586E+00
    19.00 deg.: X-S =   933.765724 mb/sr,
+                                         /R =   5.2214E+00
    20.00 deg.: X-S =   782.862755 mb/sr,
+                                         /R =   5.3639E+00
    21.00 deg.: X-S =   646.599356 mb/sr,
+                                         /R =   5.3738E+00
    22.00 deg.: X-S =   525.220129 mb/sr,
+                                         /R =   5.2463E+00
    23.00 deg.: X-S =   418.675280 mb/sr,
+                                         /R =   4.9844E+00
    24.00 deg.: X-S =   326.629183 mb/sr,
+                                         /R =   4.5992E+00
    25.00 deg.: X-S =   248.488856 mb/sr,
+                                         /R =   4.1093E+00
    26.00 deg.: X-S =   183.443286 mb/sr,
+                                         /R =   3.5397E+00
    27.00 deg.: X-S =   130.507900 mb/sr,
+                                         /R =   2.9207E+00
    28.00 deg.: X-S =    88.570473 mb/sr,
+                                         /R =   2.2862E+00
    29.00 deg.: X-S =    56.435922 mb/sr,
+                                         /R =   1.6714E+00
    30.00 deg.: X-S =    32.868225 mb/sr,
+                                         /R =   1.1114E+00
    31.00 deg.: X-S =    16.628234 mb/sr,
+                                         /R =   6.3908E-01
    32.00 deg.: X-S =     6.506601 mb/sr,
+                                         /R =   2.8302E-01
    33.00 deg.: X-S =     1.351352 mb/sr,
+                                         /R =   6.6260E-02
    34.00 deg.: X-S =     0.089936 mb/sr,
+                                         /R =   4.9521E-03
    35.00 deg.: X-S =     1.745804 mb/sr,
+                                         /R =   1.0757E-01
    36.00 deg.: X-S =     5.449764 mb/sr,
+                                         /R =   3.7448E-01
    37.00 deg.: X-S =    10.446505 mb/sr,
+                                         /R =   7.9798E-01
    38.00 deg.: X-S =    16.096787 mb/sr,
+                                         /R =   1.3628E+00
    39.00 deg.: X-S =    21.875878 mb/sr,
+                                         /R =   2.0467E+00
    40.00 deg.: X-S =    27.368851 mb/sr,
+                                         /R =   2.8221E+00
    41.00 deg.: X-S =    32.263359 mb/sr,
+                                         /R =   3.6570E+00
    42.00 deg.: X-S =    36.340513 mb/sr,
+                                         /R =   4.5167E+00
    43.00 deg.: X-S =    39.464432 mb/sr,
+                                         /R =   5.3657E+00
    44.00 deg.: X-S =    41.571012 mb/sr,
+                                         /R =   6.1689E+00
    45.00 deg.: X-S =    42.656364 mb/sr,
+                                         /R =   6.8938E+00
    46.00 deg.: X-S =    42.765354 mb/sr,
+                                         /R =   7.5114E+00
    47.00 deg.: X-S =    41.980573 mb/sr,
+                                         /R =   7.9977E+00
    48.00 deg.: X-S =    40.412001 mb/sr,
+                                         /R =   8.3345E+00
    49.00 deg.: X-S =    38.187594 mb/sr,
+                                         /R =   8.5103E+00
    50.00 deg.: X-S =    35.444912 mb/sr,
+                                         /R =   8.5205E+00
    51.00 deg.: X-S =    32.323897 mb/sr,
+                                         /R =   8.3671E+00
    52.00 deg.: X-S =    28.960833 mb/sr,
+                                         /R =   8.0593E+00
    53.00 deg.: X-S =    25.483478 mb/sr,
+                                         /R =   7.6118E+00
    54.00 deg.: X-S =    22.007351 mb/sr,
+                                         /R =   7.0448E+00
    55.00 deg.: X-S =    18.633076 mb/sr,
+                                         /R =   6.3830E+00
    56.00 deg.: X-S =    15.444722 mb/sr,
+                                         /R =   5.6537E+00
    57.00 deg.: X-S =    12.509020 mb/sr,
+                                         /R =   4.8864E+00
    58.00 deg.: X-S =     9.875342 mb/sr,
+                                         /R =   4.1111E+00
    59.00 deg.: X-S =     7.576325 mb/sr,
+                                         /R =   3.3568E+00
    60.00 deg.: X-S =     5.629014 mb/sr,
+                                         /R =   2.6511E+00
    61.00 deg.: X-S =     4.036405 mb/sr,
+                                         /R =   2.0183E+00
    62.00 deg.: X-S =     2.789270 mb/sr,
+                                         /R =   1.4790E+00
    63.00 deg.: X-S =     1.868172 mb/sr,
+                                         /R =   1.0492E+00
    64.00 deg.: X-S =     1.245545 mb/sr,
+                                         /R =   7.4014E-01
    65.00 deg.: X-S =     0.887786 mb/sr,
+                                         /R =   5.5756E-01
    66.00 deg.: X-S =     0.757261 mb/sr,
+                                         /R =   5.0211E-01
    67.00 deg.: X-S =     0.814182 mb/sr,
+                                         /R =   5.6937E-01
    68.00 deg.: X-S =     1.018293 mb/sr,
+                                         /R =   7.5030E-01
    69.00 deg.: X-S =     1.330350 mb/sr,
+                                         /R =   1.0318E+00
    70.00 deg.: X-S =     1.713350 mb/sr,
+                                         /R =   1.3974E+00
    71.00 deg.: X-S =     2.133519 mb/sr,
+                                         /R =   1.8282E+00
    72.00 deg.: X-S =     2.561045 mb/sr,
+                                         /R =   2.3036E+00
    73.00 deg.: X-S =     2.970569 mb/sr,
+                                         /R =   2.8022E+00
    74.00 deg.: X-S =     3.341449 mb/sr,
+                                         /R =   3.3030E+00
    75.00 deg.: X-S =     3.657823 mb/sr,
+                                         /R =   3.7855E+00
    76.00 deg.: X-S =     3.908479 mb/sr,
+                                         /R =   4.2315E+00
    77.00 deg.: X-S =     4.086594 mb/sr,
+                                         /R =   4.6246E+00
    78.00 deg.: X-S =     4.189333 mb/sr,
+                                         /R =   4.9516E+00
    79.00 deg.: X-S =     4.217370 mb/sr,
+                                         /R =   5.2024E+00
    80.00 deg.: X-S =     4.174348 mb/sr,
+                                         /R =   5.3700E+00
    81.00 deg.: X-S =     4.066300 mb/sr,
+                                         /R =   5.4512E+00
    82.00 deg.: X-S =     3.901075 mb/sr,
+                                         /R =   5.4459E+00
    83.00 deg.: X-S =     3.687764 mb/sr,
+                                         /R =   5.3572E+00
    84.00 deg.: X-S =     3.436182 mb/sr,
+                                         /R =   5.1908E+00
    85.00 deg.: X-S =     3.156376 mb/sr,
+                                         /R =   4.9549E+00
    86.00 deg.: X-S =     2.858214 mb/sr,
+                                         /R =   4.6596E+00
    87.00 deg.: X-S =     2.551028 mb/sr,
+                                         /R =   4.3160E+00
    88.00 deg.: X-S =     2.243334 mb/sr,
+                                         /R =   3.9364E+00
    89.00 deg.: X-S =     1.942626 mb/sr,
+                                         /R =   3.5331E+00
    90.00 deg.: X-S =     1.655238 mb/sr,
+                                         /R =   3.1183E+00
    91.00 deg.: X-S =     1.386267 mb/sr,
+                                         /R =   2.7035E+00
    92.00 deg.: X-S =     1.139565 mb/sr,
+                                         /R =   2.2993E+00
    93.00 deg.: X-S =     0.917767 mb/sr,
+                                         /R =   1.9147E+00
    94.00 deg.: X-S =     0.722378 mb/sr,
+                                         /R =   1.5574E+00
    95.00 deg.: X-S =     0.553877 mb/sr,
+                                         /R =   1.2333E+00
    96.00 deg.: X-S =     0.411858 mb/sr,
+                                         /R =   9.4658E-01
    97.00 deg.: X-S =     0.295172 mb/sr,
+                                         /R =   6.9987E-01
    98.00 deg.: X-S =     0.202088 mb/sr,
+                                         /R =   4.9406E-01
    99.00 deg.: X-S =     0.130446 mb/sr,
+                                         /R =   3.2865E-01
   100.00 deg.: X-S =     0.077802 mb/sr,
+                                         /R =   2.0189E-01
   101.00 deg.: X-S =     0.041567 mb/sr,
+                                         /R =   1.1104E-01
   102.00 deg.: X-S =     0.019120 mb/sr,
+                                         /R =   5.2556E-02
   103.00 deg.: X-S =     0.007915 mb/sr,
+                                         /R =   2.2375E-02
   104.00 deg.: X-S =     0.005555 mb/sr,
+                                         /R =   1.6141E-02
   105.00 deg.: X-S =     0.009854 mb/sr,
+                                         /R =   2.9418E-02
   106.00 deg.: X-S =     0.018880 mb/sr,
+                                         /R =   5.7877E-02
   107.00 deg.: X-S =     0.030970 mb/sr,
+                                         /R =   9.7449E-02
   108.00 deg.: X-S =     0.044746 mb/sr,
+                                         /R =   1.4444E-01
   109.00 deg.: X-S =     0.059097 mb/sr,
+                                         /R =   1.9562E-01
   110.00 deg.: X-S =     0.073168 mb/sr,
+                                         /R =   2.4825E-01
   111.00 deg.: X-S =     0.086335 mb/sr,
+                                         /R =   3.0011E-01
   112.00 deg.: X-S =     0.098168 mb/sr,
+                                         /R =   3.4945E-01
   113.00 deg.: X-S =     0.108406 mb/sr,
+                                         /R =   3.9500E-01
   114.00 deg.: X-S =     0.116920 mb/sr,
+                                         /R =   4.3588E-01
   115.00 deg.: X-S =     0.123683 mb/sr,
+                                         /R =   4.7157E-01
   116.00 deg.: X-S =     0.128745 mb/sr,
+                                         /R =   5.0180E-01
   117.00 deg.: X-S =     0.132208 mb/sr,
+                                         /R =   5.2655E-01
   118.00 deg.: X-S =     0.134209 mb/sr,
+                                         /R =   5.4596E-01
   119.00 deg.: X-S =     0.134908 mb/sr,
+                                         /R =   5.6032E-01
   120.00 deg.: X-S =     0.134478 mb/sr,
+                                         /R =   5.7002E-01
   121.00 deg.: X-S =     0.133101 mb/sr,
+                                         /R =   5.7555E-01
   122.00 deg.: X-S =     0.130967 mb/sr,
+                                         /R =   5.7750E-01
   123.00 deg.: X-S =     0.128274 mb/sr,
+                                         /R =   5.7657E-01
   124.00 deg.: X-S =     0.125228 mb/sr,
+                                         /R =   5.7353E-01
   125.00 deg.: X-S =     0.122045 mb/sr,
+                                         /R =   5.6931E-01
   126.00 deg.: X-S =     0.118952 mb/sr,
+                                         /R =   5.6495E-01
   127.00 deg.: X-S =     0.116180 mb/sr,
+                                         /R =   5.6158E-01
   128.00 deg.: X-S =     0.113969 mb/sr,
+                                         /R =   5.6046E-01
   129.00 deg.: X-S =     0.112551 mb/sr,
+                                         /R =   5.6288E-01
   130.00 deg.: X-S =     0.112148 mb/sr,
+                                         /R =   5.7018E-01
   131.00 deg.: X-S =     0.112960 mb/sr,
+                                         /R =   5.8362E-01
   132.00 deg.: X-S =     0.115149 mb/sr,
+                                         /R =   6.0436E-01
   133.00 deg.: X-S =     0.118833 mb/sr,
+                                         /R =   6.3335E-01
   134.00 deg.: X-S =     0.124065 mb/sr,
+                                         /R =   6.7123E-01
   135.00 deg.: X-S =     0.130829 mb/sr,
+                                         /R =   7.1826E-01
   136.00 deg.: X-S =     0.139029 mb/sr,
+                                         /R =   7.7426E-01
   137.00 deg.: X-S =     0.148482 mb/sr,
+                                         /R =   8.3850E-01
   138.00 deg.: X-S =     0.158920 mb/sr,
+                                         /R =   9.0971E-01
   139.00 deg.: X-S =     0.169992 mb/sr,
+                                         /R =   9.8604E-01
   140.00 deg.: X-S =     0.181271 mb/sr,
+                                         /R =   1.0651E+00
   141.00 deg.: X-S =     0.192273 mb/sr,
+                                         /R =   1.1440E+00
   142.00 deg.: X-S =     0.202468 mb/sr,
+                                         /R =   1.2194E+00
   143.00 deg.: X-S =     0.211310 mb/sr,
+                                         /R =   1.2878E+00
   144.00 deg.: X-S =     0.218258 mb/sr,
+                                         /R =   1.3456E+00
   145.00 deg.: X-S =     0.222807 mb/sr,
+                                         /R =   1.3891E+00
   146.00 deg.: X-S =     0.224513 mb/sr,
+                                         /R =   1.4150E+00
   147.00 deg.: X-S =     0.223026 mb/sr,
+                                         /R =   1.4204E+00
   148.00 deg.: X-S =     0.218112 mb/sr,
+                                         /R =   1.4033E+00
   149.00 deg.: X-S =     0.209674 mb/sr,
+                                         /R =   1.3624E+00
   150.00 deg.: X-S =     0.197771 mb/sr,
+                                         /R =   1.2973E+00
   151.00 deg.: X-S =     0.182627 mb/sr,
+                                         /R =   1.2091E+00
   152.00 deg.: X-S =     0.164636 mb/sr,
+                                         /R =   1.0997E+00
   153.00 deg.: X-S =     0.144351 mb/sr,
+                                         /R =   9.7244E-01
   154.00 deg.: X-S =     0.122477 mb/sr,
+                                         /R =   8.3189E-01
   155.00 deg.: X-S =     0.099847 mb/sr,
+                                         /R =   6.8356E-01
   156.00 deg.: X-S =     0.077392 mb/sr,
+                                         /R =   5.3386E-01
   157.00 deg.: X-S =     0.056110 mb/sr,
+                                         /R =   3.8988E-01
   158.00 deg.: X-S =     0.037023 mb/sr,
+                                         /R =   2.5905E-01
   159.00 deg.: X-S =     0.021136 mb/sr,
+                                         /R =   1.4887E-01
   160.00 deg.: X-S =     0.009390 mb/sr,
+                                         /R =   6.6556E-02
   161.00 deg.: X-S =     0.002621 mb/sr,
+                                         /R =   1.8687E-02
   162.00 deg.: X-S =     0.001517 mb/sr,
+                                         /R =   1.0876E-02
   163.00 deg.: X-S =     0.006582 mb/sr,
+                                         /R =   4.7454E-02
   164.00 deg.: X-S =     0.018107 mb/sr,
+                                         /R =   1.3121E-01
   165.00 deg.: X-S =     0.036146 mb/sr,
+                                         /R =   2.6318E-01
   166.00 deg.: X-S =     0.060505 mb/sr,
+                                         /R =   4.4250E-01
   167.00 deg.: X-S =     0.090740 mb/sr,
+                                         /R =   6.6637E-01
   168.00 deg.: X-S =     0.126164 mb/sr,
+                                         /R =   9.3005E-01
   169.00 deg.: X-S =     0.165866 mb/sr,
+                                         /R =   1.2270E+00
   170.00 deg.: X-S =     0.208741 mb/sr,
+                                         /R =   1.5492E+00
   171.00 deg.: X-S =     0.253528 mb/sr,
+                                         /R =   1.8870E+00
   172.00 deg.: X-S =     0.298852 mb/sr,
+                                         /R =   2.2302E+00
   173.00 deg.: X-S =     0.343281 mb/sr,
+                                         /R =   2.5676E+00
   174.00 deg.: X-S =     0.385374 mb/sr,
+                                         /R =   2.8881E+00
   175.00 deg.: X-S =     0.423740 mb/sr,
+                                         /R =   3.1810E+00
   176.00 deg.: X-S =     0.457094 mb/sr,
+                                         /R =   3.4361E+00
   177.00 deg.: X-S =     0.484303 mb/sr,
+                                         /R =   3.6445E+00
   178.00 deg.: X-S =     0.504437 mb/sr,
+                                         /R =   3.7989E+00
   179.00 deg.: X-S =     0.516803 mb/sr,
+                                         /R =   3.8938E+00
   179.99 deg.: X-S =     0.520973 mb/sr,
+                                         /R =   3.9258E+00
                                           Integrated********** mb, over [   0.000, 180.000] at    25.0000 MeV 
 Finished all xsecs @    1.56250000E-02

  The following files have been created:
   3:local copy of User input.            6:standard output.                   
  13:total cross sections/state.         39:cross sections for each Ecm.       
  40:all cross sectns. for each Elab.    56:Fusion for each Jtotal.            

 PARAMETERS : MAXQRN   MFNL   MLOC  LMAX1 MCLIST
    ALLOWED :      1      1      4    170      6
    REQUIRED:      0      0      4     16      3


 ACCURACY ANALYSIS at    25.000 MeV :

  Elastic h*k = 0.044 so OK       compared with 0.200

   Real(S-el) > 0.01 first at J =       1.0
   Real(S-el) > 0.10 first at J =       5.0
   Real(S-el) > 0.50 first at J =       6.0
   Real(S-el) > 0.90 first at J =       8.0
   Real(S-el) > 0.99 first at J =       9.0
   R-turn =    14.40 fm    at J =      15.0

 Forward-angle excitation cut off below   1.863 deg by max JT =      15.0
                              and below   0.528 deg by max R.

 Total CPU  0 time =       0.03 seconds
