 FRESCO - FRES 3.4: Coupled Reaction Channels
 Assuming NAMELIST input.

 Test reaction with generated potential                                          

   0.040  50.000   0.500   0.000   0.000   0.000   0.000   0.000   0.000   0.000

 Centre-of-mass Range is   1252 * 0.0400 fm., Maximum at  50.00 fm., Interpolating NL forms every  0.52 fm.
 Non - locality width is      4 * 0.0400 fm., Maximum of   0.12 fm., Centred at  0.00 fm.
 2-Nucleon Separation of      0 * 0.5200 fm., Maximum of   0.00 fm., Minimum at  0.00 fm.
 Maximum single particle bins of 49.9200 fm.
               M,Mint =         1251        1249


 Range of total J is     0.0 <= J <=   150.0 (at least     0.0) and Absorbtion =>     0.1000 mb.
 Dry Run = F, CC set limits =  0  0, Relativistic kinematics =  , Both/Far/Near Analyses =  1                     

 Cross Sections (and up to T0 for 0=projectile) for Theta from   0.0 to 180.0 in steps of  1.0 degrees, DGAM=0,  Coordinates = 0 (Mads)

 Lower Radial Cutoff = maximum of -1.60*L*h &       0.0 fm.,  Lower Cutoff for Couplings =   0.0  fm.


 Iterate Couplings between   0 and   0 times, to  0.000 % if sooner.                                          
  Block solved exactly =   0 chs., with Pade = 0 & Isocen =  =0, NOSOL = F, initwf =  0
  NL quadrature with   18 Gaussian points, Calculate multipoles up to   156 from   0
  M-transfers for lp+lt greater than or equal to  6, Angular Integration Cutoff below  2.7778 %


 Trace switches are :  CHANS =  0, LISTCC =  0, TRENEG =  0, CDETR =  0, SMATS =  0, XSTABL =  0, NLPL =  0

                       WAVES =  0, LAMPL =  0, VEFF =  0, KFUS =  0, WDISK =  0, BPM =  0, MELFIL =  0

                       CDCC =  0, NFUS =  0

 Using unit mass = 1.000000 amu and 1/fine-structure constant = 137.03599 ( 1.000000 * true ) with hc = 197.32705 MeV.fm,
  thus 2*amu/hbar^2 = 0.0478450 = 1/20.9008 and Coulomb constant = 0.1574855 so e^2 = 1.43997, and nuclear magneton= 0.1261183

 Now pre-scan input and save to file 3



 *********** PARTITION NUMBER  1 ******************************************************************************************

   PROJ=4He        MASS=  4.0000 Z=   2.0,        # STATES=    1T, TARG=4He      MASS=  4.0000 Z=   2.0,     Q-VALUE =   0.0000 MEV.

     1:  J= 0.0+ (B# 1), E=  0.0000, K= 0.0              Potl#  1       J= 0.0+ (B# 1), E=  0.0000, K= 0.0    


 ************************************************************************************************************************************

 The following POTENTIALS are defined :

  KP#       TYPE      IT    SHAPE      at     V1        r1        a1        V2        r2        a2        A-in     A-used


                                            A#1       A#2        r0c       ac                                                h @ 1
    1    0=Coulomb       0=CHARGE (WS)  1     4.000     2.000    3.9685    0.0000    0.0000    0.0000     0.000    23.084   0.04000

    1    1=Volume        0=Woods-Saxon  2   70.0000    1.2500    0.6500   15.0000    1.2500    0.6500     0.000    23.084

    1    2=Surface       0=Woods-Saxon  3    0.0000    0.0000    0.0000    5.0000    1.3000    0.6500     0.000    23.084

    1    3=Projtl S.O.   0=Woods-Saxon  4    0.0000    1.0000    0.6500    0.0000    0.0000    0.0000     0.000    23.084

 Incoming partition  1 in excitation state # 1,   Laboratory Energy given for partition  1 Nucleus 1 in Excitation pair 1

0Lab. ENERGY ranges :

   from    285.000     to   0.00000     in     0 intervals
   from    0.00000     to   0.00000     in     0 intervals
   from    0.00000     to   0.00000     in     0 intervals

 Largest real,imaginary parts of any form factor at R=   49.60 are   2.90E-02  4.31E-30 MeV
 Finished all Couplings @    1.56250000E-02           4

 Symmetric Hamiltonian
1***********************************************************************************************************************************
************************************************************************************************************************************

        INCOMING 4He      ;    LABORATORY 4He      ENERGY =   285.00     MeV.

 ***********************************************************************************************************************************
 ***********************************************************************************************************************************


  NOTE: Coulomb excitation cut off below   0.057 deg by JTMAX, and below   0.046 deg by Rmax

 Allocate arrays for            1  channels, of which            1  need wfs.
 Reaction Xsec    37.0-/37 @ 1 =   0.049 , Out:   0.000#
 Reaction Xsec    38.0+/38 @ 1 =   0.033 , Out:   0.000#
 Finished all CC sets @    1.56250000E-02
0CUMULATIVE REACTION cross section                 =  773.23462  <L> =    12.73  <L**2> =    191.2
0CUMULATIVE outgoing cross sections in partition 1 :    0.00000
0Cumulative ABSORBTION by Imaginary Potentials     =  773.23462  <L> =    12.73  <L**2> =    191.2
   Fusion for specific 4He      M-states :  773.234620
0CUMULATIVE OUTGOING cross section                 =    0.00000
 To convert to S-factors (MeV.mb = keV.b),  multiply by  2.2775E+02


 CROSS SECTIONS FOR OUTGOING 4He      & 4He      in state #   1 with spins & parities 0.0  + &  0.0  +;  0

     0.01 deg.: X-S =   1.7606E+13 mb/sr,
+                                         /R =   9.9993E-01
     1.00 deg.: X-S =   1.3673E+05 mb/sr,
+                                         /R =   7.7651E-01
     2.00 deg.: X-S =   2.1518E+04 mb/sr,
+                                         /R =   1.9551E+00
     3.00 deg.: X-S =   1.7404E+04 mb/sr,
+                                         /R =   8.0030E+00
     4.00 deg.: X-S =   1.4401E+04 mb/sr,
+                                         /R =   2.0921E+01
     5.00 deg.: X-S =   1.0951E+04 mb/sr,
+                                         /R =   3.8823E+01
     6.00 deg.: X-S =  7626.841852 mb/sr,
+                                         /R =   5.6037E+01
     7.00 deg.: X-S =  4845.755100 mb/sr,
+                                         /R =   6.5916E+01
     8.00 deg.: X-S =  2790.195731 mb/sr,
+                                         /R =   6.4699E+01
     9.00 deg.: X-S =  1457.352291 mb/sr,
+                                         /R =   5.4083E+01
    10.00 deg.: X-S =   725.554691 mb/sr,
+                                         /R =   4.1000E+01
    11.00 deg.: X-S =   420.014648 mb/sr,
+                                         /R =   3.4712E+01
    12.00 deg.: X-S =   365.548763 mb/sr,
+                                         /R =   4.2738E+01
    13.00 deg.: X-S =   419.914448 mb/sr,
+                                         /R =   6.7534E+01
    14.00 deg.: X-S =   487.760995 mb/sr,
+                                         /R =   1.0537E+02
    15.00 deg.: X-S =   519.585404 mb/sr,
+                                         /R =   1.4770E+02
    16.00 deg.: X-S =   501.738851 mb/sr,
+                                         /R =   1.8434E+02
    17.00 deg.: X-S =   443.081362 mb/sr,
+                                         /R =   2.0712E+02
    18.00 deg.: X-S =   362.373955 mb/sr,
+                                         /R =   2.1253E+02
    19.00 deg.: X-S =   278.763905 mb/sr,
+                                         /R =   2.0258E+02
    20.00 deg.: X-S =   206.208436 mb/sr,
+                                         /R =   1.8362E+02
    21.00 deg.: X-S =   151.559509 mb/sr,
+                                         /R =   1.6370E+02
    22.00 deg.: X-S =   115.335489 mb/sr,
+                                         /R =   1.4972E+02
    23.00 deg.: X-S =    93.928241 mb/sr,
+                                         /R =   1.4533E+02
    24.00 deg.: X-S =    82.088569 mb/sr,
+                                         /R =   1.5022E+02
    25.00 deg.: X-S =    74.888381 mb/sr,
+                                         /R =   1.6095E+02
    26.00 deg.: X-S =    68.812565 mb/sr,
+                                         /R =   1.7256E+02
    27.00 deg.: X-S =    62.025254 mb/sr,
+                                         /R =   1.8040E+02
    28.00 deg.: X-S =    54.081646 mb/sr,
+                                         /R =   1.8142E+02
    29.00 deg.: X-S =    45.403924 mb/sr,
+                                         /R =   1.7475E+02
    30.00 deg.: X-S =    36.765192 mb/sr,
+                                         /R =   1.6157E+02
    31.00 deg.: X-S =    28.909477 mb/sr,
+                                         /R =   1.4440E+02
    32.00 deg.: X-S =    22.339399 mb/sr,
+                                         /R =   1.2628E+02
    33.00 deg.: X-S =    17.248607 mb/sr,
+                                         /R =   1.0991E+02
    34.00 deg.: X-S =    13.556217 mb/sr,
+                                         /R =   9.7008E+01
    35.00 deg.: X-S =    10.998612 mb/sr,
+                                         /R =   8.8071E+01
    36.00 deg.: X-S =     9.238420 mb/sr,
+                                         /R =   8.2500E+01
    37.00 deg.: X-S =     7.958429 mb/sr,
+                                         /R =   7.9006E+01
    38.00 deg.: X-S =     6.920321 mb/sr,
+                                         /R =   7.6141E+01
    39.00 deg.: X-S =     5.983145 mb/sr,
+                                         /R =   7.2751E+01
    40.00 deg.: X-S =     5.090067 mb/sr,
+                                         /R =   6.8211E+01
    41.00 deg.: X-S =     4.239227 mb/sr,
+                                         /R =   6.2447E+01
    42.00 deg.: X-S =     3.453837 mb/sr,
+                                         /R =   5.5788E+01
    43.00 deg.: X-S =     2.760444 mb/sr,
+                                         /R =   4.8776E+01
    44.00 deg.: X-S =     2.177257 mb/sr,
+                                         /R =   4.1989E+01
    45.00 deg.: X-S =     1.710076 mb/sr,
+                                         /R =   3.5917E+01
    46.00 deg.: X-S =     1.352581 mb/sr,
+                                         /R =   3.0875E+01
    47.00 deg.: X-S =     1.088885 mb/sr,
+                                         /R =   2.6959E+01
    48.00 deg.: X-S =     0.897469 mb/sr,
+                                         /R =   2.4055E+01
    49.00 deg.: X-S =     0.755805 mb/sr,
+                                         /R =   2.1890E+01
    50.00 deg.: X-S =     0.644605 mb/sr,
+                                         /R =   2.0138E+01
    51.00 deg.: X-S =     0.550466 mb/sr,
+                                         /R =   1.8518E+01
    52.00 deg.: X-S =     0.466266 mb/sr,
+                                         /R =   1.6863E+01
    53.00 deg.: X-S =     0.389664 mb/sr,
+                                         /R =   1.5126E+01
    54.00 deg.: X-S =     0.320819 mb/sr,
+                                         /R =   1.3347E+01
    55.00 deg.: X-S =     0.260488 mb/sr,
+                                         /R =   1.1597E+01
    56.00 deg.: X-S =     0.209075 mb/sr,
+                                         /R =   9.9464E+00
    57.00 deg.: X-S =     0.166475 mb/sr,
+                                         /R =   8.4514E+00
    58.00 deg.: X-S =     0.132245 mb/sr,
+                                         /R =   7.1547E+00
    59.00 deg.: X-S =     0.105671 mb/sr,
+                                         /R =   6.0847E+00
    60.00 deg.: X-S =     0.085718 mb/sr,
+                                         /R =   5.2466E+00
    61.00 deg.: X-S =     0.071002 mb/sr,
+                                         /R =   4.6139E+00
    62.00 deg.: X-S =     0.059952 mb/sr,
+                                         /R =   4.1313E+00
    63.00 deg.: X-S =     0.051137 mb/sr,
+                                         /R =   3.7325E+00
    64.00 deg.: X-S =     0.043557 mb/sr,
+                                         /R =   3.3638E+00
    65.00 deg.: X-S =     0.036743 mb/sr,
+                                         /R =   2.9990E+00
    66.00 deg.: X-S =     0.030619 mb/sr,
+                                         /R =   2.6385E+00
    67.00 deg.: X-S =     0.025256 mb/sr,
+                                         /R =   2.2953E+00
    68.00 deg.: X-S =     0.020675 mb/sr,
+                                         /R =   1.9798E+00
    69.00 deg.: X-S =     0.016802 mb/sr,
+                                         /R =   1.6936E+00
    70.00 deg.: X-S =     0.013533 mb/sr,
+                                         /R =   1.4345E+00
    71.00 deg.: X-S =     0.010805 mb/sr,
+                                         /R =   1.2033E+00
    72.00 deg.: X-S =     0.008611 mb/sr,
+                                         /R =   1.0066E+00
    73.00 deg.: X-S =     0.006943 mb/sr,
+                                         /R =   8.5121E-01
    74.00 deg.: X-S =     0.005741 mb/sr,
+                                         /R =   7.3754E-01
    75.00 deg.: X-S =     0.004879 mb/sr,
+                                         /R =   6.5615E-01
    76.00 deg.: X-S =     0.004206 mb/sr,
+                                         /R =   5.9176E-01
    77.00 deg.: X-S =     0.003611 mb/sr,
+                                         /R =   5.3105E-01
    78.00 deg.: X-S =     0.003051 mb/sr,
+                                         /R =   4.6863E-01
    79.00 deg.: X-S =     0.002540 mb/sr,
+                                         /R =   4.0714E-01
    80.00 deg.: X-S =     0.002106 mb/sr,
+                                         /R =   3.5204E-01
    81.00 deg.: X-S =     0.001755 mb/sr,
+                                         /R =   3.0568E-01
    82.00 deg.: X-S =     0.001463 mb/sr,
+                                         /R =   2.6539E-01
    83.00 deg.: X-S =     0.001200 mb/sr,
+                                         /R =   2.2662E-01
    84.00 deg.: X-S =     0.000955 mb/sr,
+                                         /R =   1.8752E-01
    85.00 deg.: X-S =     0.000739 mb/sr,
+                                         /R =   1.5073E-01
    86.00 deg.: X-S =     0.000571 mb/sr,
+                                         /R =   1.2101E-01
    87.00 deg.: X-S =     0.000460 mb/sr,
+                                         /R =   1.0118E-01
    88.00 deg.: X-S =     0.000395 mb/sr,
+                                         /R =   8.9990E-02
    89.00 deg.: X-S =     0.000352 mb/sr,
+                                         /R =   8.3128E-02
    90.00 deg.: X-S =     0.000311 mb/sr,
+                                         /R =   7.6219E-02
    91.00 deg.: X-S =     0.000266 mb/sr,
+                                         /R =   6.7362E-02
    92.00 deg.: X-S =     0.000220 mb/sr,
+                                         /R =   5.7679E-02
    93.00 deg.: X-S =     0.000183 mb/sr,
+                                         /R =   4.9702E-02
    94.00 deg.: X-S =     0.000160 mb/sr,
+                                         /R =   4.4855E-02
    95.00 deg.: X-S =     0.000145 mb/sr,
+                                         /R =   4.2049E-02
    96.00 deg.: X-S =     0.000129 mb/sr,
+                                         /R =   3.8603E-02
    97.00 deg.: X-S =     0.000106 mb/sr,
+                                         /R =   3.2689E-02
    98.00 deg.: X-S =   7.8545E-05 mb/sr,
+                                         /R =   2.4955E-02
    99.00 deg.: X-S =   5.4362E-05 mb/sr,
+                                         /R =   1.7799E-02
   100.00 deg.: X-S =   3.9127E-05 mb/sr,
+                                         /R =   1.3195E-02
   101.00 deg.: X-S =   3.2450E-05 mb/sr,
+                                         /R =   1.1266E-02
   102.00 deg.: X-S =   2.9895E-05 mb/sr,
+                                         /R =   1.0679E-02
   103.00 deg.: X-S =   2.7212E-05 mb/sr,
+                                         /R =   9.9967E-03
   104.00 deg.: X-S =   2.2770E-05 mb/sr,
+                                         /R =   8.5984E-03
   105.00 deg.: X-S =   1.7461E-05 mb/sr,
+                                         /R =   6.7744E-03
   106.00 deg.: X-S =   1.3420E-05 mb/sr,
+                                         /R =   5.3464E-03
   107.00 deg.: X-S =   1.2362E-05 mb/sr,
+                                         /R =   5.0551E-03
   108.00 deg.: X-S =   1.3990E-05 mb/sr,
+                                         /R =   5.8691E-03
   109.00 deg.: X-S =   1.5753E-05 mb/sr,
+                                         /R =   6.7768E-03
   110.00 deg.: X-S =   1.4871E-05 mb/sr,
+                                         /R =   6.5571E-03
   111.00 deg.: X-S =   1.0986E-05 mb/sr,
+                                         /R =   4.9628E-03
   112.00 deg.: X-S =   6.4679E-06 mb/sr,
+                                         /R =   2.9922E-03
   113.00 deg.: X-S =   3.8698E-06 mb/sr,
+                                         /R =   1.8325E-03
   114.00 deg.: X-S =   3.4848E-06 mb/sr,
+                                         /R =   1.6884E-03
   115.00 deg.: X-S =   3.7069E-06 mb/sr,
+                                         /R =   1.8367E-03
   116.00 deg.: X-S =   3.2329E-06 mb/sr,
+                                         /R =   1.6376E-03
   117.00 deg.: X-S =   2.1667E-06 mb/sr,
+                                         /R =   1.1215E-03
   118.00 deg.: X-S =   1.1722E-06 mb/sr,
+                                         /R =   6.1972E-04
   119.00 deg.: X-S =   5.1032E-07 mb/sr,
+                                         /R =   2.7546E-04
   120.00 deg.: X-S =   2.5812E-07 mb/sr,
+                                         /R =   1.4219E-04
   121.00 deg.: X-S =   7.1931E-07 mb/sr,
+                                         /R =   4.0423E-04
   122.00 deg.: X-S =   1.8943E-06 mb/sr,
+                                         /R =   1.0856E-03
   123.00 deg.: X-S =   2.8950E-06 mb/sr,
+                                         /R =   1.6911E-03
   124.00 deg.: X-S =   2.6938E-06 mb/sr,
+                                         /R =   1.6034E-03
   125.00 deg.: X-S =   1.4817E-06 mb/sr,
+                                         /R =   8.9826E-04
   126.00 deg.: X-S =   5.8942E-07 mb/sr,
+                                         /R =   3.6381E-04
   127.00 deg.: X-S =   8.2666E-07 mb/sr,
+                                         /R =   5.1930E-04
   128.00 deg.: X-S =   1.4953E-06 mb/sr,
+                                         /R =   9.5563E-04
   129.00 deg.: X-S =   1.4609E-06 mb/sr,
+                                         /R =   9.4952E-04
   130.00 deg.: X-S =   6.9646E-07 mb/sr,
+                                         /R =   4.6018E-04
   131.00 deg.: X-S =   1.1221E-07 mb/sr,
+                                         /R =   7.5346E-05
   132.00 deg.: X-S =   1.2885E-07 mb/sr,
+                                         /R =   8.7885E-05
   133.00 deg.: X-S =   2.4009E-07 mb/sr,
+                                         /R =   1.6630E-04
   134.00 deg.: X-S =   7.6207E-08 mb/sr,
+                                         /R =   5.3583E-05
   135.00 deg.: X-S =   8.1060E-08 mb/sr,
+                                         /R =   5.7835E-05
   136.00 deg.: X-S =   6.6113E-07 mb/sr,
+                                         /R =   4.7849E-04
   137.00 deg.: X-S =   1.2711E-06 mb/sr,
+                                         /R =   9.3284E-04
   138.00 deg.: X-S =   1.0892E-06 mb/sr,
+                                         /R =   8.1026E-04
   139.00 deg.: X-S =   3.3116E-07 mb/sr,
+                                         /R =   2.4964E-04
   140.00 deg.: X-S =   5.9600E-08 mb/sr,
+                                         /R =   4.5511E-05
   141.00 deg.: X-S =   6.2951E-07 mb/sr,
+                                         /R =   4.8676E-04
   142.00 deg.: X-S =   1.1377E-06 mb/sr,
+                                         /R =   8.9052E-04
   143.00 deg.: X-S =   7.8972E-07 mb/sr,
+                                         /R =   6.2550E-04
   144.00 deg.: X-S =   1.1232E-07 mb/sr,
+                                         /R =   8.9989E-05
   145.00 deg.: X-S =   1.2518E-07 mb/sr,
+                                         /R =   1.0142E-04
   146.00 deg.: X-S =   7.5279E-07 mb/sr,
+                                         /R =   6.1657E-04
   147.00 deg.: X-S =   9.6630E-07 mb/sr,
+                                         /R =   7.9981E-04
   148.00 deg.: X-S =   4.3003E-07 mb/sr,
+                                         /R =   3.5958E-04
   149.00 deg.: X-S =   3.0852E-08 mb/sr,
+                                         /R =   2.6053E-05
   150.00 deg.: X-S =   4.2894E-07 mb/sr,
+                                         /R =   3.6567E-04
   151.00 deg.: X-S =   9.5769E-07 mb/sr,
+                                         /R =   8.2398E-04
   152.00 deg.: X-S =   7.0367E-07 mb/sr,
+                                         /R =   6.1081E-04
   153.00 deg.: X-S =   8.0652E-08 mb/sr,
+                                         /R =   7.0610E-05
   154.00 deg.: X-S =   2.8279E-07 mb/sr,
+                                         /R =   2.4962E-04
   155.00 deg.: X-S =   1.3334E-06 mb/sr,
+                                         /R =   1.1864E-03
   156.00 deg.: X-S =   1.8442E-06 mb/sr,
+                                         /R =   1.6533E-03
   157.00 deg.: X-S =   1.0620E-06 mb/sr,
+                                         /R =   9.5903E-04
   158.00 deg.: X-S =   9.1437E-08 mb/sr,
+                                         /R =   8.3145E-05
   159.00 deg.: X-S =   2.6976E-07 mb/sr,
+                                         /R =   2.4693E-04
   160.00 deg.: X-S =   1.1187E-06 mb/sr,
+                                         /R =   1.0305E-03
   161.00 deg.: X-S =   1.1317E-06 mb/sr,
+                                         /R =   1.0487E-03
   162.00 deg.: X-S =   2.6370E-07 mb/sr,
+                                         /R =   2.4576E-04
   163.00 deg.: X-S =   1.3376E-07 mb/sr,
+                                         /R =   1.2534E-04
   164.00 deg.: X-S =   1.4026E-06 mb/sr,
+                                         /R =   1.3209E-03
   165.00 deg.: X-S =   2.4352E-06 mb/sr,
+                                         /R =   2.3043E-03
   166.00 deg.: X-S =   1.6678E-06 mb/sr,
+                                         /R =   1.5852E-03
   167.00 deg.: X-S =   2.0933E-07 mb/sr,
+                                         /R =   1.9978E-04
   168.00 deg.: X-S =   3.7307E-07 mb/sr,
+                                         /R =   3.5741E-04
   169.00 deg.: X-S =   2.0242E-06 mb/sr,
+                                         /R =   1.9461E-03
   170.00 deg.: X-S =   2.5272E-06 mb/sr,
+                                         /R =   2.4375E-03
   171.00 deg.: X-S =   9.3717E-07 mb/sr,
+                                         /R =   9.0652E-04
   172.00 deg.: X-S =   7.2263E-08 mb/sr,
+                                         /R =   7.0081E-05
   173.00 deg.: X-S =   2.4891E-06 mb/sr,
+                                         /R =   2.4195E-03
   174.00 deg.: X-S =   5.8217E-06 mb/sr,
+                                         /R =   5.6701E-03
   175.00 deg.: X-S =   5.2792E-06 mb/sr,
+                                         /R =   5.1504E-03
   176.00 deg.: X-S =   1.2042E-06 mb/sr,
+                                         /R =   1.1765E-03
   177.00 deg.: X-S =   8.7425E-07 mb/sr,
+                                         /R =   8.5500E-04
   178.00 deg.: X-S =   1.0026E-05 mb/sr,
+                                         /R =   9.8131E-03
   179.00 deg.: X-S =   2.3988E-05 mb/sr,
+                                         /R =   2.3488E-02
   179.99 deg.: X-S =   3.0781E-05 mb/sr,
+                                         /R =   3.0145E-02
                                           Integrated********** mb, over [   0.000, 180.000] at   285.0000 MeV 
 Finished all xsecs @    1.56250000E-02

  The following files have been created:
   3:local copy of User input.            6:standard output.                   
  13:total cross sections/state.         39:cross sections for each Ecm.       
  40:all cross sectns. for each Elab.    56:Fusion for each Jtotal.            

 PARAMETERS : MAXQRN   MFNL   MLOC  LMAX1 MCLIST
    ALLOWED :      1      1      4    170      6
    REQUIRED:      0      0      4     39      3


 ACCURACY ANALYSIS at   285.000 MeV :

  Elastic h*k = 0.148 so OK       compared with 0.200

   Real(S-el) > 0.01 first at J =       1.0
   Real(S-el) > 0.10 first at J =       1.0
   Real(S-el) > 0.50 first at J =      18.0
   Real(S-el) > 0.90 first at J =      21.0
   Real(S-el) > 0.99 first at J =      27.0
   R-turn =    10.45 fm    at J =      38.0

 Forward-angle excitation cut off below   0.222 deg by max JT =      38.0
                              and below   0.046 deg by max R.

 Total CPU  0 time =       0.03 seconds
