 FRESCO - FRES 3.4: Coupled Reaction Channels
 Assuming NAMELIST input.

 Test reaction with generated potential                                          

   0.040  50.000   0.500   0.000   0.000   0.000   0.000   0.000   0.000   0.000

 Centre-of-mass Range is   1252 * 0.0400 fm., Maximum at  50.00 fm., Interpolating NL forms every  0.52 fm.
 Non - locality width is      4 * 0.0400 fm., Maximum of   0.12 fm., Centred at  0.00 fm.
 2-Nucleon Separation of      0 * 0.5200 fm., Maximum of   0.00 fm., Minimum at  0.00 fm.
 Maximum single particle bins of 49.9200 fm.
               M,Mint =         1251        1249


 Range of total J is     0.0 <= J <=   150.0 (at least     0.0) and Absorbtion =>     0.1000 mb.
 Dry Run = F, CC set limits =  0  0, Relativistic kinematics =  , Both/Far/Near Analyses =  1                     

 Cross Sections (and up to T0 for 0=projectile) for Theta from   0.0 to 180.0 in steps of  1.0 degrees, DGAM=0,  Coordinates = 0 (Mads)

 Lower Radial Cutoff = maximum of -1.60*L*h &       0.0 fm.,  Lower Cutoff for Couplings =   0.0  fm.


 Iterate Couplings between   0 and   0 times, to  0.000 % if sooner.                                          
  Block solved exactly =   0 chs., with Pade = 0 & Isocen =  =0, NOSOL = F, initwf =  0
  NL quadrature with   18 Gaussian points, Calculate multipoles up to   156 from   0
  M-transfers for lp+lt greater than or equal to  6, Angular Integration Cutoff below  2.7778 %


 Trace switches are :  CHANS =  0, LISTCC =  0, TRENEG =  0, CDETR =  0, SMATS =  0, XSTABL =  0, NLPL =  0

                       WAVES =  0, LAMPL =  0, VEFF =  0, KFUS =  0, WDISK =  0, BPM =  0, MELFIL =  0

                       CDCC =  0, NFUS =  0

 Using unit mass = 1.000000 amu and 1/fine-structure constant = 137.03599 ( 1.000000 * true ) with hc = 197.32705 MeV.fm,
  thus 2*amu/hbar^2 = 0.0478450 = 1/20.9008 and Coulomb constant = 0.1574855 so e^2 = 1.43997, and nuclear magneton= 0.1261183

 Now pre-scan input and save to file 3



 *********** PARTITION NUMBER  1 ******************************************************************************************

   PROJ=4He        MASS=  4.0000 Z=   2.0,        # STATES=    1T, TARG=4He      MASS=  4.0000 Z=   2.0,     Q-VALUE =   0.0000 MEV.

     1:  J= 0.0+ (B# 1), E=  0.0000, K= 0.0              Potl#  1       J= 0.0+ (B# 1), E=  0.0000, K= 0.0    


 ************************************************************************************************************************************

 The following POTENTIALS are defined :

  KP#       TYPE      IT    SHAPE      at     V1        r1        a1        V2        r2        a2        A-in     A-used


                                            A#1       A#2        r0c       ac                                                h @ 1
    1    0=Coulomb       0=CHARGE (WS)  1     4.000     2.000    3.9685    0.0000    0.0000    0.0000     0.000    23.084   0.04000

    1    1=Volume        0=Woods-Saxon  2   70.0000    1.2500    0.6500   15.0000    1.2500    0.6500     0.000    23.084

    1    2=Surface       0=Woods-Saxon  3    0.0000    0.0000    0.0000    5.0000    1.3000    0.6500     0.000    23.084

    1    3=Projtl S.O.   0=Woods-Saxon  4    0.0000    1.0000    0.6500    0.0000    0.0000    0.0000     0.000    23.084

 Incoming partition  1 in excitation state # 1,   Laboratory Energy given for partition  1 Nucleus 1 in Excitation pair 1

0Lab. ENERGY ranges :

   from    205.000     to   0.00000     in     0 intervals
   from    0.00000     to   0.00000     in     0 intervals
   from    0.00000     to   0.00000     in     0 intervals

 Largest real,imaginary parts of any form factor at R=   49.60 are   2.90E-02  4.31E-30 MeV
 Finished all Couplings @    1.56250000E-02           4

 Symmetric Hamiltonian
1***********************************************************************************************************************************
************************************************************************************************************************************

        INCOMING 4He      ;    LABORATORY 4He      ENERGY =   205.00     MeV.

 ***********************************************************************************************************************************
 ***********************************************************************************************************************************


  NOTE: Coulomb excitation cut off below   0.067 deg by JTMAX, and below   0.064 deg by Rmax

 Allocate arrays for            1  channels, of which            1  need wfs.
 Reaction Xsec    32.0+/32 @ 1 =   0.051 , Out:   0.000#
 Reaction Xsec    33.0-/33 @ 1 =   0.033 , Out:   0.000#
 Finished all CC sets @    1.56250000E-02
0CUMULATIVE REACTION cross section                 =  840.67289  <L> =    10.99  <L**2> =    142.1
0CUMULATIVE outgoing cross sections in partition 1 :    0.00000
0Cumulative ABSORBTION by Imaginary Potentials     =  840.67289  <L> =    10.99  <L**2> =    142.1
   Fusion for specific 4He      M-states :  840.672889
0CUMULATIVE OUTGOING cross section                 =    0.00000
 To convert to S-factors (MeV.mb = keV.b),  multiply by  1.7817E+02


 CROSS SECTIONS FOR OUTGOING 4He      & 4He      in state #   1 with spins & parities 0.0  + &  0.0  +;  0

     0.01 deg.: X-S =   3.4029E+13 mb/sr,
+                                         /R =   9.9995E-01
     1.00 deg.: X-S =   2.7136E+05 mb/sr,
+                                         /R =   7.9738E-01
     2.00 deg.: X-S =   2.1895E+04 mb/sr,
+                                         /R =   1.0292E+00
     3.00 deg.: X-S =   1.3829E+04 mb/sr,
+                                         /R =   3.2900E+00
     4.00 deg.: X-S =   1.1819E+04 mb/sr,
+                                         /R =   8.8839E+00
     5.00 deg.: X-S =  9706.307584 mb/sr,
+                                         /R =   1.7804E+01
     6.00 deg.: X-S =  7446.423720 mb/sr,
+                                         /R =   2.8307E+01
     7.00 deg.: X-S =  5313.670181 mb/sr,
+                                         /R =   3.7397E+01
     8.00 deg.: X-S =  3504.159546 mb/sr,
+                                         /R =   4.2040E+01
     9.00 deg.: X-S =  2111.763822 mb/sr,
+                                         /R =   4.0547E+01
    10.00 deg.: X-S =  1145.578076 mb/sr,
+                                         /R =   3.3493E+01
    11.00 deg.: X-S =   555.381693 mb/sr,
+                                         /R =   2.3748E+01
    12.00 deg.: X-S =   258.032564 mb/sr,
+                                         /R =   1.5608E+01
    13.00 deg.: X-S =   160.621009 mb/sr,
+                                         /R =   1.3365E+01
    14.00 deg.: X-S =   177.693697 mb/sr,
+                                         /R =   1.9861E+01
    15.00 deg.: X-S =   241.572477 mb/sr,
+                                         /R =   3.5529E+01
    16.00 deg.: X-S =   306.302424 mb/sr,
+                                         /R =   5.8226E+01
    17.00 deg.: X-S =   346.717878 mb/sr,
+                                         /R =   8.3855E+01
    18.00 deg.: X-S =   354.461404 mb/sr,
+                                         /R =   1.0756E+02
    19.00 deg.: X-S =   332.671925 mb/sr,
+                                         /R =   1.2508E+02
    20.00 deg.: X-S =   290.680149 mb/sr,
+                                         /R =   1.3392E+02
    21.00 deg.: X-S =   239.587159 mb/sr,
+                                         /R =   1.3389E+02
    22.00 deg.: X-S =   189.166198 mb/sr,
+                                         /R =   1.2705E+02
    23.00 deg.: X-S =   146.171018 mb/sr,
+                                         /R =   1.1701E+02
    24.00 deg.: X-S =   113.875351 mb/sr,
+                                         /R =   1.0782E+02
    25.00 deg.: X-S =    92.510423 mb/sr,
+                                         /R =   1.0287E+02
    26.00 deg.: X-S =    80.207289 mb/sr,
+                                         /R =   1.0407E+02
    27.00 deg.: X-S =    74.076395 mb/sr,
+                                         /R =   1.1147E+02
    28.00 deg.: X-S =    71.145656 mb/sr,
+                                         /R =   1.2348E+02
    29.00 deg.: X-S =    68.999221 mb/sr,
+                                         /R =   1.3740E+02
    30.00 deg.: X-S =    66.078077 mb/sr,
+                                         /R =   1.5024E+02
    31.00 deg.: X-S =    61.693801 mb/sr,
+                                         /R =   1.5943E+02
    32.00 deg.: X-S =    55.854409 mb/sr,
+                                         /R =   1.6336E+02
    33.00 deg.: X-S =    49.008186 mb/sr,
+                                         /R =   1.6158E+02
    34.00 deg.: X-S =    41.789923 mb/sr,
+                                         /R =   1.5472E+02
    35.00 deg.: X-S =    34.820724 mb/sr,
+                                         /R =   1.4426E+02
    36.00 deg.: X-S =    28.581032 mb/sr,
+                                         /R =   1.3205E+02
    37.00 deg.: X-S =    23.354194 mb/sr,
+                                         /R =   1.1995E+02
    38.00 deg.: X-S =    19.225902 mb/sr,
+                                         /R =   1.0945E+02
    39.00 deg.: X-S =    16.120839 mb/sr,
+                                         /R =   1.0142E+02
    40.00 deg.: X-S =    13.858303 mb/sr,
+                                         /R =   9.6086E+01
    41.00 deg.: X-S =    12.211301 mb/sr,
+                                         /R =   9.3069E+01
    42.00 deg.: X-S =    10.957377 mb/sr,
+                                         /R =   9.1573E+01
    43.00 deg.: X-S =     9.913890 mb/sr,
+                                         /R =   9.0634E+01
    44.00 deg.: X-S =     8.955278 mb/sr,
+                                         /R =   8.9356E+01
    45.00 deg.: X-S =     8.014120 mb/sr,
+                                         /R =   8.7088E+01
    46.00 deg.: X-S =     7.070788 mb/sr,
+                                         /R =   8.3507E+01
    47.00 deg.: X-S =     6.137602 mb/sr,
+                                         /R =   7.8621E+01
    48.00 deg.: X-S =     5.242653 mb/sr,
+                                         /R =   7.2702E+01
    49.00 deg.: X-S =     4.416700 mb/sr,
+                                         /R =   6.6183E+01
    50.00 deg.: X-S =     3.684506 mb/sr,
+                                         /R =   5.9555E+01
    51.00 deg.: X-S =     3.060464 mb/sr,
+                                         /R =   5.3268E+01
    52.00 deg.: X-S =     2.547590 mb/sr,
+                                         /R =   4.7670E+01
    53.00 deg.: X-S =     2.138836 mb/sr,
+                                         /R =   4.2957E+01
    54.00 deg.: X-S =     1.819790 mb/sr,
+                                         /R =   3.9170E+01
    55.00 deg.: X-S =     1.572050 mb/sr,
+                                         /R =   3.6210E+01
    56.00 deg.: X-S =     1.376566 mb/sr,
+                                         /R =   3.3883E+01
    57.00 deg.: X-S =     1.216412 mb/sr,
+                                         /R =   3.1950E+01
    58.00 deg.: X-S =     1.078520 mb/sr,
+                                         /R =   3.0190E+01
    59.00 deg.: X-S =     0.954258 mb/sr,
+                                         /R =   2.8429E+01
    60.00 deg.: X-S =     0.838998 mb/sr,
+                                         /R =   2.6570E+01
    61.00 deg.: X-S =     0.731077 mb/sr,
+                                         /R =   2.4580E+01
    62.00 deg.: X-S =     0.630616 mb/sr,
+                                         /R =   2.2484E+01
    63.00 deg.: X-S =     0.538523 mb/sr,
+                                         /R =   2.0337E+01
    64.00 deg.: X-S =     0.455841 mb/sr,
+                                         /R =   1.8214E+01
    65.00 deg.: X-S =     0.383372 mb/sr,
+                                         /R =   1.6189E+01
    66.00 deg.: X-S =     0.321493 mb/sr,
+                                         /R =   1.4333E+01
    67.00 deg.: X-S =     0.270050 mb/sr,
+                                         /R =   1.2698E+01
    68.00 deg.: X-S =     0.228313 mb/sr,
+                                         /R =   1.1312E+01
    69.00 deg.: X-S =     0.195029 mb/sr,
+                                         /R =   1.0171E+01
    70.00 deg.: X-S =     0.168587 mb/sr,
+                                         /R =   9.2456E+00
    71.00 deg.: X-S =     0.147281 mb/sr,
+                                         /R =   8.4861E+00
    72.00 deg.: X-S =     0.129574 mb/sr,
+                                         /R =   7.8368E+00
    73.00 deg.: X-S =     0.114296 mb/sr,
+                                         /R =   7.2498E+00
    74.00 deg.: X-S =     0.100701 mb/sr,
+                                         /R =   6.6931E+00
    75.00 deg.: X-S =     0.088398 mb/sr,
+                                         /R =   6.1514E+00
    76.00 deg.: X-S =     0.077214 mb/sr,
+                                         /R =   5.6209E+00
    77.00 deg.: X-S =     0.067063 mb/sr,
+                                         /R =   5.1030E+00
    78.00 deg.: X-S =     0.057875 mb/sr,
+                                         /R =   4.5996E+00
    79.00 deg.: X-S =     0.049588 mb/sr,
+                                         /R =   4.1131E+00
    80.00 deg.: X-S =     0.042175 mb/sr,
+                                         /R =   3.6482E+00
    81.00 deg.: X-S =     0.035653 mb/sr,
+                                         /R =   3.2138E+00
    82.00 deg.: X-S =     0.030061 mb/sr,
+                                         /R =   2.8217E+00
    83.00 deg.: X-S =     0.025417 mb/sr,
+                                         /R =   2.4827E+00
    84.00 deg.: X-S =     0.021675 mb/sr,
+                                         /R =   2.2017E+00
    85.00 deg.: X-S =     0.018708 mb/sr,
+                                         /R =   1.9748E+00
    86.00 deg.: X-S =     0.016337 mb/sr,
+                                         /R =   1.7909E+00
    87.00 deg.: X-S =     0.014379 mb/sr,
+                                         /R =   1.6357E+00
    88.00 deg.: X-S =     0.012689 mb/sr,
+                                         /R =   1.4971E+00
    89.00 deg.: X-S =     0.011187 mb/sr,
+                                         /R =   1.3680E+00
    90.00 deg.: X-S =     0.009844 mb/sr,
+                                         /R =   1.2469E+00
    91.00 deg.: X-S =     0.008654 mb/sr,
+                                         /R =   1.1349E+00
    92.00 deg.: X-S =     0.007610 mb/sr,
+                                         /R =   1.0325E+00
    93.00 deg.: X-S =     0.006685 mb/sr,
+                                         /R =   9.3782E-01
    94.00 deg.: X-S =     0.005845 mb/sr,
+                                         /R =   8.4729E-01
    95.00 deg.: X-S =     0.005062 mb/sr,
+                                         /R =   7.5781E-01
    96.00 deg.: X-S =     0.004330 mb/sr,
+                                         /R =   6.6909E-01
    97.00 deg.: X-S =     0.003664 mb/sr,
+                                         /R =   5.8408E-01
    98.00 deg.: X-S =     0.003087 mb/sr,
+                                         /R =   5.0744E-01
    99.00 deg.: X-S =     0.002615 mb/sr,
+                                         /R =   4.4292E-01
   100.00 deg.: X-S =     0.002243 mb/sr,
+                                         /R =   3.9141E-01
   101.00 deg.: X-S =     0.001952 mb/sr,
+                                         /R =   3.5070E-01
   102.00 deg.: X-S =     0.001715 mb/sr,
+                                         /R =   3.1700E-01
   103.00 deg.: X-S =     0.001510 mb/sr,
+                                         /R =   2.8693E-01
   104.00 deg.: X-S =     0.001326 mb/sr,
+                                         /R =   2.5904E-01
   105.00 deg.: X-S =     0.001165 mb/sr,
+                                         /R =   2.3378E-01
   106.00 deg.: X-S =     0.001030 mb/sr,
+                                         /R =   2.1240E-01
   107.00 deg.: X-S =     0.000924 mb/sr,
+                                         /R =   1.9540E-01
   108.00 deg.: X-S =     0.000837 mb/sr,
+                                         /R =   1.8169E-01
   109.00 deg.: X-S =     0.000759 mb/sr,
+                                         /R =   1.6894E-01
   110.00 deg.: X-S =     0.000679 mb/sr,
+                                         /R =   1.5484E-01
   111.00 deg.: X-S =     0.000592 mb/sr,
+                                         /R =   1.3844E-01
   112.00 deg.: X-S =     0.000504 mb/sr,
+                                         /R =   1.2063E-01
   113.00 deg.: X-S =     0.000423 mb/sr,
+                                         /R =   1.0353E-01
   114.00 deg.: X-S =     0.000356 mb/sr,
+                                         /R =   8.9132E-02
   115.00 deg.: X-S =     0.000305 mb/sr,
+                                         /R =   7.8154E-02
   116.00 deg.: X-S =     0.000267 mb/sr,
+                                         /R =   6.9867E-02
   117.00 deg.: X-S =     0.000234 mb/sr,
+                                         /R =   6.2794E-02
   118.00 deg.: X-S =     0.000204 mb/sr,
+                                         /R =   5.5742E-02
   119.00 deg.: X-S =     0.000174 mb/sr,
+                                         /R =   4.8471E-02
   120.00 deg.: X-S =     0.000146 mb/sr,
+                                         /R =   4.1664E-02
   121.00 deg.: X-S =     0.000125 mb/sr,
+                                         /R =   3.6343E-02
   122.00 deg.: X-S =     0.000112 mb/sr,
+                                         /R =   3.3138E-02
   123.00 deg.: X-S =     0.000105 mb/sr,
+                                         /R =   3.1831E-02
   124.00 deg.: X-S =     0.000102 mb/sr,
+                                         /R =   3.1400E-02
   125.00 deg.: X-S =   9.7425E-05 mb/sr,
+                                         /R =   3.0558E-02
   126.00 deg.: X-S =   8.9143E-05 mb/sr,
+                                         /R =   2.8468E-02
   127.00 deg.: X-S =   7.7526E-05 mb/sr,
+                                         /R =   2.5197E-02
   128.00 deg.: X-S =   6.5294E-05 mb/sr,
+                                         /R =   2.1590E-02
   129.00 deg.: X-S =   5.5391E-05 mb/sr,
+                                         /R =   1.8627E-02
   130.00 deg.: X-S =   4.8962E-05 mb/sr,
+                                         /R =   1.6738E-02
   131.00 deg.: X-S =   4.4851E-05 mb/sr,
+                                         /R =   1.5581E-02
   132.00 deg.: X-S =   4.0797E-05 mb/sr,
+                                         /R =   1.4398E-02
   133.00 deg.: X-S =   3.5233E-05 mb/sr,
+                                         /R =   1.2627E-02
   134.00 deg.: X-S =   2.8258E-05 mb/sr,
+                                         /R =   1.0280E-02
   135.00 deg.: X-S =   2.1285E-05 mb/sr,
+                                         /R =   7.8574E-03
   136.00 deg.: X-S =   1.5944E-05 mb/sr,
+                                         /R =   5.9705E-03
   137.00 deg.: X-S =   1.3137E-05 mb/sr,
+                                         /R =   4.9884E-03
   138.00 deg.: X-S =   1.2714E-05 mb/sr,
+                                         /R =   4.8935E-03
   139.00 deg.: X-S =   1.3657E-05 mb/sr,
+                                         /R =   5.3267E-03
   140.00 deg.: X-S =   1.4559E-05 mb/sr,
+                                         /R =   5.7520E-03
   141.00 deg.: X-S =   1.4268E-05 mb/sr,
+                                         /R =   5.7079E-03
   142.00 deg.: X-S =   1.2527E-05 mb/sr,
+                                         /R =   5.0732E-03
   143.00 deg.: X-S =   1.0180E-05 mb/sr,
+                                         /R =   4.1716E-03
   144.00 deg.: X-S =   8.5868E-06 mb/sr,
+                                         /R =   3.5596E-03
   145.00 deg.: X-S =   8.5574E-06 mb/sr,
+                                         /R =   3.5873E-03
   146.00 deg.: X-S =   9.6344E-06 mb/sr,
+                                         /R =   4.0828E-03
   147.00 deg.: X-S =   1.0430E-05 mb/sr,
+                                         /R =   4.4666E-03
   148.00 deg.: X-S =   9.7647E-06 mb/sr,
+                                         /R =   4.2244E-03
   149.00 deg.: X-S =   7.5887E-06 mb/sr,
+                                         /R =   3.3155E-03
   150.00 deg.: X-S =   4.8943E-06 mb/sr,
+                                         /R =   2.1588E-03
   151.00 deg.: X-S =   2.8202E-06 mb/sr,
+                                         /R =   1.2554E-03
   152.00 deg.: X-S =   1.8659E-06 mb/sr,
+                                         /R =   8.3803E-04
   153.00 deg.: X-S =   1.8436E-06 mb/sr,
+                                         /R =   8.3509E-04
   154.00 deg.: X-S =   2.3257E-06 mb/sr,
+                                         /R =   1.0622E-03
   155.00 deg.: X-S =   2.9488E-06 mb/sr,
+                                         /R =   1.3574E-03
   156.00 deg.: X-S =   3.3612E-06 mb/sr,
+                                         /R =   1.5590E-03
   157.00 deg.: X-S =   3.1991E-06 mb/sr,
+                                         /R =   1.4947E-03
   158.00 deg.: X-S =   2.3950E-06 mb/sr,
+                                         /R =   1.1268E-03
   159.00 deg.: X-S =   1.4911E-06 mb/sr,
+                                         /R =   7.0616E-04
   160.00 deg.: X-S =   1.3650E-06 mb/sr,
+                                         /R =   6.5057E-04
   161.00 deg.: X-S =   2.3884E-06 mb/sr,
+                                         /R =   1.1451E-03
   162.00 deg.: X-S =   3.8595E-06 mb/sr,
+                                         /R =   1.8610E-03
   163.00 deg.: X-S =   4.4822E-06 mb/sr,
+                                         /R =   2.1730E-03
   164.00 deg.: X-S =   3.5737E-06 mb/sr,
+                                         /R =   1.7413E-03
   165.00 deg.: X-S =   1.7723E-06 mb/sr,
+                                         /R =   8.6767E-04
   166.00 deg.: X-S =   4.3182E-07 mb/sr,
+                                         /R =   2.1235E-04
   167.00 deg.: X-S =   2.9814E-07 mb/sr,
+                                         /R =   1.4722E-04
   168.00 deg.: X-S =   8.8652E-07 mb/sr,
+                                         /R =   4.3943E-04
   169.00 deg.: X-S =   1.2020E-06 mb/sr,
+                                         /R =   5.9790E-04
   170.00 deg.: X-S =   9.0507E-07 mb/sr,
+                                         /R =   4.5165E-04
   171.00 deg.: X-S =   5.3140E-07 mb/sr,
+                                         /R =   2.6595E-04
   172.00 deg.: X-S =   5.7105E-07 mb/sr,
+                                         /R =   2.8654E-04
   173.00 deg.: X-S =   7.0519E-07 mb/sr,
+                                         /R =   3.5466E-04
   174.00 deg.: X-S =   4.0766E-07 mb/sr,
+                                         /R =   2.0543E-04
   175.00 deg.: X-S =   3.7608E-07 mb/sr,
+                                         /R =   1.8983E-04
   176.00 deg.: X-S =   2.8793E-06 mb/sr,
+                                         /R =   1.4554E-03
   177.00 deg.: X-S =   9.9434E-06 mb/sr,
+                                         /R =   5.0313E-03
   178.00 deg.: X-S =   2.0737E-05 mb/sr,
+                                         /R =   1.0501E-02
   179.00 deg.: X-S =   3.0900E-05 mb/sr,
+                                         /R =   1.5654E-02
   179.99 deg.: X-S =   3.5089E-05 mb/sr,
+                                         /R =   1.7779E-02
                                           Integrated********** mb, over [   0.000, 180.000] at   205.0000 MeV 
 Finished all xsecs @    1.56250000E-02

  The following files have been created:
   3:local copy of User input.            6:standard output.                   
  13:total cross sections/state.         39:cross sections for each Ecm.       
  40:all cross sectns. for each Elab.    56:Fusion for each Jtotal.            

 PARAMETERS : MAXQRN   MFNL   MLOC  LMAX1 MCLIST
    ALLOWED :      1      1      4    170      6
    REQUIRED:      0      0      4     34      3


 ACCURACY ANALYSIS at   205.000 MeV :

  Elastic h*k = 0.125 so OK       compared with 0.200

   Real(S-el) > 0.01 first at J =       1.0
   Real(S-el) > 0.10 first at J =       1.0
   Real(S-el) > 0.50 first at J =      15.0
   Real(S-el) > 0.90 first at J =      19.0
   Real(S-el) > 0.99 first at J =      23.0
   R-turn =    10.72 fm    at J =      33.0

 Forward-angle excitation cut off below   0.301 deg by max JT =      33.0
                              and below   0.064 deg by max R.

 Total CPU  0 time =       0.03 seconds
