 FRESCO - FRES 3.4: Coupled Reaction Channels
 Assuming NAMELIST input.

 Test reaction with generated potential                                          

   0.040  50.000   0.500   0.000   0.000   0.000   0.000   0.000   0.000   0.000

 Centre-of-mass Range is   1252 * 0.0400 fm., Maximum at  50.00 fm., Interpolating NL forms every  0.52 fm.
 Non - locality width is      4 * 0.0400 fm., Maximum of   0.12 fm., Centred at  0.00 fm.
 2-Nucleon Separation of      0 * 0.5200 fm., Maximum of   0.00 fm., Minimum at  0.00 fm.
 Maximum single particle bins of 49.9200 fm.
               M,Mint =         1251        1249


 Range of total J is     0.0 <= J <=   150.0 (at least     0.0) and Absorbtion =>     0.1000 mb.
 Dry Run = F, CC set limits =  0  0, Relativistic kinematics =  , Both/Far/Near Analyses =  1                     

 Cross Sections (and up to T0 for 0=projectile) for Theta from   0.0 to 180.0 in steps of  1.0 degrees, DGAM=0,  Coordinates = 0 (Mads)

 Lower Radial Cutoff = maximum of -1.60*L*h &       0.0 fm.,  Lower Cutoff for Couplings =   0.0  fm.


 Iterate Couplings between   0 and   0 times, to  0.000 % if sooner.                                          
  Block solved exactly =   0 chs., with Pade = 0 & Isocen =  =0, NOSOL = F, initwf =  0
  NL quadrature with   18 Gaussian points, Calculate multipoles up to   156 from   0
  M-transfers for lp+lt greater than or equal to  6, Angular Integration Cutoff below  2.7778 %


 Trace switches are :  CHANS =  0, LISTCC =  0, TRENEG =  0, CDETR =  0, SMATS =  0, XSTABL =  0, NLPL =  0

                       WAVES =  0, LAMPL =  0, VEFF =  0, KFUS =  0, WDISK =  0, BPM =  0, MELFIL =  0

                       CDCC =  0, NFUS =  0

 Using unit mass = 1.000000 amu and 1/fine-structure constant = 137.03599 ( 1.000000 * true ) with hc = 197.32705 MeV.fm,
  thus 2*amu/hbar^2 = 0.0478450 = 1/20.9008 and Coulomb constant = 0.1574855 so e^2 = 1.43997, and nuclear magneton= 0.1261183

 Now pre-scan input and save to file 3



 *********** PARTITION NUMBER  1 ******************************************************************************************

   PROJ=3He        MASS=  3.0000 Z=   2.0,        # STATES=    1T, TARG=p        MASS=  1.0000 Z=   1.0,     Q-VALUE =   0.0000 MEV.

     1:  J= 0.5+ (B# 1), E=  0.0000, K= 0.5              Potl#  1       J= 0.5+ (B# 1), E=  0.0000, K= 0.5    


 ************************************************************************************************************************************

 The following POTENTIALS are defined :

  KP#       TYPE      IT    SHAPE      at     V1        r1        a1        V2        r2        a2        A-in     A-used


                                            A#1       A#2        r0c       ac                                                h @ 1
    1    0=Coulomb       0=CHARGE (WS)  1     1.000     1.000    3.0528    0.0000    0.0000    0.0000     0.000     8.000   0.04000

    1    1=Volume        0=Woods-Saxon  2   70.0000    1.2500    0.6500   15.0000    1.2500    0.6500     0.000     8.000

    1    2=Surface       0=Woods-Saxon  3    0.0000    0.0000    0.0000    5.0000    1.3000    0.6500     0.000     8.000

    1    3=Projtl S.O.   0=Woods-Saxon  4    3.0000    1.0000    0.6500    0.0000    0.0000    0.0000     0.000     8.000

 Incoming partition  1 in excitation state # 1,   Laboratory Energy given for partition  1 Nucleus 1 in Excitation pair 1

0Lab. ENERGY ranges :

   from    120.000     to   0.00000     in     0 intervals
   from    0.00000     to   0.00000     in     0 intervals
   from    0.00000     to   0.00000     in     0 intervals

 Largest real,imaginary parts of any form factor at R=   49.60 are   2.90E-02  7.91E-31 MeV
 Finished all Couplings @    0.00000000               4

 Symmetric Hamiltonian
1***********************************************************************************************************************************
************************************************************************************************************************************

        INCOMING 3He      ;    LABORATORY 3He      ENERGY =   120.00     MeV.

 ***********************************************************************************************************************************
 ***********************************************************************************************************************************


  NOTE: Coulomb excitation cut off below   0.038 deg by JTMAX, and below   0.110 deg by Rmax

 Allocate arrays for            2  channels, of which            1  need wfs.
 Allocate arrays for            2  channels, of which            2  need wfs.
 Reaction Xsec     9.0+/ 8 @ 1 =   0.306 , Out:   0.000#
 Reaction Xsec     9.0+/10 @ 2 =   0.021 , Out:   0.000#
 Reaction Xsec     9.0-/ 9 @ 1 =   0.081 , Out:   0.000#
 Reaction Xsec     9.0-/ 9 @ 2 =   0.081 , Out:   0.000#
 Finished all CC sets @    1.56250000E-02
0CUMULATIVE REACTION cross section                 =  601.37508  <L> =     3.02  <L**2> =     11.2
0CUMULATIVE outgoing cross sections in partition 1 :    0.00000
0Cumulative ABSORBTION by Imaginary Potentials     =  601.37508  <L> =     3.02  <L**2> =     11.2
   Fusion for specific 3He      M-states :  588.309872  588.309872
0CUMULATIVE OUTGOING cross section                 =    0.00000
 To convert to S-factors (MeV.mb = keV.b),  multiply by  4.1022E+01


 CROSS SECTIONS FOR OUTGOING 3He      & p        in state #   1 with spins & parities 0.5  + &  0.5  +;  0

     0.01 deg.: X-S =   9.9314E+13 mb/sr,
+                                         /R =   9.9999E-01
     1.00 deg.: X-S =   9.6375E+05 mb/sr,
+                                         /R =   9.7035E-01
     2.00 deg.: X-S =   5.6671E+04 mb/sr,
+                                         /R =   9.1282E-01
     3.00 deg.: X-S =   1.0791E+04 mb/sr,
+                                         /R =   8.7970E-01
     4.00 deg.: X-S =  3665.950119 mb/sr,
+                                         /R =   9.4420E-01
     5.00 deg.: X-S =  1909.082917 mb/sr,
+                                         /R =   1.1999E+00
     6.00 deg.: X-S =  1348.786226 mb/sr,
+                                         /R =   1.7569E+00
     7.00 deg.: X-S =  1134.745950 mb/sr,
+                                         /R =   2.7365E+00
     8.00 deg.: X-S =  1037.560505 mb/sr,
+                                         /R =   4.2653E+00
     9.00 deg.: X-S =   983.148487 mb/sr,
+                                         /R =   6.4683E+00
    10.00 deg.: X-S =   944.540115 mb/sr,
+                                         /R =   9.4624E+00
    11.00 deg.: X-S =   911.142620 mb/sr,
+                                         /R =   1.3350E+01
    12.00 deg.: X-S =   878.654572 mb/sr,
+                                         /R =   1.8212E+01
    13.00 deg.: X-S =   845.376829 mb/sr,
+                                         /R =   2.4104E+01
    14.00 deg.: X-S =   810.745075 mb/sr,
+                                         /R =   3.1050E+01
    15.00 deg.: X-S =   774.706161 mb/sr,
+                                         /R =   3.9041E+01
    16.00 deg.: X-S =   737.438626 mb/sr,
+                                         /R =   4.8034E+01
    17.00 deg.: X-S =   699.221939 mb/sr,
+                                         /R =   5.7946E+01
    18.00 deg.: X-S =   660.373079 mb/sr,
+                                         /R =   6.8662E+01
    19.00 deg.: X-S =   621.214821 mb/sr,
+                                         /R =   8.0035E+01
    20.00 deg.: X-S =   582.059437 mb/sr,
+                                         /R =   9.1885E+01
    21.00 deg.: X-S =   543.200132 mb/sr,
+                                         /R =   1.0401E+02
    22.00 deg.: X-S =   504.906487 mb/sr,
+                                         /R =   1.1620E+02
    23.00 deg.: X-S =   467.422054 mb/sr,
+                                         /R =   1.2821E+02
    24.00 deg.: X-S =   430.963188 mb/sr,
+                                         /R =   1.3982E+02
    25.00 deg.: X-S =   395.718632 mb/sr,
+                                         /R =   1.5078E+02
    26.00 deg.: X-S =   361.849613 mb/sr,
+                                         /R =   1.6087E+02
    27.00 deg.: X-S =   329.490327 mb/sr,
+                                         /R =   1.6990E+02
    28.00 deg.: X-S =   298.748718 mb/sr,
+                                         /R =   1.7767E+02
    29.00 deg.: X-S =   269.707524 mb/sr,
+                                         /R =   1.8403E+02
    30.00 deg.: X-S =   242.425538 mb/sr,
+                                         /R =   1.8887E+02
    31.00 deg.: X-S =   216.939057 mb/sr,
+                                         /R =   1.9210E+02
    32.00 deg.: X-S =   193.263486 mb/sr,
+                                         /R =   1.9369E+02
    33.00 deg.: X-S =   171.395065 mb/sr,
+                                         /R =   1.9363E+02
    34.00 deg.: X-S =   151.312689 mb/sr,
+                                         /R =   1.9196E+02
    35.00 deg.: X-S =   132.979786 mb/sr,
+                                         /R =   1.8878E+02
    36.00 deg.: X-S =   116.346222 mb/sr,
+                                         /R =   1.8420E+02
    37.00 deg.: X-S =   101.350205 mb/sr,
+                                         /R =   1.7837E+02
    38.00 deg.: X-S =    87.920166 mb/sr,
+                                         /R =   1.7150E+02
    39.00 deg.: X-S =    75.976576 mb/sr,
+                                         /R =   1.6378E+02
    40.00 deg.: X-S =    65.433698 mb/sr,
+                                         /R =   1.5546E+02
    41.00 deg.: X-S =    56.201235 mb/sr,
+                                         /R =   1.4677E+02
    42.00 deg.: X-S =    48.185876 mb/sr,
+                                         /R =   1.3799E+02
    43.00 deg.: X-S =    41.292715 mb/sr,
+                                         /R =   1.2935E+02
    44.00 deg.: X-S =    35.426545 mb/sr,
+                                         /R =   1.2112E+02
    45.00 deg.: X-S =    30.493005 mb/sr,
+                                         /R =   1.1354E+02
    46.00 deg.: X-S =    26.399604 mb/sr,
+                                         /R =   1.0683E+02
    47.00 deg.: X-S =    23.056593 mb/sr,
+                                         /R =   1.0120E+02
    48.00 deg.: X-S =    20.377709 mb/sr,
+                                         /R =   9.6829E+01
    49.00 deg.: X-S =    18.280784 mb/sr,
+                                         /R =   9.3864E+01
    50.00 deg.: X-S =    16.688228 mb/sr,
+                                         /R =   9.2428E+01
    51.00 deg.: X-S =    15.527399 mb/sr,
+                                         /R =   9.2605E+01
    52.00 deg.: X-S =    14.730861 mb/sr,
+                                         /R =   9.4448E+01
    53.00 deg.: X-S =    14.236540 mb/sr,
+                                         /R =   9.7974E+01
    54.00 deg.: X-S =    13.987794 mb/sr,
+                                         /R =   1.0317E+02
    55.00 deg.: X-S =    13.933406 mb/sr,
+                                         /R =   1.0997E+02
    56.00 deg.: X-S =    14.027499 mb/sr,
+                                         /R =   1.1831E+02
    57.00 deg.: X-S =    14.229399 mb/sr,
+                                         /R =   1.2807E+02
    58.00 deg.: X-S =    14.503447 mb/sr,
+                                         /R =   1.3911E+02
    59.00 deg.: X-S =    14.818764 mb/sr,
+                                         /R =   1.5127E+02
    60.00 deg.: X-S =    15.148992 mb/sr,
+                                         /R =   1.6439E+02
    61.00 deg.: X-S =    15.472005 mb/sr,
+                                         /R =   1.7825E+02
    62.00 deg.: X-S =    15.769602 mb/sr,
+                                         /R =   1.9265E+02
    63.00 deg.: X-S =    16.027191 mb/sr,
+                                         /R =   2.0739E+02
    64.00 deg.: X-S =    16.233469 mb/sr,
+                                         /R =   2.2225E+02
    65.00 deg.: X-S =    16.380097 mb/sr,
+                                         /R =   2.3702E+02
    66.00 deg.: X-S =    16.461385 mb/sr,
+                                         /R =   2.5148E+02
    67.00 deg.: X-S =    16.473977 mb/sr,
+                                         /R =   2.6543E+02
    68.00 deg.: X-S =    16.416557 mb/sr,
+                                         /R =   2.7869E+02
    69.00 deg.: X-S =    16.289559 mb/sr,
+                                         /R =   2.9109E+02
    70.00 deg.: X-S =    16.094897 mb/sr,
+                                         /R =   3.0245E+02
    71.00 deg.: X-S =    15.835715 mb/sr,
+                                         /R =   3.1265E+02
    72.00 deg.: X-S =    15.516147 mb/sr,
+                                         /R =   3.2156E+02
    73.00 deg.: X-S =    15.141105 mb/sr,
+                                         /R =   3.2908E+02
    74.00 deg.: X-S =    14.716081 mb/sr,
+                                         /R =   3.3515E+02
    75.00 deg.: X-S =    14.246969 mb/sr,
+                                         /R =   3.3971E+02
    76.00 deg.: X-S =    13.739905 mb/sr,
+                                         /R =   3.4273E+02
    77.00 deg.: X-S =    13.201134 mb/sr,
+                                         /R =   3.4420E+02
    78.00 deg.: X-S =    12.636881 mb/sr,
+                                         /R =   3.4413E+02
    79.00 deg.: X-S =    12.053256 mb/sr,
+                                         /R =   3.4257E+02
    80.00 deg.: X-S =    11.456158 mb/sr,
+                                         /R =   3.3955E+02
    81.00 deg.: X-S =    10.851212 mb/sr,
+                                         /R =   3.3516E+02
    82.00 deg.: X-S =    10.243703 mb/sr,
+                                         /R =   3.2948E+02
    83.00 deg.: X-S =     9.638540 mb/sr,
+                                         /R =   3.2260E+02
    84.00 deg.: X-S =     9.040218 mb/sr,
+                                         /R =   3.1465E+02
    85.00 deg.: X-S =     8.452800 mb/sr,
+                                         /R =   3.0573E+02
    86.00 deg.: X-S =     7.879902 mb/sr,
+                                         /R =   2.9597E+02
    87.00 deg.: X-S =     7.324694 mb/sr,
+                                         /R =   2.8552E+02
    88.00 deg.: X-S =     6.789899 mb/sr,
+                                         /R =   2.7450E+02
    89.00 deg.: X-S =     6.277802 mb/sr,
+                                         /R =   2.6306E+02
    90.00 deg.: X-S =     5.790269 mb/sr,
+                                         /R =   2.5133E+02
    91.00 deg.: X-S =     5.328766 mb/sr,
+                                         /R =   2.3944E+02
    92.00 deg.: X-S =     4.894372 mb/sr,
+                                         /R =   2.2753E+02
    93.00 deg.: X-S =     4.487817 mb/sr,
+                                         /R =   2.1572E+02
    94.00 deg.: X-S =     4.109495 mb/sr,
+                                         /R =   2.0413E+02
    95.00 deg.: X-S =     3.759500 mb/sr,
+                                         /R =   1.9286E+02
    96.00 deg.: X-S =     3.437649 mb/sr,
+                                         /R =   1.8203E+02
    97.00 deg.: X-S =     3.143513 mb/sr,
+                                         /R =   1.7173E+02
    98.00 deg.: X-S =     2.876442 mb/sr,
+                                         /R =   1.6202E+02
    99.00 deg.: X-S =     2.635591 mb/sr,
+                                         /R =   1.5299E+02
   100.00 deg.: X-S =     2.419951 mb/sr,
+                                         /R =   1.4468E+02
   101.00 deg.: X-S =     2.228367 mb/sr,
+                                         /R =   1.3715E+02
   102.00 deg.: X-S =     2.059571 mb/sr,
+                                         /R =   1.3043E+02
   103.00 deg.: X-S =     1.912194 mb/sr,
+                                         /R =   1.2454E+02
   104.00 deg.: X-S =     1.784797 mb/sr,
+                                         /R =   1.1949E+02
   105.00 deg.: X-S =     1.675885 mb/sr,
+                                         /R =   1.1527E+02
   106.00 deg.: X-S =     1.583928 mb/sr,
+                                         /R =   1.1187E+02
   107.00 deg.: X-S =     1.507380 mb/sr,
+                                         /R =   1.0928E+02
   108.00 deg.: X-S =     1.444692 mb/sr,
+                                         /R =   1.0745E+02
   109.00 deg.: X-S =     1.394328 mb/sr,
+                                         /R =   1.0634E+02
   110.00 deg.: X-S =     1.354782 mb/sr,
+                                         /R =   1.0591E+02
   111.00 deg.: X-S =     1.324584 mb/sr,
+                                         /R =   1.0608E+02
   112.00 deg.: X-S =     1.302317 mb/sr,
+                                         /R =   1.0681E+02
   113.00 deg.: X-S =     1.286624 mb/sr,
+                                         /R =   1.0801E+02
   114.00 deg.: X-S =     1.276218 mb/sr,
+                                         /R =   1.0962E+02
   115.00 deg.: X-S =     1.269891 mb/sr,
+                                         /R =   1.1155E+02
   116.00 deg.: X-S =     1.266518 mb/sr,
+                                         /R =   1.1373E+02
   117.00 deg.: X-S =     1.265063 mb/sr,
+                                         /R =   1.1608E+02
   118.00 deg.: X-S =     1.264586 mb/sr,
+                                         /R =   1.1852E+02
   119.00 deg.: X-S =     1.264246 mb/sr,
+                                         /R =   1.2098E+02
   120.00 deg.: X-S =     1.263299 mb/sr,
+                                         /R =   1.2337E+02
   121.00 deg.: X-S =     1.261105 mb/sr,
+                                         /R =   1.2564E+02
   122.00 deg.: X-S =     1.257126 mb/sr,
+                                         /R =   1.2772E+02
   123.00 deg.: X-S =     1.250925 mb/sr,
+                                         /R =   1.2955E+02
   124.00 deg.: X-S =     1.242164 mb/sr,
+                                         /R =   1.3107E+02
   125.00 deg.: X-S =     1.230605 mb/sr,
+                                         /R =   1.3226E+02
   126.00 deg.: X-S =     1.216101 mb/sr,
+                                         /R =   1.3307E+02
   127.00 deg.: X-S =     1.198597 mb/sr,
+                                         /R =   1.3349E+02
   128.00 deg.: X-S =     1.178123 mb/sr,
+                                         /R =   1.3348E+02
   129.00 deg.: X-S =     1.154787 mb/sr,
+                                         /R =   1.3306E+02
   130.00 deg.: X-S =     1.128772 mb/sr,
+                                         /R =   1.3222E+02
   131.00 deg.: X-S =     1.100327 mb/sr,
+                                         /R =   1.3098E+02
   132.00 deg.: X-S =     1.069761 mb/sr,
+                                         /R =   1.2936E+02
   133.00 deg.: X-S =     1.037435 mb/sr,
+                                         /R =   1.2739E+02
   134.00 deg.: X-S =     1.003754 mb/sr,
+                                         /R =   1.2512E+02
   135.00 deg.: X-S =     0.969161 mb/sr,
+                                         /R =   1.2259E+02
   136.00 deg.: X-S =     0.934124 mb/sr,
+                                         /R =   1.1986E+02
   137.00 deg.: X-S =     0.899134 mb/sr,
+                                         /R =   1.1699E+02
   138.00 deg.: X-S =     0.864692 mb/sr,
+                                         /R =   1.1404E+02
   139.00 deg.: X-S =     0.831304 mb/sr,
+                                         /R =   1.1110E+02
   140.00 deg.: X-S =     0.799471 mb/sr,
+                                         /R =   1.0823E+02
   141.00 deg.: X-S =     0.769685 mb/sr,
+                                         /R =   1.0551E+02
   142.00 deg.: X-S =     0.742416 mb/sr,
+                                         /R =   1.0302E+02
   143.00 deg.: X-S =     0.718111 mb/sr,
+                                         /R =   1.0084E+02
   144.00 deg.: X-S =     0.697184 mb/sr,
+                                         /R =   9.9031E+01
   145.00 deg.: X-S =     0.680014 mb/sr,
+                                         /R =   9.7677E+01
   146.00 deg.: X-S =     0.666933 mb/sr,
+                                         /R =   9.6842E+01
   147.00 deg.: X-S =     0.658229 mb/sr,
+                                         /R =   9.6588E+01
   148.00 deg.: X-S =     0.654137 mb/sr,
+                                         /R =   9.6969E+01
   149.00 deg.: X-S =     0.654840 mb/sr,
+                                         /R =   9.8034E+01
   150.00 deg.: X-S =     0.660461 mb/sr,
+                                         /R =   9.9821E+01
   151.00 deg.: X-S =     0.671065 mb/sr,
+                                         /R =   1.0236E+02
   152.00 deg.: X-S =     0.686657 mb/sr,
+                                         /R =   1.0567E+02
   153.00 deg.: X-S =     0.707183 mb/sr,
+                                         /R =   1.0976E+02
   154.00 deg.: X-S =     0.732527 mb/sr,
+                                         /R =   1.1464E+02
   155.00 deg.: X-S =     0.762516 mb/sr,
+                                         /R =   1.2027E+02
   156.00 deg.: X-S =     0.796917 mb/sr,
+                                         /R =   1.2666E+02
   157.00 deg.: X-S =     0.835446 mb/sr,
+                                         /R =   1.3375E+02
   158.00 deg.: X-S =     0.877767 mb/sr,
+                                         /R =   1.4150E+02
   159.00 deg.: X-S =     0.923493 mb/sr,
+                                         /R =   1.4986E+02
   160.00 deg.: X-S =     0.972198 mb/sr,
+                                         /R =   1.5877E+02
   161.00 deg.: X-S =     1.023416 mb/sr,
+                                         /R =   1.6814E+02
   162.00 deg.: X-S =     1.076646 mb/sr,
+                                         /R =   1.7789E+02
   163.00 deg.: X-S =     1.131363 mb/sr,
+                                         /R =   1.8794E+02
   164.00 deg.: X-S =     1.187018 mb/sr,
+                                         /R =   1.9818E+02
   165.00 deg.: X-S =     1.243046 mb/sr,
+                                         /R =   2.0853E+02
   166.00 deg.: X-S =     1.298877 mb/sr,
+                                         /R =   2.1886E+02
   167.00 deg.: X-S =     1.353935 mb/sr,
+                                         /R =   2.2908E+02
   168.00 deg.: X-S =     1.407649 mb/sr,
+                                         /R =   2.3908E+02
   169.00 deg.: X-S =     1.459461 mb/sr,
+                                         /R =   2.4876E+02
   170.00 deg.: X-S =     1.508827 mb/sr,
+                                         /R =   2.5800E+02
   171.00 deg.: X-S =     1.555230 mb/sr,
+                                         /R =   2.6670E+02
   172.00 deg.: X-S =     1.598180 mb/sr,
+                                         /R =   2.7478E+02
   173.00 deg.: X-S =     1.637222 mb/sr,
+                                         /R =   2.8214E+02
   174.00 deg.: X-S =     1.671942 mb/sr,
+                                         /R =   2.8869E+02
   175.00 deg.: X-S =     1.701972 mb/sr,
+                                         /R =   2.9437E+02
   176.00 deg.: X-S =     1.726992 mb/sr,
+                                         /R =   2.9911E+02
   177.00 deg.: X-S =     1.746734 mb/sr,
+                                         /R =   3.0285E+02
   178.00 deg.: X-S =     1.760988 mb/sr,
+                                         /R =   3.0556E+02
   179.00 deg.: X-S =     1.769602 mb/sr,
+                                         /R =   3.0719E+02
   179.99 deg.: X-S =     1.772483 mb/sr,
+                                         /R =   3.0774E+02
                                           Integrated********** mb, over [   0.000, 180.000] at   120.0000 MeV 
 Finished all xsecs @    3.12500000E-02

  The following files have been created:
   3:local copy of User input.            6:standard output.                   
  13:total cross sections/state.         39:cross sections for each Ecm.       
  40:all cross sectns. for each Elab.    56:Fusion for each Jtotal.            

 PARAMETERS : MAXQRN   MFNL   MLOC  LMAX1 MCLIST
    ALLOWED :      1      4      4    170      6
    REQUIRED:      0      0      4     11      4


 ACCURACY ANALYSIS at   120.000 MeV :

  Elastic h*k = 0.042 so OK       compared with 0.200

   Real(S-el) > 0.01 first at J =       1.0
   Real(S-el) > 0.10 first at J =       3.0
   Real(S-el) > 0.50 first at J =       3.0
   Real(S-el) > 0.90 first at J =       4.0
   Real(S-el) > 0.99 first at J =       6.0
   R-turn =     9.19 fm    at J =       9.0

 Forward-angle excitation cut off below   0.601 deg by max JT =       9.0
                              and below   0.110 deg by max R.

 Total CPU  0 time =       0.03 seconds
