 FRESCO - FRES 3.4: Coupled Reaction Channels
 Assuming NAMELIST input.

 Test reaction with generated potential                                          

   0.040  50.000   0.500   0.000   0.000   0.000   0.000   0.000   0.000   0.000

 Centre-of-mass Range is   1252 * 0.0400 fm., Maximum at  50.00 fm., Interpolating NL forms every  0.52 fm.
 Non - locality width is      4 * 0.0400 fm., Maximum of   0.12 fm., Centred at  0.00 fm.
 2-Nucleon Separation of      0 * 0.5200 fm., Maximum of   0.00 fm., Minimum at  0.00 fm.
 Maximum single particle bins of 49.9200 fm.
               M,Mint =         1251        1249


 Range of total J is     0.0 <= J <=   150.0 (at least     0.0) and Absorbtion =>     0.1000 mb.
 Dry Run = F, CC set limits =  0  0, Relativistic kinematics =  , Both/Far/Near Analyses =  1                     

 Cross Sections (and up to T0 for 0=projectile) for Theta from   0.0 to 180.0 in steps of  1.0 degrees, DGAM=0,  Coordinates = 0 (Mads)

 Lower Radial Cutoff = maximum of -1.60*L*h &       0.0 fm.,  Lower Cutoff for Couplings =   0.0  fm.


 Iterate Couplings between   0 and   0 times, to  0.000 % if sooner.                                          
  Block solved exactly =   0 chs., with Pade = 0 & Isocen =  =0, NOSOL = F, initwf =  0
  NL quadrature with   18 Gaussian points, Calculate multipoles up to   156 from   0
  M-transfers for lp+lt greater than or equal to  6, Angular Integration Cutoff below  2.7778 %


 Trace switches are :  CHANS =  0, LISTCC =  0, TRENEG =  0, CDETR =  0, SMATS =  0, XSTABL =  0, NLPL =  0

                       WAVES =  0, LAMPL =  0, VEFF =  0, KFUS =  0, WDISK =  0, BPM =  0, MELFIL =  0

                       CDCC =  0, NFUS =  0

 Using unit mass = 1.000000 amu and 1/fine-structure constant = 137.03599 ( 1.000000 * true ) with hc = 197.32705 MeV.fm,
  thus 2*amu/hbar^2 = 0.0478450 = 1/20.9008 and Coulomb constant = 0.1574855 so e^2 = 1.43997, and nuclear magneton= 0.1261183

 Now pre-scan input and save to file 3



 *********** PARTITION NUMBER  1 ******************************************************************************************

   PROJ=3He        MASS=  3.0000 Z=   2.0,        # STATES=    1T, TARG=p        MASS=  1.0000 Z=   1.0,     Q-VALUE =   0.0000 MEV.

     1:  J= 0.5+ (B# 1), E=  0.0000, K= 0.5              Potl#  1       J= 0.5+ (B# 1), E=  0.0000, K= 0.5    


 ************************************************************************************************************************************

 The following POTENTIALS are defined :

  KP#       TYPE      IT    SHAPE      at     V1        r1        a1        V2        r2        a2        A-in     A-used


                                            A#1       A#2        r0c       ac                                                h @ 1
    1    0=Coulomb       0=CHARGE (WS)  1     1.000     1.000    3.0528    0.0000    0.0000    0.0000     0.000     8.000   0.04000

    1    1=Volume        0=Woods-Saxon  2   70.0000    1.2500    0.6500   15.0000    1.2500    0.6500     0.000     8.000

    1    2=Surface       0=Woods-Saxon  3    0.0000    0.0000    0.0000    5.0000    1.3000    0.6500     0.000     8.000

    1    3=Projtl S.O.   0=Woods-Saxon  4    3.0000    1.0000    0.6500    0.0000    0.0000    0.0000     0.000     8.000

 Incoming partition  1 in excitation state # 1,   Laboratory Energy given for partition  1 Nucleus 1 in Excitation pair 1

0Lab. ENERGY ranges :

   from    135.000     to   0.00000     in     0 intervals
   from    0.00000     to   0.00000     in     0 intervals
   from    0.00000     to   0.00000     in     0 intervals

 Largest real,imaginary parts of any form factor at R=   49.60 are   2.90E-02  7.91E-31 MeV
 Finished all Couplings @    1.56250000E-02           4

 Symmetric Hamiltonian
1***********************************************************************************************************************************
************************************************************************************************************************************

        INCOMING 3He      ;    LABORATORY 3He      ENERGY =   135.00     MeV.

 ***********************************************************************************************************************************
 ***********************************************************************************************************************************


  NOTE: Coulomb excitation cut off below   0.036 deg by JTMAX, and below   0.098 deg by Rmax

 Allocate arrays for            2  channels, of which            1  need wfs.
 Allocate arrays for            2  channels, of which            2  need wfs.
 Reaction Xsec     9.0-/ 9 @ 1 =   0.132 , Out:   0.000#
 Reaction Xsec     9.0-/ 9 @ 2 =   0.132 , Out:   0.000#
 Reaction Xsec    10.0+/10 @ 1 =   0.041 , Out:   0.000#
 Reaction Xsec    10.0+/10 @ 2 =   0.041 , Out:   0.000#
 Finished all CC sets @    1.56250000E-02
0CUMULATIVE REACTION cross section                 =  576.03464  <L> =     3.16  <L**2> =     12.3
0CUMULATIVE outgoing cross sections in partition 1 :    0.00000
0Cumulative ABSORBTION by Imaginary Potentials     =  576.03464  <L> =     3.16  <L**2> =     12.3
   Fusion for specific 3He      M-states :  836.874506  836.874506
0CUMULATIVE OUTGOING cross section                 =    0.00000
 To convert to S-factors (MeV.mb = keV.b),  multiply by  4.5331E+01


 CROSS SECTIONS FOR OUTGOING 3He      & p        in state #   1 with spins & parities 0.5  + &  0.5  +;  0

     0.01 deg.: X-S =   7.8470E+13 mb/sr,
+                                         /R =   9.9999E-01
     1.00 deg.: X-S =   7.5710E+05 mb/sr,
+                                         /R =   9.6477E-01
     2.00 deg.: X-S =   4.4036E+04 mb/sr,
+                                         /R =   8.9770E-01
     3.00 deg.: X-S =  8414.217126 mb/sr,
+                                         /R =   8.6815E-01
     4.00 deg.: X-S =  2991.866385 mb/sr,
+                                         /R =   9.7526E-01
     5.00 deg.: X-S =  1692.271676 mb/sr,
+                                         /R =   1.3461E+00
     6.00 deg.: X-S =  1291.870599 mb/sr,
+                                         /R =   2.1297E+00
     7.00 deg.: X-S =  1143.089113 mb/sr,
+                                         /R =   3.4889E+00
     8.00 deg.: X-S =  1074.671755 mb/sr,
+                                         /R =   5.5914E+00
     9.00 deg.: X-S =  1032.845471 mb/sr,
+                                         /R =   8.6003E+00
    10.00 deg.: X-S =   998.834925 mb/sr,
+                                         /R =   1.2664E+01
    11.00 deg.: X-S =   965.751172 mb/sr,
+                                         /R =   1.7909E+01
    12.00 deg.: X-S =   931.134183 mb/sr,
+                                         /R =   2.4426E+01
    13.00 deg.: X-S =   894.281301 mb/sr,
+                                         /R =   3.2271E+01
    14.00 deg.: X-S =   855.211560 mb/sr,
+                                         /R =   4.1453E+01
    15.00 deg.: X-S =   814.239334 mb/sr,
+                                         /R =   5.1933E+01
    16.00 deg.: X-S =   771.790667 mb/sr,
+                                         /R =   6.3624E+01
    17.00 deg.: X-S =   728.321427 mb/sr,
+                                         /R =   7.6390E+01
    18.00 deg.: X-S =   684.279944 mb/sr,
+                                         /R =   9.0047E+01
    19.00 deg.: X-S =   640.089682 mb/sr,
+                                         /R =   1.0437E+02
    20.00 deg.: X-S =   596.141177 mb/sr,
+                                         /R =   1.1911E+02
    21.00 deg.: X-S =   552.788367 mb/sr,
+                                         /R =   1.3397E+02
    22.00 deg.: X-S =   510.347086 mb/sr,
+                                         /R =   1.4865E+02
    23.00 deg.: X-S =   469.094690 mb/sr,
+                                         /R =   1.6285E+02
    24.00 deg.: X-S =   429.270360 mb/sr,
+                                         /R =   1.7626E+02
    25.00 deg.: X-S =   391.075858 mb/sr,
+                                         /R =   1.8859E+02
    26.00 deg.: X-S =   354.676647 mb/sr,
+                                         /R =   1.9957E+02
    27.00 deg.: X-S =   320.203324 mb/sr,
+                                         /R =   2.0896E+02
    28.00 deg.: X-S =   287.753332 mb/sr,
+                                         /R =   2.1658E+02
    29.00 deg.: X-S =   257.392923 mb/sr,
+                                         /R =   2.2228E+02
    30.00 deg.: X-S =   229.159333 mb/sr,
+                                         /R =   2.2596E+02
    31.00 deg.: X-S =   203.063143 mb/sr,
+                                         /R =   2.2758E+02
    32.00 deg.: X-S =   179.090769 mb/sr,
+                                         /R =   2.2716E+02
    33.00 deg.: X-S =   157.207058 mb/sr,
+                                         /R =   2.2477E+02
    34.00 deg.: X-S =   137.357922 mb/sr,
+                                         /R =   2.2055E+02
    35.00 deg.: X-S =   119.472989 mb/sr,
+                                         /R =   2.1465E+02
    36.00 deg.: X-S =   103.468216 mb/sr,
+                                         /R =   2.0732E+02
    37.00 deg.: X-S =    89.248432 mb/sr,
+                                         /R =   1.9880E+02
    38.00 deg.: X-S =    76.709776 mb/sr,
+                                         /R =   1.8937E+02
    39.00 deg.: X-S =    65.741999 mb/sr,
+                                         /R =   1.7936E+02
    40.00 deg.: X-S =    56.230614 mb/sr,
+                                         /R =   1.6908E+02
    41.00 deg.: X-S =    48.058862 mb/sr,
+                                         /R =   1.5885E+02
    42.00 deg.: X-S =    41.109497 mb/sr,
+                                         /R =   1.4899E+02
    43.00 deg.: X-S =    35.266371 mb/sr,
+                                         /R =   1.3982E+02
    44.00 deg.: X-S =    30.415812 mb/sr,
+                                         /R =   1.3161E+02
    45.00 deg.: X-S =    26.447810 mb/sr,
+                                         /R =   1.2464E+02
    46.00 deg.: X-S =    23.257000 mb/sr,
+                                         /R =   1.1912E+02
    47.00 deg.: X-S =    20.743464 mb/sr,
+                                         /R =   1.1523E+02
    48.00 deg.: X-S =    18.813342 mb/sr,
+                                         /R =   1.1314E+02
    49.00 deg.: X-S =    17.379290 mb/sr,
+                                         /R =   1.1294E+02
    50.00 deg.: X-S =    16.360773 mb/sr,
+                                         /R =   1.1468E+02
    51.00 deg.: X-S =    15.684232 mb/sr,
+                                         /R =   1.1839E+02
    52.00 deg.: X-S =    15.283115 mb/sr,
+                                         /R =   1.2402E+02
    53.00 deg.: X-S =    15.097811 mb/sr,
+                                         /R =   1.3150E+02
    54.00 deg.: X-S =    15.075487 mb/sr,
+                                         /R =   1.4072E+02
    55.00 deg.: X-S =    15.169851 mb/sr,
+                                         /R =   1.5153E+02
    56.00 deg.: X-S =    15.340845 mb/sr,
+                                         /R =   1.6375E+02
    57.00 deg.: X-S =    15.554301 mb/sr,
+                                         /R =   1.7718E+02
    58.00 deg.: X-S =    15.781546 mb/sr,
+                                         /R =   1.9157E+02
    59.00 deg.: X-S =    15.998989 mb/sr,
+                                         /R =   2.0671E+02
    60.00 deg.: X-S =    16.187691 mb/sr,
+                                         /R =   2.2231E+02
    61.00 deg.: X-S =    16.332925 mb/sr,
+                                         /R =   2.3815E+02
    62.00 deg.: X-S =    16.423744 mb/sr,
+                                         /R =   2.5394E+02
    63.00 deg.: X-S =    16.452541 mb/sr,
+                                         /R =   2.6945E+02
    64.00 deg.: X-S =    16.414643 mb/sr,
+                                         /R =   2.8443E+02
    65.00 deg.: X-S =    16.307902 mb/sr,
+                                         /R =   2.9865E+02
    66.00 deg.: X-S =    16.132323 mb/sr,
+                                         /R =   3.1191E+02
    67.00 deg.: X-S =    15.889704 mb/sr,
+                                         /R =   3.2402E+02
    68.00 deg.: X-S =    15.583309 mb/sr,
+                                         /R =   3.3482E+02
    69.00 deg.: X-S =    15.217566 mb/sr,
+                                         /R =   3.4416E+02
    70.00 deg.: X-S =    14.797793 mb/sr,
+                                         /R =   3.5194E+02
    71.00 deg.: X-S =    14.329949 mb/sr,
+                                         /R =   3.5807E+02
    72.00 deg.: X-S =    13.820420 mb/sr,
+                                         /R =   3.6249E+02
    73.00 deg.: X-S =    13.275823 mb/sr,
+                                         /R =   3.6519E+02
    74.00 deg.: X-S =    12.702842 mb/sr,
+                                         /R =   3.6615E+02
    75.00 deg.: X-S =    12.108088 mb/sr,
+                                         /R =   3.6540E+02
    76.00 deg.: X-S =    11.497981 mb/sr,
+                                         /R =   3.6299E+02
    77.00 deg.: X-S =    10.878652 mb/sr,
+                                         /R =   3.5899E+02
    78.00 deg.: X-S =    10.255869 mb/sr,
+                                         /R =   3.5348E+02
    79.00 deg.: X-S =     9.634977 mb/sr,
+                                         /R =   3.4657E+02
    80.00 deg.: X-S =     9.020859 mb/sr,
+                                         /R =   3.3839E+02
    81.00 deg.: X-S =     8.417906 mb/sr,
+                                         /R =   3.2907E+02
    82.00 deg.: X-S =     7.830003 mb/sr,
+                                         /R =   3.1874E+02
    83.00 deg.: X-S =     7.260527 mb/sr,
+                                         /R =   3.0756E+02
    84.00 deg.: X-S =     6.712349 mb/sr,
+                                         /R =   2.9568E+02
    85.00 deg.: X-S =     6.187852 mb/sr,
+                                         /R =   2.8325E+02
    86.00 deg.: X-S =     5.688946 mb/sr,
+                                         /R =   2.7044E+02
    87.00 deg.: X-S =     5.217097 mb/sr,
+                                         /R =   2.5738E+02
    88.00 deg.: X-S =     4.773352 mb/sr,
+                                         /R =   2.4424E+02
    89.00 deg.: X-S =     4.358373 mb/sr,
+                                         /R =   2.3114E+02
    90.00 deg.: X-S =     3.972470 mb/sr,
+                                         /R =   2.1822E+02
    91.00 deg.: X-S =     3.615631 mb/sr,
+                                         /R =   2.0562E+02
    92.00 deg.: X-S =     3.287563 mb/sr,
+                                         /R =   1.9343E+02
    93.00 deg.: X-S =     2.987721 mb/sr,
+                                         /R =   1.8176E+02
    94.00 deg.: X-S =     2.715343 mb/sr,
+                                         /R =   1.7070E+02
    95.00 deg.: X-S =     2.469483 mb/sr,
+                                         /R =   1.6034E+02
    96.00 deg.: X-S =     2.249040 mb/sr,
+                                         /R =   1.5073E+02
    97.00 deg.: X-S =     2.052786 mb/sr,
+                                         /R =   1.4193E+02
    98.00 deg.: X-S =     1.879394 mb/sr,
+                                         /R =   1.3398E+02
    99.00 deg.: X-S =     1.727463 mb/sr,
+                                         /R =   1.2691E+02
   100.00 deg.: X-S =     1.595540 mb/sr,
+                                         /R =   1.2073E+02
   101.00 deg.: X-S =     1.482138 mb/sr,
+                                         /R =   1.1546E+02
   102.00 deg.: X-S =     1.385758 mb/sr,
+                                         /R =   1.1107E+02
   103.00 deg.: X-S =     1.304901 mb/sr,
+                                         /R =   1.0756E+02
   104.00 deg.: X-S =     1.238087 mb/sr,
+                                         /R =   1.0490E+02
   105.00 deg.: X-S =     1.183861 mb/sr,
+                                         /R =   1.0306E+02
   106.00 deg.: X-S =     1.140809 mb/sr,
+                                         /R =   1.0198E+02
   107.00 deg.: X-S =     1.107563 mb/sr,
+                                         /R =   1.0162E+02
   108.00 deg.: X-S =     1.082810 mb/sr,
+                                         /R =   1.0193E+02
   109.00 deg.: X-S =     1.065298 mb/sr,
+                                         /R =   1.0283E+02
   110.00 deg.: X-S =     1.053839 mb/sr,
+                                         /R =   1.0426E+02
   111.00 deg.: X-S =     1.047315 mb/sr,
+                                         /R =   1.0616E+02
   112.00 deg.: X-S =     1.044679 mb/sr,
+                                         /R =   1.0844E+02
   113.00 deg.: X-S =     1.044957 mb/sr,
+                                         /R =   1.1103E+02
   114.00 deg.: X-S =     1.047252 mb/sr,
+                                         /R =   1.1385E+02
   115.00 deg.: X-S =     1.050741 mb/sr,
+                                         /R =   1.1682E+02
   116.00 deg.: X-S =     1.054677 mb/sr,
+                                         /R =   1.1987E+02
   117.00 deg.: X-S =     1.058390 mb/sr,
+                                         /R =   1.2292E+02
   118.00 deg.: X-S =     1.061287 mb/sr,
+                                         /R =   1.2589E+02
   119.00 deg.: X-S =     1.062846 mb/sr,
+                                         /R =   1.2872E+02
   120.00 deg.: X-S =     1.062625 mb/sr,
+                                         /R =   1.3134E+02
   121.00 deg.: X-S =     1.060250 mb/sr,
+                                         /R =   1.3369E+02
   122.00 deg.: X-S =     1.055422 mb/sr,
+                                         /R =   1.3571E+02
   123.00 deg.: X-S =     1.047912 mb/sr,
+                                         /R =   1.3735E+02
   124.00 deg.: X-S =     1.037558 mb/sr,
+                                         /R =   1.3857E+02
   125.00 deg.: X-S =     1.024265 mb/sr,
+                                         /R =   1.3933E+02
   126.00 deg.: X-S =     1.008002 mb/sr,
+                                         /R =   1.3960E+02
   127.00 deg.: X-S =     0.988799 mb/sr,
+                                         /R =   1.3937E+02
   128.00 deg.: X-S =     0.966742 mb/sr,
+                                         /R =   1.3863E+02
   129.00 deg.: X-S =     0.941972 mb/sr,
+                                         /R =   1.3737E+02
   130.00 deg.: X-S =     0.914679 mb/sr,
+                                         /R =   1.3560E+02
   131.00 deg.: X-S =     0.885101 mb/sr,
+                                         /R =   1.3335E+02
   132.00 deg.: X-S =     0.853513 mb/sr,
+                                         /R =   1.3063E+02
   133.00 deg.: X-S =     0.820228 mb/sr,
+                                         /R =   1.2748E+02
   134.00 deg.: X-S =     0.785588 mb/sr,
+                                         /R =   1.2394E+02
   135.00 deg.: X-S =     0.749959 mb/sr,
+                                         /R =   1.2006E+02
   136.00 deg.: X-S =     0.713727 mb/sr,
+                                         /R =   1.1590E+02
   137.00 deg.: X-S =     0.677287 mb/sr,
+                                         /R =   1.1153E+02
   138.00 deg.: X-S =     0.641045 mb/sr,
+                                         /R =   1.0700E+02
   139.00 deg.: X-S =     0.605405 mb/sr,
+                                         /R =   1.0240E+02
   140.00 deg.: X-S =     0.570765 mb/sr,
+                                         /R =   9.7792E+01
   141.00 deg.: X-S =     0.537513 mb/sr,
+                                         /R =   9.3257E+01
   142.00 deg.: X-S =     0.506023 mb/sr,
+                                         /R =   8.8870E+01
   143.00 deg.: X-S =     0.476642 mb/sr,
+                                         /R =   8.4708E+01
   144.00 deg.: X-S =     0.449698 mb/sr,
+                                         /R =   8.0844E+01
   145.00 deg.: X-S =     0.425483 mb/sr,
+                                         /R =   7.7351E+01
   146.00 deg.: X-S =     0.404260 mb/sr,
+                                         /R =   7.4293E+01
   147.00 deg.: X-S =     0.386253 mb/sr,
+                                         /R =   7.1734E+01
   148.00 deg.: X-S =     0.371647 mb/sr,
+                                         /R =   6.9727E+01
   149.00 deg.: X-S =     0.360587 mb/sr,
+                                         /R =   6.8321E+01
   150.00 deg.: X-S =     0.353174 mb/sr,
+                                         /R =   6.7557E+01
   151.00 deg.: X-S =     0.349469 mb/sr,
+                                         /R =   6.7465E+01
   152.00 deg.: X-S =     0.349485 mb/sr,
+                                         /R =   6.8069E+01
   153.00 deg.: X-S =     0.353196 mb/sr,
+                                         /R =   6.9382E+01
   154.00 deg.: X-S =     0.360531 mb/sr,
+                                         /R =   7.1407E+01
   155.00 deg.: X-S =     0.371378 mb/sr,
+                                         /R =   7.4139E+01
   156.00 deg.: X-S =     0.385587 mb/sr,
+                                         /R =   7.7561E+01
   157.00 deg.: X-S =     0.402967 mb/sr,
+                                         /R =   8.1648E+01
   158.00 deg.: X-S =     0.423296 mb/sr,
+                                         /R =   8.6364E+01
   159.00 deg.: X-S =     0.446317 mb/sr,
+                                         /R =   9.1667E+01
   160.00 deg.: X-S =     0.471742 mb/sr,
+                                         /R =   9.7502E+01
   161.00 deg.: X-S =     0.499259 mb/sr,
+                                         /R =   1.0381E+02
   162.00 deg.: X-S =     0.528534 mb/sr,
+                                         /R =   1.1052E+02
   163.00 deg.: X-S =     0.559210 mb/sr,
+                                         /R =   1.1757E+02
   164.00 deg.: X-S =     0.590918 mb/sr,
+                                         /R =   1.2487E+02
   165.00 deg.: X-S =     0.623277 mb/sr,
+                                         /R =   1.3233E+02
   166.00 deg.: X-S =     0.655899 mb/sr,
+                                         /R =   1.3988E+02
   167.00 deg.: X-S =     0.688393 mb/sr,
+                                         /R =   1.4741E+02
   168.00 deg.: X-S =     0.720370 mb/sr,
+                                         /R =   1.5485E+02
   169.00 deg.: X-S =     0.751448 mb/sr,
+                                         /R =   1.6210E+02
   170.00 deg.: X-S =     0.781253 mb/sr,
+                                         /R =   1.6907E+02
   171.00 deg.: X-S =     0.809430 mb/sr,
+                                         /R =   1.7568E+02
   172.00 deg.: X-S =     0.835639 mb/sr,
+                                         /R =   1.8184E+02
   173.00 deg.: X-S =     0.859564 mb/sr,
+                                         /R =   1.8747E+02
   174.00 deg.: X-S =     0.880919 mb/sr,
+                                         /R =   1.9251E+02
   175.00 deg.: X-S =     0.899445 mb/sr,
+                                         /R =   1.9689E+02
   176.00 deg.: X-S =     0.914919 mb/sr,
+                                         /R =   2.0055E+02
   177.00 deg.: X-S =     0.927153 mb/sr,
+                                         /R =   2.0345E+02
   178.00 deg.: X-S =     0.935999 mb/sr,
+                                         /R =   2.0555E+02
   179.00 deg.: X-S =     0.941350 mb/sr,
+                                         /R =   2.0682E+02
   179.99 deg.: X-S =     0.943141 mb/sr,
+                                         /R =   2.0724E+02
                                           Integrated********** mb, over [   0.000, 180.000] at   135.0000 MeV 
 Finished all xsecs @    3.12500000E-02

  The following files have been created:
   3:local copy of User input.            6:standard output.                   
  13:total cross sections/state.         39:cross sections for each Ecm.       
  40:all cross sectns. for each Elab.    56:Fusion for each Jtotal.            

 PARAMETERS : MAXQRN   MFNL   MLOC  LMAX1 MCLIST
    ALLOWED :      1      4      4    170      6
    REQUIRED:      0      0      4     11      4


 ACCURACY ANALYSIS at   135.000 MeV :

  Elastic h*k = 0.044 so OK       compared with 0.200

   Real(S-el) > 0.01 first at J =       1.0
   Real(S-el) > 0.10 first at J =       3.0
   Real(S-el) > 0.50 first at J =       3.0
   Real(S-el) > 0.90 first at J =       4.0
   Real(S-el) > 0.99 first at J =       6.0
   R-turn =     9.57 fm    at J =      10.0

 Forward-angle excitation cut off below   0.512 deg by max JT =      10.0
                              and below   0.098 deg by max R.

 Total CPU  0 time =       0.03 seconds
