 FRESCO - FRES 3.4: Coupled Reaction Channels
 Assuming NAMELIST input.

 Test reaction with generated potential                                          

   0.040  50.000   0.500   0.000   0.000   0.000   0.000   0.000   0.000   0.000

 Centre-of-mass Range is   1252 * 0.0400 fm., Maximum at  50.00 fm., Interpolating NL forms every  0.52 fm.
 Non - locality width is      4 * 0.0400 fm., Maximum of   0.12 fm., Centred at  0.00 fm.
 2-Nucleon Separation of      0 * 0.5200 fm., Maximum of   0.00 fm., Minimum at  0.00 fm.
 Maximum single particle bins of 49.9200 fm.
               M,Mint =         1251        1249


 Range of total J is     0.0 <= J <=   150.0 (at least     0.0) and Absorbtion =>     0.1000 mb.
 Dry Run = F, CC set limits =  0  0, Relativistic kinematics =  , Both/Far/Near Analyses =  1                     

 Cross Sections (and up to T0 for 0=projectile) for Theta from   0.0 to 180.0 in steps of  1.0 degrees, DGAM=0,  Coordinates = 0 (Mads)

 Lower Radial Cutoff = maximum of -1.60*L*h &       0.0 fm.,  Lower Cutoff for Couplings =   0.0  fm.


 Iterate Couplings between   0 and   0 times, to  0.000 % if sooner.                                          
  Block solved exactly =   0 chs., with Pade = 0 & Isocen =  =0, NOSOL = F, initwf =  0
  NL quadrature with   18 Gaussian points, Calculate multipoles up to   156 from   0
  M-transfers for lp+lt greater than or equal to  6, Angular Integration Cutoff below  2.7778 %


 Trace switches are :  CHANS =  0, LISTCC =  0, TRENEG =  0, CDETR =  0, SMATS =  0, XSTABL =  0, NLPL =  0

                       WAVES =  0, LAMPL =  0, VEFF =  0, KFUS =  0, WDISK =  0, BPM =  0, MELFIL =  0

                       CDCC =  0, NFUS =  0

 Using unit mass = 1.000000 amu and 1/fine-structure constant = 137.03599 ( 1.000000 * true ) with hc = 197.32705 MeV.fm,
  thus 2*amu/hbar^2 = 0.0478450 = 1/20.9008 and Coulomb constant = 0.1574855 so e^2 = 1.43997, and nuclear magneton= 0.1261183

 Now pre-scan input and save to file 3



 *********** PARTITION NUMBER  1 ******************************************************************************************

   PROJ=3He        MASS=  3.0000 Z=   2.0,        # STATES=    1T, TARG=p        MASS=  1.0000 Z=   1.0,     Q-VALUE =   0.0000 MEV.

     1:  J= 0.5+ (B# 1), E=  0.0000, K= 0.5              Potl#  1       J= 0.5+ (B# 1), E=  0.0000, K= 0.5    


 ************************************************************************************************************************************

 The following POTENTIALS are defined :

  KP#       TYPE      IT    SHAPE      at     V1        r1        a1        V2        r2        a2        A-in     A-used


                                            A#1       A#2        r0c       ac                                                h @ 1
    1    0=Coulomb       0=CHARGE (WS)  1     1.000     1.000    3.0528    0.0000    0.0000    0.0000     0.000     8.000   0.04000

    1    1=Volume        0=Woods-Saxon  2   70.0000    1.2500    0.6500   15.0000    1.2500    0.6500     0.000     8.000

    1    2=Surface       0=Woods-Saxon  3    0.0000    0.0000    0.0000    5.0000    1.3000    0.6500     0.000     8.000

    1    3=Projtl S.O.   0=Woods-Saxon  4    3.0000    1.0000    0.6500    0.0000    0.0000    0.0000     0.000     8.000

 Incoming partition  1 in excitation state # 1,   Laboratory Energy given for partition  1 Nucleus 1 in Excitation pair 1

0Lab. ENERGY ranges :

   from    365.000     to   0.00000     in     0 intervals
   from    0.00000     to   0.00000     in     0 intervals
   from    0.00000     to   0.00000     in     0 intervals

 Largest real,imaginary parts of any form factor at R=   49.60 are   2.90E-02  7.91E-31 MeV
 Finished all Couplings @    0.00000000               4

 Symmetric Hamiltonian
1***********************************************************************************************************************************
************************************************************************************************************************************

        INCOMING 3He      ;    LABORATORY 3He      ENERGY =   365.00     MeV.

 ***********************************************************************************************************************************
 ***********************************************************************************************************************************


  NOTE: Coulomb excitation cut off below   0.022 deg by JTMAX, and below   0.036 deg by Rmax

 Allocate arrays for            2  channels, of which            1  need wfs.
 Allocate arrays for            2  channels, of which            2  need wfs.
 Reaction Xsec    13.0-/13 @ 1 =   0.163 , Out:   0.000#
 Reaction Xsec    13.0-/13 @ 2 =   0.163 , Out:   0.000#
 Reaction Xsec    14.0+/14 @ 1 =   0.079 , Out:   0.000#
 Reaction Xsec    14.0+/14 @ 2 =   0.079 , Out:   0.000#
 Finished all CC sets @    1.56250000E-02
0CUMULATIVE REACTION cross section                 =  397.47907  <L> =     4.82  <L**2> =     28.5
0CUMULATIVE outgoing cross sections in partition 1 :    0.00000
0Cumulative ABSORBTION by Imaginary Potentials     =  397.47907  <L> =     4.82  <L**2> =     28.5
   Fusion for specific 3He      M-states :  532.730851  532.730851
0CUMULATIVE OUTGOING cross section                 =    0.00000
 To convert to S-factors (MeV.mb = keV.b),  multiply by  1.0918E+02


 CROSS SECTIONS FOR OUTGOING 3He      & p        in state #   1 with spins & parities 0.5  + &  0.5  +;  0

     0.01 deg.: X-S =   1.0734E+13 mb/sr,
+                                         /R =   9.9998E-01
     1.00 deg.: X-S =   9.1528E+04 mb/sr,
+                                         /R =   8.5259E-01
     2.00 deg.: X-S =  4793.531353 mb/sr,
+                                         /R =   7.1433E-01
     3.00 deg.: X-S =  1816.995189 mb/sr,
+                                         /R =   1.3704E+00
     4.00 deg.: X-S =  1678.571092 mb/sr,
+                                         /R =   3.9998E+00
     5.00 deg.: X-S =  1726.491378 mb/sr,
+                                         /R =   1.0039E+01
     6.00 deg.: X-S =  1743.286468 mb/sr,
+                                         /R =   2.1008E+01
     7.00 deg.: X-S =  1717.393328 mb/sr,
+                                         /R =   3.8317E+01
     8.00 deg.: X-S =  1658.585681 mb/sr,
+                                         /R =   6.3081E+01
     9.00 deg.: X-S =  1576.489227 mb/sr,
+                                         /R =   9.5959E+01
    10.00 deg.: X-S =  1478.537905 mb/sr,
+                                         /R =   1.3704E+02
    11.00 deg.: X-S =  1370.398316 mb/sr,
+                                         /R =   1.8576E+02
    12.00 deg.: X-S =  1256.494037 mb/sr,
+                                         /R =   2.4095E+02
    13.00 deg.: X-S =  1140.357459 mb/sr,
+                                         /R =   3.0081E+02
    14.00 deg.: X-S =  1024.841316 mb/sr,
+                                         /R =   3.6313E+02
    15.00 deg.: X-S =   912.244312 mb/sr,
+                                         /R =   4.2533E+02
    16.00 deg.: X-S =   804.389190 mb/sr,
+                                         /R =   4.8474E+02
    17.00 deg.: X-S =   702.676491 mb/sr,
+                                         /R =   5.3875E+02
    18.00 deg.: X-S =   608.127274 mb/sr,
+                                         /R =   5.8499E+02
    19.00 deg.: X-S =   521.421922 mb/sr,
+                                         /R =   6.2151E+02
    20.00 deg.: X-S =   442.938524 mb/sr,
+                                         /R =   6.4691E+02
    21.00 deg.: X-S =   372.792069 mb/sr,
+                                         /R =   6.6042E+02
    22.00 deg.: X-S =   310.874479 mb/sr,
+                                         /R =   6.6192E+02
    23.00 deg.: X-S =   256.894779 mb/sr,
+                                         /R =   6.5193E+02
    24.00 deg.: X-S =   210.418422 mb/sr,
+                                         /R =   6.3157E+02
    25.00 deg.: X-S =   170.904713 mb/sr,
+                                         /R =   6.0245E+02
    26.00 deg.: X-S =   137.741361 mb/sr,
+                                         /R =   5.6655E+02
    27.00 deg.: X-S =   110.275414 mb/sr,
+                                         /R =   5.2607E+02
    28.00 deg.: X-S =    87.840023 mb/sr,
+                                         /R =   4.8330E+02
    29.00 deg.: X-S =    69.776766 mb/sr,
+                                         /R =   4.4049E+02
    30.00 deg.: X-S =    55.453473 mb/sr,
+                                         /R =   3.9970E+02
    31.00 deg.: X-S =    44.277711 mb/sr,
+                                         /R =   3.6275E+02
    32.00 deg.: X-S =    35.706237 mb/sr,
+                                         /R =   3.3107E+02
    33.00 deg.: X-S =    29.250859 mb/sr,
+                                         /R =   3.0572E+02
    34.00 deg.: X-S =    24.481213 mb/sr,
+                                         /R =   2.8734E+02
    35.00 deg.: X-S =    21.024986 mb/sr,
+                                         /R =   2.7614E+02
    36.00 deg.: X-S =    18.566131 mb/sr,
+                                         /R =   2.7194E+02
    37.00 deg.: X-S =    16.841575 mb/sr,
+                                         /R =   2.7423E+02
    38.00 deg.: X-S =    15.636888 mb/sr,
+                                         /R =   2.8219E+02
    39.00 deg.: X-S =    14.781300 mb/sr,
+                                         /R =   2.9479E+02
    40.00 deg.: X-S =    14.142412 mb/sr,
+                                         /R =   3.1085E+02
    41.00 deg.: X-S =    13.620856 mb/sr,
+                                         /R =   3.2910E+02
    42.00 deg.: X-S =    13.145112 mb/sr,
+                                         /R =   3.4826E+02
    43.00 deg.: X-S =    12.666635 mb/sr,
+                                         /R =   3.6710E+02
    44.00 deg.: X-S =    12.155378 mb/sr,
+                                         /R =   3.8450E+02
    45.00 deg.: X-S =    11.595777 mb/sr,
+                                         /R =   3.9947E+02
    46.00 deg.: X-S =    10.983237 mb/sr,
+                                         /R =   4.1121E+02
    47.00 deg.: X-S =    10.321094 mb/sr,
+                                         /R =   4.1913E+02
    48.00 deg.: X-S =     9.618062 mb/sr,
+                                         /R =   4.2283E+02
    49.00 deg.: X-S =     8.886137 mb/sr,
+                                         /R =   4.2213E+02
    50.00 deg.: X-S =     8.138906 mb/sr,
+                                         /R =   4.1704E+02
    51.00 deg.: X-S =     7.390239 mb/sr,
+                                         /R =   4.0777E+02
    52.00 deg.: X-S =     6.653311 mb/sr,
+                                         /R =   3.9466E+02
    53.00 deg.: X-S =     5.939920 mb/sr,
+                                         /R =   3.7819E+02
    54.00 deg.: X-S =     5.260046 mb/sr,
+                                         /R =   3.5892E+02
    55.00 deg.: X-S =     4.621623 mb/sr,
+                                         /R =   3.3747E+02
    56.00 deg.: X-S =     4.030469 mb/sr,
+                                         /R =   3.1450E+02
    57.00 deg.: X-S =     3.490354 mb/sr,
+                                         /R =   2.9063E+02
    58.00 deg.: X-S =     3.003160 mb/sr,
+                                         /R =   2.6649E+02
    59.00 deg.: X-S =     2.569102 mb/sr,
+                                         /R =   2.4264E+02
    60.00 deg.: X-S =     2.186993 mb/sr,
+                                         /R =   2.1956E+02
    61.00 deg.: X-S =     1.854520 mb/sr,
+                                         /R =   1.9766E+02
    62.00 deg.: X-S =     1.568520 mb/sr,
+                                         /R =   1.7728E+02
    63.00 deg.: X-S =     1.325239 mb/sr,
+                                         /R =   1.5866E+02
    64.00 deg.: X-S =     1.120562 mb/sr,
+                                         /R =   1.4194E+02
    65.00 deg.: X-S =     0.950215 mb/sr,
+                                         /R =   1.2721E+02
    66.00 deg.: X-S =     0.809931 mb/sr,
+                                         /R =   1.1447E+02
    67.00 deg.: X-S =     0.695577 mb/sr,
+                                         /R =   1.0369E+02
    68.00 deg.: X-S =     0.603252 mb/sr,
+                                         /R =   9.4747E+01
    69.00 deg.: X-S =     0.529354 mb/sr,
+                                         /R =   8.7515E+01
    70.00 deg.: X-S =     0.470620 mb/sr,
+                                         /R =   8.1820E+01
    71.00 deg.: X-S =     0.424150 mb/sr,
+                                         /R =   7.7474E+01
    72.00 deg.: X-S =     0.387404 mb/sr,
+                                         /R =   7.4278E+01
    73.00 deg.: X-S =     0.358202 mb/sr,
+                                         /R =   7.2028E+01
    74.00 deg.: X-S =     0.334700 mb/sr,
+                                         /R =   7.0523E+01
    75.00 deg.: X-S =     0.315368 mb/sr,
+                                         /R =   6.9571E+01
    76.00 deg.: X-S =     0.298965 mb/sr,
+                                         /R =   6.8994E+01
    77.00 deg.: X-S =     0.284506 mb/sr,
+                                         /R =   6.8630E+01
    78.00 deg.: X-S =     0.271234 mb/sr,
+                                         /R =   6.8337E+01
    79.00 deg.: X-S =     0.258591 mb/sr,
+                                         /R =   6.7995E+01
    80.00 deg.: X-S =     0.246185 mb/sr,
+                                         /R =   6.7508E+01
    81.00 deg.: X-S =     0.233765 mb/sr,
+                                         /R =   6.6800E+01
    82.00 deg.: X-S =     0.221195 mb/sr,
+                                         /R =   6.5822E+01
    83.00 deg.: X-S =     0.208426 mb/sr,
+                                         /R =   6.4540E+01
    84.00 deg.: X-S =     0.195478 mb/sr,
+                                         /R =   6.2945E+01
    85.00 deg.: X-S =     0.182417 mb/sr,
+                                         /R =   6.1041E+01
    86.00 deg.: X-S =     0.169341 mb/sr,
+                                         /R =   5.8846E+01
    87.00 deg.: X-S =     0.156363 mb/sr,
+                                         /R =   5.6390E+01
    88.00 deg.: X-S =     0.143603 mb/sr,
+                                         /R =   5.3712E+01
    89.00 deg.: X-S =     0.131174 mb/sr,
+                                         /R =   5.0853E+01
    90.00 deg.: X-S =     0.119183 mb/sr,
+                                         /R =   4.7860E+01
    91.00 deg.: X-S =     0.107718 mb/sr,
+                                         /R =   4.4780E+01
    92.00 deg.: X-S =     0.096855 mb/sr,
+                                         /R =   4.1656E+01
    93.00 deg.: X-S =     0.086650 mb/sr,
+                                         /R =   3.8534E+01
    94.00 deg.: X-S =     0.077143 mb/sr,
+                                         /R =   3.5451E+01
    95.00 deg.: X-S =     0.068359 mb/sr,
+                                         /R =   3.2444E+01
    96.00 deg.: X-S =     0.060309 mb/sr,
+                                         /R =   2.9546E+01
    97.00 deg.: X-S =     0.052991 mb/sr,
+                                         /R =   2.6782E+01
    98.00 deg.: X-S =     0.046394 mb/sr,
+                                         /R =   2.4177E+01
    99.00 deg.: X-S =     0.040499 mb/sr,
+                                         /R =   2.1750E+01
   100.00 deg.: X-S =     0.035279 mb/sr,
+                                         /R =   1.9514E+01
   101.00 deg.: X-S =     0.030699 mb/sr,
+                                         /R =   1.7481E+01
   102.00 deg.: X-S =     0.026723 mb/sr,
+                                         /R =   1.5657E+01
   103.00 deg.: X-S =     0.023307 mb/sr,
+                                         /R =   1.4044E+01
   104.00 deg.: X-S =     0.020406 mb/sr,
+                                         /R =   1.2639E+01
   105.00 deg.: X-S =     0.017969 mb/sr,
+                                         /R =   1.1435E+01
   106.00 deg.: X-S =     0.015946 mb/sr,
+                                         /R =   1.0420E+01
   107.00 deg.: X-S =     0.014285 mb/sr,
+                                         /R =   9.5808E+00
   108.00 deg.: X-S =     0.012931 mb/sr,
+                                         /R =   8.8980E+00
   109.00 deg.: X-S =     0.011835 mb/sr,
+                                         /R =   8.3512E+00
   110.00 deg.: X-S =     0.010948 mb/sr,
+                                         /R =   7.9183E+00
   111.00 deg.: X-S =     0.010226 mb/sr,
+                                         /R =   7.5772E+00
   112.00 deg.: X-S =     0.009629 mb/sr,
+                                         /R =   7.3063E+00
   113.00 deg.: X-S =     0.009124 mb/sr,
+                                         /R =   7.0862E+00
   114.00 deg.: X-S =     0.008683 mb/sr,
+                                         /R =   6.9003E+00
   115.00 deg.: X-S =     0.008287 mb/sr,
+                                         /R =   6.7353E+00
   116.00 deg.: X-S =     0.007922 mb/sr,
+                                         /R =   6.5814E+00
   117.00 deg.: X-S =     0.007577 mb/sr,
+                                         /R =   6.4325E+00
   118.00 deg.: X-S =     0.007249 mb/sr,
+                                         /R =   6.2854E+00
   119.00 deg.: X-S =     0.006934 mb/sr,
+                                         /R =   6.1390E+00
   120.00 deg.: X-S =     0.006634 mb/sr,
+                                         /R =   5.9937E+00
   121.00 deg.: X-S =     0.006347 mb/sr,
+                                         /R =   5.8504E+00
   122.00 deg.: X-S =     0.006074 mb/sr,
+                                         /R =   5.7095E+00
   123.00 deg.: X-S =     0.005814 mb/sr,
+                                         /R =   5.5707E+00
   124.00 deg.: X-S =     0.005565 mb/sr,
+                                         /R =   5.4324E+00
   125.00 deg.: X-S =     0.005322 mb/sr,
+                                         /R =   5.2917E+00
   126.00 deg.: X-S =     0.005082 mb/sr,
+                                         /R =   5.1451E+00
   127.00 deg.: X-S =     0.004841 mb/sr,
+                                         /R =   4.9884E+00
   128.00 deg.: X-S =     0.004596 mb/sr,
+                                         /R =   4.8179E+00
   129.00 deg.: X-S =     0.004344 mb/sr,
+                                         /R =   4.6306E+00
   130.00 deg.: X-S =     0.004083 mb/sr,
+                                         /R =   4.4250E+00
   131.00 deg.: X-S =     0.003814 mb/sr,
+                                         /R =   4.2009E+00
   132.00 deg.: X-S =     0.003540 mb/sr,
+                                         /R =   3.9604E+00
   133.00 deg.: X-S =     0.003263 mb/sr,
+                                         /R =   3.7067E+00
   134.00 deg.: X-S =     0.002987 mb/sr,
+                                         /R =   3.4447E+00
   135.00 deg.: X-S =     0.002717 mb/sr,
+                                         /R =   3.1801E+00
   136.00 deg.: X-S =     0.002459 mb/sr,
+                                         /R =   2.9187E+00
   137.00 deg.: X-S =     0.002215 mb/sr,
+                                         /R =   2.6667E+00
   138.00 deg.: X-S =     0.001991 mb/sr,
+                                         /R =   2.4293E+00
   139.00 deg.: X-S =     0.001788 mb/sr,
+                                         /R =   2.2112E+00
   140.00 deg.: X-S =     0.001609 mb/sr,
+                                         /R =   2.0156E+00
   141.00 deg.: X-S =     0.001454 mb/sr,
+                                         /R =   1.8446E+00
   142.00 deg.: X-S =     0.001323 mb/sr,
+                                         /R =   1.6986E+00
   143.00 deg.: X-S =     0.001214 mb/sr,
+                                         /R =   1.5768E+00
   144.00 deg.: X-S =     0.001124 mb/sr,
+                                         /R =   1.4767E+00
   145.00 deg.: X-S =     0.001049 mb/sr,
+                                         /R =   1.3946E+00
   146.00 deg.: X-S =     0.000987 mb/sr,
+                                         /R =   1.3258E+00
   147.00 deg.: X-S =     0.000932 mb/sr,
+                                         /R =   1.2649E+00
   148.00 deg.: X-S =     0.000880 mb/sr,
+                                         /R =   1.2064E+00
   149.00 deg.: X-S =     0.000827 mb/sr,
+                                         /R =   1.1456E+00
   150.00 deg.: X-S =     0.000771 mb/sr,
+                                         /R =   1.0786E+00
   151.00 deg.: X-S =     0.000711 mb/sr,
+                                         /R =   1.0037E+00
   152.00 deg.: X-S =     0.000647 mb/sr,
+                                         /R =   9.2130E-01
   153.00 deg.: X-S =     0.000581 mb/sr,
+                                         /R =   8.3434E-01
   154.00 deg.: X-S =     0.000517 mb/sr,
+                                         /R =   7.4787E-01
   155.00 deg.: X-S =     0.000458 mb/sr,
+                                         /R =   6.6860E-01
   156.00 deg.: X-S =     0.000411 mb/sr,
+                                         /R =   6.0395E-01
   157.00 deg.: X-S =     0.000379 mb/sr,
+                                         /R =   5.6086E-01
   158.00 deg.: X-S =     0.000365 mb/sr,
+                                         /R =   5.4465E-01
   159.00 deg.: X-S =     0.000372 mb/sr,
+                                         /R =   5.5792E-01
   160.00 deg.: X-S =     0.000397 mb/sr,
+                                         /R =   5.9986E-01
   161.00 deg.: X-S =     0.000438 mb/sr,
+                                         /R =   6.6604E-01
   162.00 deg.: X-S =     0.000490 mb/sr,
+                                         /R =   7.4871E-01
   163.00 deg.: X-S =     0.000545 mb/sr,
+                                         /R =   8.3772E-01
   164.00 deg.: X-S =     0.000597 mb/sr,
+                                         /R =   9.2178E-01
   165.00 deg.: X-S =     0.000638 mb/sr,
+                                         /R =   9.8999E-01
   166.00 deg.: X-S =     0.000663 mb/sr,
+                                         /R =   1.0333E+00
   167.00 deg.: X-S =     0.000668 mb/sr,
+                                         /R =   1.0458E+00
   168.00 deg.: X-S =     0.000652 mb/sr,
+                                         /R =   1.0252E+00
   169.00 deg.: X-S =     0.000617 mb/sr,
+                                         /R =   9.7336E-01
   170.00 deg.: X-S =     0.000566 mb/sr,
+                                         /R =   8.9538E-01
   171.00 deg.: X-S =     0.000504 mb/sr,
+                                         /R =   7.9898E-01
   172.00 deg.: X-S =     0.000436 mb/sr,
+                                         /R =   6.9305E-01
   173.00 deg.: X-S =     0.000368 mb/sr,
+                                         /R =   5.8645E-01
   174.00 deg.: X-S =     0.000305 mb/sr,
+                                         /R =   4.8675E-01
   175.00 deg.: X-S =     0.000250 mb/sr,
+                                         /R =   3.9957E-01
   176.00 deg.: X-S =     0.000205 mb/sr,
+                                         /R =   3.2819E-01
   177.00 deg.: X-S =     0.000171 mb/sr,
+                                         /R =   2.7386E-01
   178.00 deg.: X-S =     0.000147 mb/sr,
+                                         /R =   2.3626E-01
   179.00 deg.: X-S =     0.000133 mb/sr,
+                                         /R =   2.1438E-01
   179.99 deg.: X-S =     0.000129 mb/sr,
+                                         /R =   2.0721E-01
                                           Integrated********** mb, over [   0.000, 180.000] at   365.0000 MeV 
 Finished all xsecs @    4.68750000E-02

  The following files have been created:
   3:local copy of User input.            6:standard output.                   
  13:total cross sections/state.         39:cross sections for each Ecm.       
  40:all cross sectns. for each Elab.    56:Fusion for each Jtotal.            

 PARAMETERS : MAXQRN   MFNL   MLOC  LMAX1 MCLIST
    ALLOWED :      1      4      4    170      6
    REQUIRED:      0      0      4     15      4


 ACCURACY ANALYSIS at   365.000 MeV :

  Elastic h*k = 0.072 so OK       compared with 0.200

   Real(S-el) > 0.01 first at J =       4.0
   Real(S-el) > 0.10 first at J =       4.0
   Real(S-el) > 0.50 first at J =       5.0
   Real(S-el) > 0.90 first at J =       7.0
   Real(S-el) > 0.99 first at J =      10.0
   R-turn =     8.02 fm    at J =      14.0

 Forward-angle excitation cut off below   0.226 deg by max JT =      14.0
                              and below   0.036 deg by max R.

 Total CPU  0 time =       0.05 seconds
