 FRESCO - FRES 3.4: Coupled Reaction Channels
 Assuming NAMELIST input.

 Test reaction with generated potential                                          

   0.040  50.000   0.500   0.000   0.000   0.000   0.000   0.000   0.000   0.000

 Centre-of-mass Range is   1252 * 0.0400 fm., Maximum at  50.00 fm., Interpolating NL forms every  0.52 fm.
 Non - locality width is      4 * 0.0400 fm., Maximum of   0.12 fm., Centred at  0.00 fm.
 2-Nucleon Separation of      0 * 0.5200 fm., Maximum of   0.00 fm., Minimum at  0.00 fm.
 Maximum single particle bins of 49.9200 fm.
               M,Mint =         1251        1249


 Range of total J is     0.0 <= J <=   150.0 (at least     0.0) and Absorbtion =>     0.1000 mb.
 Dry Run = F, CC set limits =  0  0, Relativistic kinematics =  , Both/Far/Near Analyses =  1                     

 Cross Sections (and up to T0 for 0=projectile) for Theta from   0.0 to 180.0 in steps of  1.0 degrees, DGAM=0,  Coordinates = 0 (Mads)

 Lower Radial Cutoff = maximum of -1.60*L*h &       0.0 fm.,  Lower Cutoff for Couplings =   0.0  fm.


 Iterate Couplings between   0 and   0 times, to  0.000 % if sooner.                                          
  Block solved exactly =   0 chs., with Pade = 0 & Isocen =  =0, NOSOL = F, initwf =  0
  NL quadrature with   18 Gaussian points, Calculate multipoles up to   156 from   0
  M-transfers for lp+lt greater than or equal to  6, Angular Integration Cutoff below  2.7778 %


 Trace switches are :  CHANS =  0, LISTCC =  0, TRENEG =  0, CDETR =  0, SMATS =  0, XSTABL =  0, NLPL =  0

                       WAVES =  0, LAMPL =  0, VEFF =  0, KFUS =  0, WDISK =  0, BPM =  0, MELFIL =  0

                       CDCC =  0, NFUS =  0

 Using unit mass = 1.000000 amu and 1/fine-structure constant = 137.03599 ( 1.000000 * true ) with hc = 197.32705 MeV.fm,
  thus 2*amu/hbar^2 = 0.0478450 = 1/20.9008 and Coulomb constant = 0.1574855 so e^2 = 1.43997, and nuclear magneton= 0.1261183

 Now pre-scan input and save to file 3



 *********** PARTITION NUMBER  1 ******************************************************************************************

   PROJ=3He        MASS=  3.0000 Z=   2.0,        # STATES=    1T, TARG=p        MASS=  1.0000 Z=   1.0,     Q-VALUE =   0.0000 MEV.

     1:  J= 0.5+ (B# 1), E=  0.0000, K= 0.5              Potl#  1       J= 0.5+ (B# 1), E=  0.0000, K= 0.5    


 ************************************************************************************************************************************

 The following POTENTIALS are defined :

  KP#       TYPE      IT    SHAPE      at     V1        r1        a1        V2        r2        a2        A-in     A-used


                                            A#1       A#2        r0c       ac                                                h @ 1
    1    0=Coulomb       0=CHARGE (WS)  1     1.000     1.000    3.0528    0.0000    0.0000    0.0000     0.000     8.000   0.04000

    1    1=Volume        0=Woods-Saxon  2   70.0000    1.2500    0.6500   15.0000    1.2500    0.6500     0.000     8.000

    1    2=Surface       0=Woods-Saxon  3    0.0000    0.0000    0.0000    5.0000    1.3000    0.6500     0.000     8.000

    1    3=Projtl S.O.   0=Woods-Saxon  4    3.0000    1.0000    0.6500    0.0000    0.0000    0.0000     0.000     8.000

 Incoming partition  1 in excitation state # 1,   Laboratory Energy given for partition  1 Nucleus 1 in Excitation pair 1

0Lab. ENERGY ranges :

   from    270.000     to   0.00000     in     0 intervals
   from    0.00000     to   0.00000     in     0 intervals
   from    0.00000     to   0.00000     in     0 intervals

 Largest real,imaginary parts of any form factor at R=   49.60 are   2.90E-02  7.91E-31 MeV
 Finished all Couplings @    1.56250000E-02           4

 Symmetric Hamiltonian
1***********************************************************************************************************************************
************************************************************************************************************************************

        INCOMING 3He      ;    LABORATORY 3He      ENERGY =   270.00     MeV.

 ***********************************************************************************************************************************
 ***********************************************************************************************************************************


  NOTE: Coulomb excitation cut off below   0.025 deg by JTMAX, and below   0.049 deg by Rmax

 Allocate arrays for            2  channels, of which            1  need wfs.
 Allocate arrays for            2  channels, of which            2  need wfs.
 Reaction Xsec    13.0+/12 @ 1 =   0.121 , Out:   0.000#
 Reaction Xsec    13.0+/14 @ 2 =   0.019 , Out:   0.000#
 Reaction Xsec    13.0-/13 @ 1 =   0.048 , Out:   0.000#
 Reaction Xsec    13.0-/13 @ 2 =   0.048 , Out:   0.000#
 Finished all CC sets @    3.12500000E-02
0CUMULATIVE REACTION cross section                 =  445.87667  <L> =     4.23  <L**2> =     22.0
0CUMULATIVE outgoing cross sections in partition 1 :    0.00000
0Cumulative ABSORBTION by Imaginary Potentials     =  445.87667  <L> =     4.23  <L**2> =     22.0
   Fusion for specific 3He      M-states :  440.448192  440.448192
0CUMULATIVE OUTGOING cross section                 =    0.00000
 To convert to S-factors (MeV.mb = keV.b),  multiply by  8.3157E+01


 CROSS SECTIONS FOR OUTGOING 3He      & p        in state #   1 with spins & parities 0.5  + &  0.5  +;  0

     0.01 deg.: X-S =   1.9617E+13 mb/sr,
+                                         /R =   9.9998E-01
     1.00 deg.: X-S =   1.7707E+05 mb/sr,
+                                         /R =   9.0255E-01
     2.00 deg.: X-S =  9398.544545 mb/sr,
+                                         /R =   7.6638E-01
     3.00 deg.: X-S =  2352.544741 mb/sr,
+                                         /R =   9.7091E-01
     4.00 deg.: X-S =  1601.802344 mb/sr,
+                                         /R =   2.0886E+00
     5.00 deg.: X-S =  1520.086246 mb/sr,
+                                         /R =   4.8367E+00
     6.00 deg.: X-S =  1518.054881 mb/sr,
+                                         /R =   1.0010E+01
     7.00 deg.: X-S =  1507.597043 mb/sr,
+                                         /R =   1.8406E+01
     8.00 deg.: X-S =  1477.052940 mb/sr,
+                                         /R =   3.0740E+01
     9.00 deg.: X-S =  1428.393397 mb/sr,
+                                         /R =   4.7576E+01
    10.00 deg.: X-S =  1365.606933 mb/sr,
+                                         /R =   6.9259E+01
    11.00 deg.: X-S =  1292.433065 mb/sr,
+                                         /R =   9.5866E+01
    12.00 deg.: X-S =  1212.023862 mb/sr,
+                                         /R =   1.2718E+02
    13.00 deg.: X-S =  1126.994601 mb/sr,
+                                         /R =   1.6267E+02
    14.00 deg.: X-S =  1039.524126 mb/sr,
+                                         /R =   2.0155E+02
    15.00 deg.: X-S =   951.436512 mb/sr,
+                                         /R =   2.4274E+02
    16.00 deg.: X-S =   864.258009 mb/sr,
+                                         /R =   2.8499E+02
    17.00 deg.: X-S =   779.255605 mb/sr,
+                                         /R =   3.2693E+02
    18.00 deg.: X-S =   697.464066 mb/sr,
+                                         /R =   3.6713E+02
    19.00 deg.: X-S =   619.706573 mb/sr,
+                                         /R =   4.0419E+02
    20.00 deg.: X-S =   546.612286 mb/sr,
+                                         /R =   4.3684E+02
    21.00 deg.: X-S =   478.632842 mb/sr,
+                                         /R =   4.6398E+02
    22.00 deg.: X-S =   416.058860 mb/sr,
+                                         /R =   4.8475E+02
    23.00 deg.: X-S =   359.036901 mb/sr,
+                                         /R =   4.9857E+02
    24.00 deg.: X-S =   307.586944 mb/sr,
+                                         /R =   5.0518E+02
    25.00 deg.: X-S =   261.620192 mb/sr,
+                                         /R =   5.0464E+02
    26.00 deg.: X-S =   220.956884 mb/sr,
+                                         /R =   4.9731E+02
    27.00 deg.: X-S =   185.343761 mb/sr,
+                                         /R =   4.8382E+02
    28.00 deg.: X-S =   154.470797 mb/sr,
+                                         /R =   4.6506E+02
    29.00 deg.: X-S =   127.986887 mb/sr,
+                                         /R =   4.4211E+02
    30.00 deg.: X-S =   105.514186 mb/sr,
+                                         /R =   4.1616E+02
    31.00 deg.: X-S =    86.660932 mb/sr,
+                                         /R =   3.8849E+02
    32.00 deg.: X-S =    71.032586 mb/sr,
+                                         /R =   3.6039E+02
    33.00 deg.: X-S =    58.241260 mb/sr,
+                                         /R =   3.3309E+02
    34.00 deg.: X-S =    47.913414 mb/sr,
+                                         /R =   3.0772E+02
    35.00 deg.: X-S =    39.695895 mb/sr,
+                                         /R =   2.8528E+02
    36.00 deg.: X-S =    33.260428 mb/sr,
+                                         /R =   2.6658E+02
    37.00 deg.: X-S =    28.306676 mb/sr,
+                                         /R =   2.5221E+02
    38.00 deg.: X-S =    24.564053 mb/sr,
+                                         /R =   2.4257E+02
    39.00 deg.: X-S =    21.792446 mb/sr,
+                                         /R =   2.3782E+02
    40.00 deg.: X-S =    19.782026 mb/sr,
+                                         /R =   2.3793E+02
    41.00 deg.: X-S =    18.352320 mb/sr,
+                                         /R =   2.4264E+02
    42.00 deg.: X-S =    17.350710 mb/sr,
+                                         /R =   2.5153E+02
    43.00 deg.: X-S =    16.650500 mb/sr,
+                                         /R =   2.6405E+02
    44.00 deg.: X-S =    16.148690 mb/sr,
+                                         /R =   2.7951E+02
    45.00 deg.: X-S =    15.763569 mb/sr,
+                                         /R =   2.9715E+02
    46.00 deg.: X-S =    15.432237 mb/sr,
+                                         /R =   3.1616E+02
    47.00 deg.: X-S =    15.108119 mb/sr,
+                                         /R =   3.3572E+02
    48.00 deg.: X-S =    14.758554 mb/sr,
+                                         /R =   3.5503E+02
    49.00 deg.: X-S =    14.362500 mb/sr,
+                                         /R =   3.7334E+02
    50.00 deg.: X-S =    13.908403 mb/sr,
+                                         /R =   3.8997E+02
    51.00 deg.: X-S =    13.392241 mb/sr,
+                                         /R =   4.0435E+02
    52.00 deg.: X-S =    12.815776 mb/sr,
+                                         /R =   4.1598E+02
    53.00 deg.: X-S =    12.185016 mb/sr,
+                                         /R =   4.2452E+02
    54.00 deg.: X-S =    11.508880 mb/sr,
+                                         /R =   4.2972E+02
    55.00 deg.: X-S =    10.798080 mb/sr,
+                                         /R =   4.3145E+02
    56.00 deg.: X-S =    10.064188 mb/sr,
+                                         /R =   4.2971E+02
    57.00 deg.: X-S =     9.318900 mb/sr,
+                                         /R =   4.2460E+02
    58.00 deg.: X-S =     8.573452 mb/sr,
+                                         /R =   4.1630E+02
    59.00 deg.: X-S =     7.838206 mb/sr,
+                                         /R =   4.0508E+02
    60.00 deg.: X-S =     7.122347 mb/sr,
+                                         /R =   3.9126E+02
    61.00 deg.: X-S =     6.433714 mb/sr,
+                                         /R =   3.7523E+02
    62.00 deg.: X-S =     5.778709 mb/sr,
+                                         /R =   3.5740E+02
    63.00 deg.: X-S =     5.162293 mb/sr,
+                                         /R =   3.3818E+02
    64.00 deg.: X-S =     4.588035 mb/sr,
+                                         /R =   3.1800E+02
    65.00 deg.: X-S =     4.058207 mb/sr,
+                                         /R =   2.9728E+02
    66.00 deg.: X-S =     3.573914 mb/sr,
+                                         /R =   2.7640E+02
    67.00 deg.: X-S =     3.135234 mb/sr,
+                                         /R =   2.5574E+02
    68.00 deg.: X-S =     2.741372 mb/sr,
+                                         /R =   2.3560E+02
    69.00 deg.: X-S =     2.390816 mb/sr,
+                                         /R =   2.1628E+02
    70.00 deg.: X-S =     2.081482 mb/sr,
+                                         /R =   1.9802E+02
    71.00 deg.: X-S =     1.810857 mb/sr,
+                                         /R =   1.8099E+02
    72.00 deg.: X-S =     1.576122 mb/sr,
+                                         /R =   1.6536E+02
    73.00 deg.: X-S =     1.374264 mb/sr,
+                                         /R =   1.5121E+02
    74.00 deg.: X-S =     1.202177 mb/sr,
+                                         /R =   1.3861E+02
    75.00 deg.: X-S =     1.056738 mb/sr,
+                                         /R =   1.2756E+02
    76.00 deg.: X-S =     0.934876 mb/sr,
+                                         /R =   1.1806E+02
    77.00 deg.: X-S =     0.833632 mb/sr,
+                                         /R =   1.1004E+02
    78.00 deg.: X-S =     0.750193 mb/sr,
+                                         /R =   1.0342E+02
    79.00 deg.: X-S =     0.681929 mb/sr,
+                                         /R =   9.8117E+01
    80.00 deg.: X-S =     0.626414 mb/sr,
+                                         /R =   9.3993E+01
    81.00 deg.: X-S =     0.581442 mb/sr,
+                                         /R =   9.0917E+01
    82.00 deg.: X-S =     0.545029 mb/sr,
+                                         /R =   8.8747E+01
    83.00 deg.: X-S =     0.515423 mb/sr,
+                                         /R =   8.7334E+01
    84.00 deg.: X-S =     0.491094 mb/sr,
+                                         /R =   8.6531E+01
    85.00 deg.: X-S =     0.470728 mb/sr,
+                                         /R =   8.6192E+01
    86.00 deg.: X-S =     0.453219 mb/sr,
+                                         /R =   8.6180E+01
    87.00 deg.: X-S =     0.437653 mb/sr,
+                                         /R =   8.6366E+01
    88.00 deg.: X-S =     0.423293 mb/sr,
+                                         /R =   8.6634E+01
    89.00 deg.: X-S =     0.409563 mb/sr,
+                                         /R =   8.6882E+01
    90.00 deg.: X-S =     0.396028 mb/sr,
+                                         /R =   8.7022E+01
    91.00 deg.: X-S =     0.382379 mb/sr,
+                                         /R =   8.6981E+01
    92.00 deg.: X-S =     0.368412 mb/sr,
+                                         /R =   8.6703E+01
    93.00 deg.: X-S =     0.354012 mb/sr,
+                                         /R =   8.6145E+01
    94.00 deg.: X-S =     0.339135 mb/sr,
+                                         /R =   8.5280E+01
    95.00 deg.: X-S =     0.323795 mb/sr,
+                                         /R =   8.4092E+01
    96.00 deg.: X-S =     0.308047 mb/sr,
+                                         /R =   8.2580E+01
    97.00 deg.: X-S =     0.291978 mb/sr,
+                                         /R =   8.0749E+01
    98.00 deg.: X-S =     0.275694 mb/sr,
+                                         /R =   7.8616E+01
    99.00 deg.: X-S =     0.259313 mb/sr,
+                                         /R =   7.6203E+01
   100.00 deg.: X-S =     0.242957 mb/sr,
+                                         /R =   7.3537E+01
   101.00 deg.: X-S =     0.226746 mb/sr,
+                                         /R =   7.0652E+01
   102.00 deg.: X-S =     0.210795 mb/sr,
+                                         /R =   6.7582E+01
   103.00 deg.: X-S =     0.195210 mb/sr,
+                                         /R =   6.4364E+01
   104.00 deg.: X-S =     0.180088 mb/sr,
+                                         /R =   6.1035E+01
   105.00 deg.: X-S =     0.165512 mb/sr,
+                                         /R =   5.7631E+01
   106.00 deg.: X-S =     0.151555 mb/sr,
+                                         /R =   5.4191E+01
   107.00 deg.: X-S =     0.138276 mb/sr,
+                                         /R =   5.0749E+01
   108.00 deg.: X-S =     0.125723 mb/sr,
+                                         /R =   4.7338E+01
   109.00 deg.: X-S =     0.113930 mb/sr,
+                                         /R =   4.3989E+01
   110.00 deg.: X-S =     0.102922 mb/sr,
+                                         /R =   4.0732E+01
   111.00 deg.: X-S =     0.092713 mb/sr,
+                                         /R =   3.7591E+01
   112.00 deg.: X-S =     0.083306 mb/sr,
+                                         /R =   3.4589E+01
   113.00 deg.: X-S =     0.074696 mb/sr,
+                                         /R =   3.1746E+01
   114.00 deg.: X-S =     0.066868 mb/sr,
+                                         /R =   2.9077E+01
   115.00 deg.: X-S =     0.059801 mb/sr,
+                                         /R =   2.6594E+01
   116.00 deg.: X-S =     0.053467 mb/sr,
+                                         /R =   2.4307E+01
   117.00 deg.: X-S =     0.047832 mb/sr,
+                                         /R =   2.2220E+01
   118.00 deg.: X-S =     0.042858 mb/sr,
+                                         /R =   2.0336E+01
   119.00 deg.: X-S =     0.038502 mb/sr,
+                                         /R =   1.8652E+01
   120.00 deg.: X-S =     0.034717 mb/sr,
+                                         /R =   1.7165E+01
   121.00 deg.: X-S =     0.031458 mb/sr,
+                                         /R =   1.5867E+01
   122.00 deg.: X-S =     0.028675 mb/sr,
+                                         /R =   1.4749E+01
   123.00 deg.: X-S =     0.026321 mb/sr,
+                                         /R =   1.3799E+01
   124.00 deg.: X-S =     0.024346 mb/sr,
+                                         /R =   1.3006E+01
   125.00 deg.: X-S =     0.022705 mb/sr,
+                                         /R =   1.2354E+01
   126.00 deg.: X-S =     0.021354 mb/sr,
+                                         /R =   1.1829E+01
   127.00 deg.: X-S =     0.020249 mb/sr,
+                                         /R =   1.1417E+01
   128.00 deg.: X-S =     0.019354 mb/sr,
+                                         /R =   1.1101E+01
   129.00 deg.: X-S =     0.018631 mb/sr,
+                                         /R =   1.0868E+01
   130.00 deg.: X-S =     0.018048 mb/sr,
+                                         /R =   1.0703E+01
   131.00 deg.: X-S =     0.017576 mb/sr,
+                                         /R =   1.0592E+01
   132.00 deg.: X-S =     0.017189 mb/sr,
+                                         /R =   1.0523E+01
   133.00 deg.: X-S =     0.016863 mb/sr,
+                                         /R =   1.0483E+01
   134.00 deg.: X-S =     0.016580 mb/sr,
+                                         /R =   1.0463E+01
   135.00 deg.: X-S =     0.016321 mb/sr,
+                                         /R =   1.0452E+01
   136.00 deg.: X-S =     0.016074 mb/sr,
+                                         /R =   1.0441E+01
   137.00 deg.: X-S =     0.015825 mb/sr,
+                                         /R =   1.0424E+01
   138.00 deg.: X-S =     0.015566 mb/sr,
+                                         /R =   1.0393E+01
   139.00 deg.: X-S =     0.015289 mb/sr,
+                                         /R =   1.0344E+01
   140.00 deg.: X-S =     0.014990 mb/sr,
+                                         /R =   1.0273E+01
   141.00 deg.: X-S =     0.014665 mb/sr,
+                                         /R =   1.0177E+01
   142.00 deg.: X-S =     0.014313 mb/sr,
+                                         /R =   1.0055E+01
   143.00 deg.: X-S =     0.013935 mb/sr,
+                                         /R =   9.9062E+00
   144.00 deg.: X-S =     0.013533 mb/sr,
+                                         /R =   9.7318E+00
   145.00 deg.: X-S =     0.013110 mb/sr,
+                                         /R =   9.5336E+00
   146.00 deg.: X-S =     0.012671 mb/sr,
+                                         /R =   9.3144E+00
   147.00 deg.: X-S =     0.012220 mb/sr,
+                                         /R =   9.0778E+00
   148.00 deg.: X-S =     0.011764 mb/sr,
+                                         /R =   8.8283E+00
   149.00 deg.: X-S =     0.011309 mb/sr,
+                                         /R =   8.5707E+00
   150.00 deg.: X-S =     0.010861 mb/sr,
+                                         /R =   8.3103E+00
   151.00 deg.: X-S =     0.010428 mb/sr,
+                                         /R =   8.0528E+00
   152.00 deg.: X-S =     0.010017 mb/sr,
+                                         /R =   7.8039E+00
   153.00 deg.: X-S =     0.009633 mb/sr,
+                                         /R =   7.5692E+00
   154.00 deg.: X-S =     0.009283 mb/sr,
+                                         /R =   7.3542E+00
   155.00 deg.: X-S =     0.008972 mb/sr,
+                                         /R =   7.1641E+00
   156.00 deg.: X-S =     0.008704 mb/sr,
+                                         /R =   7.0035E+00
   157.00 deg.: X-S =     0.008485 mb/sr,
+                                         /R =   6.8765E+00
   158.00 deg.: X-S =     0.008315 mb/sr,
+                                         /R =   6.7862E+00
   159.00 deg.: X-S =     0.008198 mb/sr,
+                                         /R =   6.7351E+00
   160.00 deg.: X-S =     0.008134 mb/sr,
+                                         /R =   6.7245E+00
   161.00 deg.: X-S =     0.008122 mb/sr,
+                                         /R =   6.7549E+00
   162.00 deg.: X-S =     0.008160 mb/sr,
+                                         /R =   6.8256E+00
   163.00 deg.: X-S =     0.008247 mb/sr,
+                                         /R =   6.9350E+00
   164.00 deg.: X-S =     0.008377 mb/sr,
+                                         /R =   7.0805E+00
   165.00 deg.: X-S =     0.008547 mb/sr,
+                                         /R =   7.2587E+00
   166.00 deg.: X-S =     0.008751 mb/sr,
+                                         /R =   7.4653E+00
   167.00 deg.: X-S =     0.008984 mb/sr,
+                                         /R =   7.6954E+00
   168.00 deg.: X-S =     0.009238 mb/sr,
+                                         /R =   7.9437E+00
   169.00 deg.: X-S =     0.009508 mb/sr,
+                                         /R =   8.2042E+00
   170.00 deg.: X-S =     0.009786 mb/sr,
+                                         /R =   8.4709E+00
   171.00 deg.: X-S =     0.010064 mb/sr,
+                                         /R =   8.7375E+00
   172.00 deg.: X-S =     0.010337 mb/sr,
+                                         /R =   8.9976E+00
   173.00 deg.: X-S =     0.010597 mb/sr,
+                                         /R =   9.2450E+00
   174.00 deg.: X-S =     0.010838 mb/sr,
+                                         /R =   9.4736E+00
   175.00 deg.: X-S =     0.011053 mb/sr,
+                                         /R =   9.6780E+00
   176.00 deg.: X-S =     0.011237 mb/sr,
+                                         /R =   9.8528E+00
   177.00 deg.: X-S =     0.011386 mb/sr,
+                                         /R =   9.9938E+00
   178.00 deg.: X-S =     0.011495 mb/sr,
+                                         /R =   1.0097E+01
   179.00 deg.: X-S =     0.011561 mb/sr,
+                                         /R =   1.0160E+01
   179.99 deg.: X-S =     0.011584 mb/sr,
+                                         /R =   1.0182E+01
                                           Integrated********** mb, over [   0.000, 180.000] at   270.0000 MeV 
 Finished all xsecs @    6.25000000E-02

  The following files have been created:
   3:local copy of User input.            6:standard output.                   
  13:total cross sections/state.         39:cross sections for each Ecm.       
  40:all cross sectns. for each Elab.    56:Fusion for each Jtotal.            

 PARAMETERS : MAXQRN   MFNL   MLOC  LMAX1 MCLIST
    ALLOWED :      1      4      4    170      6
    REQUIRED:      0      0      4     15      4


 ACCURACY ANALYSIS at   270.000 MeV :

  Elastic h*k = 0.062 so OK       compared with 0.200

   Real(S-el) > 0.01 first at J =       3.0
   Real(S-el) > 0.10 first at J =       3.0
   Real(S-el) > 0.50 first at J =       4.0
   Real(S-el) > 0.90 first at J =       6.0
   Real(S-el) > 0.99 first at J =       9.0
   R-turn =     8.69 fm    at J =      13.0

 Forward-angle excitation cut off below   0.282 deg by max JT =      13.0
                              and below   0.049 deg by max R.

 Total CPU  0 time =       0.06 seconds
