 FRESCO - FRES 3.4: Coupled Reaction Channels
 Assuming NAMELIST input.

 Test reaction with generated potential                                          

   0.040  50.000   0.500   0.000   0.000   0.000   0.000   0.000   0.000   0.000

 Centre-of-mass Range is   1252 * 0.0400 fm., Maximum at  50.00 fm., Interpolating NL forms every  0.52 fm.
 Non - locality width is      4 * 0.0400 fm., Maximum of   0.12 fm., Centred at  0.00 fm.
 2-Nucleon Separation of      0 * 0.5200 fm., Maximum of   0.00 fm., Minimum at  0.00 fm.
 Maximum single particle bins of 49.9200 fm.
               M,Mint =         1251        1249


 Range of total J is     0.0 <= J <=   150.0 (at least     0.0) and Absorbtion =>     0.1000 mb.
 Dry Run = F, CC set limits =  0  0, Relativistic kinematics =  , Both/Far/Near Analyses =  1                     

 Cross Sections (and up to T0 for 0=projectile) for Theta from   0.0 to 180.0 in steps of  1.0 degrees, DGAM=0,  Coordinates = 0 (Mads)

 Lower Radial Cutoff = maximum of -1.60*L*h &       0.0 fm.,  Lower Cutoff for Couplings =   0.0  fm.


 Iterate Couplings between   0 and   0 times, to  0.000 % if sooner.                                          
  Block solved exactly =   0 chs., with Pade = 0 & Isocen =  =0, NOSOL = F, initwf =  0
  NL quadrature with   18 Gaussian points, Calculate multipoles up to   156 from   0
  M-transfers for lp+lt greater than or equal to  6, Angular Integration Cutoff below  2.7778 %


 Trace switches are :  CHANS =  0, LISTCC =  0, TRENEG =  0, CDETR =  0, SMATS =  0, XSTABL =  0, NLPL =  0

                       WAVES =  0, LAMPL =  0, VEFF =  0, KFUS =  0, WDISK =  0, BPM =  0, MELFIL =  0

                       CDCC =  0, NFUS =  0

 Using unit mass = 1.000000 amu and 1/fine-structure constant = 137.03599 ( 1.000000 * true ) with hc = 197.32705 MeV.fm,
  thus 2*amu/hbar^2 = 0.0478450 = 1/20.9008 and Coulomb constant = 0.1574855 so e^2 = 1.43997, and nuclear magneton= 0.1261183

 Now pre-scan input and save to file 3



 *********** PARTITION NUMBER  1 ******************************************************************************************

   PROJ=3He        MASS=  3.0000 Z=   2.0,        # STATES=    1T, TARG=p        MASS=  1.0000 Z=   1.0,     Q-VALUE =   0.0000 MEV.

     1:  J= 0.5+ (B# 1), E=  0.0000, K= 0.5              Potl#  1       J= 0.5+ (B# 1), E=  0.0000, K= 0.5    


 ************************************************************************************************************************************

 The following POTENTIALS are defined :

  KP#       TYPE      IT    SHAPE      at     V1        r1        a1        V2        r2        a2        A-in     A-used


                                            A#1       A#2        r0c       ac                                                h @ 1
    1    0=Coulomb       0=CHARGE (WS)  1     1.000     1.000    3.0528    0.0000    0.0000    0.0000     0.000     8.000   0.04000

    1    1=Volume        0=Woods-Saxon  2   70.0000    1.2500    0.6500   15.0000    1.2500    0.6500     0.000     8.000

    1    2=Surface       0=Woods-Saxon  3    0.0000    0.0000    0.0000    5.0000    1.3000    0.6500     0.000     8.000

    1    3=Projtl S.O.   0=Woods-Saxon  4    3.0000    1.0000    0.6500    0.0000    0.0000    0.0000     0.000     8.000

 Incoming partition  1 in excitation state # 1,   Laboratory Energy given for partition  1 Nucleus 1 in Excitation pair 1

0Lab. ENERGY ranges :

   from    40.0000     to   0.00000     in     0 intervals
   from    0.00000     to   0.00000     in     0 intervals
   from    0.00000     to   0.00000     in     0 intervals

 Largest real,imaginary parts of any form factor at R=   49.60 are   2.90E-02  7.91E-31 MeV
 Finished all Couplings @    1.56250000E-02           4

 Symmetric Hamiltonian
1***********************************************************************************************************************************
************************************************************************************************************************************

        INCOMING 3He      ;    LABORATORY 3He      ENERGY =   40.000     MeV.

 ***********************************************************************************************************************************
 ***********************************************************************************************************************************


  NOTE: Coulomb excitation cut off below   0.066 deg by JTMAX, and below   0.330 deg by Rmax

 Allocate arrays for            2  channels, of which            1  need wfs.
 Allocate arrays for            2  channels, of which            2  need wfs.
 Reaction Xsec     5.0-/ 5 @ 1 =   0.564 , Out:   0.000#
 Reaction Xsec     5.0-/ 5 @ 2 =   0.569 , Out:   0.000#
 Reaction Xsec     6.0+/ 6 @ 1 =   0.083 , Out:   0.000#
 Reaction Xsec     6.0+/ 6 @ 2 =   0.083 , Out:   0.000#
 Finished all CC sets @    3.12500000E-02
0CUMULATIVE REACTION cross section                 =  847.10601  <L> =     2.01  <L**2> =      5.1
0CUMULATIVE outgoing cross sections in partition 1 :    0.00000
0Cumulative ABSORBTION by Imaginary Potentials     =  847.10601  <L> =     2.01  <L**2> =      5.1
   Fusion for specific 3He      M-states : 1376.757092 1376.757092
0CUMULATIVE OUTGOING cross section                 =    0.00000
 To convert to S-factors (MeV.mb = keV.b),  multiply by  1.7194E+01


 CROSS SECTIONS FOR OUTGOING 3He      & p        in state #   1 with spins & parities 0.5  + &  0.5  +;  0

     0.01 deg.: X-S =   8.9383E+14 mb/sr,
+                                         /R =   1.0000E+00
     1.00 deg.: X-S =   8.8767E+06 mb/sr,
+                                         /R =   9.9306E-01
     2.00 deg.: X-S =   5.4701E+05 mb/sr,
+                                         /R =   9.7897E-01
     3.00 deg.: X-S =   1.0636E+05 mb/sr,
+                                         /R =   9.6338E-01
     4.00 deg.: X-S =   3.3245E+04 mb/sr,
+                                         /R =   9.5140E-01
     5.00 deg.: X-S =   1.3584E+04 mb/sr,
+                                         /R =   9.4861E-01
     6.00 deg.: X-S =  6641.892987 mb/sr,
+                                         /R =   9.6128E-01
     7.00 deg.: X-S =  3718.094298 mb/sr,
+                                         /R =   9.9627E-01
     8.00 deg.: X-S =  2322.955949 mb/sr,
+                                         /R =   1.0610E+00
     9.00 deg.: X-S =  1591.598217 mb/sr,
+                                         /R =   1.1635E+00
    10.00 deg.: X-S =  1178.450299 mb/sr,
+                                         /R =   1.3118E+00
    11.00 deg.: X-S =   930.037538 mb/sr,
+                                         /R =   1.5141E+00
    12.00 deg.: X-S =   772.303642 mb/sr,
+                                         /R =   1.7786E+00
    13.00 deg.: X-S =   667.042596 mb/sr,
+                                         /R =   2.1132E+00
    14.00 deg.: X-S =   593.428235 mb/sr,
+                                         /R =   2.5252E+00
    15.00 deg.: X-S =   539.573372 mb/sr,
+                                         /R =   3.0213E+00
    16.00 deg.: X-S =   498.423626 mb/sr,
+                                         /R =   3.6072E+00
    17.00 deg.: X-S =   465.651423 mb/sr,
+                                         /R =   4.2877E+00
    18.00 deg.: X-S =   438.525676 mb/sr,
+                                         /R =   5.0662E+00
    19.00 deg.: X-S =   415.280728 mb/sr,
+                                         /R =   5.9448E+00
    20.00 deg.: X-S =   394.751620 mb/sr,
+                                         /R =   6.9241E+00
    21.00 deg.: X-S =   376.156723 mb/sr,
+                                         /R =   8.0031E+00
    22.00 deg.: X-S =   358.964597 mb/sr,
+                                         /R =   9.1792E+00
    23.00 deg.: X-S =   342.810396 mb/sr,
+                                         /R =   1.0448E+01
    24.00 deg.: X-S =   327.442200 mb/sr,
+                                         /R =   1.1803E+01
    25.00 deg.: X-S =   312.685844 mb/sr,
+                                         /R =   1.3238E+01
    26.00 deg.: X-S =   298.421429 mb/sr,
+                                         /R =   1.4741E+01
    27.00 deg.: X-S =   284.567366 mb/sr,
+                                         /R =   1.6304E+01
    28.00 deg.: X-S =   271.069349 mb/sr,
+                                         /R =   1.7912E+01
    29.00 deg.: X-S =   257.892627 mb/sr,
+                                         /R =   1.9552E+01
    30.00 deg.: X-S =   245.016506 mb/sr,
+                                         /R =   2.1210E+01
    31.00 deg.: X-S =   232.430388 mb/sr,
+                                         /R =   2.2869E+01
    32.00 deg.: X-S =   220.130878 mb/sr,
+                                         /R =   2.4513E+01
    33.00 deg.: X-S =   208.119653 mb/sr,
+                                         /R =   2.6124E+01
    34.00 deg.: X-S =   196.401866 mb/sr,
+                                         /R =   2.7685E+01
    35.00 deg.: X-S =   184.984953 mb/sr,
+                                         /R =   2.9178E+01
    36.00 deg.: X-S =   173.877724 mb/sr,
+                                         /R =   3.0586E+01
    37.00 deg.: X-S =   163.089668 mb/sr,
+                                         /R =   3.1892E+01
    38.00 deg.: X-S =   152.630431 mb/sr,
+                                         /R =   3.3080E+01
    39.00 deg.: X-S =   142.509402 mb/sr,
+                                         /R =   3.4133E+01
    40.00 deg.: X-S =   132.735410 mb/sr,
+                                         /R =   3.5039E+01
    41.00 deg.: X-S =   123.316489 mb/sr,
+                                         /R =   3.5783E+01
    42.00 deg.: X-S =   114.259701 mb/sr,
+                                         /R =   3.6355E+01
    43.00 deg.: X-S =   105.571014 mb/sr,
+                                         /R =   3.6745E+01
    44.00 deg.: X-S =    97.255209 mb/sr,
+                                         /R =   3.6946E+01
    45.00 deg.: X-S =    89.315827 mb/sr,
+                                         /R =   3.6952E+01
    46.00 deg.: X-S =    81.755138 mb/sr,
+                                         /R =   3.6761E+01
    47.00 deg.: X-S =    74.574128 mb/sr,
+                                         /R =   3.6370E+01
    48.00 deg.: X-S =    67.772514 mb/sr,
+                                         /R =   3.5782E+01
    49.00 deg.: X-S =    61.348762 mb/sr,
+                                         /R =   3.5000E+01
    50.00 deg.: X-S =    55.300124 mb/sr,
+                                         /R =   3.4031E+01
    51.00 deg.: X-S =    49.622685 mb/sr,
+                                         /R =   3.2883E+01
    52.00 deg.: X-S =    44.311415 mb/sr,
+                                         /R =   3.1567E+01
    53.00 deg.: X-S =    39.360231 mb/sr,
+                                         /R =   3.0097E+01
    54.00 deg.: X-S =    34.762064 mb/sr,
+                                         /R =   2.8487E+01
    55.00 deg.: X-S =    30.508927 mb/sr,
+                                         /R =   2.6755E+01
    56.00 deg.: X-S =    26.591988 mb/sr,
+                                         /R =   2.4920E+01
    57.00 deg.: X-S =    23.001649 mb/sr,
+                                         /R =   2.3002E+01
    58.00 deg.: X-S =    19.727615 mb/sr,
+                                         /R =   2.1024E+01
    59.00 deg.: X-S =    16.758980 mb/sr,
+                                         /R =   1.9009E+01
    60.00 deg.: X-S =    14.084296 mb/sr,
+                                         /R =   1.6981E+01
    61.00 deg.: X-S =    11.691653 mb/sr,
+                                         /R =   1.4966E+01
    62.00 deg.: X-S =     9.568749 mb/sr,
+                                         /R =   1.2989E+01
    63.00 deg.: X-S =     7.702968 mb/sr,
+                                         /R =   1.1075E+01
    64.00 deg.: X-S =     6.081446 mb/sr,
+                                         /R =   9.2513E+00
    65.00 deg.: X-S =     4.691139 mb/sr,
+                                         /R =   7.5422E+00
    66.00 deg.: X-S =     3.518891 mb/sr,
+                                         /R =   5.9731E+00
    67.00 deg.: X-S =     2.551492 mb/sr,
+                                         /R =   4.5678E+00
    68.00 deg.: X-S =     1.775737 mb/sr,
+                                         /R =   3.3495E+00
    69.00 deg.: X-S =     1.178482 mb/sr,
+                                         /R =   2.3399E+00
    70.00 deg.: X-S =     0.746695 mb/sr,
+                                         /R =   1.5591E+00
    71.00 deg.: X-S =     0.467507 mb/sr,
+                                         /R =   1.0256E+00
    72.00 deg.: X-S =     0.328249 mb/sr,
+                                         /R =   7.5585E-01
    73.00 deg.: X-S =     0.316502 mb/sr,
+                                         /R =   7.6433E-01
    74.00 deg.: X-S =     0.420126 mb/sr,
+                                         /R =   1.0631E+00
    75.00 deg.: X-S =     0.627300 mb/sr,
+                                         /R =   1.6620E+00
    76.00 deg.: X-S =     0.926548 mb/sr,
+                                         /R =   2.5680E+00
    77.00 deg.: X-S =     1.306771 mb/sr,
+                                         /R =   3.7858E+00
    78.00 deg.: X-S =     1.757266 mb/sr,
+                                         /R =   5.3172E+00
    79.00 deg.: X-S =     2.267748 mb/sr,
+                                         /R =   7.1613E+00
    80.00 deg.: X-S =     2.828371 mb/sr,
+                                         /R =   9.3146E+00
    81.00 deg.: X-S =     3.429738 mb/sr,
+                                         /R =   1.1770E+01
    82.00 deg.: X-S =     4.062920 mb/sr,
+                                         /R =   1.4520E+01
    83.00 deg.: X-S =     4.719458 mb/sr,
+                                         /R =   1.7551E+01
    84.00 deg.: X-S =     5.391377 mb/sr,
+                                         /R =   2.0850E+01
    85.00 deg.: X-S =     6.071187 mb/sr,
+                                         /R =   2.4398E+01
    86.00 deg.: X-S =     6.751891 mb/sr,
+                                         /R =   2.8178E+01
    87.00 deg.: X-S =     7.426980 mb/sr,
+                                         /R =   3.2167E+01
    88.00 deg.: X-S =     8.090435 mb/sr,
+                                         /R =   3.6342E+01
    89.00 deg.: X-S =     8.736727 mb/sr,
+                                         /R =   4.0677E+01
    90.00 deg.: X-S =     9.360811 mb/sr,
+                                         /R =   4.5145E+01
    91.00 deg.: X-S =     9.958118 mb/sr,
+                                         /R =   4.9717E+01
    92.00 deg.: X-S =    10.524554 mb/sr,
+                                         /R =   5.4362E+01
    93.00 deg.: X-S =    11.056486 mb/sr,
+                                         /R =   5.9050E+01
    94.00 deg.: X-S =    11.550737 mb/sr,
+                                         /R =   6.3749E+01
    95.00 deg.: X-S =    12.004575 mb/sr,
+                                         /R =   6.8427E+01
    96.00 deg.: X-S =    12.415699 mb/sr,
+                                         /R =   7.3050E+01
    97.00 deg.: X-S =    12.782230 mb/sr,
+                                         /R =   7.7587E+01
    98.00 deg.: X-S =    13.102695 mb/sr,
+                                         /R =   8.2004E+01
    99.00 deg.: X-S =    13.376019 mb/sr,
+                                         /R =   8.6271E+01
   100.00 deg.: X-S =    13.601502 mb/sr,
+                                         /R =   9.0356E+01
   101.00 deg.: X-S =    13.778810 mb/sr,
+                                         /R =   9.4231E+01
   102.00 deg.: X-S =    13.907959 mb/sr,
+                                         /R =   9.7866E+01
   103.00 deg.: X-S =    13.989295 mb/sr,
+                                         /R =   1.0123E+02
   104.00 deg.: X-S =    14.023480 mb/sr,
+                                         /R =   1.0431E+02
   105.00 deg.: X-S =    14.011475 mb/sr,
+                                         /R =   1.0708E+02
   106.00 deg.: X-S =    13.954519 mb/sr,
+                                         /R =   1.0951E+02
   107.00 deg.: X-S =    13.854115 mb/sr,
+                                         /R =   1.1160E+02
   108.00 deg.: X-S =    13.712010 mb/sr,
+                                         /R =   1.1332E+02
   109.00 deg.: X-S =    13.530175 mb/sr,
+                                         /R =   1.1466E+02
   110.00 deg.: X-S =    13.310788 mb/sr,
+                                         /R =   1.1562E+02
   111.00 deg.: X-S =    13.056212 mb/sr,
+                                         /R =   1.1618E+02
   112.00 deg.: X-S =    12.768979 mb/sr,
+                                         /R =   1.1636E+02
   113.00 deg.: X-S =    12.451769 mb/sr,
+                                         /R =   1.1615E+02
   114.00 deg.: X-S =    12.107389 mb/sr,
+                                         /R =   1.1555E+02
   115.00 deg.: X-S =    11.738758 mb/sr,
+                                         /R =   1.1458E+02
   116.00 deg.: X-S =    11.348880 mb/sr,
+                                         /R =   1.1324E+02
   117.00 deg.: X-S =    10.940833 mb/sr,
+                                         /R =   1.1155E+02
   118.00 deg.: X-S =    10.517744 mb/sr,
+                                         /R =   1.0953E+02
   119.00 deg.: X-S =    10.082771 mb/sr,
+                                         /R =   1.0721E+02
   120.00 deg.: X-S =     9.639085 mb/sr,
+                                         /R =   1.0460E+02
   121.00 deg.: X-S =     9.189853 mb/sr,
+                                         /R =   1.0173E+02
   122.00 deg.: X-S =     8.738216 mb/sr,
+                                         /R =   9.8641E+01
   123.00 deg.: X-S =     8.287275 mb/sr,
+                                         /R =   9.5359E+01
   124.00 deg.: X-S =     7.840071 mb/sr,
+                                         /R =   9.1921E+01
   125.00 deg.: X-S =     7.399571 mb/sr,
+                                         /R =   8.8365E+01
   126.00 deg.: X-S =     6.968650 mb/sr,
+                                         /R =   8.4728E+01
   127.00 deg.: X-S =     6.550078 mb/sr,
+                                         /R =   8.1053E+01
   128.00 deg.: X-S =     6.146503 mb/sr,
+                                         /R =   7.7379E+01
   129.00 deg.: X-S =     5.760439 mb/sr,
+                                         /R =   7.3750E+01
   130.00 deg.: X-S =     5.394251 mb/sr,
+                                         /R =   7.0209E+01
   131.00 deg.: X-S =     5.050148 mb/sr,
+                                         /R =   6.6796E+01
   132.00 deg.: X-S =     4.730166 mb/sr,
+                                         /R =   6.3555E+01
   133.00 deg.: X-S =     4.436164 mb/sr,
+                                         /R =   6.0528E+01
   134.00 deg.: X-S =     4.169810 mb/sr,
+                                         /R =   5.7753E+01
   135.00 deg.: X-S =     3.932577 mb/sr,
+                                         /R =   5.5271E+01
   136.00 deg.: X-S =     3.725736 mb/sr,
+                                         /R =   5.3117E+01
   137.00 deg.: X-S =     3.550349 mb/sr,
+                                         /R =   5.1326E+01
   138.00 deg.: X-S =     3.407267 mb/sr,
+                                         /R =   4.9931E+01
   139.00 deg.: X-S =     3.297126 mb/sr,
+                                         /R =   4.8960E+01
   140.00 deg.: X-S =     3.220343 mb/sr,
+                                         /R =   4.8440E+01
   141.00 deg.: X-S =     3.177123 mb/sr,
+                                         /R =   4.8392E+01
   142.00 deg.: X-S =     3.167451 mb/sr,
+                                         /R =   4.8837E+01
   143.00 deg.: X-S =     3.191099 mb/sr,
+                                         /R =   4.9788E+01
   144.00 deg.: X-S =     3.247630 mb/sr,
+                                         /R =   5.1256E+01
   145.00 deg.: X-S =     3.336399 mb/sr,
+                                         /R =   5.3249E+01
   146.00 deg.: X-S =     3.456561 mb/sr,
+                                         /R =   5.5768E+01
   147.00 deg.: X-S =     3.607078 mb/sr,
+                                         /R =   5.8811E+01
   148.00 deg.: X-S =     3.786725 mb/sr,
+                                         /R =   6.2372E+01
   149.00 deg.: X-S =     3.994100 mb/sr,
+                                         /R =   6.6438E+01
   150.00 deg.: X-S =     4.227634 mb/sr,
+                                         /R =   7.0995E+01
   151.00 deg.: X-S =     4.485604 mb/sr,
+                                         /R =   7.6023E+01
   152.00 deg.: X-S =     4.766138 mb/sr,
+                                         /R =   8.1497E+01
   153.00 deg.: X-S =     5.067236 mb/sr,
+                                         /R =   8.7388E+01
   154.00 deg.: X-S =     5.386775 mb/sr,
+                                         /R =   9.3666E+01
   155.00 deg.: X-S =     5.722529 mb/sr,
+                                         /R =   1.0029E+02
   156.00 deg.: X-S =     6.072181 mb/sr,
+                                         /R =   1.0723E+02
   157.00 deg.: X-S =     6.433337 mb/sr,
+                                         /R =   1.1444E+02
   158.00 deg.: X-S =     6.803542 mb/sr,
+                                         /R =   1.2186E+02
   159.00 deg.: X-S =     7.180297 mb/sr,
+                                         /R =   1.2947E+02
   160.00 deg.: X-S =     7.561070 mb/sr,
+                                         /R =   1.3720E+02
   161.00 deg.: X-S =     7.943318 mb/sr,
+                                         /R =   1.4500E+02
   162.00 deg.: X-S =     8.324498 mb/sr,
+                                         /R =   1.5282E+02
   163.00 deg.: X-S =     8.702086 mb/sr,
+                                         /R =   1.6062E+02
   164.00 deg.: X-S =     9.073589 mb/sr,
+                                         /R =   1.6832E+02
   165.00 deg.: X-S =     9.436563 mb/sr,
+                                         /R =   1.7589E+02
   166.00 deg.: X-S =     9.788629 mb/sr,
+                                         /R =   1.8327E+02
   167.00 deg.: X-S =    10.127484 mb/sr,
+                                         /R =   1.9039E+02
   168.00 deg.: X-S =    10.450917 mb/sr,
+                                         /R =   1.9723E+02
   169.00 deg.: X-S =    10.756823 mb/sr,
+                                         /R =   2.0372E+02
   170.00 deg.: X-S =    11.043215 mb/sr,
+                                         /R =   2.0981E+02
   171.00 deg.: X-S =    11.308236 mb/sr,
+                                         /R =   2.1547E+02
   172.00 deg.: X-S =    11.550170 mb/sr,
+                                         /R =   2.2065E+02
   173.00 deg.: X-S =    11.767452 mb/sr,
+                                         /R =   2.2532E+02
   174.00 deg.: X-S =    11.958681 mb/sr,
+                                         /R =   2.2943E+02
   175.00 deg.: X-S =    12.122622 mb/sr,
+                                         /R =   2.3297E+02
   176.00 deg.: X-S =    12.258219 mb/sr,
+                                         /R =   2.3590E+02
   177.00 deg.: X-S =    12.364599 mb/sr,
+                                         /R =   2.3820E+02
   178.00 deg.: X-S =    12.441077 mb/sr,
+                                         /R =   2.3986E+02
   179.00 deg.: X-S =    12.487161 mb/sr,
+                                         /R =   2.4085E+02
   179.99 deg.: X-S =    12.502554 mb/sr,
+                                         /R =   2.4119E+02
                                           Integrated********** mb, over [   0.000, 180.000] at    40.0000 MeV 
 Finished all xsecs @    4.68750000E-02

  The following files have been created:
   3:local copy of User input.            6:standard output.                   
  13:total cross sections/state.         39:cross sections for each Ecm.       
  40:all cross sectns. for each Elab.    56:Fusion for each Jtotal.            

 PARAMETERS : MAXQRN   MFNL   MLOC  LMAX1 MCLIST
    ALLOWED :      1      4      4    170      6
    REQUIRED:      0      0      4      7      4


 ACCURACY ANALYSIS at    40.000 MeV :

  Elastic h*k = 0.024 so OK       compared with 0.200

   Real(S-el) > 0.01 first at J =       1.0
   Real(S-el) > 0.10 first at J =       1.0
   Real(S-el) > 0.50 first at J =       2.0
   Real(S-el) > 0.90 first at J =       3.0
   Real(S-el) > 0.99 first at J =       3.0
   R-turn =    10.96 fm    at J =       6.0

 Forward-angle excitation cut off below   1.521 deg by max JT =       6.0
                              and below   0.330 deg by max R.

 Total CPU  0 time =       0.05 seconds
