 FRESCO - FRES 3.4: Coupled Reaction Channels
 Assuming NAMELIST input.

 Test reaction with generated potential                                          

   0.040  50.000   0.500   0.000   0.000   0.000   0.000   0.000   0.000   0.000

 Centre-of-mass Range is   1252 * 0.0400 fm., Maximum at  50.00 fm., Interpolating NL forms every  0.52 fm.
 Non - locality width is      4 * 0.0400 fm., Maximum of   0.12 fm., Centred at  0.00 fm.
 2-Nucleon Separation of      0 * 0.5200 fm., Maximum of   0.00 fm., Minimum at  0.00 fm.
 Maximum single particle bins of 49.9200 fm.
               M,Mint =         1251        1249


 Range of total J is     0.0 <= J <=   150.0 (at least     0.0) and Absorbtion =>     0.1000 mb.
 Dry Run = F, CC set limits =  0  0, Relativistic kinematics =  , Both/Far/Near Analyses =  1                     

 Cross Sections (and up to T0 for 0=projectile) for Theta from   0.0 to 180.0 in steps of  1.0 degrees, DGAM=0,  Coordinates = 0 (Mads)

 Lower Radial Cutoff = maximum of -1.60*L*h &       0.0 fm.,  Lower Cutoff for Couplings =   0.0  fm.


 Iterate Couplings between   0 and   0 times, to  0.000 % if sooner.                                          
  Block solved exactly =   0 chs., with Pade = 0 & Isocen =  =0, NOSOL = F, initwf =  0
  NL quadrature with   18 Gaussian points, Calculate multipoles up to   156 from   0
  M-transfers for lp+lt greater than or equal to  6, Angular Integration Cutoff below  2.7778 %


 Trace switches are :  CHANS =  0, LISTCC =  0, TRENEG =  0, CDETR =  0, SMATS =  0, XSTABL =  0, NLPL =  0

                       WAVES =  0, LAMPL =  0, VEFF =  0, KFUS =  0, WDISK =  0, BPM =  0, MELFIL =  0

                       CDCC =  0, NFUS =  0

 Using unit mass = 1.000000 amu and 1/fine-structure constant = 137.03599 ( 1.000000 * true ) with hc = 197.32705 MeV.fm,
  thus 2*amu/hbar^2 = 0.0478450 = 1/20.9008 and Coulomb constant = 0.1574855 so e^2 = 1.43997, and nuclear magneton= 0.1261183

 Now pre-scan input and save to file 3



 *********** PARTITION NUMBER  1 ******************************************************************************************

   PROJ=3He        MASS=  3.0000 Z=   2.0,        # STATES=    1T, TARG=p        MASS=  1.0000 Z=   1.0,     Q-VALUE =   0.0000 MEV.

     1:  J= 0.5+ (B# 1), E=  0.0000, K= 0.5              Potl#  1       J= 0.5+ (B# 1), E=  0.0000, K= 0.5    


 ************************************************************************************************************************************

 The following POTENTIALS are defined :

  KP#       TYPE      IT    SHAPE      at     V1        r1        a1        V2        r2        a2        A-in     A-used


                                            A#1       A#2        r0c       ac                                                h @ 1
    1    0=Coulomb       0=CHARGE (WS)  1     1.000     1.000    3.0528    0.0000    0.0000    0.0000     0.000     8.000   0.04000

    1    1=Volume        0=Woods-Saxon  2   70.0000    1.2500    0.6500   15.0000    1.2500    0.6500     0.000     8.000

    1    2=Surface       0=Woods-Saxon  3    0.0000    0.0000    0.0000    5.0000    1.3000    0.6500     0.000     8.000

    1    3=Projtl S.O.   0=Woods-Saxon  4    3.0000    1.0000    0.6500    0.0000    0.0000    0.0000     0.000     8.000

 Incoming partition  1 in excitation state # 1,   Laboratory Energy given for partition  1 Nucleus 1 in Excitation pair 1

0Lab. ENERGY ranges :

   from    290.000     to   0.00000     in     0 intervals
   from    0.00000     to   0.00000     in     0 intervals
   from    0.00000     to   0.00000     in     0 intervals

 Largest real,imaginary parts of any form factor at R=   49.60 are   2.90E-02  7.91E-31 MeV
 Finished all Couplings @    1.56250000E-02           4

 Symmetric Hamiltonian
1***********************************************************************************************************************************
************************************************************************************************************************************

        INCOMING 3He      ;    LABORATORY 3He      ENERGY =   290.00     MeV.

 ***********************************************************************************************************************************
 ***********************************************************************************************************************************


  NOTE: Coulomb excitation cut off below   0.024 deg by JTMAX, and below   0.046 deg by Rmax

 Allocate arrays for            2  channels, of which            1  need wfs.
 Allocate arrays for            2  channels, of which            2  need wfs.
 Reaction Xsec    13.0+/12 @ 1 =   0.159 , Out:   0.000#
 Reaction Xsec    13.0+/14 @ 2 =   0.027 , Out:   0.000#
 Reaction Xsec    13.0-/13 @ 1 =   0.066 , Out:   0.000#
 Reaction Xsec    13.0-/13 @ 2 =   0.066 , Out:   0.000#
 Finished all CC sets @    3.12500000E-02
0CUMULATIVE REACTION cross section                 =  433.96598  <L> =     4.36  <L**2> =     23.3
0CUMULATIVE outgoing cross sections in partition 1 :    0.00000
0Cumulative ABSORBTION by Imaginary Potentials     =  433.96598  <L> =     4.36  <L**2> =     23.3
   Fusion for specific 3He      M-states :  428.953520  428.953520
0CUMULATIVE OUTGOING cross section                 =    0.00000
 To convert to S-factors (MeV.mb = keV.b),  multiply by  8.8666E+01


 CROSS SECTIONS FOR OUTGOING 3He      & p        in state #   1 with spins & parities 0.5  + &  0.5  +;  0

     0.01 deg.: X-S =   1.7005E+13 mb/sr,
+                                         /R =   9.9998E-01
     1.00 deg.: X-S =   1.5174E+05 mb/sr,
+                                         /R =   8.9225E-01
     2.00 deg.: X-S =  7989.416062 mb/sr,
+                                         /R =   7.5157E-01
     3.00 deg.: X-S =  2162.049294 mb/sr,
+                                         /R =   1.0294E+00
     4.00 deg.: X-S =  1600.065209 mb/sr,
+                                         /R =   2.4068E+00
     5.00 deg.: X-S =  1561.772870 mb/sr,
+                                         /R =   5.7328E+00
     6.00 deg.: X-S =  1569.441950 mb/sr,
+                                         /R =   1.1939E+01
     7.00 deg.: X-S =  1558.150942 mb/sr,
+                                         /R =   2.1945E+01
     8.00 deg.: X-S =  1522.756000 mb/sr,
+                                         /R =   3.6560E+01
     9.00 deg.: X-S =  1467.523783 mb/sr,
+                                         /R =   5.6388E+01
    10.00 deg.: X-S =  1397.434763 mb/sr,
+                                         /R =   8.1761E+01
    11.00 deg.: X-S =  1316.750069 mb/sr,
+                                         /R =   1.1267E+02
    12.00 deg.: X-S =  1228.946825 mb/sr,
+                                         /R =   1.4877E+02
    13.00 deg.: X-S =  1136.867833 mb/sr,
+                                         /R =   1.8931E+02
    14.00 deg.: X-S =  1042.860199 mb/sr,
+                                         /R =   2.3326E+02
    15.00 deg.: X-S =   948.872579 mb/sr,
+                                         /R =   2.7927E+02
    16.00 deg.: X-S =   856.519031 mb/sr,
+                                         /R =   3.2583E+02
    17.00 deg.: X-S =   767.121336 mb/sr,
+                                         /R =   3.7128E+02
    18.00 deg.: X-S =   681.738928 mb/sr,
+                                         /R =   4.1398E+02
    19.00 deg.: X-S =   601.192452 mb/sr,
+                                         /R =   4.5236E+02
    20.00 deg.: X-S =   526.084612 mb/sr,
+                                         /R =   4.8503E+02
    21.00 deg.: X-S =   456.820348 mb/sr,
+                                         /R =   5.1087E+02
    22.00 deg.: X-S =   393.627307 mb/sr,
+                                         /R =   5.2907E+02
    23.00 deg.: X-S =   336.576918 mb/sr,
+                                         /R =   5.3918E+02
    24.00 deg.: X-S =   285.605951 mb/sr,
+                                         /R =   5.4115E+02
    25.00 deg.: X-S =   240.538207 mb/sr,
+                                         /R =   5.3526E+02
    26.00 deg.: X-S =   201.105888 mb/sr,
+                                         /R =   5.2217E+02
    27.00 deg.: X-S =   166.970175 mb/sr,
+                                         /R =   5.0282E+02
    28.00 deg.: X-S =   137.740548 mb/sr,
+                                         /R =   4.7840E+02
    29.00 deg.: X-S =   112.992510 mb/sr,
+                                         /R =   4.5028E+02
    30.00 deg.: X-S =    92.283394 mb/sr,
+                                         /R =   4.1989E+02
    31.00 deg.: X-S =    75.166101 mb/sr,
+                                         /R =   3.8873E+02
    32.00 deg.: X-S =    61.200666 mb/sr,
+                                         /R =   3.5821E+02
    33.00 deg.: X-S =    49.963653 mb/sr,
+                                         /R =   3.2965E+02
    34.00 deg.: X-S =    41.055466 mb/sr,
+                                         /R =   3.0419E+02
    35.00 deg.: X-S =    34.105705 mb/sr,
+                                         /R =   2.8277E+02
    36.00 deg.: X-S =    28.776750 mb/sr,
+                                         /R =   2.6607E+02
    37.00 deg.: X-S =    24.765787 mb/sr,
+                                         /R =   2.5456E+02
    38.00 deg.: X-S =    21.805512 mb/sr,
+                                         /R =   2.4841E+02
    39.00 deg.: X-S =    19.663719 mb/sr,
+                                         /R =   2.4756E+02
    40.00 deg.: X-S =    18.142024 mb/sr,
+                                         /R =   2.5172E+02
    41.00 deg.: X-S =    17.073916 mb/sr,
+                                         /R =   2.6042E+02
    42.00 deg.: X-S =    16.322320 mb/sr,
+                                         /R =   2.7298E+02
    43.00 deg.: X-S =    15.776860 mb/sr,
+                                         /R =   2.8864E+02
    44.00 deg.: X-S =    15.350937 mb/sr,
+                                         /R =   3.0653E+02
    45.00 deg.: X-S =    14.978765 mb/sr,
+                                         /R =   3.2574E+02
    46.00 deg.: X-S =    14.612440 mb/sr,
+                                         /R =   3.4536E+02
    47.00 deg.: X-S =    14.219129 mb/sr,
+                                         /R =   3.6451E+02
    48.00 deg.: X-S =    13.778433 mb/sr,
+                                         /R =   3.8237E+02
    49.00 deg.: X-S =    13.279954 mb/sr,
+                                         /R =   3.9823E+02
    50.00 deg.: X-S =    12.721104 mb/sr,
+                                         /R =   4.1148E+02
    51.00 deg.: X-S =    12.105159 mb/sr,
+                                         /R =   4.2164E+02
    52.00 deg.: X-S =    11.439576 mb/sr,
+                                         /R =   4.2836E+02
    53.00 deg.: X-S =    10.734547 mb/sr,
+                                         /R =   4.3145E+02
    54.00 deg.: X-S =    10.001804 mb/sr,
+                                         /R =   4.3082E+02
    55.00 deg.: X-S =     9.253651 mb/sr,
+                                         /R =   4.2655E+02
    56.00 deg.: X-S =     8.502199 mb/sr,
+                                         /R =   4.1879E+02
    57.00 deg.: X-S =     7.758795 mb/sr,
+                                         /R =   4.0783E+02
    58.00 deg.: X-S =     7.033615 mb/sr,
+                                         /R =   3.9400E+02
    59.00 deg.: X-S =     6.335409 mb/sr,
+                                         /R =   3.7771E+02
    60.00 deg.: X-S =     5.671356 mb/sr,
+                                         /R =   3.5942E+02
    61.00 deg.: X-S =     5.047029 mb/sr,
+                                         /R =   3.3958E+02
    62.00 deg.: X-S =     4.466436 mb/sr,
+                                         /R =   3.1868E+02
    63.00 deg.: X-S =     3.932115 mb/sr,
+                                         /R =   2.9717E+02
    64.00 deg.: X-S =     3.445280 mb/sr,
+                                         /R =   2.7548E+02
    65.00 deg.: X-S =     3.005983 mb/sr,
+                                         /R =   2.5403E+02
    66.00 deg.: X-S =     2.613298 mb/sr,
+                                         /R =   2.3316E+02
    67.00 deg.: X-S =     2.265501 mb/sr,
+                                         /R =   2.1318E+02
    68.00 deg.: X-S =     1.960246 mb/sr,
+                                         /R =   1.9435E+02
    69.00 deg.: X-S =     1.694728 mb/sr,
+                                         /R =   1.7687E+02
    70.00 deg.: X-S =     1.465835 mb/sr,
+                                         /R =   1.6087E+02
    71.00 deg.: X-S =     1.270273 mb/sr,
+                                         /R =   1.4647E+02
    72.00 deg.: X-S =     1.104675 mb/sr,
+                                         /R =   1.3370E+02
    73.00 deg.: X-S =     0.965698 mb/sr,
+                                         /R =   1.2258E+02
    74.00 deg.: X-S =     0.850087 mb/sr,
+                                         /R =   1.1307E+02
    75.00 deg.: X-S =     0.754737 mb/sr,
+                                         /R =   1.0510E+02
    76.00 deg.: X-S =     0.676730 mb/sr,
+                                         /R =   9.8586E+01
    77.00 deg.: X-S =     0.613367 mb/sr,
+                                         /R =   9.3401E+01
    78.00 deg.: X-S =     0.562185 mb/sr,
+                                         /R =   8.9413E+01
    79.00 deg.: X-S =     0.520964 mb/sr,
+                                         /R =   8.6473E+01
    80.00 deg.: X-S =     0.487734 mb/sr,
+                                         /R =   8.4428E+01
    81.00 deg.: X-S =     0.460769 mb/sr,
+                                         /R =   8.3118E+01
    82.00 deg.: X-S =     0.438578 mb/sr,
+                                         /R =   8.2386E+01
    83.00 deg.: X-S =     0.419898 mb/sr,
+                                         /R =   8.2079E+01
    84.00 deg.: X-S =     0.403677 mb/sr,
+                                         /R =   8.2056E+01
    85.00 deg.: X-S =     0.389059 mb/sr,
+                                         /R =   8.2183E+01
    86.00 deg.: X-S =     0.375368 mb/sr,
+                                         /R =   8.2342E+01
    87.00 deg.: X-S =     0.362085 mb/sr,
+                                         /R =   8.2431E+01
    88.00 deg.: X-S =     0.348837 mb/sr,
+                                         /R =   8.2364E+01
    89.00 deg.: X-S =     0.335370 mb/sr,
+                                         /R =   8.2074E+01
    90.00 deg.: X-S =     0.321533 mb/sr,
+                                         /R =   8.1507E+01
    91.00 deg.: X-S =     0.307261 mb/sr,
+                                         /R =   8.0632E+01
    92.00 deg.: X-S =     0.292555 mb/sr,
+                                         /R =   7.9428E+01
    93.00 deg.: X-S =     0.277467 mb/sr,
+                                         /R =   7.7892E+01
    94.00 deg.: X-S =     0.262087 mb/sr,
+                                         /R =   7.6030E+01
    95.00 deg.: X-S =     0.246527 mb/sr,
+                                         /R =   7.3862E+01
    96.00 deg.: X-S =     0.230912 mb/sr,
+                                         /R =   7.1412E+01
    97.00 deg.: X-S =     0.215371 mb/sr,
+                                         /R =   6.8714E+01
    98.00 deg.: X-S =     0.200031 mb/sr,
+                                         /R =   6.5804E+01
    99.00 deg.: X-S =     0.185011 mb/sr,
+                                         /R =   6.2721E+01
   100.00 deg.: X-S =     0.170416 mb/sr,
+                                         /R =   5.9506E+01
   101.00 deg.: X-S =     0.156340 mb/sr,
+                                         /R =   5.6199E+01
   102.00 deg.: X-S =     0.142861 mb/sr,
+                                         /R =   5.2839E+01
   103.00 deg.: X-S =     0.130041 mb/sr,
+                                         /R =   4.9464E+01
   104.00 deg.: X-S =     0.117930 mb/sr,
+                                         /R =   4.6109E+01
   105.00 deg.: X-S =     0.106561 mb/sr,
+                                         /R =   4.2805E+01
   106.00 deg.: X-S =     0.095957 mb/sr,
+                                         /R =   3.9583E+01
   107.00 deg.: X-S =     0.086130 mb/sr,
+                                         /R =   3.6467E+01
   108.00 deg.: X-S =     0.077080 mb/sr,
+                                         /R =   3.3481E+01
   109.00 deg.: X-S =     0.068799 mb/sr,
+                                         /R =   3.0645E+01
   110.00 deg.: X-S =     0.061273 mb/sr,
+                                         /R =   2.7974E+01
   111.00 deg.: X-S =     0.054478 mb/sr,
+                                         /R =   2.5482E+01
   112.00 deg.: X-S =     0.048388 mb/sr,
+                                         /R =   2.3177E+01
   113.00 deg.: X-S =     0.042968 mb/sr,
+                                         /R =   2.1067E+01
   114.00 deg.: X-S =     0.038183 mb/sr,
+                                         /R =   1.9155E+01
   115.00 deg.: X-S =     0.033993 mb/sr,
+                                         /R =   1.7440E+01
   116.00 deg.: X-S =     0.030354 mb/sr,
+                                         /R =   1.5919E+01
   117.00 deg.: X-S =     0.027222 mb/sr,
+                                         /R =   1.4589E+01
   118.00 deg.: X-S =     0.024552 mb/sr,
+                                         /R =   1.3439E+01
   119.00 deg.: X-S =     0.022297 mb/sr,
+                                         /R =   1.2461E+01
   120.00 deg.: X-S =     0.020413 mb/sr,
+                                         /R =   1.1643E+01
   121.00 deg.: X-S =     0.018855 mb/sr,
+                                         /R =   1.0971E+01
   122.00 deg.: X-S =     0.017579 mb/sr,
+                                         /R =   1.0431E+01
   123.00 deg.: X-S =     0.016546 mb/sr,
+                                         /R =   1.0007E+01
   124.00 deg.: X-S =     0.015717 mb/sr,
+                                         /R =   9.6858E+00
   125.00 deg.: X-S =     0.015056 mb/sr,
+                                         /R =   9.4508E+00
   126.00 deg.: X-S =     0.014533 mb/sr,
+                                         /R =   9.2879E+00
   127.00 deg.: X-S =     0.014119 mb/sr,
+                                         /R =   9.1831E+00
   128.00 deg.: X-S =     0.013788 mb/sr,
+                                         /R =   9.1235E+00
   129.00 deg.: X-S =     0.013519 mb/sr,
+                                         /R =   9.0974E+00
   130.00 deg.: X-S =     0.013293 mb/sr,
+                                         /R =   9.0939E+00
   131.00 deg.: X-S =     0.013094 mb/sr,
+                                         /R =   9.1035E+00
   132.00 deg.: X-S =     0.012910 mb/sr,
+                                         /R =   9.1177E+00
   133.00 deg.: X-S =     0.012729 mb/sr,
+                                         /R =   9.1291E+00
   134.00 deg.: X-S =     0.012543 mb/sr,
+                                         /R =   9.1312E+00
   135.00 deg.: X-S =     0.012343 mb/sr,
+                                         /R =   9.1184E+00
   136.00 deg.: X-S =     0.012125 mb/sr,
+                                         /R =   9.0861E+00
   137.00 deg.: X-S =     0.011884 mb/sr,
+                                         /R =   9.0303E+00
   138.00 deg.: X-S =     0.011617 mb/sr,
+                                         /R =   8.9481E+00
   139.00 deg.: X-S =     0.011322 mb/sr,
+                                         /R =   8.8373E+00
   140.00 deg.: X-S =     0.010999 mb/sr,
+                                         /R =   8.6965E+00
   141.00 deg.: X-S =     0.010649 mb/sr,
+                                         /R =   8.5256E+00
   142.00 deg.: X-S =     0.010272 mb/sr,
+                                         /R =   8.3249E+00
   143.00 deg.: X-S =     0.009872 mb/sr,
+                                         /R =   8.0960E+00
   144.00 deg.: X-S =     0.009452 mb/sr,
+                                         /R =   7.8409E+00
   145.00 deg.: X-S =     0.009015 mb/sr,
+                                         /R =   7.5628E+00
   146.00 deg.: X-S =     0.008567 mb/sr,
+                                         /R =   7.2651E+00
   147.00 deg.: X-S =     0.008112 mb/sr,
+                                         /R =   6.9520E+00
   148.00 deg.: X-S =     0.007656 mb/sr,
+                                         /R =   6.6279E+00
   149.00 deg.: X-S =     0.007203 mb/sr,
+                                         /R =   6.2975E+00
   150.00 deg.: X-S =     0.006759 mb/sr,
+                                         /R =   5.9657E+00
   151.00 deg.: X-S =     0.006328 mb/sr,
+                                         /R =   5.6375E+00
   152.00 deg.: X-S =     0.005917 mb/sr,
+                                         /R =   5.3177E+00
   153.00 deg.: X-S =     0.005528 mb/sr,
+                                         /R =   5.0112E+00
   154.00 deg.: X-S =     0.005167 mb/sr,
+                                         /R =   4.7226E+00
   155.00 deg.: X-S =     0.004837 mb/sr,
+                                         /R =   4.4561E+00
   156.00 deg.: X-S =     0.004541 mb/sr,
+                                         /R =   4.2154E+00
   157.00 deg.: X-S =     0.004282 mb/sr,
+                                         /R =   4.0040E+00
   158.00 deg.: X-S =     0.004062 mb/sr,
+                                         /R =   3.8244E+00
   159.00 deg.: X-S =     0.003881 mb/sr,
+                                         /R =   3.6786E+00
   160.00 deg.: X-S =     0.003740 mb/sr,
+                                         /R =   3.5675E+00
   161.00 deg.: X-S =     0.003639 mb/sr,
+                                         /R =   3.4913E+00
   162.00 deg.: X-S =     0.003575 mb/sr,
+                                         /R =   3.4496E+00
   163.00 deg.: X-S =     0.003547 mb/sr,
+                                         /R =   3.4408E+00
   164.00 deg.: X-S =     0.003551 mb/sr,
+                                         /R =   3.4628E+00
   165.00 deg.: X-S =     0.003586 mb/sr,
+                                         /R =   3.5129E+00
   166.00 deg.: X-S =     0.003646 mb/sr,
+                                         /R =   3.5880E+00
   167.00 deg.: X-S =     0.003729 mb/sr,
+                                         /R =   3.6844E+00
   168.00 deg.: X-S =     0.003829 mb/sr,
+                                         /R =   3.7984E+00
   169.00 deg.: X-S =     0.003944 mb/sr,
+                                         /R =   3.9260E+00
   170.00 deg.: X-S =     0.004069 mb/sr,
+                                         /R =   4.0630E+00
   171.00 deg.: X-S =     0.004199 mb/sr,
+                                         /R =   4.2053E+00
   172.00 deg.: X-S =     0.004331 mb/sr,
+                                         /R =   4.3485E+00
   173.00 deg.: X-S =     0.004460 mb/sr,
+                                         /R =   4.4882E+00
   174.00 deg.: X-S =     0.004582 mb/sr,
+                                         /R =   4.6203E+00
   175.00 deg.: X-S =     0.004693 mb/sr,
+                                         /R =   4.7406E+00
   176.00 deg.: X-S =     0.004790 mb/sr,
+                                         /R =   4.8452E+00
   177.00 deg.: X-S =     0.004869 mb/sr,
+                                         /R =   4.9306E+00
   178.00 deg.: X-S =     0.004928 mb/sr,
+                                         /R =   4.9938E+00
   179.00 deg.: X-S =     0.004964 mb/sr,
+                                         /R =   5.0327E+00
   179.99 deg.: X-S =     0.004976 mb/sr,
+                                         /R =   5.0458E+00
                                           Integrated********** mb, over [   0.000, 180.000] at   290.0000 MeV 
 Finished all xsecs @    4.68750000E-02

  The following files have been created:
   3:local copy of User input.            6:standard output.                   
  13:total cross sections/state.         39:cross sections for each Ecm.       
  40:all cross sectns. for each Elab.    56:Fusion for each Jtotal.            

 PARAMETERS : MAXQRN   MFNL   MLOC  LMAX1 MCLIST
    ALLOWED :      1      4      4    170      6
    REQUIRED:      0      0      4     15      4


 ACCURACY ANALYSIS at   290.000 MeV :

  Elastic h*k = 0.065 so OK       compared with 0.200

   Real(S-el) > 0.01 first at J =       3.0
   Real(S-el) > 0.10 first at J =       4.0
   Real(S-el) > 0.50 first at J =       4.0
   Real(S-el) > 0.90 first at J =       6.0
   Real(S-el) > 0.99 first at J =       9.0
   R-turn =     8.38 fm    at J =      13.0

 Forward-angle excitation cut off below   0.272 deg by max JT =      13.0
                              and below   0.046 deg by max R.

 Total CPU  0 time =       0.05 seconds
