 FRESCO - FRES 3.4: Coupled Reaction Channels
 Assuming NAMELIST input.

 Test reaction with generated potential                                          

   0.040  50.000   0.500   0.000   0.000   0.000   0.000   0.000   0.000   0.000

 Centre-of-mass Range is   1252 * 0.0400 fm., Maximum at  50.00 fm., Interpolating NL forms every  0.52 fm.
 Non - locality width is      4 * 0.0400 fm., Maximum of   0.12 fm., Centred at  0.00 fm.
 2-Nucleon Separation of      0 * 0.5200 fm., Maximum of   0.00 fm., Minimum at  0.00 fm.
 Maximum single particle bins of 49.9200 fm.
               M,Mint =         1251        1249


 Range of total J is     0.0 <= J <=   150.0 (at least     0.0) and Absorbtion =>     0.1000 mb.
 Dry Run = F, CC set limits =  0  0, Relativistic kinematics =  , Both/Far/Near Analyses =  1                     

 Cross Sections (and up to T0 for 0=projectile) for Theta from   0.0 to 180.0 in steps of  1.0 degrees, DGAM=0,  Coordinates = 0 (Mads)

 Lower Radial Cutoff = maximum of -1.60*L*h &       0.0 fm.,  Lower Cutoff for Couplings =   0.0  fm.


 Iterate Couplings between   0 and   0 times, to  0.000 % if sooner.                                          
  Block solved exactly =   0 chs., with Pade = 0 & Isocen =  =0, NOSOL = F, initwf =  0
  NL quadrature with   18 Gaussian points, Calculate multipoles up to   156 from   0
  M-transfers for lp+lt greater than or equal to  6, Angular Integration Cutoff below  2.7778 %


 Trace switches are :  CHANS =  0, LISTCC =  0, TRENEG =  0, CDETR =  0, SMATS =  0, XSTABL =  0, NLPL =  0

                       WAVES =  0, LAMPL =  0, VEFF =  0, KFUS =  0, WDISK =  0, BPM =  0, MELFIL =  0

                       CDCC =  0, NFUS =  0

 Using unit mass = 1.000000 amu and 1/fine-structure constant = 137.03599 ( 1.000000 * true ) with hc = 197.32705 MeV.fm,
  thus 2*amu/hbar^2 = 0.0478450 = 1/20.9008 and Coulomb constant = 0.1574855 so e^2 = 1.43997, and nuclear magneton= 0.1261183

 Now pre-scan input and save to file 3



 *********** PARTITION NUMBER  1 ******************************************************************************************

   PROJ=3He        MASS=  3.0000 Z=   2.0,        # STATES=    1T, TARG=p        MASS=  1.0000 Z=   1.0,     Q-VALUE =   0.0000 MEV.

     1:  J= 0.5+ (B# 1), E=  0.0000, K= 0.5              Potl#  1       J= 0.5+ (B# 1), E=  0.0000, K= 0.5    


 ************************************************************************************************************************************

 The following POTENTIALS are defined :

  KP#       TYPE      IT    SHAPE      at     V1        r1        a1        V2        r2        a2        A-in     A-used


                                            A#1       A#2        r0c       ac                                                h @ 1
    1    0=Coulomb       0=CHARGE (WS)  1     1.000     1.000    3.0528    0.0000    0.0000    0.0000     0.000     8.000   0.04000

    1    1=Volume        0=Woods-Saxon  2   70.0000    1.2500    0.6500   15.0000    1.2500    0.6500     0.000     8.000

    1    2=Surface       0=Woods-Saxon  3    0.0000    0.0000    0.0000    5.0000    1.3000    0.6500     0.000     8.000

    1    3=Projtl S.O.   0=Woods-Saxon  4    3.0000    1.0000    0.6500    0.0000    0.0000    0.0000     0.000     8.000

 Incoming partition  1 in excitation state # 1,   Laboratory Energy given for partition  1 Nucleus 1 in Excitation pair 1

0Lab. ENERGY ranges :

   from    75.0000     to   0.00000     in     0 intervals
   from    0.00000     to   0.00000     in     0 intervals
   from    0.00000     to   0.00000     in     0 intervals

 Largest real,imaginary parts of any form factor at R=   49.60 are   2.90E-02  7.91E-31 MeV
 Finished all Couplings @    0.00000000               4

 Symmetric Hamiltonian
1***********************************************************************************************************************************
************************************************************************************************************************************

        INCOMING 3He      ;    LABORATORY 3He      ENERGY =   75.000     MeV.

 ***********************************************************************************************************************************
 ***********************************************************************************************************************************


  NOTE: Coulomb excitation cut off below   0.048 deg by JTMAX, and below   0.176 deg by Rmax

 Allocate arrays for            2  channels, of which            1  need wfs.
 Allocate arrays for            2  channels, of which            2  need wfs.
 Reaction Xsec     7.0-/ 7 @ 1 =   0.179 , Out:   0.000#
 Reaction Xsec     7.0-/ 7 @ 2 =   0.180 , Out:   0.000#
 Reaction Xsec     8.0+/ 8 @ 1 =   0.040 , Out:   0.000#
 Reaction Xsec     8.0+/ 8 @ 2 =   0.040 , Out:   0.000#
 Finished all CC sets @    1.56250000E-02
0CUMULATIVE REACTION cross section                 =  705.98723  <L> =     2.54  <L**2> =      7.9
0CUMULATIVE outgoing cross sections in partition 1 :    0.00000
0Cumulative ABSORBTION by Imaginary Potentials     =  705.98723  <L> =     2.54  <L**2> =      7.9
   Fusion for specific 3He      M-states : 1081.629186 1081.629186
0CUMULATIVE OUTGOING cross section                 =    0.00000
 To convert to S-factors (MeV.mb = keV.b),  multiply by  2.7855E+01


 CROSS SECTIONS FOR OUTGOING 3He      & p        in state #   1 with spins & parities 0.5  + &  0.5  +;  0

     0.01 deg.: X-S =   2.5424E+14 mb/sr,
+                                         /R =   1.0000E+00
     1.00 deg.: X-S =   2.5034E+06 mb/sr,
+                                         /R =   9.8459E-01
     2.00 deg.: X-S =   1.5151E+05 mb/sr,
+                                         /R =   9.5325E-01
     3.00 deg.: X-S =   2.9013E+04 mb/sr,
+                                         /R =   9.2391E-01
     4.00 deg.: X-S =  9127.721275 mb/sr,
+                                         /R =   9.1833E-01
     5.00 deg.: X-S =  3924.208161 mb/sr,
+                                         /R =   9.6345E-01
     6.00 deg.: X-S =  2144.085310 mb/sr,
+                                         /R =   1.0909E+00
     7.00 deg.: X-S =  1418.547213 mb/sr,
+                                         /R =   1.3363E+00
     8.00 deg.: X-S =  1082.104941 mb/sr,
+                                         /R =   1.7377E+00
     9.00 deg.: X-S =   908.360114 mb/sr,
+                                         /R =   2.3345E+00
    10.00 deg.: X-S =   809.039701 mb/sr,
+                                         /R =   3.1660E+00
    11.00 deg.: X-S =   746.042898 mb/sr,
+                                         /R =   4.2699E+00
    12.00 deg.: X-S =   701.594290 mb/sr,
+                                         /R =   5.6805E+00
    13.00 deg.: X-S =   666.888878 mb/sr,
+                                         /R =   7.4276E+00
    14.00 deg.: X-S =   637.363296 mb/sr,
+                                         /R =   9.5351E+00
    15.00 deg.: X-S =   610.576445 mb/sr,
+                                         /R =   1.2020E+01
    16.00 deg.: X-S =   585.200012 mb/sr,
+                                         /R =   1.4890E+01
    17.00 deg.: X-S =   560.512312 mb/sr,
+                                         /R =   1.8145E+01
    18.00 deg.: X-S =   536.133074 mb/sr,
+                                         /R =   2.1775E+01
    19.00 deg.: X-S =   511.879038 mb/sr,
+                                         /R =   2.5761E+01
    20.00 deg.: X-S =   487.682626 mb/sr,
+                                         /R =   3.0073E+01
    21.00 deg.: X-S =   463.544709 mb/sr,
+                                         /R =   3.4672E+01
    22.00 deg.: X-S =   439.506405 mb/sr,
+                                         /R =   3.9511E+01
    23.00 deg.: X-S =   415.631795 mb/sr,
+                                         /R =   4.4534E+01
    24.00 deg.: X-S =   391.997068 mb/sr,
+                                         /R =   4.9677E+01
    25.00 deg.: X-S =   368.683568 mb/sr,
+                                         /R =   5.4873E+01
    26.00 deg.: X-S =   345.773231 mb/sr,
+                                         /R =   6.0048E+01
    27.00 deg.: X-S =   323.345561 mb/sr,
+                                         /R =   6.5128E+01
    28.00 deg.: X-S =   301.475598 mb/sr,
+                                         /R =   7.0034E+01
    29.00 deg.: X-S =   280.232555 mb/sr,
+                                         /R =   7.4692E+01
    30.00 deg.: X-S =   259.678921 mb/sr,
+                                         /R =   7.9028E+01
    31.00 deg.: X-S =   239.869889 mb/sr,
+                                         /R =   8.2972E+01
    32.00 deg.: X-S =   220.853031 mb/sr,
+                                         /R =   8.6460E+01
    33.00 deg.: X-S =   202.668163 mb/sr,
+                                         /R =   8.9436E+01
    34.00 deg.: X-S =   185.347348 mb/sr,
+                                         /R =   9.1852E+01
    35.00 deg.: X-S =   168.915022 mb/sr,
+                                         /R =   9.3669E+01
    36.00 deg.: X-S =   153.388209 mb/sr,
+                                         /R =   9.4859E+01
    37.00 deg.: X-S =   138.776819 mb/sr,
+                                         /R =   9.5407E+01
    38.00 deg.: X-S =   125.084006 mb/sr,
+                                         /R =   9.5308E+01
    39.00 deg.: X-S =   112.306574 mb/sr,
+                                         /R =   9.4568E+01
    40.00 deg.: X-S =   100.435431 mb/sr,
+                                         /R =   9.3208E+01
    41.00 deg.: X-S =    89.456065 mb/sr,
+                                         /R =   9.1258E+01
    42.00 deg.: X-S =    79.349048 mb/sr,
+                                         /R =   8.8760E+01
    43.00 deg.: X-S =    70.090548 mb/sr,
+                                         /R =   8.5767E+01
    44.00 deg.: X-S =    61.652856 mb/sr,
+                                         /R =   8.2340E+01
    45.00 deg.: X-S =    54.004905 mb/sr,
+                                         /R =   7.8551E+01
    46.00 deg.: X-S =    47.112784 mb/sr,
+                                         /R =   7.4475E+01
    47.00 deg.: X-S =    40.940244 mb/sr,
+                                         /R =   7.0195E+01
    48.00 deg.: X-S =    35.449185 mb/sr,
+                                         /R =   6.5799E+01
    49.00 deg.: X-S =    30.600123 mb/sr,
+                                         /R =   6.1375E+01
    50.00 deg.: X-S =    26.352628 mb/sr,
+                                         /R =   5.7013E+01
    51.00 deg.: X-S =    22.665746 mb/sr,
+                                         /R =   5.2804E+01
    52.00 deg.: X-S =    19.498380 mb/sr,
+                                         /R =   4.8834E+01
    53.00 deg.: X-S =    16.809646 mb/sr,
+                                         /R =   4.5188E+01
    54.00 deg.: X-S =    14.559195 mb/sr,
+                                         /R =   4.1945E+01
    55.00 deg.: X-S =    12.707502 mb/sr,
+                                         /R =   3.9178E+01
    56.00 deg.: X-S =    11.216122 mb/sr,
+                                         /R =   3.6952E+01
    57.00 deg.: X-S =    10.047912 mb/sr,
+                                         /R =   3.5325E+01
    58.00 deg.: X-S =     9.167221 mb/sr,
+                                         /R =   3.4346E+01
    59.00 deg.: X-S =     8.540049 mb/sr,
+                                         /R =   3.4054E+01
    60.00 deg.: X-S =     8.134175 mb/sr,
+                                         /R =   3.4479E+01
    61.00 deg.: X-S =     7.919255 mb/sr,
+                                         /R =   3.5638E+01
    62.00 deg.: X-S =     7.866893 mb/sr,
+                                         /R =   3.7542E+01
    63.00 deg.: X-S =     7.950691 mb/sr,
+                                         /R =   4.0189E+01
    64.00 deg.: X-S =     8.146268 mb/sr,
+                                         /R =   4.3567E+01
    65.00 deg.: X-S =     8.431262 mb/sr,
+                                         /R =   4.7656E+01
    66.00 deg.: X-S =     8.785314 mb/sr,
+                                         /R =   5.2427E+01
    67.00 deg.: X-S =     9.190029 mb/sr,
+                                         /R =   5.7841E+01
    68.00 deg.: X-S =     9.628928 mb/sr,
+                                         /R =   6.3853E+01
    69.00 deg.: X-S =    10.087384 mb/sr,
+                                         /R =   7.0412E+01
    70.00 deg.: X-S =    10.552543 mb/sr,
+                                         /R =   7.7461E+01
    71.00 deg.: X-S =    11.013246 mb/sr,
+                                         /R =   8.4936E+01
    72.00 deg.: X-S =    11.459931 mb/sr,
+                                         /R =   9.2772E+01
    73.00 deg.: X-S =    11.884537 mb/sr,
+                                         /R =   1.0090E+02
    74.00 deg.: X-S =    12.280403 mb/sr,
+                                         /R =   1.0925E+02
    75.00 deg.: X-S =    12.642162 mb/sr,
+                                         /R =   1.1775E+02
    76.00 deg.: X-S =    12.965635 mb/sr,
+                                         /R =   1.2633E+02
    77.00 deg.: X-S =    13.247726 mb/sr,
+                                         /R =   1.3493E+02
    78.00 deg.: X-S =    13.486314 mb/sr,
+                                         /R =   1.4346E+02
    79.00 deg.: X-S =    13.680152 mb/sr,
+                                         /R =   1.5188E+02
    80.00 deg.: X-S =    13.828764 mb/sr,
+                                         /R =   1.6011E+02
    81.00 deg.: X-S =    13.932350 mb/sr,
+                                         /R =   1.6810E+02
    82.00 deg.: X-S =    13.991694 mb/sr,
+                                         /R =   1.7579E+02
    83.00 deg.: X-S =    14.008074 mb/sr,
+                                         /R =   1.8315E+02
    84.00 deg.: X-S =    13.983177 mb/sr,
+                                         /R =   1.9011E+02
    85.00 deg.: X-S =    13.919029 mb/sr,
+                                         /R =   1.9665E+02
    86.00 deg.: X-S =    13.817914 mb/sr,
+                                         /R =   2.0274E+02
    87.00 deg.: X-S =    13.682316 mb/sr,
+                                         /R =   2.0834E+02
    88.00 deg.: X-S =    13.514853 mb/sr,
+                                         /R =   2.1343E+02
    89.00 deg.: X-S =    13.318229 mb/sr,
+                                         /R =   2.1800E+02
    90.00 deg.: X-S =    13.095180 mb/sr,
+                                         /R =   2.2203E+02
    91.00 deg.: X-S =    12.848437 mb/sr,
+                                         /R =   2.2552E+02
    92.00 deg.: X-S =    12.580685 mb/sr,
+                                         /R =   2.2845E+02
    93.00 deg.: X-S =    12.294537 mb/sr,
+                                         /R =   2.3084E+02
    94.00 deg.: X-S =    11.992502 mb/sr,
+                                         /R =   2.3269E+02
    95.00 deg.: X-S =    11.676971 mb/sr,
+                                         /R =   2.3400E+02
    96.00 deg.: X-S =    11.350193 mb/sr,
+                                         /R =   2.3478E+02
    97.00 deg.: X-S =    11.014272 mb/sr,
+                                         /R =   2.3504E+02
    98.00 deg.: X-S =    10.671150 mb/sr,
+                                         /R =   2.3480E+02
    99.00 deg.: X-S =    10.322609 mb/sr,
+                                         /R =   2.3406E+02
   100.00 deg.: X-S =     9.970269 mb/sr,
+                                         /R =   2.3285E+02
   101.00 deg.: X-S =     9.615589 mb/sr,
+                                         /R =   2.3118E+02
   102.00 deg.: X-S =     9.259870 mb/sr,
+                                         /R =   2.2907E+02
   103.00 deg.: X-S =     8.904267 mb/sr,
+                                         /R =   2.2653E+02
   104.00 deg.: X-S =     8.549793 mb/sr,
+                                         /R =   2.2359E+02
   105.00 deg.: X-S =     8.197333 mb/sr,
+                                         /R =   2.2024E+02
   106.00 deg.: X-S =     7.847653 mb/sr,
+                                         /R =   2.1652E+02
   107.00 deg.: X-S =     7.501415 mb/sr,
+                                         /R =   2.1243E+02
   108.00 deg.: X-S =     7.159190 mb/sr,
+                                         /R =   2.0800E+02
   109.00 deg.: X-S =     6.821471 mb/sr,
+                                         /R =   2.0323E+02
   110.00 deg.: X-S =     6.488685 mb/sr,
+                                         /R =   1.9814E+02
   111.00 deg.: X-S =     6.161214 mb/sr,
+                                         /R =   1.9275E+02
   112.00 deg.: X-S =     5.839399 mb/sr,
+                                         /R =   1.8708E+02
   113.00 deg.: X-S =     5.523560 mb/sr,
+                                         /R =   1.8114E+02
   114.00 deg.: X-S =     5.214005 mb/sr,
+                                         /R =   1.7494E+02
   115.00 deg.: X-S =     4.911041 mb/sr,
+                                         /R =   1.6852E+02
   116.00 deg.: X-S =     4.614986 mb/sr,
+                                         /R =   1.6189E+02
   117.00 deg.: X-S =     4.326177 mb/sr,
+                                         /R =   1.5507E+02
   118.00 deg.: X-S =     4.044977 mb/sr,
+                                         /R =   1.4809E+02
   119.00 deg.: X-S =     3.771781 mb/sr,
+                                         /R =   1.4099E+02
   120.00 deg.: X-S =     3.507024 mb/sr,
+                                         /R =   1.3379E+02
   121.00 deg.: X-S =     3.251179 mb/sr,
+                                         /R =   1.2653E+02
   122.00 deg.: X-S =     3.004764 mb/sr,
+                                         /R =   1.1925E+02
   123.00 deg.: X-S =     2.768339 mb/sr,
+                                         /R =   1.1199E+02
   124.00 deg.: X-S =     2.542507 mb/sr,
+                                         /R =   1.0480E+02
   125.00 deg.: X-S =     2.327911 mb/sr,
+                                         /R =   9.7733E+01
   126.00 deg.: X-S =     2.125228 mb/sr,
+                                         /R =   9.0842E+01
   127.00 deg.: X-S =     1.935168 mb/sr,
+                                         /R =   8.4186E+01
   128.00 deg.: X-S =     1.758464 mb/sr,
+                                         /R =   7.7827E+01
   129.00 deg.: X-S =     1.595865 mb/sr,
+                                         /R =   7.1830E+01
   130.00 deg.: X-S =     1.448130 mb/sr,
+                                         /R =   6.6263E+01
   131.00 deg.: X-S =     1.316017 mb/sr,
+                                         /R =   6.1194E+01
   132.00 deg.: X-S =     1.200275 mb/sr,
+                                         /R =   5.6697E+01
   133.00 deg.: X-S =     1.101630 mb/sr,
+                                         /R =   5.2843E+01
   134.00 deg.: X-S =     1.020779 mb/sr,
+                                         /R =   4.9704E+01
   135.00 deg.: X-S =     0.958373 mb/sr,
+                                         /R =   4.7354E+01
   136.00 deg.: X-S =     0.915015 mb/sr,
+                                         /R =   4.5862E+01
   137.00 deg.: X-S =     0.891239 mb/sr,
+                                         /R =   4.5296E+01
   138.00 deg.: X-S =     0.887509 mb/sr,
+                                         /R =   4.5723E+01
   139.00 deg.: X-S =     0.904201 mb/sr,
+                                         /R =   4.7204E+01
   140.00 deg.: X-S =     0.941601 mb/sr,
+                                         /R =   4.9793E+01
   141.00 deg.: X-S =     0.999888 mb/sr,
+                                         /R =   5.3542E+01
   142.00 deg.: X-S =     1.079135 mb/sr,
+                                         /R =   5.8494E+01
   143.00 deg.: X-S =     1.179294 mb/sr,
+                                         /R =   6.4686E+01
   144.00 deg.: X-S =     1.300199 mb/sr,
+                                         /R =   7.2143E+01
   145.00 deg.: X-S =     1.441552 mb/sr,
+                                         /R =   8.0885E+01
   146.00 deg.: X-S =     1.602927 mb/sr,
+                                         /R =   9.0920E+01
   147.00 deg.: X-S =     1.783765 mb/sr,
+                                         /R =   1.0225E+02
   148.00 deg.: X-S =     1.983375 mb/sr,
+                                         /R =   1.1485E+02
   149.00 deg.: X-S =     2.200931 mb/sr,
+                                         /R =   1.2871E+02
   150.00 deg.: X-S =     2.435479 mb/sr,
+                                         /R =   1.4379E+02
   151.00 deg.: X-S =     2.685937 mb/sr,
+                                         /R =   1.6004E+02
   152.00 deg.: X-S =     2.951102 mb/sr,
+                                         /R =   1.7740E+02
   153.00 deg.: X-S =     3.229653 mb/sr,
+                                         /R =   1.9581E+02
   154.00 deg.: X-S =     3.520163 mb/sr,
+                                         /R =   2.1519E+02
   155.00 deg.: X-S =     3.821103 mb/sr,
+                                         /R =   2.3544E+02
   156.00 deg.: X-S =     4.130852 mb/sr,
+                                         /R =   2.5646E+02
   157.00 deg.: X-S =     4.447710 mb/sr,
+                                         /R =   2.7814E+02
   158.00 deg.: X-S =     4.769908 mb/sr,
+                                         /R =   3.0037E+02
   159.00 deg.: X-S =     5.095617 mb/sr,
+                                         /R =   3.2301E+02
   160.00 deg.: X-S =     5.422966 mb/sr,
+                                         /R =   3.4594E+02
   161.00 deg.: X-S =     5.750050 mb/sr,
+                                         /R =   3.6901E+02
   162.00 deg.: X-S =     6.074946 mb/sr,
+                                         /R =   3.9209E+02
   163.00 deg.: X-S =     6.395725 mb/sr,
+                                         /R =   4.1501E+02
   164.00 deg.: X-S =     6.710469 mb/sr,
+                                         /R =   4.3765E+02
   165.00 deg.: X-S =     7.017280 mb/sr,
+                                         /R =   4.5983E+02
   166.00 deg.: X-S =     7.314298 mb/sr,
+                                         /R =   4.8143E+02
   167.00 deg.: X-S =     7.599709 mb/sr,
+                                         /R =   5.0229E+02
   168.00 deg.: X-S =     7.871764 mb/sr,
+                                         /R =   5.2226E+02
   169.00 deg.: X-S =     8.128788 mb/sr,
+                                         /R =   5.4121E+02
   170.00 deg.: X-S =     8.369192 mb/sr,
+                                         /R =   5.5901E+02
   171.00 deg.: X-S =     8.591484 mb/sr,
+                                         /R =   5.7552E+02
   172.00 deg.: X-S =     8.794282 mb/sr,
+                                         /R =   5.9064E+02
   173.00 deg.: X-S =     8.976322 mb/sr,
+                                         /R =   6.0425E+02
   174.00 deg.: X-S =     9.136466 mb/sr,
+                                         /R =   6.1625E+02
   175.00 deg.: X-S =     9.273711 mb/sr,
+                                         /R =   6.2655E+02
   176.00 deg.: X-S =     9.387197 mb/sr,
+                                         /R =   6.3509E+02
   177.00 deg.: X-S =     9.476213 mb/sr,
+                                         /R =   6.4180E+02
   178.00 deg.: X-S =     9.540198 mb/sr,
+                                         /R =   6.4662E+02
   179.00 deg.: X-S =     9.578751 mb/sr,
+                                         /R =   6.4953E+02
   179.99 deg.: X-S =     9.591628 mb/sr,
+                                         /R =   6.5051E+02
                                           Integrated********** mb, over [   0.000, 180.000] at    75.0000 MeV 
 Finished all xsecs @    1.56250000E-02

  The following files have been created:
   3:local copy of User input.            6:standard output.                   
  13:total cross sections/state.         39:cross sections for each Ecm.       
  40:all cross sectns. for each Elab.    56:Fusion for each Jtotal.            

 PARAMETERS : MAXQRN   MFNL   MLOC  LMAX1 MCLIST
    ALLOWED :      1      4      4    170      6
    REQUIRED:      0      0      4      9      4


 ACCURACY ANALYSIS at    75.000 MeV :

  Elastic h*k = 0.033 so OK       compared with 0.200

   Real(S-el) > 0.01 first at J =       1.0
   Real(S-el) > 0.10 first at J =       1.0
   Real(S-el) > 0.50 first at J =       3.0
   Real(S-el) > 0.90 first at J =       3.0
   Real(S-el) > 0.99 first at J =       5.0
   R-turn =    10.42 fm    at J =       8.0

 Forward-angle excitation cut off below   0.849 deg by max JT =       8.0
                              and below   0.176 deg by max R.

 Total CPU  0 time =       0.02 seconds
