 FRESCO - FRES 3.4: Coupled Reaction Channels
 Assuming NAMELIST input.

 Test reaction with generated potential                                          

   0.040  50.000   0.500   0.000   0.000   0.000   0.000   0.000   0.000   0.000

 Centre-of-mass Range is   1252 * 0.0400 fm., Maximum at  50.00 fm., Interpolating NL forms every  0.52 fm.
 Non - locality width is      4 * 0.0400 fm., Maximum of   0.12 fm., Centred at  0.00 fm.
 2-Nucleon Separation of      0 * 0.5200 fm., Maximum of   0.00 fm., Minimum at  0.00 fm.
 Maximum single particle bins of 49.9200 fm.
               M,Mint =         1251        1249


 Range of total J is     0.0 <= J <=   150.0 (at least     0.0) and Absorbtion =>     0.1000 mb.
 Dry Run = F, CC set limits =  0  0, Relativistic kinematics =  , Both/Far/Near Analyses =  1                     

 Cross Sections (and up to T0 for 0=projectile) for Theta from   0.0 to 180.0 in steps of  1.0 degrees, DGAM=0,  Coordinates = 0 (Mads)

 Lower Radial Cutoff = maximum of -1.60*L*h &       0.0 fm.,  Lower Cutoff for Couplings =   0.0  fm.


 Iterate Couplings between   0 and   0 times, to  0.000 % if sooner.                                          
  Block solved exactly =   0 chs., with Pade = 0 & Isocen =  =0, NOSOL = F, initwf =  0
  NL quadrature with   18 Gaussian points, Calculate multipoles up to   156 from   0
  M-transfers for lp+lt greater than or equal to  6, Angular Integration Cutoff below  2.7778 %


 Trace switches are :  CHANS =  0, LISTCC =  0, TRENEG =  0, CDETR =  0, SMATS =  0, XSTABL =  0, NLPL =  0

                       WAVES =  0, LAMPL =  0, VEFF =  0, KFUS =  0, WDISK =  0, BPM =  0, MELFIL =  0

                       CDCC =  0, NFUS =  0

 Using unit mass = 1.000000 amu and 1/fine-structure constant = 137.03599 ( 1.000000 * true ) with hc = 197.32705 MeV.fm,
  thus 2*amu/hbar^2 = 0.0478450 = 1/20.9008 and Coulomb constant = 0.1574855 so e^2 = 1.43997, and nuclear magneton= 0.1261183

 Now pre-scan input and save to file 3



 *********** PARTITION NUMBER  1 ******************************************************************************************

   PROJ=4He        MASS=  4.0000 Z=   2.0,        # STATES=    1T, TARG=p        MASS=  1.0000 Z=   1.0,     Q-VALUE =   0.0000 MEV.

     1:  J= 0.0+ (B# 1), E=  0.0000, K= 0.0              Potl#  1       J= 0.5+ (B# 1), E=  0.0000, K= 0.5    


 ************************************************************************************************************************************

 The following POTENTIALS are defined :

  KP#       TYPE      IT    SHAPE      at     V1        r1        a1        V2        r2        a2        A-in     A-used


                                            A#1       A#2        r0c       ac                                                h @ 1
    1    0=Coulomb       0=CHARGE (WS)  1     1.000     1.000    3.2343    0.0000    0.0000    0.0000     0.000     8.000   0.04000

    1    1=Volume        0=Woods-Saxon  2   70.0000    1.2500    0.6500   15.0000    1.2500    0.6500     0.000     8.000

    1    2=Surface       0=Woods-Saxon  3    0.0000    0.0000    0.0000    5.0000    1.3000    0.6500     0.000     8.000

    1    3=Projtl S.O.   0=Woods-Saxon  4    0.0000    1.0000    0.6500    0.0000    0.0000    0.0000     0.000     8.000

 Incoming partition  1 in excitation state # 1,   Laboratory Energy given for partition  1 Nucleus 1 in Excitation pair 1

0Lab. ENERGY ranges :

   from    255.000     to   0.00000     in     0 intervals
   from    0.00000     to   0.00000     in     0 intervals
   from    0.00000     to   0.00000     in     0 intervals

 Largest real,imaginary parts of any form factor at R=   49.60 are   2.90E-02  7.91E-31 MeV
 Finished all Couplings @    1.56250000E-02           4

 Symmetric Hamiltonian
1***********************************************************************************************************************************
************************************************************************************************************************************

        INCOMING 4He      ;    LABORATORY 4He      ENERGY =   255.00     MeV.

 ***********************************************************************************************************************************
 ***********************************************************************************************************************************


  NOTE: Coulomb excitation cut off below   0.030 deg by JTMAX, and below   0.065 deg by Rmax

 Allocate arrays for            1  channels, of which            1  need wfs.
 Reaction Xsec    11.5-/11 @ 1 =   0.253 , Out:   0.000#
 Reaction Xsec    12.5+/12 @ 1 =   0.099 , Out:   0.000#
 Finished all CC sets @    1.56250000E-02
0CUMULATIVE REACTION cross section                 =  502.87930  <L> =     3.81  <L**2> =     17.8
0CUMULATIVE outgoing cross sections in partition 1 :    0.00000
0Cumulative ABSORBTION by Imaginary Potentials     =  502.87930  <L> =     3.81  <L**2> =     17.8
   Fusion for specific 4He      M-states :  712.095884
0CUMULATIVE OUTGOING cross section                 =    0.00000
 To convert to S-factors (MeV.mb = keV.b),  multiply by  6.5345E+01


 CROSS SECTIONS FOR OUTGOING 4He      & p        in state #   1 with spins & parities 0.0  + &  0.5  +;  0

     0.01 deg.: X-S =   3.4364E+13 mb/sr,
+                                         /R =   9.9999E-01
     1.00 deg.: X-S =   3.2081E+05 mb/sr,
+                                         /R =   9.3349E-01
     2.00 deg.: X-S =   1.7760E+04 mb/sr,
+                                         /R =   8.2672E-01
     3.00 deg.: X-S =  3754.959357 mb/sr,
+                                         /R =   8.8466E-01
     4.00 deg.: X-S =  1897.822650 mb/sr,
+                                         /R =   1.4126E+00
     5.00 deg.: X-S =  1539.679462 mb/sr,
+                                         /R =   2.7967E+00
     6.00 deg.: X-S =  1453.955440 mb/sr,
+                                         /R =   5.4733E+00
     7.00 deg.: X-S =  1419.521809 mb/sr,
+                                         /R =   9.8933E+00
     8.00 deg.: X-S =  1387.445977 mb/sr,
+                                         /R =   1.6484E+01
     9.00 deg.: X-S =  1346.875355 mb/sr,
+                                         /R =   2.5609E+01
    10.00 deg.: X-S =  1296.597380 mb/sr,
+                                         /R =   3.7539E+01
    11.00 deg.: X-S =  1237.904908 mb/sr,
+                                         /R =   5.2417E+01
    12.00 deg.: X-S =  1172.627445 mb/sr,
+                                         /R =   7.0242E+01
    13.00 deg.: X-S =  1102.572931 mb/sr,
+                                         /R =   9.0853E+01
    14.00 deg.: X-S =  1029.381097 mb/sr,
+                                         /R =   1.1393E+02
    15.00 deg.: X-S =   954.498124 mb/sr,
+                                         /R =   1.3902E+02
    16.00 deg.: X-S =   879.184257 mb/sr,
+                                         /R =   1.6550E+02
    17.00 deg.: X-S =   804.527703 mb/sr,
+                                         /R =   1.9268E+02
    18.00 deg.: X-S =   731.457600 mb/sr,
+                                         /R =   2.1979E+02
    19.00 deg.: X-S =   660.754898 mb/sr,
+                                         /R =   2.4602E+02
    20.00 deg.: X-S =   593.061721 mb/sr,
+                                         /R =   2.7057E+02
    21.00 deg.: X-S =   528.889991 mb/sr,
+                                         /R =   2.9268E+02
    22.00 deg.: X-S =   468.629968 mb/sr,
+                                         /R =   3.1169E+02
    23.00 deg.: X-S =   412.559132 mb/sr,
+                                         /R =   3.2704E+02
    24.00 deg.: X-S =   360.851586 mb/sr,
+                                         /R =   3.3833E+02
    25.00 deg.: X-S =   313.588021 mb/sr,
+                                         /R =   3.4530E+02
    26.00 deg.: X-S =   270.766150 mb/sr,
+                                         /R =   3.4789E+02
    27.00 deg.: X-S =   232.311455 mb/sr,
+                                         /R =   3.4618E+02
    28.00 deg.: X-S =   198.088030 mb/sr,
+                                         /R =   3.4045E+02
    29.00 deg.: X-S =   167.909329 mb/sr,
+                                         /R =   3.3111E+02
    30.00 deg.: X-S =   141.548574 mb/sr,
+                                         /R =   3.1870E+02
    31.00 deg.: X-S =   118.748657 mb/sr,
+                                         /R =   3.0389E+02
    32.00 deg.: X-S =    99.231362 mb/sr,
+                                         /R =   2.8741E+02
    33.00 deg.: X-S =    82.705772 mb/sr,
+                                         /R =   2.7002E+02
    34.00 deg.: X-S =    68.875775 mb/sr,
+                                         /R =   2.5252E+02
    35.00 deg.: X-S =    57.446608 mb/sr,
+                                         /R =   2.3568E+02
    36.00 deg.: X-S =    48.130422 mb/sr,
+                                         /R =   2.2021E+02
    37.00 deg.: X-S =    40.650856 mb/sr,
+                                         /R =   2.0676E+02
    38.00 deg.: X-S =    34.746681 mb/sr,
+                                         /R =   1.9587E+02
    39.00 deg.: X-S =    30.174545 mb/sr,
+                                         /R =   1.8798E+02
    40.00 deg.: X-S =    26.710897 mb/sr,
+                                         /R =   1.8340E+02
    41.00 deg.: X-S =    24.153175 mb/sr,
+                                         /R =   1.8229E+02
    42.00 deg.: X-S =    22.320346 mb/sr,
+                                         /R =   1.8472E+02
    43.00 deg.: X-S =    21.052885 mb/sr,
+                                         /R =   1.9059E+02
    44.00 deg.: X-S =    20.212281 mb/sr,
+                                         /R =   1.9972E+02
    45.00 deg.: X-S =    19.680179 mb/sr,
+                                         /R =   2.1178E+02
    46.00 deg.: X-S =    19.357205 mb/sr,
+                                         /R =   2.2639E+02
    47.00 deg.: X-S =    19.161595 mb/sr,
+                                         /R =   2.4307E+02
    48.00 deg.: X-S =    19.027649 mb/sr,
+                                         /R =   2.6130E+02
    49.00 deg.: X-S =    18.904116 mb/sr,
+                                         /R =   2.8052E+02
    50.00 deg.: X-S =    18.752526 mb/sr,
+                                         /R =   3.0016E+02
    51.00 deg.: X-S =    18.545537 mb/sr,
+                                         /R =   3.1965E+02
    52.00 deg.: X-S =    18.265327 mb/sr,
+                                         /R =   3.3845E+02
    53.00 deg.: X-S =    17.902050 mb/sr,
+                                         /R =   3.5605E+02
    54.00 deg.: X-S =    17.452401 mb/sr,
+                                         /R =   3.7200E+02
    55.00 deg.: X-S =    16.918284 mb/sr,
+                                         /R =   3.8590E+02
    56.00 deg.: X-S =    16.305611 mb/sr,
+                                         /R =   3.9744E+02
    57.00 deg.: X-S =    15.623228 mb/sr,
+                                         /R =   4.0637E+02
    58.00 deg.: X-S =    14.881979 mb/sr,
+                                         /R =   4.1252E+02
    59.00 deg.: X-S =    14.093900 mb/sr,
+                                         /R =   4.1580E+02
    60.00 deg.: X-S =    13.271543 mb/sr,
+                                         /R =   4.1620E+02
    61.00 deg.: X-S =    12.427423 mb/sr,
+                                         /R =   4.1376E+02
    62.00 deg.: X-S =    11.573579 mb/sr,
+                                         /R =   4.0862E+02
    63.00 deg.: X-S =    10.721240 mb/sr,
+                                         /R =   4.0094E+02
    64.00 deg.: X-S =     9.880584 mb/sr,
+                                         /R =   3.9095E+02
    65.00 deg.: X-S =     9.060575 mb/sr,
+                                         /R =   3.7889E+02
    66.00 deg.: X-S =     8.268880 mb/sr,
+                                         /R =   3.6507E+02
    67.00 deg.: X-S =     7.511835 mb/sr,
+                                         /R =   3.4978E+02
    68.00 deg.: X-S =     6.794465 mb/sr,
+                                         /R =   3.3335E+02
    69.00 deg.: X-S =     6.120537 mb/sr,
+                                         /R =   3.1608E+02
    70.00 deg.: X-S =     5.492644 mb/sr,
+                                         /R =   2.9829E+02
    71.00 deg.: X-S =     4.912311 mb/sr,
+                                         /R =   2.8028E+02
    72.00 deg.: X-S =     4.380104 mb/sr,
+                                         /R =   2.6233E+02
    73.00 deg.: X-S =     3.895757 mb/sr,
+                                         /R =   2.4470E+02
    74.00 deg.: X-S =     3.458289 mb/sr,
+                                         /R =   2.2762E+02
    75.00 deg.: X-S =     3.066127 mb/sr,
+                                         /R =   2.1129E+02
    76.00 deg.: X-S =     2.717219 mb/sr,
+                                         /R =   1.9588E+02
    77.00 deg.: X-S =     2.409138 mb/sr,
+                                         /R =   1.8153E+02
    78.00 deg.: X-S =     2.139181 mb/sr,
+                                         /R =   1.6836E+02
    79.00 deg.: X-S =     1.904456 mb/sr,
+                                         /R =   1.5643E+02
    80.00 deg.: X-S =     1.701957 mb/sr,
+                                         /R =   1.4579E+02
    81.00 deg.: X-S =     1.528635 mb/sr,
+                                         /R =   1.3645E+02
    82.00 deg.: X-S =     1.381453 mb/sr,
+                                         /R =   1.2841E+02
    83.00 deg.: X-S =     1.257440 mb/sr,
+                                         /R =   1.2163E+02
    84.00 deg.: X-S =     1.153726 mb/sr,
+                                         /R =   1.1605E+02
    85.00 deg.: X-S =     1.067583 mb/sr,
+                                         /R =   1.1159E+02
    86.00 deg.: X-S =     0.996446 mb/sr,
+                                         /R =   1.0816E+02
    87.00 deg.: X-S =     0.937935 mb/sr,
+                                         /R =   1.0566E+02
    88.00 deg.: X-S =     0.889871 mb/sr,
+                                         /R =   1.0397E+02
    89.00 deg.: X-S =     0.850285 mb/sr,
+                                         /R =   1.0297E+02
    90.00 deg.: X-S =     0.817420 mb/sr,
+                                         /R =   1.0254E+02
    91.00 deg.: X-S =     0.789732 mb/sr,
+                                         /R =   1.0255E+02
    92.00 deg.: X-S =     0.765888 mb/sr,
+                                         /R =   1.0290E+02
    93.00 deg.: X-S =     0.744752 mb/sr,
+                                         /R =   1.0346E+02
    94.00 deg.: X-S =     0.725381 mb/sr,
+                                         /R =   1.0413E+02
    95.00 deg.: X-S =     0.707008 mb/sr,
+                                         /R =   1.0482E+02
    96.00 deg.: X-S =     0.689028 mb/sr,
+                                         /R =   1.0545E+02
    97.00 deg.: X-S =     0.670979 mb/sr,
+                                         /R =   1.0593E+02
    98.00 deg.: X-S =     0.652529 mb/sr,
+                                         /R =   1.0622E+02
    99.00 deg.: X-S =     0.633456 mb/sr,
+                                         /R =   1.0627E+02
   100.00 deg.: X-S =     0.613632 mb/sr,
+                                         /R =   1.0603E+02
   101.00 deg.: X-S =     0.593004 mb/sr,
+                                         /R =   1.0548E+02
   102.00 deg.: X-S =     0.571585 mb/sr,
+                                         /R =   1.0461E+02
   103.00 deg.: X-S =     0.549433 mb/sr,
+                                         /R =   1.0342E+02
   104.00 deg.: X-S =     0.526644 mb/sr,
+                                         /R =   1.0189E+02
   105.00 deg.: X-S =     0.503338 mb/sr,
+                                         /R =   1.0005E+02
   106.00 deg.: X-S =     0.479654 mb/sr,
+                                         /R =   9.7908E+01
   107.00 deg.: X-S =     0.455738 mb/sr,
+                                         /R =   9.5483E+01
   108.00 deg.: X-S =     0.431744 mb/sr,
+                                         /R =   9.2801E+01
   109.00 deg.: X-S =     0.407820 mb/sr,
+                                         /R =   8.9890E+01
   110.00 deg.: X-S =     0.384115 mb/sr,
+                                         /R =   8.6779E+01
   111.00 deg.: X-S =     0.360767 mb/sr,
+                                         /R =   8.3502E+01
   112.00 deg.: X-S =     0.337907 mb/sr,
+                                         /R =   8.0092E+01
   113.00 deg.: X-S =     0.315657 mb/sr,
+                                         /R =   7.6584E+01
   114.00 deg.: X-S =     0.294124 mb/sr,
+                                         /R =   7.3012E+01
   115.00 deg.: X-S =     0.273405 mb/sr,
+                                         /R =   6.9410E+01
   116.00 deg.: X-S =     0.253583 mb/sr,
+                                         /R =   6.5811E+01
   117.00 deg.: X-S =     0.234726 mb/sr,
+                                         /R =   6.2247E+01
   118.00 deg.: X-S =     0.216888 mb/sr,
+                                         /R =   5.8748E+01
   119.00 deg.: X-S =     0.200109 mb/sr,
+                                         /R =   5.5341E+01
   120.00 deg.: X-S =     0.184410 mb/sr,
+                                         /R =   5.2048E+01
   121.00 deg.: X-S =     0.169801 mb/sr,
+                                         /R =   4.8890E+01
   122.00 deg.: X-S =     0.156274 mb/sr,
+                                         /R =   4.5884E+01
   123.00 deg.: X-S =     0.143808 mb/sr,
+                                         /R =   4.3040E+01
   124.00 deg.: X-S =     0.132369 mb/sr,
+                                         /R =   4.0367E+01
   125.00 deg.: X-S =     0.121913 mb/sr,
+                                         /R =   3.7867E+01
   126.00 deg.: X-S =     0.112384 mb/sr,
+                                         /R =   3.5541E+01
   127.00 deg.: X-S =     0.103719 mb/sr,
+                                         /R =   3.3383E+01
   128.00 deg.: X-S =     0.095851 mb/sr,
+                                         /R =   3.1386E+01
   129.00 deg.: X-S =     0.088709 mb/sr,
+                                         /R =   2.9541E+01
   130.00 deg.: X-S =     0.082222 mb/sr,
+                                         /R =   2.7835E+01
   131.00 deg.: X-S =     0.076320 mb/sr,
+                                         /R =   2.6256E+01
   132.00 deg.: X-S =     0.070936 mb/sr,
+                                         /R =   2.4790E+01
   133.00 deg.: X-S =     0.066011 mb/sr,
+                                         /R =   2.3426E+01
   134.00 deg.: X-S =     0.061491 mb/sr,
+                                         /R =   2.2152E+01
   135.00 deg.: X-S =     0.057329 mb/sr,
+                                         /R =   2.0957E+01
   136.00 deg.: X-S =     0.053489 mb/sr,
+                                         /R =   1.9835E+01
   137.00 deg.: X-S =     0.049940 mb/sr,
+                                         /R =   1.8778E+01
   138.00 deg.: X-S =     0.046661 mb/sr,
+                                         /R =   1.7785E+01
   139.00 deg.: X-S =     0.043639 mb/sr,
+                                         /R =   1.6855E+01
   140.00 deg.: X-S =     0.040867 mb/sr,
+                                         /R =   1.5989E+01
   141.00 deg.: X-S =     0.038344 mb/sr,
+                                         /R =   1.5191E+01
   142.00 deg.: X-S =     0.036073 mb/sr,
+                                         /R =   1.4466E+01
   143.00 deg.: X-S =     0.034060 mb/sr,
+                                         /R =   1.3822E+01
   144.00 deg.: X-S =     0.032314 mb/sr,
+                                         /R =   1.3265E+01
   145.00 deg.: X-S =     0.030845 mb/sr,
+                                         /R =   1.2804E+01
   146.00 deg.: X-S =     0.029664 mb/sr,
+                                         /R =   1.2448E+01
   147.00 deg.: X-S =     0.028780 mb/sr,
+                                         /R =   1.2205E+01
   148.00 deg.: X-S =     0.028204 mb/sr,
+                                         /R =   1.2083E+01
   149.00 deg.: X-S =     0.027941 mb/sr,
+                                         /R =   1.2089E+01
   150.00 deg.: X-S =     0.028000 mb/sr,
+                                         /R =   1.2230E+01
   151.00 deg.: X-S =     0.028385 mb/sr,
+                                         /R =   1.2513E+01
   152.00 deg.: X-S =     0.029099 mb/sr,
+                                         /R =   1.2942E+01
   153.00 deg.: X-S =     0.030144 mb/sr,
+                                         /R =   1.3522E+01
   154.00 deg.: X-S =     0.031521 mb/sr,
+                                         /R =   1.4256E+01
   155.00 deg.: X-S =     0.033228 mb/sr,
+                                         /R =   1.5147E+01
   156.00 deg.: X-S =     0.035261 mb/sr,
+                                         /R =   1.6196E+01
   157.00 deg.: X-S =     0.037614 mb/sr,
+                                         /R =   1.7403E+01
   158.00 deg.: X-S =     0.040280 mb/sr,
+                                         /R =   1.8766E+01
   159.00 deg.: X-S =     0.043246 mb/sr,
+                                         /R =   2.0282E+01
   160.00 deg.: X-S =     0.046500 mb/sr,
+                                         /R =   2.1946E+01
   161.00 deg.: X-S =     0.050020 mb/sr,
+                                         /R =   2.3750E+01
   162.00 deg.: X-S =     0.053786 mb/sr,
+                                         /R =   2.5683E+01
   163.00 deg.: X-S =     0.057770 mb/sr,
+                                         /R =   2.7734E+01
   164.00 deg.: X-S =     0.061938 mb/sr,
+                                         /R =   2.9886E+01
   165.00 deg.: X-S =     0.066253 mb/sr,
+                                         /R =   3.2120E+01
   166.00 deg.: X-S =     0.070673 mb/sr,
+                                         /R =   3.4415E+01
   167.00 deg.: X-S =     0.075149 mb/sr,
+                                         /R =   3.6746E+01
   168.00 deg.: X-S =     0.079629 mb/sr,
+                                         /R =   3.9086E+01
   169.00 deg.: X-S =     0.084058 mb/sr,
+                                         /R =   4.1406E+01
   170.00 deg.: X-S =     0.088378 mb/sr,
+                                         /R =   4.3673E+01
   171.00 deg.: X-S =     0.092527 mb/sr,
+                                         /R =   4.5856E+01
   172.00 deg.: X-S =     0.096445 mb/sr,
+                                         /R =   4.7922E+01
   173.00 deg.: X-S =     0.100071 mb/sr,
+                                         /R =   4.9838E+01
   174.00 deg.: X-S =     0.103349 mb/sr,
+                                         /R =   5.1573E+01
   175.00 deg.: X-S =     0.106224 mb/sr,
+                                         /R =   5.3097E+01
   176.00 deg.: X-S =     0.108649 mb/sr,
+                                         /R =   5.4383E+01
   177.00 deg.: X-S =     0.110580 mb/sr,
+                                         /R =   5.5409E+01
   178.00 deg.: X-S =     0.111985 mb/sr,
+                                         /R =   5.6155E+01
   179.00 deg.: X-S =     0.112838 mb/sr,
+                                         /R =   5.6609E+01
   179.99 deg.: X-S =     0.113124 mb/sr,
+                                         /R =   5.6761E+01
                                           Integrated********** mb, over [   0.000, 180.000] at   255.0000 MeV 
 Finished all xsecs @    1.56250000E-02

  The following files have been created:
   3:local copy of User input.            6:standard output.                   
  13:total cross sections/state.         39:cross sections for each Ecm.       
  40:all cross sectns. for each Elab.    56:Fusion for each Jtotal.            

 PARAMETERS : MAXQRN   MFNL   MLOC  LMAX1 MCLIST
    ALLOWED :      1      1      4    170      6
    REQUIRED:      0      0      4     13      3


 ACCURACY ANALYSIS at   255.000 MeV :

  Elastic h*k = 0.056 so OK       compared with 0.200

   Real(S-el) > 0.01 first at J =       3.5
   Real(S-el) > 0.10 first at J =       4.5
   Real(S-el) > 0.50 first at J =       4.5
   Real(S-el) > 0.90 first at J =       6.5
   Real(S-el) > 0.99 first at J =       8.5
   R-turn =     8.97 fm    at J =      12.5

 Forward-angle excitation cut off below   0.348 deg by max JT =      12.5
                              and below   0.065 deg by max R.

 Total CPU  0 time =       0.03 seconds
