 FRESCO - FRES 3.4: Coupled Reaction Channels
 Assuming NAMELIST input.

 Test reaction with generated potential                                          

   0.040  50.000   0.500   0.000   0.000   0.000   0.000   0.000   0.000   0.000

 Centre-of-mass Range is   1252 * 0.0400 fm., Maximum at  50.00 fm., Interpolating NL forms every  0.52 fm.
 Non - locality width is      4 * 0.0400 fm., Maximum of   0.12 fm., Centred at  0.00 fm.
 2-Nucleon Separation of      0 * 0.5200 fm., Maximum of   0.00 fm., Minimum at  0.00 fm.
 Maximum single particle bins of 49.9200 fm.
               M,Mint =         1251        1249


 Range of total J is     0.0 <= J <=   150.0 (at least     0.0) and Absorbtion =>     0.1000 mb.
 Dry Run = F, CC set limits =  0  0, Relativistic kinematics =  , Both/Far/Near Analyses =  1                     

 Cross Sections (and up to T0 for 0=projectile) for Theta from   0.0 to 180.0 in steps of  1.0 degrees, DGAM=0,  Coordinates = 0 (Mads)

 Lower Radial Cutoff = maximum of -1.60*L*h &       0.0 fm.,  Lower Cutoff for Couplings =   0.0  fm.


 Iterate Couplings between   0 and   0 times, to  0.000 % if sooner.                                          
  Block solved exactly =   0 chs., with Pade = 0 & Isocen =  =0, NOSOL = F, initwf =  0
  NL quadrature with   18 Gaussian points, Calculate multipoles up to   156 from   0
  M-transfers for lp+lt greater than or equal to  6, Angular Integration Cutoff below  2.7778 %


 Trace switches are :  CHANS =  0, LISTCC =  0, TRENEG =  0, CDETR =  0, SMATS =  0, XSTABL =  0, NLPL =  0

                       WAVES =  0, LAMPL =  0, VEFF =  0, KFUS =  0, WDISK =  0, BPM =  0, MELFIL =  0

                       CDCC =  0, NFUS =  0

 Using unit mass = 1.000000 amu and 1/fine-structure constant = 137.03599 ( 1.000000 * true ) with hc = 197.32705 MeV.fm,
  thus 2*amu/hbar^2 = 0.0478450 = 1/20.9008 and Coulomb constant = 0.1574855 so e^2 = 1.43997, and nuclear magneton= 0.1261183

 Now pre-scan input and save to file 3



 *********** PARTITION NUMBER  1 ******************************************************************************************

   PROJ=4He        MASS=  4.0000 Z=   2.0,        # STATES=    1T, TARG=p        MASS=  1.0000 Z=   1.0,     Q-VALUE =   0.0000 MEV.

     1:  J= 0.0+ (B# 1), E=  0.0000, K= 0.0              Potl#  1       J= 0.5+ (B# 1), E=  0.0000, K= 0.5    


 ************************************************************************************************************************************

 The following POTENTIALS are defined :

  KP#       TYPE      IT    SHAPE      at     V1        r1        a1        V2        r2        a2        A-in     A-used


                                            A#1       A#2        r0c       ac                                                h @ 1
    1    0=Coulomb       0=CHARGE (WS)  1     1.000     1.000    3.2343    0.0000    0.0000    0.0000     0.000     8.000   0.04000

    1    1=Volume        0=Woods-Saxon  2   70.0000    1.2500    0.6500   15.0000    1.2500    0.6500     0.000     8.000

    1    2=Surface       0=Woods-Saxon  3    0.0000    0.0000    0.0000    5.0000    1.3000    0.6500     0.000     8.000

    1    3=Projtl S.O.   0=Woods-Saxon  4    0.0000    1.0000    0.6500    0.0000    0.0000    0.0000     0.000     8.000

 Incoming partition  1 in excitation state # 1,   Laboratory Energy given for partition  1 Nucleus 1 in Excitation pair 1

0Lab. ENERGY ranges :

   from    25.0000     to   0.00000     in     0 intervals
   from    0.00000     to   0.00000     in     0 intervals
   from    0.00000     to   0.00000     in     0 intervals

 Largest real,imaginary parts of any form factor at R=   49.60 are   2.90E-02  7.91E-31 MeV
 Finished all Couplings @    1.56250000E-02           4

 Symmetric Hamiltonian
1***********************************************************************************************************************************
************************************************************************************************************************************

        INCOMING 4He      ;    LABORATORY 4He      ENERGY =   25.000     MeV.

 ***********************************************************************************************************************************
 ***********************************************************************************************************************************


  NOTE: Coulomb excitation cut off below   0.096 deg by JTMAX, and below   0.660 deg by Rmax

 Allocate arrays for            1  channels, of which            1  need wfs.
 Reaction Xsec     5.5-/ 5 @ 1 =   0.143 , Out:   0.000#
 Reaction Xsec     6.5+/ 6 @ 1 =   0.012 , Out:   0.000#
 Finished all CC sets @    1.56250000E-02
0CUMULATIVE REACTION cross section                 = 1023.65577  <L> =     1.57  <L**2> =      3.1
0CUMULATIVE outgoing cross sections in partition 1 :    0.00000
0Cumulative ABSORBTION by Imaginary Potentials     = 1023.65577  <L> =     1.57  <L**2> =      3.1
   Fusion for specific 4He      M-states : 2172.737613
0CUMULATIVE OUTGOING cross section                 =    0.00000
 To convert to S-factors (MeV.mb = keV.b),  multiply by  1.1035E+01


 CROSS SECTIONS FOR OUTGOING 4He      & p        in state #   1 with spins & parities 0.0  + &  0.5  +;  0

     0.01 deg.: X-S =   3.5753E+15 mb/sr,
+                                         /R =   1.0000E+00
     1.00 deg.: X-S =   3.5608E+07 mb/sr,
+                                         /R =   9.9588E-01
     2.00 deg.: X-S =   2.2048E+06 mb/sr,
+                                         /R =   9.8648E-01
     3.00 deg.: X-S =   4.3020E+05 mb/sr,
+                                         /R =   9.7418E-01
     4.00 deg.: X-S =   1.3427E+05 mb/sr,
+                                         /R =   9.6065E-01
     5.00 deg.: X-S =   5.4264E+04 mb/sr,
+                                         /R =   9.4739E-01
     6.00 deg.: X-S =   2.5866E+04 mb/sr,
+                                         /R =   9.3588E-01
     7.00 deg.: X-S =   1.3848E+04 mb/sr,
+                                         /R =   9.2764E-01
     8.00 deg.: X-S =  8093.395517 mb/sr,
+                                         /R =   9.2420E-01
     9.00 deg.: X-S =  5073.254871 mb/sr,
+                                         /R =   9.2716E-01
    10.00 deg.: X-S =  3371.299962 mb/sr,
+                                         /R =   9.3816E-01
    11.00 deg.: X-S =  2355.930032 mb/sr,
+                                         /R =   9.5885E-01
    12.00 deg.: X-S =  1721.031239 mb/sr,
+                                         /R =   9.9088E-01
    13.00 deg.: X-S =  1307.956201 mb/sr,
+                                         /R =   1.0359E+00
    14.00 deg.: X-S =  1029.811363 mb/sr,
+                                         /R =   1.0955E+00
    15.00 deg.: X-S =   836.744073 mb/sr,
+                                         /R =   1.1713E+00
    16.00 deg.: X-S =   699.000508 mb/sr,
+                                         /R =   1.2647E+00
    17.00 deg.: X-S =   598.207672 mb/sr,
+                                         /R =   1.3771E+00
    18.00 deg.: X-S =   522.679039 mb/sr,
+                                         /R =   1.5096E+00
    19.00 deg.: X-S =   464.785266 mb/sr,
+                                         /R =   1.6634E+00
    20.00 deg.: X-S =   419.429827 mb/sr,
+                                         /R =   1.8392E+00
    21.00 deg.: X-S =   383.137862 mb/sr,
+                                         /R =   2.0379E+00
    22.00 deg.: X-S =   353.496557 mb/sr,
+                                         /R =   2.2598E+00
    23.00 deg.: X-S =   328.802956 mb/sr,
+                                         /R =   2.5053E+00
    24.00 deg.: X-S =   307.837385 mb/sr,
+                                         /R =   2.7742E+00
    25.00 deg.: X-S =   289.714755 mb/sr,
+                                         /R =   3.0663E+00
    26.00 deg.: X-S =   273.785185 mb/sr,
+                                         /R =   3.3811E+00
    27.00 deg.: X-S =   259.566470 mb/sr,
+                                         /R =   3.7178E+00
    28.00 deg.: X-S =   246.697481 mb/sr,
+                                         /R =   4.0753E+00
    29.00 deg.: X-S =   234.905555 mb/sr,
+                                         /R =   4.4523E+00
    30.00 deg.: X-S =   223.983363 mb/sr,
+                                         /R =   4.8473E+00
    31.00 deg.: X-S =   213.772313 mb/sr,
+                                         /R =   5.2583E+00
    32.00 deg.: X-S =   204.150499 mb/sr,
+                                         /R =   5.6833E+00
    33.00 deg.: X-S =   195.023850 mb/sr,
+                                         /R =   6.1200E+00
    34.00 deg.: X-S =   186.319579 mb/sr,
+                                         /R =   6.5659E+00
    35.00 deg.: X-S =   177.981273 mb/sr,
+                                         /R =   7.0184E+00
    36.00 deg.: X-S =   169.965192 mb/sr,
+                                         /R =   7.4746E+00
    37.00 deg.: X-S =   162.237447 mb/sr,
+                                         /R =   7.9315E+00
    38.00 deg.: X-S =   154.771836 mb/sr,
+                                         /R =   8.3860E+00
    39.00 deg.: X-S =   147.548171 mb/sr,
+                                         /R =   8.8351E+00
    40.00 deg.: X-S =   140.550975 mb/sr,
+                                         /R =   9.2755E+00
    41.00 deg.: X-S =   133.768458 mb/sr,
+                                         /R =   9.7040E+00
    42.00 deg.: X-S =   127.191717 mb/sr,
+                                         /R =   1.0117E+01
    43.00 deg.: X-S =   120.814090 mb/sr,
+                                         /R =   1.0513E+01
    44.00 deg.: X-S =   114.630654 mb/sr,
+                                         /R =   1.0887E+01
    45.00 deg.: X-S =   108.637810 mb/sr,
+                                         /R =   1.1237E+01
    46.00 deg.: X-S =   102.832961 mb/sr,
+                                         /R =   1.1560E+01
    47.00 deg.: X-S =    97.214246 mb/sr,
+                                         /R =   1.1853E+01
    48.00 deg.: X-S =    91.780323 mb/sr,
+                                         /R =   1.2114E+01
    49.00 deg.: X-S =    86.530202 mb/sr,
+                                         /R =   1.2342E+01
    50.00 deg.: X-S =    81.463102 mb/sr,
+                                         /R =   1.2533E+01
    51.00 deg.: X-S =    76.578339 mb/sr,
+                                         /R =   1.2686E+01
    52.00 deg.: X-S =    71.875235 mb/sr,
+                                         /R =   1.2801E+01
    53.00 deg.: X-S =    67.353046 mb/sr,
+                                         /R =   1.2875E+01
    54.00 deg.: X-S =    63.010907 mb/sr,
+                                         /R =   1.2909E+01
    55.00 deg.: X-S =    58.847782 mb/sr,
+                                         /R =   1.2902E+01
    56.00 deg.: X-S =    54.862436 mb/sr,
+                                         /R =   1.2853E+01
    57.00 deg.: X-S =    51.053405 mb/sr,
+                                         /R =   1.2764E+01
    58.00 deg.: X-S =    47.418981 mb/sr,
+                                         /R =   1.2634E+01
    59.00 deg.: X-S =    43.957199 mb/sr,
+                                         /R =   1.2465E+01
    60.00 deg.: X-S =    40.665833 mb/sr,
+                                         /R =   1.2258E+01
    61.00 deg.: X-S =    37.542393 mb/sr,
+                                         /R =   1.2014E+01
    62.00 deg.: X-S =    34.584127 mb/sr,
+                                         /R =   1.1736E+01
    63.00 deg.: X-S =    31.788027 mb/sr,
+                                         /R =   1.1426E+01
    64.00 deg.: X-S =    29.150840 mb/sr,
+                                         /R =   1.1086E+01
    65.00 deg.: X-S =    26.669076 mb/sr,
+                                         /R =   1.0719E+01
    66.00 deg.: X-S =    24.339021 mb/sr,
+                                         /R =   1.0328E+01
    67.00 deg.: X-S =    22.156755 mb/sr,
+                                         /R =   9.9165E+00
    68.00 deg.: X-S =    20.118163 mb/sr,
+                                         /R =   9.4870E+00
    69.00 deg.: X-S =    18.218956 mb/sr,
+                                         /R =   9.0434E+00
    70.00 deg.: X-S =    16.454685 mb/sr,
+                                         /R =   8.5892E+00
    71.00 deg.: X-S =    14.820765 mb/sr,
+                                         /R =   8.1280E+00
    72.00 deg.: X-S =    13.312487 mb/sr,
+                                         /R =   7.6635E+00
    73.00 deg.: X-S =    11.925043 mb/sr,
+                                         /R =   7.1996E+00
    74.00 deg.: X-S =    10.653541 mb/sr,
+                                         /R =   6.7397E+00
    75.00 deg.: X-S =     9.493026 mb/sr,
+                                         /R =   6.2877E+00
    76.00 deg.: X-S =     8.438500 mb/sr,
+                                         /R =   5.8469E+00
    77.00 deg.: X-S =     7.484938 mb/sr,
+                                         /R =   5.4210E+00
    78.00 deg.: X-S =     6.627309 mb/sr,
+                                         /R =   5.0133E+00
    79.00 deg.: X-S =     5.860591 mb/sr,
+                                         /R =   4.6268E+00
    80.00 deg.: X-S =     5.179790 mb/sr,
+                                         /R =   4.2646E+00
    81.00 deg.: X-S =     4.579958 mb/sr,
+                                         /R =   3.9295E+00
    82.00 deg.: X-S =     4.056204 mb/sr,
+                                         /R =   3.6240E+00
    83.00 deg.: X-S =     3.603713 mb/sr,
+                                         /R =   3.3505E+00
    84.00 deg.: X-S =     3.217761 mb/sr,
+                                         /R =   3.1110E+00
    85.00 deg.: X-S =     2.893724 mb/sr,
+                                         /R =   2.9073E+00
    86.00 deg.: X-S =     2.627093 mb/sr,
+                                         /R =   2.7410E+00
    87.00 deg.: X-S =     2.413488 mb/sr,
+                                         /R =   2.6133E+00
    88.00 deg.: X-S =     2.248662 mb/sr,
+                                         /R =   2.5253E+00
    89.00 deg.: X-S =     2.128517 mb/sr,
+                                         /R =   2.4775E+00
    90.00 deg.: X-S =     2.049108 mb/sr,
+                                         /R =   2.4706E+00
    91.00 deg.: X-S =     2.006654 mb/sr,
+                                         /R =   2.5046E+00
    92.00 deg.: X-S =     1.997543 mb/sr,
+                                         /R =   2.5795E+00
    93.00 deg.: X-S =     2.018334 mb/sr,
+                                         /R =   2.6949E+00
    94.00 deg.: X-S =     2.065769 mb/sr,
+                                         /R =   2.8503E+00
    95.00 deg.: X-S =     2.136770 mb/sr,
+                                         /R =   3.0449E+00
    96.00 deg.: X-S =     2.228444 mb/sr,
+                                         /R =   3.2779E+00
    97.00 deg.: X-S =     2.338085 mb/sr,
+                                         /R =   3.5480E+00
    98.00 deg.: X-S =     2.463175 mb/sr,
+                                         /R =   3.8540E+00
    99.00 deg.: X-S =     2.601383 mb/sr,
+                                         /R =   4.1945E+00
   100.00 deg.: X-S =     2.750562 mb/sr,
+                                         /R =   4.5681E+00
   101.00 deg.: X-S =     2.908753 mb/sr,
+                                         /R =   4.9731E+00
   102.00 deg.: X-S =     3.074175 mb/sr,
+                                         /R =   5.4080E+00
   103.00 deg.: X-S =     3.245227 mb/sr,
+                                         /R =   5.8711E+00
   104.00 deg.: X-S =     3.420483 mb/sr,
+                                         /R =   6.3608E+00
   105.00 deg.: X-S =     3.598686 mb/sr,
+                                         /R =   6.8755E+00
   106.00 deg.: X-S =     3.778741 mb/sr,
+                                         /R =   7.4137E+00
   107.00 deg.: X-S =     3.959715 mb/sr,
+                                         /R =   7.9740E+00
   108.00 deg.: X-S =     4.140823 mb/sr,
+                                         /R =   8.5549E+00
   109.00 deg.: X-S =     4.321428 mb/sr,
+                                         /R =   9.1552E+00
   110.00 deg.: X-S =     4.501028 mb/sr,
+                                         /R =   9.7739E+00
   111.00 deg.: X-S =     4.679253 mb/sr,
+                                         /R =   1.0410E+01
   112.00 deg.: X-S =     4.855852 mb/sr,
+                                         /R =   1.1063E+01
   113.00 deg.: X-S =     5.030690 mb/sr,
+                                         /R =   1.1731E+01
   114.00 deg.: X-S =     5.203735 mb/sr,
+                                         /R =   1.2416E+01
   115.00 deg.: X-S =     5.375051 mb/sr,
+                                         /R =   1.3116E+01
   116.00 deg.: X-S =     5.544791 mb/sr,
+                                         /R =   1.3831E+01
   117.00 deg.: X-S =     5.713183 mb/sr,
+                                         /R =   1.4563E+01
   118.00 deg.: X-S =     5.880526 mb/sr,
+                                         /R =   1.5310E+01
   119.00 deg.: X-S =     6.047178 mb/sr,
+                                         /R =   1.6074E+01
   120.00 deg.: X-S =     6.213551 mb/sr,
+                                         /R =   1.6856E+01
   121.00 deg.: X-S =     6.380095 mb/sr,
+                                         /R =   1.7657E+01
   122.00 deg.: X-S =     6.547296 mb/sr,
+                                         /R =   1.8477E+01
   123.00 deg.: X-S =     6.715665 mb/sr,
+                                         /R =   1.9319E+01
   124.00 deg.: X-S =     6.885728 mb/sr,
+                                         /R =   2.0183E+01
   125.00 deg.: X-S =     7.058022 mb/sr,
+                                         /R =   2.1071E+01
   126.00 deg.: X-S =     7.233081 mb/sr,
+                                         /R =   2.1986E+01
   127.00 deg.: X-S =     7.411436 mb/sr,
+                                         /R =   2.2928E+01
   128.00 deg.: X-S =     7.593602 mb/sr,
+                                         /R =   2.3899E+01
   129.00 deg.: X-S =     7.780074 mb/sr,
+                                         /R =   2.4902E+01
   130.00 deg.: X-S =     7.971320 mb/sr,
+                                         /R =   2.5938E+01
   131.00 deg.: X-S =     8.167775 mb/sr,
+                                         /R =   2.7008E+01
   132.00 deg.: X-S =     8.369835 mb/sr,
+                                         /R =   2.8115E+01
   133.00 deg.: X-S =     8.577854 mb/sr,
+                                         /R =   2.9259E+01
   134.00 deg.: X-S =     8.792137 mb/sr,
+                                         /R =   3.0444E+01
   135.00 deg.: X-S =     9.012937 mb/sr,
+                                         /R =   3.1668E+01
   136.00 deg.: X-S =     9.240452 mb/sr,
+                                         /R =   3.2935E+01
   137.00 deg.: X-S =     9.474821 mb/sr,
+                                         /R =   3.4244E+01
   138.00 deg.: X-S =     9.716123 mb/sr,
+                                         /R =   3.5596E+01
   139.00 deg.: X-S =     9.964372 mb/sr,
+                                         /R =   3.6991E+01
   140.00 deg.: X-S =    10.219520 mb/sr,
+                                         /R =   3.8430E+01
   141.00 deg.: X-S =    10.481452 mb/sr,
+                                         /R =   3.9912E+01
   142.00 deg.: X-S =    10.749986 mb/sr,
+                                         /R =   4.1437E+01
   143.00 deg.: X-S =    11.024877 mb/sr,
+                                         /R =   4.3003E+01
   144.00 deg.: X-S =    11.305812 mb/sr,
+                                         /R =   4.4609E+01
   145.00 deg.: X-S =    11.592416 mb/sr,
+                                         /R =   4.6254E+01
   146.00 deg.: X-S =    11.884248 mb/sr,
+                                         /R =   4.7935E+01
   147.00 deg.: X-S =    12.180810 mb/sr,
+                                         /R =   4.9650E+01
   148.00 deg.: X-S =    12.481542 mb/sr,
+                                         /R =   5.1396E+01
   149.00 deg.: X-S =    12.785830 mb/sr,
+                                         /R =   5.3170E+01
   150.00 deg.: X-S =    13.093007 mb/sr,
+                                         /R =   5.4968E+01
   151.00 deg.: X-S =    13.402356 mb/sr,
+                                         /R =   5.6786E+01
   152.00 deg.: X-S =    13.713115 mb/sr,
+                                         /R =   5.8620E+01
   153.00 deg.: X-S =    14.024482 mb/sr,
+                                         /R =   6.0466E+01
   154.00 deg.: X-S =    14.335615 mb/sr,
+                                         /R =   6.2317E+01
   155.00 deg.: X-S =    14.645644 mb/sr,
+                                         /R =   6.4170E+01
   156.00 deg.: X-S =    14.953667 mb/sr,
+                                         /R =   6.6018E+01
   157.00 deg.: X-S =    15.258763 mb/sr,
+                                         /R =   6.7856E+01
   158.00 deg.: X-S =    15.559992 mb/sr,
+                                         /R =   6.9677E+01
   159.00 deg.: X-S =    15.856403 mb/sr,
+                                         /R =   7.1477E+01
   160.00 deg.: X-S =    16.147037 mb/sr,
+                                         /R =   7.3248E+01
   161.00 deg.: X-S =    16.430937 mb/sr,
+                                         /R =   7.4984E+01
   162.00 deg.: X-S =    16.707147 mb/sr,
+                                         /R =   7.6679E+01
   163.00 deg.: X-S =    16.974722 mb/sr,
+                                         /R =   7.8327E+01
   164.00 deg.: X-S =    17.232733 mb/sr,
+                                         /R =   7.9921E+01
   165.00 deg.: X-S =    17.480269 mb/sr,
+                                         /R =   8.1455E+01
   166.00 deg.: X-S =    17.716449 mb/sr,
+                                         /R =   8.2923E+01
   167.00 deg.: X-S =    17.940417 mb/sr,
+                                         /R =   8.4319E+01
   168.00 deg.: X-S =    18.151358 mb/sr,
+                                         /R =   8.5637E+01
   169.00 deg.: X-S =    18.348492 mb/sr,
+                                         /R =   8.6872E+01
   170.00 deg.: X-S =    18.531089 mb/sr,
+                                         /R =   8.8018E+01
   171.00 deg.: X-S =    18.698464 mb/sr,
+                                         /R =   8.9071E+01
   172.00 deg.: X-S =    18.849985 mb/sr,
+                                         /R =   9.0026E+01
   173.00 deg.: X-S =    18.985079 mb/sr,
+                                         /R =   9.0879E+01
   174.00 deg.: X-S =    19.103230 mb/sr,
+                                         /R =   9.1626E+01
   175.00 deg.: X-S =    19.203985 mb/sr,
+                                         /R =   9.2264E+01
   176.00 deg.: X-S =    19.286958 mb/sr,
+                                         /R =   9.2790E+01
   177.00 deg.: X-S =    19.351827 mb/sr,
+                                         /R =   9.3201E+01
   178.00 deg.: X-S =    19.398343 mb/sr,
+                                         /R =   9.3497E+01
   179.00 deg.: X-S =    19.426325 mb/sr,
+                                         /R =   9.3674E+01
   179.99 deg.: X-S =    19.435663 mb/sr,
+                                         /R =   9.3734E+01
                                           Integrated********** mb, over [   0.000, 180.000] at    25.0000 MeV 
 Finished all xsecs @    1.56250000E-02

  The following files have been created:
   3:local copy of User input.            6:standard output.                   
  13:total cross sections/state.         39:cross sections for each Ecm.       
  40:all cross sectns. for each Elab.    56:Fusion for each Jtotal.            

 PARAMETERS : MAXQRN   MFNL   MLOC  LMAX1 MCLIST
    ALLOWED :      1      1      4    170      6
    REQUIRED:      0      0      4      7      3


 ACCURACY ANALYSIS at    25.000 MeV :

  Elastic h*k = 0.017 so OK       compared with 0.200

   Real(S-el) > 0.01 first at J =       0.5
   Real(S-el) > 0.10 first at J =       0.5
   Real(S-el) > 0.50 first at J =       1.5
   Real(S-el) > 0.90 first at J =       2.5
   Real(S-el) > 0.99 first at J =       3.5
   R-turn =    15.10 fm    at J =       6.5

 Forward-angle excitation cut off below   2.062 deg by max JT =       6.5
                              and below   0.660 deg by max R.

 Total CPU  0 time =       0.02 seconds
