 FRESCO - FRES 3.4: Coupled Reaction Channels
 Assuming NAMELIST input.

 Test reaction with generated potential                                          

   0.040  50.000   0.500   0.000   0.000   0.000   0.000   0.000   0.000   0.000

 Centre-of-mass Range is   1252 * 0.0400 fm., Maximum at  50.00 fm., Interpolating NL forms every  0.52 fm.
 Non - locality width is      4 * 0.0400 fm., Maximum of   0.12 fm., Centred at  0.00 fm.
 2-Nucleon Separation of      0 * 0.5200 fm., Maximum of   0.00 fm., Minimum at  0.00 fm.
 Maximum single particle bins of 49.9200 fm.
               M,Mint =         1251        1249


 Range of total J is     0.0 <= J <=   150.0 (at least     0.0) and Absorbtion =>     0.1000 mb.
 Dry Run = F, CC set limits =  0  0, Relativistic kinematics =  , Both/Far/Near Analyses =  1                     

 Cross Sections (and up to T0 for 0=projectile) for Theta from   0.0 to 180.0 in steps of  1.0 degrees, DGAM=0,  Coordinates = 0 (Mads)

 Lower Radial Cutoff = maximum of -1.60*L*h &       0.0 fm.,  Lower Cutoff for Couplings =   0.0  fm.


 Iterate Couplings between   0 and   0 times, to  0.000 % if sooner.                                          
  Block solved exactly =   0 chs., with Pade = 0 & Isocen =  =0, NOSOL = F, initwf =  0
  NL quadrature with   18 Gaussian points, Calculate multipoles up to   156 from   0
  M-transfers for lp+lt greater than or equal to  6, Angular Integration Cutoff below  2.7778 %


 Trace switches are :  CHANS =  0, LISTCC =  0, TRENEG =  0, CDETR =  0, SMATS =  0, XSTABL =  0, NLPL =  0

                       WAVES =  0, LAMPL =  0, VEFF =  0, KFUS =  0, WDISK =  0, BPM =  0, MELFIL =  0

                       CDCC =  0, NFUS =  0

 Using unit mass = 1.000000 amu and 1/fine-structure constant = 137.03599 ( 1.000000 * true ) with hc = 197.32705 MeV.fm,
  thus 2*amu/hbar^2 = 0.0478450 = 1/20.9008 and Coulomb constant = 0.1574855 so e^2 = 1.43997, and nuclear magneton= 0.1261183

 Now pre-scan input and save to file 3



 *********** PARTITION NUMBER  1 ******************************************************************************************

   PROJ=4He        MASS=  4.0000 Z=   2.0,        # STATES=    1T, TARG=p        MASS=  1.0000 Z=   1.0,     Q-VALUE =   0.0000 MEV.

     1:  J= 0.0+ (B# 1), E=  0.0000, K= 0.0              Potl#  1       J= 0.5+ (B# 1), E=  0.0000, K= 0.5    


 ************************************************************************************************************************************

 The following POTENTIALS are defined :

  KP#       TYPE      IT    SHAPE      at     V1        r1        a1        V2        r2        a2        A-in     A-used


                                            A#1       A#2        r0c       ac                                                h @ 1
    1    0=Coulomb       0=CHARGE (WS)  1     1.000     1.000    3.2343    0.0000    0.0000    0.0000     0.000     8.000   0.04000

    1    1=Volume        0=Woods-Saxon  2   70.0000    1.2500    0.6500   15.0000    1.2500    0.6500     0.000     8.000

    1    2=Surface       0=Woods-Saxon  3    0.0000    0.0000    0.0000    5.0000    1.3000    0.6500     0.000     8.000

    1    3=Projtl S.O.   0=Woods-Saxon  4    0.0000    1.0000    0.6500    0.0000    0.0000    0.0000     0.000     8.000

 Incoming partition  1 in excitation state # 1,   Laboratory Energy given for partition  1 Nucleus 1 in Excitation pair 1

0Lab. ENERGY ranges :

   from    215.000     to   0.00000     in     0 intervals
   from    0.00000     to   0.00000     in     0 intervals
   from    0.00000     to   0.00000     in     0 intervals

 Largest real,imaginary parts of any form factor at R=   49.60 are   2.90E-02  7.91E-31 MeV
 Finished all Couplings @    1.56250000E-02           4

 Symmetric Hamiltonian
1***********************************************************************************************************************************
************************************************************************************************************************************

        INCOMING 4He      ;    LABORATORY 4He      ENERGY =   215.00     MeV.

 ***********************************************************************************************************************************
 ***********************************************************************************************************************************


  NOTE: Coulomb excitation cut off below   0.033 deg by JTMAX, and below   0.077 deg by Rmax

 Allocate arrays for            1  channels, of which            1  need wfs.
 Reaction Xsec    11.5-/11 @ 1 =   0.123 , Out:   0.000#
 Reaction Xsec    12.5+/12 @ 1 =   0.044 , Out:   0.000#
 Finished all CC sets @    1.56250000E-02
0CUMULATIVE REACTION cross section                 =  535.22724  <L> =     3.54  <L**2> =     15.3
0CUMULATIVE outgoing cross sections in partition 1 :    0.00000
0Cumulative ABSORBTION by Imaginary Potentials     =  535.22724  <L> =     3.54  <L**2> =     15.3
   Fusion for specific 4He      M-states :  783.367841
0CUMULATIVE OUTGOING cross section                 =    0.00000
 To convert to S-factors (MeV.mb = keV.b),  multiply by  5.6325E+01


 CROSS SECTIONS FOR OUTGOING 4He      & p        in state #   1 with spins & parities 0.0  + &  0.5  +;  0

     0.01 deg.: X-S =   4.8341E+13 mb/sr,
+                                         /R =   9.9999E-01
     1.00 deg.: X-S =   4.5841E+05 mb/sr,
+                                         /R =   9.4823E-01
     2.00 deg.: X-S =   2.5940E+04 mb/sr,
+                                         /R =   8.5837E-01
     3.00 deg.: X-S =  5161.618947 mb/sr,
+                                         /R =   8.6448E-01
     4.00 deg.: X-S =  2199.196917 mb/sr,
+                                         /R =   1.1637E+00
     5.00 deg.: X-S =  1554.104700 mb/sr,
+                                         /R =   2.0067E+00
     6.00 deg.: X-S =  1375.623569 mb/sr,
+                                         /R =   3.6812E+00
     7.00 deg.: X-S =  1310.144819 mb/sr,
+                                         /R =   6.4910E+00
     8.00 deg.: X-S =  1270.943414 mb/sr,
+                                         /R =   1.0734E+01
     9.00 deg.: X-S =  1233.947899 mb/sr,
+                                         /R =   1.6679E+01
    10.00 deg.: X-S =  1192.525029 mb/sr,
+                                         /R =   2.4544E+01
    11.00 deg.: X-S =  1145.414811 mb/sr,
+                                         /R =   3.4478E+01
    12.00 deg.: X-S =  1093.079455 mb/sr,
+                                         /R =   4.6546E+01
    13.00 deg.: X-S =  1036.502799 mb/sr,
+                                         /R =   6.0715E+01
    14.00 deg.: X-S =   976.776271 mb/sr,
+                                         /R =   7.6854E+01
    15.00 deg.: X-S =   914.954475 mb/sr,
+                                         /R =   9.4729E+01
    16.00 deg.: X-S =   852.006817 mb/sr,
+                                         /R =   1.1401E+02
    17.00 deg.: X-S =   788.803665 mb/sr,
+                                         /R =   1.3430E+02
    18.00 deg.: X-S =   726.114645 mb/sr,
+                                         /R =   1.5511E+02
    19.00 deg.: X-S =   664.610927 mb/sr,
+                                         /R =   1.7591E+02
    20.00 deg.: X-S =   604.868713 mb/sr,
+                                         /R =   1.9617E+02
    21.00 deg.: X-S =   547.373084 mb/sr,
+                                         /R =   2.1533E+02
    22.00 deg.: X-S =   492.522095 mb/sr,
+                                         /R =   2.3287E+02
    23.00 deg.: X-S =   440.631190 mb/sr,
+                                         /R =   2.4831E+02
    24.00 deg.: X-S =   391.938029 mb/sr,
+                                         /R =   2.6123E+02
    25.00 deg.: X-S =   346.607771 mb/sr,
+                                         /R =   2.7132E+02
    26.00 deg.: X-S =   304.738817 mb/sr,
+                                         /R =   2.7834E+02
    27.00 deg.: X-S =   266.368957 mb/sr,
+                                         /R =   2.8217E+02
    28.00 deg.: X-S =   231.481817 mb/sr,
+                                         /R =   2.8282E+02
    29.00 deg.: X-S =   200.013524 mb/sr,
+                                         /R =   2.8038E+02
    30.00 deg.: X-S =   171.859435 mb/sr,
+                                         /R =   2.7508E+02
    31.00 deg.: X-S =   146.880826 mb/sr,
+                                         /R =   2.6721E+02
    32.00 deg.: X-S =   124.911406 mb/sr,
+                                         /R =   2.5719E+02
    33.00 deg.: X-S =   105.763568 mb/sr,
+                                         /R =   2.4547E+02
    34.00 deg.: X-S =    89.234255 mb/sr,
+                                         /R =   2.3258E+02
    35.00 deg.: X-S =    75.110397 mb/sr,
+                                         /R =   2.1906E+02
    36.00 deg.: X-S =    63.173831 mb/sr,
+                                         /R =   2.0548E+02
    37.00 deg.: X-S =    53.205686 mb/sr,
+                                         /R =   1.9238E+02
    38.00 deg.: X-S =    44.990203 mb/sr,
+                                         /R =   1.8029E+02
    39.00 deg.: X-S =    38.317978 mb/sr,
+                                         /R =   1.6970E+02
    40.00 deg.: X-S =    32.988648 mb/sr,
+                                         /R =   1.6101E+02
    41.00 deg.: X-S =    28.813028 mb/sr,
+                                         /R =   1.5459E+02
    42.00 deg.: X-S =    25.614741 mb/sr,
+                                         /R =   1.5070E+02
    43.00 deg.: X-S =    23.231364 mb/sr,
+                                         /R =   1.4951E+02
    44.00 deg.: X-S =    21.515153 mb/sr,
+                                         /R =   1.5113E+02
    45.00 deg.: X-S =    20.333370 mb/sr,
+                                         /R =   1.5555E+02
    46.00 deg.: X-S =    19.568286 mb/sr,
+                                         /R =   1.6269E+02
    47.00 deg.: X-S =    19.116888 mb/sr,
+                                         /R =   1.7239E+02
    48.00 deg.: X-S =    18.890353 mb/sr,
+                                         /R =   1.8441E+02
    49.00 deg.: X-S =    18.813322 mb/sr,
+                                         /R =   1.9846E+02
    50.00 deg.: X-S =    18.823036 mb/sr,
+                                         /R =   2.1418E+02
    51.00 deg.: X-S =    18.868357 mb/sr,
+                                         /R =   2.3119E+02
    52.00 deg.: X-S =    18.908714 mb/sr,
+                                         /R =   2.4907E+02
    53.00 deg.: X-S =    18.913018 mb/sr,
+                                         /R =   2.6740E+02
    54.00 deg.: X-S =    18.858561 mb/sr,
+                                         /R =   2.8575E+02
    55.00 deg.: X-S =    18.729928 mb/sr,
+                                         /R =   3.0370E+02
    56.00 deg.: X-S =    18.517950 mb/sr,
+                                         /R =   3.2087E+02
    57.00 deg.: X-S =    18.218693 mb/sr,
+                                         /R =   3.3687E+02
    58.00 deg.: X-S =    17.832529 mb/sr,
+                                         /R =   3.5139E+02
    59.00 deg.: X-S =    17.363263 mb/sr,
+                                         /R =   3.6415E+02
    60.00 deg.: X-S =    16.817352 mb/sr,
+                                         /R =   3.7491E+02
    61.00 deg.: X-S =    16.203198 mb/sr,
+                                         /R =   3.8350E+02
    62.00 deg.: X-S =    15.530530 mb/sr,
+                                         /R =   3.8980E+02
    63.00 deg.: X-S =    14.809872 mb/sr,
+                                         /R =   3.9372E+02
    64.00 deg.: X-S =    14.052082 mb/sr,
+                                         /R =   3.9525E+02
    65.00 deg.: X-S =    13.267981 mb/sr,
+                                         /R =   3.9442E+02
    66.00 deg.: X-S =    12.468046 mb/sr,
+                                         /R =   3.9131E+02
    67.00 deg.: X-S =    11.662166 mb/sr,
+                                         /R =   3.8604E+02
    68.00 deg.: X-S =    10.859469 mb/sr,
+                                         /R =   3.7875E+02
    69.00 deg.: X-S =    10.068193 mb/sr,
+                                         /R =   3.6962E+02
    70.00 deg.: X-S =     9.295600 mb/sr,
+                                         /R =   3.5887E+02
    71.00 deg.: X-S =     8.547944 mb/sr,
+                                         /R =   3.4671E+02
    72.00 deg.: X-S =     7.830453 mb/sr,
+                                         /R =   3.3339E+02
    73.00 deg.: X-S =     7.147355 mb/sr,
+                                         /R =   3.1915E+02
    74.00 deg.: X-S =     6.501913 mb/sr,
+                                         /R =   3.0422E+02
    75.00 deg.: X-S =     5.896484 mb/sr,
+                                         /R =   2.8885E+02
    76.00 deg.: X-S =     5.332588 mb/sr,
+                                         /R =   2.7327E+02
    77.00 deg.: X-S =     4.810983 mb/sr,
+                                         /R =   2.5771E+02
    78.00 deg.: X-S =     4.331746 mb/sr,
+                                         /R =   2.4235E+02
    79.00 deg.: X-S =     3.894361 mb/sr,
+                                         /R =   2.2739E+02
    80.00 deg.: X-S =     3.497800 mb/sr,
+                                         /R =   2.1299E+02
    81.00 deg.: X-S =     3.140606 mb/sr,
+                                         /R =   1.9929E+02
    82.00 deg.: X-S =     2.820972 mb/sr,
+                                         /R =   1.8641E+02
    83.00 deg.: X-S =     2.536818 mb/sr,
+                                         /R =   1.7444E+02
    84.00 deg.: X-S =     2.285857 mb/sr,
+                                         /R =   1.6345E+02
    85.00 deg.: X-S =     2.065662 mb/sr,
+                                         /R =   1.5349E+02
    86.00 deg.: X-S =     1.873722 mb/sr,
+                                         /R =   1.4459E+02
    87.00 deg.: X-S =     1.707497 mb/sr,
+                                         /R =   1.3674E+02
    88.00 deg.: X-S =     1.564459 mb/sr,
+                                         /R =   1.2994E+02
    89.00 deg.: X-S =     1.442136 mb/sr,
+                                         /R =   1.2415E+02
    90.00 deg.: X-S =     1.338139 mb/sr,
+                                         /R =   1.1933E+02
    91.00 deg.: X-S =     1.250193 mb/sr,
+                                         /R =   1.1541E+02
    92.00 deg.: X-S =     1.176159 mb/sr,
+                                         /R =   1.1233E+02
    93.00 deg.: X-S =     1.114043 mb/sr,
+                                         /R =   1.1001E+02
    94.00 deg.: X-S =     1.062015 mb/sr,
+                                         /R =   1.0838E+02
    95.00 deg.: X-S =     1.018409 mb/sr,
+                                         /R =   1.0733E+02
    96.00 deg.: X-S =     0.981727 mb/sr,
+                                         /R =   1.0680E+02
    97.00 deg.: X-S =     0.950637 mb/sr,
+                                         /R =   1.0669E+02
    98.00 deg.: X-S =     0.923971 mb/sr,
+                                         /R =   1.0692E+02
    99.00 deg.: X-S =     0.900714 mb/sr,
+                                         /R =   1.0741E+02
   100.00 deg.: X-S =     0.879995 mb/sr,
+                                         /R =   1.0809E+02
   101.00 deg.: X-S =     0.861081 mb/sr,
+                                         /R =   1.0888E+02
   102.00 deg.: X-S =     0.843362 mb/sr,
+                                         /R =   1.0973E+02
   103.00 deg.: X-S =     0.826340 mb/sr,
+                                         /R =   1.1057E+02
   104.00 deg.: X-S =     0.809616 mb/sr,
+                                         /R =   1.1135E+02
   105.00 deg.: X-S =     0.792882 mb/sr,
+                                         /R =   1.1204E+02
   106.00 deg.: X-S =     0.775905 mb/sr,
+                                         /R =   1.1259E+02
   107.00 deg.: X-S =     0.758518 mb/sr,
+                                         /R =   1.1297E+02
   108.00 deg.: X-S =     0.740612 mb/sr,
+                                         /R =   1.1317E+02
   109.00 deg.: X-S =     0.722123 mb/sr,
+                                         /R =   1.1315E+02
   110.00 deg.: X-S =     0.703027 mb/sr,
+                                         /R =   1.1291E+02
   111.00 deg.: X-S =     0.683331 mb/sr,
+                                         /R =   1.1243E+02
   112.00 deg.: X-S =     0.663068 mb/sr,
+                                         /R =   1.1172E+02
   113.00 deg.: X-S =     0.642287 mb/sr,
+                                         /R =   1.1078E+02
   114.00 deg.: X-S =     0.621053 mb/sr,
+                                         /R =   1.0959E+02
   115.00 deg.: X-S =     0.599442 mb/sr,
+                                         /R =   1.0818E+02
   116.00 deg.: X-S =     0.577531 mb/sr,
+                                         /R =   1.0655E+02
   117.00 deg.: X-S =     0.555405 mb/sr,
+                                         /R =   1.0470E+02
   118.00 deg.: X-S =     0.533143 mb/sr,
+                                         /R =   1.0266E+02
   119.00 deg.: X-S =     0.510826 mb/sr,
+                                         /R =   1.0043E+02
   120.00 deg.: X-S =     0.488528 mb/sr,
+                                         /R =   9.8018E+01
   121.00 deg.: X-S =     0.466317 mb/sr,
+                                         /R =   9.5447E+01
   122.00 deg.: X-S =     0.444258 mb/sr,
+                                         /R =   9.2727E+01
   123.00 deg.: X-S =     0.422404 mb/sr,
+                                         /R =   8.9870E+01
   124.00 deg.: X-S =     0.400804 mb/sr,
+                                         /R =   8.6889E+01
   125.00 deg.: X-S =     0.379501 mb/sr,
+                                         /R =   8.3796E+01
   126.00 deg.: X-S =     0.358529 mb/sr,
+                                         /R =   8.0601E+01
   127.00 deg.: X-S =     0.337919 mb/sr,
+                                         /R =   7.7316E+01
   128.00 deg.: X-S =     0.317698 mb/sr,
+                                         /R =   7.3952E+01
   129.00 deg.: X-S =     0.297891 mb/sr,
+                                         /R =   7.0519E+01
   130.00 deg.: X-S =     0.278521 mb/sr,
+                                         /R =   6.7028E+01
   131.00 deg.: X-S =     0.259612 mb/sr,
+                                         /R =   6.3491E+01
   132.00 deg.: X-S =     0.241191 mb/sr,
+                                         /R =   5.9920E+01
   133.00 deg.: X-S =     0.223285 mb/sr,
+                                         /R =   5.6331E+01
   134.00 deg.: X-S =     0.205929 mb/sr,
+                                         /R =   5.2737E+01
   135.00 deg.: X-S =     0.189161 mb/sr,
+                                         /R =   4.9157E+01
   136.00 deg.: X-S =     0.173026 mb/sr,
+                                         /R =   4.5611E+01
   137.00 deg.: X-S =     0.157572 mb/sr,
+                                         /R =   4.2119E+01
   138.00 deg.: X-S =     0.142854 mb/sr,
+                                         /R =   3.8707E+01
   139.00 deg.: X-S =     0.128931 mb/sr,
+                                         /R =   3.5400E+01
   140.00 deg.: X-S =     0.115867 mb/sr,
+                                         /R =   3.2225E+01
   141.00 deg.: X-S =     0.103728 mb/sr,
+                                         /R =   2.9213E+01
   142.00 deg.: X-S =     0.092580 mb/sr,
+                                         /R =   2.6393E+01
   143.00 deg.: X-S =     0.082489 mb/sr,
+                                         /R =   2.3797E+01
   144.00 deg.: X-S =     0.073521 mb/sr,
+                                         /R =   2.1455E+01
   145.00 deg.: X-S =     0.065737 mb/sr,
+                                         /R =   1.9399E+01
   146.00 deg.: X-S =     0.059190 mb/sr,
+                                         /R =   1.7658E+01
   147.00 deg.: X-S =     0.053931 mb/sr,
+                                         /R =   1.6259E+01
   148.00 deg.: X-S =     0.050000 mb/sr,
+                                         /R =   1.5228E+01
   149.00 deg.: X-S =     0.047427 mb/sr,
+                                         /R =   1.4587E+01
   150.00 deg.: X-S =     0.046234 mb/sr,
+                                         /R =   1.4356E+01
   151.00 deg.: X-S =     0.046428 mb/sr,
+                                         /R =   1.4549E+01
   152.00 deg.: X-S =     0.048007 mb/sr,
+                                         /R =   1.5178E+01
   153.00 deg.: X-S =     0.050956 mb/sr,
+                                         /R =   1.6249E+01
   154.00 deg.: X-S =     0.055247 mb/sr,
+                                         /R =   1.7762E+01
   155.00 deg.: X-S =     0.060840 mb/sr,
+                                         /R =   1.9716E+01
   156.00 deg.: X-S =     0.067681 mb/sr,
+                                         /R =   2.2099E+01
   157.00 deg.: X-S =     0.075704 mb/sr,
+                                         /R =   2.4899E+01
   158.00 deg.: X-S =     0.084832 mb/sr,
+                                         /R =   2.8096E+01
   159.00 deg.: X-S =     0.094976 mb/sr,
+                                         /R =   3.1664E+01
   160.00 deg.: X-S =     0.106034 mb/sr,
+                                         /R =   3.5575E+01
   161.00 deg.: X-S =     0.117894 mb/sr,
+                                         /R =   3.9792E+01
   162.00 deg.: X-S =     0.130437 mb/sr,
+                                         /R =   4.4277E+01
   163.00 deg.: X-S =     0.143531 mb/sr,
+                                         /R =   4.8984E+01
   164.00 deg.: X-S =     0.157038 mb/sr,
+                                         /R =   5.3865E+01
   165.00 deg.: X-S =     0.170813 mb/sr,
+                                         /R =   5.8869E+01
   166.00 deg.: X-S =     0.184704 mb/sr,
+                                         /R =   6.3940E+01
   167.00 deg.: X-S =     0.198556 mb/sr,
+                                         /R =   6.9020E+01
   168.00 deg.: X-S =     0.212210 mb/sr,
+                                         /R =   7.4049E+01
   169.00 deg.: X-S =     0.225509 mb/sr,
+                                         /R =   7.8966E+01
   170.00 deg.: X-S =     0.238294 mb/sr,
+                                         /R =   8.3711E+01
   171.00 deg.: X-S =     0.250411 mb/sr,
+                                         /R =   8.8223E+01
   172.00 deg.: X-S =     0.261712 mb/sr,
+                                         /R =   9.2444E+01
   173.00 deg.: X-S =     0.272054 mb/sr,
+                                         /R =   9.6318E+01
   174.00 deg.: X-S =     0.281308 mb/sr,
+                                         /R =   9.9791E+01
   175.00 deg.: X-S =     0.289353 mb/sr,
+                                         /R =   1.0282E+02
   176.00 deg.: X-S =     0.296086 mb/sr,
+                                         /R =   1.0535E+02
   177.00 deg.: X-S =     0.301418 mb/sr,
+                                         /R =   1.0737E+02
   178.00 deg.: X-S =     0.305278 mb/sr,
+                                         /R =   1.0882E+02
   179.00 deg.: X-S =     0.307615 mb/sr,
+                                         /R =   1.0971E+02
   179.99 deg.: X-S =     0.308397 mb/sr,
+                                         /R =   1.1000E+02
                                           Integrated********** mb, over [   0.000, 180.000] at   215.0000 MeV 
 Finished all xsecs @    3.12500000E-02

  The following files have been created:
   3:local copy of User input.            6:standard output.                   
  13:total cross sections/state.         39:cross sections for each Ecm.       
  40:all cross sectns. for each Elab.    56:Fusion for each Jtotal.            

 PARAMETERS : MAXQRN   MFNL   MLOC  LMAX1 MCLIST
    ALLOWED :      1      1      4    170      6
    REQUIRED:      0      0      4     13      3


 ACCURACY ANALYSIS at   215.000 MeV :

  Elastic h*k = 0.051 so OK       compared with 0.200

   Real(S-el) > 0.01 first at J =       3.5
   Real(S-el) > 0.10 first at J =       3.5
   Real(S-el) > 0.50 first at J =       4.5
   Real(S-el) > 0.90 first at J =       5.5
   Real(S-el) > 0.99 first at J =       7.5
   R-turn =     9.77 fm    at J =      12.5

 Forward-angle excitation cut off below   0.379 deg by max JT =      12.5
                              and below   0.077 deg by max R.

 Total CPU  0 time =       0.03 seconds
