 FRESCO - FRES 3.4: Coupled Reaction Channels
 Assuming NAMELIST input.

 Test reaction with generated potential                                          

   0.040  50.000   0.500   0.000   0.000   0.000   0.000   0.000   0.000   0.000

 Centre-of-mass Range is   1252 * 0.0400 fm., Maximum at  50.00 fm., Interpolating NL forms every  0.52 fm.
 Non - locality width is      4 * 0.0400 fm., Maximum of   0.12 fm., Centred at  0.00 fm.
 2-Nucleon Separation of      0 * 0.5200 fm., Maximum of   0.00 fm., Minimum at  0.00 fm.
 Maximum single particle bins of 49.9200 fm.
               M,Mint =         1251        1249


 Range of total J is     0.0 <= J <=   150.0 (at least     0.0) and Absorbtion =>     0.1000 mb.
 Dry Run = F, CC set limits =  0  0, Relativistic kinematics =  , Both/Far/Near Analyses =  1                     

 Cross Sections (and up to T0 for 0=projectile) for Theta from   0.0 to 180.0 in steps of  1.0 degrees, DGAM=0,  Coordinates = 0 (Mads)

 Lower Radial Cutoff = maximum of -1.60*L*h &       0.0 fm.,  Lower Cutoff for Couplings =   0.0  fm.


 Iterate Couplings between   0 and   0 times, to  0.000 % if sooner.                                          
  Block solved exactly =   0 chs., with Pade = 0 & Isocen =  =0, NOSOL = F, initwf =  0
  NL quadrature with   18 Gaussian points, Calculate multipoles up to   156 from   0
  M-transfers for lp+lt greater than or equal to  6, Angular Integration Cutoff below  2.7778 %


 Trace switches are :  CHANS =  0, LISTCC =  0, TRENEG =  0, CDETR =  0, SMATS =  0, XSTABL =  0, NLPL =  0

                       WAVES =  0, LAMPL =  0, VEFF =  0, KFUS =  0, WDISK =  0, BPM =  0, MELFIL =  0

                       CDCC =  0, NFUS =  0

 Using unit mass = 1.000000 amu and 1/fine-structure constant = 137.03599 ( 1.000000 * true ) with hc = 197.32705 MeV.fm,
  thus 2*amu/hbar^2 = 0.0478450 = 1/20.9008 and Coulomb constant = 0.1574855 so e^2 = 1.43997, and nuclear magneton= 0.1261183

 Now pre-scan input and save to file 3



 *********** PARTITION NUMBER  1 ******************************************************************************************

   PROJ=4He        MASS=  4.0000 Z=   2.0,        # STATES=    1T, TARG=p        MASS=  1.0000 Z=   1.0,     Q-VALUE =   0.0000 MEV.

     1:  J= 0.0+ (B# 1), E=  0.0000, K= 0.0              Potl#  1       J= 0.5+ (B# 1), E=  0.0000, K= 0.5    


 ************************************************************************************************************************************

 The following POTENTIALS are defined :

  KP#       TYPE      IT    SHAPE      at     V1        r1        a1        V2        r2        a2        A-in     A-used


                                            A#1       A#2        r0c       ac                                                h @ 1
    1    0=Coulomb       0=CHARGE (WS)  1     1.000     1.000    3.2343    0.0000    0.0000    0.0000     0.000     8.000   0.04000

    1    1=Volume        0=Woods-Saxon  2   70.0000    1.2500    0.6500   15.0000    1.2500    0.6500     0.000     8.000

    1    2=Surface       0=Woods-Saxon  3    0.0000    0.0000    0.0000    5.0000    1.3000    0.6500     0.000     8.000

    1    3=Projtl S.O.   0=Woods-Saxon  4    0.0000    1.0000    0.6500    0.0000    0.0000    0.0000     0.000     8.000

 Incoming partition  1 in excitation state # 1,   Laboratory Energy given for partition  1 Nucleus 1 in Excitation pair 1

0Lab. ENERGY ranges :

   from    55.0000     to   0.00000     in     0 intervals
   from    0.00000     to   0.00000     in     0 intervals
   from    0.00000     to   0.00000     in     0 intervals

 Largest real,imaginary parts of any form factor at R=   49.60 are   2.90E-02  7.91E-31 MeV
 Finished all Couplings @    1.56250000E-02           4

 Symmetric Hamiltonian
1***********************************************************************************************************************************
************************************************************************************************************************************

        INCOMING 4He      ;    LABORATORY 4He      ENERGY =   55.000     MeV.

 ***********************************************************************************************************************************
 ***********************************************************************************************************************************


  NOTE: Coulomb excitation cut off below   0.065 deg by JTMAX, and below   0.300 deg by Rmax

 Allocate arrays for            1  channels, of which            1  need wfs.
 Reaction Xsec     7.5+/ 8 @ 1 =   8.023/, Out:   0.000#
 Reaction Xsec     7.5-/ 7 @ 1 =   0.057 , Out:   0.000#
 Finished all CC sets @    3.12500000E-02
0CUMULATIVE REACTION cross section                 =  814.79324  <L> =     2.03  <L**2> =      5.1
0CUMULATIVE outgoing cross sections in partition 1 :    0.00000
0Cumulative ABSORBTION by Imaginary Potentials     =  814.79324  <L> =     2.03  <L**2> =      5.1
   Fusion for specific 4He      M-states :  814.793242
0CUMULATIVE OUTGOING cross section                 =    0.00000
 To convert to S-factors (MeV.mb = keV.b),  multiply by  1.8758E+01


 CROSS SECTIONS FOR OUTGOING 4He      & p        in state #   1 with spins & parities 0.0  + &  0.5  +;  0

     0.01 deg.: X-S =   7.3870E+14 mb/sr,
+                                         /R =   1.0000E+00
     1.00 deg.: X-S =   7.3265E+06 mb/sr,
+                                         /R =   9.9176E-01
     2.00 deg.: X-S =   4.5008E+05 mb/sr,
+                                         /R =   9.7466E-01
     3.00 deg.: X-S =   8.7174E+04 mb/sr,
+                                         /R =   9.5544E-01
     4.00 deg.: X-S =   2.7159E+04 mb/sr,
+                                         /R =   9.4044E-01
     5.00 deg.: X-S =   1.1086E+04 mb/sr,
+                                         /R =   9.3675E-01
     6.00 deg.: X-S =  5437.989470 mb/sr,
+                                         /R =   9.5231E-01
     7.00 deg.: X-S =  3071.829549 mb/sr,
+                                         /R =   9.9595E-01
     8.00 deg.: X-S =  1948.942427 mb/sr,
+                                         /R =   1.0772E+00
     9.00 deg.: X-S =  1363.300441 mb/sr,
+                                         /R =   1.2059E+00
    10.00 deg.: X-S =  1033.768716 mb/sr,
+                                         /R =   1.3924E+00
    11.00 deg.: X-S =   835.968555 mb/sr,
+                                         /R =   1.6467E+00
    12.00 deg.: X-S =   710.140856 mb/sr,
+                                         /R =   1.9789E+00
    13.00 deg.: X-S =   625.604061 mb/sr,
+                                         /R =   2.3981E+00
    14.00 deg.: X-S =   565.724693 mb/sr,
+                                         /R =   2.9129E+00
    15.00 deg.: X-S =   521.067865 mb/sr,
+                                         /R =   3.5304E+00
    16.00 deg.: X-S =   486.075070 mb/sr,
+                                         /R =   4.2566E+00
    17.00 deg.: X-S =   457.365605 mb/sr,
+                                         /R =   5.0958E+00
    18.00 deg.: X-S =   432.827957 mb/sr,
+                                         /R =   6.0504E+00
    19.00 deg.: X-S =   411.114282 mb/sr,
+                                         /R =   7.1210E+00
    20.00 deg.: X-S =   391.349295 mb/sr,
+                                         /R =   8.3059E+00
    21.00 deg.: X-S =   372.957420 mb/sr,
+                                         /R =   9.6014E+00
    22.00 deg.: X-S =   355.557325 mb/sr,
+                                         /R =   1.1001E+01
    23.00 deg.: X-S =   338.895953 mb/sr,
+                                         /R =   1.2498E+01
    24.00 deg.: X-S =   322.806335 mb/sr,
+                                         /R =   1.4080E+01
    25.00 deg.: X-S =   307.180040 mb/sr,
+                                         /R =   1.5736E+01
    26.00 deg.: X-S =   291.948848 mb/sr,
+                                         /R =   1.7450E+01
    27.00 deg.: X-S =   277.072340 mb/sr,
+                                         /R =   1.9208E+01
    28.00 deg.: X-S =   262.529355 mb/sr,
+                                         /R =   2.0990E+01
    29.00 deg.: X-S =   248.312021 mb/sr,
+                                         /R =   2.2779E+01
    30.00 deg.: X-S =   234.421529 mb/sr,
+                                         /R =   2.4554E+01
    31.00 deg.: X-S =   220.865098 mb/sr,
+                                         /R =   2.6294E+01
    32.00 deg.: X-S =   207.653776 mb/sr,
+                                         /R =   2.7979E+01
    33.00 deg.: X-S =   194.800829 mb/sr,
+                                         /R =   2.9587E+01
    34.00 deg.: X-S =   182.320558 mb/sr,
+                                         /R =   3.1097E+01
    35.00 deg.: X-S =   170.227418 mb/sr,
+                                         /R =   3.2489E+01
    36.00 deg.: X-S =   158.535369 mb/sr,
+                                         /R =   3.3744E+01
    37.00 deg.: X-S =   147.257403 mb/sr,
+                                         /R =   3.4844E+01
    38.00 deg.: X-S =   136.405190 mb/sr,
+                                         /R =   3.5772E+01
    39.00 deg.: X-S =   125.988841 mb/sr,
+                                         /R =   3.6514E+01
    40.00 deg.: X-S =   116.016730 mb/sr,
+                                         /R =   3.7057E+01
    41.00 deg.: X-S =   106.495396 mb/sr,
+                                         /R =   3.7392E+01
    42.00 deg.: X-S =    97.429487 mb/sr,
+                                         /R =   3.7510E+01
    43.00 deg.: X-S =    88.821740 mb/sr,
+                                         /R =   3.7408E+01
    44.00 deg.: X-S =    80.673001 mb/sr,
+                                         /R =   3.7083E+01
    45.00 deg.: X-S =    72.982267 mb/sr,
+                                         /R =   3.6536E+01
    46.00 deg.: X-S =    65.746751 mb/sr,
+                                         /R =   3.5771E+01
    47.00 deg.: X-S =    58.961960 mb/sr,
+                                         /R =   3.4795E+01
    48.00 deg.: X-S =    52.621789 mb/sr,
+                                         /R =   3.3617E+01
    49.00 deg.: X-S =    46.718629 mb/sr,
+                                         /R =   3.2251E+01
    50.00 deg.: X-S =    41.243476 mb/sr,
+                                         /R =   3.0711E+01
    51.00 deg.: X-S =    36.186051 mb/sr,
+                                         /R =   2.9015E+01
    52.00 deg.: X-S =    31.534920 mb/sr,
+                                         /R =   2.7183E+01
    53.00 deg.: X-S =    27.277617 mb/sr,
+                                         /R =   2.5238E+01
    54.00 deg.: X-S =    23.400768 mb/sr,
+                                         /R =   2.3204E+01
    55.00 deg.: X-S =    19.890214 mb/sr,
+                                         /R =   2.1106E+01
    56.00 deg.: X-S =    16.731133 mb/sr,
+                                         /R =   1.8972E+01
    57.00 deg.: X-S =    13.908152 mb/sr,
+                                         /R =   1.6829E+01
    58.00 deg.: X-S =    11.405468 mb/sr,
+                                         /R =   1.4708E+01
    59.00 deg.: X-S =     9.206948 mb/sr,
+                                         /R =   1.2636E+01
    60.00 deg.: X-S =     7.296241 mb/sr,
+                                         /R =   1.0644E+01
    61.00 deg.: X-S =     5.656870 mb/sr,
+                                         /R =   8.7618E+00
    62.00 deg.: X-S =     4.272322 mb/sr,
+                                         /R =   7.0172E+00
    63.00 deg.: X-S =     3.126139 mb/sr,
+                                         /R =   5.4386E+00
    64.00 deg.: X-S =     2.201991 mb/sr,
+                                         /R =   4.0532E+00
    65.00 deg.: X-S =     1.483752 mb/sr,
+                                         /R =   2.8865E+00
    66.00 deg.: X-S =     0.955561 mb/sr,
+                                         /R =   1.9626E+00
    67.00 deg.: X-S =     0.601881 mb/sr,
+                                         /R =   1.3038E+00
    68.00 deg.: X-S =     0.407554 mb/sr,
+                                         /R =   9.3019E-01
    69.00 deg.: X-S =     0.357843 mb/sr,
+                                         /R =   8.5970E-01
    70.00 deg.: X-S =     0.438475 mb/sr,
+                                         /R =   1.1078E+00
    71.00 deg.: X-S =     0.635669 mb/sr,
+                                         /R =   1.6873E+00
    72.00 deg.: X-S =     0.936170 mb/sr,
+                                         /R =   2.6084E+00
    73.00 deg.: X-S =     1.327267 mb/sr,
+                                         /R =   3.8784E+00
    74.00 deg.: X-S =     1.796814 mb/sr,
+                                         /R =   5.5017E+00
    75.00 deg.: X-S =     2.333242 mb/sr,
+                                         /R =   7.4798E+00
    76.00 deg.: X-S =     2.925566 mb/sr,
+                                         /R =   9.8111E+00
    77.00 deg.: X-S =     3.563394 mb/sr,
+                                         /R =   1.2491E+01
    78.00 deg.: X-S =     4.236925 mb/sr,
+                                         /R =   1.5512E+01
    79.00 deg.: X-S =     4.936950 mb/sr,
+                                         /R =   1.8864E+01
    80.00 deg.: X-S =     5.654846 mb/sr,
+                                         /R =   2.2534E+01
    81.00 deg.: X-S =     6.382571 mb/sr,
+                                         /R =   2.6504E+01
    82.00 deg.: X-S =     7.112653 mb/sr,
+                                         /R =   3.0757E+01
    83.00 deg.: X-S =     7.838182 mb/sr,
+                                         /R =   3.5271E+01
    84.00 deg.: X-S =     8.552795 mb/sr,
+                                         /R =   4.0021E+01
    85.00 deg.: X-S =     9.250665 mb/sr,
+                                         /R =   4.4983E+01
    86.00 deg.: X-S =     9.926487 mb/sr,
+                                         /R =   5.0127E+01
    87.00 deg.: X-S =    10.575458 mb/sr,
+                                         /R =   5.5423E+01
    88.00 deg.: X-S =    11.193268 mb/sr,
+                                         /R =   6.0839E+01
    89.00 deg.: X-S =    11.776079 mb/sr,
+                                         /R =   6.6342E+01
    90.00 deg.: X-S =    12.320510 mb/sr,
+                                         /R =   7.1897E+01
    91.00 deg.: X-S =    12.823622 mb/sr,
+                                         /R =   7.7468E+01
    92.00 deg.: X-S =    13.282900 mb/sr,
+                                         /R =   8.3018E+01
    93.00 deg.: X-S =    13.696236 mb/sr,
+                                         /R =   8.8510E+01
    94.00 deg.: X-S =    14.061912 mb/sr,
+                                         /R =   9.3906E+01
    95.00 deg.: X-S =    14.378590 mb/sr,
+                                         /R =   9.9170E+01
    96.00 deg.: X-S =    14.645288 mb/sr,
+                                         /R =   1.0426E+02
    97.00 deg.: X-S =    14.861369 mb/sr,
+                                         /R =   1.0915E+02
    98.00 deg.: X-S =    15.026526 mb/sr,
+                                         /R =   1.1379E+02
    99.00 deg.: X-S =    15.140765 mb/sr,
+                                         /R =   1.1816E+02
   100.00 deg.: X-S =    15.204393 mb/sr,
+                                         /R =   1.2222E+02
   101.00 deg.: X-S =    15.217999 mb/sr,
+                                         /R =   1.2593E+02
   102.00 deg.: X-S =    15.182447 mb/sr,
+                                         /R =   1.2927E+02
   103.00 deg.: X-S =    15.098853 mb/sr,
+                                         /R =   1.3221E+02
   104.00 deg.: X-S =    14.968579 mb/sr,
+                                         /R =   1.3473E+02
   105.00 deg.: X-S =    14.793214 mb/sr,
+                                         /R =   1.3680E+02
   106.00 deg.: X-S =    14.574563 mb/sr,
+                                         /R =   1.3840E+02
   107.00 deg.: X-S =    14.314630 mb/sr,
+                                         /R =   1.3952E+02
   108.00 deg.: X-S =    14.015609 mb/sr,
+                                         /R =   1.4015E+02
   109.00 deg.: X-S =    13.679863 mb/sr,
+                                         /R =   1.4027E+02
   110.00 deg.: X-S =    13.309918 mb/sr,
+                                         /R =   1.3989E+02
   111.00 deg.: X-S =    12.908439 mb/sr,
+                                         /R =   1.3899E+02
   112.00 deg.: X-S =    12.478227 mb/sr,
+                                         /R =   1.3759E+02
   113.00 deg.: X-S =    12.022192 mb/sr,
+                                         /R =   1.3569E+02
   114.00 deg.: X-S =    11.543348 mb/sr,
+                                         /R =   1.3330E+02
   115.00 deg.: X-S =    11.044792 mb/sr,
+                                         /R =   1.3044E+02
   116.00 deg.: X-S =    10.529690 mb/sr,
+                                         /R =   1.2713E+02
   117.00 deg.: X-S =    10.001263 mb/sr,
+                                         /R =   1.2338E+02
   118.00 deg.: X-S =     9.462768 mb/sr,
+                                         /R =   1.1924E+02
   119.00 deg.: X-S =     8.917485 mb/sr,
+                                         /R =   1.1473E+02
   120.00 deg.: X-S =     8.368700 mb/sr,
+                                         /R =   1.0988E+02
   121.00 deg.: X-S =     7.819686 mb/sr,
+                                         /R =   1.0474E+02
   122.00 deg.: X-S =     7.273692 mb/sr,
+                                         /R =   9.9351E+01
   123.00 deg.: X-S =     6.733923 mb/sr,
+                                         /R =   9.3757E+01
   124.00 deg.: X-S =     6.203524 mb/sr,
+                                         /R =   8.8007E+01
   125.00 deg.: X-S =     5.685568 mb/sr,
+                                         /R =   8.2154E+01
   126.00 deg.: X-S =     5.183035 mb/sr,
+                                         /R =   7.6252E+01
   127.00 deg.: X-S =     4.698799 mb/sr,
+                                         /R =   7.0355E+01
   128.00 deg.: X-S =     4.235615 mb/sr,
+                                         /R =   6.4521E+01
   129.00 deg.: X-S =     3.796101 mb/sr,
+                                         /R =   5.8807E+01
   130.00 deg.: X-S =     3.382727 mb/sr,
+                                         /R =   5.3274E+01
   131.00 deg.: X-S =     2.997802 mb/sr,
+                                         /R =   4.7977E+01
   132.00 deg.: X-S =     2.643457 mb/sr,
+                                         /R =   4.2977E+01
   133.00 deg.: X-S =     2.321640 mb/sr,
+                                         /R =   3.8329E+01
   134.00 deg.: X-S =     2.034100 mb/sr,
+                                         /R =   3.4089E+01
   135.00 deg.: X-S =     1.782380 mb/sr,
+                                         /R =   3.0311E+01
   136.00 deg.: X-S =     1.567808 mb/sr,
+                                         /R =   2.7046E+01
   137.00 deg.: X-S =     1.391488 mb/sr,
+                                         /R =   2.4341E+01
   138.00 deg.: X-S =     1.254296 mb/sr,
+                                         /R =   2.2241E+01
   139.00 deg.: X-S =     1.156872 mb/sr,
+                                         /R =   2.0786E+01
   140.00 deg.: X-S =     1.099619 mb/sr,
+                                         /R =   2.0014E+01
   141.00 deg.: X-S =     1.082699 mb/sr,
+                                         /R =   1.9954E+01
   142.00 deg.: X-S =     1.106031 mb/sr,
+                                         /R =   2.0634E+01
   143.00 deg.: X-S =     1.169293 mb/sr,
+                                         /R =   2.2075E+01
   144.00 deg.: X-S =     1.271925 mb/sr,
+                                         /R =   2.4290E+01
   145.00 deg.: X-S =     1.413126 mb/sr,
+                                         /R =   2.7290E+01
   146.00 deg.: X-S =     1.591865 mb/sr,
+                                         /R =   3.1077E+01
   147.00 deg.: X-S =     1.806886 mb/sr,
+                                         /R =   3.5647E+01
   148.00 deg.: X-S =     2.056711 mb/sr,
+                                         /R =   4.0990E+01
   149.00 deg.: X-S =     2.339652 mb/sr,
+                                         /R =   4.7091E+01
   150.00 deg.: X-S =     2.653821 mb/sr,
+                                         /R =   5.3925E+01
   151.00 deg.: X-S =     2.997141 mb/sr,
+                                         /R =   6.1463E+01
   152.00 deg.: X-S =     3.367356 mb/sr,
+                                         /R =   6.9670E+01
   153.00 deg.: X-S =     3.762049 mb/sr,
+                                         /R =   7.8504E+01
   154.00 deg.: X-S =     4.178652 mb/sr,
+                                         /R =   8.7917E+01
   155.00 deg.: X-S =     4.614464 mb/sr,
+                                         /R =   9.7856E+01
   156.00 deg.: X-S =     5.066669 mb/sr,
+                                         /R =   1.0826E+02
   157.00 deg.: X-S =     5.532349 mb/sr,
+                                         /R =   1.1908E+02
   158.00 deg.: X-S =     6.008506 mb/sr,
+                                         /R =   1.3022E+02
   159.00 deg.: X-S =     6.492078 mb/sr,
+                                         /R =   1.4164E+02
   160.00 deg.: X-S =     6.979958 mb/sr,
+                                         /R =   1.5325E+02
   161.00 deg.: X-S =     7.469017 mb/sr,
+                                         /R =   1.6497E+02
   162.00 deg.: X-S =     7.956118 mb/sr,
+                                         /R =   1.7673E+02
   163.00 deg.: X-S =     8.438139 mb/sr,
+                                         /R =   1.8845E+02
   164.00 deg.: X-S =     8.911992 mb/sr,
+                                         /R =   2.0004E+02
   165.00 deg.: X-S =     9.374643 mb/sr,
+                                         /R =   2.1143E+02
   166.00 deg.: X-S =     9.823129 mb/sr,
+                                         /R =   2.2253E+02
   167.00 deg.: X-S =    10.254579 mb/sr,
+                                         /R =   2.3327E+02
   168.00 deg.: X-S =    10.666232 mb/sr,
+                                         /R =   2.4356E+02
   169.00 deg.: X-S =    11.055452 mb/sr,
+                                         /R =   2.5334E+02
   170.00 deg.: X-S =    11.419749 mb/sr,
+                                         /R =   2.6253E+02
   171.00 deg.: X-S =    11.756791 mb/sr,
+                                         /R =   2.7106E+02
   172.00 deg.: X-S =    12.064421 mb/sr,
+                                         /R =   2.7888E+02
   173.00 deg.: X-S =    12.340670 mb/sr,
+                                         /R =   2.8591E+02
   174.00 deg.: X-S =    12.583769 mb/sr,
+                                         /R =   2.9213E+02
   175.00 deg.: X-S =    12.792162 mb/sr,
+                                         /R =   2.9746E+02
   176.00 deg.: X-S =    12.964516 mb/sr,
+                                         /R =   3.0188E+02
   177.00 deg.: X-S =    13.099727 mb/sr,
+                                         /R =   3.0536E+02
   178.00 deg.: X-S =    13.196929 mb/sr,
+                                         /R =   3.0786E+02
   179.00 deg.: X-S =    13.255500 mb/sr,
+                                         /R =   3.0937E+02
   179.99 deg.: X-S =    13.275064 mb/sr,
+                                         /R =   3.0987E+02
                                           Integrated********** mb, over [   0.000, 180.000] at    55.0000 MeV 
 Finished all xsecs @    3.12500000E-02

  The following files have been created:
   3:local copy of User input.            6:standard output.                   
  13:total cross sections/state.         39:cross sections for each Ecm.       
  40:all cross sectns. for each Elab.    56:Fusion for each Jtotal.            

 PARAMETERS : MAXQRN   MFNL   MLOC  LMAX1 MCLIST
    ALLOWED :      1      1      4    170      6
    REQUIRED:      0      0      4      9      3


 ACCURACY ANALYSIS at    55.000 MeV :

  Elastic h*k = 0.026 so OK       compared with 0.200

   Real(S-el) > 0.01 first at J =       0.5
   Real(S-el) > 0.10 first at J =       0.5
   Real(S-el) > 0.50 first at J =       2.5
   Real(S-el) > 0.90 first at J =       3.5
   Real(S-el) > 0.99 first at J =       4.5
   R-turn =    11.66 fm    at J =       7.5

 Forward-angle excitation cut off below   1.217 deg by max JT =       7.5
                              and below   0.300 deg by max R.

 Total CPU  0 time =       0.05 seconds
