 FRESCO - FRES 3.4: Coupled Reaction Channels
 Assuming NAMELIST input.

 Test reaction with generated potential                                          

   0.040  50.000   0.500   0.000   0.000   0.000   0.000   0.000   0.000   0.000

 Centre-of-mass Range is   1252 * 0.0400 fm., Maximum at  50.00 fm., Interpolating NL forms every  0.52 fm.
 Non - locality width is      4 * 0.0400 fm., Maximum of   0.12 fm., Centred at  0.00 fm.
 2-Nucleon Separation of      0 * 0.5200 fm., Maximum of   0.00 fm., Minimum at  0.00 fm.
 Maximum single particle bins of 49.9200 fm.
               M,Mint =         1251        1249


 Range of total J is     0.0 <= J <=   150.0 (at least     0.0) and Absorbtion =>     0.1000 mb.
 Dry Run = F, CC set limits =  0  0, Relativistic kinematics =  , Both/Far/Near Analyses =  1                     

 Cross Sections (and up to T0 for 0=projectile) for Theta from   0.0 to 180.0 in steps of  1.0 degrees, DGAM=0,  Coordinates = 0 (Mads)

 Lower Radial Cutoff = maximum of -1.60*L*h &       0.0 fm.,  Lower Cutoff for Couplings =   0.0  fm.


 Iterate Couplings between   0 and   0 times, to  0.000 % if sooner.                                          
  Block solved exactly =   0 chs., with Pade = 0 & Isocen =  =0, NOSOL = F, initwf =  0
  NL quadrature with   18 Gaussian points, Calculate multipoles up to   156 from   0
  M-transfers for lp+lt greater than or equal to  6, Angular Integration Cutoff below  2.7778 %


 Trace switches are :  CHANS =  0, LISTCC =  0, TRENEG =  0, CDETR =  0, SMATS =  0, XSTABL =  0, NLPL =  0

                       WAVES =  0, LAMPL =  0, VEFF =  0, KFUS =  0, WDISK =  0, BPM =  0, MELFIL =  0

                       CDCC =  0, NFUS =  0

 Using unit mass = 1.000000 amu and 1/fine-structure constant = 137.03599 ( 1.000000 * true ) with hc = 197.32705 MeV.fm,
  thus 2*amu/hbar^2 = 0.0478450 = 1/20.9008 and Coulomb constant = 0.1574855 so e^2 = 1.43997, and nuclear magneton= 0.1261183

 Now pre-scan input and save to file 3



 *********** PARTITION NUMBER  1 ******************************************************************************************

   PROJ=4He        MASS=  4.0000 Z=   2.0,        # STATES=    1T, TARG=p        MASS=  1.0000 Z=   1.0,     Q-VALUE =   0.0000 MEV.

     1:  J= 0.0+ (B# 1), E=  0.0000, K= 0.0              Potl#  1       J= 0.5+ (B# 1), E=  0.0000, K= 0.5    


 ************************************************************************************************************************************

 The following POTENTIALS are defined :

  KP#       TYPE      IT    SHAPE      at     V1        r1        a1        V2        r2        a2        A-in     A-used


                                            A#1       A#2        r0c       ac                                                h @ 1
    1    0=Coulomb       0=CHARGE (WS)  1     1.000     1.000    3.2343    0.0000    0.0000    0.0000     0.000     8.000   0.04000

    1    1=Volume        0=Woods-Saxon  2   70.0000    1.2500    0.6500   15.0000    1.2500    0.6500     0.000     8.000

    1    2=Surface       0=Woods-Saxon  3    0.0000    0.0000    0.0000    5.0000    1.3000    0.6500     0.000     8.000

    1    3=Projtl S.O.   0=Woods-Saxon  4    0.0000    1.0000    0.6500    0.0000    0.0000    0.0000     0.000     8.000

 Incoming partition  1 in excitation state # 1,   Laboratory Energy given for partition  1 Nucleus 1 in Excitation pair 1

0Lab. ENERGY ranges :

   from    245.000     to   0.00000     in     0 intervals
   from    0.00000     to   0.00000     in     0 intervals
   from    0.00000     to   0.00000     in     0 intervals

 Largest real,imaginary parts of any form factor at R=   49.60 are   2.90E-02  7.91E-31 MeV
 Finished all Couplings @    1.56250000E-02           4

 Symmetric Hamiltonian
1***********************************************************************************************************************************
************************************************************************************************************************************

        INCOMING 4He      ;    LABORATORY 4He      ENERGY =   245.00     MeV.

 ***********************************************************************************************************************************
 ***********************************************************************************************************************************


  NOTE: Coulomb excitation cut off below   0.031 deg by JTMAX, and below   0.067 deg by Rmax

 Allocate arrays for            1  channels, of which            1  need wfs.
 Reaction Xsec    11.5-/11 @ 1 =   0.215 , Out:   0.000#
 Reaction Xsec    12.5+/12 @ 1 =   0.083 , Out:   0.000#
 Finished all CC sets @    1.56250000E-02
0CUMULATIVE REACTION cross section                 =  510.32264  <L> =     3.74  <L**2> =     17.2
0CUMULATIVE outgoing cross sections in partition 1 :    0.00000
0Cumulative ABSORBTION by Imaginary Potentials     =  510.32264  <L> =     3.74  <L**2> =     17.2
   Fusion for specific 4He      M-states :  728.078675
0CUMULATIVE OUTGOING cross section                 =    0.00000
 To convert to S-factors (MeV.mb = keV.b),  multiply by  6.3098E+01


 CROSS SECTIONS FOR OUTGOING 4He      & p        in state #   1 with spins & parities 0.0  + &  0.5  +;  0

     0.01 deg.: X-S =   3.7227E+13 mb/sr,
+                                         /R =   9.9999E-01
     1.00 deg.: X-S =   3.4894E+05 mb/sr,
+                                         /R =   9.3728E-01
     2.00 deg.: X-S =   1.9419E+04 mb/sr,
+                                         /R =   8.3445E-01
     3.00 deg.: X-S =  4032.914576 mb/sr,
+                                         /R =   8.7709E-01
     4.00 deg.: X-S =  1951.499172 mb/sr,
+                                         /R =   1.3409E+00
     5.00 deg.: X-S =  1535.777104 mb/sr,
+                                         /R =   2.5751E+00
     6.00 deg.: X-S =  1431.959745 mb/sr,
+                                         /R =   4.9760E+00
     7.00 deg.: X-S =  1391.972431 mb/sr,
+                                         /R =   8.9553E+00
     8.00 deg.: X-S =  1359.206079 mb/sr,
+                                         /R =   1.4906E+01
     9.00 deg.: X-S =  1320.120307 mb/sr,
+                                         /R =   2.3170E+01
    10.00 deg.: X-S =  1272.393790 mb/sr,
+                                         /R =   3.4006E+01
    11.00 deg.: X-S =  1216.790124 mb/sr,
+                                         /R =   4.7561E+01
    12.00 deg.: X-S =  1154.849164 mb/sr,
+                                         /R =   6.3857E+01
    13.00 deg.: X-S =  1088.199644 mb/sr,
+                                         /R =   8.2774E+01
    14.00 deg.: X-S =  1018.359124 mb/sr,
+                                         /R =   1.0405E+02
    15.00 deg.: X-S =   946.685067 mb/sr,
+                                         /R =   1.2728E+02
    16.00 deg.: X-S =   874.371476 mb/sr,
+                                         /R =   1.5194E+02
    17.00 deg.: X-S =   802.457375 mb/sr,
+                                         /R =   1.7741E+02
    18.00 deg.: X-S =   731.836871 mb/sr,
+                                         /R =   2.0300E+02
    19.00 deg.: X-S =   663.268250 mb/sr,
+                                         /R =   2.2797E+02
    20.00 deg.: X-S =   597.381999 mb/sr,
+                                         /R =   2.5158E+02
    21.00 deg.: X-S =   534.688243 mb/sr,
+                                         /R =   2.7314E+02
    22.00 deg.: X-S =   475.584105 mb/sr,
+                                         /R =   2.9199E+02
    23.00 deg.: X-S =   420.361361 mb/sr,
+                                         /R =   3.0760E+02
    24.00 deg.: X-S =   369.214571 mb/sr,
+                                         /R =   3.1955E+02
    25.00 deg.: X-S =   322.249752 mb/sr,
+                                         /R =   3.2756E+02
    26.00 deg.: X-S =   279.493526 mb/sr,
+                                         /R =   3.3149E+02
    27.00 deg.: X-S =   240.902620 mb/sr,
+                                         /R =   3.3138E+02
    28.00 deg.: X-S =   206.373544 mb/sr,
+                                         /R =   3.2742E+02
    29.00 deg.: X-S =   175.752277 mb/sr,
+                                         /R =   3.1992E+02
    30.00 deg.: X-S =   148.843738 mb/sr,
+                                         /R =   3.0936E+02
    31.00 deg.: X-S =   125.420899 mb/sr,
+                                         /R =   2.9629E+02
    32.00 deg.: X-S =   105.233369 mb/sr,
+                                         /R =   2.8135E+02
    33.00 deg.: X-S =    88.015315 mb/sr,
+                                         /R =   2.6526E+02
    34.00 deg.: X-S =    73.492635 mb/sr,
+                                         /R =   2.4873E+02
    35.00 deg.: X-S =    61.389310 mb/sr,
+                                         /R =   2.3249E+02
    36.00 deg.: X-S =    51.432900 mb/sr,
+                                         /R =   2.1723E+02
    37.00 deg.: X-S =    43.359169 mb/sr,
+                                         /R =   2.0358E+02
    38.00 deg.: X-S =    36.915862 mb/sr,
+                                         /R =   1.9210E+02
    39.00 deg.: X-S =    31.865668 mb/sr,
+                                         /R =   1.8325E+02
    40.00 deg.: X-S =    27.988414 mb/sr,
+                                         /R =   1.7739E+02
    41.00 deg.: X-S =    25.082565 mb/sr,
+                                         /R =   1.7475E+02
    42.00 deg.: X-S =    22.966089 mb/sr,
+                                         /R =   1.7545E+02
    43.00 deg.: X-S =    21.476781 mb/sr,
+                                         /R =   1.7948E+02
    44.00 deg.: X-S =    20.472112 mb/sr,
+                                         /R =   1.8673E+02
    45.00 deg.: X-S =    19.828680 mb/sr,
+                                         /R =   1.9697E+02
    46.00 deg.: X-S =    19.441352 mb/sr,
+                                         /R =   2.0989E+02
    47.00 deg.: X-S =    19.222158 mb/sr,
+                                         /R =   2.2509E+02
    48.00 deg.: X-S =    19.098995 mb/sr,
+                                         /R =   2.4211E+02
    49.00 deg.: X-S =    19.014217 mb/sr,
+                                         /R =   2.6046E+02
    50.00 deg.: X-S =    18.923153 mb/sr,
+                                         /R =   2.7960E+02
    51.00 deg.: X-S =    18.792593 mb/sr,
+                                         /R =   2.9900E+02
    52.00 deg.: X-S =    18.599289 mb/sr,
+                                         /R =   3.1814E+02
    53.00 deg.: X-S =    18.328504 mb/sr,
+                                         /R =   3.3650E+02
    54.00 deg.: X-S =    17.972624 mb/sr,
+                                         /R =   3.5363E+02
    55.00 deg.: X-S =    17.529859 mb/sr,
+                                         /R =   3.6910E+02
    56.00 deg.: X-S =    17.003052 mb/sr,
+                                         /R =   3.8257E+02
    57.00 deg.: X-S =    16.398595 mb/sr,
+                                         /R =   3.9374E+02
    58.00 deg.: X-S =    15.725469 mb/sr,
+                                         /R =   4.0238E+02
    59.00 deg.: X-S =    14.994402 mb/sr,
+                                         /R =   4.0835E+02
    60.00 deg.: X-S =    14.217145 mb/sr,
+                                         /R =   4.1157E+02
    61.00 deg.: X-S =    13.405869 mb/sr,
+                                         /R =   4.1202E+02
    62.00 deg.: X-S =    12.572664 mb/sr,
+                                         /R =   4.0976E+02
    63.00 deg.: X-S =    11.729148 mb/sr,
+                                         /R =   4.0491E+02
    64.00 deg.: X-S =    10.886162 mb/sr,
+                                         /R =   3.9761E+02
    65.00 deg.: X-S =    10.053555 mb/sr,
+                                         /R =   3.8809E+02
    66.00 deg.: X-S =     9.240039 mb/sr,
+                                         /R =   3.7658E+02
    67.00 deg.: X-S =     8.453104 mb/sr,
+                                         /R =   3.6335E+02
    68.00 deg.: X-S =     7.698993 mb/sr,
+                                         /R =   3.4868E+02
    69.00 deg.: X-S =     6.982710 mb/sr,
+                                         /R =   3.3288E+02
    70.00 deg.: X-S =     6.308073 mb/sr,
+                                         /R =   3.1624E+02
    71.00 deg.: X-S =     5.677784 mb/sr,
+                                         /R =   2.9905E+02
    72.00 deg.: X-S =     5.093518 mb/sr,
+                                         /R =   2.8161E+02
    73.00 deg.: X-S =     4.556032 mb/sr,
+                                         /R =   2.6417E+02
    74.00 deg.: X-S =     4.065266 mb/sr,
+                                         /R =   2.4700E+02
    75.00 deg.: X-S =     3.620463 mb/sr,
+                                         /R =   2.3030E+02
    76.00 deg.: X-S =     3.220271 mb/sr,
+                                         /R =   2.1429E+02
    77.00 deg.: X-S =     2.862852 mb/sr,
+                                         /R =   1.9913E+02
    78.00 deg.: X-S =     2.545984 mb/sr,
+                                         /R =   1.8497E+02
    79.00 deg.: X-S =     2.267148 mb/sr,
+                                         /R =   1.7190E+02
    80.00 deg.: X-S =     2.023615 mb/sr,
+                                         /R =   1.6001E+02
    81.00 deg.: X-S =     1.812523 mb/sr,
+                                         /R =   1.4935E+02
    82.00 deg.: X-S =     1.630942 mb/sr,
+                                         /R =   1.3995E+02
    83.00 deg.: X-S =     1.475931 mb/sr,
+                                         /R =   1.3179E+02
    84.00 deg.: X-S =     1.344594 mb/sr,
+                                         /R =   1.2485E+02
    85.00 deg.: X-S =     1.234118 mb/sr,
+                                         /R =   1.1908E+02
    86.00 deg.: X-S =     1.141812 mb/sr,
+                                         /R =   1.1441E+02
    87.00 deg.: X-S =     1.065132 mb/sr,
+                                         /R =   1.1076E+02
    88.00 deg.: X-S =     1.001707 mb/sr,
+                                         /R =   1.0804E+02
    89.00 deg.: X-S =     0.949354 mb/sr,
+                                         /R =   1.0613E+02
    90.00 deg.: X-S =     0.906089 mb/sr,
+                                         /R =   1.0492E+02
    91.00 deg.: X-S =     0.870129 mb/sr,
+                                         /R =   1.0430E+02
    92.00 deg.: X-S =     0.839902 mb/sr,
+                                         /R =   1.0416E+02
    93.00 deg.: X-S =     0.814033 mb/sr,
+                                         /R =   1.0439E+02
    94.00 deg.: X-S =     0.791345 mb/sr,
+                                         /R =   1.0486E+02
    95.00 deg.: X-S =     0.770847 mb/sr,
+                                         /R =   1.0550E+02
    96.00 deg.: X-S =     0.751721 mb/sr,
+                                         /R =   1.0619E+02
    97.00 deg.: X-S =     0.733309 mb/sr,
+                                         /R =   1.0687E+02
    98.00 deg.: X-S =     0.715097 mb/sr,
+                                         /R =   1.0746E+02
    99.00 deg.: X-S =     0.696699 mb/sr,
+                                         /R =   1.0789E+02
   100.00 deg.: X-S =     0.677842 mb/sr,
+                                         /R =   1.0812E+02
   101.00 deg.: X-S =     0.658347 mb/sr,
+                                         /R =   1.0810E+02
   102.00 deg.: X-S =     0.638117 mb/sr,
+                                         /R =   1.0781E+02
   103.00 deg.: X-S =     0.617121 mb/sr,
+                                         /R =   1.0723E+02
   104.00 deg.: X-S =     0.595382 mb/sr,
+                                         /R =   1.0633E+02
   105.00 deg.: X-S =     0.572962 mb/sr,
+                                         /R =   1.0513E+02
   106.00 deg.: X-S =     0.549956 mb/sr,
+                                         /R =   1.0363E+02
   107.00 deg.: X-S =     0.526481 mb/sr,
+                                         /R =   1.0182E+02
   108.00 deg.: X-S =     0.502668 mb/sr,
+                                         /R =   9.9738E+01
   109.00 deg.: X-S =     0.478658 mb/sr,
+                                         /R =   9.7391E+01
   110.00 deg.: X-S =     0.454594 mb/sr,
+                                         /R =   9.4805E+01
   111.00 deg.: X-S =     0.430621 mb/sr,
+                                         /R =   9.2006E+01
   112.00 deg.: X-S =     0.406876 mb/sr,
+                                         /R =   8.9024E+01
   113.00 deg.: X-S =     0.383495 mb/sr,
+                                         /R =   8.5888E+01
   114.00 deg.: X-S =     0.360600 mb/sr,
+                                         /R =   8.2630E+01
   115.00 deg.: X-S =     0.338306 mb/sr,
+                                         /R =   7.9282E+01
   116.00 deg.: X-S =     0.316715 mb/sr,
+                                         /R =   7.5875E+01
   117.00 deg.: X-S =     0.295915 mb/sr,
+                                         /R =   7.2440E+01
   118.00 deg.: X-S =     0.275981 mb/sr,
+                                         /R =   6.9006E+01
   119.00 deg.: X-S =     0.256971 mb/sr,
+                                         /R =   6.5602E+01
   120.00 deg.: X-S =     0.238930 mb/sr,
+                                         /R =   6.2250E+01
   121.00 deg.: X-S =     0.221886 mb/sr,
+                                         /R =   5.8975E+01
   122.00 deg.: X-S =     0.205852 mb/sr,
+                                         /R =   5.5793E+01
   123.00 deg.: X-S =     0.190826 mb/sr,
+                                         /R =   5.2721E+01
   124.00 deg.: X-S =     0.176794 mb/sr,
+                                         /R =   4.9769E+01
   125.00 deg.: X-S =     0.163727 mb/sr,
+                                         /R =   4.6944E+01
   126.00 deg.: X-S =     0.151587 mb/sr,
+                                         /R =   4.4252E+01
   127.00 deg.: X-S =     0.140328 mb/sr,
+                                         /R =   4.1693E+01
   128.00 deg.: X-S =     0.129896 mb/sr,
+                                         /R =   3.9263E+01
   129.00 deg.: X-S =     0.120234 mb/sr,
+                                         /R =   3.6960E+01
   130.00 deg.: X-S =     0.111283 mb/sr,
+                                         /R =   3.4776E+01
   131.00 deg.: X-S =     0.102983 mb/sr,
+                                         /R =   3.2704E+01
   132.00 deg.: X-S =     0.095279 mb/sr,
+                                         /R =   3.0737E+01
   133.00 deg.: X-S =     0.088118 mb/sr,
+                                         /R =   2.8867E+01
   134.00 deg.: X-S =     0.081454 mb/sr,
+                                         /R =   2.7087E+01
   135.00 deg.: X-S =     0.075248 mb/sr,
+                                         /R =   2.5392E+01
   136.00 deg.: X-S =     0.069468 mb/sr,
+                                         /R =   2.3779E+01
   137.00 deg.: X-S =     0.064091 mb/sr,
+                                         /R =   2.2246E+01
   138.00 deg.: X-S =     0.059101 mb/sr,
+                                         /R =   2.0795E+01
   139.00 deg.: X-S =     0.054489 mb/sr,
+                                         /R =   1.9427E+01
   140.00 deg.: X-S =     0.050255 mb/sr,
+                                         /R =   1.8150E+01
   141.00 deg.: X-S =     0.046401 mb/sr,
+                                         /R =   1.6969E+01
   142.00 deg.: X-S =     0.042936 mb/sr,
+                                         /R =   1.5895E+01
   143.00 deg.: X-S =     0.039872 mb/sr,
+                                         /R =   1.4936E+01
   144.00 deg.: X-S =     0.037223 mb/sr,
+                                         /R =   1.4106E+01
   145.00 deg.: X-S =     0.035005 mb/sr,
+                                         /R =   1.3414E+01
   146.00 deg.: X-S =     0.033230 mb/sr,
+                                         /R =   1.2873E+01
   147.00 deg.: X-S =     0.031914 mb/sr,
+                                         /R =   1.2493E+01
   148.00 deg.: X-S =     0.031069 mb/sr,
+                                         /R =   1.2287E+01
   149.00 deg.: X-S =     0.030705 mb/sr,
+                                         /R =   1.2263E+01
   150.00 deg.: X-S =     0.030828 mb/sr,
+                                         /R =   1.2430E+01
   151.00 deg.: X-S =     0.031443 mb/sr,
+                                         /R =   1.2795E+01
   152.00 deg.: X-S =     0.032552 mb/sr,
+                                         /R =   1.3364E+01
   153.00 deg.: X-S =     0.034152 mb/sr,
+                                         /R =   1.4141E+01
   154.00 deg.: X-S =     0.036238 mb/sr,
+                                         /R =   1.5129E+01
   155.00 deg.: X-S =     0.038802 mb/sr,
+                                         /R =   1.6328E+01
   156.00 deg.: X-S =     0.041831 mb/sr,
+                                         /R =   1.7736E+01
   157.00 deg.: X-S =     0.045309 mb/sr,
+                                         /R =   1.9351E+01
   158.00 deg.: X-S =     0.049216 mb/sr,
+                                         /R =   2.1166E+01
   159.00 deg.: X-S =     0.053528 mb/sr,
+                                         /R =   2.3174E+01
   160.00 deg.: X-S =     0.058217 mb/sr,
+                                         /R =   2.5363E+01
   161.00 deg.: X-S =     0.063250 mb/sr,
+                                         /R =   2.7722E+01
   162.00 deg.: X-S =     0.068587 mb/sr,
+                                         /R =   3.0232E+01
   163.00 deg.: X-S =     0.074186 mb/sr,
+                                         /R =   3.2876E+01
   164.00 deg.: X-S =     0.079997 mb/sr,
+                                         /R =   3.5631E+01
   165.00 deg.: X-S =     0.085965 mb/sr,
+                                         /R =   3.8472E+01
   166.00 deg.: X-S =     0.092031 mb/sr,
+                                         /R =   4.1370E+01
   167.00 deg.: X-S =     0.098130 mb/sr,
+                                         /R =   4.4294E+01
   168.00 deg.: X-S =     0.104194 mb/sr,
+                                         /R =   4.7211E+01
   169.00 deg.: X-S =     0.110150 mb/sr,
+                                         /R =   5.0086E+01
   170.00 deg.: X-S =     0.115924 mb/sr,
+                                         /R =   5.2881E+01
   171.00 deg.: X-S =     0.121441 mb/sr,
+                                         /R =   5.5558E+01
   172.00 deg.: X-S =     0.126624 mb/sr,
+                                         /R =   5.8080E+01
   173.00 deg.: X-S =     0.131402 mb/sr,
+                                         /R =   6.0410E+01
   174.00 deg.: X-S =     0.135704 mb/sr,
+                                         /R =   6.2511E+01
   175.00 deg.: X-S =     0.139465 mb/sr,
+                                         /R =   6.4352E+01
   176.00 deg.: X-S =     0.142628 mb/sr,
+                                         /R =   6.5901E+01
   177.00 deg.: X-S =     0.145142 mb/sr,
+                                         /R =   6.7134E+01
   178.00 deg.: X-S =     0.146967 mb/sr,
+                                         /R =   6.8031E+01
   179.00 deg.: X-S =     0.148075 mb/sr,
+                                         /R =   6.8575E+01
   179.99 deg.: X-S =     0.148446 mb/sr,
+                                         /R =   6.8757E+01
                                           Integrated********** mb, over [   0.000, 180.000] at   245.0000 MeV 
 Finished all xsecs @    1.56250000E-02

  The following files have been created:
   3:local copy of User input.            6:standard output.                   
  13:total cross sections/state.         39:cross sections for each Ecm.       
  40:all cross sectns. for each Elab.    56:Fusion for each Jtotal.            

 PARAMETERS : MAXQRN   MFNL   MLOC  LMAX1 MCLIST
    ALLOWED :      1      1      4    170      6
    REQUIRED:      0      0      4     13      3


 ACCURACY ANALYSIS at   245.000 MeV :

  Elastic h*k = 0.055 so OK       compared with 0.200

   Real(S-el) > 0.01 first at J =       3.5
   Real(S-el) > 0.10 first at J =       3.5
   Real(S-el) > 0.50 first at J =       4.5
   Real(S-el) > 0.90 first at J =       6.5
   Real(S-el) > 0.99 first at J =       8.5
   R-turn =     9.15 fm    at J =      12.5

 Forward-angle excitation cut off below   0.355 deg by max JT =      12.5
                              and below   0.067 deg by max R.

 Total CPU  0 time =       0.03 seconds
