 FRESCO - FRES 3.4: Coupled Reaction Channels
 Assuming NAMELIST input.

 Test reaction with generated potential                                          

   0.040  50.000   0.500   0.000   0.000   0.000   0.000   0.000   0.000   0.000

 Centre-of-mass Range is   1252 * 0.0400 fm., Maximum at  50.00 fm., Interpolating NL forms every  0.52 fm.
 Non - locality width is      4 * 0.0400 fm., Maximum of   0.12 fm., Centred at  0.00 fm.
 2-Nucleon Separation of      0 * 0.5200 fm., Maximum of   0.00 fm., Minimum at  0.00 fm.
 Maximum single particle bins of 49.9200 fm.
               M,Mint =         1251        1249


 Range of total J is     0.0 <= J <=   150.0 (at least     0.0) and Absorbtion =>     0.1000 mb.
 Dry Run = F, CC set limits =  0  0, Relativistic kinematics =  , Both/Far/Near Analyses =  1                     

 Cross Sections (and up to T0 for 0=projectile) for Theta from   0.0 to 180.0 in steps of  1.0 degrees, DGAM=0,  Coordinates = 0 (Mads)

 Lower Radial Cutoff = maximum of -1.60*L*h &       0.0 fm.,  Lower Cutoff for Couplings =   0.0  fm.


 Iterate Couplings between   0 and   0 times, to  0.000 % if sooner.                                          
  Block solved exactly =   0 chs., with Pade = 0 & Isocen =  =0, NOSOL = F, initwf =  0
  NL quadrature with   18 Gaussian points, Calculate multipoles up to   156 from   0
  M-transfers for lp+lt greater than or equal to  6, Angular Integration Cutoff below  2.7778 %


 Trace switches are :  CHANS =  0, LISTCC =  0, TRENEG =  0, CDETR =  0, SMATS =  0, XSTABL =  0, NLPL =  0

                       WAVES =  0, LAMPL =  0, VEFF =  0, KFUS =  0, WDISK =  0, BPM =  0, MELFIL =  0

                       CDCC =  0, NFUS =  0

 Using unit mass = 1.000000 amu and 1/fine-structure constant = 137.03599 ( 1.000000 * true ) with hc = 197.32705 MeV.fm,
  thus 2*amu/hbar^2 = 0.0478450 = 1/20.9008 and Coulomb constant = 0.1574855 so e^2 = 1.43997, and nuclear magneton= 0.1261183

 Now pre-scan input and save to file 3



 *********** PARTITION NUMBER  1 ******************************************************************************************

   PROJ=4He        MASS=  4.0000 Z=   2.0,        # STATES=    1T, TARG=p        MASS=  1.0000 Z=   1.0,     Q-VALUE =   0.0000 MEV.

     1:  J= 0.0+ (B# 1), E=  0.0000, K= 0.0              Potl#  1       J= 0.5+ (B# 1), E=  0.0000, K= 0.5    


 ************************************************************************************************************************************

 The following POTENTIALS are defined :

  KP#       TYPE      IT    SHAPE      at     V1        r1        a1        V2        r2        a2        A-in     A-used


                                            A#1       A#2        r0c       ac                                                h @ 1
    1    0=Coulomb       0=CHARGE (WS)  1     1.000     1.000    3.2343    0.0000    0.0000    0.0000     0.000     8.000   0.04000

    1    1=Volume        0=Woods-Saxon  2   70.0000    1.2500    0.6500   15.0000    1.2500    0.6500     0.000     8.000

    1    2=Surface       0=Woods-Saxon  3    0.0000    0.0000    0.0000    5.0000    1.3000    0.6500     0.000     8.000

    1    3=Projtl S.O.   0=Woods-Saxon  4    0.0000    1.0000    0.6500    0.0000    0.0000    0.0000     0.000     8.000

 Incoming partition  1 in excitation state # 1,   Laboratory Energy given for partition  1 Nucleus 1 in Excitation pair 1

0Lab. ENERGY ranges :

   from    350.000     to   0.00000     in     0 intervals
   from    0.00000     to   0.00000     in     0 intervals
   from    0.00000     to   0.00000     in     0 intervals

 Largest real,imaginary parts of any form factor at R=   49.60 are   2.90E-02  7.91E-31 MeV
 Finished all Couplings @    0.00000000               4

 Symmetric Hamiltonian
1***********************************************************************************************************************************
************************************************************************************************************************************

        INCOMING 4He      ;    LABORATORY 4He      ENERGY =   350.00     MeV.

 ***********************************************************************************************************************************
 ***********************************************************************************************************************************


  NOTE: Coulomb excitation cut off below   0.026 deg by JTMAX, and below   0.047 deg by Rmax

 Allocate arrays for            1  channels, of which            1  need wfs.
 Reaction Xsec    13.5-/13 @ 1 =   0.164 , Out:   0.000#
 Reaction Xsec    14.5+/14 @ 1 =   0.073 , Out:   0.000#
 Finished all CC sets @    1.56250000E-02
0CUMULATIVE REACTION cross section                 =  447.44544  <L> =     4.38  <L**2> =     23.6
0CUMULATIVE outgoing cross sections in partition 1 :    0.00000
0Cumulative ABSORBTION by Imaginary Potentials     =  447.44544  <L> =     4.38  <L**2> =     23.6
   Fusion for specific 4He      M-states :  623.325315
0CUMULATIVE OUTGOING cross section                 =    0.00000
 To convert to S-factors (MeV.mb = keV.b),  multiply by  8.6493E+01


 CROSS SECTIONS FOR OUTGOING 4He      & p        in state #   1 with spins & parities 0.0  + &  0.5  +;  0

     0.01 deg.: X-S =   1.8241E+13 mb/sr,
+                                         /R =   9.9998E-01
     1.00 deg.: X-S =   1.6327E+05 mb/sr,
+                                         /R =   8.9501E-01
     2.00 deg.: X-S =  8708.342337 mb/sr,
+                                         /R =   7.6368E-01
     3.00 deg.: X-S =  2377.806764 mb/sr,
+                                         /R =   1.0554E+00
     4.00 deg.: X-S =  1743.252206 mb/sr,
+                                         /R =   2.4445E+00
     5.00 deg.: X-S =  1685.081992 mb/sr,
+                                         /R =   5.7662E+00
     6.00 deg.: X-S =  1682.121816 mb/sr,
+                                         /R =   1.1929E+01
     7.00 deg.: X-S =  1661.670590 mb/sr,
+                                         /R =   2.1817E+01
     8.00 deg.: X-S =  1616.955698 mb/sr,
+                                         /R =   3.6190E+01
     9.00 deg.: X-S =  1552.000290 mb/sr,
+                                         /R =   5.5593E+01
    10.00 deg.: X-S =  1471.901535 mb/sr,
+                                         /R =   8.0281E+01
    11.00 deg.: X-S =  1381.130074 mb/sr,
+                                         /R =   1.1017E+02
    12.00 deg.: X-S =  1283.384305 mb/sr,
+                                         /R =   1.4483E+02
    13.00 deg.: X-S =  1181.711845 mb/sr,
+                                         /R =   1.8344E+02
    14.00 deg.: X-S =  1078.636911 mb/sr,
+                                         /R =   2.2491E+02
    15.00 deg.: X-S =   976.252736 mb/sr,
+                                         /R =   2.6786E+02
    16.00 deg.: X-S =   876.283602 mb/sr,
+                                         /R =   3.1075E+02
    17.00 deg.: X-S =   780.127197 mb/sr,
+                                         /R =   3.5199E+02
    18.00 deg.: X-S =   688.885955 mb/sr,
+                                         /R =   3.8997E+02
    19.00 deg.: X-S =   603.393091 mb/sr,
+                                         /R =   4.2324E+02
    20.00 deg.: X-S =   524.236763 mb/sr,
+                                         /R =   4.5057E+02
    21.00 deg.: X-S =   451.784156 mb/sr,
+                                         /R =   4.7099E+02
    22.00 deg.: X-S =   386.206215 mb/sr,
+                                         /R =   4.8391E+02
    23.00 deg.: X-S =   327.503121 mb/sr,
+                                         /R =   4.8909E+02
    24.00 deg.: X-S =   275.530171 mb/sr,
+                                         /R =   4.8667E+02
    25.00 deg.: X-S =   230.023559 mb/sr,
+                                         /R =   4.7717E+02
    26.00 deg.: X-S =   190.625452 mb/sr,
+                                         /R =   4.6141E+02
    27.00 deg.: X-S =   156.907804 mb/sr,
+                                         /R =   4.4049E+02
    28.00 deg.: X-S =   128.394384 mb/sr,
+                                         /R =   4.1572E+02
    29.00 deg.: X-S =   104.580646 mb/sr,
+                                         /R =   3.8851E+02
    30.00 deg.: X-S =    84.951145 mb/sr,
+                                         /R =   3.6033E+02
    31.00 deg.: X-S =    68.994368 mb/sr,
+                                         /R =   3.3263E+02
    32.00 deg.: X-S =    56.214915 mb/sr,
+                                         /R =   3.0673E+02
    33.00 deg.: X-S =    46.143121 mb/sr,
+                                         /R =   2.8381E+02
    34.00 deg.: X-S =    38.342236 mb/sr,
+                                         /R =   2.6483E+02
    35.00 deg.: X-S =    32.413385 mb/sr,
+                                         /R =   2.5052E+02
    36.00 deg.: X-S =    27.998541 mb/sr,
+                                         /R =   2.4133E+02
    37.00 deg.: X-S =    24.781795 mb/sr,
+                                         /R =   2.3746E+02
    38.00 deg.: X-S =    22.489188 mb/sr,
+                                         /R =   2.3883E+02
    39.00 deg.: X-S =    20.887397 mb/sr,
+                                         /R =   2.4514E+02
    40.00 deg.: X-S =    19.781514 mb/sr,
+                                         /R =   2.5587E+02
    41.00 deg.: X-S =    19.012179 mb/sr,
+                                         /R =   2.7032E+02
    42.00 deg.: X-S =    18.452266 mb/sr,
+                                         /R =   2.8769E+02
    43.00 deg.: X-S =    18.003316 mb/sr,
+                                         /R =   3.0705E+02
    44.00 deg.: X-S =    17.591867 mb/sr,
+                                         /R =   3.2747E+02
    45.00 deg.: X-S =    17.165822 mb/sr,
+                                         /R =   3.4800E+02
    46.00 deg.: X-S =    16.690937 mb/sr,
+                                         /R =   3.6774E+02
    47.00 deg.: X-S =    16.147537 mb/sr,
+                                         /R =   3.8588E+02
    48.00 deg.: X-S =    15.527484 mb/sr,
+                                         /R =   4.0170E+02
    49.00 deg.: X-S =    14.831466 mb/sr,
+                                         /R =   4.1461E+02
    50.00 deg.: X-S =    14.066600 mb/sr,
+                                         /R =   4.2416E+02
    51.00 deg.: X-S =    13.244382 mb/sr,
+                                         /R =   4.3005E+02
    52.00 deg.: X-S =    12.378962 mb/sr,
+                                         /R =   4.3212E+02
    53.00 deg.: X-S =    11.485732 mb/sr,
+                                         /R =   4.3035E+02
    54.00 deg.: X-S =    10.580218 mb/sr,
+                                         /R =   4.2485E+02
    55.00 deg.: X-S =     9.677235 mb/sr,
+                                         /R =   4.1584E+02
    56.00 deg.: X-S =     8.790283 mb/sr,
+                                         /R =   4.0364E+02
    57.00 deg.: X-S =     7.931149 mb/sr,
+                                         /R =   3.8863E+02
    58.00 deg.: X-S =     7.109678 mb/sr,
+                                         /R =   3.7127E+02
    59.00 deg.: X-S =     6.333697 mb/sr,
+                                         /R =   3.5202E+02
    60.00 deg.: X-S =     5.609031 mb/sr,
+                                         /R =   3.3138E+02
    61.00 deg.: X-S =     4.939616 mb/sr,
+                                         /R =   3.0983E+02
    62.00 deg.: X-S =     4.327667 mb/sr,
+                                         /R =   2.8785E+02
    63.00 deg.: X-S =     3.773872 mb/sr,
+                                         /R =   2.6588E+02
    64.00 deg.: X-S =     3.277617 mb/sr,
+                                         /R =   2.4431E+02
    65.00 deg.: X-S =     2.837210 mb/sr,
+                                         /R =   2.2352E+02
    66.00 deg.: X-S =     2.450096 mb/sr,
+                                         /R =   2.0378E+02
    67.00 deg.: X-S =     2.113062 mb/sr,
+                                         /R =   1.8536E+02
    68.00 deg.: X-S =     1.822428 mb/sr,
+                                         /R =   1.6844E+02
    69.00 deg.: X-S =     1.574206 mb/sr,
+                                         /R =   1.5315E+02
    70.00 deg.: X-S =     1.364245 mb/sr,
+                                         /R =   1.3958E+02
    71.00 deg.: X-S =     1.188358 mb/sr,
+                                         /R =   1.2774E+02
    72.00 deg.: X-S =     1.042417 mb/sr,
+                                         /R =   1.1762E+02
    73.00 deg.: X-S =     0.922438 mb/sr,
+                                         /R =   1.0915E+02
    74.00 deg.: X-S =     0.824648 mb/sr,
+                                         /R =   1.0225E+02
    75.00 deg.: X-S =     0.745530 mb/sr,
+                                         /R =   9.6784E+01
    76.00 deg.: X-S =     0.681863 mb/sr,
+                                         /R =   9.2601E+01
    77.00 deg.: X-S =     0.630743 mb/sr,
+                                         /R =   8.9537E+01
    78.00 deg.: X-S =     0.589597 mb/sr,
+                                         /R =   8.7417E+01
    79.00 deg.: X-S =     0.556180 mb/sr,
+                                         /R =   8.6062E+01
    80.00 deg.: X-S =     0.528576 mb/sr,
+                                         /R =   8.5296E+01
    81.00 deg.: X-S =     0.505179 mb/sr,
+                                         /R =   8.4952E+01
    82.00 deg.: X-S =     0.484677 mb/sr,
+                                         /R =   8.4874E+01
    83.00 deg.: X-S =     0.466025 mb/sr,
+                                         /R =   8.4922E+01
    84.00 deg.: X-S =     0.448419 mb/sr,
+                                         /R =   8.4973E+01
    85.00 deg.: X-S =     0.431266 mb/sr,
+                                         /R =   8.4924E+01
    86.00 deg.: X-S =     0.414154 mb/sr,
+                                         /R =   8.4693E+01
    87.00 deg.: X-S =     0.396818 mb/sr,
+                                         /R =   8.4216E+01
    88.00 deg.: X-S =     0.379118 mb/sr,
+                                         /R =   8.3447E+01
    89.00 deg.: X-S =     0.361006 mb/sr,
+                                         /R =   8.2360E+01
    90.00 deg.: X-S =     0.342505 mb/sr,
+                                         /R =   8.0939E+01
    91.00 deg.: X-S =     0.323689 mb/sr,
+                                         /R =   7.9186E+01
    92.00 deg.: X-S =     0.304665 mb/sr,
+                                         /R =   7.7110E+01
    93.00 deg.: X-S =     0.285558 mb/sr,
+                                         /R =   7.4730E+01
    94.00 deg.: X-S =     0.266505 mb/sr,
+                                         /R =   7.2072E+01
    95.00 deg.: X-S =     0.247643 mb/sr,
+                                         /R =   6.9167E+01
    96.00 deg.: X-S =     0.229103 mb/sr,
+                                         /R =   6.6051E+01
    97.00 deg.: X-S =     0.211011 mb/sr,
+                                         /R =   6.2760E+01
    98.00 deg.: X-S =     0.193482 mb/sr,
+                                         /R =   5.9335E+01
    99.00 deg.: X-S =     0.176617 mb/sr,
+                                         /R =   5.5817E+01
   100.00 deg.: X-S =     0.160508 mb/sr,
+                                         /R =   5.2247E+01
   101.00 deg.: X-S =     0.145231 mb/sr,
+                                         /R =   4.8667E+01
   102.00 deg.: X-S =     0.130847 mb/sr,
+                                         /R =   4.5116E+01
   103.00 deg.: X-S =     0.117406 mb/sr,
+                                         /R =   4.1631E+01
   104.00 deg.: X-S =     0.104942 mb/sr,
+                                         /R =   3.8250E+01
   105.00 deg.: X-S =     0.093471 mb/sr,
+                                         /R =   3.5002E+01
   106.00 deg.: X-S =     0.083000 mb/sr,
+                                         /R =   3.1917E+01
   107.00 deg.: X-S =     0.073516 mb/sr,
+                                         /R =   2.9017E+01
   108.00 deg.: X-S =     0.064996 mb/sr,
+                                         /R =   2.6319E+01
   109.00 deg.: X-S =     0.057405 mb/sr,
+                                         /R =   2.3837E+01
   110.00 deg.: X-S =     0.050695 mb/sr,
+                                         /R =   2.1576E+01
   111.00 deg.: X-S =     0.044810 mb/sr,
+                                         /R =   1.9539E+01
   112.00 deg.: X-S =     0.039690 mb/sr,
+                                         /R =   1.7723E+01
   113.00 deg.: X-S =     0.035268 mb/sr,
+                                         /R =   1.6120E+01
   114.00 deg.: X-S =     0.031477 mb/sr,
+                                         /R =   1.4720E+01
   115.00 deg.: X-S =     0.028249 mb/sr,
+                                         /R =   1.3511E+01
   116.00 deg.: X-S =     0.025520 mb/sr,
+                                         /R =   1.2477E+01
   117.00 deg.: X-S =     0.023228 mb/sr,
+                                         /R =   1.1605E+01
   118.00 deg.: X-S =     0.021317 mb/sr,
+                                         /R =   1.0878E+01
   119.00 deg.: X-S =     0.019736 mb/sr,
+                                         /R =   1.0282E+01
   120.00 deg.: X-S =     0.018438 mb/sr,
+                                         /R =   9.8035E+00
   121.00 deg.: X-S =     0.017383 mb/sr,
+                                         /R =   9.4288E+00
   122.00 deg.: X-S =     0.016535 mb/sr,
+                                         /R =   9.1459E+00
   123.00 deg.: X-S =     0.015861 mb/sr,
+                                         /R =   8.9431E+00
   124.00 deg.: X-S =     0.015334 mb/sr,
+                                         /R =   8.8095E+00
   125.00 deg.: X-S =     0.014926 mb/sr,
+                                         /R =   8.7341E+00
   126.00 deg.: X-S =     0.014613 mb/sr,
+                                         /R =   8.7062E+00
   127.00 deg.: X-S =     0.014373 mb/sr,
+                                         /R =   8.7148E+00
   128.00 deg.: X-S =     0.014183 mb/sr,
+                                         /R =   8.7488E+00
   129.00 deg.: X-S =     0.014023 mb/sr,
+                                         /R =   8.7972E+00
   130.00 deg.: X-S =     0.013875 mb/sr,
+                                         /R =   8.8492E+00
   131.00 deg.: X-S =     0.013724 mb/sr,
+                                         /R =   8.8943E+00
   132.00 deg.: X-S =     0.013553 mb/sr,
+                                         /R =   8.9231E+00
   133.00 deg.: X-S =     0.013353 mb/sr,
+                                         /R =   8.9272E+00
   134.00 deg.: X-S =     0.013114 mb/sr,
+                                         /R =   8.9000E+00
   135.00 deg.: X-S =     0.012831 mb/sr,
+                                         /R =   8.8364E+00
   136.00 deg.: X-S =     0.012501 mb/sr,
+                                         /R =   8.7332E+00
   137.00 deg.: X-S =     0.012125 mb/sr,
+                                         /R =   8.5893E+00
   138.00 deg.: X-S =     0.011706 mb/sr,
+                                         /R =   8.4053E+00
   139.00 deg.: X-S =     0.011247 mb/sr,
+                                         /R =   8.1835E+00
   140.00 deg.: X-S =     0.010755 mb/sr,
+                                         /R =   7.9272E+00
   141.00 deg.: X-S =     0.010238 mb/sr,
+                                         /R =   7.6410E+00
   142.00 deg.: X-S =     0.009702 mb/sr,
+                                         /R =   7.3299E+00
   143.00 deg.: X-S =     0.009155 mb/sr,
+                                         /R =   6.9989E+00
   144.00 deg.: X-S =     0.008603 mb/sr,
+                                         /R =   6.6531E+00
   145.00 deg.: X-S =     0.008052 mb/sr,
+                                         /R =   6.2971E+00
   146.00 deg.: X-S =     0.007508 mb/sr,
+                                         /R =   5.9352E+00
   147.00 deg.: X-S =     0.006973 mb/sr,
+                                         /R =   5.5708E+00
   148.00 deg.: X-S =     0.006452 mb/sr,
+                                         /R =   5.2071E+00
   149.00 deg.: X-S =     0.005947 mb/sr,
+                                         /R =   4.8469E+00
   150.00 deg.: X-S =     0.005460 mb/sr,
+                                         /R =   4.4926E+00
   151.00 deg.: X-S =     0.004994 mb/sr,
+                                         /R =   4.1470E+00
   152.00 deg.: X-S =     0.004551 mb/sr,
+                                         /R =   3.8130E+00
   153.00 deg.: X-S =     0.004135 mb/sr,
+                                         /R =   3.4940E+00
   154.00 deg.: X-S =     0.003748 mb/sr,
+                                         /R =   3.1937E+00
   155.00 deg.: X-S =     0.003396 mb/sr,
+                                         /R =   2.9164E+00
   156.00 deg.: X-S =     0.003082 mb/sr,
+                                         /R =   2.6669E+00
   157.00 deg.: X-S =     0.002811 mb/sr,
+                                         /R =   2.4499E+00
   158.00 deg.: X-S =     0.002586 mb/sr,
+                                         /R =   2.2698E+00
   159.00 deg.: X-S =     0.002412 mb/sr,
+                                         /R =   2.1306E+00
   160.00 deg.: X-S =     0.002289 mb/sr,
+                                         /R =   2.0355E+00
   161.00 deg.: X-S =     0.002221 mb/sr,
+                                         /R =   1.9863E+00
   162.00 deg.: X-S =     0.002205 mb/sr,
+                                         /R =   1.9833E+00
   163.00 deg.: X-S =     0.002239 mb/sr,
+                                         /R =   2.0253E+00
   164.00 deg.: X-S =     0.002321 mb/sr,
+                                         /R =   2.1096E+00
   165.00 deg.: X-S =     0.002444 mb/sr,
+                                         /R =   2.2320E+00
   166.00 deg.: X-S =     0.002602 mb/sr,
+                                         /R =   2.3868E+00
   167.00 deg.: X-S =     0.002787 mb/sr,
+                                         /R =   2.5676E+00
   168.00 deg.: X-S =     0.002993 mb/sr,
+                                         /R =   2.7675E+00
   169.00 deg.: X-S =     0.003210 mb/sr,
+                                         /R =   2.9790E+00
   170.00 deg.: X-S =     0.003432 mb/sr,
+                                         /R =   3.1953E+00
   171.00 deg.: X-S =     0.003652 mb/sr,
+                                         /R =   3.4094E+00
   172.00 deg.: X-S =     0.003862 mb/sr,
+                                         /R =   3.6153E+00
   173.00 deg.: X-S =     0.004058 mb/sr,
+                                         /R =   3.8078E+00
   174.00 deg.: X-S =     0.004236 mb/sr,
+                                         /R =   3.9823E+00
   175.00 deg.: X-S =     0.004391 mb/sr,
+                                         /R =   4.1352E+00
   176.00 deg.: X-S =     0.004522 mb/sr,
+                                         /R =   4.2637E+00
   177.00 deg.: X-S =     0.004625 mb/sr,
+                                         /R =   4.3656E+00
   178.00 deg.: X-S =     0.004699 mb/sr,
+                                         /R =   4.4394E+00
   179.00 deg.: X-S =     0.004744 mb/sr,
+                                         /R =   4.4841E+00
   179.99 deg.: X-S =     0.004760 mb/sr,
+                                         /R =   4.4990E+00
                                           Integrated********** mb, over [   0.000, 180.000] at   350.0000 MeV 
 Finished all xsecs @    3.12500000E-02

  The following files have been created:
   3:local copy of User input.            6:standard output.                   
  13:total cross sections/state.         39:cross sections for each Ecm.       
  40:all cross sectns. for each Elab.    56:Fusion for each Jtotal.            

 PARAMETERS : MAXQRN   MFNL   MLOC  LMAX1 MCLIST
    ALLOWED :      1      1      4    170      6
    REQUIRED:      0      0      4     15      3


 ACCURACY ANALYSIS at   350.000 MeV :

  Elastic h*k = 0.065 so OK       compared with 0.200

   Real(S-el) > 0.01 first at J =       4.5
   Real(S-el) > 0.10 first at J =       4.5
   Real(S-el) > 0.50 first at J =       5.5
   Real(S-el) > 0.90 first at J =       7.5
   Real(S-el) > 0.99 first at J =       9.5
   R-turn =     8.87 fm    at J =      14.5

 Forward-angle excitation cut off below   0.257 deg by max JT =      14.5
                              and below   0.047 deg by max R.

 Total CPU  0 time =       0.03 seconds
