 FRESCO - FRES 3.4: Coupled Reaction Channels
 Assuming NAMELIST input.

 Test reaction with generated potential                                          

   0.040  50.000   0.500   0.000   0.000   0.000   0.000   0.000   0.000   0.000

 Centre-of-mass Range is   1252 * 0.0400 fm., Maximum at  50.00 fm., Interpolating NL forms every  0.52 fm.
 Non - locality width is      4 * 0.0400 fm., Maximum of   0.12 fm., Centred at  0.00 fm.
 2-Nucleon Separation of      0 * 0.5200 fm., Maximum of   0.00 fm., Minimum at  0.00 fm.
 Maximum single particle bins of 49.9200 fm.
               M,Mint =         1251        1249


 Range of total J is     0.0 <= J <=   150.0 (at least     0.0) and Absorbtion =>     0.1000 mb.
 Dry Run = F, CC set limits =  0  0, Relativistic kinematics =  , Both/Far/Near Analyses =  1                     

 Cross Sections (and up to T0 for 0=projectile) for Theta from   0.0 to 180.0 in steps of  1.0 degrees, DGAM=0,  Coordinates = 0 (Mads)

 Lower Radial Cutoff = maximum of -1.60*L*h &       0.0 fm.,  Lower Cutoff for Couplings =   0.0  fm.


 Iterate Couplings between   0 and   0 times, to  0.000 % if sooner.                                          
  Block solved exactly =   0 chs., with Pade = 0 & Isocen =  =0, NOSOL = F, initwf =  0
  NL quadrature with   18 Gaussian points, Calculate multipoles up to   156 from   0
  M-transfers for lp+lt greater than or equal to  6, Angular Integration Cutoff below  2.7778 %


 Trace switches are :  CHANS =  0, LISTCC =  0, TRENEG =  0, CDETR =  0, SMATS =  0, XSTABL =  0, NLPL =  0

                       WAVES =  0, LAMPL =  0, VEFF =  0, KFUS =  0, WDISK =  0, BPM =  0, MELFIL =  0

                       CDCC =  0, NFUS =  0

 Using unit mass = 1.000000 amu and 1/fine-structure constant = 137.03599 ( 1.000000 * true ) with hc = 197.32705 MeV.fm,
  thus 2*amu/hbar^2 = 0.0478450 = 1/20.9008 and Coulomb constant = 0.1574855 so e^2 = 1.43997, and nuclear magneton= 0.1261183

 Now pre-scan input and save to file 3



 *********** PARTITION NUMBER  1 ******************************************************************************************

   PROJ=p          MASS=  1.0000 Z=   1.0,        # STATES=    1T, TARG=7Li      MASS=  7.0000 Z=   3.0,     Q-VALUE =   0.0000 MEV.

     1:  J= 0.5+ (B# 1), E=  0.0000, K= 0.5              Potl#  1       J= 1.5+ (B# 1), E=  0.0000, K= 0.5    


 ************************************************************************************************************************************

 The following POTENTIALS are defined :

  KP#       TYPE      IT    SHAPE      at     V1        r1        a1        V2        r2        a2        A-in     A-used


                                            A#1       A#2        r0c       ac                                                h @ 1
    1    0=Coulomb       0=CHARGE (WS)  1     7.000     3.000    3.6264    0.0000    0.0000    0.0000     0.000    37.770   0.04000

    1    1=Volume        0=Woods-Saxon  2   14.9664    1.0920    0.6768   13.8780    1.0920    0.6768     0.000    37.770

    1    2=Surface       0=Woods-Saxon  3    0.0000    0.0000    0.0000    0.0273    1.3121    0.5223     0.000    37.770

    1    3=Projtl S.O.   0=Woods-Saxon  4    1.8021    0.8472    0.5900    0.0000    0.0000    0.0000     0.000    37.770

 Incoming partition  1 in excitation state # 1,   Laboratory Energy given for partition  1 Nucleus 1 in Excitation pair 1

0Lab. ENERGY ranges :

   from    290.000     to   0.00000     in     0 intervals
   from    0.00000     to   0.00000     in     0 intervals
   from    0.00000     to   0.00000     in     0 intervals

 Largest real,imaginary parts of any form factor at R=   49.60 are   2.90E-02  4.61E-29 MeV
 Finished all Couplings @    0.00000000               4

 Symmetric Hamiltonian
1***********************************************************************************************************************************
************************************************************************************************************************************

        INCOMING p        ;    LABORATORY p        ENERGY =   290.00     MeV.

 ***********************************************************************************************************************************
 ***********************************************************************************************************************************


  NOTE: Coulomb excitation cut off below   0.021 deg by JTMAX, and below   0.020 deg by Rmax

 Allocate arrays for            2  channels, of which            1  need wfs.
 Allocate arrays for            3  channels, of which            3  need wfs.
 Allocate arrays for            4  channels, of which            4  need wfs.
 Reaction Xsec    22.0+/20 @ 1 =   0.337 , Out:   0.000#
 Reaction Xsec    22.0+/22 @ 2 =   0.144 , Out:   0.000#
 Reaction Xsec    22.0+/22 @ 3 =   0.144 , Out:   0.000#
 Reaction Xsec    22.0+/24 @ 4 =   0.061 , Out:   0.000#
 Reaction Xsec    22.0-/21 @ 1 =   0.220 , Out:   0.000#
 Reaction Xsec    22.0-/21 @ 2 =   0.221 , Out:   0.000#
 Reaction Xsec    22.0-/23 @ 3 =   0.094 , Out:   0.000#
 Reaction Xsec    22.0-/23 @ 4 =   0.094 , Out:   0.000#
 Finished all CC sets @    4.68750000E-02
0CUMULATIVE REACTION cross section                 =  352.14484  <L> =     9.50  <L**2> =    109.7
0CUMULATIVE outgoing cross sections in partition 1 :    0.00000
0Cumulative ABSORBTION by Imaginary Potentials     =  352.14484  <L> =     9.50  <L**2> =    109.7
   Fusion for specific p        M-states :  353.833073  353.833073
0CUMULATIVE OUTGOING cross section                 =    0.00000
 To convert to S-factors (MeV.mb = keV.b),  multiply by  3.0207E+02


 CROSS SECTIONS FOR OUTGOING p        & 7Li      in state #   1 with spins & parities 0.5  + &  1.5  +;  0

     0.01 deg.: X-S =   3.1232E+12 mb/sr,
+                                         /R =   9.9995E-01
     1.00 deg.: X-S =   2.0636E+04 mb/sr,
+                                         /R =   6.6066E-01
     2.00 deg.: X-S =  1503.649949 mb/sr,
+                                         /R =   7.7011E-01
     3.00 deg.: X-S =  1557.104403 mb/sr,
+                                         /R =   4.0363E+00
     4.00 deg.: X-S =  1641.135049 mb/sr,
+                                         /R =   1.3440E+01
     5.00 deg.: X-S =  1536.118466 mb/sr,
+                                         /R =   3.0699E+01
     6.00 deg.: X-S =  1331.536325 mb/sr,
+                                         /R =   5.5149E+01
     7.00 deg.: X-S =  1089.304184 mb/sr,
+                                         /R =   8.3529E+01
     8.00 deg.: X-S =   847.376040 mb/sr,
+                                         /R =   1.1076E+02
     9.00 deg.: X-S =   628.336592 mb/sr,
+                                         /R =   1.3145E+02
    10.00 deg.: X-S =   444.016825 mb/sr,
+                                         /R =   1.4144E+02
    11.00 deg.: X-S =   298.420277 mb/sr,
+                                         /R =   1.3903E+02
    12.00 deg.: X-S =   190.086230 mb/sr,
+                                         /R =   1.2528E+02
    13.00 deg.: X-S =   114.177408 mb/sr,
+                                         /R =   1.0351E+02
    14.00 deg.: X-S =    64.257805 mb/sr,
+                                         /R =   7.8251E+01
    15.00 deg.: X-S =    33.662604 mb/sr,
+                                         /R =   5.3942E+01
    16.00 deg.: X-S =    16.408041 mb/sr,
+                                         /R =   3.3983E+01
    17.00 deg.: X-S =     7.664514 mb/sr,
+                                         /R =   2.0197E+01
    18.00 deg.: X-S =     3.878332 mb/sr,
+                                         /R =   1.2822E+01
    19.00 deg.: X-S =     2.658270 mb/sr,
+                                         /R =   1.0890E+01
    20.00 deg.: X-S =     2.541717 mb/sr,
+                                         /R =   1.2758E+01
    21.00 deg.: X-S =     2.731311 mb/sr,
+                                         /R =   1.6630E+01
    22.00 deg.: X-S =     2.859600 mb/sr,
+                                         /R =   2.0926E+01
    23.00 deg.: X-S =     2.807841 mb/sr,
+                                         /R =   2.4489E+01
    24.00 deg.: X-S =     2.582206 mb/sr,
+                                         /R =   2.6637E+01
    25.00 deg.: X-S =     2.238128 mb/sr,
+                                         /R =   2.7115E+01
    26.00 deg.: X-S =     1.839382 mb/sr,
+                                         /R =   2.6002E+01
    27.00 deg.: X-S =     1.439464 mb/sr,
+                                         /R =   2.3601E+01
    28.00 deg.: X-S =     1.075762 mb/sr,
+                                         /R =   2.0342E+01
    29.00 deg.: X-S =     0.770117 mb/sr,
+                                         /R =   1.6709E+01
    30.00 deg.: X-S =     0.531781 mb/sr,
+                                         /R =   1.3174E+01
    31.00 deg.: X-S =     0.360604 mb/sr,
+                                         /R =   1.0153E+01
    32.00 deg.: X-S =     0.249619 mb/sr,
+                                         /R =   7.9546E+00
    33.00 deg.: X-S =     0.187078 mb/sr,
+                                         /R =   6.7201E+00
    34.00 deg.: X-S =     0.158409 mb/sr,
+                                         /R =   6.3901E+00
    35.00 deg.: X-S =     0.148467 mb/sr,
+                                         /R =   6.7017E+00
    36.00 deg.: X-S =     0.144003 mb/sr,
+                                         /R =   7.2491E+00
    37.00 deg.: X-S =     0.135823 mb/sr,
+                                         /R =   7.6009E+00
    38.00 deg.: X-S =     0.119946 mb/sr,
+                                         /R =   7.4394E+00
    39.00 deg.: X-S =     0.097280 mb/sr,
+                                         /R =   6.6679E+00
    40.00 deg.: X-S =     0.071937 mb/sr,
+                                         /R =   5.4343E+00
    41.00 deg.: X-S =     0.048845 mb/sr,
+                                         /R =   4.0561E+00
    42.00 deg.: X-S =     0.031588 mb/sr,
+                                         /R =   2.8763E+00
    43.00 deg.: X-S =     0.021266 mb/sr,
+                                         /R =   2.1183E+00
    44.00 deg.: X-S =     0.016615 mb/sr,
+                                         /R =   1.8063E+00
    45.00 deg.: X-S =     0.015096 mb/sr,
+                                         /R =   1.7874E+00
    46.00 deg.: X-S =     0.014265 mb/sr,
+                                         /R =   1.8355E+00
    47.00 deg.: X-S =     0.012729 mb/sr,
+                                         /R =   1.7765E+00
    48.00 deg.: X-S =     0.010362 mb/sr,
+                                         /R =   1.5655E+00
    49.00 deg.: X-S =     0.007839 mb/sr,
+                                         /R =   1.2799E+00
    50.00 deg.: X-S =     0.005911 mb/sr,
+                                         /R =   1.0410E+00
    51.00 deg.: X-S =     0.004860 mb/sr,
+                                         /R =   9.2154E-01
    52.00 deg.: X-S =     0.004402 mb/sr,
+                                         /R =   8.9744E-01
    53.00 deg.: X-S =     0.003989 mb/sr,
+                                         /R =   8.7289E-01
    54.00 deg.: X-S =     0.003233 mb/sr,
+                                         /R =   7.5808E-01
    55.00 deg.: X-S =     0.002166 mb/sr,
+                                         /R =   5.4355E-01
    56.00 deg.: X-S =     0.001186 mb/sr,
+                                         /R =   3.1808E-01
    57.00 deg.: X-S =     0.000750 mb/sr,
+                                         /R =   2.1457E-01
    58.00 deg.: X-S =     0.001041 mb/sr,
+                                         /R =   3.1737E-01
    59.00 deg.: X-S =     0.001826 mb/sr,
+                                         /R =   5.9278E-01
    60.00 deg.: X-S =     0.002588 mb/sr,
+                                         /R =   8.9303E-01
    61.00 deg.: X-S =     0.002832 mb/sr,
+                                         /R =   1.0376E+00
    62.00 deg.: X-S =     0.002381 mb/sr,
+                                         /R =   9.2498E-01
    63.00 deg.: X-S =     0.001469 mb/sr,
+                                         /R =   6.0430E-01
    64.00 deg.: X-S =     0.000591 mb/sr,
+                                         /R =   2.5716E-01
    65.00 deg.: X-S =     0.000206 mb/sr,
+                                         /R =   9.4912E-02
    66.00 deg.: X-S =     0.000475 mb/sr,
+                                         /R =   2.3061E-01
    67.00 deg.: X-S =     0.001180 mb/sr,
+                                         /R =   6.0451E-01
    68.00 deg.: X-S =     0.001876 mb/sr,
+                                         /R =   1.0125E+00
    69.00 deg.: X-S =     0.002155 mb/sr,
+                                         /R =   1.2245E+00
    70.00 deg.: X-S =     0.001880 mb/sr,
+                                         /R =   1.1234E+00
    71.00 deg.: X-S =     0.001241 mb/sr,
+                                         /R =   7.7888E-01
    72.00 deg.: X-S =     0.000620 mb/sr,
+                                         /R =   4.0824E-01
    73.00 deg.: X-S =     0.000354 mb/sr,
+                                         /R =   2.4496E-01
    74.00 deg.: X-S =     0.000544 mb/sr,
+                                         /R =   3.9411E-01
    75.00 deg.: X-S =     0.001008 mb/sr,
+                                         /R =   7.6440E-01
    76.00 deg.: X-S =     0.001414 mb/sr,
+                                         /R =   1.1215E+00
    77.00 deg.: X-S =     0.001487 mb/sr,
+                                         /R =   1.2328E+00
    78.00 deg.: X-S =     0.001173 mb/sr,
+                                         /R =   1.0155E+00
    79.00 deg.: X-S =     0.000659 mb/sr,
+                                         /R =   5.9518E-01
    80.00 deg.: X-S =     0.000248 mb/sr,
+                                         /R =   2.3374E-01
    81.00 deg.: X-S =     0.000173 mb/sr,
+                                         /R =   1.6953E-01
    82.00 deg.: X-S =     0.000455 mb/sr,
+                                         /R =   4.6538E-01
    83.00 deg.: X-S =     0.000903 mb/sr,
+                                         /R =   9.6153E-01
    84.00 deg.: X-S =     0.001235 mb/sr,
+                                         /R =   1.3666E+00
    85.00 deg.: X-S =     0.001247 mb/sr,
+                                         /R =   1.4347E+00
    86.00 deg.: X-S =     0.000939 mb/sr,
+                                         /R =   1.1209E+00
    87.00 deg.: X-S =     0.000497 mb/sr,
+                                         /R =   6.1660E-01
    88.00 deg.: X-S =     0.000186 mb/sr,
+                                         /R =   2.3884E-01
    89.00 deg.: X-S =     0.000178 mb/sr,
+                                         /R =   2.3682E-01
    90.00 deg.: X-S =     0.000460 mb/sr,
+                                         /R =   6.3427E-01
    91.00 deg.: X-S =     0.000845 mb/sr,
+                                         /R =   1.2069E+00
    92.00 deg.: X-S =     0.001092 mb/sr,
+                                         /R =   1.6140E+00
    93.00 deg.: X-S =     0.001051 mb/sr,
+                                         /R =   1.6069E+00
    94.00 deg.: X-S =     0.000752 mb/sr,
+                                         /R =   1.1874E+00
    95.00 deg.: X-S =     0.000377 mb/sr,
+                                         /R =   6.1530E-01
    96.00 deg.: X-S =     0.000151 mb/sr,
+                                         /R =   2.5482E-01
    97.00 deg.: X-S =     0.000202 mb/sr,
+                                         /R =   3.5112E-01
    98.00 deg.: X-S =     0.000487 mb/sr,
+                                         /R =   8.7282E-01
    99.00 deg.: X-S =     0.000824 mb/sr,
+                                         /R =   1.5217E+00
   100.00 deg.: X-S =     0.001004 mb/sr,
+                                         /R =   1.9093E+00
   101.00 deg.: X-S =     0.000917 mb/sr,
+                                         /R =   1.7954E+00
   102.00 deg.: X-S =     0.000618 mb/sr,
+                                         /R =   1.2437E+00
   103.00 deg.: X-S =     0.000286 mb/sr,
+                                         /R =   5.9239E-01
   104.00 deg.: X-S =     0.000120 mb/sr,
+                                         /R =   2.5441E-01
   105.00 deg.: X-S =     0.000212 mb/sr,
+                                         /R =   4.6292E-01
   106.00 deg.: X-S =     0.000499 mb/sr,
+                                         /R =   1.1203E+00
   107.00 deg.: X-S =     0.000801 mb/sr,
+                                         /R =   1.8472E+00
   108.00 deg.: X-S =     0.000934 mb/sr,
+                                         /R =   2.2085E+00
   109.00 deg.: X-S =     0.000817 mb/sr,
+                                         /R =   1.9815E+00
   110.00 deg.: X-S =     0.000524 mb/sr,
+                                         /R =   1.3020E+00
   111.00 deg.: X-S =     0.000233 mb/sr,
+                                         /R =   5.9258E-01
   112.00 deg.: X-S =     0.000119 mb/sr,
+                                         /R =   3.1015E-01
   113.00 deg.: X-S =     0.000248 mb/sr,
+                                         /R =   6.6331E-01
   114.00 deg.: X-S =     0.000540 mb/sr,
+                                         /R =   1.4736E+00
   115.00 deg.: X-S =     0.000813 mb/sr,
+                                         /R =   2.2721E+00
   116.00 deg.: X-S =     0.000903 mb/sr,
+                                         /R =   2.5796E+00
   117.00 deg.: X-S =     0.000755 mb/sr,
+                                         /R =   2.2037E+00
   118.00 deg.: X-S =     0.000459 mb/sr,
+                                         /R =   1.3690E+00
   119.00 deg.: X-S =     0.000195 mb/sr,
+                                         /R =   5.9370E-01
   120.00 deg.: X-S =     0.000122 mb/sr,
+                                         /R =   3.7959E-01
   121.00 deg.: X-S =     0.000284 mb/sr,
+                                         /R =   9.0069E-01
   122.00 deg.: X-S =     0.000583 mb/sr,
+                                         /R =   1.8830E+00
   123.00 deg.: X-S =     0.000837 mb/sr,
+                                         /R =   2.7570E+00
   124.00 deg.: X-S =     0.000894 mb/sr,
+                                         /R =   2.9985E+00
   125.00 deg.: X-S =     0.000718 mb/sr,
+                                         /R =   2.4553E+00
   126.00 deg.: X-S =     0.000418 mb/sr,
+                                         /R =   1.4552E+00
   127.00 deg.: X-S =     0.000176 mb/sr,
+                                         /R =   6.2296E-01
   128.00 deg.: X-S =     0.000140 mb/sr,
+                                         /R =   5.0550E-01
   129.00 deg.: X-S =     0.000336 mb/sr,
+                                         /R =   1.2312E+00
   130.00 deg.: X-S =     0.000648 mb/sr,
+                                         /R =   2.4135E+00
   131.00 deg.: X-S =     0.000890 mb/sr,
+                                         /R =   3.3688E+00
   132.00 deg.: X-S =     0.000917 mb/sr,
+                                         /R =   3.5258E+00
   133.00 deg.: X-S =     0.000713 mb/sr,
+                                         /R =   2.7831E+00
   134.00 deg.: X-S =     0.000401 mb/sr,
+                                         /R =   1.5909E+00
   135.00 deg.: X-S =     0.000173 mb/sr,
+                                         /R =   6.9759E-01
   136.00 deg.: X-S =     0.000172 mb/sr,
+                                         /R =   7.0137E-01
   137.00 deg.: X-S =     0.000405 mb/sr,
+                                         /R =   1.6757E+00
   138.00 deg.: X-S =     0.000740 mb/sr,
+                                         /R =   3.1016E+00
   139.00 deg.: X-S =     0.000979 mb/sr,
+                                         /R =   4.1604E+00
   140.00 deg.: X-S =     0.000981 mb/sr,
+                                         /R =   4.2237E+00
   141.00 deg.: X-S =     0.000745 mb/sr,
+                                         /R =   3.2476E+00
   142.00 deg.: X-S =     0.000414 mb/sr,
+                                         /R =   1.8263E+00
   143.00 deg.: X-S =     0.000192 mb/sr,
+                                         /R =   8.5731E-01
   144.00 deg.: X-S =     0.000223 mb/sr,
+                                         /R =   1.0061E+00
   145.00 deg.: X-S =     0.000501 mb/sr,
+                                         /R =   2.2891E+00
   146.00 deg.: X-S =     0.000874 mb/sr,
+                                         /R =   4.0334E+00
   147.00 deg.: X-S =     0.001126 mb/sr,
+                                         /R =   5.2552E+00
   148.00 deg.: X-S =     0.001113 mb/sr,
+                                         /R =   5.2447E+00
   149.00 deg.: X-S =     0.000843 mb/sr,
+                                         /R =   4.0112E+00
   150.00 deg.: X-S =     0.000481 mb/sr,
+                                         /R =   2.3118E+00
   151.00 deg.: X-S =     0.000253 mb/sr,
+                                         /R =   1.2284E+00
   152.00 deg.: X-S =     0.000312 mb/sr,
+                                         /R =   1.5283E+00
   153.00 deg.: X-S =     0.000646 mb/sr,
+                                         /R =   3.1870E+00
   154.00 deg.: X-S =     0.001078 mb/sr,
+                                         /R =   5.3663E+00
   155.00 deg.: X-S =     0.001372 mb/sr,
+                                         /R =   6.8822E+00
   156.00 deg.: X-S =     0.001366 mb/sr,
+                                         /R =   6.9011E+00
   157.00 deg.: X-S =     0.001072 mb/sr,
+                                         /R =   5.4567E+00
   158.00 deg.: X-S =     0.000677 mb/sr,
+                                         /R =   3.4685E+00
   159.00 deg.: X-S =     0.000432 mb/sr,
+                                         /R =   2.2315E+00
   160.00 deg.: X-S =     0.000513 mb/sr,
+                                         /R =   2.6615E+00
   161.00 deg.: X-S =     0.000907 mb/sr,
+                                         /R =   4.7377E+00
   162.00 deg.: X-S =     0.001425 mb/sr,
+                                         /R =   7.4862E+00
   163.00 deg.: X-S =     0.001805 mb/sr,
+                                         /R =   9.5362E+00
   164.00 deg.: X-S =     0.001872 mb/sr,
+                                         /R =   9.9385E+00
   165.00 deg.: X-S =     0.001644 mb/sr,
+                                         /R =   8.7668E+00
   166.00 deg.: X-S =     0.001330 mb/sr,
+                                         /R =   7.1276E+00
   167.00 deg.: X-S =     0.001216 mb/sr,
+                                         /R =   6.5432E+00
   168.00 deg.: X-S =     0.001489 mb/sr,
+                                         /R =   8.0425E+00
   169.00 deg.: X-S =     0.002120 mb/sr,
+                                         /R =   1.1489E+01
   170.00 deg.: X-S =     0.002862 mb/sr,
+                                         /R =   1.5562E+01
   171.00 deg.: X-S =     0.003382 mb/sr,
+                                         /R =   1.8442E+01
   172.00 deg.: X-S =     0.003446 mb/sr,
+                                         /R =   1.8842E+01
   173.00 deg.: X-S =     0.003068 mb/sr,
+                                         /R =   1.6809E+01
   174.00 deg.: X-S =     0.002515 mb/sr,
+                                         /R =   1.3809E+01
   175.00 deg.: X-S =     0.002182 mb/sr,
+                                         /R =   1.2002E+01
   176.00 deg.: X-S =     0.002376 mb/sr,
+                                         /R =   1.3082E+01
   177.00 deg.: X-S =     0.003137 mb/sr,
+                                         /R =   1.7293E+01
   178.00 deg.: X-S =     0.004202 mb/sr,
+                                         /R =   2.3185E+01
   179.00 deg.: X-S =     0.005122 mb/sr,
+                                         /R =   2.8273E+01
   179.99 deg.: X-S =     0.005484 mb/sr,
+                                         /R =   3.0275E+01
                                           Integrated********** mb, over [   0.000, 180.000] at   290.0000 MeV 
 Finished all xsecs @    6.25000000E-02

  The following files have been created:
   3:local copy of User input.            6:standard output.                   
  13:total cross sections/state.         39:cross sections for each Ecm.       
  40:all cross sectns. for each Elab.    56:Fusion for each Jtotal.            

 PARAMETERS : MAXQRN   MFNL   MLOC  LMAX1 MCLIST
    ALLOWED :      1     16      4    170      6
    REQUIRED:      0      0      4     25      4


 ACCURACY ANALYSIS at   290.000 MeV :

  Elastic h*k = 0.130 so OK       compared with 0.200

   Real(S-el) > 0.01 first at J =       1.0
   Real(S-el) > 0.10 first at J =       1.0
   Real(S-el) > 0.50 first at J =       4.0
   Real(S-el) > 0.90 first at J =      13.0
   Real(S-el) > 0.99 first at J =      19.0
   R-turn =     6.91 fm    at J =      22.0

 Forward-angle excitation cut off below   0.141 deg by max JT =      22.0
                              and below   0.020 deg by max R.

 Total CPU  0 time =       0.06 seconds
