 FRESCO - FRES 3.4: Coupled Reaction Channels
 Assuming NAMELIST input.

 Test reaction with generated potential                                          

   0.040  50.000   0.500   0.000   0.000   0.000   0.000   0.000   0.000   0.000

 Centre-of-mass Range is   1252 * 0.0400 fm., Maximum at  50.00 fm., Interpolating NL forms every  0.52 fm.
 Non - locality width is      4 * 0.0400 fm., Maximum of   0.12 fm., Centred at  0.00 fm.
 2-Nucleon Separation of      0 * 0.5200 fm., Maximum of   0.00 fm., Minimum at  0.00 fm.
 Maximum single particle bins of 49.9200 fm.
               M,Mint =         1251        1249


 Range of total J is     0.0 <= J <=   150.0 (at least     0.0) and Absorbtion =>     0.1000 mb.
 Dry Run = F, CC set limits =  0  0, Relativistic kinematics =  , Both/Far/Near Analyses =  1                     

 Cross Sections (and up to T0 for 0=projectile) for Theta from   0.0 to 180.0 in steps of  1.0 degrees, DGAM=0,  Coordinates = 0 (Mads)

 Lower Radial Cutoff = maximum of -1.60*L*h &       0.0 fm.,  Lower Cutoff for Couplings =   0.0  fm.


 Iterate Couplings between   0 and   0 times, to  0.000 % if sooner.                                          
  Block solved exactly =   0 chs., with Pade = 0 & Isocen =  =0, NOSOL = F, initwf =  0
  NL quadrature with   18 Gaussian points, Calculate multipoles up to   156 from   0
  M-transfers for lp+lt greater than or equal to  6, Angular Integration Cutoff below  2.7778 %


 Trace switches are :  CHANS =  0, LISTCC =  0, TRENEG =  0, CDETR =  0, SMATS =  0, XSTABL =  0, NLPL =  0

                       WAVES =  0, LAMPL =  0, VEFF =  0, KFUS =  0, WDISK =  0, BPM =  0, MELFIL =  0

                       CDCC =  0, NFUS =  0

 Using unit mass = 1.000000 amu and 1/fine-structure constant = 137.03599 ( 1.000000 * true ) with hc = 197.32705 MeV.fm,
  thus 2*amu/hbar^2 = 0.0478450 = 1/20.9008 and Coulomb constant = 0.1574855 so e^2 = 1.43997, and nuclear magneton= 0.1261183

 Now pre-scan input and save to file 3



 *********** PARTITION NUMBER  1 ******************************************************************************************

   PROJ=p          MASS=  1.0000 Z=   1.0,        # STATES=    1T, TARG=7Li      MASS=  7.0000 Z=   3.0,     Q-VALUE =   0.0000 MEV.

     1:  J= 0.5+ (B# 1), E=  0.0000, K= 0.5              Potl#  1       J= 1.5+ (B# 1), E=  0.0000, K= 0.5    


 ************************************************************************************************************************************

 The following POTENTIALS are defined :

  KP#       TYPE      IT    SHAPE      at     V1        r1        a1        V2        r2        a2        A-in     A-used


                                            A#1       A#2        r0c       ac                                                h @ 1
    1    0=Coulomb       0=CHARGE (WS)  1     7.000     3.000    3.6264    0.0000    0.0000    0.0000     0.000    37.770   0.04000

    1    1=Volume        0=Woods-Saxon  2   16.9370    1.0920    0.6768   13.9768    1.0920    0.6768     0.000    37.770

    1    2=Surface       0=Woods-Saxon  3    0.0000    0.0000    0.0000    0.0177    1.3121    0.5223     0.000    37.770

    1    3=Projtl S.O.   0=Woods-Saxon  4    1.6636    0.8472    0.5900    0.0000    0.0000    0.0000     0.000    37.770

 Incoming partition  1 in excitation state # 1,   Laboratory Energy given for partition  1 Nucleus 1 in Excitation pair 1

0Lab. ENERGY ranges :

   from    310.000     to   0.00000     in     0 intervals
   from    0.00000     to   0.00000     in     0 intervals
   from    0.00000     to   0.00000     in     0 intervals

 Largest real,imaginary parts of any form factor at R=   49.60 are   2.90E-02  4.64E-29 MeV
 Finished all Couplings @    0.00000000               4

 Symmetric Hamiltonian
1***********************************************************************************************************************************
************************************************************************************************************************************

        INCOMING p        ;    LABORATORY p        ENERGY =   310.00     MeV.

 ***********************************************************************************************************************************
 ***********************************************************************************************************************************


  NOTE: Coulomb excitation cut off below   0.020 deg by JTMAX, and below   0.018 deg by Rmax

 Allocate arrays for            2  channels, of which            1  need wfs.
 Allocate arrays for            3  channels, of which            3  need wfs.
 Allocate arrays for            4  channels, of which            4  need wfs.
 Reaction Xsec    22.0-/21 @ 1 =   0.269 , Out:   0.000#
 Reaction Xsec    22.0-/21 @ 2 =   0.270 , Out:   0.000#
 Reaction Xsec    22.0-/23 @ 3 =   0.119 , Out:   0.000#
 Reaction Xsec    22.0-/23 @ 4 =   0.119 , Out:   0.000#
 Reaction Xsec    23.0+/22 @ 1 =   0.187 , Out:   0.000#
 Reaction Xsec    23.0+/22 @ 2 =   0.187 , Out:   0.000#
 Reaction Xsec    23.0+/24 @ 3 =   0.082 , Out:   0.000#
 Reaction Xsec    23.0+/24 @ 4 =   0.082 , Out:   0.000#
 Reaction Xsec    23.0-/21 @ 1 =   0.282 , Out:   0.000#
 Reaction Xsec    23.0-/23 @ 2 =   0.124 , Out:   0.000#
 Reaction Xsec    23.0-/23 @ 3 =   0.124 , Out:   0.000#
 Reaction Xsec    23.0-/25 @ 4 =   0.054 , Out:   0.000#
 Finished all CC sets @    1.56250000E-02
0CUMULATIVE REACTION cross section                 =  345.90666  <L> =     9.82  <L**2> =    117.2
0CUMULATIVE outgoing cross sections in partition 1 :    0.00000
0Cumulative ABSORBTION by Imaginary Potentials     =  345.90666  <L> =     9.82  <L**2> =    117.2
   Fusion for specific p        M-states :  347.492688  347.492688
0CUMULATIVE OUTGOING cross section                 =    0.00000
 To convert to S-factors (MeV.mb = keV.b),  multiply by  3.2106E+02


 CROSS SECTIONS FOR OUTGOING p        & 7Li      in state #   1 with spins & parities 0.5  + &  1.5  +;  0

     0.01 deg.: X-S =   2.7332E+12 mb/sr,
+                                         /R =   9.9994E-01
     1.00 deg.: X-S =   1.6749E+04 mb/sr,
+                                         /R =   6.1272E-01
     2.00 deg.: X-S =  1559.622929 mb/sr,
+                                         /R =   9.1275E-01
     3.00 deg.: X-S =  1820.293372 mb/sr,
+                                         /R =   5.3918E+00
     4.00 deg.: X-S =  1897.434509 mb/sr,
+                                         /R =   1.7756E+01
     5.00 deg.: X-S =  1745.281094 mb/sr,
+                                         /R =   3.9856E+01
     6.00 deg.: X-S =  1485.223306 mb/sr,
+                                         /R =   7.0292E+01
     7.00 deg.: X-S =  1190.866711 mb/sr,
+                                         /R =   1.0435E+02
     8.00 deg.: X-S =   905.698636 mb/sr,
+                                         /R =   1.3528E+02
     9.00 deg.: X-S =   654.478518 mb/sr,
+                                         /R =   1.5645E+02
    10.00 deg.: X-S =   448.921940 mb/sr,
+                                         /R =   1.6341E+02
    11.00 deg.: X-S =   291.434074 mb/sr,
+                                         /R =   1.5515E+02
    12.00 deg.: X-S =   178.215546 mb/sr,
+                                         /R =   1.3421E+02
    13.00 deg.: X-S =   101.976370 mb/sr,
+                                         /R =   1.0564E+02
    14.00 deg.: X-S =    54.153316 mb/sr,
+                                         /R =   7.5356E+01
    15.00 deg.: X-S =    26.506892 mb/sr,
+                                         /R =   4.8536E+01
    16.00 deg.: X-S =    12.071164 mb/sr,
+                                         /R =   2.8568E+01
    17.00 deg.: X-S =     5.538716 mb/sr,
+                                         /R =   1.6677E+01
    18.00 deg.: X-S =     3.234210 mb/sr,
+                                         /R =   1.2218E+01
    19.00 deg.: X-S =     2.849346 mb/sr,
+                                         /R =   1.3338E+01
    20.00 deg.: X-S =     3.088568 mb/sr,
+                                         /R =   1.7715E+01
    21.00 deg.: X-S =     3.328390 mb/sr,
+                                         /R =   2.3157E+01
    22.00 deg.: X-S =     3.343767 mb/sr,
+                                         /R =   2.7960E+01
    23.00 deg.: X-S =     3.115849 mb/sr,
+                                         /R =   3.1054E+01
    24.00 deg.: X-S =     2.712042 mb/sr,
+                                         /R =   3.1969E+01
    25.00 deg.: X-S =     2.219906 mb/sr,
+                                         /R =   3.0732E+01
    26.00 deg.: X-S =     1.716131 mb/sr,
+                                         /R =   2.7721E+01
    27.00 deg.: X-S =     1.255812 mb/sr,
+                                         /R =   2.3528E+01
    28.00 deg.: X-S =     0.871882 mb/sr,
+                                         /R =   1.8840E+01
    29.00 deg.: X-S =     0.578536 mb/sr,
+                                         /R =   1.4343E+01
    30.00 deg.: X-S =     0.375445 mb/sr,
+                                         /R =   1.0628E+01
    31.00 deg.: X-S =     0.251608 mb/sr,
+                                         /R =   8.0953E+00
    32.00 deg.: X-S =     0.188889 mb/sr,
+                                         /R =   6.8781E+00
    33.00 deg.: X-S =     0.165712 mb/sr,
+                                         /R =   6.8020E+00
    34.00 deg.: X-S =     0.161047 mb/sr,
+                                         /R =   7.4235E+00
    35.00 deg.: X-S =     0.158168 mb/sr,
+                                         /R =   8.1583E+00
    36.00 deg.: X-S =     0.147250 mb/sr,
+                                         /R =   8.4703E+00
    37.00 deg.: X-S =     0.125940 mb/sr,
+                                         /R =   8.0534E+00
    38.00 deg.: X-S =     0.097733 mb/sr,
+                                         /R =   6.9266E+00
    39.00 deg.: X-S =     0.068862 mb/sr,
+                                         /R =   5.3935E+00
    40.00 deg.: X-S =     0.044985 mb/sr,
+                                         /R =   3.8832E+00
    41.00 deg.: X-S =     0.028971 mb/sr,
+                                         /R =   2.7490E+00
    42.00 deg.: X-S =     0.020432 mb/sr,
+                                         /R =   2.1259E+00
    43.00 deg.: X-S =     0.016795 mb/sr,
+                                         /R =   1.9116E+00
    44.00 deg.: X-S =     0.015056 mb/sr,
+                                         /R =   1.8703E+00
    45.00 deg.: X-S =     0.013199 mb/sr,
+                                         /R =   1.7857E+00
    46.00 deg.: X-S =     0.010697 mb/sr,
+                                         /R =   1.5729E+00
    47.00 deg.: X-S =     0.008081 mb/sr,
+                                         /R =   1.2888E+00
    48.00 deg.: X-S =     0.006084 mb/sr,
+                                         /R =   1.0503E+00
    49.00 deg.: X-S =     0.004976 mb/sr,
+                                         /R =   9.2836E-01
    50.00 deg.: X-S =     0.004436 mb/sr,
+                                         /R =   8.9267E-01
    51.00 deg.: X-S =     0.003895 mb/sr,
+                                         /R =   8.4410E-01
    52.00 deg.: X-S =     0.003020 mb/sr,
+                                         /R =   7.0346E-01
    53.00 deg.: X-S =     0.001946 mb/sr,
+                                         /R =   4.8665E-01
    54.00 deg.: X-S =     0.001140 mb/sr,
+                                         /R =   3.0561E-01
    55.00 deg.: X-S =     0.001009 mb/sr,
+                                         /R =   2.8937E-01
    56.00 deg.: X-S =     0.001567 mb/sr,
+                                         /R =   4.8013E-01
    57.00 deg.: X-S =     0.002392 mb/sr,
+                                         /R =   7.8208E-01
    58.00 deg.: X-S =     0.002890 mb/sr,
+                                         /R =   1.0071E+00
    59.00 deg.: X-S =     0.002681 mb/sr,
+                                         /R =   9.9449E-01
    60.00 deg.: X-S =     0.001840 mb/sr,
+                                         /R =   7.2537E-01
    61.00 deg.: X-S =     0.000838 mb/sr,
+                                         /R =   3.5075E-01
    62.00 deg.: X-S =     0.000237 mb/sr,
+                                         /R =   1.0538E-01
    63.00 deg.: X-S =     0.000336 mb/sr,
+                                         /R =   1.5813E-01
    64.00 deg.: X-S =     0.000998 mb/sr,
+                                         /R =   4.9631E-01
    65.00 deg.: X-S =     0.001758 mb/sr,
+                                         /R =   9.2439E-01
    66.00 deg.: X-S =     0.002133 mb/sr,
+                                         /R =   1.1839E+00
    67.00 deg.: X-S =     0.001913 mb/sr,
+                                         /R =   1.1201E+00
    68.00 deg.: X-S =     0.001272 mb/sr,
+                                         /R =   7.8480E-01
    69.00 deg.: X-S =     0.000625 mb/sr,
+                                         /R =   4.0590E-01
    70.00 deg.: X-S =     0.000349 mb/sr,
+                                         /R =   2.3801E-01
    71.00 deg.: X-S =     0.000547 mb/sr,
+                                         /R =   3.9262E-01
    72.00 deg.: X-S =     0.001011 mb/sr,
+                                         /R =   7.6109E-01
    73.00 deg.: X-S =     0.001374 mb/sr,
+                                         /R =   1.0852E+00
    74.00 deg.: X-S =     0.001367 mb/sr,
+                                         /R =   1.1314E+00
    75.00 deg.: X-S =     0.000984 mb/sr,
+                                         /R =   8.5293E-01
    76.00 deg.: X-S =     0.000474 mb/sr,
+                                         /R =   4.2920E-01
    77.00 deg.: X-S =     0.000159 mb/sr,
+                                         /R =   1.5083E-01
    78.00 deg.: X-S =     0.000227 mb/sr,
+                                         /R =   2.2413E-01
    79.00 deg.: X-S =     0.000606 mb/sr,
+                                         /R =   6.2551E-01
    80.00 deg.: X-S =     0.001028 mb/sr,
+                                         /R =   1.1073E+00
    81.00 deg.: X-S =     0.001209 mb/sr,
+                                         /R =   1.3570E+00
    82.00 deg.: X-S =     0.001032 mb/sr,
+                                         /R =   1.2065E+00
    83.00 deg.: X-S =     0.000618 mb/sr,
+                                         /R =   7.5204E-01
    84.00 deg.: X-S =     0.000237 mb/sr,
+                                         /R =   2.9917E-01
    85.00 deg.: X-S =     0.000124 mb/sr,
+                                         /R =   1.6342E-01
    86.00 deg.: X-S =     0.000335 mb/sr,
+                                         /R =   4.5748E-01
    87.00 deg.: X-S =     0.000712 mb/sr,
+                                         /R =   1.0078E+00
    88.00 deg.: X-S =     0.000995 mb/sr,
+                                         /R =   1.4620E+00
    89.00 deg.: X-S =     0.000999 mb/sr,
+                                         /R =   1.5211E+00
    90.00 deg.: X-S =     0.000725 mb/sr,
+                                         /R =   1.1435E+00
    91.00 deg.: X-S =     0.000356 mb/sr,
+                                         /R =   5.8197E-01
    92.00 deg.: X-S =     0.000132 mb/sr,
+                                         /R =   2.2258E-01
    93.00 deg.: X-S =     0.000188 mb/sr,
+                                         /R =   3.2800E-01
    94.00 deg.: X-S =     0.000474 mb/sr,
+                                         /R =   8.5532E-01
    95.00 deg.: X-S =     0.000791 mb/sr,
+                                         /R =   1.4742E+00
    96.00 deg.: X-S =     0.000925 mb/sr,
+                                         /R =   1.7803E+00
    97.00 deg.: X-S =     0.000789 mb/sr,
+                                         /R =   1.5659E+00
    98.00 deg.: X-S =     0.000473 mb/sr,
+                                         /R =   9.6761E-01
    99.00 deg.: X-S =     0.000183 mb/sr,
+                                         /R =   3.8645E-01
   100.00 deg.: X-S =     0.000104 mb/sr,
+                                         /R =   2.2674E-01
   101.00 deg.: X-S =     0.000279 mb/sr,
+                                         /R =   6.2343E-01
   102.00 deg.: X-S =     0.000583 mb/sr,
+                                         /R =   1.3416E+00
   103.00 deg.: X-S =     0.000812 mb/sr,
+                                         /R =   1.9221E+00
   104.00 deg.: X-S =     0.000815 mb/sr,
+                                         /R =   1.9828E+00
   105.00 deg.: X-S =     0.000592 mb/sr,
+                                         /R =   1.4795E+00
   106.00 deg.: X-S =     0.000291 mb/sr,
+                                         /R =   7.4689E-01
   107.00 deg.: X-S =     0.000109 mb/sr,
+                                         /R =   2.8680E-01
   108.00 deg.: X-S =     0.000161 mb/sr,
+                                         /R =   4.3551E-01
   109.00 deg.: X-S =     0.000408 mb/sr,
+                                         /R =   1.1312E+00
   110.00 deg.: X-S =     0.000683 mb/sr,
+                                         /R =   1.9411E+00
   111.00 deg.: X-S =     0.000804 mb/sr,
+                                         /R =   2.3398E+00
   112.00 deg.: X-S =     0.000691 mb/sr,
+                                         /R =   2.0595E+00
   113.00 deg.: X-S =     0.000420 mb/sr,
+                                         /R =   1.2801E+00
   114.00 deg.: X-S =     0.000168 mb/sr,
+                                         /R =   5.2461E-01
   115.00 deg.: X-S =     0.000100 mb/sr,
+                                         /R =   3.2004E-01
   116.00 deg.: X-S =     0.000258 mb/sr,
+                                         /R =   8.4319E-01
   117.00 deg.: X-S =     0.000536 mb/sr,
+                                         /R =   1.7887E+00
   118.00 deg.: X-S =     0.000751 mb/sr,
+                                         /R =   2.5561E+00
   119.00 deg.: X-S =     0.000760 mb/sr,
+                                         /R =   2.6427E+00
   120.00 deg.: X-S =     0.000559 mb/sr,
+                                         /R =   1.9843E+00
   121.00 deg.: X-S =     0.000281 mb/sr,
+                                         /R =   1.0158E+00
   122.00 deg.: X-S =     0.000108 mb/sr,
+                                         /R =   3.9805E-01
   123.00 deg.: X-S =     0.000155 mb/sr,
+                                         /R =   5.8264E-01
   124.00 deg.: X-S =     0.000392 mb/sr,
+                                         /R =   1.5011E+00
   125.00 deg.: X-S =     0.000663 mb/sr,
+                                         /R =   2.5902E+00
   126.00 deg.: X-S =     0.000792 mb/sr,
+                                         /R =   3.1505E+00
   127.00 deg.: X-S =     0.000694 mb/sr,
+                                         /R =   2.8099E+00
   128.00 deg.: X-S =     0.000434 mb/sr,
+                                         /R =   1.7862E+00
   129.00 deg.: X-S =     0.000183 mb/sr,
+                                         /R =   7.6557E-01
   130.00 deg.: X-S =     0.000108 mb/sr,
+                                         /R =   4.6134E-01
   131.00 deg.: X-S =     0.000263 mb/sr,
+                                         /R =   1.1380E+00
   132.00 deg.: X-S =     0.000550 mb/sr,
+                                         /R =   2.4150E+00
   133.00 deg.: X-S =     0.000783 mb/sr,
+                                         /R =   3.4950E+00
   134.00 deg.: X-S =     0.000812 mb/sr,
+                                         /R =   3.6787E+00
   135.00 deg.: X-S =     0.000617 mb/sr,
+                                         /R =   2.8377E+00
   136.00 deg.: X-S =     0.000327 mb/sr,
+                                         /R =   1.5246E+00
   137.00 deg.: X-S =     0.000134 mb/sr,
+                                         /R =   6.3398E-01
   138.00 deg.: X-S =     0.000171 mb/sr,
+                                         /R =   8.2074E-01
   139.00 deg.: X-S =     0.000423 mb/sr,
+                                         /R =   2.0523E+00
   140.00 deg.: X-S =     0.000732 mb/sr,
+                                         /R =   3.5997E+00
   141.00 deg.: X-S =     0.000902 mb/sr,
+                                         /R =   4.4912E+00
   142.00 deg.: X-S =     0.000823 mb/sr,
+                                         /R =   4.1486E+00
   143.00 deg.: X-S =     0.000547 mb/sr,
+                                         /R =   2.7898E+00
   144.00 deg.: X-S =     0.000256 mb/sr,
+                                         /R =   1.3217E+00
   145.00 deg.: X-S =     0.000148 mb/sr,
+                                         /R =   7.7075E-01
   146.00 deg.: X-S =     0.000305 mb/sr,
+                                         /R =   1.6083E+00
   147.00 deg.: X-S =     0.000640 mb/sr,
+                                         /R =   3.4116E+00
   148.00 deg.: X-S =     0.000947 mb/sr,
+                                         /R =   5.1009E+00
   149.00 deg.: X-S =     0.001033 mb/sr,
+                                         /R =   5.6214E+00
   150.00 deg.: X-S =     0.000845 mb/sr,
+                                         /R =   4.6413E+00
   151.00 deg.: X-S =     0.000506 mb/sr,
+                                         /R =   2.8067E+00
   152.00 deg.: X-S =     0.000244 mb/sr,
+                                         /R =   1.3651E+00
   153.00 deg.: X-S =     0.000244 mb/sr,
+                                         /R =   1.3770E+00
   154.00 deg.: X-S =     0.000530 mb/sr,
+                                         /R =   3.0115E+00
   155.00 deg.: X-S =     0.000941 mb/sr,
+                                         /R =   5.3937E+00
   156.00 deg.: X-S =     0.001234 mb/sr,
+                                         /R =   7.1258E+00
   157.00 deg.: X-S =     0.001233 mb/sr,
+                                         /R =   7.1747E+00
   158.00 deg.: X-S =     0.000949 mb/sr,
+                                         /R =   5.5615E+00
   159.00 deg.: X-S =     0.000576 mb/sr,
+                                         /R =   3.3971E+00
   160.00 deg.: X-S =     0.000373 mb/sr,
+                                         /R =   2.2130E+00
   161.00 deg.: X-S =     0.000501 mb/sr,
+                                         /R =   2.9908E+00
   162.00 deg.: X-S =     0.000918 mb/sr,
+                                         /R =   5.5111E+00
   163.00 deg.: X-S =     0.001401 mb/sr,
+                                         /R =   8.4563E+00
   164.00 deg.: X-S =     0.001687 mb/sr,
+                                         /R =   1.0236E+01
   165.00 deg.: X-S =     0.001645 mb/sr,
+                                         /R =   1.0025E+01
   166.00 deg.: X-S =     0.001365 mb/sr,
+                                         /R =   8.3540E+00
   167.00 deg.: X-S =     0.001111 mb/sr,
+                                         /R =   6.8326E+00
   168.00 deg.: X-S =     0.001158 mb/sr,
+                                         /R =   7.1489E+00
   169.00 deg.: X-S =     0.001606 mb/sr,
+                                         /R =   9.9465E+00
   170.00 deg.: X-S =     0.002302 mb/sr,
+                                         /R =   1.4305E+01
   171.00 deg.: X-S =     0.002920 mb/sr,
+                                         /R =   1.8196E+01
   172.00 deg.: X-S =     0.003152 mb/sr,
+                                         /R =   1.9693E+01
   173.00 deg.: X-S =     0.002908 mb/sr,
+                                         /R =   1.8210E+01
   174.00 deg.: X-S =     0.002389 mb/sr,
+                                         /R =   1.4988E+01
   175.00 deg.: X-S =     0.001987 mb/sr,
+                                         /R =   1.2485E+01
   176.00 deg.: X-S =     0.002060 mb/sr,
+                                         /R =   1.2964E+01
   177.00 deg.: X-S =     0.002715 mb/sr,
+                                         /R =   1.7103E+01
   178.00 deg.: X-S =     0.003721 mb/sr,
+                                         /R =   2.3460E+01
   179.00 deg.: X-S =     0.004623 mb/sr,
+                                         /R =   2.9161E+01
   179.99 deg.: X-S =     0.004984 mb/sr,
+                                         /R =   3.1438E+01
                                           Integrated********** mb, over [   0.000, 180.000] at   310.0000 MeV 
 Finished all xsecs @    4.68750000E-02

  The following files have been created:
   3:local copy of User input.            6:standard output.                   
  13:total cross sections/state.         39:cross sections for each Ecm.       
  40:all cross sectns. for each Elab.    56:Fusion for each Jtotal.            

 PARAMETERS : MAXQRN   MFNL   MLOC  LMAX1 MCLIST
    ALLOWED :      1     16      4    170      6
    REQUIRED:      0      0      4     26      4


 ACCURACY ANALYSIS at   310.000 MeV :

  Elastic h*k = 0.135 so OK       compared with 0.200

   Real(S-el) > 0.01 first at J =       1.0
   Real(S-el) > 0.10 first at J =       1.0
   Real(S-el) > 0.50 first at J =       5.0
   Real(S-el) > 0.90 first at J =      13.0
   Real(S-el) > 0.99 first at J =      19.0
   R-turn =     6.98 fm    at J =      23.0

 Forward-angle excitation cut off below   0.131 deg by max JT =      23.0
                              and below   0.018 deg by max R.

 Total CPU  0 time =       0.05 seconds
