 FRESCO - FRES 3.4: Coupled Reaction Channels
 Assuming NAMELIST input.

 Test reaction with generated potential                                          

   0.040  50.000   0.500   0.000   0.000   0.000   0.000   0.000   0.000   0.000

 Centre-of-mass Range is   1252 * 0.0400 fm., Maximum at  50.00 fm., Interpolating NL forms every  0.52 fm.
 Non - locality width is      4 * 0.0400 fm., Maximum of   0.12 fm., Centred at  0.00 fm.
 2-Nucleon Separation of      0 * 0.5200 fm., Maximum of   0.00 fm., Minimum at  0.00 fm.
 Maximum single particle bins of 49.9200 fm.
               M,Mint =         1251        1249


 Range of total J is     0.0 <= J <=   150.0 (at least     0.0) and Absorbtion =>     0.1000 mb.
 Dry Run = F, CC set limits =  0  0, Relativistic kinematics =  , Both/Far/Near Analyses =  1                     

 Cross Sections (and up to T0 for 0=projectile) for Theta from   0.0 to 180.0 in steps of  1.0 degrees, DGAM=0,  Coordinates = 0 (Mads)

 Lower Radial Cutoff = maximum of -1.60*L*h &       0.0 fm.,  Lower Cutoff for Couplings =   0.0  fm.


 Iterate Couplings between   0 and   0 times, to  0.000 % if sooner.                                          
  Block solved exactly =   0 chs., with Pade = 0 & Isocen =  =0, NOSOL = F, initwf =  0
  NL quadrature with   18 Gaussian points, Calculate multipoles up to   156 from   0
  M-transfers for lp+lt greater than or equal to  6, Angular Integration Cutoff below  2.7778 %


 Trace switches are :  CHANS =  0, LISTCC =  0, TRENEG =  0, CDETR =  0, SMATS =  0, XSTABL =  0, NLPL =  0

                       WAVES =  0, LAMPL =  0, VEFF =  0, KFUS =  0, WDISK =  0, BPM =  0, MELFIL =  0

                       CDCC =  0, NFUS =  0

 Using unit mass = 1.000000 amu and 1/fine-structure constant = 137.03599 ( 1.000000 * true ) with hc = 197.32705 MeV.fm,
  thus 2*amu/hbar^2 = 0.0478450 = 1/20.9008 and Coulomb constant = 0.1574855 so e^2 = 1.43997, and nuclear magneton= 0.1261183

 Now pre-scan input and save to file 3



 *********** PARTITION NUMBER  1 ******************************************************************************************

   PROJ=p          MASS=  1.0000 Z=   1.0,        # STATES=    1T, TARG=7Li      MASS=  7.0000 Z=   3.0,     Q-VALUE =   0.0000 MEV.

     1:  J= 0.5+ (B# 1), E=  0.0000, K= 0.5              Potl#  1       J= 1.5+ (B# 1), E=  0.0000, K= 0.5    


 ************************************************************************************************************************************

 The following POTENTIALS are defined :

  KP#       TYPE      IT    SHAPE      at     V1        r1        a1        V2        r2        a2        A-in     A-used


                                            A#1       A#2        r0c       ac                                                h @ 1
    1    0=Coulomb       0=CHARGE (WS)  1     7.000     3.000    3.6264    0.0000    0.0000    0.0000     0.000    37.770   0.04000

    1    1=Volume        0=Woods-Saxon  2   13.0187    1.0920    0.6768   13.1476    1.0920    0.6768     0.000    37.770

    1    2=Surface       0=Woods-Saxon  3    0.0000    0.0000    0.0000    0.1742    1.3121    0.5223     0.000    37.770

    1    3=Projtl S.O.   0=Woods-Saxon  4    2.5319    0.8472    0.5900    0.0000    0.0000    0.0000     0.000    37.770

 Incoming partition  1 in excitation state # 1,   Laboratory Energy given for partition  1 Nucleus 1 in Excitation pair 1

0Lab. ENERGY ranges :

   from    205.000     to   0.00000     in     0 intervals
   from    0.00000     to   0.00000     in     0 intervals
   from    0.00000     to   0.00000     in     0 intervals

 Largest real,imaginary parts of any form factor at R=   49.60 are   2.90E-02  4.37E-29 MeV
 Finished all Couplings @    1.56250000E-02           4

 Symmetric Hamiltonian
1***********************************************************************************************************************************
************************************************************************************************************************************

        INCOMING p        ;    LABORATORY p        ENERGY =   205.00     MeV.

 ***********************************************************************************************************************************
 ***********************************************************************************************************************************


  NOTE: Coulomb excitation cut off below   0.025 deg by JTMAX, and below   0.028 deg by Rmax

 Allocate arrays for            2  channels, of which            1  need wfs.
 Allocate arrays for            3  channels, of which            3  need wfs.
 Allocate arrays for            4  channels, of which            4  need wfs.
 Reaction Xsec    18.0-/17 @ 1 =   0.409 , Out:   0.000#
 Reaction Xsec    18.0-/17 @ 2 =   0.412 , Out:   0.000#
 Reaction Xsec    18.0-/19 @ 3 =   0.149 , Out:   0.000#
 Reaction Xsec    18.0-/19 @ 4 =   0.149 , Out:   0.000#
 Reaction Xsec    19.0+/18 @ 1 =   0.261 , Out:   0.000#
 Reaction Xsec    19.0+/18 @ 2 =   0.261 , Out:   0.000#
 Reaction Xsec    19.0+/20 @ 3 =   0.094 , Out:   0.000#
 Reaction Xsec    19.0+/20 @ 4 =   0.094 , Out:   0.000#
 Reaction Xsec    19.0-/17 @ 1 =   0.434 , Out:   0.000#
 Reaction Xsec    19.0-/19 @ 2 =   0.157 , Out:   0.000#
 Reaction Xsec    19.0-/19 @ 3 =   0.157 , Out:   0.000#
 Reaction Xsec    19.0-/21 @ 4 =   0.056 , Out:   0.000#
 Finished all CC sets @    4.68750000E-02
0CUMULATIVE REACTION cross section                 =  391.33494  <L> =     8.14  <L**2> =     80.5
0CUMULATIVE outgoing cross sections in partition 1 :    0.00000
0Cumulative ABSORBTION by Imaginary Potentials     =  391.33494  <L> =     8.14  <L**2> =     80.5
   Fusion for specific p        M-states :  393.680647  393.680647
0CUMULATIVE OUTGOING cross section                 =    0.00000
 To convert to S-factors (MeV.mb = keV.b),  multiply by  2.2070E+02


 CROSS SECTIONS FOR OUTGOING p        & 7Li      in state #   1 with spins & parities 0.5  + &  1.5  +;  0

     0.01 deg.: X-S =   6.2503E+12 mb/sr,
+                                         /R =   9.9997E-01
     1.00 deg.: X-S =   4.7949E+04 mb/sr,
+                                         /R =   7.6709E-01
     2.00 deg.: X-S =  2215.964662 mb/sr,
+                                         /R =   5.6713E-01
     3.00 deg.: X-S =  1245.643095 mb/sr,
+                                         /R =   1.6135E+00
     4.00 deg.: X-S =  1324.037525 mb/sr,
+                                         /R =   5.4184E+00
     5.00 deg.: X-S =  1326.976636 mb/sr,
+                                         /R =   1.3252E+01
     6.00 deg.: X-S =  1238.732108 mb/sr,
+                                         /R =   2.5637E+01
     7.00 deg.: X-S =  1097.359707 mb/sr,
+                                         /R =   4.2048E+01
     8.00 deg.: X-S =   932.307391 mb/sr,
+                                         /R =   6.0897E+01
     9.00 deg.: X-S =   763.581775 mb/sr,
+                                         /R =   7.9823E+01
    10.00 deg.: X-S =   604.298557 mb/sr,
+                                         /R =   9.6191E+01
    11.00 deg.: X-S =   462.453967 mb/sr,
+                                         /R =   1.0766E+02
    12.00 deg.: X-S =   342.128629 mb/sr,
+                                         /R =   1.1267E+02
    13.00 deg.: X-S =   244.441179 mb/sr,
+                                         /R =   1.1074E+02
    14.00 deg.: X-S =   168.388219 mb/sr,
+                                         /R =   1.0247E+02
    15.00 deg.: X-S =   111.596849 mb/sr,
+                                         /R =   8.9359E+01
    16.00 deg.: X-S =    70.971446 mb/sr,
+                                         /R =   7.3452E+01
    17.00 deg.: X-S =    43.209715 mb/sr,
+                                         /R =   5.6897E+01
    18.00 deg.: X-S =    25.174531 mb/sr,
+                                         /R =   4.1590E+01
    19.00 deg.: X-S =    14.125221 mb/sr,
+                                         /R =   2.8915E+01
    20.00 deg.: X-S =     7.827115 mb/sr,
+                                         /R =   1.9633E+01
    21.00 deg.: X-S =     4.567762 mb/sr,
+                                         /R =   1.3897E+01
    22.00 deg.: X-S =     3.111131 mb/sr,
+                                         /R =   1.1377E+01
    23.00 deg.: X-S =     2.618601 mb/sr,
+                                         /R =   1.1413E+01
    24.00 deg.: X-S =     2.559383 mb/sr,
+                                         /R =   1.3193E+01
    25.00 deg.: X-S =     2.625640 mb/sr,
+                                         /R =   1.5896E+01
    26.00 deg.: X-S =     2.660635 mb/sr,
+                                         /R =   1.8795E+01
    27.00 deg.: X-S =     2.602823 mb/sr,
+                                         /R =   2.1325E+01
    28.00 deg.: X-S =     2.445346 mb/sr,
+                                         /R =   2.3107E+01
    29.00 deg.: X-S =     2.208577 mb/sr,
+                                         /R =   2.3945E+01
    30.00 deg.: X-S =     1.922817 mb/sr,
+                                         /R =   2.3802E+01
    31.00 deg.: X-S =     1.618346 mb/sr,
+                                         /R =   2.2770E+01
    32.00 deg.: X-S =     1.320486 mb/sr,
+                                         /R =   2.1027E+01
    33.00 deg.: X-S =     1.047812 mb/sr,
+                                         /R =   1.8808E+01
    34.00 deg.: X-S =     0.812129 mb/sr,
+                                         /R =   1.6371E+01
    35.00 deg.: X-S =     0.619249 mb/sr,
+                                         /R =   1.3968E+01
    36.00 deg.: X-S =     0.470017 mb/sr,
+                                         /R =   1.1823E+01
    37.00 deg.: X-S =     0.361335 mb/sr,
+                                         /R =   1.0104E+01
    38.00 deg.: X-S =     0.287157 mb/sr,
+                                         /R =   8.8999E+00
    39.00 deg.: X-S =     0.239551 mb/sr,
+                                         /R =   8.2050E+00
    40.00 deg.: X-S =     0.209861 mb/sr,
+                                         /R =   7.9220E+00
    41.00 deg.: X-S =     0.189911 mb/sr,
+                                         /R =   7.8804E+00
    42.00 deg.: X-S =     0.173093 mb/sr,
+                                         /R =   7.8758E+00
    43.00 deg.: X-S =     0.155119 mb/sr,
+                                         /R =   7.7209E+00
    44.00 deg.: X-S =     0.134250 mb/sr,
+                                         /R =   7.2931E+00
    45.00 deg.: X-S =     0.110966 mb/sr,
+                                         /R =   6.5651E+00
    46.00 deg.: X-S =     0.087188 mb/sr,
+                                         /R =   5.6061E+00
    47.00 deg.: X-S =     0.065294 mb/sr,
+                                         /R =   4.5538E+00
    48.00 deg.: X-S =     0.047230 mb/sr,
+                                         /R =   3.5659E+00
    49.00 deg.: X-S =     0.033941 mb/sr,
+                                         /R =   2.7691E+00
    50.00 deg.: X-S =     0.025258 mb/sr,
+                                         /R =   2.2228E+00
    51.00 deg.: X-S =     0.020160 mb/sr,
+                                         /R =   1.9104E+00
    52.00 deg.: X-S =     0.017269 mb/sr,
+                                         /R =   1.7592E+00
    53.00 deg.: X-S =     0.015340 mb/sr,
+                                         /R =   1.6774E+00
    54.00 deg.: X-S =     0.013589 mb/sr,
+                                         /R =   1.5925E+00
    55.00 deg.: X-S =     0.011757 mb/sr,
+                                         /R =   1.4744E+00
    56.00 deg.: X-S =     0.009965 mb/sr,
+                                         /R =   1.3354E+00
    57.00 deg.: X-S =     0.008460 mb/sr,
+                                         /R =   1.2098E+00
    58.00 deg.: X-S =     0.007385 mb/sr,
+                                         /R =   1.1254E+00
    59.00 deg.: X-S =     0.006679 mb/sr,
+                                         /R =   1.0834E+00
    60.00 deg.: X-S =     0.006117 mb/sr,
+                                         /R =   1.0547E+00
    61.00 deg.: X-S =     0.005446 mb/sr,
+                                         /R =   9.9692E-01
    62.00 deg.: X-S =     0.004532 mb/sr,
+                                         /R =   8.7978E-01
    63.00 deg.: X-S =     0.003438 mb/sr,
+                                         /R =   7.0685E-01
    64.00 deg.: X-S =     0.002390 mb/sr,
+                                         /R =   5.1982E-01
    65.00 deg.: X-S =     0.001661 mb/sr,
+                                         /R =   3.8191E-01
    66.00 deg.: X-S =     0.001431 mb/sr,
+                                         /R =   3.4745E-01
    67.00 deg.: X-S =     0.001689 mb/sr,
+                                         /R =   4.3229E-01
    68.00 deg.: X-S =     0.002226 mb/sr,
+                                         /R =   6.0052E-01
    69.00 deg.: X-S =     0.002732 mb/sr,
+                                         /R =   7.7566E-01
    70.00 deg.: X-S =     0.002923 mb/sr,
+                                         /R =   8.7282E-01
    71.00 deg.: X-S =     0.002670 mb/sr,
+                                         /R =   8.3760E-01
    72.00 deg.: X-S =     0.002045 mb/sr,
+                                         /R =   6.7323E-01
    73.00 deg.: X-S =     0.001281 mb/sr,
+                                         /R =   4.4231E-01
    74.00 deg.: X-S =     0.000665 mb/sr,
+                                         /R =   2.4069E-01
    75.00 deg.: X-S =     0.000408 mb/sr,
+                                         /R =   1.5462E-01
    76.00 deg.: X-S =     0.000557 mb/sr,
+                                         /R =   2.2072E-01
    77.00 deg.: X-S =     0.000984 mb/sr,
+                                         /R =   4.0772E-01
    78.00 deg.: X-S =     0.001455 mb/sr,
+                                         /R =   6.2954E-01
    79.00 deg.: X-S =     0.001737 mb/sr,
+                                         /R =   7.8435E-01
    80.00 deg.: X-S =     0.001703 mb/sr,
+                                         /R =   8.0203E-01
    81.00 deg.: X-S =     0.001381 mb/sr,
+                                         /R =   6.7764E-01
    82.00 deg.: X-S =     0.000929 mb/sr,
+                                         /R =   4.7460E-01
    83.00 deg.: X-S =     0.000555 mb/sr,
+                                         /R =   2.9531E-01
    84.00 deg.: X-S =     0.000420 mb/sr,
+                                         /R =   2.3229E-01
    85.00 deg.: X-S =     0.000562 mb/sr,
+                                         /R =   3.2293E-01
    86.00 deg.: X-S =     0.000887 mb/sr,
+                                         /R =   5.2952E-01
    87.00 deg.: X-S =     0.001219 mb/sr,
+                                         /R =   7.5516E-01
    88.00 deg.: X-S =     0.001384 mb/sr,
+                                         /R =   8.8890E-01
    89.00 deg.: X-S =     0.001291 mb/sr,
+                                         /R =   8.5934E-01
    90.00 deg.: X-S =     0.000973 mb/sr,
+                                         /R =   6.7113E-01
    91.00 deg.: X-S =     0.000569 mb/sr,
+                                         /R =   4.0615E-01
    92.00 deg.: X-S =     0.000254 mb/sr,
+                                         /R =   1.8752E-01
    93.00 deg.: X-S =     0.000160 mb/sr,
+                                         /R =   1.2237E-01
    94.00 deg.: X-S =     0.000317 mb/sr,
+                                         /R =   2.5008E-01
    95.00 deg.: X-S =     0.000639 mb/sr,
+                                         /R =   5.2091E-01
    96.00 deg.: X-S =     0.000970 mb/sr,
+                                         /R =   8.1642E-01
    97.00 deg.: X-S =     0.001156 mb/sr,
+                                         /R =   1.0033E+00
    98.00 deg.: X-S =     0.001113 mb/sr,
+                                         /R =   9.9623E-01
    99.00 deg.: X-S =     0.000867 mb/sr,
+                                         /R =   7.9976E-01
   100.00 deg.: X-S =     0.000536 mb/sr,
+                                         /R =   5.0903E-01
   101.00 deg.: X-S =     0.000273 mb/sr,
+                                         /R =   2.6712E-01
   102.00 deg.: X-S =     0.000197 mb/sr,
+                                         /R =   1.9828E-01
   103.00 deg.: X-S =     0.000336 mb/sr,
+                                         /R =   3.4791E-01
   104.00 deg.: X-S =     0.000619 mb/sr,
+                                         /R =   6.5816E-01
   105.00 deg.: X-S =     0.000908 mb/sr,
+                                         /R =   9.9205E-01
   106.00 deg.: X-S =     0.001066 mb/sr,
+                                         /R =   1.1961E+00
   107.00 deg.: X-S =     0.001019 mb/sr,
+                                         /R =   1.1732E+00
   108.00 deg.: X-S =     0.000788 mb/sr,
+                                         /R =   9.3096E-01
   109.00 deg.: X-S =     0.000480 mb/sr,
+                                         /R =   5.8193E-01
   110.00 deg.: X-S =     0.000237 mb/sr,
+                                         /R =   2.9407E-01
   111.00 deg.: X-S =     0.000167 mb/sr,
+                                         /R =   2.1274E-01
   112.00 deg.: X-S =     0.000300 mb/sr,
+                                         /R =   3.9088E-01
   113.00 deg.: X-S =     0.000570 mb/sr,
+                                         /R =   7.6048E-01
   114.00 deg.: X-S =     0.000850 mb/sr,
+                                         /R =   1.1605E+00
   115.00 deg.: X-S =     0.001010 mb/sr,
+                                         /R =   1.4097E+00
   116.00 deg.: X-S =     0.000976 mb/sr,
+                                         /R =   1.3923E+00
   117.00 deg.: X-S =     0.000764 mb/sr,
+                                         /R =   1.1145E+00
   118.00 deg.: X-S =     0.000474 mb/sr,
+                                         /R =   7.0645E-01
   119.00 deg.: X-S =     0.000240 mb/sr,
+                                         /R =   3.6476E-01
   120.00 deg.: X-S =     0.000169 mb/sr,
+                                         /R =   2.6182E-01
   121.00 deg.: X-S =     0.000293 mb/sr,
+                                         /R =   4.6342E-01
   122.00 deg.: X-S =     0.000554 mb/sr,
+                                         /R =   8.9371E-01
   123.00 deg.: X-S =     0.000830 mb/sr,
+                                         /R =   1.3661E+00
   124.00 deg.: X-S =     0.000995 mb/sr,
+                                         /R =   1.6675E+00
   125.00 deg.: X-S =     0.000971 mb/sr,
+                                         /R =   1.6584E+00
   126.00 deg.: X-S =     0.000772 mb/sr,
+                                         /R =   1.3416E+00
   127.00 deg.: X-S =     0.000490 mb/sr,
+                                         /R =   8.6629E-01
   128.00 deg.: X-S =     0.000257 mb/sr,
+                                         /R =   4.6346E-01
   129.00 deg.: X-S =     0.000186 mb/sr,
+                                         /R =   3.3969E-01
   130.00 deg.: X-S =     0.000311 mb/sr,
+                                         /R =   5.7870E-01
   131.00 deg.: X-S =     0.000580 mb/sr,
+                                         /R =   1.0969E+00
   132.00 deg.: X-S =     0.000872 mb/sr,
+                                         /R =   1.6759E+00
   133.00 deg.: X-S =     0.001056 mb/sr,
+                                         /R =   2.0597E+00
   134.00 deg.: X-S =     0.001047 mb/sr,
+                                         /R =   2.0737E+00
   135.00 deg.: X-S =     0.000851 mb/sr,
+                                         /R =   1.7098E+00
   136.00 deg.: X-S =     0.000558 mb/sr,
+                                         /R =   1.1369E+00
   137.00 deg.: X-S =     0.000304 mb/sr,
+                                         /R =   6.2942E-01
   138.00 deg.: X-S =     0.000211 mb/sr,
+                                         /R =   4.4305E-01
   139.00 deg.: X-S =     0.000327 mb/sr,
+                                         /R =   6.9452E-01
   140.00 deg.: X-S =     0.000605 mb/sr,
+                                         /R =   1.3016E+00
   141.00 deg.: X-S =     0.000924 mb/sr,
+                                         /R =   2.0136E+00
   142.00 deg.: X-S =     0.001144 mb/sr,
+                                         /R =   2.5215E+00
   143.00 deg.: X-S =     0.001165 mb/sr,
+                                         /R =   2.5995E+00
   144.00 deg.: X-S =     0.000981 mb/sr,
+                                         /R =   2.2139E+00
   145.00 deg.: X-S =     0.000678 mb/sr,
+                                         /R =   1.5468E+00
   146.00 deg.: X-S =     0.000399 mb/sr,
+                                         /R =   9.2067E-01
   147.00 deg.: X-S =     0.000281 mb/sr,
+                                         /R =   6.5457E-01
   148.00 deg.: X-S =     0.000389 mb/sr,
+                                         /R =   9.1676E-01
   149.00 deg.: X-S =     0.000690 mb/sr,
+                                         /R =   1.6406E+00
   150.00 deg.: X-S =     0.001060 mb/sr,
+                                         /R =   2.5459E+00
   151.00 deg.: X-S =     0.001345 mb/sr,
+                                         /R =   3.2591E+00
   152.00 deg.: X-S =     0.001424 mb/sr,
+                                         /R =   3.4817E+00
   153.00 deg.: X-S =     0.001269 mb/sr,
+                                         /R =   3.1300E+00
   154.00 deg.: X-S =     0.000958 mb/sr,
+                                         /R =   2.3821E+00
   155.00 deg.: X-S =     0.000641 mb/sr,
+                                         /R =   1.6065E+00
   156.00 deg.: X-S =     0.000476 mb/sr,
+                                         /R =   1.2014E+00
   157.00 deg.: X-S =     0.000556 mb/sr,
+                                         /R =   1.4145E+00
   158.00 deg.: X-S =     0.000869 mb/sr,
+                                         /R =   2.2263E+00
   159.00 deg.: X-S =     0.001300 mb/sr,
+                                         /R =   3.3519E+00
   160.00 deg.: X-S =     0.001682 mb/sr,
+                                         /R =   4.3653E+00
   161.00 deg.: X-S =     0.001874 mb/sr,
+                                         /R =   4.8929E+00
   162.00 deg.: X-S =     0.001825 mb/sr,
+                                         /R =   4.7909E+00
   163.00 deg.: X-S =     0.001600 mb/sr,
+                                         /R =   4.2224E+00
   164.00 deg.: X-S =     0.001356 mb/sr,
+                                         /R =   3.5968E+00
   165.00 deg.: X-S =     0.001272 mb/sr,
+                                         /R =   3.3900E+00
   166.00 deg.: X-S =     0.001466 mb/sr,
+                                         /R =   3.9252E+00
   167.00 deg.: X-S =     0.001938 mb/sr,
+                                         /R =   5.2102E+00
   168.00 deg.: X-S =     0.002561 mb/sr,
+                                         /R =   6.9102E+00
   169.00 deg.: X-S =     0.003129 mb/sr,
+                                         /R =   8.4743E+00
   170.00 deg.: X-S =     0.003448 mb/sr,
+                                         /R =   9.3691E+00
   171.00 deg.: X-S =     0.003420 mb/sr,
+                                         /R =   9.3182E+00
   172.00 deg.: X-S =     0.003091 mb/sr,
+                                         /R =   8.4443E+00
   173.00 deg.: X-S =     0.002645 mb/sr,
+                                         /R =   7.2430E+00
   174.00 deg.: X-S =     0.002330 mb/sr,
+                                         /R =   6.3930E+00
   175.00 deg.: X-S =     0.002356 mb/sr,
+                                         /R =   6.4760E+00
   176.00 deg.: X-S =     0.002806 mb/sr,
+                                         /R =   7.7216E+00
   177.00 deg.: X-S =     0.003589 mb/sr,
+                                         /R =   9.8872E+00
   178.00 deg.: X-S =     0.004472 mb/sr,
+                                         /R =   1.2329E+01
   179.00 deg.: X-S =     0.005163 mb/sr,
+                                         /R =   1.4241E+01
   179.99 deg.: X-S =     0.005424 mb/sr,
+                                         /R =   1.4962E+01
                                           Integrated********** mb, over [   0.000, 180.000] at   205.0000 MeV 
 Finished all xsecs @    4.68750000E-02

  The following files have been created:
   3:local copy of User input.            6:standard output.                   
  13:total cross sections/state.         39:cross sections for each Ecm.       
  40:all cross sectns. for each Elab.    56:Fusion for each Jtotal.            

 PARAMETERS : MAXQRN   MFNL   MLOC  LMAX1 MCLIST
    ALLOWED :      1     16      4    170      6
    REQUIRED:      0      0      4     22      4


 ACCURACY ANALYSIS at   205.000 MeV :

  Elastic h*k = 0.110 so OK       compared with 0.200

   Real(S-el) > 0.01 first at J =       1.0
   Real(S-el) > 0.10 first at J =       1.0
   Real(S-el) > 0.50 first at J =       4.0
   Real(S-el) > 0.90 first at J =      11.0
   Real(S-el) > 0.99 first at J =      16.0
   R-turn =     7.13 fm    at J =      19.0

 Forward-angle excitation cut off below   0.194 deg by max JT =      19.0
                              and below   0.028 deg by max R.

 Total CPU  0 time =       0.05 seconds
