 FRESCO - FRES 3.4: Coupled Reaction Channels
 Assuming NAMELIST input.

 Test reaction with generated potential                                          

   0.040  50.000   0.500   0.000   0.000   0.000   0.000   0.000   0.000   0.000

 Centre-of-mass Range is   1252 * 0.0400 fm., Maximum at  50.00 fm., Interpolating NL forms every  0.52 fm.
 Non - locality width is      4 * 0.0400 fm., Maximum of   0.12 fm., Centred at  0.00 fm.
 2-Nucleon Separation of      0 * 0.5200 fm., Maximum of   0.00 fm., Minimum at  0.00 fm.
 Maximum single particle bins of 49.9200 fm.
               M,Mint =         1251        1249


 Range of total J is     0.0 <= J <=   150.0 (at least     0.0) and Absorbtion =>     0.1000 mb.
 Dry Run = F, CC set limits =  0  0, Relativistic kinematics =  , Both/Far/Near Analyses =  1                     

 Cross Sections (and up to T0 for 0=projectile) for Theta from   0.0 to 180.0 in steps of  1.0 degrees, DGAM=0,  Coordinates = 0 (Mads)

 Lower Radial Cutoff = maximum of -1.60*L*h &       0.0 fm.,  Lower Cutoff for Couplings =   0.0  fm.


 Iterate Couplings between   0 and   0 times, to  0.000 % if sooner.                                          
  Block solved exactly =   0 chs., with Pade = 0 & Isocen =  =0, NOSOL = F, initwf =  0
  NL quadrature with   18 Gaussian points, Calculate multipoles up to   156 from   0
  M-transfers for lp+lt greater than or equal to  6, Angular Integration Cutoff below  2.7778 %


 Trace switches are :  CHANS =  0, LISTCC =  0, TRENEG =  0, CDETR =  0, SMATS =  0, XSTABL =  0, NLPL =  0

                       WAVES =  0, LAMPL =  0, VEFF =  0, KFUS =  0, WDISK =  0, BPM =  0, MELFIL =  0

                       CDCC =  0, NFUS =  0

 Using unit mass = 1.000000 amu and 1/fine-structure constant = 137.03599 ( 1.000000 * true ) with hc = 197.32705 MeV.fm,
  thus 2*amu/hbar^2 = 0.0478450 = 1/20.9008 and Coulomb constant = 0.1574855 so e^2 = 1.43997, and nuclear magneton= 0.1261183

 Now pre-scan input and save to file 3



 *********** PARTITION NUMBER  1 ******************************************************************************************

   PROJ=p          MASS=  1.0000 Z=   1.0,        # STATES=    1T, TARG=7Li      MASS=  7.0000 Z=   3.0,     Q-VALUE =   0.0000 MEV.

     1:  J= 0.5+ (B# 1), E=  0.0000, K= 0.5              Potl#  1       J= 1.5+ (B# 1), E=  0.0000, K= 0.5    


 ************************************************************************************************************************************

 The following POTENTIALS are defined :

  KP#       TYPE      IT    SHAPE      at     V1        r1        a1        V2        r2        a2        A-in     A-used


                                            A#1       A#2        r0c       ac                                                h @ 1
    1    0=Coulomb       0=CHARGE (WS)  1     7.000     3.000    3.6264    0.0000    0.0000    0.0000     0.000    37.770   0.04000

    1    1=Volume        0=Woods-Saxon  2   24.1478    1.0920    0.6768   14.1611    1.0920    0.6768     0.000    37.770

    1    2=Surface       0=Woods-Saxon  3    0.0000    0.0000    0.0000    0.0059    1.3121    0.5223     0.000    37.770

    1    3=Projtl S.O.   0=Woods-Saxon  4    1.3620    0.8472    0.5900    0.0000    0.0000    0.0000     0.000    37.770

 Incoming partition  1 in excitation state # 1,   Laboratory Energy given for partition  1 Nucleus 1 in Excitation pair 1

0Lab. ENERGY ranges :

   from    360.000     to   0.00000     in     0 intervals
   from    0.00000     to   0.00000     in     0 intervals
   from    0.00000     to   0.00000     in     0 intervals

 Largest real,imaginary parts of any form factor at R=   49.60 are   2.90E-02  4.71E-29 MeV
 Finished all Couplings @    0.00000000               4

 Symmetric Hamiltonian
1***********************************************************************************************************************************
************************************************************************************************************************************

        INCOMING p        ;    LABORATORY p        ENERGY =   360.00     MeV.

 ***********************************************************************************************************************************
 ***********************************************************************************************************************************


  NOTE: Coulomb excitation cut off below   0.019 deg by JTMAX, and below   0.016 deg by Rmax

 Allocate arrays for            2  channels, of which            1  need wfs.
 Allocate arrays for            3  channels, of which            3  need wfs.
 Allocate arrays for            4  channels, of which            4  need wfs.
 Reaction Xsec    24.0+/22 @ 1 =   0.304 , Out:   0.000#
 Reaction Xsec    24.0+/24 @ 2 =   0.142 , Out:   0.000#
 Reaction Xsec    24.0+/24 @ 3 =   0.143 , Out:   0.000#
 Reaction Xsec    24.0+/26 @ 4 =   0.066 , Out:   0.000#
 Reaction Xsec    24.0-/23 @ 1 =   0.208 , Out:   0.000#
 Reaction Xsec    24.0-/23 @ 2 =   0.209 , Out:   0.000#
 Reaction Xsec    24.0-/25 @ 3 =   0.097 , Out:   0.000#
 Reaction Xsec    24.0-/25 @ 4 =   0.097 , Out:   0.000#
 Finished all CC sets @    3.12500000E-02
0CUMULATIVE REACTION cross section                 =  331.19107  <L> =    10.52  <L**2> =    134.3
0CUMULATIVE outgoing cross sections in partition 1 :    0.00000
0Cumulative ABSORBTION by Imaginary Potentials     =  331.19107  <L> =    10.52  <L**2> =    134.3
   Fusion for specific p        M-states :  332.570974  332.570974
0CUMULATIVE OUTGOING cross section                 =    0.00000
 To convert to S-factors (MeV.mb = keV.b),  multiply by  3.6835E+02


 CROSS SECTIONS FOR OUTGOING p        & 7Li      in state #   1 with spins & parities 0.5  + &  1.5  +;  0

     0.01 deg.: X-S =   2.0266E+12 mb/sr,
+                                         /R =   9.9991E-01
     1.00 deg.: X-S =  9664.018202 mb/sr,
+                                         /R =   4.7678E-01
     2.00 deg.: X-S =  2385.237127 mb/sr,
+                                         /R =   1.8826E+00
     3.00 deg.: X-S =  3057.705002 mb/sr,
+                                         /R =   1.2214E+01
     4.00 deg.: X-S =  3032.350093 mb/sr,
+                                         /R =   3.8269E+01
     5.00 deg.: X-S =  2666.315282 mb/sr,
+                                         /R =   8.2115E+01
     6.00 deg.: X-S =  2171.489189 mb/sr,
+                                         /R =   1.3860E+02
     7.00 deg.: X-S =  1660.434820 mb/sr,
+                                         /R =   1.9621E+02
     8.00 deg.: X-S =  1196.326957 mb/sr,
+                                         /R =   2.4098E+02
     9.00 deg.: X-S =   811.419577 mb/sr,
+                                         /R =   2.6159E+02
    10.00 deg.: X-S =   516.170405 mb/sr,
+                                         /R =   2.5338E+02
    11.00 deg.: X-S =   306.078647 mb/sr,
+                                         /R =   2.1975E+02
    12.00 deg.: X-S =   167.771533 mb/sr,
+                                         /R =   1.7039E+02
    13.00 deg.: X-S =    84.209163 mb/sr,
+                                         /R =   1.1765E+02
    14.00 deg.: X-S =    38.590290 mb/sr,
+                                         /R =   7.2419E+01
    15.00 deg.: X-S =    16.750493 mb/sr,
+                                         /R =   4.1363E+01
    16.00 deg.: X-S =     8.161783 mb/sr,
+                                         /R =   2.6050E+01
    17.00 deg.: X-S =     5.881700 mb/sr,
+                                         /R =   2.3884E+01
    18.00 deg.: X-S =     5.892459 mb/sr,
+                                         /R =   3.0021E+01
    19.00 deg.: X-S =     6.228331 mb/sr,
+                                         /R =   3.9319E+01
    20.00 deg.: X-S =     6.166876 mb/sr,
+                                         /R =   4.7702E+01
    21.00 deg.: X-S =     5.619455 mb/sr,
+                                         /R =   5.2726E+01
    22.00 deg.: X-S =     4.744576 mb/sr,
+                                         /R =   5.3504E+01
    23.00 deg.: X-S =     3.743134 mb/sr,
+                                         /R =   5.0310E+01
    24.00 deg.: X-S =     2.773804 mb/sr,
+                                         /R =   4.4095E+01
    25.00 deg.: X-S =     1.933747 mb/sr,
+                                         /R =   3.6103E+01
    26.00 deg.: X-S =     1.267257 mb/sr,
+                                         /R =   2.7607E+01
    27.00 deg.: X-S =     0.781723 mb/sr,
+                                         /R =   1.9751E+01
    28.00 deg.: X-S =     0.461819 mb/sr,
+                                         /R =   1.3458E+01
    29.00 deg.: X-S =     0.279312 mb/sr,
+                                         /R =   9.3386E+00
    30.00 deg.: X-S =     0.199202 mb/sr,
+                                         /R =   7.6046E+00
    31.00 deg.: X-S =     0.184073 mb/sr,
+                                         /R =   7.9869E+00
    32.00 deg.: X-S =     0.198415 mb/sr,
+                                         /R =   9.7436E+00
    33.00 deg.: X-S =     0.213395 mb/sr,
+                                         /R =   1.1813E+01
    34.00 deg.: X-S =     0.211077 mb/sr,
+                                         /R =   1.3121E+01
    35.00 deg.: X-S =     0.186311 mb/sr,
+                                         /R =   1.2960E+01
    36.00 deg.: X-S =     0.145020 mb/sr,
+                                         /R =   1.1250E+01
    37.00 deg.: X-S =     0.099205 mb/sr,
+                                         /R =   8.5553E+00
    38.00 deg.: X-S =     0.060666 mb/sr,
+                                         /R =   5.7984E+00
    39.00 deg.: X-S =     0.036078 mb/sr,
+                                         /R =   3.8108E+00
    40.00 deg.: X-S =     0.025356 mb/sr,
+                                         /R =   2.9518E+00
    41.00 deg.: X-S =     0.023443 mb/sr,
+                                         /R =   2.9999E+00
    42.00 deg.: X-S =     0.023981 mb/sr,
+                                         /R =   3.3649E+00
    43.00 deg.: X-S =     0.022643 mb/sr,
+                                         /R =   3.4757E+00
    44.00 deg.: X-S =     0.018494 mb/sr,
+                                         /R =   3.0984E+00
    45.00 deg.: X-S =     0.013149 mb/sr,
+                                         /R =   2.3991E+00
    46.00 deg.: X-S =     0.008784 mb/sr,
+                                         /R =   1.7418E+00
    47.00 deg.: X-S =     0.006456 mb/sr,
+                                         /R =   1.3884E+00
    48.00 deg.: X-S =     0.005673 mb/sr,
+                                         /R =   1.3208E+00
    49.00 deg.: X-S =     0.005165 mb/sr,
+                                         /R =   1.2996E+00
    50.00 deg.: X-S =     0.004037 mb/sr,
+                                         /R =   1.0955E+00
    51.00 deg.: X-S =     0.002393 mb/sr,
+                                         /R =   6.9946E-01
    52.00 deg.: X-S =     0.001092 mb/sr,
+                                         /R =   3.4299E-01
    53.00 deg.: X-S =     0.000915 mb/sr,
+                                         /R =   3.0850E-01
    54.00 deg.: X-S =     0.001881 mb/sr,
+                                         /R =   6.7980E-01
    55.00 deg.: X-S =     0.003191 mb/sr,
+                                         /R =   1.2342E+00
    56.00 deg.: X-S =     0.003815 mb/sr,
+                                         /R =   1.5768E+00
    57.00 deg.: X-S =     0.003241 mb/sr,
+                                         /R =   1.4295E+00
    58.00 deg.: X-S =     0.001832 mb/sr,
+                                         /R =   8.6092E-01
    59.00 deg.: X-S =     0.000543 mb/sr,
+                                         /R =   2.7156E-01
    60.00 deg.: X-S =     0.000234 mb/sr,
+                                         /R =   1.2443E-01
    61.00 deg.: X-S =     0.001073 mb/sr,
+                                         /R =   6.0562E-01
    62.00 deg.: X-S =     0.002445 mb/sr,
+                                         /R =   1.4637E+00
    63.00 deg.: X-S =     0.003407 mb/sr,
+                                         /R =   2.1605E+00
    64.00 deg.: X-S =     0.003340 mb/sr,
+                                         /R =   2.2406E+00
    65.00 deg.: X-S =     0.002343 mb/sr,
+                                         /R =   1.6610E+00
    66.00 deg.: X-S =     0.001119 mb/sr,
+                                         /R =   8.3773E-01
    67.00 deg.: X-S =     0.000459 mb/sr,
+                                         /R =   3.6265E-01
    68.00 deg.: X-S =     0.000701 mb/sr,
+                                         /R =   5.8341E-01
    69.00 deg.: X-S =     0.001539 mb/sr,
+                                         /R =   1.3479E+00
    70.00 deg.: X-S =     0.002286 mb/sr,
+                                         /R =   2.1045E+00
    71.00 deg.: X-S =     0.002374 mb/sr,
+                                         /R =   2.2968E+00
    72.00 deg.: X-S =     0.001746 mb/sr,
+                                         /R =   1.7729E+00
    73.00 deg.: X-S =     0.000854 mb/sr,
+                                         /R =   9.0915E-01
    74.00 deg.: X-S =     0.000313 mb/sr,
+                                         /R =   3.4940E-01
    75.00 deg.: X-S =     0.000460 mb/sr,
+                                         /R =   5.3766E-01
    76.00 deg.: X-S =     0.001131 mb/sr,
+                                         /R =   1.3821E+00
    77.00 deg.: X-S =     0.001802 mb/sr,
+                                         /R =   2.3024E+00
    78.00 deg.: X-S =     0.001978 mb/sr,
+                                         /R =   2.6388E+00
    79.00 deg.: X-S =     0.001534 mb/sr,
+                                         /R =   2.1359E+00
    80.00 deg.: X-S =     0.000789 mb/sr,
+                                         /R =   1.1463E+00
    81.00 deg.: X-S =     0.000261 mb/sr,
+                                         /R =   3.9576E-01
    82.00 deg.: X-S =     0.000295 mb/sr,
+                                         /R =   4.6449E-01
    83.00 deg.: X-S =     0.000827 mb/sr,
+                                         /R =   1.3560E+00
    84.00 deg.: X-S =     0.001450 mb/sr,
+                                         /R =   2.4725E+00
    85.00 deg.: X-S =     0.001710 mb/sr,
+                                         /R =   3.0304E+00
    86.00 deg.: X-S =     0.001427 mb/sr,
+                                         /R =   2.6264E+00
    87.00 deg.: X-S =     0.000809 mb/sr,
+                                         /R =   1.5460E+00
    88.00 deg.: X-S =     0.000293 mb/sr,
+                                         /R =   5.7949E-01
    89.00 deg.: X-S =     0.000225 mb/sr,
+                                         /R =   4.6158E-01
    90.00 deg.: X-S =     0.000627 mb/sr,
+                                         /R =   1.3327E+00
    91.00 deg.: X-S =     0.001188 mb/sr,
+                                         /R =   2.6152E+00
    92.00 deg.: X-S =     0.001497 mb/sr,
+                                         /R =   3.4103E+00
    93.00 deg.: X-S =     0.001335 mb/sr,
+                                         /R =   3.1439E+00
    94.00 deg.: X-S =     0.000820 mb/sr,
+                                         /R =   1.9969E+00
    95.00 deg.: X-S =     0.000319 mb/sr,
+                                         /R =   8.0091E-01
    96.00 deg.: X-S =     0.000175 mb/sr,
+                                         /R =   4.5355E-01
    97.00 deg.: X-S =     0.000473 mb/sr,
+                                         /R =   1.2660E+00
    98.00 deg.: X-S =     0.000984 mb/sr,
+                                         /R =   2.7151E+00
    99.00 deg.: X-S =     0.001334 mb/sr,
+                                         /R =   3.7953E+00
   100.00 deg.: X-S =     0.001275 mb/sr,
+                                         /R =   3.7346E+00
   101.00 deg.: X-S =     0.000851 mb/sr,
+                                         /R =   2.5660E+00
   102.00 deg.: X-S =     0.000365 mb/sr,
+                                         /R =   1.1317E+00
   103.00 deg.: X-S =     0.000156 mb/sr,
+                                         /R =   4.9809E-01
   104.00 deg.: X-S =     0.000362 mb/sr,
+                                         /R =   1.1870E+00
   105.00 deg.: X-S =     0.000824 mb/sr,
+                                         /R =   2.7761E+00
   106.00 deg.: X-S =     0.001206 mb/sr,
+                                         /R =   4.1728E+00
   107.00 deg.: X-S =     0.001235 mb/sr,
+                                         /R =   4.3858E+00
   108.00 deg.: X-S =     0.000892 mb/sr,
+                                         /R =   3.2507E+00
   109.00 deg.: X-S =     0.000423 mb/sr,
+                                         /R =   1.5794E+00
   110.00 deg.: X-S =     0.000158 mb/sr,
+                                         /R =   6.0473E-01
   111.00 deg.: X-S =     0.000280 mb/sr,
+                                         /R =   1.0989E+00
   112.00 deg.: X-S =     0.000695 mb/sr,
+                                         /R =   2.7949E+00
   113.00 deg.: X-S =     0.001104 mb/sr,
+                                         /R =   4.5425E+00
   114.00 deg.: X-S =     0.001215 mb/sr,
+                                         /R =   5.1118E+00
   115.00 deg.: X-S =     0.000949 mb/sr,
+                                         /R =   4.0844E+00
   116.00 deg.: X-S =     0.000497 mb/sr,
+                                         /R =   2.1879E+00
   117.00 deg.: X-S =     0.000180 mb/sr,
+                                         /R =   8.1025E-01
   118.00 deg.: X-S =     0.000221 mb/sr,
+                                         /R =   1.0167E+00
   119.00 deg.: X-S =     0.000589 mb/sr,
+                                         /R =   2.7639E+00
   120.00 deg.: X-S =     0.001022 mb/sr,
+                                         /R =   4.8892E+00
   121.00 deg.: X-S =     0.001211 mb/sr,
+                                         /R =   5.9116E+00
   122.00 deg.: X-S =     0.001023 mb/sr,
+                                         /R =   5.0943E+00
   123.00 deg.: X-S =     0.000593 mb/sr,
+                                         /R =   3.0081E+00
   124.00 deg.: X-S =     0.000226 mb/sr,
+                                         /R =   1.1689E+00
   125.00 deg.: X-S =     0.000185 mb/sr,
+                                         /R =   9.7562E-01
   126.00 deg.: X-S =     0.000502 mb/sr,
+                                         /R =   2.6917E+00
   127.00 deg.: X-S =     0.000954 mb/sr,
+                                         /R =   5.2083E+00
   128.00 deg.: X-S =     0.001224 mb/sr,
+                                         /R =   6.7928E+00
   129.00 deg.: X-S =     0.001119 mb/sr,
+                                         /R =   6.3183E+00
   130.00 deg.: X-S =     0.000715 mb/sr,
+                                         /R =   4.1053E+00
   131.00 deg.: X-S =     0.000300 mb/sr,
+                                         /R =   1.7500E+00
   132.00 deg.: X-S =     0.000173 mb/sr,
+                                         /R =   1.0233E+00
   133.00 deg.: X-S =     0.000432 mb/sr,
+                                         /R =   2.5968E+00
   134.00 deg.: X-S =     0.000902 mb/sr,
+                                         /R =   5.5101E+00
   135.00 deg.: X-S =     0.001258 mb/sr,
+                                         /R =   7.7942E+00
   136.00 deg.: X-S =     0.001249 mb/sr,
+                                         /R =   7.8498E+00
   137.00 deg.: X-S =     0.000881 mb/sr,
+                                         /R =   5.6191E+00
   138.00 deg.: X-S =     0.000417 mb/sr,
+                                         /R =   2.6964E+00
   139.00 deg.: X-S =     0.000191 mb/sr,
+                                         /R =   1.2532E+00
   140.00 deg.: X-S =     0.000377 mb/sr,
+                                         /R =   2.4994E+00
   141.00 deg.: X-S =     0.000859 mb/sr,
+                                         /R =   5.7669E+00
   142.00 deg.: X-S =     0.001310 mb/sr,
+                                         /R =   8.9041E+00
   143.00 deg.: X-S =     0.001418 mb/sr,
+                                         /R =   9.7542E+00
   144.00 deg.: X-S =     0.001107 mb/sr,
+                                         /R =   7.7070E+00
   145.00 deg.: X-S =     0.000598 mb/sr,
+                                         /R =   4.2124E+00
   146.00 deg.: X-S =     0.000259 mb/sr,
+                                         /R =   1.8410E+00
   147.00 deg.: X-S =     0.000347 mb/sr,
+                                         /R =   2.4965E+00
   148.00 deg.: X-S =     0.000829 mb/sr,
+                                         /R =   6.0195E+00
   149.00 deg.: X-S =     0.001390 mb/sr,
+                                         /R =   1.0199E+01
   150.00 deg.: X-S =     0.001654 mb/sr,
+                                         /R =   1.2248E+01
   151.00 deg.: X-S =     0.001441 mb/sr,
+                                         /R =   1.0767E+01
   152.00 deg.: X-S =     0.000903 mb/sr,
+                                         /R =   6.8080E+00
   153.00 deg.: X-S =     0.000429 mb/sr,
+                                         /R =   3.2590E+00
   154.00 deg.: X-S =     0.000376 mb/sr,
+                                         /R =   2.8847E+00
   155.00 deg.: X-S =     0.000824 mb/sr,
+                                         /R =   6.3651E+00
   156.00 deg.: X-S =     0.001504 mb/sr,
+                                         /R =   1.1711E+01
   157.00 deg.: X-S =     0.001981 mb/sr,
+                                         /R =   1.5537E+01
   158.00 deg.: X-S =     0.001947 mb/sr,
+                                         /R =   1.5379E+01
   159.00 deg.: X-S =     0.001443 mb/sr,
+                                         /R =   1.1475E+01
   160.00 deg.: X-S =     0.000841 mb/sr,
+                                         /R =   6.7288E+00
   161.00 deg.: X-S =     0.000597 mb/sr,
+                                         /R =   4.8058E+00
   162.00 deg.: X-S =     0.000940 mb/sr,
+                                         /R =   7.6113E+00
   163.00 deg.: X-S =     0.001708 mb/sr,
+                                         /R =   1.3902E+01
   164.00 deg.: X-S =     0.002451 mb/sr,
+                                         /R =   2.0053E+01
   165.00 deg.: X-S =     0.002742 mb/sr,
+                                         /R =   2.2539E+01
   166.00 deg.: X-S =     0.002479 mb/sr,
+                                         /R =   2.0466E+01
   167.00 deg.: X-S =     0.001973 mb/sr,
+                                         /R =   1.6357E+01
   168.00 deg.: X-S =     0.001749 mb/sr,
+                                         /R =   1.4560E+01
   169.00 deg.: X-S =     0.002184 mb/sr,
+                                         /R =   1.8236E+01
   170.00 deg.: X-S =     0.003220 mb/sr,
+                                         /R =   2.6977E+01
   171.00 deg.: X-S =     0.004373 mb/sr,
+                                         /R =   3.6750E+01
   172.00 deg.: X-S =     0.005031 mb/sr,
+                                         /R =   4.2383E+01
   173.00 deg.: X-S =     0.004861 mb/sr,
+                                         /R =   4.1045E+01
   174.00 deg.: X-S =     0.004066 mb/sr,
+                                         /R =   3.4402E+01
   175.00 deg.: X-S =     0.003293 mb/sr,
+                                         /R =   2.7908E+01
   176.00 deg.: X-S =     0.003240 mb/sr,
+                                         /R =   2.7499E+01
   177.00 deg.: X-S =     0.004204 mb/sr,
+                                         /R =   3.5714E+01
   178.00 deg.: X-S =     0.005853 mb/sr,
+                                         /R =   4.9767E+01
   179.00 deg.: X-S =     0.007393 mb/sr,
+                                         /R =   6.2883E+01
   179.99 deg.: X-S =     0.008017 mb/sr,
+                                         /R =   6.8208E+01
                                           Integrated********** mb, over [   0.000, 180.000] at   360.0000 MeV 
 Finished all xsecs @    6.25000000E-02

  The following files have been created:
   3:local copy of User input.            6:standard output.                   
  13:total cross sections/state.         39:cross sections for each Ecm.       
  40:all cross sectns. for each Elab.    56:Fusion for each Jtotal.            

 PARAMETERS : MAXQRN   MFNL   MLOC  LMAX1 MCLIST
    ALLOWED :      1     16      4    170      6
    REQUIRED:      0      0      4     27      4


 ACCURACY ANALYSIS at   360.000 MeV :

  Elastic h*k = 0.145 so OK       compared with 0.200

   Real(S-el) > 0.01 first at J =       1.0
   Real(S-el) > 0.10 first at J =       1.0
   Real(S-el) > 0.50 first at J =       7.0
   Real(S-el) > 0.90 first at J =      14.0
   Real(S-el) > 0.99 first at J =      21.0
   R-turn =     6.75 fm    at J =      24.0

 Forward-angle excitation cut off below   0.116 deg by max JT =      24.0
                              and below   0.016 deg by max R.

 Total CPU  0 time =       0.06 seconds
