 FRESCO - FRES 3.4: Coupled Reaction Channels
 Assuming NAMELIST input.

 Test reaction with generated potential                                          

   0.040  50.000   0.500   0.000   0.000   0.000   0.000   0.000   0.000   0.000

 Centre-of-mass Range is   1252 * 0.0400 fm., Maximum at  50.00 fm., Interpolating NL forms every  0.52 fm.
 Non - locality width is      4 * 0.0400 fm., Maximum of   0.12 fm., Centred at  0.00 fm.
 2-Nucleon Separation of      0 * 0.5200 fm., Maximum of   0.00 fm., Minimum at  0.00 fm.
 Maximum single particle bins of 49.9200 fm.
               M,Mint =         1251        1249


 Range of total J is     0.0 <= J <=   150.0 (at least     0.0) and Absorbtion =>     0.1000 mb.
 Dry Run = F, CC set limits =  0  0, Relativistic kinematics =  , Both/Far/Near Analyses =  1                     

 Cross Sections (and up to T0 for 0=projectile) for Theta from   0.0 to 180.0 in steps of  1.0 degrees, DGAM=0,  Coordinates = 0 (Mads)

 Lower Radial Cutoff = maximum of -1.60*L*h &       0.0 fm.,  Lower Cutoff for Couplings =   0.0  fm.


 Iterate Couplings between   0 and   0 times, to  0.000 % if sooner.                                          
  Block solved exactly =   0 chs., with Pade = 0 & Isocen =  =0, NOSOL = F, initwf =  0
  NL quadrature with   18 Gaussian points, Calculate multipoles up to   156 from   0
  M-transfers for lp+lt greater than or equal to  6, Angular Integration Cutoff below  2.7778 %


 Trace switches are :  CHANS =  0, LISTCC =  0, TRENEG =  0, CDETR =  0, SMATS =  0, XSTABL =  0, NLPL =  0

                       WAVES =  0, LAMPL =  0, VEFF =  0, KFUS =  0, WDISK =  0, BPM =  0, MELFIL =  0

                       CDCC =  0, NFUS =  0

 Using unit mass = 1.000000 amu and 1/fine-structure constant = 137.03599 ( 1.000000 * true ) with hc = 197.32705 MeV.fm,
  thus 2*amu/hbar^2 = 0.0478450 = 1/20.9008 and Coulomb constant = 0.1574855 so e^2 = 1.43997, and nuclear magneton= 0.1261183

 Now pre-scan input and save to file 3



 *********** PARTITION NUMBER  1 ******************************************************************************************

   PROJ=p          MASS=  1.0000 Z=   1.0,        # STATES=    1T, TARG=7Li      MASS=  7.0000 Z=   3.0,     Q-VALUE =   0.0000 MEV.

     1:  J= 0.5+ (B# 1), E=  0.0000, K= 0.5              Potl#  1       J= 1.5+ (B# 1), E=  0.0000, K= 0.5    


 ************************************************************************************************************************************

 The following POTENTIALS are defined :

  KP#       TYPE      IT    SHAPE      at     V1        r1        a1        V2        r2        a2        A-in     A-used


                                            A#1       A#2        r0c       ac                                                h @ 1
    1    0=Coulomb       0=CHARGE (WS)  1     7.000     3.000    3.6264    0.0000    0.0000    0.0000     0.000    37.770   0.04000

    1    1=Volume        0=Woods-Saxon  2   14.1874    1.0920    0.6768   13.8213    1.0920    0.6768     0.000    37.770

    1    2=Surface       0=Woods-Saxon  3    0.0000    0.0000    0.0000    0.0340    1.3121    0.5223     0.000    37.770

    1    3=Projtl S.O.   0=Woods-Saxon  4    1.8757    0.8472    0.5900    0.0000    0.0000    0.0000     0.000    37.770

 Incoming partition  1 in excitation state # 1,   Laboratory Energy given for partition  1 Nucleus 1 in Excitation pair 1

0Lab. ENERGY ranges :

   from    280.000     to   0.00000     in     0 intervals
   from    0.00000     to   0.00000     in     0 intervals
   from    0.00000     to   0.00000     in     0 intervals

 Largest real,imaginary parts of any form factor at R=   49.60 are   2.90E-02  4.59E-29 MeV
 Finished all Couplings @    1.56250000E-02           4

 Symmetric Hamiltonian
1***********************************************************************************************************************************
************************************************************************************************************************************

        INCOMING p        ;    LABORATORY p        ENERGY =   280.00     MeV.

 ***********************************************************************************************************************************
 ***********************************************************************************************************************************


  NOTE: Coulomb excitation cut off below   0.021 deg by JTMAX, and below   0.020 deg by Rmax

 Allocate arrays for            2  channels, of which            1  need wfs.
 Allocate arrays for            3  channels, of which            3  need wfs.
 Allocate arrays for            4  channels, of which            4  need wfs.
 Reaction Xsec    22.0+/20 @ 1 =   0.304 , Out:   0.000#
 Reaction Xsec    22.0+/22 @ 2 =   0.128 , Out:   0.000#
 Reaction Xsec    22.0+/22 @ 3 =   0.128 , Out:   0.000#
 Reaction Xsec    22.0+/24 @ 4 =   0.054 , Out:   0.000#
 Reaction Xsec    22.0-/21 @ 1 =   0.198 , Out:   0.000#
 Reaction Xsec    22.0-/21 @ 2 =   0.198 , Out:   0.000#
 Reaction Xsec    22.0-/23 @ 3 =   0.083 , Out:   0.000#
 Reaction Xsec    22.0-/23 @ 4 =   0.083 , Out:   0.000#
 Finished all CC sets @    4.68750000E-02
0CUMULATIVE REACTION cross section                 =  356.03539  <L> =     9.36  <L**2> =    106.5
0CUMULATIVE outgoing cross sections in partition 1 :    0.00000
0Cumulative ABSORBTION by Imaginary Potentials     =  356.03539  <L> =     9.36  <L**2> =    106.5
   Fusion for specific p        M-states :  357.780187  357.780187
0CUMULATIVE OUTGOING cross section                 =    0.00000
 To convert to S-factors (MeV.mb = keV.b),  multiply by  2.9256E+02


 CROSS SECTIONS FOR OUTGOING p        & 7Li      in state #   1 with spins & parities 0.5  + &  1.5  +;  0

     0.01 deg.: X-S =   3.3503E+12 mb/sr,
+                                         /R =   9.9995E-01
     1.00 deg.: X-S =   2.2799E+04 mb/sr,
+                                         /R =   6.8043E-01
     2.00 deg.: X-S =  1517.734889 mb/sr,
+                                         /R =   7.2464E-01
     3.00 deg.: X-S =  1466.599521 mb/sr,
+                                         /R =   3.5440E+00
     4.00 deg.: X-S =  1549.587179 mb/sr,
+                                         /R =   1.1830E+01
     5.00 deg.: X-S =  1460.881713 mb/sr,
+                                         /R =   2.7217E+01
     6.00 deg.: X-S =  1276.272569 mb/sr,
+                                         /R =   4.9278E+01
     7.00 deg.: X-S =  1053.190095 mb/sr,
+                                         /R =   7.5286E+01
     8.00 deg.: X-S =   827.483697 mb/sr,
+                                         /R =   1.0083E+02
     9.00 deg.: X-S =   620.796882 mb/sr,
+                                         /R =   1.2107E+02
    10.00 deg.: X-S =   444.816514 mb/sr,
+                                         /R =   1.3209E+02
    11.00 deg.: X-S =   303.962832 mb/sr,
+                                         /R =   1.3201E+02
    12.00 deg.: X-S =   197.528120 mb/sr,
+                                         /R =   1.2136E+02
    13.00 deg.: X-S =   121.554610 mb/sr,
+                                         /R =   1.0273E+02
    14.00 deg.: X-S =    70.441973 mb/sr,
+                                         /R =   7.9968E+01
    15.00 deg.: X-S =    38.204653 mb/sr,
+                                         /R =   5.7071E+01
    16.00 deg.: X-S =    19.331037 mb/sr,
+                                         /R =   3.7323E+01
    17.00 deg.: X-S =     9.258595 mb/sr,
+                                         /R =   2.2744E+01
    18.00 deg.: X-S =     4.532989 mb/sr,
+                                         /R =   1.3971E+01
    19.00 deg.: X-S =     2.747925 mb/sr,
+                                         /R =   1.0494E+01
    20.00 deg.: X-S =     2.364191 mb/sr,
+                                         /R =   1.1063E+01
    21.00 deg.: X-S =     2.488368 mb/sr,
+                                         /R =   1.4124E+01
    22.00 deg.: X-S =     2.664685 mb/sr,
+                                         /R =   1.8178E+01
    23.00 deg.: X-S =     2.707023 mb/sr,
+                                         /R =   2.2010E+01
    24.00 deg.: X-S =     2.577953 mb/sr,
+                                         /R =   2.4791E+01
    25.00 deg.: X-S =     2.309891 mb/sr,
+                                         /R =   2.6088E+01
    26.00 deg.: X-S =     1.958578 mb/sr,
+                                         /R =   2.5811E+01
    27.00 deg.: X-S =     1.578776 mb/sr,
+                                         /R =   2.4131E+01
    28.00 deg.: X-S =     1.213838 mb/sr,
+                                         /R =   2.1398E+01
    29.00 deg.: X-S =     0.893022 mb/sr,
+                                         /R =   1.8062E+01
    30.00 deg.: X-S =     0.632463 mb/sr,
+                                         /R =   1.4606E+01
    31.00 deg.: X-S =     0.437377 mb/sr,
+                                         /R =   1.1480E+01
    32.00 deg.: X-S =     0.304372 mb/sr,
+                                         /R =   9.0420E+00
    33.00 deg.: X-S =     0.223658 mb/sr,
+                                         /R =   7.4896E+00
    34.00 deg.: X-S =     0.181397 mb/sr,
+                                         /R =   6.8215E+00
    35.00 deg.: X-S =     0.162346 mb/sr,
+                                         /R =   6.8315E+00
    36.00 deg.: X-S =     0.152645 mb/sr,
+                                         /R =   7.1634E+00
    37.00 deg.: X-S =     0.142190 mb/sr,
+                                         /R =   7.4179E+00
    38.00 deg.: X-S =     0.125928 mb/sr,
+                                         /R =   7.2811E+00
    39.00 deg.: X-S =     0.103695 mb/sr,
+                                         /R =   6.6259E+00
    40.00 deg.: X-S =     0.078695 mb/sr,
+                                         /R =   5.5419E+00
    41.00 deg.: X-S =     0.055279 mb/sr,
+                                         /R =   4.2792E+00
    42.00 deg.: X-S =     0.036873 mb/sr,
+                                         /R =   3.1299E+00
    43.00 deg.: X-S =     0.024805 mb/sr,
+                                         /R =   2.3033E+00
    44.00 deg.: X-S =     0.018274 mb/sr,
+                                         /R =   1.8520E+00
    45.00 deg.: X-S =     0.015217 mb/sr,
+                                         /R =   1.6796E+00
    46.00 deg.: X-S =     0.013486 mb/sr,
+                                         /R =   1.6177E+00
    47.00 deg.: X-S =     0.011718 mb/sr,
+                                         /R =   1.5246E+00
    48.00 deg.: X-S =     0.009585 mb/sr,
+                                         /R =   1.3501E+00
    49.00 deg.: X-S =     0.007465 mb/sr,
+                                         /R =   1.1362E+00
    50.00 deg.: X-S =     0.005859 mb/sr,
+                                         /R =   9.6189E-01
    51.00 deg.: X-S =     0.004942 mb/sr,
+                                         /R =   8.7360E-01
    52.00 deg.: X-S =     0.004469 mb/sr,
+                                         /R =   8.4927E-01
    53.00 deg.: X-S =     0.004004 mb/sr,
+                                         /R =   8.1685E-01
    54.00 deg.: X-S =     0.003258 mb/sr,
+                                         /R =   7.1232E-01
    55.00 deg.: X-S =     0.002286 mb/sr,
+                                         /R =   5.3470E-01
    56.00 deg.: X-S =     0.001429 mb/sr,
+                                         /R =   3.5730E-01
    57.00 deg.: X-S =     0.001064 mb/sr,
+                                         /R =   2.8381E-01
    58.00 deg.: X-S =     0.001322 mb/sr,
+                                         /R =   3.7595E-01
    59.00 deg.: X-S =     0.001986 mb/sr,
+                                         /R =   6.0088E-01
    60.00 deg.: X-S =     0.002601 mb/sr,
+                                         /R =   8.3677E-01
    61.00 deg.: X-S =     0.002750 mb/sr,
+                                         /R =   9.3900E-01
    62.00 deg.: X-S =     0.002289 mb/sr,
+                                         /R =   8.2885E-01
    63.00 deg.: X-S =     0.001432 mb/sr,
+                                         /R =   5.4922E-01
    64.00 deg.: X-S =     0.000613 mb/sr,
+                                         /R =   2.4866E-01
    65.00 deg.: X-S =     0.000230 mb/sr,
+                                         /R =   9.8568E-02
    66.00 deg.: X-S =     0.000422 mb/sr,
+                                         /R =   1.9089E-01
    67.00 deg.: X-S =     0.001003 mb/sr,
+                                         /R =   4.7905E-01
    68.00 deg.: X-S =     0.001591 mb/sr,
+                                         /R =   8.0070E-01
    69.00 deg.: X-S =     0.001835 mb/sr,
+                                         /R =   9.7203E-01
    70.00 deg.: X-S =     0.001612 mb/sr,
+                                         /R =   8.9805E-01
    71.00 deg.: X-S =     0.001079 mb/sr,
+                                         /R =   6.3142E-01
    72.00 deg.: X-S =     0.000556 mb/sr,
+                                         /R =   3.4182E-01
    73.00 deg.: X-S =     0.000330 mb/sr,
+                                         /R =   2.1248E-01
    74.00 deg.: X-S =     0.000483 mb/sr,
+                                         /R =   3.2615E-01
    75.00 deg.: X-S =     0.000865 mb/sr,
+                                         /R =   6.1153E-01
    76.00 deg.: X-S =     0.001197 mb/sr,
+                                         /R =   8.8520E-01
    77.00 deg.: X-S =     0.001249 mb/sr,
+                                         /R =   9.6552E-01
    78.00 deg.: X-S =     0.000977 mb/sr,
+                                         /R =   7.8888E-01
    79.00 deg.: X-S =     0.000540 mb/sr,
+                                         /R =   4.5506E-01
    80.00 deg.: X-S =     0.000194 mb/sr,
+                                         /R =   1.7073E-01
    81.00 deg.: X-S =     0.000134 mb/sr,
+                                         /R =   1.2291E-01
    82.00 deg.: X-S =     0.000377 mb/sr,
+                                         /R =   3.5981E-01
    83.00 deg.: X-S =     0.000760 mb/sr,
+                                         /R =   7.5423E-01
    84.00 deg.: X-S =     0.001043 mb/sr,
+                                         /R =   1.0758E+00
    85.00 deg.: X-S =     0.001055 mb/sr,
+                                         /R =   1.1306E+00
    86.00 deg.: X-S =     0.000794 mb/sr,
+                                         /R =   8.8357E-01
    87.00 deg.: X-S =     0.000421 mb/sr,
+                                         /R =   4.8618E-01
    88.00 deg.: X-S =     0.000157 mb/sr,
+                                         /R =   1.8843E-01
    89.00 deg.: X-S =     0.000150 mb/sr,
+                                         /R =   1.8662E-01
    90.00 deg.: X-S =     0.000388 mb/sr,
+                                         /R =   4.9916E-01
    91.00 deg.: X-S =     0.000713 mb/sr,
+                                         /R =   9.4916E-01
    92.00 deg.: X-S =     0.000920 mb/sr,
+                                         /R =   1.2683E+00
    93.00 deg.: X-S =     0.000885 mb/sr,
+                                         /R =   1.2612E+00
    94.00 deg.: X-S =     0.000632 mb/sr,
+                                         /R =   9.2983E-01
    95.00 deg.: X-S =     0.000315 mb/sr,
+                                         /R =   4.7925E-01
    96.00 deg.: X-S =     0.000125 mb/sr,
+                                         /R =   1.9632E-01
    97.00 deg.: X-S =     0.000169 mb/sr,
+                                         /R =   2.7357E-01
    98.00 deg.: X-S =     0.000411 mb/sr,
+                                         /R =   6.8554E-01
    99.00 deg.: X-S =     0.000696 mb/sr,
+                                         /R =   1.1968E+00
   100.00 deg.: X-S =     0.000847 mb/sr,
+                                         /R =   1.5013E+00
   101.00 deg.: X-S =     0.000773 mb/sr,
+                                         /R =   1.4102E+00
   102.00 deg.: X-S =     0.000519 mb/sr,
+                                         /R =   9.7427E-01
   103.00 deg.: X-S =     0.000239 mb/sr,
+                                         /R =   4.6045E-01
   104.00 deg.: X-S =   9.7743E-05 mb/sr,
+                                         /R =   1.9396E-01
   105.00 deg.: X-S =     0.000176 mb/sr,
+                                         /R =   3.5819E-01
   106.00 deg.: X-S =     0.000418 mb/sr,
+                                         /R =   8.7584E-01
   107.00 deg.: X-S =     0.000674 mb/sr,
+                                         /R =   1.4480E+00
   108.00 deg.: X-S =     0.000786 mb/sr,
+                                         /R =   1.7320E+00
   109.00 deg.: X-S =     0.000687 mb/sr,
+                                         /R =   1.5530E+00
   110.00 deg.: X-S =     0.000440 mb/sr,
+                                         /R =   1.0184E+00
   111.00 deg.: X-S =     0.000194 mb/sr,
+                                         /R =   4.6116E-01
   112.00 deg.: X-S =   9.8988E-05 mb/sr,
+                                         /R =   2.4065E-01
   113.00 deg.: X-S =     0.000209 mb/sr,
+                                         /R =   5.2048E-01
   114.00 deg.: X-S =     0.000455 mb/sr,
+                                         /R =   1.1594E+00
   115.00 deg.: X-S =     0.000687 mb/sr,
+                                         /R =   1.7878E+00
   116.00 deg.: X-S =     0.000762 mb/sr,
+                                         /R =   2.0285E+00
   117.00 deg.: X-S =     0.000636 mb/sr,
+                                         /R =   1.7306E+00
   118.00 deg.: X-S =     0.000386 mb/sr,
+                                         /R =   1.0716E+00
   119.00 deg.: X-S =     0.000162 mb/sr,
+                                         /R =   4.6012E-01
   120.00 deg.: X-S =     0.000101 mb/sr,
+                                         /R =   2.9119E-01
   121.00 deg.: X-S =     0.000238 mb/sr,
+                                         /R =   7.0151E-01
   122.00 deg.: X-S =     0.000490 mb/sr,
+                                         /R =   1.4749E+00
   123.00 deg.: X-S =     0.000705 mb/sr,
+                                         /R =   2.1626E+00
   124.00 deg.: X-S =     0.000752 mb/sr,
+                                         /R =   2.3523E+00
   125.00 deg.: X-S =     0.000604 mb/sr,
+                                         /R =   1.9242E+00
   126.00 deg.: X-S =     0.000351 mb/sr,
+                                         /R =   1.1370E+00
   127.00 deg.: X-S =     0.000146 mb/sr,
+                                         /R =   4.8248E-01
   128.00 deg.: X-S =     0.000116 mb/sr,
+                                         /R =   3.9098E-01
   129.00 deg.: X-S =     0.000282 mb/sr,
+                                         /R =   9.6303E-01
   130.00 deg.: X-S =     0.000545 mb/sr,
+                                         /R =   1.8939E+00
   131.00 deg.: X-S =     0.000750 mb/sr,
+                                         /R =   2.6451E+00
   132.00 deg.: X-S =     0.000772 mb/sr,
+                                         /R =   2.7674E+00
   133.00 deg.: X-S =     0.000599 mb/sr,
+                                         /R =   2.1815E+00
   134.00 deg.: X-S =     0.000336 mb/sr,
+                                         /R =   1.2424E+00
   135.00 deg.: X-S =     0.000144 mb/sr,
+                                         /R =   5.3939E-01
   136.00 deg.: X-S =     0.000143 mb/sr,
+                                         /R =   5.4308E-01
   137.00 deg.: X-S =     0.000340 mb/sr,
+                                         /R =   1.3108E+00
   138.00 deg.: X-S =     0.000622 mb/sr,
+                                         /R =   2.4333E+00
   139.00 deg.: X-S =     0.000824 mb/sr,
+                                         /R =   3.2661E+00
   140.00 deg.: X-S =     0.000826 mb/sr,
+                                         /R =   3.3148E+00
   141.00 deg.: X-S =     0.000626 mb/sr,
+                                         /R =   2.5453E+00
   142.00 deg.: X-S =     0.000347 mb/sr,
+                                         /R =   1.4258E+00
   143.00 deg.: X-S =     0.000159 mb/sr,
+                                         /R =   6.6308E-01
   144.00 deg.: X-S =     0.000185 mb/sr,
+                                         /R =   7.8068E-01
   145.00 deg.: X-S =     0.000421 mb/sr,
+                                         /R =   1.7910E+00
   146.00 deg.: X-S =     0.000735 mb/sr,
+                                         /R =   3.1639E+00
   147.00 deg.: X-S =     0.000948 mb/sr,
+                                         /R =   4.1247E+00
   148.00 deg.: X-S =     0.000936 mb/sr,
+                                         /R =   4.1150E+00
   149.00 deg.: X-S =     0.000708 mb/sr,
+                                         /R =   3.1427E+00
   150.00 deg.: X-S =     0.000403 mb/sr,
+                                         /R =   1.8042E+00
   151.00 deg.: X-S =     0.000210 mb/sr,
+                                         /R =   9.5134E-01
   152.00 deg.: X-S =     0.000260 mb/sr,
+                                         /R =   1.1880E+00
   153.00 deg.: X-S =     0.000542 mb/sr,
+                                         /R =   2.4942E+00
   154.00 deg.: X-S =     0.000907 mb/sr,
+                                         /R =   4.2096E+00
   155.00 deg.: X-S =     0.001155 mb/sr,
+                                         /R =   5.4019E+00
   156.00 deg.: X-S =     0.001149 mb/sr,
+                                         /R =   5.4152E+00
   157.00 deg.: X-S =     0.000901 mb/sr,
+                                         /R =   4.2764E+00
   158.00 deg.: X-S =     0.000567 mb/sr,
+                                         /R =   2.7097E+00
   159.00 deg.: X-S =     0.000361 mb/sr,
+                                         /R =   1.7349E+00
   160.00 deg.: X-S =     0.000428 mb/sr,
+                                         /R =   2.0729E+00
   161.00 deg.: X-S =     0.000761 mb/sr,
+                                         /R =   3.7069E+00
   162.00 deg.: X-S =     0.001199 mb/sr,
+                                         /R =   5.8699E+00
   163.00 deg.: X-S =     0.001520 mb/sr,
+                                         /R =   7.4824E+00
   164.00 deg.: X-S =     0.001575 mb/sr,
+                                         /R =   7.7971E+00
   165.00 deg.: X-S =     0.001382 mb/sr,
+                                         /R =   6.8717E+00
   166.00 deg.: X-S =     0.001117 mb/sr,
+                                         /R =   5.5776E+00
   167.00 deg.: X-S =     0.001019 mb/sr,
+                                         /R =   5.1130E+00
   168.00 deg.: X-S =     0.001249 mb/sr,
+                                         /R =   6.2880E+00
   169.00 deg.: X-S =     0.001780 mb/sr,
+                                         /R =   8.9956E+00
   170.00 deg.: X-S =     0.002406 mb/sr,
+                                         /R =   1.2196E+01
   171.00 deg.: X-S =     0.002844 mb/sr,
+                                         /R =   1.4457E+01
   172.00 deg.: X-S =     0.002897 mb/sr,
+                                         /R =   1.4767E+01
   173.00 deg.: X-S =     0.002577 mb/sr,
+                                         /R =   1.3162E+01
   174.00 deg.: X-S =     0.002109 mb/sr,
+                                         /R =   1.0795E+01
   175.00 deg.: X-S =     0.001827 mb/sr,
+                                         /R =   9.3679E+00
   176.00 deg.: X-S =     0.001989 mb/sr,
+                                         /R =   1.0214E+01
   177.00 deg.: X-S =     0.002631 mb/sr,
+                                         /R =   1.3524E+01
   178.00 deg.: X-S =     0.003530 mb/sr,
+                                         /R =   1.8158E+01
   179.00 deg.: X-S =     0.004307 mb/sr,
+                                         /R =   2.2161E+01
   179.99 deg.: X-S =     0.004612 mb/sr,
+                                         /R =   2.3736E+01
                                           Integrated********** mb, over [   0.000, 180.000] at   280.0000 MeV 
 Finished all xsecs @    4.68750000E-02

  The following files have been created:
   3:local copy of User input.            6:standard output.                   
  13:total cross sections/state.         39:cross sections for each Ecm.       
  40:all cross sectns. for each Elab.    56:Fusion for each Jtotal.            

 PARAMETERS : MAXQRN   MFNL   MLOC  LMAX1 MCLIST
    ALLOWED :      1     16      4    170      6
    REQUIRED:      0      0      4     25      4


 ACCURACY ANALYSIS at   280.000 MeV :

  Elastic h*k = 0.128 so OK       compared with 0.200

   Real(S-el) > 0.01 first at J =       1.0
   Real(S-el) > 0.10 first at J =       1.0
   Real(S-el) > 0.50 first at J =       4.0
   Real(S-el) > 0.90 first at J =      12.0
   Real(S-el) > 0.99 first at J =      18.0
   R-turn =     7.03 fm    at J =      22.0

 Forward-angle excitation cut off below   0.144 deg by max JT =      22.0
                              and below   0.020 deg by max R.

 Total CPU  0 time =       0.06 seconds
