 FRESCO - FRES 3.4: Coupled Reaction Channels
 Assuming NAMELIST input.

 Test reaction with generated potential                                          

   0.040  50.000   0.500   0.000   0.000   0.000   0.000   0.000   0.000   0.000

 Centre-of-mass Range is   1252 * 0.0400 fm., Maximum at  50.00 fm., Interpolating NL forms every  0.52 fm.
 Non - locality width is      4 * 0.0400 fm., Maximum of   0.12 fm., Centred at  0.00 fm.
 2-Nucleon Separation of      0 * 0.5200 fm., Maximum of   0.00 fm., Minimum at  0.00 fm.
 Maximum single particle bins of 49.9200 fm.
               M,Mint =         1251        1249


 Range of total J is     0.0 <= J <=   150.0 (at least     0.0) and Absorbtion =>     0.1000 mb.
 Dry Run = F, CC set limits =  0  0, Relativistic kinematics =  , Both/Far/Near Analyses =  1                     

 Cross Sections (and up to T0 for 0=projectile) for Theta from   0.0 to 180.0 in steps of  1.0 degrees, DGAM=0,  Coordinates = 0 (Mads)

 Lower Radial Cutoff = maximum of -1.60*L*h &       0.0 fm.,  Lower Cutoff for Couplings =   0.0  fm.


 Iterate Couplings between   0 and   0 times, to  0.000 % if sooner.                                          
  Block solved exactly =   0 chs., with Pade = 0 & Isocen =  =0, NOSOL = F, initwf =  0
  NL quadrature with   18 Gaussian points, Calculate multipoles up to   156 from   0
  M-transfers for lp+lt greater than or equal to  6, Angular Integration Cutoff below  2.7778 %


 Trace switches are :  CHANS =  0, LISTCC =  0, TRENEG =  0, CDETR =  0, SMATS =  0, XSTABL =  0, NLPL =  0

                       WAVES =  0, LAMPL =  0, VEFF =  0, KFUS =  0, WDISK =  0, BPM =  0, MELFIL =  0

                       CDCC =  0, NFUS =  0

 Using unit mass = 1.000000 amu and 1/fine-structure constant = 137.03599 ( 1.000000 * true ) with hc = 197.32705 MeV.fm,
  thus 2*amu/hbar^2 = 0.0478450 = 1/20.9008 and Coulomb constant = 0.1574855 so e^2 = 1.43997, and nuclear magneton= 0.1261183

 Now pre-scan input and save to file 3



 *********** PARTITION NUMBER  1 ******************************************************************************************

   PROJ=p          MASS=  1.0000 Z=   1.0,        # STATES=    1T, TARG=7Li      MASS=  7.0000 Z=   3.0,     Q-VALUE =   0.0000 MEV.

     1:  J= 0.5+ (B# 1), E=  0.0000, K= 0.5              Potl#  1       J= 1.5+ (B# 1), E=  0.0000, K= 0.5    


 ************************************************************************************************************************************

 The following POTENTIALS are defined :

  KP#       TYPE      IT    SHAPE      at     V1        r1        a1        V2        r2        a2        A-in     A-used


                                            A#1       A#2        r0c       ac                                                h @ 1
    1    0=Coulomb       0=CHARGE (WS)  1     7.000     3.000    3.6264    0.0000    0.0000    0.0000     0.000    37.770   0.04000

    1    1=Volume        0=Woods-Saxon  2   27.8911    1.0920    0.6768   14.2166    1.0920    0.6768     0.000    37.770

    1    2=Surface       0=Woods-Saxon  3    0.0000    0.0000    0.0000    0.0038    1.3121    0.5223     0.000    37.770

    1    3=Projtl S.O.   0=Woods-Saxon  4    1.2573    0.8472    0.5900    0.0000    0.0000    0.0000     0.000    37.770

 Incoming partition  1 in excitation state # 1,   Laboratory Energy given for partition  1 Nucleus 1 in Excitation pair 1

0Lab. ENERGY ranges :

   from    380.000     to   0.00000     in     0 intervals
   from    0.00000     to   0.00000     in     0 intervals
   from    0.00000     to   0.00000     in     0 intervals

 Largest real,imaginary parts of any form factor at R=   49.60 are   2.90E-02  4.72E-29 MeV
 Finished all Couplings @    1.56250000E-02           4

 Symmetric Hamiltonian
1***********************************************************************************************************************************
************************************************************************************************************************************

        INCOMING p        ;    LABORATORY p        ENERGY =   380.00     MeV.

 ***********************************************************************************************************************************
 ***********************************************************************************************************************************


  NOTE: Coulomb excitation cut off below   0.018 deg by JTMAX, and below   0.015 deg by Rmax

 Allocate arrays for            2  channels, of which            1  need wfs.
 Allocate arrays for            3  channels, of which            3  need wfs.
 Allocate arrays for            4  channels, of which            4  need wfs.
 Reaction Xsec    24.0-/23 @ 1 =   0.244 , Out:   0.000#
 Reaction Xsec    24.0-/23 @ 2 =   0.245 , Out:   0.000#
 Reaction Xsec    24.0-/25 @ 3 =   0.116 , Out:   0.000#
 Reaction Xsec    24.0-/25 @ 4 =   0.117 , Out:   0.000#
 Reaction Xsec    25.0+/24 @ 1 =   0.176 , Out:   0.000#
 Reaction Xsec    25.0+/24 @ 2 =   0.176 , Out:   0.000#
 Reaction Xsec    25.0+/26 @ 3 =   0.083 , Out:   0.000#
 Reaction Xsec    25.0+/26 @ 4 =   0.084 , Out:   0.000#
 Reaction Xsec    25.0-/23 @ 1 =   0.255 , Out:   0.000#
 Reaction Xsec    25.0-/25 @ 2 =   0.121 , Out:   0.000#
 Reaction Xsec    25.0-/25 @ 3 =   0.121 , Out:   0.000#
 Reaction Xsec    25.0-/27 @ 4 =   0.057 , Out:   0.000#
 Finished all CC sets @    4.68750000E-02
0CUMULATIVE REACTION cross section                 =  326.62483  <L> =    10.82  <L**2> =    142.1
0CUMULATIVE outgoing cross sections in partition 1 :    0.00000
0Cumulative ABSORBTION by Imaginary Potentials     =  326.62483  <L> =    10.82  <L**2> =    142.1
   Fusion for specific p        M-states :  327.937318  327.937318
0CUMULATIVE OUTGOING cross section                 =    0.00000
 To convert to S-factors (MeV.mb = keV.b),  multiply by  3.8719E+02


 CROSS SECTIONS FOR OUTGOING p        & 7Li      in state #   1 with spins & parities 0.5  + &  1.5  +;  0

     0.01 deg.: X-S =   1.8189E+12 mb/sr,
+                                         /R =   9.9989E-01
     1.00 deg.: X-S =  7762.102493 mb/sr,
+                                         /R =   4.2668E-01
     2.00 deg.: X-S =  3106.680686 mb/sr,
+                                         /R =   2.7320E+00
     3.00 deg.: X-S =  3883.313628 mb/sr,
+                                         /R =   1.7284E+01
     4.00 deg.: X-S =  3753.713927 mb/sr,
+                                         /R =   5.2783E+01
     5.00 deg.: X-S =  3235.491944 mb/sr,
+                                         /R =   1.1102E+02
     6.00 deg.: X-S =  2585.135533 mb/sr,
+                                         /R =   1.8384E+02
     7.00 deg.: X-S =  1936.633570 mb/sr,
+                                         /R =   2.5498E+02
     8.00 deg.: X-S =  1363.530664 mb/sr,
+                                         /R =   3.0603E+02
     9.00 deg.: X-S =   900.664349 mb/sr,
+                                         /R =   3.2351E+02
    10.00 deg.: X-S =   555.621965 mb/sr,
+                                         /R =   3.0389E+02
    11.00 deg.: X-S =   317.934721 mb/sr,
+                                         /R =   2.5432E+02
    12.00 deg.: X-S =   167.312243 mb/sr,
+                                         /R =   1.8933E+02
    13.00 deg.: X-S =    80.442204 mb/sr,
+                                         /R =   1.2522E+02
    14.00 deg.: X-S =    35.771226 mb/sr,
+                                         /R =   7.4794E+01
    15.00 deg.: X-S =    16.113177 mb/sr,
+                                         /R =   4.4333E+01
    16.00 deg.: X-S =     9.399584 mb/sr,
+                                         /R =   3.3426E+01
    17.00 deg.: X-S =     8.170483 mb/sr,
+                                         /R =   3.6967E+01
    18.00 deg.: X-S =     8.452073 mb/sr,
+                                         /R =   4.7979E+01
    19.00 deg.: X-S =     8.536675 mb/sr,
+                                         /R =   6.0046E+01
    20.00 deg.: X-S =     7.971405 mb/sr,
+                                         /R =   6.8703E+01
    21.00 deg.: X-S =     6.865091 mb/sr,
+                                         /R =   7.1769E+01
    22.00 deg.: X-S =     5.490403 mb/sr,
+                                         /R =   6.8985E+01
    23.00 deg.: X-S =     4.098694 mb/sr,
+                                         /R =   6.1380E+01
    24.00 deg.: X-S =     2.860044 mb/sr,
+                                         /R =   5.0658E+01
    25.00 deg.: X-S =     1.862625 mb/sr,
+                                         /R =   3.8746E+01
    26.00 deg.: X-S =     1.132134 mb/sr,
+                                         /R =   2.7479E+01
    27.00 deg.: X-S =     0.652660 mb/sr,
+                                         /R =   1.8373E+01
    28.00 deg.: X-S =     0.382865 mb/sr,
+                                         /R =   1.2431E+01
    29.00 deg.: X-S =     0.267614 mb/sr,
+                                         /R =   9.9693E+00
    30.00 deg.: X-S =     0.247334 mb/sr,
+                                         /R =   1.0520E+01
    31.00 deg.: X-S =     0.266914 mb/sr,
+                                         /R =   1.2904E+01
    32.00 deg.: X-S =     0.284055 mb/sr,
+                                         /R =   1.5542E+01
    33.00 deg.: X-S =     0.275124 mb/sr,
+                                         /R =   1.6969E+01
    34.00 deg.: X-S =     0.236168 mb/sr,
+                                         /R =   1.6358E+01
    35.00 deg.: X-S =     0.178202 mb/sr,
+                                         /R =   1.3811E+01
    36.00 deg.: X-S =     0.118496 mb/sr,
+                                         /R =   1.0242E+01
    37.00 deg.: X-S =     0.071544 mb/sr,
+                                         /R =   6.8744E+00
    38.00 deg.: X-S =     0.043476 mb/sr,
+                                         /R =   4.6299E+00
    39.00 deg.: X-S =     0.031683 mb/sr,
+                                         /R =   3.7287E+00
    40.00 deg.: X-S =     0.028664 mb/sr,
+                                         /R =   3.7179E+00
    41.00 deg.: X-S =     0.027125 mb/sr,
+                                         /R =   3.8674E+00
    42.00 deg.: X-S =     0.023372 mb/sr,
+                                         /R =   3.6540E+00
    43.00 deg.: X-S =     0.017644 mb/sr,
+                                         /R =   3.0176E+00
    44.00 deg.: X-S =     0.012114 mb/sr,
+                                         /R =   2.2612E+00
    45.00 deg.: X-S =     0.008470 mb/sr,
+                                         /R =   1.7219E+00
    46.00 deg.: X-S =     0.006742 mb/sr,
+                                         /R =   1.4896E+00
    47.00 deg.: X-S =     0.005766 mb/sr,
+                                         /R =   1.3818E+00
    48.00 deg.: X-S =     0.004472 mb/sr,
+                                         /R =   1.1600E+00
    49.00 deg.: X-S =     0.002784 mb/sr,
+                                         /R =   7.8031E-01
    50.00 deg.: X-S =     0.001491 mb/sr,
+                                         /R =   4.5071E-01
    51.00 deg.: X-S =     0.001362 mb/sr,
+                                         /R =   4.4334E-01
    52.00 deg.: X-S =     0.002349 mb/sr,
+                                         /R =   8.2238E-01
    53.00 deg.: X-S =     0.003546 mb/sr,
+                                         /R =   1.3323E+00
    54.00 deg.: X-S =     0.003883 mb/sr,
+                                         /R =   1.5637E+00
    55.00 deg.: X-S =     0.002974 mb/sr,
+                                         /R =   1.2817E+00
    56.00 deg.: X-S =     0.001410 mb/sr,
+                                         /R =   6.4940E-01
    57.00 deg.: X-S =     0.000298 mb/sr,
+                                         /R =   1.4627E-01
    58.00 deg.: X-S =     0.000413 mb/sr,
+                                         /R =   2.1613E-01
    59.00 deg.: X-S =     0.001630 mb/sr,
+                                         /R =   9.0839E-01
    60.00 deg.: X-S =     0.003041 mb/sr,
+                                         /R =   1.8013E+00
    61.00 deg.: X-S =     0.003642 mb/sr,
+                                         /R =   2.2907E+00
    62.00 deg.: X-S =     0.003059 mb/sr,
+                                         /R =   2.0402E+00
    63.00 deg.: X-S =     0.001768 mb/sr,
+                                         /R =   1.2493E+00
    64.00 deg.: X-S =     0.000695 mb/sr,
+                                         /R =   5.1921E-01
    65.00 deg.: X-S =     0.000512 mb/sr,
+                                         /R =   4.0447E-01
    66.00 deg.: X-S =     0.001183 mb/sr,
+                                         /R =   9.8709E-01
    67.00 deg.: X-S =     0.002054 mb/sr,
+                                         /R =   1.8067E+00
    68.00 deg.: X-S =     0.002387 mb/sr,
+                                         /R =   2.2122E+00
    69.00 deg.: X-S =     0.001918 mb/sr,
+                                         /R =   1.8715E+00
    70.00 deg.: X-S =     0.001016 mb/sr,
+                                         /R =   1.0422E+00
    71.00 deg.: X-S =     0.000356 mb/sr,
+                                         /R =   3.8392E-01
    72.00 deg.: X-S =     0.000393 mb/sr,
+                                         /R =   4.4466E-01
    73.00 deg.: X-S =     0.001028 mb/sr,
+                                         /R =   1.2198E+00
    74.00 deg.: X-S =     0.001717 mb/sr,
+                                         /R =   2.1348E+00
    75.00 deg.: X-S =     0.001905 mb/sr,
+                                         /R =   2.4801E+00
    76.00 deg.: X-S =     0.001447 mb/sr,
+                                         /R =   1.9712E+00
    77.00 deg.: X-S =     0.000697 mb/sr,
+                                         /R =   9.9148E-01
    78.00 deg.: X-S =     0.000212 mb/sr,
+                                         /R =   3.1583E-01
    79.00 deg.: X-S =     0.000330 mb/sr,
+                                         /R =   5.1249E-01
    80.00 deg.: X-S =     0.000918 mb/sr,
+                                         /R =   1.4854E+00
    81.00 deg.: X-S =     0.001496 mb/sr,
+                                         /R =   2.5235E+00
    82.00 deg.: X-S =     0.001616 mb/sr,
+                                         /R =   2.8377E+00
    83.00 deg.: X-S =     0.001193 mb/sr,
+                                         /R =   2.1795E+00
    84.00 deg.: X-S =     0.000556 mb/sr,
+                                         /R =   1.0562E+00
    85.00 deg.: X-S =     0.000182 mb/sr,
+                                         /R =   3.5939E-01
    86.00 deg.: X-S =     0.000330 mb/sr,
+                                         /R =   6.7667E-01
    87.00 deg.: X-S =     0.000855 mb/sr,
+                                         /R =   1.8189E+00
    88.00 deg.: X-S =     0.001333 mb/sr,
+                                         /R =   2.9411E+00
    89.00 deg.: X-S =     0.001392 mb/sr,
+                                         /R =   3.1846E+00
    90.00 deg.: X-S =     0.000992 mb/sr,
+                                         /R =   2.3514E+00
    91.00 deg.: X-S =     0.000442 mb/sr,
+                                         /R =   1.0841E+00
    92.00 deg.: X-S =     0.000154 mb/sr,
+                                         /R =   3.8998E-01
    93.00 deg.: X-S =     0.000329 mb/sr,
+                                         /R =   8.6259E-01
    94.00 deg.: X-S =     0.000811 mb/sr,
+                                         /R =   2.2004E+00
    95.00 deg.: X-S =     0.001218 mb/sr,
+                                         /R =   3.4118E+00
    96.00 deg.: X-S =     0.001235 mb/sr,
+                                         /R =   3.5696E+00
    97.00 deg.: X-S =     0.000852 mb/sr,
+                                         /R =   2.5412E+00
    98.00 deg.: X-S =     0.000364 mb/sr,
+                                         /R =   1.1209E+00
    99.00 deg.: X-S =     0.000139 mb/sr,
+                                         /R =   4.3944E-01
   100.00 deg.: X-S =     0.000334 mb/sr,
+                                         /R =   1.0887E+00
   101.00 deg.: X-S =     0.000785 mb/sr,
+                                         /R =   2.6383E+00
   102.00 deg.: X-S =     0.001139 mb/sr,
+                                         /R =   3.9368E+00
   103.00 deg.: X-S =     0.001122 mb/sr,
+                                         /R =   3.9893E+00
   104.00 deg.: X-S =     0.000750 mb/sr,
+                                         /R =   2.7426E+00
   105.00 deg.: X-S =     0.000309 mb/sr,
+                                         /R =   1.1613E+00
   106.00 deg.: X-S =     0.000132 mb/sr,
+                                         /R =   5.0791E-01
   107.00 deg.: X-S =     0.000345 mb/sr,
+                                         /R =   1.3645E+00
   108.00 deg.: X-S =     0.000776 mb/sr,
+                                         /R =   3.1521E+00
   109.00 deg.: X-S =     0.001091 mb/sr,
+                                         /R =   4.5418E+00
   110.00 deg.: X-S =     0.001047 mb/sr,
+                                         /R =   4.4683E+00
   111.00 deg.: X-S =     0.000680 mb/sr,
+                                         /R =   2.9735E+00
   112.00 deg.: X-S =     0.000271 mb/sr,
+                                         /R =   1.2146E+00
   113.00 deg.: X-S =     0.000131 mb/sr,
+                                         /R =   5.9958E-01
   114.00 deg.: X-S =     0.000361 mb/sr,
+                                         /R =   1.6950E+00
   115.00 deg.: X-S =     0.000782 mb/sr,
+                                         /R =   3.7517E+00
   116.00 deg.: X-S =     0.001069 mb/sr,
+                                         /R =   5.2411E+00
   117.00 deg.: X-S =     0.001002 mb/sr,
+                                         /R =   5.0218E+00
   118.00 deg.: X-S =     0.000634 mb/sr,
+                                         /R =   3.2463E+00
   119.00 deg.: X-S =     0.000247 mb/sr,
+                                         /R =   1.2911E+00
   120.00 deg.: X-S =     0.000136 mb/sr,
+                                         /R =   7.2772E-01
   121.00 deg.: X-S =     0.000387 mb/sr,
+                                         /R =   2.1026E+00
   122.00 deg.: X-S =     0.000806 mb/sr,
+                                         /R =   4.4701E+00
   123.00 deg.: X-S =     0.001074 mb/sr,
+                                         /R =   6.0733E+00
   124.00 deg.: X-S =     0.000987 mb/sr,
+                                         /R =   5.6839E+00
   125.00 deg.: X-S =     0.000611 mb/sr,
+                                         /R =   3.5827E+00
   126.00 deg.: X-S =     0.000235 mb/sr,
+                                         /R =   1.4014E+00
   127.00 deg.: X-S =     0.000149 mb/sr,
+                                         /R =   9.0334E-01
   128.00 deg.: X-S =     0.000423 mb/sr,
+                                         /R =   2.6138E+00
   129.00 deg.: X-S =     0.000852 mb/sr,
+                                         /R =   5.3585E+00
   130.00 deg.: X-S =     0.001112 mb/sr,
+                                         /R =   7.1090E+00
   131.00 deg.: X-S =     0.001004 mb/sr,
+                                         /R =   6.5277E+00
   132.00 deg.: X-S =     0.000612 mb/sr,
+                                         /R =   4.0401E+00
   133.00 deg.: X-S =     0.000235 mb/sr,
+                                         /R =   1.5788E+00
   134.00 deg.: X-S =     0.000168 mb/sr,
+                                         /R =   1.1439E+00
   135.00 deg.: X-S =     0.000470 mb/sr,
+                                         /R =   3.2491E+00
   136.00 deg.: X-S =     0.000922 mb/sr,
+                                         /R =   6.4565E+00
   137.00 deg.: X-S =     0.001184 mb/sr,
+                                         /R =   8.4082E+00
   138.00 deg.: X-S =     0.001058 mb/sr,
+                                         /R =   7.6188E+00
   139.00 deg.: X-S =     0.000640 mb/sr,
+                                         /R =   4.6706E+00
   140.00 deg.: X-S =     0.000251 mb/sr,
+                                         /R =   1.8576E+00
   141.00 deg.: X-S =     0.000198 mb/sr,
+                                         /R =   1.4846E+00
   142.00 deg.: X-S =     0.000538 mb/sr,
+                                         /R =   4.0793E+00
   143.00 deg.: X-S =     0.001030 mb/sr,
+                                         /R =   7.8983E+00
   144.00 deg.: X-S =     0.001311 mb/sr,
+                                         /R =   1.0167E+01
   145.00 deg.: X-S =     0.001171 mb/sr,
+                                         /R =   9.1804E+00
   146.00 deg.: X-S =     0.000716 mb/sr,
+                                         /R =   5.6725E+00
   147.00 deg.: X-S =     0.000297 mb/sr,
+                                         /R =   2.3755E+00
   148.00 deg.: X-S =     0.000248 mb/sr,
+                                         /R =   2.0102E+00
   149.00 deg.: X-S =     0.000635 mb/sr,
+                                         /R =   5.1872E+00
   150.00 deg.: X-S =     0.001191 mb/sr,
+                                         /R =   9.8286E+00
   151.00 deg.: X-S =     0.001516 mb/sr,
+                                         /R =   1.2628E+01
   152.00 deg.: X-S =     0.001372 mb/sr,
+                                         /R =   1.1528E+01
   153.00 deg.: X-S =     0.000870 mb/sr,
+                                         /R =   7.3704E+00
   154.00 deg.: X-S =     0.000398 mb/sr,
+                                         /R =   3.4023E+00
   155.00 deg.: X-S =     0.000340 mb/sr,
+                                         /R =   2.9272E+00
   156.00 deg.: X-S =     0.000782 mb/sr,
+                                         /R =   6.7866E+00
   157.00 deg.: X-S =     0.001441 mb/sr,
+                                         /R =   1.2593E+01
   158.00 deg.: X-S =     0.001861 mb/sr,
+                                         /R =   1.6379E+01
   159.00 deg.: X-S =     0.001753 mb/sr,
+                                         /R =   1.5528E+01
   160.00 deg.: X-S =     0.001214 mb/sr,
+                                         /R =   1.0827E+01
   161.00 deg.: X-S =     0.000673 mb/sr,
+                                         /R =   6.0408E+00
   162.00 deg.: X-S =     0.000579 mb/sr,
+                                         /R =   5.2266E+00
   163.00 deg.: X-S =     0.001070 mb/sr,
+                                         /R =   9.7034E+00
   164.00 deg.: X-S =     0.001861 mb/sr,
+                                         /R =   1.6965E+01
   165.00 deg.: X-S =     0.002451 mb/sr,
+                                         /R =   2.2444E+01
   166.00 deg.: X-S =     0.002492 mb/sr,
+                                         /R =   2.2927E+01
   167.00 deg.: X-S =     0.002069 mb/sr,
+                                         /R =   1.9109E+01
   168.00 deg.: X-S =     0.001650 mb/sr,
+                                         /R =   1.5298E+01
   169.00 deg.: X-S =     0.001754 mb/sr,
+                                         /R =   1.6323E+01
   170.00 deg.: X-S =     0.002551 mb/sr,
+                                         /R =   2.3816E+01
   171.00 deg.: X-S =     0.003699 mb/sr,
+                                         /R =   3.4634E+01
   172.00 deg.: X-S =     0.004557 mb/sr,
+                                         /R =   4.2778E+01
   173.00 deg.: X-S =     0.004635 mb/sr,
+                                         /R =   4.3608E+01
   174.00 deg.: X-S =     0.003970 mb/sr,
+                                         /R =   3.7427E+01
   175.00 deg.: X-S =     0.003149 mb/sr,
+                                         /R =   2.9736E+01
   176.00 deg.: X-S =     0.002934 mb/sr,
+                                         /R =   2.7748E+01
   177.00 deg.: X-S =     0.003740 mb/sr,
+                                         /R =   3.5398E+01
   178.00 deg.: X-S =     0.005309 mb/sr,
+                                         /R =   5.0292E+01
   179.00 deg.: X-S =     0.006838 mb/sr,
+                                         /R =   6.4808E+01
   179.99 deg.: X-S =     0.007469 mb/sr,
+                                         /R =   7.0800E+01
                                           Integrated********** mb, over [   0.000, 180.000] at   380.0000 MeV 
 Finished all xsecs @    4.68750000E-02

  The following files have been created:
   3:local copy of User input.            6:standard output.                   
  13:total cross sections/state.         39:cross sections for each Ecm.       
  40:all cross sectns. for each Elab.    56:Fusion for each Jtotal.            

 PARAMETERS : MAXQRN   MFNL   MLOC  LMAX1 MCLIST
    ALLOWED :      1     16      4    170      6
    REQUIRED:      0      0      4     28      4


 ACCURACY ANALYSIS at   380.000 MeV :

  Elastic h*k = 0.149 so OK       compared with 0.200

   Real(S-el) > 0.01 first at J =       1.0
   Real(S-el) > 0.10 first at J =       1.0
   Real(S-el) > 0.50 first at J =       7.0
   Real(S-el) > 0.90 first at J =      15.0
   Real(S-el) > 0.99 first at J =      21.0
   R-turn =     6.84 fm    at J =      25.0

 Forward-angle excitation cut off below   0.109 deg by max JT =      25.0
                              and below   0.015 deg by max R.

 Total CPU  0 time =       0.06 seconds
