 FRESCO - FRES 3.4: Coupled Reaction Channels
 Assuming NAMELIST input.

 Test reaction with generated potential                                          

   0.040  50.000   0.500   0.000   0.000   0.000   0.000   0.000   0.000   0.000

 Centre-of-mass Range is   1252 * 0.0400 fm., Maximum at  50.00 fm., Interpolating NL forms every  0.52 fm.
 Non - locality width is      4 * 0.0400 fm., Maximum of   0.12 fm., Centred at  0.00 fm.
 2-Nucleon Separation of      0 * 0.5200 fm., Maximum of   0.00 fm., Minimum at  0.00 fm.
 Maximum single particle bins of 49.9200 fm.
               M,Mint =         1251        1249


 Range of total J is     0.0 <= J <=   150.0 (at least     0.0) and Absorbtion =>     0.1000 mb.
 Dry Run = F, CC set limits =  0  0, Relativistic kinematics =  , Both/Far/Near Analyses =  1                     

 Cross Sections (and up to T0 for 0=projectile) for Theta from   0.0 to 180.0 in steps of  1.0 degrees, DGAM=0,  Coordinates = 0 (Mads)

 Lower Radial Cutoff = maximum of -1.60*L*h &       0.0 fm.,  Lower Cutoff for Couplings =   0.0  fm.


 Iterate Couplings between   0 and   0 times, to  0.000 % if sooner.                                          
  Block solved exactly =   0 chs., with Pade = 0 & Isocen =  =0, NOSOL = F, initwf =  0
  NL quadrature with   18 Gaussian points, Calculate multipoles up to   156 from   0
  M-transfers for lp+lt greater than or equal to  6, Angular Integration Cutoff below  2.7778 %


 Trace switches are :  CHANS =  0, LISTCC =  0, TRENEG =  0, CDETR =  0, SMATS =  0, XSTABL =  0, NLPL =  0

                       WAVES =  0, LAMPL =  0, VEFF =  0, KFUS =  0, WDISK =  0, BPM =  0, MELFIL =  0

                       CDCC =  0, NFUS =  0

 Using unit mass = 1.000000 amu and 1/fine-structure constant = 137.03599 ( 1.000000 * true ) with hc = 197.32705 MeV.fm,
  thus 2*amu/hbar^2 = 0.0478450 = 1/20.9008 and Coulomb constant = 0.1574855 so e^2 = 1.43997, and nuclear magneton= 0.1261183

 Now pre-scan input and save to file 3



 *********** PARTITION NUMBER  1 ******************************************************************************************

   PROJ=p          MASS=  1.0000 Z=   1.0,        # STATES=    1T, TARG=7Li      MASS=  7.0000 Z=   3.0,     Q-VALUE =   0.0000 MEV.

     1:  J= 0.5+ (B# 1), E=  0.0000, K= 0.5              Potl#  1       J= 1.5+ (B# 1), E=  0.0000, K= 0.5    


 ************************************************************************************************************************************

 The following POTENTIALS are defined :

  KP#       TYPE      IT    SHAPE      at     V1        r1        a1        V2        r2        a2        A-in     A-used


                                            A#1       A#2        r0c       ac                                                h @ 1
    1    0=Coulomb       0=CHARGE (WS)  1     7.000     3.000    3.6264    0.0000    0.0000    0.0000     0.000    37.770   0.04000

    1    1=Volume        0=Woods-Saxon  2   19.2712    1.0920    0.6768   11.7906    1.0920    0.6768     0.000    37.770

    1    2=Surface       0=Woods-Saxon  3    0.0000    0.0000    0.0000    0.7165    1.3121    0.5223     0.000    37.770

    1    3=Projtl S.O.   0=Woods-Saxon  4    3.2837    0.8472    0.5900    0.0000    0.0000    0.0000     0.000    37.770

 Incoming partition  1 in excitation state # 1,   Laboratory Energy given for partition  1 Nucleus 1 in Excitation pair 1

0Lab. ENERGY ranges :

   from    140.000     to   0.00000     in     0 intervals
   from    0.00000     to   0.00000     in     0 intervals
   from    0.00000     to   0.00000     in     0 intervals

 Largest real,imaginary parts of any form factor at R=   49.60 are   2.90E-02  3.92E-29 MeV
 Finished all Couplings @    0.00000000               4

 Symmetric Hamiltonian
1***********************************************************************************************************************************
************************************************************************************************************************************

        INCOMING p        ;    LABORATORY p        ENERGY =   140.00     MeV.

 ***********************************************************************************************************************************
 ***********************************************************************************************************************************


  NOTE: Coulomb excitation cut off below   0.030 deg by JTMAX, and below   0.040 deg by Rmax

 Allocate arrays for            2  channels, of which            1  need wfs.
 Allocate arrays for            3  channels, of which            3  need wfs.
 Allocate arrays for            4  channels, of which            4  need wfs.
 Reaction Xsec    16.0+/14 @ 1 =   0.706 , Out:   0.000#
 Reaction Xsec    16.0+/16 @ 2 =   0.197 , Out:   0.000#
 Reaction Xsec    16.0+/16 @ 3 =   0.198 , Out:   0.000#
 Reaction Xsec    16.0+/18 @ 4 =   0.055 , Out:   0.000#
 Reaction Xsec    16.0-/15 @ 1 =   0.373 , Out:   0.000#
 Reaction Xsec    16.0-/15 @ 2 =   0.375 , Out:   0.000#
 Reaction Xsec    16.0-/17 @ 3 =   0.104 , Out:   0.000#
 Reaction Xsec    16.0-/17 @ 4 =   0.104 , Out:   0.000#
 Reaction Xsec    17.0+/16 @ 1 =   0.209 , Out:   0.000#
 Reaction Xsec    17.0+/16 @ 2 =   0.210 , Out:   0.000#
 Reaction Xsec    17.0+/18 @ 3 =   0.058 , Out:   0.000#
 Reaction Xsec    17.0+/18 @ 4 =   0.058 , Out:   0.000#
 Finished all CC sets @    3.12500000E-02
0CUMULATIVE REACTION cross section                 =  454.40041  <L> =     7.02  <L**2> =     59.7
0CUMULATIVE outgoing cross sections in partition 1 :    0.00000
0Cumulative ABSORBTION by Imaginary Potentials     =  454.40041  <L> =     7.02  <L**2> =     59.7
   Fusion for specific p        M-states :  564.999821  564.999821
0CUMULATIVE OUTGOING cross section                 =    0.00000
 To convert to S-factors (MeV.mb = keV.b),  multiply by  1.5743E+02


 CROSS SECTIONS FOR OUTGOING p        & 7Li      in state #   1 with spins & parities 0.5  + &  1.5  +;  0

     0.01 deg.: X-S =   1.3401E+13 mb/sr,
+                                         /R =   9.9997E-01
     1.00 deg.: X-S =   1.0601E+05 mb/sr,
+                                         /R =   7.9097E-01
     2.00 deg.: X-S =  4265.740417 mb/sr,
+                                         /R =   5.0917E-01
     3.00 deg.: X-S =  1655.043140 mb/sr,
+                                         /R =   9.9984E-01
     4.00 deg.: X-S =  1782.787684 mb/sr,
+                                         /R =   3.4027E+00
     5.00 deg.: X-S =  1903.456255 mb/sr,
+                                         /R =   8.8656E+00
     6.00 deg.: X-S =  1889.051534 mb/sr,
+                                         /R =   1.8234E+01
     7.00 deg.: X-S =  1779.108456 mb/sr,
+                                         /R =   3.1794E+01
     8.00 deg.: X-S =  1612.477656 mb/sr,
+                                         /R =   4.9122E+01
     9.00 deg.: X-S =  1416.909975 mb/sr,
+                                         /R =   6.9081E+01
    10.00 deg.: X-S =  1211.791413 mb/sr,
+                                         /R =   8.9962E+01
    11.00 deg.: X-S =  1010.645098 mb/sr,
+                                         /R =   1.0973E+02
    12.00 deg.: X-S =   822.665895 mb/sr,
+                                         /R =   1.2636E+02
    13.00 deg.: X-S =   653.682631 mb/sr,
+                                         /R =   1.3812E+02
    14.00 deg.: X-S =   506.847308 mb/sr,
+                                         /R =   1.4385E+02
    15.00 deg.: X-S =   383.203296 mb/sr,
+                                         /R =   1.4311E+02
    16.00 deg.: X-S =   282.194266 mb/sr,
+                                         /R =   1.3621E+02
    17.00 deg.: X-S =   202.128979 mb/sr,
+                                         /R =   1.2413E+02
    18.00 deg.: X-S =   140.596653 mb/sr,
+                                         /R =   1.0833E+02
    19.00 deg.: X-S =    94.821824 mb/sr,
+                                         /R =   9.0530E+01
    20.00 deg.: X-S =    61.949663 mb/sr,
+                                         /R =   7.2471E+01
    21.00 deg.: X-S =    39.258182 mb/sr,
+                                         /R =   5.5707E+01
    22.00 deg.: X-S =    24.299998 mb/sr,
+                                         /R =   4.1443E+01
    23.00 deg.: X-S =    14.981573 mb/sr,
+                                         /R =   3.0453E+01
    24.00 deg.: X-S =     9.591418 mb/sr,
+                                         /R =   2.3059E+01
    25.00 deg.: X-S =     6.790233 mb/sr,
+                                         /R =   1.9172E+01
    26.00 deg.: X-S =     5.575770 mb/sr,
+                                         /R =   1.8370E+01
    27.00 deg.: X-S =     5.233655 mb/sr,
+                                         /R =   1.9998E+01
    28.00 deg.: X-S =     5.283089 mb/sr,
+                                         /R =   2.3283E+01
    29.00 deg.: X-S =     5.423862 mb/sr,
+                                         /R =   2.7425E+01
    30.00 deg.: X-S =     5.488692 mb/sr,
+                                         /R =   3.1688E+01
    31.00 deg.: X-S =     5.402968 mb/sr,
+                                         /R =   3.5455E+01
    32.00 deg.: X-S =     5.152483 mb/sr,
+                                         /R =   3.8266E+01
    33.00 deg.: X-S =     4.758817 mb/sr,
+                                         /R =   3.9839E+01
    34.00 deg.: X-S =     4.261439 mb/sr,
+                                         /R =   4.0063E+01
    35.00 deg.: X-S =     3.705415 mb/sr,
+                                         /R =   3.8981E+01
    36.00 deg.: X-S =     3.133539 mb/sr,
+                                         /R =   3.6763E+01
    37.00 deg.: X-S =     2.581804 mb/sr,
+                                         /R =   3.3672E+01
    38.00 deg.: X-S =     2.077305 mb/sr,
+                                         /R =   3.0027E+01
    39.00 deg.: X-S =     1.637780 mb/sr,
+                                         /R =   2.6163E+01
    40.00 deg.: X-S =     1.272229 mb/sr,
+                                         /R =   2.2398E+01
    41.00 deg.: X-S =     0.982150 mb/sr,
+                                         /R =   1.9007E+01
    42.00 deg.: X-S =     0.763093 mb/sr,
+                                         /R =   1.6193E+01
    43.00 deg.: X-S =     0.606331 mb/sr,
+                                         /R =   1.4075E+01
    44.00 deg.: X-S =     0.500507 mb/sr,
+                                         /R =   1.2681E+01
    45.00 deg.: X-S =     0.433159 mb/sr,
+                                         /R =   1.1952E+01
    46.00 deg.: X-S =     0.392064 mb/sr,
+                                         /R =   1.1757E+01
    47.00 deg.: X-S =     0.366314 mb/sr,
+                                         /R =   1.1915E+01
    48.00 deg.: X-S =     0.347090 mb/sr,
+                                         /R =   1.2222E+01
    49.00 deg.: X-S =     0.328089 mb/sr,
+                                         /R =   1.2484E+01
    50.00 deg.: X-S =     0.305594 mb/sr,
+                                         /R =   1.2542E+01
    51.00 deg.: X-S =     0.278231 mb/sr,
+                                         /R =   1.2297E+01
    52.00 deg.: X-S =     0.246476 mb/sr,
+                                         /R =   1.1711E+01
    53.00 deg.: X-S =     0.212022 mb/sr,
+                                         /R =   1.0813E+01
    54.00 deg.: X-S =     0.177116 mb/sr,
+                                         /R =   9.6803E+00
    55.00 deg.: X-S =     0.143978 mb/sr,
+                                         /R =   8.4210E+00
    56.00 deg.: X-S =     0.114370 mb/sr,
+                                         /R =   7.1482E+00
    57.00 deg.: X-S =     0.089374 mb/sr,
+                                         /R =   5.9608E+00
    58.00 deg.: X-S =     0.069348 mb/sr,
+                                         /R =   4.9290E+00
    59.00 deg.: X-S =     0.054043 mb/sr,
+                                         /R =   4.0883E+00
    60.00 deg.: X-S =     0.042803 mb/sr,
+                                         /R =   3.4419E+00
    61.00 deg.: X-S =     0.034788 mb/sr,
+                                         /R =   2.9700E+00
    62.00 deg.: X-S =     0.029162 mb/sr,
+                                         /R =   2.6401E+00
    63.00 deg.: X-S =     0.025215 mb/sr,
+                                         /R =   2.4180E+00
    64.00 deg.: X-S =     0.022417 mb/sr,
+                                         /R =   2.2744E+00
    65.00 deg.: X-S =     0.020401 mb/sr,
+                                         /R =   2.1876E+00
    66.00 deg.: X-S =     0.018922 mb/sr,
+                                         /R =   2.1422E+00
    67.00 deg.: X-S =     0.017804 mb/sr,
+                                         /R =   2.1257E+00
    68.00 deg.: X-S =     0.016895 mb/sr,
+                                         /R =   2.1255E+00
    69.00 deg.: X-S =     0.016061 mb/sr,
+                                         /R =   2.1268E+00
    70.00 deg.: X-S =     0.015181 mb/sr,
+                                         /R =   2.1141E+00
    71.00 deg.: X-S =     0.014173 mb/sr,
+                                         /R =   2.0736E+00
    72.00 deg.: X-S =     0.013006 mb/sr,
+                                         /R =   1.9974E+00
    73.00 deg.: X-S =     0.011705 mb/sr,
+                                         /R =   1.8853E+00
    74.00 deg.: X-S =     0.010344 mb/sr,
+                                         /R =   1.7459E+00
    75.00 deg.: X-S =     0.009021 mb/sr,
+                                         /R =   1.5940E+00
    76.00 deg.: X-S =     0.007825 mb/sr,
+                                         /R =   1.4464E+00
    77.00 deg.: X-S =     0.006815 mb/sr,
+                                         /R =   1.3167E+00
    78.00 deg.: X-S =     0.006004 mb/sr,
+                                         /R =   1.2116E+00
    79.00 deg.: X-S =     0.005357 mb/sr,
+                                         /R =   1.1283E+00
    80.00 deg.: X-S =     0.004812 mb/sr,
+                                         /R =   1.0570E+00
    81.00 deg.: X-S =     0.004297 mb/sr,
+                                         /R =   9.8365E-01
    82.00 deg.: X-S =     0.003759 mb/sr,
+                                         /R =   8.9590E-01
    83.00 deg.: X-S =     0.003176 mb/sr,
+                                         /R =   7.8784E-01
    84.00 deg.: X-S =     0.002570 mb/sr,
+                                         /R =   6.6295E-01
    85.00 deg.: X-S =     0.001992 mb/sr,
+                                         /R =   5.3400E-01
    86.00 deg.: X-S =     0.001508 mb/sr,
+                                         /R =   4.1981E-01
    87.00 deg.: X-S =     0.001176 mb/sr,
+                                         /R =   3.3977E-01
    88.00 deg.: X-S =     0.001027 mb/sr,
+                                         /R =   3.0775E-01
    89.00 deg.: X-S =     0.001054 mb/sr,
+                                         /R =   3.2729E-01
    90.00 deg.: X-S =     0.001212 mb/sr,
+                                         /R =   3.8975E-01
    91.00 deg.: X-S =     0.001429 mb/sr,
+                                         /R =   4.7588E-01
    92.00 deg.: X-S =     0.001628 mb/sr,
+                                         /R =   5.6084E-01
    93.00 deg.: X-S =     0.001743 mb/sr,
+                                         /R =   6.2101E-01
    94.00 deg.: X-S =     0.001741 mb/sr,
+                                         /R =   6.4078E-01
    95.00 deg.: X-S =     0.001623 mb/sr,
+                                         /R =   6.1712E-01
    96.00 deg.: X-S =     0.001428 mb/sr,
+                                         /R =   5.6052E-01
    97.00 deg.: X-S =     0.001215 mb/sr,
+                                         /R =   4.9176E-01
    98.00 deg.: X-S =     0.001043 mb/sr,
+                                         /R =   4.3543E-01
    99.00 deg.: X-S =     0.000958 mb/sr,
+                                         /R =   4.1203E-01
   100.00 deg.: X-S =     0.000973 mb/sr,
+                                         /R =   4.3108E-01
   101.00 deg.: X-S =     0.001069 mb/sr,
+                                         /R =   4.8770E-01
   102.00 deg.: X-S =     0.001201 mb/sr,
+                                         /R =   5.6370E-01
   103.00 deg.: X-S =     0.001312 mb/sr,
+                                         /R =   6.3332E-01
   104.00 deg.: X-S =     0.001354 mb/sr,
+                                         /R =   6.7179E-01
   105.00 deg.: X-S =     0.001303 mb/sr,
+                                         /R =   6.6407E-01
   106.00 deg.: X-S =     0.001167 mb/sr,
+                                         /R =   6.1077E-01
   107.00 deg.: X-S =     0.000985 mb/sr,
+                                         /R =   5.2901E-01
   108.00 deg.: X-S =     0.000812 mb/sr,
+                                         /R =   4.4747E-01
   109.00 deg.: X-S =     0.000703 mb/sr,
+                                         /R =   3.9707E-01
   110.00 deg.: X-S =     0.000691 mb/sr,
+                                         /R =   4.0006E-01
   111.00 deg.: X-S =     0.000777 mb/sr,
+                                         /R =   4.6139E-01
   112.00 deg.: X-S =     0.000930 mb/sr,
+                                         /R =   5.6552E-01
   113.00 deg.: X-S =     0.001094 mb/sr,
+                                         /R =   6.8036E-01
   114.00 deg.: X-S =     0.001206 mb/sr,
+                                         /R =   7.6749E-01
   115.00 deg.: X-S =     0.001222 mb/sr,
+                                         /R =   7.9557E-01
   116.00 deg.: X-S =     0.001131 mb/sr,
+                                         /R =   7.5246E-01
   117.00 deg.: X-S =     0.000958 mb/sr,
+                                         /R =   6.5135E-01
   118.00 deg.: X-S =     0.000761 mb/sr,
+                                         /R =   5.2844E-01
   119.00 deg.: X-S =     0.000609 mb/sr,
+                                         /R =   4.3194E-01
   120.00 deg.: X-S =     0.000561 mb/sr,
+                                         /R =   4.0577E-01
   121.00 deg.: X-S =     0.000641 mb/sr,
+                                         /R =   4.7315E-01
   122.00 deg.: X-S =     0.000832 mb/sr,
+                                         /R =   6.2627E-01
   123.00 deg.: X-S =     0.001076 mb/sr,
+                                         /R =   8.2596E-01
   124.00 deg.: X-S =     0.001295 mb/sr,
+                                         /R =   1.0127E+00
   125.00 deg.: X-S =     0.001413 mb/sr,
+                                         /R =   1.1258E+00
   126.00 deg.: X-S =     0.001387 mb/sr,
+                                         /R =   1.1246E+00
   127.00 deg.: X-S =     0.001217 mb/sr,
+                                         /R =   1.0046E+00
   128.00 deg.: X-S =     0.000955 mb/sr,
+                                         /R =   8.0150E-01
   129.00 deg.: X-S =     0.000682 mb/sr,
+                                         /R =   5.8205E-01
   130.00 deg.: X-S =     0.000487 mb/sr,
+                                         /R =   4.2249E-01
   131.00 deg.: X-S =     0.000434 mb/sr,
+                                         /R =   3.8257E-01
   132.00 deg.: X-S =     0.000539 mb/sr,
+                                         /R =   4.8344E-01
   133.00 deg.: X-S =     0.000767 mb/sr,
+                                         /R =   6.9796E-01
   134.00 deg.: X-S =     0.001037 mb/sr,
+                                         /R =   9.5765E-01
   135.00 deg.: X-S =     0.001254 mb/sr,
+                                         /R =   1.1750E+00
   136.00 deg.: X-S =     0.001340 mb/sr,
+                                         /R =   1.2743E+00
   137.00 deg.: X-S =     0.001265 mb/sr,
+                                         /R =   1.2201E+00
   138.00 deg.: X-S =     0.001057 mb/sr,
+                                         /R =   1.0329E+00
   139.00 deg.: X-S =     0.000793 mb/sr,
+                                         /R =   7.8564E-01
   140.00 deg.: X-S =     0.000579 mb/sr,
+                                         /R =   5.8051E-01
   141.00 deg.: X-S =     0.000505 mb/sr,
+                                         /R =   5.1314E-01
   142.00 deg.: X-S =     0.000619 mb/sr,
+                                         /R =   6.3660E-01
   143.00 deg.: X-S =     0.000901 mb/sr,
+                                         /R =   9.3804E-01
   144.00 deg.: X-S =     0.001271 mb/sr,
+                                         /R =   1.3378E+00
   145.00 deg.: X-S =     0.001609 mb/sr,
+                                         /R =   1.7130E+00
   146.00 deg.: X-S =     0.001802 mb/sr,
+                                         /R =   1.9389E+00
   147.00 deg.: X-S =     0.001779 mb/sr,
+                                         /R =   1.9344E+00
   148.00 deg.: X-S =     0.001544 mb/sr,
+                                         /R =   1.6957E+00
   149.00 deg.: X-S =     0.001175 mb/sr,
+                                         /R =   1.3040E+00
   150.00 deg.: X-S =     0.000807 mb/sr,
+                                         /R =   9.0349E-01
   151.00 deg.: X-S =     0.000579 mb/sr,
+                                         /R =   6.5423E-01
   152.00 deg.: X-S =     0.000592 mb/sr,
+                                         /R =   6.7520E-01
   153.00 deg.: X-S =     0.000867 mb/sr,
+                                         /R =   9.9777E-01
   154.00 deg.: X-S =     0.001334 mb/sr,
+                                         /R =   1.5469E+00
   155.00 deg.: X-S =     0.001848 mb/sr,
+                                         /R =   2.1595E+00
   156.00 deg.: X-S =     0.002239 mb/sr,
+                                         /R =   2.6370E+00
   157.00 deg.: X-S =     0.002373 mb/sr,
+                                         /R =   2.8151E+00
   158.00 deg.: X-S =     0.002200 mb/sr,
+                                         /R =   2.6281E+00
   159.00 deg.: X-S =     0.001782 mb/sr,
+                                         /R =   2.1429E+00
   160.00 deg.: X-S =     0.001280 mb/sr,
+                                         /R =   1.5490E+00
   161.00 deg.: X-S =     0.000905 mb/sr,
+                                         /R =   1.1015E+00
   162.00 deg.: X-S =     0.000845 mb/sr,
+                                         /R =   1.0349E+00
   163.00 deg.: X-S =     0.001198 mb/sr,
+                                         /R =   1.4745E+00
   164.00 deg.: X-S =     0.001922 mb/sr,
+                                         /R =   2.3774E+00
   165.00 deg.: X-S =     0.002838 mb/sr,
+                                         /R =   3.5275E+00
   166.00 deg.: X-S =     0.003678 mb/sr,
+                                         /R =   4.5923E+00
   167.00 deg.: X-S =     0.004172 mb/sr,
+                                         /R =   5.2306E+00
   168.00 deg.: X-S =     0.004146 mb/sr,
+                                         /R =   5.2179E+00
   169.00 deg.: X-S =     0.003604 mb/sr,
+                                         /R =   4.5521E+00
   170.00 deg.: X-S =     0.002761 mb/sr,
+                                         /R =   3.4985E+00
   171.00 deg.: X-S =     0.002009 mb/sr,
+                                         /R =   2.5532E+00
   172.00 deg.: X-S =     0.001826 mb/sr,
+                                         /R =   2.3271E+00
   173.00 deg.: X-S =     0.002644 mb/sr,
+                                         /R =   3.3760E+00
   174.00 deg.: X-S =     0.004708 mb/sr,
+                                         /R =   6.0236E+00
   175.00 deg.: X-S =     0.007983 mb/sr,
+                                         /R =   1.0231E+01
   176.00 deg.: X-S =     0.012119 mb/sr,
+                                         /R =   1.5554E+01
   177.00 deg.: X-S =     0.016506 mb/sr,
+                                         /R =   2.1207E+01
   178.00 deg.: X-S =     0.020395 mb/sr,
+                                         /R =   2.6224E+01
   179.00 deg.: X-S =     0.023073 mb/sr,
+                                         /R =   2.9681E+01
   179.99 deg.: X-S =     0.024027 mb/sr,
+                                         /R =   3.0914E+01
                                           Integrated********** mb, over [   0.000, 180.000] at   140.0000 MeV 
 Finished all xsecs @    6.25000000E-02

  The following files have been created:
   3:local copy of User input.            6:standard output.                   
  13:total cross sections/state.         39:cross sections for each Ecm.       
  40:all cross sectns. for each Elab.    56:Fusion for each Jtotal.            

 PARAMETERS : MAXQRN   MFNL   MLOC  LMAX1 MCLIST
    ALLOWED :      1     16      4    170      6
    REQUIRED:      0      0      4     19      4


 ACCURACY ANALYSIS at   140.000 MeV :

  Elastic h*k = 0.091 so OK       compared with 0.200

   Real(S-el) > 0.01 first at J =       1.0
   Real(S-el) > 0.10 first at J =       1.0
   Real(S-el) > 0.50 first at J =       4.0
   Real(S-el) > 0.90 first at J =       9.0
   Real(S-el) > 0.99 first at J =      13.0
   R-turn =     7.74 fm    at J =      17.0

 Forward-angle excitation cut off below   0.261 deg by max JT =      17.0
                              and below   0.040 deg by max R.

 Total CPU  0 time =       0.06 seconds
