 FRESCO - FRES 3.4: Coupled Reaction Channels
 Assuming NAMELIST input.

 Test reaction with generated potential                                          

   0.040  50.000   0.500   0.000   0.000   0.000   0.000   0.000   0.000   0.000

 Centre-of-mass Range is   1252 * 0.0400 fm., Maximum at  50.00 fm., Interpolating NL forms every  0.52 fm.
 Non - locality width is      4 * 0.0400 fm., Maximum of   0.12 fm., Centred at  0.00 fm.
 2-Nucleon Separation of      0 * 0.5200 fm., Maximum of   0.00 fm., Minimum at  0.00 fm.
 Maximum single particle bins of 49.9200 fm.
               M,Mint =         1251        1249


 Range of total J is     0.0 <= J <=   150.0 (at least     0.0) and Absorbtion =>     0.1000 mb.
 Dry Run = F, CC set limits =  0  0, Relativistic kinematics =  , Both/Far/Near Analyses =  1                     

 Cross Sections (and up to T0 for 0=projectile) for Theta from   0.0 to 180.0 in steps of  1.0 degrees, DGAM=0,  Coordinates = 0 (Mads)

 Lower Radial Cutoff = maximum of -1.60*L*h &       0.0 fm.,  Lower Cutoff for Couplings =   0.0  fm.


 Iterate Couplings between   0 and   0 times, to  0.000 % if sooner.                                          
  Block solved exactly =   0 chs., with Pade = 0 & Isocen =  =0, NOSOL = F, initwf =  0
  NL quadrature with   18 Gaussian points, Calculate multipoles up to   156 from   0
  M-transfers for lp+lt greater than or equal to  6, Angular Integration Cutoff below  2.7778 %


 Trace switches are :  CHANS =  0, LISTCC =  0, TRENEG =  0, CDETR =  0, SMATS =  0, XSTABL =  0, NLPL =  0

                       WAVES =  0, LAMPL =  0, VEFF =  0, KFUS =  0, WDISK =  0, BPM =  0, MELFIL =  0

                       CDCC =  0, NFUS =  0

 Using unit mass = 1.000000 amu and 1/fine-structure constant = 137.03599 ( 1.000000 * true ) with hc = 197.32705 MeV.fm,
  thus 2*amu/hbar^2 = 0.0478450 = 1/20.9008 and Coulomb constant = 0.1574855 so e^2 = 1.43997, and nuclear magneton= 0.1261183

 Now pre-scan input and save to file 3



 *********** PARTITION NUMBER  1 ******************************************************************************************

   PROJ=p          MASS=  1.0000 Z=   1.0,        # STATES=    1T, TARG=7Li      MASS=  7.0000 Z=   3.0,     Q-VALUE =   0.0000 MEV.

     1:  J= 0.5+ (B# 1), E=  0.0000, K= 0.5              Potl#  1       J= 1.5+ (B# 1), E=  0.0000, K= 0.5    


 ************************************************************************************************************************************

 The following POTENTIALS are defined :

  KP#       TYPE      IT    SHAPE      at     V1        r1        a1        V2        r2        a2        A-in     A-used


                                            A#1       A#2        r0c       ac                                                h @ 1
    1    0=Coulomb       0=CHARGE (WS)  1     7.000     3.000    3.6264    0.0000    0.0000    0.0000     0.000    37.770   0.04000

    1    1=Volume        0=Woods-Saxon  2   18.1233    1.0920    0.6768   14.0201    1.0920    0.6768     0.000    37.770

    1    2=Surface       0=Woods-Saxon  3    0.0000    0.0000    0.0000    0.0142    1.3121    0.5223     0.000    37.770

    1    3=Projtl S.O.   0=Woods-Saxon  4    1.5984    0.8472    0.5900    0.0000    0.0000    0.0000     0.000    37.770

 Incoming partition  1 in excitation state # 1,   Laboratory Energy given for partition  1 Nucleus 1 in Excitation pair 1

0Lab. ENERGY ranges :

   from    320.000     to   0.00000     in     0 intervals
   from    0.00000     to   0.00000     in     0 intervals
   from    0.00000     to   0.00000     in     0 intervals

 Largest real,imaginary parts of any form factor at R=   49.60 are   2.90E-02  4.66E-29 MeV
 Finished all Couplings @    1.56250000E-02           4

 Symmetric Hamiltonian
1***********************************************************************************************************************************
************************************************************************************************************************************

        INCOMING p        ;    LABORATORY p        ENERGY =   320.00     MeV.

 ***********************************************************************************************************************************
 ***********************************************************************************************************************************


  NOTE: Coulomb excitation cut off below   0.020 deg by JTMAX, and below   0.018 deg by Rmax

 Allocate arrays for            2  channels, of which            1  need wfs.
 Allocate arrays for            3  channels, of which            3  need wfs.
 Allocate arrays for            4  channels, of which            4  need wfs.
 Reaction Xsec    22.0-/21 @ 1 =   0.295 , Out:   0.000#
 Reaction Xsec    22.0-/21 @ 2 =   0.296 , Out:   0.000#
 Reaction Xsec    22.0-/23 @ 3 =   0.132 , Out:   0.000#
 Reaction Xsec    22.0-/23 @ 4 =   0.132 , Out:   0.000#
 Reaction Xsec    23.0+/22 @ 1 =   0.206 , Out:   0.000#
 Reaction Xsec    23.0+/22 @ 2 =   0.207 , Out:   0.000#
 Reaction Xsec    23.0+/24 @ 3 =   0.092 , Out:   0.000#
 Reaction Xsec    23.0+/24 @ 4 =   0.092 , Out:   0.000#
 Reaction Xsec    23.0-/21 @ 1 =   0.309 , Out:   0.000#
 Reaction Xsec    23.0-/23 @ 2 =   0.138 , Out:   0.000#
 Reaction Xsec    23.0-/23 @ 3 =   0.138 , Out:   0.000#
 Reaction Xsec    23.0-/25 @ 4 =   0.061 , Out:   0.000#
 Finished all CC sets @    4.68750000E-02
0CUMULATIVE REACTION cross section                 =  342.52440  <L> =     9.95  <L**2> =    120.3
0CUMULATIVE outgoing cross sections in partition 1 :    0.00000
0Cumulative ABSORBTION by Imaginary Potentials     =  342.52440  <L> =     9.95  <L**2> =    120.3
   Fusion for specific p        M-states :  344.064093  344.064093
0CUMULATIVE OUTGOING cross section                 =    0.00000
 To convert to S-factors (MeV.mb = keV.b),  multiply by  3.3054E+02


 CROSS SECTIONS FOR OUTGOING p        & 7Li      in state #   1 with spins & parities 0.5  + &  1.5  +;  0

     0.01 deg.: X-S =   2.5650E+12 mb/sr,
+                                         /R =   9.9993E-01
     1.00 deg.: X-S =   1.5066E+04 mb/sr,
+                                         /R =   5.8728E-01
     2.00 deg.: X-S =  1635.391768 mb/sr,
+                                         /R =   1.0198E+00
     3.00 deg.: X-S =  1989.920374 mb/sr,
+                                         /R =   6.2806E+00
     4.00 deg.: X-S =  2059.236740 mb/sr,
+                                         /R =   2.0534E+01
     5.00 deg.: X-S =  1878.754371 mb/sr,
+                                         /R =   4.5717E+01
     6.00 deg.: X-S =  1585.792119 mb/sr,
+                                         /R =   7.9972E+01
     7.00 deg.: X-S =  1260.206183 mb/sr,
+                                         /R =   1.1766E+02
     8.00 deg.: X-S =   948.638068 mb/sr,
+                                         /R =   1.5098E+02
     9.00 deg.: X-S =   677.223681 mb/sr,
+                                         /R =   1.7250E+02
    10.00 deg.: X-S =   457.783813 mb/sr,
+                                         /R =   1.7756E+02
    11.00 deg.: X-S =   291.957607 mb/sr,
+                                         /R =   1.6562E+02
    12.00 deg.: X-S =   174.697930 mb/sr,
+                                         /R =   1.4019E+02
    13.00 deg.: X-S =    97.333592 mb/sr,
+                                         /R =   1.0745E+02
    14.00 deg.: X-S =    50.049701 mb/sr,
+                                         /R =   7.4211E+01
    15.00 deg.: X-S =    23.638805 mb/sr,
+                                         /R =   4.6122E+01
    16.00 deg.: X-S =    10.499984 mb/sr,
+                                         /R =   2.6479E+01
    17.00 deg.: X-S =     4.993272 mb/sr,
+                                         /R =   1.6021E+01
    18.00 deg.: X-S =     3.337604 mb/sr,
+                                         /R =   1.3436E+01
    19.00 deg.: X-S =     3.257997 mb/sr,
+                                         /R =   1.6251E+01
    20.00 deg.: X-S =     3.554926 mb/sr,
+                                         /R =   2.1727E+01
    21.00 deg.: X-S =     3.710380 mb/sr,
+                                         /R =   2.7507E+01
    22.00 deg.: X-S =     3.585291 mb/sr,
+                                         /R =   3.1945E+01
    23.00 deg.: X-S =     3.217525 mb/sr,
+                                         /R =   3.4169E+01
    24.00 deg.: X-S =     2.703954 mb/sr,
+                                         /R =   3.3963E+01
    25.00 deg.: X-S =     2.141503 mb/sr,
+                                         /R =   3.1590E+01
    26.00 deg.: X-S =     1.604021 mb/sr,
+                                         /R =   2.7609E+01
    27.00 deg.: X-S =     1.137990 mb/sr,
+                                         /R =   2.2718E+01
    28.00 deg.: X-S =     0.766325 mb/sr,
+                                         /R =   1.7644E+01
    29.00 deg.: X-S =     0.494311 mb/sr,
+                                         /R =   1.3058E+01
    30.00 deg.: X-S =     0.314914 mb/sr,
+                                         /R =   9.4988E+00
    31.00 deg.: X-S =     0.212787 mb/sr,
+                                         /R =   7.2951E+00
    32.00 deg.: X-S =     0.167452 mb/sr,
+                                         /R =   6.4973E+00
    33.00 deg.: X-S =     0.156466 mb/sr,
+                                         /R =   6.8435E+00
    34.00 deg.: X-S =     0.158922 mb/sr,
+                                         /R =   7.8058E+00
    35.00 deg.: X-S =     0.158884 mb/sr,
+                                         /R =   8.7325E+00
    36.00 deg.: X-S =     0.147753 mb/sr,
+                                         /R =   9.0564E+00
    37.00 deg.: X-S =     0.124622 mb/sr,
+                                         /R =   8.4916E+00
    38.00 deg.: X-S =     0.094385 mb/sr,
+                                         /R =   7.1279E+00
    39.00 deg.: X-S =     0.064323 mb/sr,
+                                         /R =   5.3683E+00
    40.00 deg.: X-S =     0.040566 mb/sr,
+                                         /R =   3.7312E+00
    41.00 deg.: X-S =     0.025833 mb/sr,
+                                         /R =   2.6119E+00
    42.00 deg.: X-S =     0.019142 mb/sr,
+                                         /R =   2.1223E+00
    43.00 deg.: X-S =     0.017205 mb/sr,
+                                         /R =   2.0866E+00
    44.00 deg.: X-S =     0.016495 mb/sr,
+                                         /R =   2.1834E+00
    45.00 deg.: X-S =     0.014860 mb/sr,
+                                         /R =   2.1423E+00
    46.00 deg.: X-S =     0.011990 mb/sr,
+                                         /R =   1.8786E+00
    47.00 deg.: X-S =     0.008801 mb/sr,
+                                         /R =   1.4955E+00
    48.00 deg.: X-S =     0.006359 mb/sr,
+                                         /R =   1.1699E+00
    49.00 deg.: X-S =     0.005071 mb/sr,
+                                         /R =   1.0081E+00
    50.00 deg.: X-S =     0.004547 mb/sr,
+                                         /R =   9.7507E-01
    51.00 deg.: X-S =     0.004057 mb/sr,
+                                         /R =   9.3666E-01
    52.00 deg.: X-S =     0.003140 mb/sr,
+                                         /R =   7.7938E-01
    53.00 deg.: X-S =     0.001924 mb/sr,
+                                         /R =   5.1260E-01
    54.00 deg.: X-S =     0.000962 mb/sr,
+                                         /R =   2.7483E-01
    55.00 deg.: X-S =     0.000768 mb/sr,
+                                         /R =   2.3467E-01
    56.00 deg.: X-S =     0.001397 mb/sr,
+                                         /R =   4.5630E-01
    57.00 deg.: X-S =     0.002380 mb/sr,
+                                         /R =   8.2942E-01
    58.00 deg.: X-S =     0.003022 mb/sr,
+                                         /R =   1.1223E+00
    59.00 deg.: X-S =     0.002862 mb/sr,
+                                         /R =   1.1311E+00
    60.00 deg.: X-S =     0.001965 mb/sr,
+                                         /R =   8.2554E-01
    61.00 deg.: X-S =     0.000869 mb/sr,
+                                         /R =   3.8756E-01
    62.00 deg.: X-S =     0.000225 mb/sr,
+                                         /R =   1.0623E-01
    63.00 deg.: X-S =     0.000381 mb/sr,
+                                         /R =   1.9073E-01
    64.00 deg.: X-S =     0.001178 mb/sr,
+                                         /R =   6.2464E-01
    65.00 deg.: X-S =     0.002076 mb/sr,
+                                         /R =   1.1631E+00
    66.00 deg.: X-S =     0.002508 mb/sr,
+                                         /R =   1.4832E+00
    67.00 deg.: X-S =     0.002233 mb/sr,
+                                         /R =   1.3928E+00
    68.00 deg.: X-S =     0.001463 mb/sr,
+                                         /R =   9.6142E-01
    69.00 deg.: X-S =     0.000693 mb/sr,
+                                         /R =   4.7974E-01
    70.00 deg.: X-S =     0.000373 mb/sr,
+                                         /R =   2.7142E-01
    71.00 deg.: X-S =     0.000625 mb/sr,
+                                         /R =   4.7742E-01
    72.00 deg.: X-S =     0.001194 mb/sr,
+                                         /R =   9.5821E-01
    73.00 deg.: X-S =     0.001644 mb/sr,
+                                         /R =   1.3835E+00
    74.00 deg.: X-S =     0.001649 mb/sr,
+                                         /R =   1.4536E+00
    75.00 deg.: X-S =     0.001199 mb/sr,
+                                         /R =   1.1066E+00
    76.00 deg.: X-S =     0.000589 mb/sr,
+                                         /R =   5.6922E-01
    77.00 deg.: X-S =     0.000209 mb/sr,
+                                         /R =   2.1116E-01
    78.00 deg.: X-S =     0.000282 mb/sr,
+                                         /R =   2.9696E-01
    79.00 deg.: X-S =     0.000727 mb/sr,
+                                         /R =   7.9984E-01
    80.00 deg.: X-S =     0.001227 mb/sr,
+                                         /R =   1.4077E+00
    81.00 deg.: X-S =     0.001442 mb/sr,
+                                         /R =   1.7240E+00
    82.00 deg.: X-S =     0.001232 mb/sr,
+                                         /R =   1.5343E+00
    83.00 deg.: X-S =     0.000740 mb/sr,
+                                         /R =   9.5900E-01
    84.00 deg.: X-S =     0.000285 mb/sr,
+                                         /R =   3.8460E-01
    85.00 deg.: X-S =     0.000151 mb/sr,
+                                         /R =   2.1171E-01
    86.00 deg.: X-S =     0.000402 mb/sr,
+                                         /R =   5.8438E-01
    87.00 deg.: X-S =     0.000850 mb/sr,
+                                         /R =   1.2834E+00
    88.00 deg.: X-S =     0.001189 mb/sr,
+                                         /R =   1.8616E+00
    89.00 deg.: X-S =     0.001195 mb/sr,
+                                         /R =   1.9386E+00
    90.00 deg.: X-S =     0.000869 mb/sr,
+                                         /R =   1.4603E+00
    91.00 deg.: X-S =     0.000429 mb/sr,
+                                         /R =   7.4655E-01
    92.00 deg.: X-S =     0.000160 mb/sr,
+                                         /R =   2.8779E-01
    93.00 deg.: X-S =     0.000225 mb/sr,
+                                         /R =   4.1890E-01
    94.00 deg.: X-S =     0.000565 mb/sr,
+                                         /R =   1.0871E+00
    95.00 deg.: X-S =     0.000944 mb/sr,
+                                         /R =   1.8740E+00
    96.00 deg.: X-S =     0.001105 mb/sr,
+                                         /R =   2.2656E+00
    97.00 deg.: X-S =     0.000944 mb/sr,
+                                         /R =   1.9969E+00
    98.00 deg.: X-S =     0.000568 mb/sr,
+                                         /R =   1.2395E+00
    99.00 deg.: X-S =     0.000223 mb/sr,
+                                         /R =   5.0183E-01
   100.00 deg.: X-S =     0.000129 mb/sr,
+                                         /R =   2.9781E-01
   101.00 deg.: X-S =     0.000336 mb/sr,
+                                         /R =   8.0016E-01
   102.00 deg.: X-S =     0.000698 mb/sr,
+                                         /R =   1.7119E+00
   103.00 deg.: X-S =     0.000972 mb/sr,
+                                         /R =   2.4501E+00
   104.00 deg.: X-S =     0.000976 mb/sr,
+                                         /R =   2.5289E+00
   105.00 deg.: X-S =     0.000710 mb/sr,
+                                         /R =   1.8903E+00
   106.00 deg.: X-S =     0.000351 mb/sr,
+                                         /R =   9.5879E-01
   107.00 deg.: X-S =     0.000132 mb/sr,
+                                         /R =   3.7170E-01
   108.00 deg.: X-S =     0.000194 mb/sr,
+                                         /R =   5.5754E-01
   109.00 deg.: X-S =     0.000488 mb/sr,
+                                         /R =   1.4395E+00
   110.00 deg.: X-S =     0.000816 mb/sr,
+                                         /R =   2.4690E+00
   111.00 deg.: X-S =     0.000961 mb/sr,
+                                         /R =   2.9783E+00
   112.00 deg.: X-S =     0.000827 mb/sr,
+                                         /R =   2.6258E+00
   113.00 deg.: X-S =     0.000504 mb/sr,
+                                         /R =   1.6382E+00
   114.00 deg.: X-S =     0.000204 mb/sr,
+                                         /R =   6.7871E-01
   115.00 deg.: X-S =     0.000123 mb/sr,
+                                         /R =   4.1739E-01
   116.00 deg.: X-S =     0.000311 mb/sr,
+                                         /R =   1.0802E+00
   117.00 deg.: X-S =     0.000642 mb/sr,
+                                         /R =   2.2806E+00
   118.00 deg.: X-S =     0.000897 mb/sr,
+                                         /R =   3.2567E+00
   119.00 deg.: X-S =     0.000909 mb/sr,
+                                         /R =   3.3688E+00
   120.00 deg.: X-S =     0.000670 mb/sr,
+                                         /R =   2.5342E+00
   121.00 deg.: X-S =     0.000338 mb/sr,
+                                         /R =   1.3042E+00
   122.00 deg.: X-S =     0.000132 mb/sr,
+                                         /R =   5.1803E-01
   123.00 deg.: X-S =     0.000187 mb/sr,
+                                         /R =   7.5050E-01
   124.00 deg.: X-S =     0.000469 mb/sr,
+                                         /R =   1.9161E+00
   125.00 deg.: X-S =     0.000793 mb/sr,
+                                         /R =   3.3004E+00
   126.00 deg.: X-S =     0.000948 mb/sr,
+                                         /R =   4.0145E+00
   127.00 deg.: X-S =     0.000831 mb/sr,
+                                         /R =   3.5844E+00
   128.00 deg.: X-S =     0.000521 mb/sr,
+                                         /R =   2.2854E+00
   129.00 deg.: X-S =     0.000222 mb/sr,
+                                         /R =   9.8817E-01
   130.00 deg.: X-S =     0.000132 mb/sr,
+                                         /R =   5.9960E-01
   131.00 deg.: X-S =     0.000316 mb/sr,
+                                         /R =   1.4571E+00
   132.00 deg.: X-S =     0.000658 mb/sr,
+                                         /R =   3.0789E+00
   133.00 deg.: X-S =     0.000936 mb/sr,
+                                         /R =   4.4522E+00
   134.00 deg.: X-S =     0.000971 mb/sr,
+                                         /R =   4.6883E+00
   135.00 deg.: X-S =     0.000740 mb/sr,
+                                         /R =   3.6224E+00
   136.00 deg.: X-S =     0.000394 mb/sr,
+                                         /R =   1.9551E+00
   137.00 deg.: X-S =     0.000163 mb/sr,
+                                         /R =   8.2286E-01
   138.00 deg.: X-S =     0.000207 mb/sr,
+                                         /R =   1.0585E+00
   139.00 deg.: X-S =     0.000507 mb/sr,
+                                         /R =   2.6222E+00
   140.00 deg.: X-S =     0.000876 mb/sr,
+                                         /R =   4.5887E+00
   141.00 deg.: X-S =     0.001078 mb/sr,
+                                         /R =   5.7237E+00
   142.00 deg.: X-S =     0.000985 mb/sr,
+                                         /R =   5.2913E+00
   143.00 deg.: X-S =     0.000656 mb/sr,
+                                         /R =   3.5667E+00
   144.00 deg.: X-S =     0.000309 mb/sr,
+                                         /R =   1.7014E+00
   145.00 deg.: X-S =     0.000180 mb/sr,
+                                         /R =   9.9989E-01
   146.00 deg.: X-S =     0.000367 mb/sr,
+                                         /R =   2.0622E+00
   147.00 deg.: X-S =     0.000766 mb/sr,
+                                         /R =   4.3529E+00
   148.00 deg.: X-S =     0.001133 mb/sr,
+                                         /R =   6.5008E+00
   149.00 deg.: X-S =     0.001236 mb/sr,
+                                         /R =   7.1653E+00
   150.00 deg.: X-S =     0.001012 mb/sr,
+                                         /R =   5.9234E+00
   151.00 deg.: X-S =     0.000609 mb/sr,
+                                         /R =   3.5943E+00
   152.00 deg.: X-S =     0.000296 mb/sr,
+                                         /R =   1.7628E+00
   153.00 deg.: X-S =     0.000296 mb/sr,
+                                         /R =   1.7764E+00
   154.00 deg.: X-S =     0.000636 mb/sr,
+                                         /R =   3.8519E+00
   155.00 deg.: X-S =     0.001126 mb/sr,
+                                         /R =   6.8789E+00
   156.00 deg.: X-S =     0.001476 mb/sr,
+                                         /R =   9.0821E+00
   157.00 deg.: X-S =     0.001476 mb/sr,
+                                         /R =   9.1482E+00
   158.00 deg.: X-S =     0.001138 mb/sr,
+                                         /R =   7.1023E+00
   159.00 deg.: X-S =     0.000693 mb/sr,
+                                         /R =   4.3550E+00
   160.00 deg.: X-S =     0.000451 mb/sr,
+                                         /R =   2.8513E+00
   161.00 deg.: X-S =     0.000604 mb/sr,
+                                         /R =   3.8393E+00
   162.00 deg.: X-S =     0.001101 mb/sr,
+                                         /R =   7.0413E+00
   163.00 deg.: X-S =     0.001677 mb/sr,
+                                         /R =   1.0785E+01
   164.00 deg.: X-S =     0.002019 mb/sr,
+                                         /R =   1.3049E+01
   165.00 deg.: X-S =     0.001969 mb/sr,
+                                         /R =   1.2787E+01
   166.00 deg.: X-S =     0.001636 mb/sr,
+                                         /R =   1.0671E+01
   167.00 deg.: X-S =     0.001335 mb/sr,
+                                         /R =   8.7461E+00
   168.00 deg.: X-S =     0.001392 mb/sr,
+                                         /R =   9.1562E+00
   169.00 deg.: X-S =     0.001927 mb/sr,
+                                         /R =   1.2719E+01
   170.00 deg.: X-S =     0.002759 mb/sr,
+                                         /R =   1.8266E+01
   171.00 deg.: X-S =     0.003497 mb/sr,
+                                         /R =   2.3220E+01
   172.00 deg.: X-S =     0.003776 mb/sr,
+                                         /R =   2.5134E+01
   173.00 deg.: X-S =     0.003486 mb/sr,
+                                         /R =   2.3260E+01
   174.00 deg.: X-S =     0.002869 mb/sr,
+                                         /R =   1.9177E+01
   175.00 deg.: X-S =     0.002390 mb/sr,
+                                         /R =   1.6006E+01
   176.00 deg.: X-S =     0.002479 mb/sr,
+                                         /R =   1.6623E+01
   177.00 deg.: X-S =     0.003261 mb/sr,
+                                         /R =   2.1887E+01
   178.00 deg.: X-S =     0.004461 mb/sr,
+                                         /R =   2.9968E+01
   179.00 deg.: X-S =     0.005537 mb/sr,
+                                         /R =   3.7214E+01
   179.99 deg.: X-S =     0.005967 mb/sr,
+                                         /R =   4.0109E+01
                                           Integrated********** mb, over [   0.000, 180.000] at   320.0000 MeV 
 Finished all xsecs @    6.25000000E-02

  The following files have been created:
   3:local copy of User input.            6:standard output.                   
  13:total cross sections/state.         39:cross sections for each Ecm.       
  40:all cross sectns. for each Elab.    56:Fusion for each Jtotal.            

 PARAMETERS : MAXQRN   MFNL   MLOC  LMAX1 MCLIST
    ALLOWED :      1     16      4    170      6
    REQUIRED:      0      0      4     26      4


 ACCURACY ANALYSIS at   320.000 MeV :

  Elastic h*k = 0.137 so OK       compared with 0.200

   Real(S-el) > 0.01 first at J =       1.0
   Real(S-el) > 0.10 first at J =       1.0
   Real(S-el) > 0.50 first at J =       5.0
   Real(S-el) > 0.90 first at J =      13.0
   Real(S-el) > 0.99 first at J =      20.0
   R-turn =     6.87 fm    at J =      23.0

 Forward-angle excitation cut off below   0.129 deg by max JT =      23.0
                              and below   0.018 deg by max R.

 Total CPU  0 time =       0.06 seconds
