 FRESCO - FRES 3.4: Coupled Reaction Channels
 Assuming NAMELIST input.

 Test reaction with generated potential                                          

   0.040  50.000   0.500   0.000   0.000   0.000   0.000   0.000   0.000   0.000

 Centre-of-mass Range is   1252 * 0.0400 fm., Maximum at  50.00 fm., Interpolating NL forms every  0.52 fm.
 Non - locality width is      4 * 0.0400 fm., Maximum of   0.12 fm., Centred at  0.00 fm.
 2-Nucleon Separation of      0 * 0.5200 fm., Maximum of   0.00 fm., Minimum at  0.00 fm.
 Maximum single particle bins of 49.9200 fm.
               M,Mint =         1251        1249


 Range of total J is     0.0 <= J <=   150.0 (at least     0.0) and Absorbtion =>     0.1000 mb.
 Dry Run = F, CC set limits =  0  0, Relativistic kinematics =  , Both/Far/Near Analyses =  1                     

 Cross Sections (and up to T0 for 0=projectile) for Theta from   0.0 to 180.0 in steps of  1.0 degrees, DGAM=0,  Coordinates = 0 (Mads)

 Lower Radial Cutoff = maximum of -1.60*L*h &       0.0 fm.,  Lower Cutoff for Couplings =   0.0  fm.


 Iterate Couplings between   0 and   0 times, to  0.000 % if sooner.                                          
  Block solved exactly =   0 chs., with Pade = 0 & Isocen =  =0, NOSOL = F, initwf =  0
  NL quadrature with   18 Gaussian points, Calculate multipoles up to   156 from   0
  M-transfers for lp+lt greater than or equal to  6, Angular Integration Cutoff below  2.7778 %


 Trace switches are :  CHANS =  0, LISTCC =  0, TRENEG =  0, CDETR =  0, SMATS =  0, XSTABL =  0, NLPL =  0

                       WAVES =  0, LAMPL =  0, VEFF =  0, KFUS =  0, WDISK =  0, BPM =  0, MELFIL =  0

                       CDCC =  0, NFUS =  0

 Using unit mass = 1.000000 amu and 1/fine-structure constant = 137.03599 ( 1.000000 * true ) with hc = 197.32705 MeV.fm,
  thus 2*amu/hbar^2 = 0.0478450 = 1/20.9008 and Coulomb constant = 0.1574855 so e^2 = 1.43997, and nuclear magneton= 0.1261183

 Now pre-scan input and save to file 3



 *********** PARTITION NUMBER  1 ******************************************************************************************

   PROJ=p          MASS=  1.0000 Z=   1.0,        # STATES=    1T, TARG=7Li      MASS=  7.0000 Z=   3.0,     Q-VALUE =   0.0000 MEV.

     1:  J= 0.5+ (B# 1), E=  0.0000, K= 0.5              Potl#  1       J= 1.5+ (B# 1), E=  0.0000, K= 0.5    


 ************************************************************************************************************************************

 The following POTENTIALS are defined :

  KP#       TYPE      IT    SHAPE      at     V1        r1        a1        V2        r2        a2        A-in     A-used


                                            A#1       A#2        r0c       ac                                                h @ 1
    1    0=Coulomb       0=CHARGE (WS)  1     7.000     3.000    3.6264    0.0000    0.0000    0.0000     0.000    37.770   0.04000

    1    1=Volume        0=Woods-Saxon  2   13.8334    1.0920    0.6768   12.9290    1.0920    0.6768     0.000    37.770

    1    2=Surface       0=Woods-Saxon  3    0.0000    0.0000    0.0000    0.2415    1.3121    0.5223     0.000    37.770

    1    3=Projtl S.O.   0=Woods-Saxon  4    2.6885    0.8472    0.5900    0.0000    0.0000    0.0000     0.000    37.770

 Incoming partition  1 in excitation state # 1,   Laboratory Energy given for partition  1 Nucleus 1 in Excitation pair 1

0Lab. ENERGY ranges :

   from    190.000     to   0.00000     in     0 intervals
   from    0.00000     to   0.00000     in     0 intervals
   from    0.00000     to   0.00000     in     0 intervals

 Largest real,imaginary parts of any form factor at R=   49.60 are   2.90E-02  4.30E-29 MeV
 Finished all Couplings @    0.00000000               4

 Symmetric Hamiltonian
1***********************************************************************************************************************************
************************************************************************************************************************************

        INCOMING p        ;    LABORATORY p        ENERGY =   190.00     MeV.

 ***********************************************************************************************************************************
 ***********************************************************************************************************************************


  NOTE: Coulomb excitation cut off below   0.026 deg by JTMAX, and below   0.030 deg by Rmax

 Allocate arrays for            2  channels, of which            1  need wfs.
 Allocate arrays for            3  channels, of which            3  need wfs.
 Allocate arrays for            4  channels, of which            4  need wfs.
 Reaction Xsec    18.0-/17 @ 1 =   0.329 , Out:   0.000#
 Reaction Xsec    18.0-/17 @ 2 =   0.330 , Out:   0.000#
 Reaction Xsec    18.0-/19 @ 3 =   0.114 , Out:   0.000#
 Reaction Xsec    18.0-/19 @ 4 =   0.114 , Out:   0.000#
 Reaction Xsec    19.0+/18 @ 1 =   0.204 , Out:   0.000#
 Reaction Xsec    19.0+/18 @ 2 =   0.205 , Out:   0.000#
 Reaction Xsec    19.0+/20 @ 3 =   0.070 , Out:   0.000#
 Reaction Xsec    19.0+/20 @ 4 =   0.070 , Out:   0.000#
 Reaction Xsec    19.0-/17 @ 1 =   0.348 , Out:   0.000#
 Reaction Xsec    19.0-/19 @ 2 =   0.120 , Out:   0.000#
 Reaction Xsec    19.0-/19 @ 3 =   0.120 , Out:   0.000#
 Reaction Xsec    19.0-/21 @ 4 =   0.041 , Out:   0.000#
 Finished all CC sets @    3.12500000E-02
0CUMULATIVE REACTION cross section                 =  402.30939  <L> =     7.90  <L**2> =     76.0
0CUMULATIVE outgoing cross sections in partition 1 :    0.00000
0Cumulative ABSORBTION by Imaginary Potentials     =  402.30939  <L> =     7.90  <L**2> =     76.0
   Fusion for specific p        M-states :  404.832813  404.832813
0CUMULATIVE OUTGOING cross section                 =    0.00000
 To convert to S-factors (MeV.mb = keV.b),  multiply by  2.0620E+02


 CROSS SECTIONS FOR OUTGOING p        & 7Li      in state #   1 with spins & parities 0.5  + &  1.5  +;  0

     0.01 deg.: X-S =   7.2761E+12 mb/sr,
+                                         /R =   9.9997E-01
     1.00 deg.: X-S =   5.6214E+04 mb/sr,
+                                         /R =   7.7252E-01
     2.00 deg.: X-S =  2476.860257 mb/sr,
+                                         /R =   5.4453E-01
     3.00 deg.: X-S =  1279.243416 mb/sr,
+                                         /R =   1.4234E+00
     4.00 deg.: X-S =  1368.989368 mb/sr,
+                                         /R =   4.8125E+00
     5.00 deg.: X-S =  1391.943632 mb/sr,
+                                         /R =   1.1941E+01
     6.00 deg.: X-S =  1316.838486 mb/sr,
+                                         /R =   2.3412E+01
     7.00 deg.: X-S =  1182.063487 mb/sr,
+                                         /R =   3.8908E+01
     8.00 deg.: X-S =  1018.435121 mb/sr,
+                                         /R =   5.7144E+01
     9.00 deg.: X-S =   847.090821 mb/sr,
+                                         /R =   7.6068E+01
    10.00 deg.: X-S =   682.096837 mb/sr,
+                                         /R =   9.3267E+01
    11.00 deg.: X-S =   532.326262 mb/sr,
+                                         /R =   1.0646E+02
    12.00 deg.: X-S =   402.698299 mb/sr,
+                                         /R =   1.1392E+02
    13.00 deg.: X-S =   295.115604 mb/sr,
+                                         /R =   1.1485E+02
    14.00 deg.: X-S =   209.265411 mb/sr,
+                                         /R =   1.0939E+02
    15.00 deg.: X-S =   143.332655 mb/sr,
+                                         /R =   9.8590E+01
    16.00 deg.: X-S =    94.620353 mb/sr,
+                                         /R =   8.4121E+01
    17.00 deg.: X-S =    60.058402 mb/sr,
+                                         /R =   6.7933E+01
    18.00 deg.: X-S =    36.587391 mb/sr,
+                                         /R =   5.1923E+01
    19.00 deg.: X-S =    21.416938 mb/sr,
+                                         /R =   3.7661E+01
    20.00 deg.: X-S =    12.171020 mb/sr,
+                                         /R =   2.6224E+01
    21.00 deg.: X-S =     6.941987 mb/sr,
+                                         /R =   1.8143E+01
    22.00 deg.: X-S =     4.278965 mb/sr,
+                                         /R =   1.3441E+01
    23.00 deg.: X-S =     3.135745 mb/sr,
+                                         /R =   1.1740E+01
    24.00 deg.: X-S =     2.799236 mb/sr,
+                                         /R =   1.2395E+01
    25.00 deg.: X-S =     2.814046 mb/sr,
+                                         /R =   1.4634E+01
    26.00 deg.: X-S =     2.913016 mb/sr,
+                                         /R =   1.7676E+01
    27.00 deg.: X-S =     2.958739 mb/sr,
+                                         /R =   2.0823E+01
    28.00 deg.: X-S =     2.897621 mb/sr,
+                                         /R =   2.3520E+01
    29.00 deg.: X-S =     2.725859 mb/sr,
+                                         /R =   2.5386E+01
    30.00 deg.: X-S =     2.465645 mb/sr,
+                                         /R =   2.6219E+01
    31.00 deg.: X-S =     2.149510 mb/sr,
+                                         /R =   2.5980E+01
    32.00 deg.: X-S =     1.810760 mb/sr,
+                                         /R =   2.4769E+01
    33.00 deg.: X-S =     1.478211 mb/sr,
+                                         /R =   2.2793E+01
    34.00 deg.: X-S =     1.173763 mb/sr,
+                                         /R =   2.0324E+01
    35.00 deg.: X-S =     0.911704 mb/sr,
+                                         /R =   1.7665E+01
    36.00 deg.: X-S =     0.699039 mb/sr,
+                                         /R =   1.5105E+01
    37.00 deg.: X-S =     0.536385 mb/sr,
+                                         /R =   1.2885E+01
    38.00 deg.: X-S =     0.419253 mb/sr,
+                                         /R =   1.1162E+01
    39.00 deg.: X-S =     0.339590 mb/sr,
+                                         /R =   9.9915E+00
    40.00 deg.: X-S =     0.287484 mb/sr,
+                                         /R =   9.3222E+00
    41.00 deg.: X-S =     0.252876 mb/sr,
+                                         /R =   9.0137E+00
    42.00 deg.: X-S =     0.227046 mb/sr,
+                                         /R =   8.8742E+00
    43.00 deg.: X-S =     0.203658 mb/sr,
+                                         /R =   8.7076E+00
    44.00 deg.: X-S =     0.179189 mb/sr,
+                                         /R =   8.3620E+00
    45.00 deg.: X-S =     0.152734 mb/sr,
+                                         /R =   7.7623E+00
    46.00 deg.: X-S =     0.125305 mb/sr,
+                                         /R =   6.9211E+00
    47.00 deg.: X-S =     0.098863 mb/sr,
+                                         /R =   5.9228E+00
    48.00 deg.: X-S =     0.075382 mb/sr,
+                                         /R =   4.8890E+00
    49.00 deg.: X-S =     0.056183 mb/sr,
+                                         /R =   3.9374E+00
    50.00 deg.: X-S =     0.041651 mb/sr,
+                                         /R =   3.1486E+00
    51.00 deg.: X-S =     0.031331 mb/sr,
+                                         /R =   2.5504E+00
    52.00 deg.: X-S =     0.024266 mb/sr,
+                                         /R =   2.1236E+00
    53.00 deg.: X-S =     0.019402 mb/sr,
+                                         /R =   1.8224E+00
    54.00 deg.: X-S =     0.015890 mb/sr,
+                                         /R =   1.5996E+00
    55.00 deg.: X-S =     0.013222 mb/sr,
+                                         /R =   1.4243E+00
    56.00 deg.: X-S =     0.011179 mb/sr,
+                                         /R =   1.2869E+00
    57.00 deg.: X-S =     0.009691 mb/sr,
+                                         /R =   1.1905E+00
    58.00 deg.: X-S =     0.008682 mb/sr,
+                                         /R =   1.1366E+00
    59.00 deg.: X-S =     0.007995 mb/sr,
+                                         /R =   1.1139E+00
    60.00 deg.: X-S =     0.007408 mb/sr,
+                                         /R =   1.0972E+00
    61.00 deg.: X-S =     0.006721 mb/sr,
+                                         /R =   1.0568E+00
    62.00 deg.: X-S =     0.005843 mb/sr,
+                                         /R =   9.7435E-01
    63.00 deg.: X-S =     0.004839 mb/sr,
+                                         /R =   8.5457E-01
    64.00 deg.: X-S =     0.003889 mb/sr,
+                                         /R =   7.2675E-01
    65.00 deg.: X-S =     0.003205 mb/sr,
+                                         /R =   6.3290E-01
    66.00 deg.: X-S =     0.002914 mb/sr,
+                                         /R =   6.0757E-01
    67.00 deg.: X-S =     0.002996 mb/sr,
+                                         /R =   6.5880E-01
    68.00 deg.: X-S =     0.003281 mb/sr,
+                                         /R =   7.6013E-01
    69.00 deg.: X-S =     0.003521 mb/sr,
+                                         /R =   8.5872E-01
    70.00 deg.: X-S =     0.003498 mb/sr,
+                                         /R =   8.9721E-01
    71.00 deg.: X-S =     0.003116 mb/sr,
+                                         /R =   8.3967E-01
    72.00 deg.: X-S =     0.002438 mb/sr,
+                                         /R =   6.8969E-01
    73.00 deg.: X-S =     0.001656 mb/sr,
+                                         /R =   4.9125E-01
    74.00 deg.: X-S =     0.001001 mb/sr,
+                                         /R =   3.1117E-01
    75.00 deg.: X-S =     0.000646 mb/sr,
+                                         /R =   2.1028E-01
    76.00 deg.: X-S =     0.000635 mb/sr,
+                                         /R =   2.1633E-01
    77.00 deg.: X-S =     0.000875 mb/sr,
+                                         /R =   3.1140E-01
    78.00 deg.: X-S =     0.001184 mb/sr,
+                                         /R =   4.3990E-01
    79.00 deg.: X-S =     0.001377 mb/sr,
+                                         /R =   5.3426E-01
    80.00 deg.: X-S =     0.001350 mb/sr,
+                                         /R =   5.4629E-01
    81.00 deg.: X-S =     0.001114 mb/sr,
+                                         /R =   4.6977E-01
    82.00 deg.: X-S =     0.000782 mb/sr,
+                                         /R =   3.4330E-01
    83.00 deg.: X-S =     0.000507 mb/sr,
+                                         /R =   2.3159E-01
    84.00 deg.: X-S =     0.000408 mb/sr,
+                                         /R =   1.9382E-01
    85.00 deg.: X-S =     0.000514 mb/sr,
+                                         /R =   2.5399E-01
    86.00 deg.: X-S =     0.000756 mb/sr,
+                                         /R =   3.8756E-01
    87.00 deg.: X-S =     0.000999 mb/sr,
+                                         /R =   5.3156E-01
    88.00 deg.: X-S =     0.001112 mb/sr,
+                                         /R =   6.1384E-01
    89.00 deg.: X-S =     0.001028 mb/sr,
+                                         /R =   5.8803E-01
    90.00 deg.: X-S =     0.000772 mb/sr,
+                                         /R =   4.5754E-01
    91.00 deg.: X-S =     0.000451 mb/sr,
+                                         /R =   2.7641E-01
    92.00 deg.: X-S =     0.000198 mb/sr,
+                                         /R =   1.2592E-01
    93.00 deg.: X-S =     0.000117 mb/sr,
+                                         /R =   7.7040E-02
    94.00 deg.: X-S =     0.000231 mb/sr,
+                                         /R =   1.5639E-01
    95.00 deg.: X-S =     0.000474 mb/sr,
+                                         /R =   3.3202E-01
    96.00 deg.: X-S =     0.000728 mb/sr,
+                                         /R =   5.2646E-01
    97.00 deg.: X-S =     0.000874 mb/sr,
+                                         /R =   6.5198E-01
    98.00 deg.: X-S =     0.000848 mb/sr,
+                                         /R =   6.5172E-01
    99.00 deg.: X-S =     0.000666 mb/sr,
+                                         /R =   5.2757E-01
   100.00 deg.: X-S =     0.000418 mb/sr,
+                                         /R =   3.4083E-01
   101.00 deg.: X-S =     0.000220 mb/sr,
+                                         /R =   1.8465E-01
   102.00 deg.: X-S =     0.000162 mb/sr,
+                                         /R =   1.4041E-01
   103.00 deg.: X-S =     0.000268 mb/sr,
+                                         /R =   2.3825E-01
   104.00 deg.: X-S =     0.000482 mb/sr,
+                                         /R =   4.4084E-01
   105.00 deg.: X-S =     0.000702 mb/sr,
+                                         /R =   6.5889E-01
   106.00 deg.: X-S =     0.000822 mb/sr,
+                                         /R =   7.9196E-01
   107.00 deg.: X-S =     0.000784 mb/sr,
+                                         /R =   7.7612E-01
   108.00 deg.: X-S =     0.000607 mb/sr,
+                                         /R =   6.1591E-01
   109.00 deg.: X-S =     0.000370 mb/sr,
+                                         /R =   3.8476E-01
   110.00 deg.: X-S =     0.000181 mb/sr,
+                                         /R =   1.9273E-01
   111.00 deg.: X-S =     0.000124 mb/sr,
+                                         /R =   1.3557E-01
   112.00 deg.: X-S =     0.000222 mb/sr,
+                                         /R =   2.4883E-01
   113.00 deg.: X-S =     0.000427 mb/sr,
+                                         /R =   4.8885E-01
   114.00 deg.: X-S =     0.000640 mb/sr,
+                                         /R =   7.5072E-01
   115.00 deg.: X-S =     0.000764 mb/sr,
+                                         /R =   9.1587E-01
   116.00 deg.: X-S =     0.000741 mb/sr,
+                                         /R =   9.0775E-01
   117.00 deg.: X-S =     0.000583 mb/sr,
+                                         /R =   7.2959E-01
   118.00 deg.: X-S =     0.000364 mb/sr,
+                                         /R =   4.6562E-01
   119.00 deg.: X-S =     0.000187 mb/sr,
+                                         /R =   2.4394E-01
   120.00 deg.: X-S =     0.000133 mb/sr,
+                                         /R =   1.7730E-01
   121.00 deg.: X-S =     0.000227 mb/sr,
+                                         /R =   3.0912E-01
   122.00 deg.: X-S =     0.000426 mb/sr,
+                                         /R =   5.9033E-01
   123.00 deg.: X-S =     0.000636 mb/sr,
+                                         /R =   8.9923E-01
   124.00 deg.: X-S =     0.000761 mb/sr,
+                                         /R =   1.0965E+00
   125.00 deg.: X-S =     0.000744 mb/sr,
+                                         /R =   1.0907E+00
   126.00 deg.: X-S =     0.000591 mb/sr,
+                                         /R =   8.8302E-01
   127.00 deg.: X-S =     0.000376 mb/sr,
+                                         /R =   5.7094E-01
   128.00 deg.: X-S =     0.000198 mb/sr,
+                                         /R =   3.0552E-01
   129.00 deg.: X-S =     0.000141 mb/sr,
+                                         /R =   2.2234E-01
   130.00 deg.: X-S =     0.000236 mb/sr,
+                                         /R =   3.7689E-01
   131.00 deg.: X-S =     0.000440 mb/sr,
+                                         /R =   7.1516E-01
   132.00 deg.: X-S =     0.000663 mb/sr,
+                                         /R =   1.0946E+00
   133.00 deg.: X-S =     0.000804 mb/sr,
+                                         /R =   1.3476E+00
   134.00 deg.: X-S =     0.000799 mb/sr,
+                                         /R =   1.3591E+00
   135.00 deg.: X-S =     0.000650 mb/sr,
+                                         /R =   1.1229E+00
   136.00 deg.: X-S =     0.000427 mb/sr,
+                                         /R =   7.4868E-01
   137.00 deg.: X-S =     0.000234 mb/sr,
+                                         /R =   4.1559E-01
   138.00 deg.: X-S =     0.000162 mb/sr,
+                                         /R =   2.9115E-01
   139.00 deg.: X-S =     0.000248 mb/sr,
+                                         /R =   4.5254E-01
   140.00 deg.: X-S =     0.000458 mb/sr,
+                                         /R =   8.4705E-01
   141.00 deg.: X-S =     0.000701 mb/sr,
+                                         /R =   1.3115E+00
   142.00 deg.: X-S =     0.000868 mb/sr,
+                                         /R =   1.6441E+00
   143.00 deg.: X-S =     0.000885 mb/sr,
+                                         /R =   1.6969E+00
   144.00 deg.: X-S =     0.000746 mb/sr,
+                                         /R =   1.4470E+00
   145.00 deg.: X-S =     0.000517 mb/sr,
+                                         /R =   1.0128E+00
   146.00 deg.: X-S =     0.000305 mb/sr,
+                                         /R =   6.0427E-01
   147.00 deg.: X-S =     0.000215 mb/sr,
+                                         /R =   4.3025E-01
   148.00 deg.: X-S =     0.000297 mb/sr,
+                                         /R =   6.0115E-01
   149.00 deg.: X-S =     0.000526 mb/sr,
+                                         /R =   1.0741E+00
   150.00 deg.: X-S =     0.000808 mb/sr,
+                                         /R =   1.6665E+00
   151.00 deg.: X-S =     0.001025 mb/sr,
+                                         /R =   2.1343E+00
   152.00 deg.: X-S =     0.001086 mb/sr,
+                                         /R =   2.2819E+00
   153.00 deg.: X-S =     0.000969 mb/sr,
+                                         /R =   2.0538E+00
   154.00 deg.: X-S =     0.000733 mb/sr,
+                                         /R =   1.5656E+00
   155.00 deg.: X-S =     0.000491 mb/sr,
+                                         /R =   1.0577E+00
   156.00 deg.: X-S =     0.000364 mb/sr,
+                                         /R =   7.9033E-01
   157.00 deg.: X-S =     0.000424 mb/sr,
+                                         /R =   9.2630E-01
   158.00 deg.: X-S =     0.000661 mb/sr,
+                                         /R =   1.4539E+00
   159.00 deg.: X-S =     0.000988 mb/sr,
+                                         /R =   2.1880E+00
   160.00 deg.: X-S =     0.001279 mb/sr,
+                                         /R =   2.8507E+00
   161.00 deg.: X-S =     0.001426 mb/sr,
+                                         /R =   3.1978E+00
   162.00 deg.: X-S =     0.001390 mb/sr,
+                                         /R =   3.1344E+00
   163.00 deg.: X-S =     0.001220 mb/sr,
+                                         /R =   2.7659E+00
   164.00 deg.: X-S =     0.001035 mb/sr,
+                                         /R =   2.3589E+00
   165.00 deg.: X-S =     0.000971 mb/sr,
+                                         /R =   2.2238E+00
   166.00 deg.: X-S =     0.001118 mb/sr,
+                                         /R =   2.5721E+00
   167.00 deg.: X-S =     0.001476 mb/sr,
+                                         /R =   3.4096E+00
   168.00 deg.: X-S =     0.001949 mb/sr,
+                                         /R =   4.5188E+00
   169.00 deg.: X-S =     0.002382 mb/sr,
+                                         /R =   5.5407E+00
   170.00 deg.: X-S =     0.002625 mb/sr,
+                                         /R =   6.1272E+00
   171.00 deg.: X-S =     0.002605 mb/sr,
+                                         /R =   6.0974E+00
   172.00 deg.: X-S =     0.002357 mb/sr,
+                                         /R =   5.5306E+00
   173.00 deg.: X-S =     0.002019 mb/sr,
+                                         /R =   4.7491E+00
   174.00 deg.: X-S =     0.001780 mb/sr,
+                                         /R =   4.1952E+00
   175.00 deg.: X-S =     0.001800 mb/sr,
+                                         /R =   4.2483E+00
   176.00 deg.: X-S =     0.002140 mb/sr,
+                                         /R =   5.0585E+00
   177.00 deg.: X-S =     0.002733 mb/sr,
+                                         /R =   6.4682E+00
   178.00 deg.: X-S =     0.003403 mb/sr,
+                                         /R =   8.0584E+00
   179.00 deg.: X-S =     0.003926 mb/sr,
+                                         /R =   9.3031E+00
   179.99 deg.: X-S =     0.004124 mb/sr,
+                                         /R =   9.7730E+00
                                           Integrated********** mb, over [   0.000, 180.000] at   190.0000 MeV 
 Finished all xsecs @    6.25000000E-02

  The following files have been created:
   3:local copy of User input.            6:standard output.                   
  13:total cross sections/state.         39:cross sections for each Ecm.       
  40:all cross sectns. for each Elab.    56:Fusion for each Jtotal.            

 PARAMETERS : MAXQRN   MFNL   MLOC  LMAX1 MCLIST
    ALLOWED :      1     16      4    170      6
    REQUIRED:      0      0      4     22      4


 ACCURACY ANALYSIS at   190.000 MeV :

  Elastic h*k = 0.106 so OK       compared with 0.200

   Real(S-el) > 0.01 first at J =       1.0
   Real(S-el) > 0.10 first at J =       1.0
   Real(S-el) > 0.50 first at J =       4.0
   Real(S-el) > 0.90 first at J =      10.0
   Real(S-el) > 0.99 first at J =      15.0
   R-turn =     7.40 fm    at J =      19.0

 Forward-angle excitation cut off below   0.201 deg by max JT =      19.0
                              and below   0.030 deg by max R.

 Total CPU  0 time =       0.06 seconds
