 FRESCO - FRES 3.4: Coupled Reaction Channels
 Assuming NAMELIST input.

 Test reaction with generated potential                                          

   0.040  50.000   0.500   0.000   0.000   0.000   0.000   0.000   0.000   0.000

 Centre-of-mass Range is   1252 * 0.0400 fm., Maximum at  50.00 fm., Interpolating NL forms every  0.52 fm.
 Non - locality width is      4 * 0.0400 fm., Maximum of   0.12 fm., Centred at  0.00 fm.
 2-Nucleon Separation of      0 * 0.5200 fm., Maximum of   0.00 fm., Minimum at  0.00 fm.
 Maximum single particle bins of 49.9200 fm.
               M,Mint =         1251        1249


 Range of total J is     0.0 <= J <=   150.0 (at least     0.0) and Absorbtion =>     0.1000 mb.
 Dry Run = F, CC set limits =  0  0, Relativistic kinematics =  , Both/Far/Near Analyses =  1                     

 Cross Sections (and up to T0 for 0=projectile) for Theta from   0.0 to 180.0 in steps of  1.0 degrees, DGAM=0,  Coordinates = 0 (Mads)

 Lower Radial Cutoff = maximum of -1.60*L*h &       0.0 fm.,  Lower Cutoff for Couplings =   0.0  fm.


 Iterate Couplings between   0 and   0 times, to  0.000 % if sooner.                                          
  Block solved exactly =   0 chs., with Pade = 0 & Isocen =  =0, NOSOL = F, initwf =  0
  NL quadrature with   18 Gaussian points, Calculate multipoles up to   156 from   0
  M-transfers for lp+lt greater than or equal to  6, Angular Integration Cutoff below  2.7778 %


 Trace switches are :  CHANS =  0, LISTCC =  0, TRENEG =  0, CDETR =  0, SMATS =  0, XSTABL =  0, NLPL =  0

                       WAVES =  0, LAMPL =  0, VEFF =  0, KFUS =  0, WDISK =  0, BPM =  0, MELFIL =  0

                       CDCC =  0, NFUS =  0

 Using unit mass = 1.000000 amu and 1/fine-structure constant = 137.03599 ( 1.000000 * true ) with hc = 197.32705 MeV.fm,
  thus 2*amu/hbar^2 = 0.0478450 = 1/20.9008 and Coulomb constant = 0.1574855 so e^2 = 1.43997, and nuclear magneton= 0.1261183

 Now pre-scan input and save to file 3



 *********** PARTITION NUMBER  1 ******************************************************************************************

   PROJ=p          MASS=  1.0000 Z=   1.0,        # STATES=    1T, TARG=4He      MASS=  4.0000 Z=   2.0,     Q-VALUE =   0.0000 MEV.

     1:  J= 0.5+ (B# 1), E=  0.0000, K= 0.5              Potl#  1       J= 0.0+ (B# 1), E=  0.0000, K= 0.0    


 ************************************************************************************************************************************

 The following POTENTIALS are defined :

  KP#       TYPE      IT    SHAPE      at     V1        r1        a1        V2        r2        a2        A-in     A-used


                                            A#1       A#2        r0c       ac                                                h @ 1
    1    0=Coulomb       0=CHARGE (WS)  1     4.000     2.000    4.3872    0.0000    0.0000    0.0000     0.000    23.084   0.04000

    1    1=Volume        0=Woods-Saxon  2   23.4094    1.0485    0.6772   10.5830    1.0485    0.6772     0.000    23.084

    1    2=Surface       0=Woods-Saxon  3    0.0000    0.0000    0.0000    1.2007    1.3172    0.5208     0.000    23.084

    1    3=Projtl S.O.   0=Woods-Saxon  4    3.6961    0.7778    0.5900    0.0000    0.0000    0.0000     0.000    23.084

 Incoming partition  1 in excitation state # 1,   Laboratory Energy given for partition  1 Nucleus 1 in Excitation pair 1

0Lab. ENERGY ranges :

   from    110.000     to   0.00000     in     0 intervals
   from    0.00000     to   0.00000     in     0 intervals
   from    0.00000     to   0.00000     in     0 intervals

 Largest real,imaginary parts of any form factor at R=   49.60 are   2.90E-02  1.35E-29 MeV
 Finished all Couplings @    0.00000000               4

 Symmetric Hamiltonian
1***********************************************************************************************************************************
************************************************************************************************************************************

        INCOMING p        ;    LABORATORY p        ENERGY =   110.00     MeV.

 ***********************************************************************************************************************************
 ***********************************************************************************************************************************


  NOTE: Coulomb excitation cut off below   0.023 deg by JTMAX, and below   0.038 deg by Rmax

 Allocate arrays for            2  channels, of which            1  need wfs.
 Reaction Xsec    15.5+/16 @ 1 =   0.042 , Out:   0.000#
 Reaction Xsec    15.5-/15 @ 1 =   0.093 , Out:   0.000#
 Finished all CC sets @    1.56250000E-02
0CUMULATIVE REACTION cross section                 =  344.91074  <L> =     4.97  <L**2> =     30.8
0CUMULATIVE outgoing cross sections in partition 1 :    0.00000
0Cumulative ABSORBTION by Imaginary Potentials     =  344.91074  <L> =     4.97  <L**2> =     30.8
   Fusion for specific p        M-states :  344.910737  344.910737
0CUMULATIVE OUTGOING cross section                 =    0.00000
 To convert to S-factors (MeV.mb = keV.b),  multiply by  1.0627E+02


 CROSS SECTIONS FOR OUTGOING p        & 4He      in state #   1 with spins & parities 0.5  + &  0.0  +;  0

     0.01 deg.: X-S =   1.1542E+13 mb/sr,
+                                         /R =   9.9998E-01
     1.00 deg.: X-S =   9.6613E+04 mb/sr,
+                                         /R =   8.3700E-01
     2.00 deg.: X-S =  3846.304315 mb/sr,
+                                         /R =   5.3307E-01
     3.00 deg.: X-S =   797.608931 mb/sr,
+                                         /R =   5.5948E-01
     4.00 deg.: X-S =   725.460732 mb/sr,
+                                         /R =   1.6077E+00
     5.00 deg.: X-S =   830.443807 mb/sr,
+                                         /R =   4.4911E+00
     6.00 deg.: X-S =   894.314310 mb/sr,
+                                         /R =   1.0023E+01
     7.00 deg.: X-S =   910.577751 mb/sr,
+                                         /R =   1.8895E+01
     8.00 deg.: X-S =   892.283688 mb/sr,
+                                         /R =   3.1562E+01
     9.00 deg.: X-S =   850.857175 mb/sr,
+                                         /R =   4.8167E+01
    10.00 deg.: X-S =   794.621443 mb/sr,
+                                         /R =   6.8496E+01
    11.00 deg.: X-S =   729.566384 mb/sr,
+                                         /R =   9.1977E+01
    12.00 deg.: X-S =   660.070025 mb/sr,
+                                         /R =   1.1772E+02
    13.00 deg.: X-S =   589.371658 mb/sr,
+                                         /R =   1.4459E+02
    14.00 deg.: X-S =   519.867036 mb/sr,
+                                         /R =   1.7131E+02
    15.00 deg.: X-S =   453.298452 mb/sr,
+                                         /R =   1.9656E+02
    16.00 deg.: X-S =   390.886119 mb/sr,
+                                         /R =   2.1908E+02
    17.00 deg.: X-S =   333.427073 mb/sr,
+                                         /R =   2.3776E+02
    18.00 deg.: X-S =   281.375512 mb/sr,
+                                         /R =   2.5173E+02
    19.00 deg.: X-S =   234.911415 mb/sr,
+                                         /R =   2.6041E+02
    20.00 deg.: X-S =   194.000545 mb/sr,
+                                         /R =   2.6351E+02
    21.00 deg.: X-S =   158.447001 mb/sr,
+                                         /R =   2.6106E+02
    22.00 deg.: X-S =   127.938709 mb/sr,
+                                         /R =   2.5335E+02
    23.00 deg.: X-S =   102.085977 mb/sr,
+                                         /R =   2.4094E+02
    24.00 deg.: X-S =    80.453333 mb/sr,
+                                         /R =   2.2459E+02
    25.00 deg.: X-S =    62.585026 mb/sr,
+                                         /R =   2.0518E+02
    26.00 deg.: X-S =    48.024754 mb/sr,
+                                         /R =   1.8371E+02
    27.00 deg.: X-S =    36.330313 mb/sr,
+                                         /R =   1.6119E+02
    28.00 deg.: X-S =    27.083950 mb/sr,
+                                         /R =   1.3859E+02
    29.00 deg.: X-S =    19.899180 mb/sr,
+                                         /R =   1.1683E+02
    30.00 deg.: X-S =    14.424815 mb/sr,
+                                         /R =   9.6698E+01
    31.00 deg.: X-S =    10.346849 mb/sr,
+                                         /R =   7.8836E+01
    32.00 deg.: X-S =     7.388744 mb/sr,
+                                         /R =   6.3715E+01
    33.00 deg.: X-S =     5.310593 mb/sr,
+                                         /R =   5.1622E+01
    34.00 deg.: X-S =     3.907473 mb/sr,
+                                         /R =   4.2654E+01
    35.00 deg.: X-S =     3.007266 mb/sr,
+                                         /R =   3.6733E+01
    36.00 deg.: X-S =     2.468136 mb/sr,
+                                         /R =   3.3622E+01
    37.00 deg.: X-S =     2.175765 mb/sr,
+                                         /R =   3.2949E+01
    38.00 deg.: X-S =     2.040458 mb/sr,
+                                         /R =   3.4247E+01
    39.00 deg.: X-S =     1.994168 mb/sr,
+                                         /R =   3.6988E+01
    40.00 deg.: X-S =     1.987487 mb/sr,
+                                         /R =   4.0629E+01
    41.00 deg.: X-S =     1.986672 mb/sr,
+                                         /R =   4.4643E+01
    42.00 deg.: X-S =     1.970741 mb/sr,
+                                         /R =   4.8559E+01
    43.00 deg.: X-S =     1.928720 mb/sr,
+                                         /R =   5.1987E+01
    44.00 deg.: X-S =     1.857097 mb/sr,
+                                         /R =   5.4633E+01
    45.00 deg.: X-S =     1.757549 mb/sr,
+                                         /R =   5.6310E+01
    46.00 deg.: X-S =     1.634989 mb/sr,
+                                         /R =   5.6931E+01
    47.00 deg.: X-S =     1.495976 mb/sr,
+                                         /R =   5.6500E+01
    48.00 deg.: X-S =     1.347499 mb/sr,
+                                         /R =   5.5094E+01
    49.00 deg.: X-S =     1.196120 mb/sr,
+                                         /R =   5.2845E+01
    50.00 deg.: X-S =     1.047435 mb/sr,
+                                         /R =   4.9916E+01
    51.00 deg.: X-S =     0.905824 mb/sr,
+                                         /R =   4.6484E+01
    52.00 deg.: X-S =     0.774397 mb/sr,
+                                         /R =   4.2722E+01
    53.00 deg.: X-S =     0.655097 mb/sr,
+                                         /R =   3.8792E+01
    54.00 deg.: X-S =     0.548877 mb/sr,
+                                         /R =   3.4832E+01
    55.00 deg.: X-S =     0.455921 mb/sr,
+                                         /R =   3.0962E+01
    56.00 deg.: X-S =     0.375854 mb/sr,
+                                         /R =   2.7276E+01
    57.00 deg.: X-S =     0.307929 mb/sr,
+                                         /R =   2.3846E+01
    58.00 deg.: X-S =     0.251172 mb/sr,
+                                         /R =   2.0729E+01
    59.00 deg.: X-S =     0.204496 mb/sr,
+                                         /R =   1.7962E+01
    60.00 deg.: X-S =     0.166772 mb/sr,
+                                         /R =   1.5571E+01
    61.00 deg.: X-S =     0.136878 mb/sr,
+                                         /R =   1.3568E+01
    62.00 deg.: X-S =     0.113727 mb/sr,
+                                         /R =   1.1955E+01
    63.00 deg.: X-S =     0.096282 mb/sr,
+                                         /R =   1.0720E+01
    64.00 deg.: X-S =     0.083567 mb/sr,
+                                         /R =   9.8445E+00
    65.00 deg.: X-S =     0.074669 mb/sr,
+                                         /R =   9.2966E+00
    66.00 deg.: X-S =     0.068742 mb/sr,
+                                         /R =   9.0360E+00
    67.00 deg.: X-S =     0.065011 mb/sr,
+                                         /R =   9.0130E+00
    68.00 deg.: X-S =     0.062778 mb/sr,
+                                         /R =   9.1701E+00
    69.00 deg.: X-S =     0.061425 mb/sr,
+                                         /R =   9.4445E+00
    70.00 deg.: X-S =     0.060429 mb/sr,
+                                         /R =   9.7709E+00
    71.00 deg.: X-S =     0.059370 mb/sr,
+                                         /R =   1.0086E+01
    72.00 deg.: X-S =     0.057937 mb/sr,
+                                         /R =   1.0331E+01
    73.00 deg.: X-S =     0.055934 mb/sr,
+                                         /R =   1.0460E+01
    74.00 deg.: X-S =     0.053278 mb/sr,
+                                         /R =   1.0440E+01
    75.00 deg.: X-S =     0.049985 mb/sr,
+                                         /R =   1.0255E+01
    76.00 deg.: X-S =     0.046157 mb/sr,
+                                         /R =   9.9066E+00
    77.00 deg.: X-S =     0.041949 mb/sr,
+                                         /R =   9.4112E+00
    78.00 deg.: X-S =     0.037548 mb/sr,
+                                         /R =   8.7983E+00
    79.00 deg.: X-S =     0.033140 mb/sr,
+                                         /R =   8.1043E+00
    80.00 deg.: X-S =     0.028888 mb/sr,
+                                         /R =   7.3672E+00
    81.00 deg.: X-S =     0.024916 mb/sr,
+                                         /R =   6.6218E+00
    82.00 deg.: X-S =     0.021303 mb/sr,
+                                         /R =   5.8958E+00
    83.00 deg.: X-S =     0.018084 mb/sr,
+                                         /R =   5.2081E+00
    84.00 deg.: X-S =     0.015256 mb/sr,
+                                         /R =   4.5689E+00
    85.00 deg.: X-S =     0.012794 mb/sr,
+                                         /R =   3.9815E+00
    86.00 deg.: X-S =     0.010658 mb/sr,
+                                         /R =   3.4445E+00
    87.00 deg.: X-S =     0.008810 mb/sr,
+                                         /R =   2.9549E+00
    88.00 deg.: X-S =     0.007214 mb/sr,
+                                         /R =   2.5095E+00
    89.00 deg.: X-S =     0.005843 mb/sr,
+                                         /R =   2.1068E+00
    90.00 deg.: X-S =     0.004676 mb/sr,
+                                         /R =   1.7463E+00
    91.00 deg.: X-S =     0.003694 mb/sr,
+                                         /R =   1.4282E+00
    92.00 deg.: X-S =     0.002881 mb/sr,
+                                         /R =   1.1525E+00
    93.00 deg.: X-S =     0.002220 mb/sr,
+                                         /R =   9.1818E-01
    94.00 deg.: X-S =     0.001693 mb/sr,
+                                         /R =   7.2349E-01
    95.00 deg.: X-S =     0.001283 mb/sr,
+                                         /R =   5.6612E-01
    96.00 deg.: X-S =     0.000975 mb/sr,
+                                         /R =   4.4416E-01
    97.00 deg.: X-S =     0.000759 mb/sr,
+                                         /R =   3.5685E-01
    98.00 deg.: X-S =     0.000629 mb/sr,
+                                         /R =   3.0468E-01
    99.00 deg.: X-S =     0.000578 mb/sr,
+                                         /R =   2.8883E-01
   100.00 deg.: X-S =     0.000602 mb/sr,
+                                         /R =   3.0987E-01
   101.00 deg.: X-S =     0.000691 mb/sr,
+                                         /R =   3.6609E-01
   102.00 deg.: X-S =     0.000830 mb/sr,
+                                         /R =   4.5211E-01
   103.00 deg.: X-S =     0.000996 mb/sr,
+                                         /R =   5.5832E-01
   104.00 deg.: X-S =     0.001166 mb/sr,
+                                         /R =   6.7143E-01
   105.00 deg.: X-S =     0.001312 mb/sr,
+                                         /R =   7.7640E-01
   106.00 deg.: X-S =     0.001414 mb/sr,
+                                         /R =   8.5905E-01
   107.00 deg.: X-S =     0.001457 mb/sr,
+                                         /R =   9.0900E-01
   108.00 deg.: X-S =     0.001440 mb/sr,
+                                         /R =   9.2179E-01
   109.00 deg.: X-S =     0.001371 mb/sr,
+                                         /R =   8.9977E-01
   110.00 deg.: X-S =     0.001266 mb/sr,
+                                         /R =   8.5129E-01
   111.00 deg.: X-S =     0.001144 mb/sr,
+                                         /R =   7.8836E-01
   112.00 deg.: X-S =     0.001025 mb/sr,
+                                         /R =   7.2351E-01
   113.00 deg.: X-S =     0.000923 mb/sr,
+                                         /R =   6.6660E-01
   114.00 deg.: X-S =     0.000842 mb/sr,
+                                         /R =   6.2261E-01
   115.00 deg.: X-S =     0.000782 mb/sr,
+                                         /R =   5.9094E-01
   116.00 deg.: X-S =     0.000733 mb/sr,
+                                         /R =   5.6650E-01
   117.00 deg.: X-S =     0.000687 mb/sr,
+                                         /R =   5.4214E-01
   118.00 deg.: X-S =     0.000634 mb/sr,
+                                         /R =   5.1157E-01
   119.00 deg.: X-S =     0.000573 mb/sr,
+                                         /R =   4.7189E-01
   120.00 deg.: X-S =     0.000506 mb/sr,
+                                         /R =   4.2484E-01
   121.00 deg.: X-S =     0.000439 mb/sr,
+                                         /R =   3.7636E-01
   122.00 deg.: X-S =     0.000383 mb/sr,
+                                         /R =   3.3458E-01
   123.00 deg.: X-S =     0.000344 mb/sr,
+                                         /R =   3.0692E-01
   124.00 deg.: X-S =     0.000327 mb/sr,
+                                         /R =   2.9729E-01
   125.00 deg.: X-S =     0.000329 mb/sr,
+                                         /R =   3.0435E-01
   126.00 deg.: X-S =     0.000341 mb/sr,
+                                         /R =   3.2148E-01
   127.00 deg.: X-S =     0.000353 mb/sr,
+                                         /R =   3.3857E-01
   128.00 deg.: X-S =     0.000354 mb/sr,
+                                         /R =   3.4512E-01
   129.00 deg.: X-S =     0.000337 mb/sr,
+                                         /R =   3.3364E-01
   130.00 deg.: X-S =     0.000300 mb/sr,
+                                         /R =   3.0222E-01
   131.00 deg.: X-S =     0.000249 mb/sr,
+                                         /R =   2.5546E-01
   132.00 deg.: X-S =     0.000195 mb/sr,
+                                         /R =   2.0318E-01
   133.00 deg.: X-S =     0.000149 mb/sr,
+                                         /R =   1.5747E-01
   134.00 deg.: X-S =     0.000120 mb/sr,
+                                         /R =   1.2876E-01
   135.00 deg.: X-S =     0.000112 mb/sr,
+                                         /R =   1.2231E-01
   136.00 deg.: X-S =     0.000123 mb/sr,
+                                         /R =   1.3626E-01
   137.00 deg.: X-S =     0.000145 mb/sr,
+                                         /R =   1.6194E-01
   138.00 deg.: X-S =     0.000164 mb/sr,
+                                         /R =   1.8651E-01
   139.00 deg.: X-S =     0.000171 mb/sr,
+                                         /R =   1.9712E-01
   140.00 deg.: X-S =     0.000159 mb/sr,
+                                         /R =   1.8532E-01
   141.00 deg.: X-S =     0.000127 mb/sr,
+                                         /R =   1.5030E-01
   142.00 deg.: X-S =   8.3484E-05 mb/sr,
+                                         /R =   9.9680E-02
   143.00 deg.: X-S =   3.9444E-05 mb/sr,
+                                         /R =   4.7657E-02
   144.00 deg.: X-S =   8.8007E-06 mb/sr,
+                                         /R =   1.0756E-02
   145.00 deg.: X-S =   2.0553E-06 mb/sr,
+                                         /R =   2.5403E-03
   146.00 deg.: X-S =   2.3134E-05 mb/sr,
+                                         /R =   2.8904E-02
   147.00 deg.: X-S =   6.7745E-05 mb/sr,
+                                         /R =   8.5535E-02
   148.00 deg.: X-S =     0.000124 mb/sr,
+                                         /R =   1.5849E-01
   149.00 deg.: X-S =     0.000177 mb/sr,
+                                         /R =   2.2790E-01
   150.00 deg.: X-S =     0.000211 mb/sr,
+                                         /R =   2.7384E-01
   151.00 deg.: X-S =     0.000215 mb/sr,
+                                         /R =   2.8253E-01
   152.00 deg.: X-S =     0.000190 mb/sr,
+                                         /R =   2.5103E-01
   153.00 deg.: X-S =     0.000141 mb/sr,
+                                         /R =   1.8872E-01
   154.00 deg.: X-S =   8.5424E-05 mb/sr,
+                                         /R =   1.1503E-01
   155.00 deg.: X-S =   3.9610E-05 mb/sr,
+                                         /R =   5.3760E-02
   156.00 deg.: X-S =   1.8874E-05 mb/sr,
+                                         /R =   2.5811E-02
   157.00 deg.: X-S =   3.0717E-05 mb/sr,
+                                         /R =   4.2312E-02
   158.00 deg.: X-S =   7.2483E-05 mb/sr,
+                                         /R =   1.0054E-01
   159.00 deg.: X-S =     0.000132 mb/sr,
+                                         /R =   1.8401E-01
   160.00 deg.: X-S =     0.000190 mb/sr,
+                                         /R =   2.6701E-01
   161.00 deg.: X-S =     0.000228 mb/sr,
+                                         /R =   3.2244E-01
   162.00 deg.: X-S =     0.000233 mb/sr,
+                                         /R =   3.3073E-01
   163.00 deg.: X-S =     0.000201 mb/sr,
+                                         /R =   2.8710E-01
   164.00 deg.: X-S =     0.000143 mb/sr,
+                                         /R =   2.0475E-01
   165.00 deg.: X-S =   7.8078E-05 mb/sr,
+                                         /R =   1.1270E-01
   166.00 deg.: X-S =   3.3449E-05 mb/sr,
+                                         /R =   4.8496E-02
   167.00 deg.: X-S =   3.2704E-05 mb/sr,
+                                         /R =   4.7612E-02
   168.00 deg.: X-S =   9.0634E-05 mb/sr,
+                                         /R =   1.3246E-01
   169.00 deg.: X-S =     0.000207 mb/sr,
+                                         /R =   3.0422E-01
   170.00 deg.: X-S =     0.000367 mb/sr,
+                                         /R =   5.4018E-01
   171.00 deg.: X-S =     0.000541 mb/sr,
+                                         /R =   7.9758E-01
   172.00 deg.: X-S =     0.000692 mb/sr,
+                                         /R =   1.0235E+00
   173.00 deg.: X-S =     0.000788 mb/sr,
+                                         /R =   1.1680E+00
   174.00 deg.: X-S =     0.000806 mb/sr,
+                                         /R =   1.1979E+00
   175.00 deg.: X-S =     0.000743 mb/sr,
+                                         /R =   1.1059E+00
   176.00 deg.: X-S =     0.000613 mb/sr,
+                                         /R =   9.1397E-01
   177.00 deg.: X-S =     0.000448 mb/sr,
+                                         /R =   6.6895E-01
   178.00 deg.: X-S =     0.000289 mb/sr,
+                                         /R =   4.3121E-01
   179.00 deg.: X-S =     0.000174 mb/sr,
+                                         /R =   2.5978E-01
   179.99 deg.: X-S =     0.000132 mb/sr,
+                                         /R =   1.9745E-01
                                           Integrated********** mb, over [   0.000, 180.000] at   110.0000 MeV 
 Finished all xsecs @    3.12500000E-02

  The following files have been created:
   3:local copy of User input.            6:standard output.                   
  13:total cross sections/state.         39:cross sections for each Ecm.       
  40:all cross sectns. for each Elab.    56:Fusion for each Jtotal.            

 PARAMETERS : MAXQRN   MFNL   MLOC  LMAX1 MCLIST
    ALLOWED :      1      1      4    170      6
    REQUIRED:      0      0      4     17      4


 ACCURACY ANALYSIS at   110.000 MeV :

  Elastic h*k = 0.073 so OK       compared with 0.200

   Real(S-el) > 0.01 first at J =       0.5
   Real(S-el) > 0.10 first at J =       0.5
   Real(S-el) > 0.50 first at J =       4.5
   Real(S-el) > 0.90 first at J =       7.5
   Real(S-el) > 0.99 first at J =      10.5
   R-turn =     8.46 fm    at J =      15.5

 Forward-angle excitation cut off below   0.215 deg by max JT =      15.5
                              and below   0.038 deg by max R.

 Total CPU  0 time =       0.03 seconds
