 FRESCO - FRES 3.4: Coupled Reaction Channels
 Assuming NAMELIST input.

 Test reaction with generated potential                                          

   0.040  50.000   0.500   0.000   0.000   0.000   0.000   0.000   0.000   0.000

 Centre-of-mass Range is   1252 * 0.0400 fm., Maximum at  50.00 fm., Interpolating NL forms every  0.52 fm.
 Non - locality width is      4 * 0.0400 fm., Maximum of   0.12 fm., Centred at  0.00 fm.
 2-Nucleon Separation of      0 * 0.5200 fm., Maximum of   0.00 fm., Minimum at  0.00 fm.
 Maximum single particle bins of 49.9200 fm.
               M,Mint =         1251        1249


 Range of total J is     0.0 <= J <=   150.0 (at least     0.0) and Absorbtion =>     0.1000 mb.
 Dry Run = F, CC set limits =  0  0, Relativistic kinematics =  , Both/Far/Near Analyses =  1                     

 Cross Sections (and up to T0 for 0=projectile) for Theta from   0.0 to 180.0 in steps of  1.0 degrees, DGAM=0,  Coordinates = 0 (Mads)

 Lower Radial Cutoff = maximum of -1.60*L*h &       0.0 fm.,  Lower Cutoff for Couplings =   0.0  fm.


 Iterate Couplings between   0 and   0 times, to  0.000 % if sooner.                                          
  Block solved exactly =   0 chs., with Pade = 0 & Isocen =  =0, NOSOL = F, initwf =  0
  NL quadrature with   18 Gaussian points, Calculate multipoles up to   156 from   0
  M-transfers for lp+lt greater than or equal to  6, Angular Integration Cutoff below  2.7778 %


 Trace switches are :  CHANS =  0, LISTCC =  0, TRENEG =  0, CDETR =  0, SMATS =  0, XSTABL =  0, NLPL =  0

                       WAVES =  0, LAMPL =  0, VEFF =  0, KFUS =  0, WDISK =  0, BPM =  0, MELFIL =  0

                       CDCC =  0, NFUS =  0

 Using unit mass = 1.000000 amu and 1/fine-structure constant = 137.03599 ( 1.000000 * true ) with hc = 197.32705 MeV.fm,
  thus 2*amu/hbar^2 = 0.0478450 = 1/20.9008 and Coulomb constant = 0.1574855 so e^2 = 1.43997, and nuclear magneton= 0.1261183

 Now pre-scan input and save to file 3



 *********** PARTITION NUMBER  1 ******************************************************************************************

   PROJ=3He        MASS=  3.0000 Z=   2.0,        # STATES=    1T, TARG=p        MASS=  1.0000 Z=   1.0,     Q-VALUE =   0.0000 MEV.

     1:  J= 0.5+ (B# 1), E=  0.0000, K= 0.5              Potl#  1       J= 0.5+ (B# 1), E=  0.0000, K= 0.5    


 ************************************************************************************************************************************

 The following POTENTIALS are defined :

  KP#       TYPE      IT    SHAPE      at     V1        r1        a1        V2        r2        a2        A-in     A-used


                                            A#1       A#2        r0c       ac                                                h @ 1
    1    0=Coulomb       0=CHARGE (WS)  1     1.000     1.000    3.0528    0.0000    0.0000    0.0000     0.000     8.000   0.04000

    1    1=Volume        0=Woods-Saxon  2   70.0000    1.2500    0.6500   15.0000    1.2500    0.6500     0.000     8.000

    1    2=Surface       0=Woods-Saxon  3    0.0000    0.0000    0.0000    5.0000    1.3000    0.6500     0.000     8.000

    1    3=Projtl S.O.   0=Woods-Saxon  4    3.0000    1.0000    0.6500    0.0000    0.0000    0.0000     0.000     8.000

 Incoming partition  1 in excitation state # 1,   Laboratory Energy given for partition  1 Nucleus 1 in Excitation pair 1

0Lab. ENERGY ranges :

   from    55.0000     to   0.00000     in     0 intervals
   from    0.00000     to   0.00000     in     0 intervals
   from    0.00000     to   0.00000     in     0 intervals

 Largest real,imaginary parts of any form factor at R=   49.60 are   2.90E-02  7.91E-31 MeV
 Finished all Couplings @    0.00000000               4

 Symmetric Hamiltonian
1***********************************************************************************************************************************
************************************************************************************************************************************

        INCOMING 3He      ;    LABORATORY 3He      ENERGY =   55.000     MeV.

 ***********************************************************************************************************************************
 ***********************************************************************************************************************************


  NOTE: Coulomb excitation cut off below   0.056 deg by JTMAX, and below   0.240 deg by Rmax

 Allocate arrays for            2  channels, of which            1  need wfs.
 Allocate arrays for            2  channels, of which            2  need wfs.
 Reaction Xsec     7.0+/ 6 @ 1 =   0.321 , Out:   0.000#
 Reaction Xsec     7.0+/ 8 @ 2 =   8.071/, Out:   0.000#
 Reaction Xsec     7.0-/ 7 @ 1 =   0.051 , Out:   0.000#
 Reaction Xsec     7.0-/ 7 @ 2 =   0.051 , Out:   0.000#
 Finished all CC sets @    1.56250000E-02
0CUMULATIVE REACTION cross section                 =  765.82580  <L> =     2.26  <L**2> =      6.4
0CUMULATIVE outgoing cross sections in partition 1 :    0.00000
0Cumulative ABSORBTION by Imaginary Potentials     =  765.82580  <L> =     2.26  <L**2> =      6.4
   Fusion for specific 3He      M-states :  736.847473  736.847473
0CUMULATIVE OUTGOING cross section                 =    0.00000
 To convert to S-factors (MeV.mb = keV.b),  multiply by  2.1829E+01


 CROSS SECTIONS FOR OUTGOING 3He      & p        in state #   1 with spins & parities 0.5  + &  0.5  +;  0

     0.01 deg.: X-S =   4.7277E+14 mb/sr,
+                                         /R =   1.0000E+00
     1.00 deg.: X-S =   4.6803E+06 mb/sr,
+                                         /R =   9.8992E-01
     2.00 deg.: X-S =   2.8650E+05 mb/sr,
+                                         /R =   9.6940E-01
     3.00 deg.: X-S =   5.5357E+04 mb/sr,
+                                         /R =   9.4801E-01
     4.00 deg.: X-S =   1.7296E+04 mb/sr,
+                                         /R =   9.3583E-01
     5.00 deg.: X-S =  7155.416321 mb/sr,
+                                         /R =   9.4474E-01
     6.00 deg.: X-S =  3612.576672 mb/sr,
+                                         /R =   9.8851E-01
     7.00 deg.: X-S =  2136.787229 mb/sr,
+                                         /R =   1.0825E+00
     8.00 deg.: X-S =  1439.794142 mb/sr,
+                                         /R =   1.2434E+00
     9.00 deg.: X-S =  1077.117451 mb/sr,
+                                         /R =   1.4887E+00
    10.00 deg.: X-S =   872.553989 mb/sr,
+                                         /R =   1.8363E+00
    11.00 deg.: X-S =   748.538892 mb/sr,
+                                         /R =   2.3039E+00
    12.00 deg.: X-S =   668.017562 mb/sr,
+                                         /R =   2.9086E+00
    13.00 deg.: X-S =   612.090635 mb/sr,
+                                         /R =   3.6662E+00
    14.00 deg.: X-S =   570.591823 mb/sr,
+                                         /R =   4.5906E+00
    15.00 deg.: X-S =   537.808980 mb/sr,
+                                         /R =   5.6935E+00
    16.00 deg.: X-S =   510.416453 mb/sr,
+                                         /R =   6.9840E+00
    17.00 deg.: X-S =   486.422124 mb/sr,
+                                         /R =   8.4680E+00
    18.00 deg.: X-S =   464.606474 mb/sr,
+                                         /R =   1.0148E+01
    19.00 deg.: X-S =   444.211824 mb/sr,
+                                         /R =   1.2022E+01
    20.00 deg.: X-S =   424.764164 mb/sr,
+                                         /R =   1.4086E+01
    21.00 deg.: X-S =   405.967807 mb/sr,
+                                         /R =   1.6330E+01
    22.00 deg.: X-S =   387.641379 mb/sr,
+                                         /R =   1.8741E+01
    23.00 deg.: X-S =   369.677938 mb/sr,
+                                         /R =   2.1301E+01
    24.00 deg.: X-S =   352.019556 mb/sr,
+                                         /R =   2.3991E+01
    25.00 deg.: X-S =   334.640767 mb/sr,
+                                         /R =   2.6785E+01
    26.00 deg.: X-S =   317.537579 mb/sr,
+                                         /R =   2.9656E+01
    27.00 deg.: X-S =   300.720053 mb/sr,
+                                         /R =   3.2574E+01
    28.00 deg.: X-S =   284.207189 mb/sr,
+                                         /R =   3.5506E+01
    29.00 deg.: X-S =   268.023370 mb/sr,
+                                         /R =   3.8418E+01
    30.00 deg.: X-S =   252.195838 mb/sr,
+                                         /R =   4.1275E+01
    31.00 deg.: X-S =   236.752896 mb/sr,
+                                         /R =   4.4040E+01
    32.00 deg.: X-S =   221.722611 mb/sr,
+                                         /R =   4.6679E+01
    33.00 deg.: X-S =   207.131880 mb/sr,
+                                         /R =   4.9156E+01
    34.00 deg.: X-S =   193.005757 mb/sr,
+                                         /R =   5.1437E+01
    35.00 deg.: X-S =   179.366977 mb/sr,
+                                         /R =   5.3490E+01
    36.00 deg.: X-S =   166.235627 mb/sr,
+                                         /R =   5.5286E+01
    37.00 deg.: X-S =   153.628927 mb/sr,
+                                         /R =   5.6799E+01
    38.00 deg.: X-S =   141.561106 mb/sr,
+                                         /R =   5.8006E+01
    39.00 deg.: X-S =   130.043345 mb/sr,
+                                         /R =   5.8889E+01
    40.00 deg.: X-S =   119.083776 mb/sr,
+                                         /R =   5.9432E+01
    41.00 deg.: X-S =   108.687529 mb/sr,
+                                         /R =   5.9627E+01
    42.00 deg.: X-S =    98.856813 mb/sr,
+                                         /R =   5.9468E+01
    43.00 deg.: X-S =    89.591034 mb/sr,
+                                         /R =   5.8956E+01
    44.00 deg.: X-S =    80.886925 mb/sr,
+                                         /R =   5.8095E+01
    45.00 deg.: X-S =    72.738709 mb/sr,
+                                         /R =   5.6897E+01
    46.00 deg.: X-S =    65.138270 mb/sr,
+                                         /R =   5.5374E+01
    47.00 deg.: X-S =    58.075332 mb/sr,
+                                         /R =   5.3549E+01
    48.00 deg.: X-S =    51.537654 mb/sr,
+                                         /R =   5.1445E+01
    49.00 deg.: X-S =    45.511220 mb/sr,
+                                         /R =   4.9089E+01
    50.00 deg.: X-S =    39.980445 mb/sr,
+                                         /R =   4.6516E+01
    51.00 deg.: X-S =    34.928364 mb/sr,
+                                         /R =   4.3760E+01
    52.00 deg.: X-S =    30.336833 mb/sr,
+                                         /R =   4.0860E+01
    53.00 deg.: X-S =    26.186715 mb/sr,
+                                         /R =   3.7858E+01
    54.00 deg.: X-S =    22.458072 mb/sr,
+                                         /R =   3.4795E+01
    55.00 deg.: X-S =    19.130337 mb/sr,
+                                         /R =   3.1718E+01
    56.00 deg.: X-S =    16.182487 mb/sr,
+                                         /R =   2.8671E+01
    57.00 deg.: X-S =    13.593205 mb/sr,
+                                         /R =   2.5700E+01
    58.00 deg.: X-S =    11.341026 mb/sr,
+                                         /R =   2.2851E+01
    59.00 deg.: X-S =     9.404483 mb/sr,
+                                         /R =   2.0167E+01
    60.00 deg.: X-S =     7.762233 mb/sr,
+                                         /R =   1.7694E+01
    61.00 deg.: X-S =     6.393175 mb/sr,
+                                         /R =   1.5472E+01
    62.00 deg.: X-S =     5.276557 mb/sr,
+                                         /R =   1.3542E+01
    63.00 deg.: X-S =     4.392072 mb/sr,
+                                         /R =   1.1939E+01
    64.00 deg.: X-S =     3.719942 mb/sr,
+                                         /R =   1.0699E+01
    65.00 deg.: X-S =     3.240988 mb/sr,
+                                         /R =   9.8516E+00
    66.00 deg.: X-S =     2.936697 mb/sr,
+                                         /R =   9.4244E+00
    67.00 deg.: X-S =     2.789272 mb/sr,
+                                         /R =   9.4408E+00
    68.00 deg.: X-S =     2.781673 mb/sr,
+                                         /R =   9.9201E+00
    69.00 deg.: X-S =     2.897653 mb/sr,
+                                         /R =   1.0877E+01
    70.00 deg.: X-S =     3.121780 mb/sr,
+                                         /R =   1.2323E+01
    71.00 deg.: X-S =     3.439454 mb/sr,
+                                         /R =   1.4265E+01
    72.00 deg.: X-S =     3.836919 mb/sr,
+                                         /R =   1.6704E+01
    73.00 deg.: X-S =     4.301263 mb/sr,
+                                         /R =   1.9638E+01
    74.00 deg.: X-S =     4.820412 mb/sr,
+                                         /R =   2.3062E+01
    75.00 deg.: X-S =     5.383126 mb/sr,
+                                         /R =   2.6964E+01
    76.00 deg.: X-S =     5.978983 mb/sr,
+                                         /R =   3.1330E+01
    77.00 deg.: X-S =     6.598358 mb/sr,
+                                         /R =   3.6141E+01
    78.00 deg.: X-S =     7.232405 mb/sr,
+                                         /R =   4.1374E+01
    79.00 deg.: X-S =     7.873033 mb/sr,
+                                         /R =   4.7005E+01
    80.00 deg.: X-S =     8.512875 mb/sr,
+                                         /R =   5.3004E+01
    81.00 deg.: X-S =     9.145263 mb/sr,
+                                         /R =   5.9338E+01
    82.00 deg.: X-S =     9.764195 mb/sr,
+                                         /R =   6.5974E+01
    83.00 deg.: X-S =    10.364304 mb/sr,
+                                         /R =   7.2872E+01
    84.00 deg.: X-S =    10.940826 mb/sr,
+                                         /R =   7.9994E+01
    85.00 deg.: X-S =    11.489570 mb/sr,
+                                         /R =   8.7297E+01
    86.00 deg.: X-S =    12.006882 mb/sr,
+                                         /R =   9.4738E+01
    87.00 deg.: X-S =    12.489614 mb/sr,
+                                         /R =   1.0227E+02
    88.00 deg.: X-S =    12.935098 mb/sr,
+                                         /R =   1.0985E+02
    89.00 deg.: X-S =    13.341105 mb/sr,
+                                         /R =   1.1744E+02
    90.00 deg.: X-S =    13.705828 mb/sr,
+                                         /R =   1.2497E+02
    91.00 deg.: X-S =    14.027843 mb/sr,
+                                         /R =   1.3241E+02
    92.00 deg.: X-S =    14.306091 mb/sr,
+                                         /R =   1.3971E+02
    93.00 deg.: X-S =    14.539843 mb/sr,
+                                         /R =   1.4681E+02
    94.00 deg.: X-S =    14.728686 mb/sr,
+                                         /R =   1.5369E+02
    95.00 deg.: X-S =    14.872492 mb/sr,
+                                         /R =   1.6028E+02
    96.00 deg.: X-S =    14.971401 mb/sr,
+                                         /R =   1.6654E+02
    97.00 deg.: X-S =    15.025800 mb/sr,
+                                         /R =   1.7243E+02
    98.00 deg.: X-S =    15.036304 mb/sr,
+                                         /R =   1.7792E+02
    99.00 deg.: X-S =    15.003740 mb/sr,
+                                         /R =   1.8295E+02
   100.00 deg.: X-S =    14.929128 mb/sr,
+                                         /R =   1.8750E+02
   101.00 deg.: X-S =    14.813671 mb/sr,
+                                         /R =   1.9154E+02
   102.00 deg.: X-S =    14.658736 mb/sr,
+                                         /R =   1.9502E+02
   103.00 deg.: X-S =    14.465846 mb/sr,
+                                         /R =   1.9792E+02
   104.00 deg.: X-S =    14.236666 mb/sr,
+                                         /R =   2.0022E+02
   105.00 deg.: X-S =    13.972990 mb/sr,
+                                         /R =   2.0189E+02
   106.00 deg.: X-S =    13.676733 mb/sr,
+                                         /R =   2.0293E+02
   107.00 deg.: X-S =    13.349921 mb/sr,
+                                         /R =   2.0331E+02
   108.00 deg.: X-S =    12.994680 mb/sr,
+                                         /R =   2.0303E+02
   109.00 deg.: X-S =    12.613228 mb/sr,
+                                         /R =   2.0208E+02
   110.00 deg.: X-S =    12.207867 mb/sr,
+                                         /R =   2.0047E+02
   111.00 deg.: X-S =    11.780970 mb/sr,
+                                         /R =   1.9821E+02
   112.00 deg.: X-S =    11.334977 mb/sr,
+                                         /R =   1.9529E+02
   113.00 deg.: X-S =    10.872385 mb/sr,
+                                         /R =   1.9174E+02
   114.00 deg.: X-S =    10.395735 mb/sr,
+                                         /R =   1.8758E+02
   115.00 deg.: X-S =     9.907609 mb/sr,
+                                         /R =   1.8283E+02
   116.00 deg.: X-S =     9.410618 mb/sr,
+                                         /R =   1.7753E+02
   117.00 deg.: X-S =     8.907391 mb/sr,
+                                         /R =   1.7170E+02
   118.00 deg.: X-S =     8.400568 mb/sr,
+                                         /R =   1.6540E+02
   119.00 deg.: X-S =     7.892787 mb/sr,
+                                         /R =   1.5866E+02
   120.00 deg.: X-S =     7.386679 mb/sr,
+                                         /R =   1.5154E+02
   121.00 deg.: X-S =     6.884850 mb/sr,
+                                         /R =   1.4409E+02
   122.00 deg.: X-S =     6.389876 mb/sr,
+                                         /R =   1.3637E+02
   123.00 deg.: X-S =     5.904290 mb/sr,
+                                         /R =   1.2845E+02
   124.00 deg.: X-S =     5.430571 mb/sr,
+                                         /R =   1.2038E+02
   125.00 deg.: X-S =     4.971133 mb/sr,
+                                         /R =   1.1224E+02
   126.00 deg.: X-S =     4.528315 mb/sr,
+                                         /R =   1.0409E+02
   127.00 deg.: X-S =     4.104365 mb/sr,
+                                         /R =   9.6022E+01
   128.00 deg.: X-S =     3.701434 mb/sr,
+                                         /R =   8.8099E+01
   129.00 deg.: X-S =     3.321565 mb/sr,
+                                         /R =   8.0400E+01
   130.00 deg.: X-S =     2.966676 mb/sr,
+                                         /R =   7.3002E+01
   131.00 deg.: X-S =     2.638559 mb/sr,
+                                         /R =   6.5981E+01
   132.00 deg.: X-S =     2.338860 mb/sr,
+                                         /R =   5.9414E+01
   133.00 deg.: X-S =     2.069078 mb/sr,
+                                         /R =   5.3374E+01
   134.00 deg.: X-S =     1.830551 mb/sr,
+                                         /R =   4.7934E+01
   135.00 deg.: X-S =     1.624448 mb/sr,
+                                         /R =   4.3165E+01
   136.00 deg.: X-S =     1.451764 mb/sr,
+                                         /R =   3.9131E+01
   137.00 deg.: X-S =     1.313312 mb/sr,
+                                         /R =   3.5896E+01
   138.00 deg.: X-S =     1.209716 mb/sr,
+                                         /R =   3.3516E+01
   139.00 deg.: X-S =     1.141408 mb/sr,
+                                         /R =   3.2044E+01
   140.00 deg.: X-S =     1.108622 mb/sr,
+                                         /R =   3.1527E+01
   141.00 deg.: X-S =     1.111394 mb/sr,
+                                         /R =   3.2005E+01
   142.00 deg.: X-S =     1.149559 mb/sr,
+                                         /R =   3.3510E+01
   143.00 deg.: X-S =     1.222749 mb/sr,
+                                         /R =   3.6068E+01
   144.00 deg.: X-S =     1.330397 mb/sr,
+                                         /R =   3.9698E+01
   145.00 deg.: X-S =     1.471736 mb/sr,
+                                         /R =   4.4409E+01
   146.00 deg.: X-S =     1.645803 mb/sr,
+                                         /R =   5.0202E+01
   147.00 deg.: X-S =     1.851447 mb/sr,
+                                         /R =   5.7072E+01
   148.00 deg.: X-S =     2.087327 mb/sr,
+                                         /R =   6.5001E+01
   149.00 deg.: X-S =     2.351927 mb/sr,
+                                         /R =   7.3965E+01
   150.00 deg.: X-S =     2.643557 mb/sr,
+                                         /R =   8.3932E+01
   151.00 deg.: X-S =     2.960369 mb/sr,
+                                         /R =   9.4858E+01
   152.00 deg.: X-S =     3.300362 mb/sr,
+                                         /R =   1.0669E+02
   153.00 deg.: X-S =     3.661394 mb/sr,
+                                         /R =   1.1938E+02
   154.00 deg.: X-S =     4.041198 mb/sr,
+                                         /R =   1.3285E+02
   155.00 deg.: X-S =     4.437390 mb/sr,
+                                         /R =   1.4703E+02
   156.00 deg.: X-S =     4.847488 mb/sr,
+                                         /R =   1.6184E+02
   157.00 deg.: X-S =     5.268922 mb/sr,
+                                         /R =   1.7720E+02
   158.00 deg.: X-S =     5.699054 mb/sr,
+                                         /R =   1.9300E+02
   159.00 deg.: X-S =     6.135190 mb/sr,
+                                         /R =   2.0915E+02
   160.00 deg.: X-S =     6.574597 mb/sr,
+                                         /R =   2.2555E+02
   161.00 deg.: X-S =     7.014525 mb/sr,
+                                         /R =   2.4209E+02
   162.00 deg.: X-S =     7.452216 mb/sr,
+                                         /R =   2.5866E+02
   163.00 deg.: X-S =     7.884925 mb/sr,
+                                         /R =   2.7515E+02
   164.00 deg.: X-S =     8.309940 mb/sr,
+                                         /R =   2.9145E+02
   165.00 deg.: X-S =     8.724592 mb/sr,
+                                         /R =   3.0745E+02
   166.00 deg.: X-S =     9.126279 mb/sr,
+                                         /R =   3.2304E+02
   167.00 deg.: X-S =     9.512477 mb/sr,
+                                         /R =   3.3811E+02
   168.00 deg.: X-S =     9.880759 mb/sr,
+                                         /R =   3.5254E+02
   169.00 deg.: X-S =    10.228809 mb/sr,
+                                         /R =   3.6624E+02
   170.00 deg.: X-S =    10.554437 mb/sr,
+                                         /R =   3.7912E+02
   171.00 deg.: X-S =    10.855594 mb/sr,
+                                         /R =   3.9107E+02
   172.00 deg.: X-S =    11.130384 mb/sr,
+                                         /R =   4.0201E+02
   173.00 deg.: X-S =    11.377074 mb/sr,
+                                         /R =   4.1186E+02
   174.00 deg.: X-S =    11.594112 mb/sr,
+                                         /R =   4.2055E+02
   175.00 deg.: X-S =    11.780128 mb/sr,
+                                         /R =   4.2801E+02
   176.00 deg.: X-S =    11.933950 mb/sr,
+                                         /R =   4.3420E+02
   177.00 deg.: X-S =    12.054607 mb/sr,
+                                         /R =   4.3906E+02
   178.00 deg.: X-S =    12.141338 mb/sr,
+                                         /R =   4.4255E+02
   179.00 deg.: X-S =    12.193597 mb/sr,
+                                         /R =   4.4466E+02
   179.99 deg.: X-S =    12.211052 mb/sr,
+                                         /R =   4.4536E+02
                                           Integrated********** mb, over [   0.000, 180.000] at    55.0000 MeV 
 Finished all xsecs @    3.12500000E-02

  The following files have been created:
   3:local copy of User input.            6:standard output.                   
  13:total cross sections/state.         39:cross sections for each Ecm.       
  40:all cross sectns. for each Elab.    56:Fusion for each Jtotal.            

 PARAMETERS : MAXQRN   MFNL   MLOC  LMAX1 MCLIST
    ALLOWED :      1      4      4    170      6
    REQUIRED:      0      0      4      9      4


 ACCURACY ANALYSIS at    55.000 MeV :

  Elastic h*k = 0.028 so OK       compared with 0.200

   Real(S-el) > 0.01 first at J =       1.0
   Real(S-el) > 0.10 first at J =       1.0
   Real(S-el) > 0.50 first at J =       2.0
   Real(S-el) > 0.90 first at J =       3.0
   Real(S-el) > 0.99 first at J =       4.0
   R-turn =    10.76 fm    at J =       7.0

 Forward-angle excitation cut off below   1.124 deg by max JT =       7.0
                              and below   0.240 deg by max R.

 Total CPU  0 time =       0.03 seconds
