 FRESCO - FRES 3.4: Coupled Reaction Channels
 Assuming NAMELIST input.

 Test reaction with generated potential                                          

   0.040  50.000   0.500   0.000   0.000   0.000   0.000   0.000   0.000   0.000

 Centre-of-mass Range is   1252 * 0.0400 fm., Maximum at  50.00 fm., Interpolating NL forms every  0.52 fm.
 Non - locality width is      4 * 0.0400 fm., Maximum of   0.12 fm., Centred at  0.00 fm.
 2-Nucleon Separation of      0 * 0.5200 fm., Maximum of   0.00 fm., Minimum at  0.00 fm.
 Maximum single particle bins of 49.9200 fm.
               M,Mint =         1251        1249


 Range of total J is     0.0 <= J <=   150.0 (at least     0.0) and Absorbtion =>     0.1000 mb.
 Dry Run = F, CC set limits =  0  0, Relativistic kinematics =  , Both/Far/Near Analyses =  1                     

 Cross Sections (and up to T0 for 0=projectile) for Theta from   0.0 to 180.0 in steps of  1.0 degrees, DGAM=0,  Coordinates = 0 (Mads)

 Lower Radial Cutoff = maximum of -1.60*L*h &       0.0 fm.,  Lower Cutoff for Couplings =   0.0  fm.


 Iterate Couplings between   0 and   0 times, to  0.000 % if sooner.                                          
  Block solved exactly =   0 chs., with Pade = 0 & Isocen =  =0, NOSOL = F, initwf =  0
  NL quadrature with   18 Gaussian points, Calculate multipoles up to   156 from   0
  M-transfers for lp+lt greater than or equal to  6, Angular Integration Cutoff below  2.7778 %


 Trace switches are :  CHANS =  0, LISTCC =  0, TRENEG =  0, CDETR =  0, SMATS =  0, XSTABL =  0, NLPL =  0

                       WAVES =  0, LAMPL =  0, VEFF =  0, KFUS =  0, WDISK =  0, BPM =  0, MELFIL =  0

                       CDCC =  0, NFUS =  0

 Using unit mass = 1.000000 amu and 1/fine-structure constant = 137.03599 ( 1.000000 * true ) with hc = 197.32705 MeV.fm,
  thus 2*amu/hbar^2 = 0.0478450 = 1/20.9008 and Coulomb constant = 0.1574855 so e^2 = 1.43997, and nuclear magneton= 0.1261183

 Now pre-scan input and save to file 3



 *********** PARTITION NUMBER  1 ******************************************************************************************

   PROJ=3He        MASS=  3.0000 Z=   2.0,        # STATES=    1T, TARG=p        MASS=  1.0000 Z=   1.0,     Q-VALUE =   0.0000 MEV.

     1:  J= 0.5+ (B# 1), E=  0.0000, K= 0.5              Potl#  1       J= 0.5+ (B# 1), E=  0.0000, K= 0.5    


 ************************************************************************************************************************************

 The following POTENTIALS are defined :

  KP#       TYPE      IT    SHAPE      at     V1        r1        a1        V2        r2        a2        A-in     A-used


                                            A#1       A#2        r0c       ac                                                h @ 1
    1    0=Coulomb       0=CHARGE (WS)  1     1.000     1.000    3.0528    0.0000    0.0000    0.0000     0.000     8.000   0.04000

    1    1=Volume        0=Woods-Saxon  2   70.0000    1.2500    0.6500   15.0000    1.2500    0.6500     0.000     8.000

    1    2=Surface       0=Woods-Saxon  3    0.0000    0.0000    0.0000    5.0000    1.3000    0.6500     0.000     8.000

    1    3=Projtl S.O.   0=Woods-Saxon  4    3.0000    1.0000    0.6500    0.0000    0.0000    0.0000     0.000     8.000

 Incoming partition  1 in excitation state # 1,   Laboratory Energy given for partition  1 Nucleus 1 in Excitation pair 1

0Lab. ENERGY ranges :

   from    110.000     to   0.00000     in     0 intervals
   from    0.00000     to   0.00000     in     0 intervals
   from    0.00000     to   0.00000     in     0 intervals

 Largest real,imaginary parts of any form factor at R=   49.60 are   2.90E-02  7.91E-31 MeV
 Finished all Couplings @    1.56250000E-02           4

 Symmetric Hamiltonian
1***********************************************************************************************************************************
************************************************************************************************************************************

        INCOMING 3He      ;    LABORATORY 3He      ENERGY =   110.00     MeV.

 ***********************************************************************************************************************************
 ***********************************************************************************************************************************


  NOTE: Coulomb excitation cut off below   0.040 deg by JTMAX, and below   0.120 deg by Rmax

 Allocate arrays for            2  channels, of which            1  need wfs.
 Allocate arrays for            2  channels, of which            2  need wfs.
 Reaction Xsec     9.0+/ 8 @ 1 =   0.221 , Out:   0.000#
 Reaction Xsec     9.0+/10 @ 2 =   0.014 , Out:   0.000#
 Reaction Xsec     9.0-/ 9 @ 1 =   0.056 , Out:   0.000#
 Reaction Xsec     9.0-/ 9 @ 2 =   0.056 , Out:   0.000#
 Finished all CC sets @    3.12500000E-02
0CUMULATIVE REACTION cross section                 =  620.89918  <L> =     2.92  <L**2> =     10.5
0CUMULATIVE outgoing cross sections in partition 1 :    0.00000
0Cumulative ABSORBTION by Imaginary Potentials     =  620.89918  <L> =     2.92  <L**2> =     10.5
   Fusion for specific 3He      M-states :  606.584338  606.584338
0CUMULATIVE OUTGOING cross section                 =    0.00000
 To convert to S-factors (MeV.mb = keV.b),  multiply by  3.8130E+01


 CROSS SECTIONS FOR OUTGOING 3He      & p        in state #   1 with spins & parities 0.5  + &  0.5  +;  0

     0.01 deg.: X-S =   1.1819E+14 mb/sr,
+                                         /R =   1.0000E+00
     1.00 deg.: X-S =   1.1511E+06 mb/sr,
+                                         /R =   9.7384E-01
     2.00 deg.: X-S =   6.8156E+04 mb/sr,
+                                         /R =   9.2246E-01
     3.00 deg.: X-S =   1.2971E+04 mb/sr,
+                                         /R =   8.8851E-01
     4.00 deg.: X-S =  4299.335369 mb/sr,
+                                         /R =   9.3046E-01
     5.00 deg.: X-S =  2126.192943 mb/sr,
+                                         /R =   1.1229E+00
     6.00 deg.: X-S =  1419.542127 mb/sr,
+                                         /R =   1.5537E+00
     7.00 deg.: X-S =  1145.004520 mb/sr,
+                                         /R =   2.3202E+00
     8.00 deg.: X-S =  1020.372056 mb/sr,
+                                         /R =   3.5247E+00
     9.00 deg.: X-S =   953.125372 mb/sr,
+                                         /R =   5.2692E+00
    10.00 deg.: X-S =   908.866358 mb/sr,
+                                         /R =   7.6508E+00
    11.00 deg.: X-S =   873.657337 mb/sr,
+                                         /R =   1.0756E+01
    12.00 deg.: X-S =   841.546043 mb/sr,
+                                         /R =   1.4657E+01
    13.00 deg.: X-S =   809.950835 mb/sr,
+                                         /R =   1.9405E+01
    14.00 deg.: X-S =   777.799981 mb/sr,
+                                         /R =   2.5030E+01
    15.00 deg.: X-S =   744.728009 mb/sr,
+                                         /R =   3.1536E+01
    16.00 deg.: X-S =   710.708622 mb/sr,
+                                         /R =   3.8899E+01
    17.00 deg.: X-S =   675.879070 mb/sr,
+                                         /R =   4.7065E+01
    18.00 deg.: X-S =   640.452734 mb/sr,
+                                         /R =   5.5955E+01
    19.00 deg.: X-S =   604.674102 mb/sr,
+                                         /R =   6.5461E+01
    20.00 deg.: X-S =   568.794844 mb/sr,
+                                         /R =   7.5450E+01
    21.00 deg.: X-S =   533.060727 mb/sr,
+                                         /R =   8.5769E+01
    22.00 deg.: X-S =   497.704295 mb/sr,
+                                         /R =   9.6247E+01
    23.00 deg.: X-S =   462.940690 mb/sr,
+                                         /R =   1.0670E+02
    24.00 deg.: X-S =   428.965283 mb/sr,
+                                         /R =   1.1694E+02
    25.00 deg.: X-S =   395.952379 mb/sr,
+                                         /R =   1.2677E+02
    26.00 deg.: X-S =   364.054616 mb/sr,
+                                         /R =   1.3600E+02
    27.00 deg.: X-S =   333.402842 mb/sr,
+                                         /R =   1.4445E+02
    28.00 deg.: X-S =   304.106347 mb/sr,
+                                         /R =   1.5197E+02
    29.00 deg.: X-S =   276.253369 mb/sr,
+                                         /R =   1.5839E+02
    30.00 deg.: X-S =   249.911836 mb/sr,
+                                         /R =   1.6360E+02
    31.00 deg.: X-S =   225.130291 mb/sr,
+                                         /R =   1.6751E+02
    32.00 deg.: X-S =   201.938983 mb/sr,
+                                         /R =   1.7006E+02
    33.00 deg.: X-S =   180.351086 mb/sr,
+                                         /R =   1.7120E+02
    34.00 deg.: X-S =   160.364028 mb/sr,
+                                         /R =   1.7095E+02
    35.00 deg.: X-S =   141.960892 mb/sr,
+                                         /R =   1.6934E+02
    36.00 deg.: X-S =   125.111876 mb/sr,
+                                         /R =   1.6644E+02
    37.00 deg.: X-S =   109.775784 mb/sr,
+                                         /R =   1.6234E+02
    38.00 deg.: X-S =    95.901518 mb/sr,
+                                         /R =   1.5719E+02
    39.00 deg.: X-S =    83.429565 mb/sr,
+                                         /R =   1.5112E+02
    40.00 deg.: X-S =    72.293439 mb/sr,
+                                         /R =   1.4432E+02
    41.00 deg.: X-S =    62.421087 mb/sr,
+                                         /R =   1.3698E+02
    42.00 deg.: X-S =    53.736214 mb/sr,
+                                         /R =   1.2930E+02
    43.00 deg.: X-S =    46.159545 mb/sr,
+                                         /R =   1.2150E+02
    44.00 deg.: X-S =    39.609989 mb/sr,
+                                         /R =   1.1380E+02
    45.00 deg.: X-S =    34.005712 mb/sr,
+                                         /R =   1.0640E+02
    46.00 deg.: X-S =    29.265108 mb/sr,
+                                         /R =   9.9514E+01
    47.00 deg.: X-S =    25.307670 mb/sr,
+                                         /R =   9.3341E+01
    48.00 deg.: X-S =    22.054748 mb/sr,
+                                         /R =   8.8060E+01
    49.00 deg.: X-S =    19.430214 mb/sr,
+                                         /R =   8.3831E+01
    50.00 deg.: X-S =    17.361012 mb/sr,
+                                         /R =   8.0796E+01
    51.00 deg.: X-S =    15.777621 mb/sr,
+                                         /R =   7.9068E+01
    52.00 deg.: X-S =    14.614417 mb/sr,
+                                         /R =   7.8736E+01
    53.00 deg.: X-S =    13.809949 mb/sr,
+                                         /R =   7.9859E+01
    54.00 deg.: X-S =    13.307134 mb/sr,
+                                         /R =   8.2469E+01
    55.00 deg.: X-S =    13.053374 mb/sr,
+                                         /R =   8.6570E+01
    56.00 deg.: X-S =    13.000607 mb/sr,
+                                         /R =   9.2134E+01
    57.00 deg.: X-S =    13.105300 mb/sr,
+                                         /R =   9.9111E+01
    58.00 deg.: X-S =    13.328382 mb/sr,
+                                         /R =   1.0742E+02
    59.00 deg.: X-S =    13.635136 mb/sr,
+                                         /R =   1.1696E+02
    60.00 deg.: X-S =    13.995049 mb/sr,
+                                         /R =   1.2761E+02
    61.00 deg.: X-S =    14.381631 mb/sr,
+                                         /R =   1.3922E+02
    62.00 deg.: X-S =    14.772205 mb/sr,
+                                         /R =   1.5164E+02
    63.00 deg.: X-S =    15.147682 mb/sr,
+                                         /R =   1.6471E+02
    64.00 deg.: X-S =    15.492311 mb/sr,
+                                         /R =   1.7823E+02
    65.00 deg.: X-S =    15.793430 mb/sr,
+                                         /R =   1.9203E+02
    66.00 deg.: X-S =    16.041202 mb/sr,
+                                         /R =   2.0592E+02
    67.00 deg.: X-S =    16.228355 mb/sr,
+                                         /R =   2.1971E+02
    68.00 deg.: X-S =    16.349921 mb/sr,
+                                         /R =   2.3323E+02
    69.00 deg.: X-S =    16.402982 mb/sr,
+                                         /R =   2.4630E+02
    70.00 deg.: X-S =    16.386417 mb/sr,
+                                         /R =   2.5874E+02
    71.00 deg.: X-S =    16.300669 mb/sr,
+                                         /R =   2.7042E+02
    72.00 deg.: X-S =    16.147513 mb/sr,
+                                         /R =   2.8119E+02
    73.00 deg.: X-S =    15.929843 mb/sr,
+                                         /R =   2.9093E+02
    74.00 deg.: X-S =    15.651472 mb/sr,
+                                         /R =   2.9952E+02
    75.00 deg.: X-S =    15.316942 mb/sr,
+                                         /R =   3.0689E+02
    76.00 deg.: X-S =    14.931357 mb/sr,
+                                         /R =   3.1296E+02
    77.00 deg.: X-S =    14.500221 mb/sr,
+                                         /R =   3.1768E+02
    78.00 deg.: X-S =    14.029305 mb/sr,
+                                         /R =   3.2103E+02
    79.00 deg.: X-S =    13.524515 mb/sr,
+                                         /R =   3.2299E+02
    80.00 deg.: X-S =    12.991785 mb/sr,
+                                         /R =   3.2356E+02
    81.00 deg.: X-S =    12.436976 mb/sr,
+                                         /R =   3.2279E+02
    82.00 deg.: X-S =    11.865801 mb/sr,
+                                         /R =   3.2069E+02
    83.00 deg.: X-S =    11.283748 mb/sr,
+                                         /R =   3.1735E+02
    84.00 deg.: X-S =    10.696025 mb/sr,
+                                         /R =   3.1281E+02
    85.00 deg.: X-S =    10.107518 mb/sr,
+                                         /R =   3.0718E+02
    86.00 deg.: X-S =     9.522747 mb/sr,
+                                         /R =   3.0055E+02
    87.00 deg.: X-S =     8.945847 mb/sr,
+                                         /R =   2.9302E+02
    88.00 deg.: X-S =     8.380548 mb/sr,
+                                         /R =   2.8469E+02
    89.00 deg.: X-S =     7.830166 mb/sr,
+                                         /R =   2.7570E+02
    90.00 deg.: X-S =     7.297598 mb/sr,
+                                         /R =   2.6616E+02
    91.00 deg.: X-S =     6.785325 mb/sr,
+                                         /R =   2.5619E+02
    92.00 deg.: X-S =     6.295426 mb/sr,
+                                         /R =   2.4591E+02
    93.00 deg.: X-S =     5.829581 mb/sr,
+                                         /R =   2.3545E+02
    94.00 deg.: X-S =     5.389095 mb/sr,
+                                         /R =   2.2493E+02
    95.00 deg.: X-S =     4.974912 mb/sr,
+                                         /R =   2.1445E+02
    96.00 deg.: X-S =     4.587640 mb/sr,
+                                         /R =   2.0413E+02
    97.00 deg.: X-S =     4.227572 mb/sr,
+                                         /R =   1.9406E+02
    98.00 deg.: X-S =     3.894710 mb/sr,
+                                         /R =   1.8434E+02
    99.00 deg.: X-S =     3.588792 mb/sr,
+                                         /R =   1.7505E+02
   100.00 deg.: X-S =     3.309317 mb/sr,
+                                         /R =   1.6626E+02
   101.00 deg.: X-S =     3.055572 mb/sr,
+                                         /R =   1.5803E+02
   102.00 deg.: X-S =     2.826656 mb/sr,
+                                         /R =   1.5042E+02
   103.00 deg.: X-S =     2.621507 mb/sr,
+                                         /R =   1.4347E+02
   104.00 deg.: X-S =     2.438926 mb/sr,
+                                         /R =   1.3720E+02
   105.00 deg.: X-S =     2.277602 mb/sr,
+                                         /R =   1.3163E+02
   106.00 deg.: X-S =     2.136135 mb/sr,
+                                         /R =   1.2678E+02
   107.00 deg.: X-S =     2.013058 mb/sr,
+                                         /R =   1.2263E+02
   108.00 deg.: X-S =     1.906859 mb/sr,
+                                         /R =   1.1917E+02
   109.00 deg.: X-S =     1.815999 mb/sr,
+                                         /R =   1.1638E+02
   110.00 deg.: X-S =     1.738935 mb/sr,
+                                         /R =   1.1423E+02
   111.00 deg.: X-S =     1.674132 mb/sr,
+                                         /R =   1.1266E+02
   112.00 deg.: X-S =     1.620083 mb/sr,
+                                         /R =   1.1165E+02
   113.00 deg.: X-S =     1.575325 mb/sr,
+                                         /R =   1.1113E+02
   114.00 deg.: X-S =     1.538446 mb/sr,
+                                         /R =   1.1104E+02
   115.00 deg.: X-S =     1.508106 mb/sr,
+                                         /R =   1.1132E+02
   116.00 deg.: X-S =     1.483038 mb/sr,
+                                         /R =   1.1191E+02
   117.00 deg.: X-S =     1.462066 mb/sr,
+                                         /R =   1.1273E+02
   118.00 deg.: X-S =     1.444107 mb/sr,
+                                         /R =   1.1373E+02
   119.00 deg.: X-S =     1.428179 mb/sr,
+                                         /R =   1.1484E+02
   120.00 deg.: X-S =     1.413406 mb/sr,
+                                         /R =   1.1599E+02
   121.00 deg.: X-S =     1.399023 mb/sr,
+                                         /R =   1.1712E+02
   122.00 deg.: X-S =     1.384373 mb/sr,
+                                         /R =   1.1818E+02
   123.00 deg.: X-S =     1.368915 mb/sr,
+                                         /R =   1.1912E+02
   124.00 deg.: X-S =     1.352218 mb/sr,
+                                         /R =   1.1990E+02
   125.00 deg.: X-S =     1.333961 mb/sr,
+                                         /R =   1.2047E+02
   126.00 deg.: X-S =     1.313932 mb/sr,
+                                         /R =   1.2081E+02
   127.00 deg.: X-S =     1.292020 mb/sr,
+                                         /R =   1.2091E+02
   128.00 deg.: X-S =     1.268214 mb/sr,
+                                         /R =   1.2074E+02
   129.00 deg.: X-S =     1.242594 mb/sr,
+                                         /R =   1.2031E+02
   130.00 deg.: X-S =     1.215326 mb/sr,
+                                         /R =   1.1962E+02
   131.00 deg.: X-S =     1.186655 mb/sr,
+                                         /R =   1.1870E+02
   132.00 deg.: X-S =     1.156895 mb/sr,
+                                         /R =   1.1755E+02
   133.00 deg.: X-S =     1.126421 mb/sr,
+                                         /R =   1.1623E+02
   134.00 deg.: X-S =     1.095660 mb/sr,
+                                         /R =   1.1476E+02
   135.00 deg.: X-S =     1.065082 mb/sr,
+                                         /R =   1.1321E+02
   136.00 deg.: X-S =     1.035188 mb/sr,
+                                         /R =   1.1161E+02
   137.00 deg.: X-S =     1.006506 mb/sr,
+                                         /R =   1.1004E+02
   138.00 deg.: X-S =     0.979573 mb/sr,
+                                         /R =   1.0856E+02
   139.00 deg.: X-S =     0.954933 mb/sr,
+                                         /R =   1.0724E+02
   140.00 deg.: X-S =     0.933121 mb/sr,
+                                         /R =   1.0615E+02
   141.00 deg.: X-S =     0.914661 mb/sr,
+                                         /R =   1.0536E+02
   142.00 deg.: X-S =     0.900052 mb/sr,
+                                         /R =   1.0495E+02
   143.00 deg.: X-S =     0.889759 mb/sr,
+                                         /R =   1.0498E+02
   144.00 deg.: X-S =     0.884210 mb/sr,
+                                         /R =   1.0554E+02
   145.00 deg.: X-S =     0.883789 mb/sr,
+                                         /R =   1.0667E+02
   146.00 deg.: X-S =     0.888822 mb/sr,
+                                         /R =   1.0845E+02
   147.00 deg.: X-S =     0.899582 mb/sr,
+                                         /R =   1.1092E+02
   148.00 deg.: X-S =     0.916278 mb/sr,
+                                         /R =   1.1413E+02
   149.00 deg.: X-S =     0.939051 mb/sr,
+                                         /R =   1.1813E+02
   150.00 deg.: X-S =     0.967975 mb/sr,
+                                         /R =   1.2293E+02
   151.00 deg.: X-S =     1.003052 mb/sr,
+                                         /R =   1.2856E+02
   152.00 deg.: X-S =     1.044212 mb/sr,
+                                         /R =   1.3503E+02
   153.00 deg.: X-S =     1.091311 mb/sr,
+                                         /R =   1.4233E+02
   154.00 deg.: X-S =     1.144136 mb/sr,
+                                         /R =   1.5045E+02
   155.00 deg.: X-S =     1.202401 mb/sr,
+                                         /R =   1.5937E+02
   156.00 deg.: X-S =     1.265754 mb/sr,
+                                         /R =   1.6904E+02
   157.00 deg.: X-S =     1.333780 mb/sr,
+                                         /R =   1.7942E+02
   158.00 deg.: X-S =     1.406000 mb/sr,
+                                         /R =   1.9046E+02
   159.00 deg.: X-S =     1.481882 mb/sr,
+                                         /R =   2.0207E+02
   160.00 deg.: X-S =     1.560845 mb/sr,
+                                         /R =   2.1418E+02
   161.00 deg.: X-S =     1.642261 mb/sr,
+                                         /R =   2.2671E+02
   162.00 deg.: X-S =     1.725467 mb/sr,
+                                         /R =   2.3956E+02
   163.00 deg.: X-S =     1.809770 mb/sr,
+                                         /R =   2.5261E+02
   164.00 deg.: X-S =     1.894451 mb/sr,
+                                         /R =   2.6578E+02
   165.00 deg.: X-S =     1.978778 mb/sr,
+                                         /R =   2.7893E+02
   166.00 deg.: X-S =     2.062013 mb/sr,
+                                         /R =   2.9195E+02
   167.00 deg.: X-S =     2.143414 mb/sr,
+                                         /R =   3.0474E+02
   168.00 deg.: X-S =     2.222253 mb/sr,
+                                         /R =   3.1716E+02
   169.00 deg.: X-S =     2.297814 mb/sr,
+                                         /R =   3.2909E+02
   170.00 deg.: X-S =     2.369408 mb/sr,
+                                         /R =   3.4044E+02
   171.00 deg.: X-S =     2.436375 mb/sr,
+                                         /R =   3.5108E+02
   172.00 deg.: X-S =     2.498097 mb/sr,
+                                         /R =   3.6091E+02
   173.00 deg.: X-S =     2.553999 mb/sr,
+                                         /R =   3.6983E+02
   174.00 deg.: X-S =     2.603560 mb/sr,
+                                         /R =   3.7775E+02
   175.00 deg.: X-S =     2.646313 mb/sr,
+                                         /R =   3.8460E+02
   176.00 deg.: X-S =     2.681858 mb/sr,
+                                         /R =   3.9030E+02
   177.00 deg.: X-S =     2.709858 mb/sr,
+                                         /R =   3.9480E+02
   178.00 deg.: X-S =     2.730050 mb/sr,
+                                         /R =   3.9804E+02
   179.00 deg.: X-S =     2.742243 mb/sr,
+                                         /R =   4.0000E+02
   179.99 deg.: X-S =     2.746319 mb/sr,
+                                         /R =   4.0066E+02
                                           Integrated********** mb, over [   0.000, 180.000] at   110.0000 MeV 
 Finished all xsecs @    4.68750000E-02

  The following files have been created:
   3:local copy of User input.            6:standard output.                   
  13:total cross sections/state.         39:cross sections for each Ecm.       
  40:all cross sectns. for each Elab.    56:Fusion for each Jtotal.            

 PARAMETERS : MAXQRN   MFNL   MLOC  LMAX1 MCLIST
    ALLOWED :      1      4      4    170      6
    REQUIRED:      0      0      4     11      4


 ACCURACY ANALYSIS at   110.000 MeV :

  Elastic h*k = 0.040 so OK       compared with 0.200

   Real(S-el) > 0.01 first at J =       1.0
   Real(S-el) > 0.10 first at J =       1.0
   Real(S-el) > 0.50 first at J =       3.0
   Real(S-el) > 0.90 first at J =       4.0
   Real(S-el) > 0.99 first at J =       6.0
   R-turn =     9.60 fm    at J =       9.0

 Forward-angle excitation cut off below   0.627 deg by max JT =       9.0
                              and below   0.120 deg by max R.

 Total CPU  0 time =       0.05 seconds
