 FRESCO - FRES 3.4: Coupled Reaction Channels
 Assuming NAMELIST input.

 Test reaction with generated potential                                          

   0.040  50.000   0.500   0.000   0.000   0.000   0.000   0.000   0.000   0.000

 Centre-of-mass Range is   1252 * 0.0400 fm., Maximum at  50.00 fm., Interpolating NL forms every  0.52 fm.
 Non - locality width is      4 * 0.0400 fm., Maximum of   0.12 fm., Centred at  0.00 fm.
 2-Nucleon Separation of      0 * 0.5200 fm., Maximum of   0.00 fm., Minimum at  0.00 fm.
 Maximum single particle bins of 49.9200 fm.
               M,Mint =         1251        1249


 Range of total J is     0.0 <= J <=   150.0 (at least     0.0) and Absorbtion =>     0.1000 mb.
 Dry Run = F, CC set limits =  0  0, Relativistic kinematics =  , Both/Far/Near Analyses =  1                     

 Cross Sections (and up to T0 for 0=projectile) for Theta from   0.0 to 180.0 in steps of  1.0 degrees, DGAM=0,  Coordinates = 0 (Mads)

 Lower Radial Cutoff = maximum of -1.60*L*h &       0.0 fm.,  Lower Cutoff for Couplings =   0.0  fm.


 Iterate Couplings between   0 and   0 times, to  0.000 % if sooner.                                          
  Block solved exactly =   0 chs., with Pade = 0 & Isocen =  =0, NOSOL = F, initwf =  0
  NL quadrature with   18 Gaussian points, Calculate multipoles up to   156 from   0
  M-transfers for lp+lt greater than or equal to  6, Angular Integration Cutoff below  2.7778 %


 Trace switches are :  CHANS =  0, LISTCC =  0, TRENEG =  0, CDETR =  0, SMATS =  0, XSTABL =  0, NLPL =  0

                       WAVES =  0, LAMPL =  0, VEFF =  0, KFUS =  0, WDISK =  0, BPM =  0, MELFIL =  0

                       CDCC =  0, NFUS =  0

 Using unit mass = 1.000000 amu and 1/fine-structure constant = 137.03599 ( 1.000000 * true ) with hc = 197.32705 MeV.fm,
  thus 2*amu/hbar^2 = 0.0478450 = 1/20.9008 and Coulomb constant = 0.1574855 so e^2 = 1.43997, and nuclear magneton= 0.1261183

 Now pre-scan input and save to file 3



 *********** PARTITION NUMBER  1 ******************************************************************************************

   PROJ=3He        MASS=  3.0000 Z=   2.0,        # STATES=    1T, TARG=p        MASS=  1.0000 Z=   1.0,     Q-VALUE =   0.0000 MEV.

     1:  J= 0.5+ (B# 1), E=  0.0000, K= 0.5              Potl#  1       J= 0.5+ (B# 1), E=  0.0000, K= 0.5    


 ************************************************************************************************************************************

 The following POTENTIALS are defined :

  KP#       TYPE      IT    SHAPE      at     V1        r1        a1        V2        r2        a2        A-in     A-used


                                            A#1       A#2        r0c       ac                                                h @ 1
    1    0=Coulomb       0=CHARGE (WS)  1     1.000     1.000    3.0528    0.0000    0.0000    0.0000     0.000     8.000   0.04000

    1    1=Volume        0=Woods-Saxon  2   70.0000    1.2500    0.6500   15.0000    1.2500    0.6500     0.000     8.000

    1    2=Surface       0=Woods-Saxon  3    0.0000    0.0000    0.0000    5.0000    1.3000    0.6500     0.000     8.000

    1    3=Projtl S.O.   0=Woods-Saxon  4    3.0000    1.0000    0.6500    0.0000    0.0000    0.0000     0.000     8.000

 Incoming partition  1 in excitation state # 1,   Laboratory Energy given for partition  1 Nucleus 1 in Excitation pair 1

0Lab. ENERGY ranges :

   from    175.000     to   0.00000     in     0 intervals
   from    0.00000     to   0.00000     in     0 intervals
   from    0.00000     to   0.00000     in     0 intervals

 Largest real,imaginary parts of any form factor at R=   49.60 are   2.90E-02  7.91E-31 MeV
 Finished all Couplings @    0.00000000               4

 Symmetric Hamiltonian
1***********************************************************************************************************************************
************************************************************************************************************************************

        INCOMING 3He      ;    LABORATORY 3He      ENERGY =   175.00     MeV.

 ***********************************************************************************************************************************
 ***********************************************************************************************************************************


  NOTE: Coulomb excitation cut off below   0.031 deg by JTMAX, and below   0.075 deg by Rmax

 Allocate arrays for            2  channels, of which            1  need wfs.
 Allocate arrays for            2  channels, of which            2  need wfs.
 Reaction Xsec    11.0+/10 @ 1 =   0.138 , Out:   0.000#
 Reaction Xsec    11.0+/12 @ 2 =   0.015 , Out:   0.000#
 Reaction Xsec    11.0-/11 @ 1 =   0.045 , Out:   0.000#
 Reaction Xsec    11.0-/11 @ 2 =   0.045 , Out:   0.000#
 Finished all CC sets @    1.56250000E-02
0CUMULATIVE REACTION cross section                 =  524.14622  <L> =     3.52  <L**2> =     15.2
0CUMULATIVE outgoing cross sections in partition 1 :    0.00000
0Cumulative ABSORBTION by Imaginary Potentials     =  524.14622  <L> =     3.52  <L**2> =     15.2
   Fusion for specific 3He      M-states :  515.411310  515.411310
0CUMULATIVE OUTGOING cross section                 =    0.00000
 To convert to S-factors (MeV.mb = keV.b),  multiply by  5.6690E+01


 CROSS SECTIONS FOR OUTGOING 3He      & p        in state #   1 with spins & parities 0.5  + &  0.5  +;  0

     0.01 deg.: X-S =   4.6698E+13 mb/sr,
+                                         /R =   9.9999E-01
     1.00 deg.: X-S =   4.4280E+05 mb/sr,
+                                         /R =   9.4817E-01
     2.00 deg.: X-S =   2.4984E+04 mb/sr,
+                                         /R =   8.5586E-01
     3.00 deg.: X-S =  4924.634572 mb/sr,
+                                         /R =   8.5381E-01
     4.00 deg.: X-S =  2072.735953 mb/sr,
+                                         /R =   1.1354E+00
     5.00 deg.: X-S =  1457.214227 mb/sr,
+                                         /R =   1.9478E+00
     6.00 deg.: X-S =  1291.270035 mb/sr,
+                                         /R =   3.5771E+00
     7.00 deg.: X-S =  1233.892767 mb/sr,
+                                         /R =   6.3284E+00
     8.00 deg.: X-S =  1201.594716 mb/sr,
+                                         /R =   1.0505E+01
     9.00 deg.: X-S =  1171.254449 mb/sr,
+                                         /R =   1.6388E+01
    10.00 deg.: X-S =  1136.509754 mb/sr,
+                                         /R =   2.4214E+01
    11.00 deg.: X-S =  1096.140939 mb/sr,
+                                         /R =   3.4156E+01
    12.00 deg.: X-S =  1050.565326 mb/sr,
+                                         /R =   4.6310E+01
    13.00 deg.: X-S =  1000.690305 mb/sr,
+                                         /R =   6.0680E+01
    14.00 deg.: X-S =   947.521492 mb/sr,
+                                         /R =   7.7175E+01
    15.00 deg.: X-S =   892.028645 mb/sr,
+                                         /R =   9.5605E+01
    16.00 deg.: X-S =   835.102626 mb/sr,
+                                         /R =   1.1568E+02
    17.00 deg.: X-S =   777.544583 mb/sr,
+                                         /R =   1.3704E+02
    18.00 deg.: X-S =   720.065995 mb/sr,
+                                         /R =   1.5923E+02
    19.00 deg.: X-S =   663.291929 mb/sr,
+                                         /R =   1.8174E+02
    20.00 deg.: X-S =   607.764913 mb/sr,
+                                         /R =   2.0405E+02
    21.00 deg.: X-S =   553.948731 mb/sr,
+                                         /R =   2.2559E+02
    22.00 deg.: X-S =   502.232087 mb/sr,
+                                         /R =   2.4582E+02
    23.00 deg.: X-S =   452.932296 mb/sr,
+                                         /R =   2.6422E+02
    24.00 deg.: X-S =   406.299131 mb/sr,
+                                         /R =   2.8033E+02
    25.00 deg.: X-S =   362.518952 mb/sr,
+                                         /R =   2.9376E+02
    26.00 deg.: X-S =   321.719150 mb/sr,
+                                         /R =   3.0419E+02
    27.00 deg.: X-S =   283.972918 mb/sr,
+                                         /R =   3.1141E+02
    28.00 deg.: X-S =   249.304309 mb/sr,
+                                         /R =   3.1531E+02
    29.00 deg.: X-S =   217.693494 mb/sr,
+                                         /R =   3.1590E+02
    30.00 deg.: X-S =   189.082169 mb/sr,
+                                         /R =   3.1329E+02
    31.00 deg.: X-S =   163.378985 mb/sr,
+                                         /R =   3.0768E+02
    32.00 deg.: X-S =   140.464925 mb/sr,
+                                         /R =   2.9939E+02
    33.00 deg.: X-S =   120.198536 mb/sr,
+                                         /R =   2.8879E+02
    34.00 deg.: X-S =   102.420935 mb/sr,
+                                         /R =   2.7634E+02
    35.00 deg.: X-S =    86.960514 mb/sr,
+                                         /R =   2.6254E+02
    36.00 deg.: X-S =    73.637288 mb/sr,
+                                         /R =   2.4794E+02
    37.00 deg.: X-S =    62.266855 mb/sr,
+                                         /R =   2.3306E+02
    38.00 deg.: X-S =    52.663915 mb/sr,
+                                         /R =   2.1847E+02
    39.00 deg.: X-S =    44.645361 mb/sr,
+                                         /R =   2.0468E+02
    40.00 deg.: X-S =    38.032905 mb/sr,
+                                         /R =   1.9217E+02
    41.00 deg.: X-S =    32.655276 mb/sr,
+                                         /R =   1.8137E+02
    42.00 deg.: X-S =    28.349983 mb/sr,
+                                         /R =   1.7266E+02
    43.00 deg.: X-S =    24.964680 mb/sr,
+                                         /R =   1.6632E+02
    44.00 deg.: X-S =    22.358154 mb/sr,
+                                         /R =   1.6257E+02
    45.00 deg.: X-S =    20.400976 mb/sr,
+                                         /R =   1.6156E+02
    46.00 deg.: X-S =    18.975839 mb/sr,
+                                         /R =   1.6331E+02
    47.00 deg.: X-S =    17.977638 mb/sr,
+                                         /R =   1.6782E+02
    48.00 deg.: X-S =    17.313316 mb/sr,
+                                         /R =   1.7496E+02
    49.00 deg.: X-S =    16.901515 mb/sr,
+                                         /R =   1.8456E+02
    50.00 deg.: X-S =    16.672070 mb/sr,
+                                         /R =   1.9638E+02
    51.00 deg.: X-S =    16.565386 mb/sr,
+                                         /R =   2.1011E+02
    52.00 deg.: X-S =    16.531712 mb/sr,
+                                         /R =   2.2542E+02
    53.00 deg.: X-S =    16.530352 mb/sr,
+                                         /R =   2.4194E+02
    54.00 deg.: X-S =    16.528840 mb/sr,
+                                         /R =   2.5926E+02
    55.00 deg.: X-S =    16.502090 mb/sr,
+                                         /R =   2.7700E+02
    56.00 deg.: X-S =    16.431554 mb/sr,
+                                         /R =   2.9473E+02
    57.00 deg.: X-S =    16.304384 mb/sr,
+                                         /R =   3.1208E+02
    58.00 deg.: X-S =    16.112637 mb/sr,
+                                         /R =   3.2867E+02
    59.00 deg.: X-S =    15.852508 mb/sr,
+                                         /R =   3.4416E+02
    60.00 deg.: X-S =    15.523623 mb/sr,
+                                         /R =   3.5825E+02
    61.00 deg.: X-S =    15.128371 mb/sr,
+                                         /R =   3.7066E+02
    62.00 deg.: X-S =    14.671309 mb/sr,
+                                         /R =   3.8119E+02
    63.00 deg.: X-S =    14.158620 mb/sr,
+                                         /R =   3.8965E+02
    64.00 deg.: X-S =    13.597630 mb/sr,
+                                         /R =   3.9593E+02
    65.00 deg.: X-S =    12.996394 mb/sr,
+                                         /R =   3.9995E+02
    66.00 deg.: X-S =    12.363336 mb/sr,
+                                         /R =   4.0168E+02
    67.00 deg.: X-S =    11.706943 mb/sr,
+                                         /R =   4.0116E+02
    68.00 deg.: X-S =    11.035522 mb/sr,
+                                         /R =   3.9843E+02
    69.00 deg.: X-S =    10.356996 mb/sr,
+                                         /R =   3.9360E+02
    70.00 deg.: X-S =     9.678755 mb/sr,
+                                         /R =   3.8681E+02
    71.00 deg.: X-S =     9.007540 mb/sr,
+                                         /R =   3.7821E+02
    72.00 deg.: X-S =     8.349368 mb/sr,
+                                         /R =   3.6799E+02
    73.00 deg.: X-S =     7.709491 mb/sr,
+                                         /R =   3.5636E+02
    74.00 deg.: X-S =     7.092373 mb/sr,
+                                         /R =   3.4352E+02
    75.00 deg.: X-S =     6.501699 mb/sr,
+                                         /R =   3.2971E+02
    76.00 deg.: X-S =     5.940394 mb/sr,
+                                         /R =   3.1513E+02
    77.00 deg.: X-S =     5.410668 mb/sr,
+                                         /R =   3.0003E+02
    78.00 deg.: X-S =     4.914057 mb/sr,
+                                         /R =   2.8460E+02
    79.00 deg.: X-S =     4.451486 mb/sr,
+                                         /R =   2.6907E+02
    80.00 deg.: X-S =     4.023322 mb/sr,
+                                         /R =   2.5361E+02
    81.00 deg.: X-S =     3.629449 mb/sr,
+                                         /R =   2.3841E+02
    82.00 deg.: X-S =     3.269321 mb/sr,
+                                         /R =   2.2364E+02
    83.00 deg.: X-S =     2.942035 mb/sr,
+                                         /R =   2.0942E+02
    84.00 deg.: X-S =     2.646384 mb/sr,
+                                         /R =   1.9589E+02
    85.00 deg.: X-S =     2.380922 mb/sr,
+                                         /R =   1.8314E+02
    86.00 deg.: X-S =     2.144012 mb/sr,
+                                         /R =   1.7127E+02
    87.00 deg.: X-S =     1.933880 mb/sr,
+                                         /R =   1.6032E+02
    88.00 deg.: X-S =     1.748655 mb/sr,
+                                         /R =   1.5035E+02
    89.00 deg.: X-S =     1.586414 mb/sr,
+                                         /R =   1.4138E+02
    90.00 deg.: X-S =     1.445215 mb/sr,
+                                         /R =   1.3341E+02
    91.00 deg.: X-S =     1.323124 mb/sr,
+                                         /R =   1.2644E+02
    92.00 deg.: X-S =     1.218246 mb/sr,
+                                         /R =   1.2044E+02
    93.00 deg.: X-S =     1.128746 mb/sr,
+                                         /R =   1.1539E+02
    94.00 deg.: X-S =     1.052865 mb/sr,
+                                         /R =   1.1122E+02
    95.00 deg.: X-S =     0.988934 mb/sr,
+                                         /R =   1.0790E+02
    96.00 deg.: X-S =     0.935387 mb/sr,
+                                         /R =   1.0534E+02
    97.00 deg.: X-S =     0.890767 mb/sr,
+                                         /R =   1.0349E+02
    98.00 deg.: X-S =     0.853732 mb/sr,
+                                         /R =   1.0227E+02
    99.00 deg.: X-S =     0.823058 mb/sr,
+                                         /R =   1.0161E+02
   100.00 deg.: X-S =     0.797637 mb/sr,
+                                         /R =   1.0142E+02
   101.00 deg.: X-S =     0.776478 mb/sr,
+                                         /R =   1.0164E+02
   102.00 deg.: X-S =     0.758703 mb/sr,
+                                         /R =   1.0219E+02
   103.00 deg.: X-S =     0.743540 mb/sr,
+                                         /R =   1.0299E+02
   104.00 deg.: X-S =     0.730322 mb/sr,
+                                         /R =   1.0398E+02
   105.00 deg.: X-S =     0.718478 mb/sr,
+                                         /R =   1.0510E+02
   106.00 deg.: X-S =     0.707525 mb/sr,
+                                         /R =   1.0628E+02
   107.00 deg.: X-S =     0.697059 mb/sr,
+                                         /R =   1.0747E+02
   108.00 deg.: X-S =     0.686752 mb/sr,
+                                         /R =   1.0863E+02
   109.00 deg.: X-S =     0.676341 mb/sr,
+                                         /R =   1.0970E+02
   110.00 deg.: X-S =     0.665618 mb/sr,
+                                         /R =   1.1066E+02
   111.00 deg.: X-S =     0.654427 mb/sr,
+                                         /R =   1.1147E+02
   112.00 deg.: X-S =     0.642655 mb/sr,
+                                         /R =   1.1210E+02
   113.00 deg.: X-S =     0.630225 mb/sr,
+                                         /R =   1.1252E+02
   114.00 deg.: X-S =     0.617090 mb/sr,
+                                         /R =   1.1273E+02
   115.00 deg.: X-S =     0.603229 mb/sr,
+                                         /R =   1.1270E+02
   116.00 deg.: X-S =     0.588638 mb/sr,
+                                         /R =   1.1242E+02
   117.00 deg.: X-S =     0.573335 mb/sr,
+                                         /R =   1.1189E+02
   118.00 deg.: X-S =     0.557346 mb/sr,
+                                         /R =   1.1110E+02
   119.00 deg.: X-S =     0.540709 mb/sr,
+                                         /R =   1.1004E+02
   120.00 deg.: X-S =     0.523470 mb/sr,
+                                         /R =   1.0872E+02
   121.00 deg.: X-S =     0.505679 mb/sr,
+                                         /R =   1.0715E+02
   122.00 deg.: X-S =     0.487395 mb/sr,
+                                         /R =   1.0531E+02
   123.00 deg.: X-S =     0.468676 mb/sr,
+                                         /R =   1.0322E+02
   124.00 deg.: X-S =     0.449585 mb/sr,
+                                         /R =   1.0089E+02
   125.00 deg.: X-S =     0.430188 mb/sr,
+                                         /R =   9.8330E+01
   126.00 deg.: X-S =     0.410553 mb/sr,
+                                         /R =   9.5544E+01
   127.00 deg.: X-S =     0.390749 mb/sr,
+                                         /R =   9.2550E+01
   128.00 deg.: X-S =     0.370849 mb/sr,
+                                         /R =   8.9361E+01
   129.00 deg.: X-S =     0.350927 mb/sr,
+                                         /R =   8.5997E+01
   130.00 deg.: X-S =     0.331058 mb/sr,
+                                         /R =   8.2474E+01
   131.00 deg.: X-S =     0.311320 mb/sr,
+                                         /R =   7.8815E+01
   132.00 deg.: X-S =     0.291792 mb/sr,
+                                         /R =   7.5042E+01
   133.00 deg.: X-S =     0.272557 mb/sr,
+                                         /R =   7.1180E+01
   134.00 deg.: X-S =     0.253694 mb/sr,
+                                         /R =   6.7255E+01
   135.00 deg.: X-S =     0.235289 mb/sr,
+                                         /R =   6.3296E+01
   136.00 deg.: X-S =     0.217423 mb/sr,
+                                         /R =   5.9331E+01
   137.00 deg.: X-S =     0.200181 mb/sr,
+                                         /R =   5.5392E+01
   138.00 deg.: X-S =     0.183644 mb/sr,
+                                         /R =   5.1511E+01
   139.00 deg.: X-S =     0.167895 mb/sr,
+                                         /R =   4.7720E+01
   140.00 deg.: X-S =     0.153011 mb/sr,
+                                         /R =   4.4053E+01
   141.00 deg.: X-S =     0.139070 mb/sr,
+                                         /R =   4.0545E+01
   142.00 deg.: X-S =     0.126144 mb/sr,
+                                         /R =   3.7227E+01
   143.00 deg.: X-S =     0.114302 mb/sr,
+                                         /R =   3.4134E+01
   144.00 deg.: X-S =     0.103605 mb/sr,
+                                         /R =   3.1298E+01
   145.00 deg.: X-S =     0.094112 mb/sr,
+                                         /R =   2.8750E+01
   146.00 deg.: X-S =     0.085873 mb/sr,
+                                         /R =   2.6519E+01
   147.00 deg.: X-S =     0.078928 mb/sr,
+                                         /R =   2.4632E+01
   148.00 deg.: X-S =     0.073312 mb/sr,
+                                         /R =   2.3113E+01
   149.00 deg.: X-S =     0.069050 mb/sr,
+                                         /R =   2.1984E+01
   150.00 deg.: X-S =     0.066154 mb/sr,
+                                         /R =   2.1264E+01
   151.00 deg.: X-S =     0.064629 mb/sr,
+                                         /R =   2.0966E+01
   152.00 deg.: X-S =     0.064467 mb/sr,
+                                         /R =   2.1099E+01
   153.00 deg.: X-S =     0.065649 mb/sr,
+                                         /R =   2.1670E+01
   154.00 deg.: X-S =     0.068143 mb/sr,
+                                         /R =   2.2679E+01
   155.00 deg.: X-S =     0.071907 mb/sr,
+                                         /R =   2.4122E+01
   156.00 deg.: X-S =     0.076886 mb/sr,
+                                         /R =   2.5988E+01
   157.00 deg.: X-S =     0.083012 mb/sr,
+                                         /R =   2.8263E+01
   158.00 deg.: X-S =     0.090206 mb/sr,
+                                         /R =   3.0927E+01
   159.00 deg.: X-S =     0.098380 mb/sr,
+                                         /R =   3.3953E+01
   160.00 deg.: X-S =     0.107432 mb/sr,
+                                         /R =   3.7312E+01
   161.00 deg.: X-S =     0.117252 mb/sr,
+                                         /R =   4.0968E+01
   162.00 deg.: X-S =     0.127723 mb/sr,
+                                         /R =   4.4881E+01
   163.00 deg.: X-S =     0.138718 mb/sr,
+                                         /R =   4.9007E+01
   164.00 deg.: X-S =     0.150105 mb/sr,
+                                         /R =   5.3299E+01
   165.00 deg.: X-S =     0.161747 mb/sr,
+                                         /R =   5.7706E+01
   166.00 deg.: X-S =     0.173503 mb/sr,
+                                         /R =   6.2176E+01
   167.00 deg.: X-S =     0.185232 mb/sr,
+                                         /R =   6.6654E+01
   168.00 deg.: X-S =     0.196791 mb/sr,
+                                         /R =   7.1085E+01
   169.00 deg.: X-S =     0.208041 mb/sr,
+                                         /R =   7.5413E+01
   170.00 deg.: X-S =     0.218843 mb/sr,
+                                         /R =   7.9583E+01
   171.00 deg.: X-S =     0.229065 mb/sr,
+                                         /R =   8.3543E+01
   172.00 deg.: X-S =     0.238583 mb/sr,
+                                         /R =   8.7240E+01
   173.00 deg.: X-S =     0.247280 mb/sr,
+                                         /R =   9.0627E+01
   174.00 deg.: X-S =     0.255048 mb/sr,
+                                         /R =   9.3659E+01
   175.00 deg.: X-S =     0.261791 mb/sr,
+                                         /R =   9.6297E+01
   176.00 deg.: X-S =     0.267427 mb/sr,
+                                         /R =   9.8505E+01
   177.00 deg.: X-S =     0.271884 mb/sr,
+                                         /R =   1.0025E+02
   178.00 deg.: X-S =     0.275108 mb/sr,
+                                         /R =   1.0152E+02
   179.00 deg.: X-S =     0.277058 mb/sr,
+                                         /R =   1.0229E+02
   179.99 deg.: X-S =     0.277711 mb/sr,
+                                         /R =   1.0254E+02
                                           Integrated********** mb, over [   0.000, 180.000] at   175.0000 MeV 
 Finished all xsecs @    3.12500000E-02

  The following files have been created:
   3:local copy of User input.            6:standard output.                   
  13:total cross sections/state.         39:cross sections for each Ecm.       
  40:all cross sectns. for each Elab.    56:Fusion for each Jtotal.            

 PARAMETERS : MAXQRN   MFNL   MLOC  LMAX1 MCLIST
    ALLOWED :      1      4      4    170      6
    REQUIRED:      0      0      4     13      4


 ACCURACY ANALYSIS at   175.000 MeV :

  Elastic h*k = 0.050 so OK       compared with 0.200

   Real(S-el) > 0.01 first at J =       3.0
   Real(S-el) > 0.10 first at J =       3.0
   Real(S-el) > 0.50 first at J =       4.0
   Real(S-el) > 0.90 first at J =       5.0
   Real(S-el) > 0.99 first at J =       7.0
   R-turn =     9.20 fm    at J =      11.0

 Forward-angle excitation cut off below   0.411 deg by max JT =      11.0
                              and below   0.075 deg by max R.

 Total CPU  0 time =       0.03 seconds
