 FRESCO - FRES 3.4: Coupled Reaction Channels
 Assuming NAMELIST input.

 Test reaction with generated potential                                          

   0.040  50.000   0.500   0.000   0.000   0.000   0.000   0.000   0.000   0.000

 Centre-of-mass Range is   1252 * 0.0400 fm., Maximum at  50.00 fm., Interpolating NL forms every  0.52 fm.
 Non - locality width is      4 * 0.0400 fm., Maximum of   0.12 fm., Centred at  0.00 fm.
 2-Nucleon Separation of      0 * 0.5200 fm., Maximum of   0.00 fm., Minimum at  0.00 fm.
 Maximum single particle bins of 49.9200 fm.
               M,Mint =         1251        1249


 Range of total J is     0.0 <= J <=   150.0 (at least     0.0) and Absorbtion =>     0.1000 mb.
 Dry Run = F, CC set limits =  0  0, Relativistic kinematics =  , Both/Far/Near Analyses =  1                     

 Cross Sections (and up to T0 for 0=projectile) for Theta from   0.0 to 180.0 in steps of  1.0 degrees, DGAM=0,  Coordinates = 0 (Mads)

 Lower Radial Cutoff = maximum of -1.60*L*h &       0.0 fm.,  Lower Cutoff for Couplings =   0.0  fm.


 Iterate Couplings between   0 and   0 times, to  0.000 % if sooner.                                          
  Block solved exactly =   0 chs., with Pade = 0 & Isocen =  =0, NOSOL = F, initwf =  0
  NL quadrature with   18 Gaussian points, Calculate multipoles up to   156 from   0
  M-transfers for lp+lt greater than or equal to  6, Angular Integration Cutoff below  2.7778 %


 Trace switches are :  CHANS =  0, LISTCC =  0, TRENEG =  0, CDETR =  0, SMATS =  0, XSTABL =  0, NLPL =  0

                       WAVES =  0, LAMPL =  0, VEFF =  0, KFUS =  0, WDISK =  0, BPM =  0, MELFIL =  0

                       CDCC =  0, NFUS =  0

 Using unit mass = 1.000000 amu and 1/fine-structure constant = 137.03599 ( 1.000000 * true ) with hc = 197.32705 MeV.fm,
  thus 2*amu/hbar^2 = 0.0478450 = 1/20.9008 and Coulomb constant = 0.1574855 so e^2 = 1.43997, and nuclear magneton= 0.1261183

 Now pre-scan input and save to file 3



 *********** PARTITION NUMBER  1 ******************************************************************************************

   PROJ=3He        MASS=  3.0000 Z=   2.0,        # STATES=    1T, TARG=p        MASS=  1.0000 Z=   1.0,     Q-VALUE =   0.0000 MEV.

     1:  J= 0.5+ (B# 1), E=  0.0000, K= 0.5              Potl#  1       J= 0.5+ (B# 1), E=  0.0000, K= 0.5    


 ************************************************************************************************************************************

 The following POTENTIALS are defined :

  KP#       TYPE      IT    SHAPE      at     V1        r1        a1        V2        r2        a2        A-in     A-used


                                            A#1       A#2        r0c       ac                                                h @ 1
    1    0=Coulomb       0=CHARGE (WS)  1     1.000     1.000    3.0528    0.0000    0.0000    0.0000     0.000     8.000   0.04000

    1    1=Volume        0=Woods-Saxon  2   70.0000    1.2500    0.6500   15.0000    1.2500    0.6500     0.000     8.000

    1    2=Surface       0=Woods-Saxon  3    0.0000    0.0000    0.0000    5.0000    1.3000    0.6500     0.000     8.000

    1    3=Projtl S.O.   0=Woods-Saxon  4    3.0000    1.0000    0.6500    0.0000    0.0000    0.0000     0.000     8.000

 Incoming partition  1 in excitation state # 1,   Laboratory Energy given for partition  1 Nucleus 1 in Excitation pair 1

0Lab. ENERGY ranges :

   from    315.000     to   0.00000     in     0 intervals
   from    0.00000     to   0.00000     in     0 intervals
   from    0.00000     to   0.00000     in     0 intervals

 Largest real,imaginary parts of any form factor at R=   49.60 are   2.90E-02  7.91E-31 MeV
 Finished all Couplings @    0.00000000               4

 Symmetric Hamiltonian
1***********************************************************************************************************************************
************************************************************************************************************************************

        INCOMING 3He      ;    LABORATORY 3He      ENERGY =   315.00     MeV.

 ***********************************************************************************************************************************
 ***********************************************************************************************************************************


  NOTE: Coulomb excitation cut off below   0.023 deg by JTMAX, and below   0.042 deg by Rmax

 Allocate arrays for            2  channels, of which            1  need wfs.
 Allocate arrays for            2  channels, of which            2  need wfs.
 Reaction Xsec    13.0+/12 @ 1 =   0.217 , Out:   0.000#
 Reaction Xsec    13.0+/14 @ 2 =   0.039 , Out:   0.000#
 Reaction Xsec    13.0-/13 @ 1 =   0.092 , Out:   0.000#
 Reaction Xsec    13.0-/13 @ 2 =   0.093 , Out:   0.000#
 Finished all CC sets @    1.56250000E-02
0CUMULATIVE REACTION cross section                 =  420.50696  <L> =     4.52  <L**2> =     25.1
0CUMULATIVE outgoing cross sections in partition 1 :    0.00000
0Cumulative ABSORBTION by Imaginary Potentials     =  420.50696  <L> =     4.52  <L**2> =     25.1
   Fusion for specific 3He      M-states :  415.938540  415.938540
0CUMULATIVE OUTGOING cross section                 =    0.00000
 To convert to S-factors (MeV.mb = keV.b),  multiply by  9.5527E+01


 CROSS SECTIONS FOR OUTGOING 3He      & p        in state #   1 with spins & parities 0.5  + &  0.5  +;  0

     0.01 deg.: X-S =   1.4413E+13 mb/sr,
+                                         /R =   9.9998E-01
     1.00 deg.: X-S =   1.2672E+05 mb/sr,
+                                         /R =   8.7919E-01
     2.00 deg.: X-S =  6629.213248 mb/sr,
+                                         /R =   7.3577E-01
     3.00 deg.: X-S =  1995.853821 mb/sr,
+                                         /R =   1.1211E+00
     4.00 deg.: X-S =  1615.232321 mb/sr,
+                                         /R =   2.8666E+00
     5.00 deg.: X-S =  1616.471877 mb/sr,
+                                         /R =   7.0007E+00
     6.00 deg.: X-S =  1631.009671 mb/sr,
+                                         /R =   1.4639E+01
     7.00 deg.: X-S =  1616.453109 mb/sr,
+                                         /R =   2.6861E+01
     8.00 deg.: X-S =  1573.967377 mb/sr,
+                                         /R =   4.4585E+01
     9.00 deg.: X-S =  1510.058470 mb/sr,
+                                         /R =   6.8458E+01
    10.00 deg.: X-S =  1430.699540 mb/sr,
+                                         /R =   9.8762E+01
    11.00 deg.: X-S =  1340.695915 mb/sr,
+                                         /R =   1.3536E+02
    12.00 deg.: X-S =  1243.878411 mb/sr,
+                                         /R =   1.7765E+02
    13.00 deg.: X-S =  1143.344119 mb/sr,
+                                         /R =   2.2463E+02
    14.00 deg.: X-S =  1041.629074 mb/sr,
+                                         /R =   2.7488E+02
    15.00 deg.: X-S =   940.818923 mb/sr,
+                                         /R =   3.2670E+02
    16.00 deg.: X-S =   842.618835 mb/sr,
+                                         /R =   3.7819E+02
    17.00 deg.: X-S =   748.399649 mb/sr,
+                                         /R =   4.2737E+02
    18.00 deg.: X-S =   659.231424 mb/sr,
+                                         /R =   4.7231E+02
    19.00 deg.: X-S =   575.911129 mb/sr,
+                                         /R =   5.1127E+02
    20.00 deg.: X-S =   498.988301 mb/sr,
+                                         /R =   5.4279E+02
    21.00 deg.: X-S =   428.790587 mb/sr,
+                                         /R =   5.6576E+02
    22.00 deg.: X-S =   365.449925 mb/sr,
+                                         /R =   5.7954E+02
    23.00 deg.: X-S =   308.929396 mb/sr,
+                                         /R =   5.8390E+02
    24.00 deg.: X-S =   259.050364 mb/sr,
+                                         /R =   5.7910E+02
    25.00 deg.: X-S =   215.519336 mb/sr,
+                                         /R =   5.6584E+02
    26.00 deg.: X-S =   177.953893 mb/sr,
+                                         /R =   5.4515E+02
    27.00 deg.: X-S =   145.907084 mb/sr,
+                                         /R =   5.1841E+02
    28.00 deg.: X-S =   118.889771 mb/sr,
+                                         /R =   4.8719E+02
    29.00 deg.: X-S =    96.390514 mb/sr,
+                                         /R =   4.5320E+02
    30.00 deg.: X-S =    77.892759 mb/sr,
+                                         /R =   4.1816E+02
    31.00 deg.: X-S =    62.889184 mb/sr,
+                                         /R =   3.8373E+02
    32.00 deg.: X-S =    50.893232 mb/sr,
+                                         /R =   3.5145E+02
    33.00 deg.: X-S =    41.447918 mb/sr,
+                                         /R =   3.2265E+02
    34.00 deg.: X-S =    34.132125 mb/sr,
+                                         /R =   2.9837E+02
    35.00 deg.: X-S =    28.564635 mb/sr,
+                                         /R =   2.7942E+02
    36.00 deg.: X-S =    24.406199 mb/sr,
+                                         /R =   2.6625E+02
    37.00 deg.: X-S =    21.359957 mb/sr,
+                                         /R =   2.5904E+02
    38.00 deg.: X-S =    19.170517 mb/sr,
+                                         /R =   2.5767E+02
    39.00 deg.: X-S =    17.622015 mb/sr,
+                                         /R =   2.6175E+02
    40.00 deg.: X-S =    16.535400 mb/sr,
+                                         /R =   2.7069E+02
    41.00 deg.: X-S =    15.765219 mb/sr,
+                                         /R =   2.8370E+02
    42.00 deg.: X-S =    15.196099 mb/sr,
+                                         /R =   2.9985E+02
    43.00 deg.: X-S =    14.739101 mb/sr,
+                                         /R =   3.1815E+02
    44.00 deg.: X-S =    14.328088 mb/sr,
+                                         /R =   3.3756E+02
    45.00 deg.: X-S =    13.916220 mb/sr,
+                                         /R =   3.5706E+02
    46.00 deg.: X-S =    13.472646 mb/sr,
+                                         /R =   3.7568E+02
    47.00 deg.: X-S =    12.979462 mb/sr,
+                                         /R =   3.9257E+02
    48.00 deg.: X-S =    12.428951 mb/sr,
+                                         /R =   4.0695E+02
    49.00 deg.: X-S =    11.821147 mb/sr,
+                                         /R =   4.1824E+02
    50.00 deg.: X-S =    11.161703 mb/sr,
+                                         /R =   4.2597E+02
    51.00 deg.: X-S =    10.460085 mb/sr,
+                                         /R =   4.2986E+02
    52.00 deg.: X-S =     9.728049 mb/sr,
+                                         /R =   4.2978E+02
    53.00 deg.: X-S =     8.978414 mb/sr,
+                                         /R =   4.2576E+02
    54.00 deg.: X-S =     8.224085 mb/sr,
+                                         /R =   4.1796E+02
    55.00 deg.: X-S =     7.477315 mb/sr,
+                                         /R =   4.0665E+02
    56.00 deg.: X-S =     6.749174 mb/sr,
+                                         /R =   3.9223E+02
    57.00 deg.: X-S =     6.049197 mb/sr,
+                                         /R =   3.7515E+02
    58.00 deg.: X-S =     5.385193 mb/sr,
+                                         /R =   3.5591E+02
    59.00 deg.: X-S =     4.763170 mb/sr,
+                                         /R =   3.3505E+02
    60.00 deg.: X-S =     4.187368 mb/sr,
+                                         /R =   3.1310E+02
    61.00 deg.: X-S =     3.660369 mb/sr,
+                                         /R =   2.9057E+02
    62.00 deg.: X-S =     3.183260 mb/sr,
+                                         /R =   2.6797E+02
    63.00 deg.: X-S =     2.755826 mb/sr,
+                                         /R =   2.4573E+02
    64.00 deg.: X-S =     2.376773 mb/sr,
+                                         /R =   2.2422E+02
    65.00 deg.: X-S =     2.043940 mb/sr,
+                                         /R =   2.0379E+02
    66.00 deg.: X-S =     1.754513 mb/sr,
+                                         /R =   1.8469E+02
    67.00 deg.: X-S =     1.505223 mb/sr,
+                                         /R =   1.6712E+02
    68.00 deg.: X-S =     1.292517 mb/sr,
+                                         /R =   1.5120E+02
    69.00 deg.: X-S =     1.112709 mb/sr,
+                                         /R =   1.3701E+02
    70.00 deg.: X-S =     0.962106 mb/sr,
+                                         /R =   1.2458E+02
    71.00 deg.: X-S =     0.837102 mb/sr,
+                                         /R =   1.1388E+02
    72.00 deg.: X-S =     0.734255 mb/sr,
+                                         /R =   1.0485E+02
    73.00 deg.: X-S =     0.650343 mb/sr,
+                                         /R =   9.7398E+01
    74.00 deg.: X-S =     0.582393 mb/sr,
+                                         /R =   9.1396E+01
    75.00 deg.: X-S =     0.527709 mb/sr,
+                                         /R =   8.6704E+01
    76.00 deg.: X-S =     0.483875 mb/sr,
+                                         /R =   8.3168E+01
    77.00 deg.: X-S =     0.448755 mb/sr,
+                                         /R =   8.0624E+01
    78.00 deg.: X-S =     0.420487 mb/sr,
+                                         /R =   7.8904E+01
    79.00 deg.: X-S =     0.397470 mb/sr,
+                                         /R =   7.7840E+01
    80.00 deg.: X-S =     0.378346 mb/sr,
+                                         /R =   7.7271E+01
    81.00 deg.: X-S =     0.361987 mb/sr,
+                                         /R =   7.7042E+01
    82.00 deg.: X-S =     0.347473 mb/sr,
+                                         /R =   7.7010E+01
    83.00 deg.: X-S =     0.334070 mb/sr,
+                                         /R =   7.7047E+01
    84.00 deg.: X-S =     0.321219 mb/sr,
+                                         /R =   7.7037E+01
    85.00 deg.: X-S =     0.308506 mb/sr,
+                                         /R =   7.6887E+01
    86.00 deg.: X-S =     0.295649 mb/sr,
+                                         /R =   7.6518E+01
    87.00 deg.: X-S =     0.282476 mb/sr,
+                                         /R =   7.5873E+01
    88.00 deg.: X-S =     0.268910 mb/sr,
+                                         /R =   7.4912E+01
    89.00 deg.: X-S =     0.254945 mb/sr,
+                                         /R =   7.3612E+01
    90.00 deg.: X-S =     0.240633 mb/sr,
+                                         /R =   7.1970E+01
    91.00 deg.: X-S =     0.226069 mb/sr,
+                                         /R =   6.9995E+01
    92.00 deg.: X-S =     0.211372 mb/sr,
+                                         /R =   6.7708E+01
    93.00 deg.: X-S =     0.196680 mb/sr,
+                                         /R =   6.5143E+01
    94.00 deg.: X-S =     0.182131 mb/sr,
+                                         /R =   6.2338E+01
    95.00 deg.: X-S =     0.167860 mb/sr,
+                                         /R =   5.9337E+01
    96.00 deg.: X-S =     0.153991 mb/sr,
+                                         /R =   5.6189E+01
    97.00 deg.: X-S =     0.140634 mb/sr,
+                                         /R =   5.2939E+01
    98.00 deg.: X-S =     0.127878 mb/sr,
+                                         /R =   4.9633E+01
    99.00 deg.: X-S =     0.115794 mb/sr,
+                                         /R =   4.6315E+01
   100.00 deg.: X-S =     0.104434 mb/sr,
+                                         /R =   4.3025E+01
   101.00 deg.: X-S =     0.093833 mb/sr,
+                                         /R =   3.9796E+01
   102.00 deg.: X-S =     0.084007 mb/sr,
+                                         /R =   3.6659E+01
   103.00 deg.: X-S =     0.074961 mb/sr,
+                                         /R =   3.3641E+01
   104.00 deg.: X-S =     0.066687 mb/sr,
+                                         /R =   3.0763E+01
   105.00 deg.: X-S =     0.059167 mb/sr,
+                                         /R =   2.8042E+01
   106.00 deg.: X-S =     0.052377 mb/sr,
+                                         /R =   2.5491E+01
   107.00 deg.: X-S =     0.046285 mb/sr,
+                                         /R =   2.3121E+01
   108.00 deg.: X-S =     0.040856 mb/sr,
+                                         /R =   2.0938E+01
   109.00 deg.: X-S =     0.036051 mb/sr,
+                                         /R =   1.8946E+01
   110.00 deg.: X-S =     0.031831 mb/sr,
+                                         /R =   1.7146E+01
   111.00 deg.: X-S =     0.028152 mb/sr,
+                                         /R =   1.5536E+01
   112.00 deg.: X-S =     0.024972 mb/sr,
+                                         /R =   1.4112E+01
   113.00 deg.: X-S =     0.022246 mb/sr,
+                                         /R =   1.2869E+01
   114.00 deg.: X-S =     0.019932 mb/sr,
+                                         /R =   1.1797E+01
   115.00 deg.: X-S =     0.017986 mb/sr,
+                                         /R =   1.0887E+01
   116.00 deg.: X-S =     0.016366 mb/sr,
+                                         /R =   1.0127E+01
   117.00 deg.: X-S =     0.015031 mb/sr,
+                                         /R =   9.5043E+00
   118.00 deg.: X-S =     0.013944 mb/sr,
+                                         /R =   9.0052E+00
   119.00 deg.: X-S =     0.013065 mb/sr,
+                                         /R =   8.6149E+00
   120.00 deg.: X-S =     0.012361 mb/sr,
+                                         /R =   8.3186E+00
   121.00 deg.: X-S =     0.011801 mb/sr,
+                                         /R =   8.1013E+00
   122.00 deg.: X-S =     0.011354 mb/sr,
+                                         /R =   7.9484E+00
   123.00 deg.: X-S =     0.010995 mb/sr,
+                                         /R =   7.8460E+00
   124.00 deg.: X-S =     0.010702 mb/sr,
+                                         /R =   7.7813E+00
   125.00 deg.: X-S =     0.010455 mb/sr,
+                                         /R =   7.7425E+00
   126.00 deg.: X-S =     0.010238 mb/sr,
+                                         /R =   7.7194E+00
   127.00 deg.: X-S =     0.010038 mb/sr,
+                                         /R =   7.7033E+00
   128.00 deg.: X-S =     0.009846 mb/sr,
+                                         /R =   7.6871E+00
   129.00 deg.: X-S =     0.009654 mb/sr,
+                                         /R =   7.6652E+00
   130.00 deg.: X-S =     0.009457 mb/sr,
+                                         /R =   7.6332E+00
   131.00 deg.: X-S =     0.009251 mb/sr,
+                                         /R =   7.5880E+00
   132.00 deg.: X-S =     0.009033 mb/sr,
+                                         /R =   7.5271E+00
   133.00 deg.: X-S =     0.008803 mb/sr,
+                                         /R =   7.4490E+00
   134.00 deg.: X-S =     0.008560 mb/sr,
+                                         /R =   7.3522E+00
   135.00 deg.: X-S =     0.008302 mb/sr,
+                                         /R =   7.2357E+00
   136.00 deg.: X-S =     0.008029 mb/sr,
+                                         /R =   7.0987E+00
   137.00 deg.: X-S =     0.007741 mb/sr,
+                                         /R =   6.9405E+00
   138.00 deg.: X-S =     0.007439 mb/sr,
+                                         /R =   6.7608E+00
   139.00 deg.: X-S =     0.007123 mb/sr,
+                                         /R =   6.5596E+00
   140.00 deg.: X-S =     0.006794 mb/sr,
+                                         /R =   6.3374E+00
   141.00 deg.: X-S =     0.006453 mb/sr,
+                                         /R =   6.0952E+00
   142.00 deg.: X-S =     0.006102 mb/sr,
+                                         /R =   5.8349E+00
   143.00 deg.: X-S =     0.005745 mb/sr,
+                                         /R =   5.5586E+00
   144.00 deg.: X-S =     0.005384 mb/sr,
+                                         /R =   5.2693E+00
   145.00 deg.: X-S =     0.005022 mb/sr,
+                                         /R =   4.9703E+00
   146.00 deg.: X-S =     0.004662 mb/sr,
+                                         /R =   4.6651E+00
   147.00 deg.: X-S =     0.004309 mb/sr,
+                                         /R =   4.3572E+00
   148.00 deg.: X-S =     0.003965 mb/sr,
+                                         /R =   4.0502E+00
   149.00 deg.: X-S =     0.003633 mb/sr,
+                                         /R =   3.7475E+00
   150.00 deg.: X-S =     0.003315 mb/sr,
+                                         /R =   3.4524E+00
   151.00 deg.: X-S =     0.003014 mb/sr,
+                                         /R =   3.1678E+00
   152.00 deg.: X-S =     0.002732 mb/sr,
+                                         /R =   2.8967E+00
   153.00 deg.: X-S =     0.002470 mb/sr,
+                                         /R =   2.6418E+00
   154.00 deg.: X-S =     0.002231 mb/sr,
+                                         /R =   2.4056E+00
   155.00 deg.: X-S =     0.002015 mb/sr,
+                                         /R =   2.1906E+00
   156.00 deg.: X-S =     0.001825 mb/sr,
+                                         /R =   1.9990E+00
   157.00 deg.: X-S =     0.001661 mb/sr,
+                                         /R =   1.8326E+00
   158.00 deg.: X-S =     0.001524 mb/sr,
+                                         /R =   1.6928E+00
   159.00 deg.: X-S =     0.001413 mb/sr,
+                                         /R =   1.5803E+00
   160.00 deg.: X-S =     0.001329 mb/sr,
+                                         /R =   1.4952E+00
   161.00 deg.: X-S =     0.001269 mb/sr,
+                                         /R =   1.4368E+00
   162.00 deg.: X-S =     0.001233 mb/sr,
+                                         /R =   1.4036E+00
   163.00 deg.: X-S =     0.001218 mb/sr,
+                                         /R =   1.3936E+00
   164.00 deg.: X-S =     0.001221 mb/sr,
+                                         /R =   1.4045E+00
   165.00 deg.: X-S =     0.001240 mb/sr,
+                                         /R =   1.4336E+00
   166.00 deg.: X-S =     0.001273 mb/sr,
+                                         /R =   1.4781E+00
   167.00 deg.: X-S =     0.001317 mb/sr,
+                                         /R =   1.5355E+00
   168.00 deg.: X-S =     0.001370 mb/sr,
+                                         /R =   1.6034E+00
   169.00 deg.: X-S =     0.001430 mb/sr,
+                                         /R =   1.6797E+00
   170.00 deg.: X-S =     0.001496 mb/sr,
+                                         /R =   1.7624E+00
   171.00 deg.: X-S =     0.001565 mb/sr,
+                                         /R =   1.8494E+00
   172.00 deg.: X-S =     0.001636 mb/sr,
+                                         /R =   1.9387E+00
   173.00 deg.: X-S =     0.001708 mb/sr,
+                                         /R =   2.0279E+00
   174.00 deg.: X-S =     0.001777 mb/sr,
+                                         /R =   2.1144E+00
   175.00 deg.: X-S =     0.001842 mb/sr,
+                                         /R =   2.1951E+00
   176.00 deg.: X-S =     0.001899 mb/sr,
+                                         /R =   2.2669E+00
   177.00 deg.: X-S =     0.001948 mb/sr,
+                                         /R =   2.3267E+00
   178.00 deg.: X-S =     0.001984 mb/sr,
+                                         /R =   2.3718E+00
   179.00 deg.: X-S =     0.002006 mb/sr,
+                                         /R =   2.3998E+00
   179.99 deg.: X-S =     0.002014 mb/sr,
+                                         /R =   2.4093E+00
                                           Integrated********** mb, over [   0.000, 180.000] at   315.0000 MeV 
 Finished all xsecs @    3.12500000E-02

  The following files have been created:
   3:local copy of User input.            6:standard output.                   
  13:total cross sections/state.         39:cross sections for each Ecm.       
  40:all cross sectns. for each Elab.    56:Fusion for each Jtotal.            

 PARAMETERS : MAXQRN   MFNL   MLOC  LMAX1 MCLIST
    ALLOWED :      1      4      4    170      6
    REQUIRED:      0      0      4     15      4


 ACCURACY ANALYSIS at   315.000 MeV :

  Elastic h*k = 0.067 so OK       compared with 0.200

   Real(S-el) > 0.01 first at J =       3.0
   Real(S-el) > 0.10 first at J =       4.0
   Real(S-el) > 0.50 first at J =       5.0
   Real(S-el) > 0.90 first at J =       7.0
   Real(S-el) > 0.99 first at J =       9.0
   R-turn =     8.04 fm    at J =      13.0

 Forward-angle excitation cut off below   0.261 deg by max JT =      13.0
                              and below   0.042 deg by max R.

 Total CPU  0 time =       0.05 seconds
