 FRESCO - FRES 3.4: Coupled Reaction Channels
 Assuming NAMELIST input.

 4He(4He,p)7Li  E=120 MeV  Q=-17.346  [he4_he4_p_li7]                            

   0.050  30.000   0.250   0.100  25.000   0.000   0.000   0.000   0.000   0.000

 Centre-of-mass Range is    602 * 0.0500 fm., Maximum at  30.00 fm., Interpolating NL forms every  0.25 fm.
 Non - locality width is    251 * 0.1000 fm., Maximum of  25.00 fm., Centred at  0.00 fm.
 2-Nucleon Separation of      0 * 0.2500 fm., Maximum of   0.00 fm., Minimum at  0.00 fm.
 Maximum single particle bins of 30.0000 fm.
               M,Mint =          601         601


 Range of total J is     0.0 <= J <=    80.0 (at least     0.0) and Absorbtion =>    -1.0000 mb.
 Dry Run = F, CC set limits =  0  0, Relativistic kinematics = a, Both/Far/Near Analyses =  1                     

 Cross Sections (and up to T0 for 0=projectile) for Theta from   0.0 to 180.0 in steps of  1.0 degrees, DGAM=0,  Coordinates = 0 (Mads)

 Lower Radial Cutoff = maximum of  3.00*L*h &       0.0 fm.,  Lower Cutoff for Couplings =   0.0  fm.


 Iterate Couplings between   1 and   1 times, to  0.000 % if sooner.                                          
  Block solved exactly =   0 chs., with Pade = 0 & Isocen =  =0, NOSOL = F, initwf =  0
  NL quadrature with   18 Gaussian points, Calculate multipoles up to    86 from   0
  M-transfers for lp+lt greater than or equal to  6, Angular Integration Cutoff below  2.7778 %


 Trace switches are :  CHANS =  1, LISTCC =  0, TRENEG =  0, CDETR =  0, SMATS =  2, XSTABL =  1, NLPL =  0

                       WAVES =  0, LAMPL =  0, VEFF =  0, KFUS =  0, WDISK =  0, BPM =  0, MELFIL =  0

                       CDCC =  0, NFUS =  0

 Using unit mass = 1.000000 amu and 1/fine-structure constant = 137.03599 ( 1.000000 * true ) with hc = 197.32705 MeV.fm,
  thus 2*amu/hbar^2 = 0.0478450 = 1/20.9008 and Coulomb constant = 0.1574855 so e^2 = 1.43997, and nuclear magneton= 0.1261183

 Now pre-scan input and save to file 3



 *********** PARTITION NUMBER  1 ******************************************************************************************

   PROJ=4He        MASS=  4.0000 Z=   2.0,        # STATES=    1T, TARG=4He      MASS=  4.0000 Z=   2.0,     Q-VALUE =   0.0000 MEV.

     1:  J= 0.0+ (B# 1), E=  0.0000, K= 0.0              Potl#  1       J= 0.0+ (B# 1), E=  0.0000, K= 0.0    


 *********** PARTITION NUMBER  2 ******************************************************************************************

   PROJ=p          MASS=  1.0000 Z=   1.0,        # STATES=    1T, TARG=7Li      MASS=  7.0000 Z=   3.0,     Q-VALUE = -17.3460 MEV.

     1:  J= 0.5+ (B# 1), E=  0.0000, K= 0.5              Potl#  2       J= 1.5- (B#-1), E=  0.0000, K= 0.5    
0****** WARNING : COMPARED WITH PARTITION  1, THIS PARTITION HAS TOTAL MASS & CHARGE EXCESSES  -0.01862 &   0.0000


 ************************************************************************************************************************************

 The following POTENTIALS are defined :

  KP#       TYPE      IT    SHAPE      at     V1        r1        a1        V2        r2        a2        A-in     A-used


                                            A#1       A#2        r0c       ac                                                h @ 1
    1    0=Coulomb       0=CHARGE (WS)  1     4.000     4.000    1.4000    0.0000    0.0000    0.0000     0.000    32.000   0.05000

    1    1=Volume        0=Woods-Saxon  2  120.0000    1.4000    0.5500   15.0000    1.4000    0.5500     0.000    32.000
   --------------------------------------------------------------------------------------------------------------------

                                            A#1       A#2        r0c       ac                                                h @ 2
    2    0=Coulomb       0=CHARGE (WS)  3     1.000     7.000    1.3000    0.0000    0.0000    0.0000     0.000    24.717   0.05000

    2    1=Volume        0=Woods-Saxon  4   50.0000    1.2000    0.6000    0.0000    1.2000    0.6000     0.000    24.717

    2    2=Surface       0=Woods-Saxon  5    0.0000    0.0000    0.0000    8.0000    1.3000    0.5000     0.000    24.717

    2    3=Projtl S.O.   0=Woods-Saxon  6    5.5000    1.0000    0.5000    0.0000    0.0000    0.0000     0.000    24.717
   --------------------------------------------------------------------------------------------------------------------

    3    1=Volume        0=Woods-Saxon  7   50.0000    1.2500    0.6500    0.0000    0.0000    0.0000     0.000    24.717

    3    3=Projtl S.O.   0=Woods-Saxon  8    6.0000    1.2500    0.6500    0.0000    0.0000    0.0000     0.000    24.717
   --------------------------------------------------------------------------------------------------------------------

    4    1=Volume        0=Woods-Saxon  9   50.0000    1.2500    0.6500    0.0000    0.0000    0.0000     0.000    24.717

    4    3=Projtl S.O.   0=Woods-Saxon 10    6.0000    1.2500    0.6500    0.0000    0.0000    0.0000     0.000    24.717


 ************************************************************************************************************************************

 The following SINGLE-PARTICLE FORM FACTORS are constructed :


 No.   P1 P2 IN KIND T N  L  S1 IA J/S  IB BIND XFER  BE    SC PC FIL AFRAC Adjust  to  Z  Mass   K     Norm    rms      D0     D   ANC/Gsp

    1:  2  1  1  0     2  1 0.5  1 1.5   0   3   0   2.4670  1  0  0 0.0000 VR  1.5786; 1. 3.000 0.2975 1.0000  5.004  190.0  268.8 -1.8267

    2:  1  2  2  0     1  0 0.5  1 0.5   0   4   0  19.8140  1  0  0 0.0000 VR  0.5842; 1. 3.000 1.2748 1.0000  2.233 -326.2-1775.8 61.4156

 ************************************************************************************************************************************

 TWO-way COUPLING # 1 for partitions  2 <-  1 of KIND  7,   0 -1  5 -1 -1 & P1,P2 =    0.0000   0.0000 : for J <=    80.5 & R <  29.8 fm.


 data =  1  1  1  2  1.0000,  so  < [4He      #  1] / [p        #  1]  * Eigen-form #  2>  =   1.0000            BE = 19.814     2



 **** WARNING *** -- FORM FACTOR  2 WAS ORIGINALLY DEFINED FOR A  7Li      / 4He      OVERLAP ****   1   2   2   1



 data =  2  1  1  1  1.0000,  so  < [7Li      #  1] / [4He      #  1]  * Eigen-form #  1>  =   1.0000            BE =  2.467     1



 **** WARNING *** -- FORM FACTOR  1 WAS ORIGINALLY DEFINED FOR A  4He      / p        OVERLAP ****   2   1   1   2


 KNT =   1, KNP =   2: NK,NG,loc=   1   1   1  11  T  T  F

     So FINITE-RANGE TRANSFER : IP1 = 0 (POST    ), IP2=-1 =COMPLEX     ,  for   1 pairs of bound states summed into   1 pairs
      The main coupling potential is that binding the transferred particle to the p        core.

          Using between p        & 4He      the potential No.   5, and subtracting optical potential No.  2

   A real*8 is            8  bytes
   NLL,NLN,NLO =         120         121         251
0File   9 needs RL =   60240    REAL*8 numbers, and NR =    88. i.e.    42.41 Megabytes
   File            9  RECL =      481920
0RECOMMENDED NON-LOCAL WIDTH IS GREATER THAN   10.90 FM.,  RECOMMENDED CENTRATION   1.05, after    0.17 secs.
0Relative non-local usages (rms) are
    0.000   0.000   0.000   0.000   0.000   0.000   0.000   0.000   0.000   0.000   0.000   0.000   0.000   0.000   0.000
    0.000   0.000   0.000   0.000   0.000   0.000   0.000   0.000   0.000   0.000   0.000   0.000   0.000   0.000   0.000
    0.000   0.000   0.000   0.000   0.000   0.000   0.000   0.000   0.000   0.000   0.000   0.000   0.000   0.000   0.000
    0.000   0.000   0.000   0.000   0.000   0.000   0.000   0.000   0.000   0.000   0.000   0.000   0.000   0.000   0.000
    0.001   0.001   0.001   0.001   0.001   0.001   0.002   0.002   0.002   0.003   0.003   0.006   0.009   0.014   0.021
    0.026   0.047   0.062   0.097   0.137   0.168   0.279   0.357   0.516   0.702   0.848   1.271   1.581   2.110   2.725
    3.208   4.362   5.230   6.521   8.001   9.155  11.562  13.399  15.871  18.659  20.818  24.838  27.936  31.763  35.981
   39.225  44.657  48.838  53.622  58.707  62.521  68.337  72.692  77.251  81.875  85.044  89.533  92.521  95.231  97.628
   98.625  99.989 100.000  99.182  97.676  95.266  92.165  88.297  83.585  78.256  72.481  66.424  60.280  54.216  48.270
   42.564  37.229  32.380  28.140  24.606  21.848  19.875  18.615  17.918  17.590  17.456  17.371  17.241  17.009  16.651
   16.165  15.562  14.860  14.082  13.251  12.390  11.518  10.652   9.807   8.992   8.216   7.483   6.798   6.161   5.573
    5.032   4.536   4.084   3.672   3.298   2.959   2.652   2.375   2.126   1.901   1.698   1.516   1.352   1.205   1.073
    0.955   0.849   0.755   0.670   0.594   0.527   0.467   0.413   0.366   0.324   0.286   0.253   0.223   0.197   0.174
    0.153   0.135   0.119   0.105   0.092   0.081   0.072   0.063   0.055   0.049   0.043   0.038   0.033   0.029   0.026
    0.023   0.020   0.018   0.016   0.014   0.012   0.011   0.010   0.008   0.007   0.007   0.006   0.005   0.005   0.004
    0.004   0.003   0.003   0.003   0.002   0.002   0.002   0.002   0.002   0.001   0.001   0.001   0.001   0.001   0.001
    0.001   0.001   0.001   0.001   0.000   0.000   0.000   0.000   0.000   0.000   0.000

 Incoming partition  1 in excitation state # 1,   Laboratory Energy given for partition  1 Nucleus 1 in Excitation pair 1

0Lab. ENERGY ranges :

   from    120.000     to   0.00000     in     0 intervals
   from    0.00000     to   0.00000     in     0 intervals
   from    0.00000     to   0.00000     in     0 intervals

 Largest real,imaginary parts of any form factor at R=   29.50 are   4.88E-02  2.46E-19 MeV
 Finished all Couplings @   0.171875000              10

 Symmetric Hamiltonian
1***********************************************************************************************************************************
************************************************************************************************************************************

        INCOMING 4He      ;    LABORATORY 4He      ENERGY =   120.00     MeV.

 ***********************************************************************************************************************************
 ***********************************************************************************************************************************


  NOTE: Coulomb excitation cut off below   0.164 deg by JTMAX, and below   0.183 deg by Rmax

 Allocate arrays for            2  channels, of which            2  need wfs.

 ######################################################################################################################
 #                                                                                                                    #
 # Total SPIN and PARITY =     0.0 +,      2 channels,    0 in 1st block.  Rmin & Coul turning =    0.0    0.1 fm.  #
 #                                                                                                                    #
 ######################################################################################################################



    C Projectl Target   #   EX.   (L  Proj) J  + Targ = Jtotal     E-cm      Re K     Re Eta     RM*K            CH
    1 4He      4He      #    1: I   0 0.0    0.0  0.0     0.0    60.00000   2.39612   0.11501   71.8837  -0.42376  -0.26613 1 1 1   1
    2 p        7Li      #    1:     1 0.5    1.5  1.5     0.0    43.27470   1.34598   0.06718   40.3795  -0.38189   0.32362 2 1 2   1
   S-matrix    1 =   -0.08921  -0.17331 for L=    0, J=    0.0 channel on core I =   0.0 from L=    0,  Acc. loss =  0.0 D.
 Elastic phase shift   1 =  -58.619  46.844 deg. for the L =    0, J =    0.0 channel.
       0.0 -0.08921097 -0.17330584i: elastic S-matrix  @@      0.00  0   0 F  0
 Reaction Xsec     0.0+/ 0 @ 1 =   5.264 , Out:   0.000#   8.512#   5.264f

 Allocate arrays for            4  channels, of which            4  need wfs.

 Total SPIN, PARITY =     1.0 -,      4 chs,      0 cc.  Rmin & Coul turning =    0.2    0.6
   S-matrix    1 =   -0.14424  -0.13442 for L=    1, J=    1.0 channel on core I =   0.0 from L=    1,  Acc. loss =  0.0 D.
 Elastic phase shift   1 =  -68.509  46.517 deg. for the L =    1, J =    1.0 channel.
       1.0 -0.14423754 -0.13441777i: elastic S-matrix  @@      0.02  0   0 F  0
 Reaction Xsec     1.0-/ 1 @ 1 =  15.777 , Out:   0.000#   0.173/  15.777f

 Allocate arrays for            5  channels, of which            5  need wfs.

 Total SPIN, PARITY =     2.0 +,      5 chs,      0 cc.  Rmin & Coul turning =    0.3    1.1
   S-matrix    1 =   -0.17592  -0.09199 for L=    2, J=    2.0 channel on core I =   0.0 from L=    2,  Acc. loss =  0.0 D.
 Elastic phase shift   1 =  -76.197  46.320 deg. for the L =    2, J =    2.0 channel.
       2.0 -0.17591691 -0.09198823i: elastic S-matrix  @@      0.02  0   0 F  0
 Reaction Xsec     2.0+/ 2 @ 1 =  26.281 , Out:   0.000#   0.071/  26.281f


 Total SPIN, PARITY =     3.0 -,      5 chs,      0 cc.  Rmin & Coul turning =    0.5    1.5
   S-matrix    1 =   -0.19801  -0.03722 for L=    3, J=    3.0 channel on core I =   0.0 from L=    3,  Acc. loss =  0.0 D.
 Elastic phase shift   1 =  -84.677  45.896 deg. for the L =    3, J =    3.0 channel.
       3.0 -0.19800960 -0.03722038i: elastic S-matrix  @@      0.02  0   0 F  0
 Reaction Xsec     3.0-/ 3 @ 1 =  36.748 , Out:   0.000#   0.242/  36.748f


 Total SPIN, PARITY =     4.0 +,      5 chs,      0 cc.  Rmin & Coul turning =    0.6    1.9
   S-matrix    1 =   -0.19986   0.03643 for L=    4, J=    4.0 channel on core I =   0.0 from L=    4,  Acc. loss =  0.0 D.
 Elastic phase shift   1 =   84.835  45.659 deg. for the L =    4, J =    4.0 channel.
       4.0 -0.19985774  0.03642593i: elastic S-matrix  @@      0.02  0   0 F  0
 Reaction Xsec     4.0+/ 4 @ 1 =  47.214 , Out:   0.000#   0.154/  47.214f


 Total SPIN, PARITY =     5.0 -,      5 chs,      0 cc.  Rmin & Coul turning =    0.8    2.3
   S-matrix    1 =   -0.16821   0.12243 for L=    5, J=    5.0 channel on core I =   0.0 from L=    5,  Acc. loss =  0.0 D.
 Elastic phase shift   1 =   71.976  44.976 deg. for the L =    5, J =    5.0 channel.
       5.0 -0.16821419  0.12243038i: elastic S-matrix  @@      0.02  0   0 F  0
 Reaction Xsec     5.0-/ 5 @ 1 =  57.585 , Out:   0.000#   0.096/  57.585f


 Total SPIN, PARITY =     6.0 +,      5 chs,      0 cc.  Rmin & Coul turning =    0.9    2.8
   S-matrix    1 =   -0.08403   0.19349 for L=    6, J=    6.0 channel on core I =   0.0 from L=    6,  Acc. loss =  0.0 D.
 Elastic phase shift   1 =   56.738  44.580 deg. for the L =    6, J =    6.0 channel.
       6.0 -0.08403311  0.19349161i: elastic S-matrix  @@      0.00  0   0 F  0
 Reaction Xsec     6.0+/ 6 @ 1 =  67.968 , Out:   0.000#   0.199/  67.968f


 Total SPIN, PARITY =     7.0 -,      5 chs,      0 cc.  Rmin & Coul turning =    1.1    3.2
   S-matrix    1 =    0.05314   0.21033 for L=    7, J=    7.0 channel on core I =   0.0 from L=    7,  Acc. loss =  0.0 D.
 Elastic phase shift   1 =   37.910  43.778 deg. for the L =    7, J =    7.0 channel.
       7.0  0.05314271  0.21033248i: elastic S-matrix  @@      0.02  0   0 F  0
 Reaction Xsec     7.0-/ 7 @ 1 =  78.214 , Out:   0.000#   0.134/  78.214f


 Total SPIN, PARITY =     8.0 +,      5 chs,      0 cc.  Rmin & Coul turning =    1.2    3.6
   S-matrix    1 =    0.18731   0.12367 for L=    8, J=    8.0 channel on core I =   0.0 from L=    8,  Acc. loss =  0.0 D.
 Elastic phase shift   1 =   16.717  42.802 deg. for the L =    8, J =    8.0 channel.
       8.0  0.18731410  0.12366569i: elastic S-matrix  @@      0.02  0   0 F  0
 Reaction Xsec     8.0+/ 8 @ 1 =  88.335 , Out:   0.000#   0.075/  88.334f


 Total SPIN, PARITY =     9.0 -,      5 chs,      0 cc.  Rmin & Coul turning =    1.4    4.0
   S-matrix    1 =    0.21058  -0.07509 for L=    9, J=    9.0 channel on core I =   0.0 from L=    9,  Acc. loss =  0.0 D.
 Elastic phase shift   1 =   -9.813  42.916 deg. for the L =    9, J =    9.0 channel.
       9.0  0.21057981 -0.07509151i: elastic S-matrix  @@      0.02  0   0 F  0
 Reaction Xsec     9.0-/ 9 @ 1 =  98.768 , Out:   0.000#   0.012/  98.768f


 Total SPIN, PARITY =    10.0 +,      5 chs,      0 cc.  Rmin & Coul turning =    1.5    4.4
   S-matrix    1 =    0.03611  -0.24439 for L=   10, J=   10.0 channel on core I =   0.0 from L=   10,  Acc. loss =  0.0 D.
 Elastic phase shift   1 =  -40.798  40.056 deg. for the L =   10, J =   10.0 channel.
      10.0  0.03610796 -0.24438825i: elastic S-matrix  @@      0.02  0   0 F  0
 Reaction Xsec    10.0+/10 @ 1 = 107.895 , Out:   0.000#   1.616# 107.895f


 Total SPIN, PARITY =    11.0 -,      5 chs,      0 cc.  Rmin & Coul turning =    1.7    4.8
   S-matrix    1 =   -0.19516  -0.11985 for L=   11, J=   11.0 channel on core I =   0.0 from L=   11,  Acc. loss =  0.0 D.
 Elastic phase shift   1 =  -74.223  42.226 deg. for the L =   11, J =   11.0 channel.
      11.0 -0.19515556 -0.11984804i: elastic S-matrix  @@      0.02  0   0 F  0
 Reaction Xsec    11.0-/11 @ 1 = 119.251 , Out:   0.000#   0.450# 119.251f


 Total SPIN, PARITY =    12.0 +,      5 chs,      0 cc.  Rmin & Coul turning =    1.8    5.3
   S-matrix    1 =   -0.02812   0.24364 for L=   12, J=   12.0 channel on core I =   0.0 from L=   12,  Acc. loss =  0.0 D.
 Elastic phase shift   1 =   48.292  40.264 deg. for the L =   12, J =   12.0 channel.
      12.0 -0.02812279  0.24363532i: elastic S-matrix  @@      0.02  0   0 F  0
 Reaction Xsec    12.0+/12 @ 1 = 128.567 , Out:   0.000#   0.046# 128.567f


 Total SPIN, PARITY =    13.0 -,      5 chs,      0 cc.  Rmin & Coul turning =    2.0    5.7
   S-matrix    1 =    0.35649   0.13741 for L=   13, J=   13.0 channel on core I =   0.0 from L=   13,  Acc. loss =  0.0 D.
 Elastic phase shift   1 =   10.539  27.565 deg. for the L =   13, J =   13.0 channel.
      13.0  0.35649049  0.13740794i: elastic S-matrix  @@      0.00  0   0 F  0
 Reaction Xsec    13.0-/13 @ 1 = 126.174 , Out:   0.000#   0.002# 126.174f


 Total SPIN, PARITY =    14.0 +,      5 chs,      0 cc.  Rmin & Coul turning =    2.1    6.1
   S-matrix    1 =    0.20899   0.39245 for L=   14, J=   14.0 channel on core I =   0.0 from L=   14,  Acc. loss =  0.0 D.
 Elastic phase shift   1 =   30.982  23.220 deg. for the L =   14, J =   14.0 channel.
      14.0  0.20898529  0.39244917i: elastic S-matrix  @@      0.02  0   0 F  0
 Reaction Xsec    14.0+/14 @ 1 = 127.313 , Out:   0.000#   0.006# 127.313f


 Total SPIN, PARITY =    15.0 -,      5 chs,      0 cc.  Rmin & Coul turning =    2.2    6.5
   S-matrix    1 =    0.82674   0.38139 for L=   15, J=   15.0 channel on core I =   0.0 from L=   15,  Acc. loss =  0.0 D.
 Elastic phase shift   1 =   12.382   2.687 deg. for the L =   15, J =   15.0 channel.
      15.0  0.82674213  0.38138690i: elastic S-matrix  @@      0.02  0   0 F  0
 Reaction Xsec    15.0-/15 @ 1 =  29.013 , Out:   0.000#   0.003#  29.013f


 Total SPIN, PARITY =    16.0 +,      5 chs,      0 cc.  Rmin & Coul turning =    2.4    6.9
   S-matrix    1 =    0.95642   0.17534 for L=   16, J=   16.0 channel on core I =   0.0 from L=   16,  Acc. loss =  0.0 D.
 Elastic phase shift   1 =    5.194   0.803 deg. for the L =   16, J =   16.0 channel.
      16.0  0.95642479  0.17534329i: elastic S-matrix  @@      0.00  0   0 F  0
 Reaction Xsec    16.0+/16 @ 1 =   9.842 , Out:   0.000#   0.009#   9.842f


 Total SPIN, PARITY =    17.0 -,      5 chs,      0 cc.  Rmin & Coul turning =    2.6    7.3
   S-matrix    1 =    0.98528   0.08185 for L=   17, J=   17.0 channel on core I =   0.0 from L=   17,  Acc. loss =  0.0 D.
 Elastic phase shift   1 =    2.375   0.326 deg. for the L =   17, J =   17.0 channel.
      17.0  0.98527622  0.08185394i: elastic S-matrix  @@      0.02  0   0 F  0
 Reaction Xsec    17.0-/17 @ 1 =   4.315 , Out:   0.000#   0.006#   4.315f


 Total SPIN, PARITY =    18.0 +,      5 chs,      0 cc.  Rmin & Coul turning =    2.7    7.8
   S-matrix    1 =    0.99412   0.03901 for L=   18, J=   18.0 channel on core I =   0.0 from L=   18,  Acc. loss =  0.0 D.
 Elastic phase shift   1 =    1.123   0.147 deg. for the L =   18, J =   18.0 channel.
      18.0  0.99411608  0.03900553i: elastic S-matrix  @@      0.02  0   0 F  0
 Reaction Xsec    18.0+/18 @ 1 =   2.067 , Out:   0.000#   0.005#   2.067f


 Total SPIN, PARITY =    19.0 -,      5 chs,      0 cc.  Rmin & Coul turning =    2.9    8.2
   S-matrix    1 =    0.99742   0.01879 for L=   19, J=   19.0 channel on core I =   0.0 from L=   19,  Acc. loss =  0.0 D.
 Elastic phase shift   1 =    0.540   0.069 deg. for the L =   19, J =   19.0 channel.
      19.0  0.99741687  0.01878903i: elastic S-matrix  @@      0.00  0   0 F  0
 Reaction Xsec    19.0-/19 @ 1 =   1.026 , Out:   0.000#   0.009#   1.026f


 Total SPIN, PARITY =    20.0 +,      5 chs,      0 cc.  Rmin & Coul turning =    3.0    8.6
   S-matrix    1 =    0.99881   0.00910 for L=   20, J=   20.0 channel on core I =   0.0 from L=   20,  Acc. loss =  0.0 D.
 Elastic phase shift   1 =    0.261   0.033 deg. for the L =   20, J =   20.0 channel.
      20.0  0.99880732  0.00909766i: elastic S-matrix  @@      0.02  0   0 F  0
 Reaction Xsec    20.0+/20 @ 1 =   0.516 , Out:   0.000#   0.002#   0.516f


 Total SPIN, PARITY =    21.0 -,      5 chs,      0 cc.  Rmin & Coul turning =    3.2    9.0
   S-matrix    1 =    0.99943   0.00442 for L=   21, J=   21.0 channel on core I =   0.0 from L=   21,  Acc. loss =  0.0 D.
 Elastic phase shift   1 =    0.127   0.016 deg. for the L =   21, J =   21.0 channel.
      21.0  0.99943489  0.00441508i: elastic S-matrix  @@      0.02  0   0 F  0
 Reaction Xsec    21.0-/21 @ 1 =   0.261 , Out:   0.000#   0.008#   0.261f


 Total SPIN, PARITY =    22.0 +,      5 chs,      0 cc.  Rmin & Coul turning =    3.3    9.4
   S-matrix    1 =    0.99973   0.00214 for L=   22, J=   22.0 channel on core I =   0.0 from L=   22,  Acc. loss =  0.0 D.
 Elastic phase shift   1 =    0.061   0.008 deg. for the L =   22, J =   22.0 channel.
0****** WARNING : ACCURACY LOSS IN ERWIN = 14.4 DIGITS, SO EXPECT ERRORS OF   0.0001 % OF UNITARITY

      22.0  0.99972880  0.00214432i: elastic S-matrix  @@      0.00  0   0 F  0
 Reaction Xsec    22.0+/22 @ 1 =   0.132 , Out:   0.000#   0.111#   0.132f


 Total SPIN, PARITY =    23.0 -,      5 chs,      0 cc.  Rmin & Coul turning =    3.5    9.9
   S-matrix    1 =    0.99987   0.00104 for L=   23, J=   23.0 channel on core I =   0.0 from L=   23,  Acc. loss =  0.0 D.
 Elastic phase shift   1 =    0.030   0.004 deg. for the L =   23, J =   23.0 channel.
      23.0  0.99986906  0.00104150i: elastic S-matrix  @@      0.02  0   0 F  0
 Reaction Xsec    23.0-/23 @ 1 =   0.067 , Out:   0.000#   0.765#   0.067f


 Total SPIN, PARITY =    24.0 +,      5 chs,      0 cc.  Rmin & Coul turning =    3.6   10.3
   S-matrix    1 =    0.99994   0.00051 for L=   24, J=   24.0 channel on core I =   0.0 from L=   24,  Acc. loss =  0.0 D.
 Elastic phase shift   1 =    0.014   0.002 deg. for the L =   24, J =   24.0 channel.
      24.0  0.99993661  0.00050572i: elastic S-matrix  @@      0.02  0   0 F  0
 Reaction Xsec    24.0+/24 @ 1 =   0.034 , Out:   0.000#   2.704#   0.034f


 Total SPIN, PARITY =    25.0 -,      5 chs,      0 cc.  Rmin & Coul turning =    3.8   10.7
   S-matrix    1 =    0.99997   0.00025 for L=   25, J=   25.0 channel on core I =   0.0 from L=   25,  Acc. loss =  0.0 D.
 Elastic phase shift   1 =    0.007   0.001 deg. for the L =   25, J =   25.0 channel.
      25.0  0.99996928  0.00024545i: elastic S-matrix  @@      0.00  0   0 F  0
 Reaction Xsec    25.0-/25 @ 1 =   0.017 , Out:   0.000#   0.029/   0.017f


 Total SPIN, PARITY =    26.0 +,      5 chs,      0 cc.  Rmin & Coul turning =    3.9   11.1
   S-matrix    1 =    0.99999   0.00012 for L=   26, J=   26.0 channel on core I =   0.0 from L=   26,  Acc. loss =  0.0 D.
 Elastic phase shift   1 =    0.003   0.000 deg. for the L =   26, J =   26.0 channel.
0****** WARNING : ACCURACY LOSS IN ERWIN = 14.5 DIGITS, SO EXPECT ERRORS OF   0.0063 % OF UNITARITY

      26.0  0.99998511  0.00011907i: elastic S-matrix  @@      0.02  0   0 F  0
 Reaction Xsec    26.0+/26 @ 1 =   8.631/, Out:   0.000#   0.473/   0.008f


 Total SPIN, PARITY =    27.0 -,      5 chs,      0 cc.  Rmin & Coul turning =    4.0   11.5
   S-matrix    1 =    0.99999   0.00006 for L=   27, J=   27.0 channel on core I =   0.0 from L=   27,  Acc. loss =  0.0 D.
 Elastic phase shift   1 =    0.002   0.000 deg. for the L =   27, J =   27.0 channel.
      27.0  0.99999279  0.00005775i: elastic S-matrix  @@      0.02  0   0 F  0
 Reaction Xsec    27.0-/27 @ 1 =   4.341/, Out:   0.000#   2.349/   0.002f


 Total SPIN, PARITY =    28.0 +,      5 chs,      0 cc.  Rmin & Coul turning =    4.2   11.9
   S-matrix    1 =    1.00000   0.00003 for L=   28, J=   28.0 channel on core I =   0.0 from L=   28,  Acc. loss =  0.0 D.
 Elastic phase shift   1 =    0.001   0.000 deg. for the L =   28, J =   28.0 channel.
      28.0  0.99999651  0.00002800i: elastic S-matrix  @@      0.00  0   0 F  0
 Reaction Xsec    28.0+/28 @ 1 =   2.179/, Out:   0.000#   3.913/  -0.002f


 Total SPIN, PARITY =    29.0 -,      5 chs,      0 cc.  Rmin & Coul turning =    4.4   12.4
   S-matrix    1 =    1.00000   0.00001 for L=   29, J=   29.0 channel on core I =   0.0 from L=   29,  Acc. loss =  0.0 D.
 Elastic phase shift   1 =    0.000   0.000 deg. for the L =   29, J =   29.0 channel.
      29.0  0.99999831  0.00001358i: elastic S-matrix  @@      0.02  0   0 F  0
 Reaction Xsec    29.0-/29 @ 1 =   1.092/, Out:   0.000#   0.338   -0.336f


 Total SPIN, PARITY =    30.0 +,      5 chs,      0 cc.  Rmin & Coul turning =    4.5   12.8
   S-matrix    1 =    1.00000   0.00001 for L=   30, J=   30.0 channel on core I =   0.0 from L=   30,  Acc. loss =  0.0 D.
 Elastic phase shift   1 =    0.000   0.000 deg. for the L =   30, J =   30.0 channel.
0****** WARNING : ACCURACY LOSS IN ERWIN = 14.4 DIGITS, SO EXPECT ERRORS OF   0.0855 % OF UNITARITY

      30.0  0.99999918  0.00000660i: elastic S-matrix  @@      0.00  0   0 F  0
 Reaction Xsec    30.0+/30 @ 1 =   0.547/, Out:   0.000#   0.041   -0.040f


 Total SPIN, PARITY =    31.0 -,      5 chs,      0 cc.  Rmin & Coul turning =    4.7   13.2
   S-matrix    1 =    1.00000   0.00000 for L=   31, J=   31.0 channel on core I =   0.0 from L=   31,  Acc. loss =  0.0 D.
 Elastic phase shift   1 =    0.000   0.000 deg. for the L =   31, J =   31.0 channel.
      31.0  0.99999960  0.00000321i: elastic S-matrix  @@      0.02  0   0 F  0
 Reaction Xsec    31.0-/31 @ 1 =   0.273/, Out:   0.000#   8.616   -8.616f


 Total SPIN, PARITY =    32.0 +,      5 chs,      0 cc.  Rmin & Coul turning =    4.8   13.6
   S-matrix    1 =    1.00000   0.00000 for L=   32, J=   32.0 channel on core I =   0.0 from L=   32,  Acc. loss =  0.0 D.
 Elastic phase shift   1 =    0.000   0.000 deg. for the L =   32, J =   32.0 channel.
0****** WARNING : ACCURACY LOSS IN ERWIN = 15.1 DIGITS, SO EXPECT ERRORS OF   0.0078 % OF UNITARITY

      32.0  0.99999981  0.00000157i: elastic S-matrix  @@      0.02  0   0 F  0
 Reaction Xsec    32.0+/32 @ 1 =   0.136/, Out:   0.000#   0.992   -0.992f


 Total SPIN, PARITY =    33.0 -,      5 chs,      0 cc.  Rmin & Coul turning =    5.0   14.0
   S-matrix    1 =    1.00000   0.00000 for L=   33, J=   33.0 channel on core I =   0.0 from L=   33,  Acc. loss =  0.0 D.
 Elastic phase shift   1 =    0.000   0.000 deg. for the L =   33, J =   33.0 channel.
      33.0  0.99999991  0.00000078i: elastic S-matrix  @@      0.00  0   0 F  0
 Reaction Xsec    33.0-/33 @ 1 =   0.068/, Out:   0.000#   4.261   -4.261f


 Total SPIN, PARITY =    34.0 +,      5 chs,      0 cc.  Rmin & Coul turning =    5.1   14.4
   S-matrix    1 =    1.00000   0.00000 for L=   34, J=   34.0 channel on core I =   0.0 from L=   34,  Acc. loss =  0.0 D.
 Elastic phase shift   1 =    0.000   0.000 deg. for the L =   34, J =   34.0 channel.
      34.0  0.99999996  0.00000039i: elastic S-matrix  @@      0.02  0   0 F  0
 Reaction Xsec    34.0+/34 @ 1 =   0.034/, Out:   0.000# 265.589 -265.589f


 Total SPIN, PARITY =    35.0 -,      5 chs,      0 cc.  Rmin & Coul turning =    5.2   14.9
   S-matrix    1 =    1.00000   0.00000 for L=   35, J=   35.0 channel on core I =   0.0 from L=   35,  Acc. loss =  0.0 D.
 Elastic phase shift   1 =    0.000   0.000 deg. for the L =   35, J =   35.0 channel.
0****** WARNING : ACCURACY LOSS IN ERWIN = 14.2 DIGITS, SO EXPECT ERRORS OF  12.0603 % OF UNITARITY

   170160606783860.31        181048813805145.12        2.2204460492503131E-016
 Increase lower cutoff: eg CUTL. Continuing.
      35.0  0.99999998  0.00000021i: elastic S-matrix  @@      0.00  0   0 F  0
 Reaction Xsec    35.0-/35 @ 1 =   0.017/, Out:   0.000#2037.666 ********f


 Total SPIN, PARITY =    36.0 +,      5 chs,      0 cc.  Rmin & Coul turning =    5.4   15.3
   S-matrix    1 =    1.00000   0.00000 for L=   36, J=   36.0 channel on core I =   0.0 from L=   36,  Acc. loss =  0.0 D.
 Elastic phase shift   1 =    0.000   0.000 deg. for the L =   36, J =   36.0 channel.
0****** WARNING : ACCURACY LOSS IN ERWIN = 14.3 DIGITS, SO EXPECT ERRORS OF  40.1706 % OF UNITARITY

   210484509937996.88        603040696655083.12        2.2204460492503131E-016
 Increase lower cutoff: eg CUTL. Continuing.
      36.0  0.99999999  0.00000011i: elastic S-matrix  @@      0.02  0   0 F  0
 Reaction Xsec    36.0+/36 @ 1 =   8.325#, Out:   0.000#******** ********f


 Total SPIN, PARITY =    37.0 -,      5 chs,      0 cc.  Rmin & Coul turning =    5.6   15.7
   S-matrix    1 =    1.00000   0.00000 for L=   37, J=   37.0 channel on core I =   0.0 from L=   37,  Acc. loss =  0.0 D.
 Elastic phase shift   1 =    0.000   0.000 deg. for the L =   37, J =   37.0 channel.
0****** WARNING : ACCURACY LOSS IN ERWIN = 14.2 DIGITS, SO EXPECT ERRORS OF   6.1405 % OF UNITARITY

      37.0  0.99999999  0.00000006i: elastic S-matrix  @@      0.02  0   0 F  0
 Reaction Xsec    37.0-/37 @ 1 =   4.127#, Out:   0.000# 674.179 -674.179f


 Total SPIN, PARITY =    38.0 +,      5 chs,      0 cc.  Rmin & Coul turning =    5.7   16.1
   S-matrix    1 =    1.00000   0.00000 for L=   38, J=   38.0 channel on core I =   0.0 from L=   38,  Acc. loss =  0.0 D.
 Elastic phase shift   1 =    0.000   0.000 deg. for the L =   38, J =   38.0 channel.
0****** WARNING : ACCURACY LOSS IN ERWIN = 14.8 DIGITS, SO EXPECT ERRORS OF   1.0333 % OF UNITARITY

      38.0  1.00000000  0.00000005i: elastic S-matrix  @@      0.00  0   0 F  0
 Reaction Xsec    38.0+/38 @ 1 =   2.044#, Out:   0.000#   3.092   -3.092f


 Total SPIN, PARITY =    39.0 -,      5 chs,      0 cc.  Rmin & Coul turning =    5.9   16.5
   S-matrix    1 =    1.00000   0.00000 for L=   39, J=   39.0 channel on core I =   0.0 from L=   39,  Acc. loss =  0.0 D.
 Elastic phase shift   1 =    0.000   0.000 deg. for the L =   39, J =   39.0 channel.
0****** WARNING : ACCURACY LOSS IN ERWIN = 15.0 DIGITS, SO EXPECT ERRORS OF  52.5969 % OF UNITARITY

   915214545396518.75        789584019004956.38        2.2204460492503131E-016
 Increase lower cutoff: eg CUTL. Continuing.
      39.0  1.00000000  0.00000003i: elastic S-matrix  @@      0.02  0   0 F  0
 Reaction Xsec    39.0-/39 @ 1 =   1.011#, Out:   0.000#8009.422 ********f


 Total SPIN, PARITY =    40.0 +,      5 chs,      0 cc.  Rmin & Coul turning =    6.0   16.9
   S-matrix    1 =    1.00000   0.00000 for L=   40, J=   40.0 channel on core I =   0.0 from L=   40,  Acc. loss =  0.0 D.
 Elastic phase shift   1 =    0.000   0.000 deg. for the L =   40, J =   40.0 channel.
0****** WARNING : ACCURACY LOSS IN ERWIN = 14.8 DIGITS, SO EXPECT ERRORS OF 131.3541 % OF UNITARITY

   616650654216253.62        1971888241740447.5        2.2204460492503131E-016
 Increase lower cutoff: eg CUTL. Continuing.
      40.0  1.00000000  0.00000002i: elastic S-matrix  @@      0.00  0   0 F  0
 Reaction Xsec    40.0+/40 @ 1 =   0.500#, Out:   0.000#******** ********f


 Total SPIN, PARITY =    41.0 -,      5 chs,      0 cc.  Rmin & Coul turning =    6.2   17.4
   S-matrix    1 =    1.00000   0.00000 for L=   41, J=   41.0 channel on core I =   0.0 from L=   41,  Acc. loss =  0.0 D.
 Elastic phase shift   1 =    0.000   0.000 deg. for the L =   41, J =   41.0 channel.
0****** WARNING : ACCURACY LOSS IN ERWIN = 14.8 DIGITS, SO EXPECT ERRORS OF 575.3299 % OF UNITARITY

   592091285416867.25        8636851135858783.0        2.2204460492503131E-016
 Increase lower cutoff: eg CUTL. Continuing.
      41.0  1.00000000  0.00000002i: elastic S-matrix  @@      0.02  0   0 F  0
 Reaction Xsec    41.0-/41 @ 1 =   0.247#, Out:   0.000#******** ********f


 Total SPIN, PARITY =    42.0 +,      5 chs,      0 cc.  Rmin & Coul turning =    6.3   17.8
   S-matrix    1 =    1.00000   0.00000 for L=   42, J=   42.0 channel on core I =   0.0 from L=   42,  Acc. loss =  0.0 D.
 Elastic phase shift   1 =    0.000   0.000 deg. for the L =   42, J =   42.0 channel.
0****** WARNING : ACCURACY LOSS IN ERWIN = 15.2 DIGITS, SO EXPECT ERRORS OF 330.3309 % OF UNITARITY

   1559116145400487.2        4958926727396220.0        2.2204460492503131E-016
 Increase lower cutoff: eg CUTL. Continuing.
      42.0  1.00000000  0.00000002i: elastic S-matrix  @@      0.02  0   0 F  0
 Reaction Xsec    42.0+/42 @ 1 =   0.122#, Out:   0.000#******** ********f


 Total SPIN, PARITY =    43.0 -,      5 chs,      0 cc.  Rmin & Coul turning =    6.5   18.2
   S-matrix    1 =    1.00000   0.00000 for L=   43, J=   43.0 channel on core I =   0.0 from L=   43,  Acc. loss =  0.0 D.
 Elastic phase shift   1 =    0.000   0.000 deg. for the L =   43, J =   43.0 channel.
0****** WARNING : ACCURACY LOSS IN ERWIN = 16.7 DIGITS, SO EXPECT ERRORS OF 350.4556 % OF UNITARITY

   44924445434011792.        5261039266392878.0        2.2204460492503131E-016
 Increase lower cutoff: eg CUTL. Continuing.
      43.0  1.00000000  0.00000000i: elastic S-matrix  @@      0.00  0   0 F  0
 Reaction Xsec    43.0-/43 @ 1 =   0.060#, Out:   0.000#9350.094 ********f


 Total SPIN, PARITY =    44.0 +,      5 chs,      0 cc.  Rmin & Coul turning =    6.6   18.6
   S-matrix    1 =    1.00000   0.00000 for L=   44, J=   44.0 channel on core I =   0.0 from L=   44,  Acc. loss =  0.0 D.
 Elastic phase shift   1 =    0.000   0.000 deg. for the L =   44, J =   44.0 channel.
0****** WARNING : ACCURACY LOSS IN ERWIN = 14.9 DIGITS, SO EXPECT ERRORS OF 739.4351 % OF UNITARITY

   801289197180652.12        11100398675100718.        2.2204460492503131E-016
 Increase lower cutoff: eg CUTL. Continuing.
      44.0  1.00000000  0.00000001i: elastic S-matrix  @@      0.02  0   0 F  0
 Reaction Xsec    44.0+/44 @ 1 =   0.030#, Out:   0.000#******** ********f


 Total SPIN, PARITY =    45.0 -,      5 chs,      0 cc.  Rmin & Coul turning =    6.8   19.0
   S-matrix    1 =    1.00000   0.00000 for L=   45, J=   45.0 channel on core I =   0.0 from L=   45,  Acc. loss =  0.0 D.
 Elastic phase shift   1 =    0.000   0.000 deg. for the L =   45, J =   45.0 channel.
0****** WARNING : ACCURACY LOSS IN ERWIN = 16.3 DIGITS, SO EXPECT ERRORS OF 304.9022 % OF UNITARITY

   18560628636713168.        4577191405976580.0        2.2204460492503131E-016
 Increase lower cutoff: eg CUTL. Continuing.
      45.0  1.00000000  0.00000001i: elastic S-matrix  @@      0.00  0   0 F  0
 Reaction Xsec    45.0-/45 @ 1 =   0.015#, Out:   0.000#******** ********f


 Total SPIN, PARITY =    46.0 +,      5 chs,      0 cc.  Rmin & Coul turning =    6.9   19.5
   S-matrix    1 =    1.00000   0.00000 for L=   46, J=   46.0 channel on core I =   0.0 from L=   46,  Acc. loss =  0.0 D.
 Elastic phase shift   1 =    0.000   0.000 deg. for the L =   46, J =   46.0 channel.
0****** WARNING : ACCURACY LOSS IN ERWIN = 14.7 DIGITS, SO EXPECT ERRORS OF 566.6071 % OF UNITARITY

   466333691927073.81        8505905301030708.0        2.2204460492503131E-016
 Increase lower cutoff: eg CUTL. Continuing.
      46.0  1.00000000  0.00000000i: elastic S-matrix  @@      0.02  0   0 F  0
 Reaction Xsec    46.0+/46 @ 1 =   0.007#, Out:   0.000#******** ********f


 Total SPIN, PARITY =    47.0 -,      5 chs,      0 cc.  Rmin & Coul turning =    7.1   19.9
   S-matrix    1 =    1.00000  -0.00000 for L=   47, J=   47.0 channel on core I =   0.0 from L=   47,  Acc. loss =  0.0 D.
 Elastic phase shift   1 =   -0.000   0.000 deg. for the L =   47, J =   47.0 channel.
0****** WARNING : ACCURACY LOSS IN ERWIN = 15.2 DIGITS, SO EXPECT ERRORS OF 327.5657 % OF UNITARITY

   1657017092978186.2        4917415720929426.0        2.2204460492503131E-016
 Increase lower cutoff: eg CUTL. Continuing.
      47.0  1.00000000 -0.00000001i: elastic S-matrix  @@      0.00  0   0 F  0
 Reaction Xsec    47.0-/47 @ 1 =   0.004#, Out:   0.000#******** ********f


 Total SPIN, PARITY =    48.0 +,      5 chs,      0 cc.  Rmin & Coul turning =    7.2   20.3
   S-matrix    1 =    1.00000   0.00000 for L=   48, J=   48.0 channel on core I =   0.0 from L=   48,  Acc. loss =  0.0 D.
 Elastic phase shift   1 =    0.000   0.000 deg. for the L =   48, J =   48.0 channel.
0****** WARNING : ACCURACY LOSS IN ERWIN = 15.2 DIGITS, SO EXPECT ERRORS OF  92.9896 % OF UNITARITY

   1541786607260781.2        1395959013932832.2        2.2204460492503131E-016
 Increase lower cutoff: eg CUTL. Continuing.
      48.0  1.00000000  0.00000000i: elastic S-matrix  @@      0.02  0   0 F  0
 Reaction Xsec    48.0+/48 @ 1 =   0.002#, Out:   0.000#1770.997 ********f


 Total SPIN, PARITY =    49.0 -,      5 chs,      0 cc.  Rmin & Coul turning =    7.4   20.7
   S-matrix    1 =    1.00000   0.00000 for L=   49, J=   49.0 channel on core I =   0.0 from L=   49,  Acc. loss =  0.0 D.
 Elastic phase shift   1 =    0.000   0.000 deg. for the L =   49, J =   49.0 channel.
0****** WARNING : ACCURACY LOSS IN ERWIN = 18.7 DIGITS, SO EXPECT ERRORS OF 137.5593 % OF UNITARITY

   5.5831973487771208E+018   2065039595180300.8        2.2204460492503131E-016
 Increase lower cutoff: eg CUTL. Continuing.
      49.0  1.00000000  0.00000001i: elastic S-matrix  @@      0.02  0   0 F  0
 Reaction Xsec    49.0-/49 @ 1 =   0.001#, Out:   0.000#3672.265 ********f


 Total SPIN, PARITY =    50.0 +,      5 chs,      0 cc.  Rmin & Coul turning =    7.5   21.1
   S-matrix    1 =    1.00000  -0.00000 for L=   50, J=   50.0 channel on core I =   0.0 from L=   50,  Acc. loss =  0.0 D.
 Elastic phase shift   1 =   -0.000   0.000 deg. for the L =   50, J =   50.0 channel.
0****** WARNING : ACCURACY LOSS IN ERWIN = 16.8 DIGITS, SO EXPECT ERRORS OF   4.1154 % OF UNITARITY

      50.0  1.00000000 -0.00000001i: elastic S-matrix  @@      0.00  0   0 F  0
 Reaction Xsec    50.0+/50 @ 1 =   0.000#, Out:   0.000#   6.125   -6.125f


 Total SPIN, PARITY =    51.0 -,      5 chs,      0 cc.  Rmin & Coul turning =    7.7   21.5
   S-matrix    1 =    1.00000  -0.00000 for L=   51, J=   51.0 channel on core I =   0.0 from L=   51,  Acc. loss =  0.0 D.
 Elastic phase shift   1 =   -0.000   0.000 deg. for the L =   51, J =   51.0 channel.
0****** WARNING : ACCURACY LOSS IN ERWIN = 16.3 DIGITS, SO EXPECT ERRORS OF   1.0454 % OF UNITARITY

      51.0  1.00000000 -0.00000002i: elastic S-matrix  @@      0.02  0   0 F  0
 Reaction Xsec    51.0-/51 @ 1 =   0.000#, Out:   0.000#   1.980   -1.980f


 Total SPIN, PARITY =    52.0 +,      5 chs,      0 cc.  Rmin & Coul turning =    7.8   22.0
   S-matrix    1 =    1.00000  -0.00000 for L=   52, J=   52.0 channel on core I =   0.0 from L=   52,  Acc. loss =  0.0 D.
 Elastic phase shift   1 =   -0.000   0.000 deg. for the L =   52, J =   52.0 channel.
0****** WARNING : ACCURACY LOSS IN ERWIN = 15.4 DIGITS, SO EXPECT ERRORS OF   7.6694 % OF UNITARITY

      52.0  1.00000000 -0.00000001i: elastic S-matrix  @@      0.00  0   0 F  0
 Reaction Xsec    52.0+/52 @ 1 =   0.000#, Out:   0.000#  81.031  -81.031f


 Total SPIN, PARITY =    53.0 -,      5 chs,      0 cc.  Rmin & Coul turning =    8.0   22.4
   S-matrix    1 =    1.00000  -0.00000 for L=   53, J=   53.0 channel on core I =   0.0 from L=   53,  Acc. loss =  0.0 D.
 Elastic phase shift   1 =   -0.000   0.000 deg. for the L =   53, J =   53.0 channel.
0****** WARNING : ACCURACY LOSS IN ERWIN = 15.4 DIGITS, SO EXPECT ERRORS OF   2.8250 % OF UNITARITY

      53.0  1.00000000 -0.00000000i: elastic S-matrix  @@      0.02  0   0 F  0
 Reaction Xsec    53.0-/53 @ 1 =   0.000#, Out:   0.000#   6.881   -6.881f


 Total SPIN, PARITY =    54.0 +,      5 chs,      0 cc.  Rmin & Coul turning =    8.1   22.8
   S-matrix    1 =    1.00000  -0.00000 for L=   54, J=   54.0 channel on core I =   0.0 from L=   54,  Acc. loss =  0.0 D.
 Elastic phase shift   1 =   -0.000   0.000 deg. for the L =   54, J =   54.0 channel.
0****** WARNING : ACCURACY LOSS IN ERWIN = 15.5 DIGITS, SO EXPECT ERRORS OF   4.4086 % OF UNITARITY

      54.0  1.00000000 -0.00000001i: elastic S-matrix  @@      0.00  0   0 F  0
 Reaction Xsec    54.0+/54 @ 1 =   0.000#, Out:   0.000#   7.181   -7.181f


 Total SPIN, PARITY =    55.0 -,      5 chs,      0 cc.  Rmin & Coul turning =    8.2   23.2
   S-matrix    1 =    1.00000  -0.00000 for L=   55, J=   55.0 channel on core I =   0.0 from L=   55,  Acc. loss =  0.0 D.
 Elastic phase shift   1 =   -0.000   0.000 deg. for the L =   55, J =   55.0 channel.
0****** WARNING : ACCURACY LOSS IN ERWIN = 17.4 DIGITS, SO EXPECT ERRORS OF   1.4967 % OF UNITARITY

      55.0  1.00000000 -0.00000002i: elastic S-matrix  @@      0.02  0   0 F  0
 Reaction Xsec    55.0-/55 @ 1 =   0.000#, Out:   0.000#   1.273   -1.273f


 Total SPIN, PARITY =    56.0 +,      5 chs,      0 cc.  Rmin & Coul turning =    8.4   23.6
   S-matrix    1 =    1.00000  -0.00000 for L=   56, J=   56.0 channel on core I =   0.0 from L=   56,  Acc. loss =  0.0 D.
 Elastic phase shift   1 =   -0.000   0.000 deg. for the L =   56, J =   56.0 channel.
0****** WARNING : ACCURACY LOSS IN ERWIN = 15.4 DIGITS, SO EXPECT ERRORS OF   2.4833 % OF UNITARITY

      56.0  1.00000000 -0.00000002i: elastic S-matrix  @@      0.00  0   0 F  0
 Reaction Xsec    56.0+/56 @ 1 =   0.000#, Out:   0.000#   5.946   -5.946f


 Total SPIN, PARITY =    57.0 -,      5 chs,      0 cc.  Rmin & Coul turning =    8.6   24.0
   S-matrix    1 =    1.00000  -0.00000 for L=   57, J=   57.0 channel on core I =   0.0 from L=   57,  Acc. loss =  0.0 D.
 Elastic phase shift   1 =   -0.000   0.000 deg. for the L =   57, J =   57.0 channel.
0****** WARNING : ACCURACY LOSS IN ERWIN = 15.2 DIGITS, SO EXPECT ERRORS OF   0.3215 % OF UNITARITY

      57.0  1.00000000 -0.00000001i: elastic S-matrix  @@      0.02  0   0 F  0
 Reaction Xsec    57.0-/57 @ 1 =   0.000#, Out:   0.000#   0.011   -0.011f


 Total SPIN, PARITY =    58.0 +,      5 chs,      0 cc.  Rmin & Coul turning =    8.7   24.5
   S-matrix    1 =    1.00000  -0.00000 for L=   58, J=   58.0 channel on core I =   0.0 from L=   58,  Acc. loss =  0.0 D.
 Elastic phase shift   1 =   -0.000   0.000 deg. for the L =   58, J =   58.0 channel.
0****** WARNING : ACCURACY LOSS IN ERWIN = 17.6 DIGITS, SO EXPECT ERRORS OF   0.0054 % OF UNITARITY

      58.0  1.00000000 -0.00000001i: elastic S-matrix  @@      0.00  0   0 F  0
 Reaction Xsec    58.0+/58 @ 1 =   0.000#, Out:   0.000#   0.041/  -0.000f


 Total SPIN, PARITY =    59.0 -,      5 chs,      0 cc.  Rmin & Coul turning =    8.8   24.9
   S-matrix    1 =    1.00000  -0.00000 for L=   59, J=   59.0 channel on core I =   0.0 from L=   59,  Acc. loss =  0.0 D.
 Elastic phase shift   1 =   -0.000   0.000 deg. for the L =   59, J =   59.0 channel.
0****** WARNING : ACCURACY LOSS IN ERWIN = 15.4 DIGITS, SO EXPECT ERRORS OF   0.0120 % OF UNITARITY

      59.0  1.00000000 -0.00000002i: elastic S-matrix  @@      0.02  0   0 F  0
 Reaction Xsec    59.0-/59 @ 1 =   0.000#, Out:   0.000#   0.026/  -0.000f


 Total SPIN, PARITY =    60.0 +,      5 chs,      0 cc.  Rmin & Coul turning =    9.0   25.3
   S-matrix    1 =    1.00000  -0.00000 for L=   60, J=   60.0 channel on core I =   0.0 from L=   60,  Acc. loss =  0.0 D.
 Elastic phase shift   1 =   -0.000   0.000 deg. for the L =   60, J =   60.0 channel.
0****** WARNING : ACCURACY LOSS IN ERWIN = 15.0 DIGITS, SO EXPECT ERRORS OF   0.0649 % OF UNITARITY

      60.0  1.00000000 -0.00000003i: elastic S-matrix  @@      0.02  0   0 F  0
 Reaction Xsec    60.0+/60 @ 1 =   0.000#, Out:   0.000#   2.649/  -0.003f


 Total SPIN, PARITY =    61.0 -,      5 chs,      0 cc.  Rmin & Coul turning =    9.2   25.7
   S-matrix    1 =    1.00000  -0.00000 for L=   61, J=   61.0 channel on core I =   0.0 from L=   61,  Acc. loss =  0.0 D.
 Elastic phase shift   1 =   -0.000   0.000 deg. for the L =   61, J =   61.0 channel.
0****** WARNING : ACCURACY LOSS IN ERWIN = 15.2 DIGITS, SO EXPECT ERRORS OF   0.0362 % OF UNITARITY

      61.0  1.00000000 -0.00000003i: elastic S-matrix  @@      0.00  0   0 F  0
 Reaction Xsec    61.0-/61 @ 1 =   0.000#, Out:   0.000#   0.497/  -0.000f


 Total SPIN, PARITY =    62.0 +,      5 chs,      0 cc.  Rmin & Coul turning =    9.3   26.1
   S-matrix    1 =    1.00000  -0.00000 for L=   62, J=   62.0 channel on core I =   0.0 from L=   62,  Acc. loss =  0.0 D.
 Elastic phase shift   1 =   -0.000   0.000 deg. for the L =   62, J =   62.0 channel.
0****** WARNING : ACCURACY LOSS IN ERWIN = 15.4 DIGITS, SO EXPECT ERRORS OF   0.0078 % OF UNITARITY

      62.0  1.00000000 -0.00000002i: elastic S-matrix  @@      0.02  0   0 F  0
 Reaction Xsec    62.0+/62 @ 1 =   0.000#, Out:   0.000#   7.263#  -0.000f


 Total SPIN, PARITY =    63.0 -,      5 chs,      0 cc.  Rmin & Coul turning =    9.5   26.5
   S-matrix    1 =    1.00000  -0.00000 for L=   63, J=   63.0 channel on core I =   0.0 from L=   63,  Acc. loss =  0.0 D.
 Elastic phase shift   1 =   -0.000   0.000 deg. for the L =   63, J =   63.0 channel.
0****** WARNING : ACCURACY LOSS IN ERWIN = 20.0 DIGITS, SO EXPECT ERRORS OF   0.0017 % OF UNITARITY

      63.0  1.00000000 -0.00000001i: elastic S-matrix  @@      0.00  0   0 F  0
 Reaction Xsec    63.0-/63 @ 1 =   0.000#, Out:   0.000#   0.963#  -0.000f


 Total SPIN, PARITY =    64.0 +,      5 chs,      0 cc.  Rmin & Coul turning =    9.6   27.0
   S-matrix    1 =    1.00000  -0.00000 for L=   64, J=   64.0 channel on core I =   0.0 from L=   64,  Acc. loss =  0.0 D.
 Elastic phase shift   1 =   -0.000   0.000 deg. for the L =   64, J =   64.0 channel.
0****** WARNING : ACCURACY LOSS IN ERWIN = 16.0 DIGITS, SO EXPECT ERRORS OF   0.0010 % OF UNITARITY

      64.0  1.00000000 -0.00000001i: elastic S-matrix  @@      0.02  0   0 F  0
 Reaction Xsec    64.0+/64 @ 1 =   0.000#, Out:   0.000#   0.191#  -0.000f


 Total SPIN, PARITY =    65.0 -,      5 chs,      0 cc.  Rmin & Coul turning =    9.8   27.4
   S-matrix    1 =    1.00000  -0.00000 for L=   65, J=   65.0 channel on core I =   0.0 from L=   65,  Acc. loss =  0.0 D.
 Elastic phase shift   1 =   -0.000   0.000 deg. for the L =   65, J =   65.0 channel.
0****** WARNING : ACCURACY LOSS IN ERWIN = 15.2 DIGITS, SO EXPECT ERRORS OF   0.0002 % OF UNITARITY

      65.0  1.00000000 -0.00000002i: elastic S-matrix  @@      0.00  0   0 F  0
 Reaction Xsec    65.0-/65 @ 1 =   0.000#, Out:   0.000#   0.005#  -0.000f


 Total SPIN, PARITY =    66.0 +,      5 chs,      0 cc.  Rmin & Coul turning =    9.9   27.8
   S-matrix    1 =    1.00000  -0.00000 for L=   66, J=   66.0 channel on core I =   0.0 from L=   66,  Acc. loss =  0.0 D.
 Elastic phase shift   1 =   -0.000   0.000 deg. for the L =   66, J =   66.0 channel.
0****** WARNING : ACCURACY LOSS IN ERWIN = 15.6 DIGITS, SO EXPECT ERRORS OF   0.0001 % OF UNITARITY

      66.0  1.00000000 -0.00000002i: elastic S-matrix  @@      0.02  0   0 F  0
 Reaction Xsec    66.0+/66 @ 1 =   0.000#, Out:   0.000#   0.008#  -0.000f


 Total SPIN, PARITY =    67.0 -,      5 chs,      0 cc.  Rmin & Coul turning =   10.1   28.2
   S-matrix    1 =    1.00000  -0.00000 for L=   67, J=   67.0 channel on core I =   0.0 from L=   67,  Acc. loss =  0.0 D.
 Elastic phase shift   1 =   -0.000   0.000 deg. for the L =   67, J =   67.0 channel.
0****** WARNING : ACCURACY LOSS IN ERWIN = 15.9 DIGITS, SO EXPECT ERRORS OF   0.0000 % OF UNITARITY

      67.0  1.00000000 -0.00000002i: elastic S-matrix  @@      0.00  0   0 F  0
 Reaction Xsec    67.0-/67 @ 1 =   0.000#, Out:   0.000#   0.000#  -0.000f


 Total SPIN, PARITY =    68.0 +,      5 chs,      0 cc.  Rmin & Coul turning =   10.2   28.6
   S-matrix    1 =    1.00000  -0.00000 for L=   68, J=   68.0 channel on core I =   0.0 from L=   68,  Acc. loss =  0.0 D.
 Elastic phase shift   1 =   -0.000   0.000 deg. for the L =   68, J =   68.0 channel.
0****** WARNING : ACCURACY LOSS IN ERWIN = 15.9 DIGITS, SO EXPECT ERRORS OF   0.0000 % OF UNITARITY

      68.0  1.00000000 -0.00000002i: elastic S-matrix  @@      0.02  0   0 F  0
 Reaction Xsec    68.0+/68 @ 1 =   0.000#, Out:   0.000#   0.000#  -0.000f


 Total SPIN, PARITY =    69.0 -,      5 chs,      0 cc.  Rmin & Coul turning =   10.4   29.1
   S-matrix    1 =    1.00000  -0.00000 for L=   69, J=   69.0 channel on core I =   0.0 from L=   69,  Acc. loss =  0.0 D.
 Elastic phase shift   1 =   -0.000  -0.000 deg. for the L =   69, J =   69.0 channel.
0****** WARNING : ACCURACY LOSS IN ERWIN = 15.9 DIGITS, SO EXPECT ERRORS OF   0.0000 % OF UNITARITY

      69.0  1.00000000 -0.00000001i: elastic S-matrix  @@      0.00  0   0 F  0
 Reaction Xsec    69.0-/69 @ 1 =  -0.000#, Out:   0.000#   0.000#  -0.000f


 Total SPIN, PARITY =    70.0 +,      5 chs,      0 cc.  Rmin & Coul turning =   10.5   29.5
   S-matrix    1 =    1.00000  -0.00000 for L=   70, J=   70.0 channel on core I =   0.0 from L=   70,  Acc. loss =  0.0 D.
 Elastic phase shift   1 =   -0.000   0.000 deg. for the L =   70, J =   70.0 channel.
0****** WARNING : ACCURACY LOSS IN ERWIN = 15.5 DIGITS, SO EXPECT ERRORS OF   0.0000 % OF UNITARITY

      70.0  1.00000000 -0.00000001i: elastic S-matrix  @@      0.02  0   0 F  0
 Reaction Xsec    70.0+/70 @ 1 =   0.000#, Out:   0.000#   0.000#  -0.000f


 Total SPIN, PARITY =    71.0 -,      5 chs,      0 cc.  Rmin & Coul turning =   10.7   29.9
   S-matrix    1 =    1.00000  -0.00000 for L=   71, J=   71.0 channel on core I =   0.0 from L=   71,  Acc. loss =  0.0 D.
 Elastic phase shift   1 =   -0.000   0.000 deg. for the L =   71, J =   71.0 channel.
0****** WARNING : ACCURACY LOSS IN ERWIN = 15.4 DIGITS, SO EXPECT ERRORS OF   0.0000 % OF UNITARITY

      71.0  1.00000000 -0.00000000i: elastic S-matrix  @@      0.00  0   0 F  0
 Reaction Xsec    71.0-/71 @ 1 =   0.000#, Out:   0.000#   0.000#   0.000f


 Total SPIN, PARITY =    72.0 +,      5 chs,      0 cc.  Rmin & Coul turning =   10.8   30.3
   S-matrix    1 =    1.00000  -0.00000 for L=   72, J=   72.0 channel on core I =   0.0 from L=   72,  Acc. loss =  0.0 D.
 Elastic phase shift   1 =   -0.000   0.000 deg. for the L =   72, J =   72.0 channel.
0****** WARNING : ACCURACY LOSS IN ERWIN = 14.9 DIGITS, SO EXPECT ERRORS OF   0.0000 % OF UNITARITY

      72.0  1.00000000 -0.00000000i: elastic S-matrix  @@      0.02  0   0 F  0
 Reaction Xsec    72.0+/72 @ 1 =   0.000#, Out:   0.000#   0.000#   0.000f


 Total SPIN, PARITY =    73.0 -,      5 chs,      0 cc.  Rmin & Coul turning =   11.0   30.7
   S-matrix    1 =    1.00000  -0.00000 for L=   73, J=   73.0 channel on core I =   0.0 from L=   73,  Acc. loss =  0.0 D.
 Elastic phase shift   1 =   -0.000   0.000 deg. for the L =   73, J =   73.0 channel.
      73.0  1.00000000 -0.00000000i: elastic S-matrix  @@      0.00  0   0 F  0
 Reaction Xsec    73.0-/73 @ 1 =   0.000#, Out:   0.000#   0.000#  -0.000f


 Total SPIN, PARITY =    74.0 +,      5 chs,      0 cc.  Rmin & Coul turning =   11.1   31.1
   S-matrix    1 =    1.00000   0.00000 for L=   74, J=   74.0 channel on core I =   0.0 from L=   74,  Acc. loss =  0.0 D.
 Elastic phase shift   1 =    0.000  -0.000 deg. for the L =   74, J =   74.0 channel.
      74.0  1.00000000  0.00000000i: elastic S-matrix  @@      0.02  0   0 F  0
 Reaction Xsec    74.0+/74 @ 1 =  -0.000#, Out:   0.000#   0.000#  -0.000f


 Total SPIN, PARITY =    75.0 -,      5 chs,      0 cc.  Rmin & Coul turning =   11.2   31.6
   S-matrix    1 =    1.00000   0.00000 for L=   75, J=   75.0 channel on core I =   0.0 from L=   75,  Acc. loss =  0.0 D.
 Elastic phase shift   1 =    0.000   0.000 deg. for the L =   75, J =   75.0 channel.
      75.0  1.00000000  0.00000000i: elastic S-matrix  @@      0.00  0   0 F  0
 Reaction Xsec    75.0-/75 @ 1 =   0.000#, Out:   0.000#   0.000#  -0.000f


 Total SPIN, PARITY =    76.0 +,      5 chs,      0 cc.  Rmin & Coul turning =   11.4   32.0
   S-matrix    1 =    1.00000   0.00000 for L=   76, J=   76.0 channel on core I =   0.0 from L=   76,  Acc. loss =  0.0 D.
 Elastic phase shift   1 =    0.000   0.000 deg. for the L =   76, J =   76.0 channel.
      76.0  1.00000000  0.00000000i: elastic S-matrix  @@      0.00  0   0 F  0
 Reaction Xsec    76.0+/76 @ 1 =   0.000#, Out:   0.000#   0.000#   0.000f


 Total SPIN, PARITY =    77.0 -,      5 chs,      0 cc.  Rmin & Coul turning =   11.6   32.4
   S-matrix    1 =    1.00000   0.00000 for L=   77, J=   77.0 channel on core I =   0.0 from L=   77,  Acc. loss =  0.0 D.
 Elastic phase shift   1 =    0.000   0.000 deg. for the L =   77, J =   77.0 channel.
      77.0  1.00000000  0.00000000i: elastic S-matrix  @@      0.02  0   0 F  0
 Reaction Xsec    77.0-/77 @ 1 =   0.000#, Out:   0.000#   0.000#  -0.000f


 Total SPIN, PARITY =    78.0 +,      5 chs,      0 cc.  Rmin & Coul turning =   11.7   32.8
   S-matrix    1 =    1.00000   0.00000 for L=   78, J=   78.0 channel on core I =   0.0 from L=   78,  Acc. loss =  0.0 D.
 Elastic phase shift   1 =    0.000   0.000 deg. for the L =   78, J =   78.0 channel.
      78.0  1.00000000  0.00000000i: elastic S-matrix  @@      0.00  0   0 F  0
 Reaction Xsec    78.0+/78 @ 1 =   0.000#, Out:   0.000#   0.000#  -0.000f


 Total SPIN, PARITY =    79.0 -,      5 chs,      0 cc.  Rmin & Coul turning =   11.9   33.2
   S-matrix    1 =    1.00000   0.00000 for L=   79, J=   79.0 channel on core I =   0.0 from L=   79,  Acc. loss =  0.0 D.
 Elastic phase shift   1 =    0.000   0.000 deg. for the L =   79, J =   79.0 channel.
      79.0  1.00000000  0.00000000i: elastic S-matrix  @@      0.02  0   0 F  0
 Reaction Xsec    79.0-/79 @ 1 =   0.000#, Out:   0.000#   0.000#  -0.000f


 Total SPIN, PARITY =    80.0 +,      5 chs,      0 cc.  Rmin & Coul turning =   12.0   33.6
   S-matrix    1 =    1.00000   0.00000 for L=   80, J=   80.0 channel on core I =   0.0 from L=   80,  Acc. loss =  0.0 D.
 Elastic phase shift   1 =    0.000   0.000 deg. for the L =   80, J =   80.0 channel.
      80.0  1.00000000  0.00000000i: elastic S-matrix  @@      0.00  0   0 F  0
 Reaction Xsec    80.0+/80 @ 1 =   0.000#, Out:   0.000#   0.000#  -0.000f

 Finished all CC sets @   0.937500000    
0CUMULATIVE REACTION cross section                 = 1178.66320  <L> =     9.59  <L**2> =    105.5
0CUMULATIVE outgoing cross sections in partition 1 :    0.00000
0CUMULATIVE outgoing cross sections in partition 2 :***********
0Cumulative ABSORBTION by Imaginary Potentials     =***********  <L> =    44.17  <L**2> =   1954.6
   Fusion for specific 4He      M-states :************
0CUMULATIVE OUTGOING cross section                 =***********
 To convert to S-factors (MeV.mb = keV.b),  multiply by  1.2359E+02


 CROSS SECTIONS FOR OUTGOING 4He      & 4He      in state #   1 with spins & parities 0.0  + &  0.0  +;  0

     0.01 deg.: X-S =   9.9311E+13 mb/sr,
+                                         /R =   9.9997E-01
     1.00 deg.: X-S =   8.3599E+05 mb/sr,
+                                         /R =   8.4172E-01
     2.00 deg.: X-S =   4.9506E+04 mb/sr,
+                                         /R =   7.9741E-01
     3.00 deg.: X-S =   2.0034E+04 mb/sr,
+                                         /R =   1.6332E+00
     4.00 deg.: X-S =   1.5925E+04 mb/sr,
+                                         /R =   4.1016E+00
     5.00 deg.: X-S =   1.3612E+04 mb/sr,
+                                         /R =   8.5557E+00
     6.00 deg.: X-S =   1.1251E+04 mb/sr,
+                                         /R =   1.4655E+01
     7.00 deg.: X-S =  8840.904543 mb/sr,
+                                         /R =   2.1320E+01
     8.00 deg.: X-S =  6563.283001 mb/sr,
+                                         /R =   2.6981E+01
     9.00 deg.: X-S =  4568.545026 mb/sr,
+                                         /R =   3.0057E+01
    10.00 deg.: X-S =  2945.663688 mb/sr,
+                                         /R =   2.9510E+01
    11.00 deg.: X-S =  1724.185413 mb/sr,
+                                         /R =   2.5262E+01
    12.00 deg.: X-S =   884.731276 mb/sr,
+                                         /R =   1.8338E+01
    13.00 deg.: X-S =   373.077448 mb/sr,
+                                         /R =   1.0637E+01
    14.00 deg.: X-S =   115.324339 mb/sr,
+                                         /R =   4.4167E+00
    15.00 deg.: X-S =    32.093332 mb/sr,
+                                         /R =   1.6174E+00
    16.00 deg.: X-S =    50.091751 mb/sr,
+                                         /R =   3.2628E+00
    17.00 deg.: X-S =   110.002082 mb/sr,
+                                         /R =   9.1161E+00
    18.00 deg.: X-S =   170.371254 mb/sr,
+                                         /R =   1.7714E+01
    19.00 deg.: X-S =   207.845826 mb/sr,
+                                         /R =   2.6778E+01
    20.00 deg.: X-S =   214.598606 mb/sr,
+                                         /R =   3.3877E+01
    21.00 deg.: X-S =   194.056802 mb/sr,
+                                         /R =   3.7159E+01
    22.00 deg.: X-S =   156.065349 mb/sr,
+                                         /R =   3.5917E+01
    23.00 deg.: X-S =   112.443667 mb/sr,
+                                         /R =   3.0843E+01
    24.00 deg.: X-S =    73.591852 mb/sr,
+                                         /R =   2.3875E+01
    25.00 deg.: X-S =    46.454424 mb/sr,
+                                         /R =   1.7700E+01
    26.00 deg.: X-S =    33.829166 mb/sr,
+                                         /R =   1.5040E+01
    27.00 deg.: X-S =    34.767514 mb/sr,
+                                         /R =   1.7927E+01
    28.00 deg.: X-S =    45.677366 mb/sr,
+                                         /R =   2.7164E+01
    29.00 deg.: X-S =    61.709513 mb/sr,
+                                         /R =   4.2107E+01
    30.00 deg.: X-S =    78.065297 mb/sr,
+                                         /R =   6.0819E+01
    31.00 deg.: X-S =    90.974292 mb/sr,
+                                         /R =   8.0559E+01
    32.00 deg.: X-S =    98.222372 mb/sr,
+                                         /R =   9.8438E+01
    33.00 deg.: X-S =    99.232287 mb/sr,
+                                         /R =   1.1210E+02
    34.00 deg.: X-S =    94.789638 mb/sr,
+                                         /R =   1.2025E+02
    35.00 deg.: X-S =    86.556673 mb/sr,
+                                         /R =   1.2288E+02
    36.00 deg.: X-S =    76.524977 mb/sr,
+                                         /R =   1.2115E+02
    37.00 deg.: X-S =    66.534068 mb/sr,
+                                         /R =   1.1710E+02
    38.00 deg.: X-S =    57.938780 mb/sr,
+                                         /R =   1.1301E+02
    39.00 deg.: X-S =    51.457820 mb/sr,
+                                         /R =   1.1093E+02
    40.00 deg.: X-S =    47.190693 mb/sr,
+                                         /R =   1.1211E+02
    41.00 deg.: X-S =    44.758393 mb/sr,
+                                         /R =   1.1689E+02
    42.00 deg.: X-S =    43.508163 mb/sr,
+                                         /R =   1.2459E+02
    43.00 deg.: X-S =    42.723576 mb/sr,
+                                         /R =   1.3383E+02
    44.00 deg.: X-S =    41.794155 mb/sr,
+                                         /R =   1.4289E+02
    45.00 deg.: X-S =    40.318434 mb/sr,
+                                         /R =   1.5013E+02
    46.00 deg.: X-S =    38.135006 mb/sr,
+                                         /R =   1.5432E+02
    47.00 deg.: X-S =    35.293112 mb/sr,
+                                         /R =   1.5491E+02
    48.00 deg.: X-S =    31.984778 mb/sr,
+                                         /R =   1.5198E+02
    49.00 deg.: X-S =    28.463700 mb/sr,
+                                         /R =   1.4615E+02
    50.00 deg.: X-S =    24.972837 mb/sr,
+                                         /R =   1.3831E+02
    51.00 deg.: X-S =    21.695203 mb/sr,
+                                         /R =   1.2939E+02
    52.00 deg.: X-S =    18.733286 mb/sr,
+                                         /R =   1.2011E+02
    53.00 deg.: X-S =    16.114224 mb/sr,
+                                         /R =   1.1090E+02
    54.00 deg.: X-S =    13.812227 mb/sr,
+                                         /R =   1.0187E+02
    55.00 deg.: X-S =    11.777508 mb/sr,
+                                         /R =   9.2955E+01
    56.00 deg.: X-S =     9.961960 mb/sr,
+                                         /R =   8.4020E+01
    57.00 deg.: X-S =     8.335110 mb/sr,
+                                         /R =   7.5017E+01
    58.00 deg.: X-S =     6.888181 mb/sr,
+                                         /R =   6.6068E+01
    59.00 deg.: X-S =     5.628075 mb/sr,
+                                         /R =   5.7453E+01
    60.00 deg.: X-S =     4.565755 mb/sr,
+                                         /R =   4.9544E+01
    61.00 deg.: X-S =     3.704362 mb/sr,
+                                         /R =   4.2676E+01
    62.00 deg.: X-S =     3.031489 mb/sr,
+                                         /R =   3.7035E+01
    63.00 deg.: X-S =     2.517976 mb/sr,
+                                         /R =   3.2583E+01
    64.00 deg.: X-S =     2.123057 mb/sr,
+                                         /R =   2.9067E+01
    65.00 deg.: X-S =     1.803603 mb/sr,
+                                         /R =   2.6098E+01
    66.00 deg.: X-S =     1.524019 mb/sr,
+                                         /R =   2.3282E+01
    67.00 deg.: X-S =     1.263433 mb/sr,
+                                         /R =   2.0357E+01
    68.00 deg.: X-S =     1.017913 mb/sr,
+                                         /R =   1.7280E+01
    69.00 deg.: X-S =     0.797238 mb/sr,
+                                         /R =   1.4246E+01
    70.00 deg.: X-S =     0.617561 mb/sr,
+                                         /R =   1.1605E+01
    71.00 deg.: X-S =     0.492589 mb/sr,
+                                         /R =   9.7252E+00
    72.00 deg.: X-S =     0.426335 mb/sr,
+                                         /R =   8.8354E+00
    73.00 deg.: X-S =     0.409900 mb/sr,
+                                         /R =   8.9089E+00
    74.00 deg.: X-S =     0.423402 mb/sr,
+                                         /R =   9.6428E+00
    75.00 deg.: X-S =     0.442461 mb/sr,
+                                         /R =   1.0550E+01
    76.00 deg.: X-S =     0.447113 mb/sr,
+                                         /R =   1.1153E+01
    77.00 deg.: X-S =     0.430144 mb/sr,
+                                         /R =   1.1215E+01
    78.00 deg.: X-S =     0.401886 mb/sr,
+                                         /R =   1.0944E+01
    79.00 deg.: X-S =     0.389479 mb/sr,
+                                         /R =   1.1069E+01
    80.00 deg.: X-S =     0.430224 mb/sr,
+                                         /R =   1.2752E+01
    81.00 deg.: X-S =     0.560517 mb/sr,
+                                         /R =   1.7313E+01
    82.00 deg.: X-S =     0.803306 mb/sr,
+                                         /R =   2.5838E+01
    83.00 deg.: X-S =     1.157760 mb/sr,
+                                         /R =   3.8750E+01
    84.00 deg.: X-S =     1.594494 mb/sr,
+                                         /R =   5.5496E+01
    85.00 deg.: X-S =     2.058390 mb/sr,
+                                         /R =   7.4449E+01
    86.00 deg.: X-S =     2.479058 mb/sr,
+                                         /R =   9.3115E+01
    87.00 deg.: X-S =     2.786839 mb/sr,
+                                         /R =   1.0863E+02
    88.00 deg.: X-S =     2.930527 mb/sr,
+                                         /R =   1.1848E+02
    89.00 deg.: X-S =     2.892216 mb/sr,
+                                         /R =   1.2119E+02
    90.00 deg.: X-S =     2.695059 mb/sr,
+                                         /R =   1.1698E+02
    91.00 deg.: X-S =     2.401284 mb/sr,
+                                         /R =   1.0790E+02
    92.00 deg.: X-S =     2.100174 mb/sr,
+                                         /R =   9.7632E+01
    93.00 deg.: X-S =     1.888315 mb/sr,
+                                         /R =   9.0766E+01
    94.00 deg.: X-S =     1.846550 mb/sr,
+                                         /R =   9.1721E+01
    95.00 deg.: X-S =     2.019229 mb/sr,
+                                         /R =   1.0359E+02
    96.00 deg.: X-S =     2.401096 mb/sr,
+                                         /R =   1.2715E+02
    97.00 deg.: X-S =     2.935568 mb/sr,
+                                         /R =   1.6037E+02
    98.00 deg.: X-S =     3.525491 mb/sr,
+                                         /R =   1.9858E+02
    99.00 deg.: X-S =     4.054417 mb/sr,
+                                         /R =   2.3535E+02
   100.00 deg.: X-S =     4.413717 mb/sr,
+                                         /R =   2.6389E+02
   101.00 deg.: X-S =     4.529164 mb/sr,
+                                         /R =   2.7877E+02
   102.00 deg.: X-S =     4.380436 mb/sr,
+                                         /R =   2.7741E+02
   103.00 deg.: X-S =     4.008416 mb/sr,
+                                         /R =   2.6107E+02
   104.00 deg.: X-S =     3.507959 mb/sr,
+                                         /R =   2.3485E+02
   105.00 deg.: X-S =     3.007238 mb/sr,
+                                         /R =   2.0684E+02
   106.00 deg.: X-S =     2.638138 mb/sr,
+                                         /R =   1.8633E+02
   107.00 deg.: X-S =     2.504530 mb/sr,
+                                         /R =   1.8157E+02
   108.00 deg.: X-S =     2.656081 mb/sr,
+                                         /R =   1.9755E+02
   109.00 deg.: X-S =     3.074185 mb/sr,
+                                         /R =   2.3446E+02
   110.00 deg.: X-S =     3.673925 mb/sr,
+                                         /R =   2.8720E+02
   111.00 deg.: X-S =     4.322210 mb/sr,
+                                         /R =   3.4616E+02
   112.00 deg.: X-S =     4.868293 mb/sr,
+                                         /R =   3.9928E+02
   113.00 deg.: X-S =     5.179742 mb/sr,
+                                         /R =   4.3484E+02
   114.00 deg.: X-S =     5.175310 mb/sr,
+                                         /R =   4.4453E+02
   115.00 deg.: X-S =     4.846622 mb/sr,
+                                         /R =   4.2575E+02
   116.00 deg.: X-S =     4.262998 mb/sr,
+                                         /R =   3.8282E+02
   117.00 deg.: X-S =     3.557603 mb/sr,
+                                         /R =   3.2645E+02
   118.00 deg.: X-S =     2.897609 mb/sr,
+                                         /R =   2.7158E+02
   119.00 deg.: X-S =     2.445001 mb/sr,
+                                         /R =   2.3397E+02
   120.00 deg.: X-S =     2.317187 mb/sr,
+                                         /R =   2.2630E+02
   121.00 deg.: X-S =     2.556946 mb/sr,
+                                         /R =   2.5475E+02
   122.00 deg.: X-S =     3.119334 mb/sr,
+                                         /R =   3.1691E+02
   123.00 deg.: X-S =     3.879349 mb/sr,
+                                         /R =   4.0175E+02
   124.00 deg.: X-S =     4.659270 mb/sr,
+                                         /R =   4.9165E+02
   125.00 deg.: X-S =     5.269779 mb/sr,
+                                         /R =   5.6638E+02
   126.00 deg.: X-S =     5.555442 mb/sr,
+                                         /R =   6.0791E+02
   127.00 deg.: X-S =     5.433715 mb/sr,
+                                         /R =   6.0515E+02
   128.00 deg.: X-S =     4.917782 mb/sr,
+                                         /R =   5.5720E+02
   129.00 deg.: X-S =     4.117104 mb/sr,
+                                         /R =   4.7440E+02
   130.00 deg.: X-S =     3.214678 mb/sr,
+                                         /R =   3.7656E+02
   131.00 deg.: X-S =     2.425598 mb/sr,
+                                         /R =   2.8874E+02
   132.00 deg.: X-S =     1.946199 mb/sr,
+                                         /R =   2.3535E+02
   133.00 deg.: X-S =     1.905693 mb/sr,
+                                         /R =   2.3401E+02
   134.00 deg.: X-S =     2.332082 mb/sr,
+                                         /R =   2.9070E+02
   135.00 deg.: X-S =     3.141171 mb/sr,
+                                         /R =   3.9733E+02
   136.00 deg.: X-S =     4.152278 mb/sr,
+                                         /R =   5.3278E+02
   137.00 deg.: X-S =     5.127987 mb/sr,
+                                         /R =   6.6720E+02
   138.00 deg.: X-S =     5.829367 mb/sr,
+                                         /R =   7.6882E+02
   139.00 deg.: X-S =     6.074009 mb/sr,
+                                         /R =   8.1175E+02
   140.00 deg.: X-S =     5.782997 mb/sr,
+                                         /R =   7.8288E+02
   141.00 deg.: X-S =     5.004982 mb/sr,
+                                         /R =   6.8610E+02
   142.00 deg.: X-S =     3.910500 mb/sr,
+                                         /R =   5.4264E+02
   143.00 deg.: X-S =     2.756497 mb/sr,
+                                         /R =   3.8706E+02
   144.00 deg.: X-S =     1.828185 mb/sr,
+                                         /R =   2.5968E+02
   145.00 deg.: X-S =     1.371111 mb/sr,
+                                         /R =   1.9695E+02
   146.00 deg.: X-S =     1.529330 mb/sr,
+                                         /R =   2.2207E+02
   147.00 deg.: X-S =     2.304854 mb/sr,
+                                         /R =   3.3821E+02
   148.00 deg.: X-S =     3.549304 mb/sr,
+                                         /R =   5.2615E+02
   149.00 deg.: X-S =     4.991494 mb/sr,
+                                         /R =   7.4726E+02
   150.00 deg.: X-S =     6.296385 mb/sr,
+                                         /R =   9.5162E+02
   151.00 deg.: X-S =     7.143028 mb/sr,
+                                         /R =   1.0896E+03
   152.00 deg.: X-S =     7.303988 mb/sr,
+                                         /R =   1.1240E+03
   153.00 deg.: X-S =     6.707295 mb/sr,
+                                         /R =   1.0411E+03
   154.00 deg.: X-S =     5.465017 mb/sr,
+                                         /R =   8.5524E+02
   155.00 deg.: X-S =     3.859468 mb/sr,
+                                         /R =   6.0877E+02
   156.00 deg.: X-S =     2.287470 mb/sr,
+                                         /R =   3.6356E+02
   157.00 deg.: X-S =     1.172982 mb/sr,
+                                         /R =   1.8778E+02
   158.00 deg.: X-S =     0.866525 mb/sr,
+                                         /R =   1.3969E+02
   159.00 deg.: X-S =     1.554159 mb/sr,
+                                         /R =   2.5221E+02
   160.00 deg.: X-S =     3.198149 mb/sr,
+                                         /R =   5.2228E+02
   161.00 deg.: X-S =     5.525760 mb/sr,
+                                         /R =   9.0782E+02
   162.00 deg.: X-S =     8.072775 mb/sr,
+                                         /R =   1.3338E+03
   163.00 deg.: X-S =    10.276395 mb/sr,
+                                         /R =   1.7071E+03
   164.00 deg.: X-S =    11.600626 mb/sr,
+                                         /R =   1.9368E+03
   165.00 deg.: X-S =    11.668733 mb/sr,
+                                         /R =   1.9575E+03
   166.00 deg.: X-S =    10.373854 mb/sr,
+                                         /R =   1.7480E+03
   167.00 deg.: X-S =     7.941476 mb/sr,
+                                         /R =   1.3437E+03
   168.00 deg.: X-S =     4.925926 mb/sr,
+                                         /R =   8.3665E+02
   169.00 deg.: X-S =     2.135854 mb/sr,
+                                         /R =   3.6404E+02
   170.00 deg.: X-S =     0.498312 mb/sr,
+                                         /R =   8.5207E+01
   171.00 deg.: X-S =     0.884468 mb/sr,
+                                         /R =   1.5168E+02
   172.00 deg.: X-S =     3.929377 mb/sr,
+                                         /R =   6.7559E+02
   173.00 deg.: X-S =     9.881395 mb/sr,
+                                         /R =   1.7028E+03
   174.00 deg.: X-S =    18.512864 mb/sr,
+                                         /R =   3.1966E+03
   175.00 deg.: X-S =    29.113161 mb/sr,
+                                         /R =   5.0354E+03
   176.00 deg.: X-S =    40.570035 mb/sr,
+                                         /R =   7.0266E+03
   177.00 deg.: X-S =    51.528231 mb/sr,
+                                         /R =   8.9340E+03
   178.00 deg.: X-S =    60.599143 mb/sr,
+                                         /R =   1.0515E+04
   179.00 deg.: X-S =    66.584716 mb/sr,
+                                         /R =   1.1559E+04
   179.99 deg.: X-S =    68.675012 mb/sr,
+                                         /R =   1.1923E+04
                                           Integrated********** mb, over [   0.000, 180.000] at   120.0000 MeV 

 CROSS SECTIONS FOR OUTGOING p        & 7Li      in state #   1 with spins & parities 0.5  + &  1.5  -;  0

     0.00 deg.: X-S =   4.7516E+06 mb/sr,
+                                         REAC   1.7069E+06 mb
     1.00 deg.: X-S =   4.8694E+06 mb/sr,
     2.00 deg.: X-S =   4.9634E+06 mb/sr,
     3.00 deg.: X-S =   4.5186E+06 mb/sr,
     4.00 deg.: X-S =   3.3764E+06 mb/sr,
     5.00 deg.: X-S =   2.0797E+06 mb/sr,
     6.00 deg.: X-S =   1.3815E+06 mb/sr,
     7.00 deg.: X-S =   1.3837E+06 mb/sr,
     8.00 deg.: X-S =   1.4828E+06 mb/sr,
     9.00 deg.: X-S =   1.2432E+06 mb/sr,
    10.00 deg.: X-S =   9.0900E+05 mb/sr,
    11.00 deg.: X-S =   8.5381E+05 mb/sr,
    12.00 deg.: X-S =   9.5711E+05 mb/sr,
    13.00 deg.: X-S =   8.8739E+05 mb/sr,
    14.00 deg.: X-S =   6.8196E+05 mb/sr,
    15.00 deg.: X-S =   6.1726E+05 mb/sr,
    16.00 deg.: X-S =   6.9495E+05 mb/sr,
    17.00 deg.: X-S =   6.7664E+05 mb/sr,
    18.00 deg.: X-S =   5.3278E+05 mb/sr,
    19.00 deg.: X-S =   4.6709E+05 mb/sr,
    20.00 deg.: X-S =   5.2409E+05 mb/sr,
    21.00 deg.: X-S =   5.2611E+05 mb/sr,
    22.00 deg.: X-S =   4.1843E+05 mb/sr,
    23.00 deg.: X-S =   3.5662E+05 mb/sr,
    24.00 deg.: X-S =   4.0032E+05 mb/sr,
    25.00 deg.: X-S =   4.1117E+05 mb/sr,
    26.00 deg.: X-S =   3.2748E+05 mb/sr,
    27.00 deg.: X-S =   2.7370E+05 mb/sr,
    28.00 deg.: X-S =   3.1071E+05 mb/sr,
    29.00 deg.: X-S =   3.2483E+05 mb/sr,
    30.00 deg.: X-S =   2.5778E+05 mb/sr,
    31.00 deg.: X-S =   2.1477E+05 mb/sr,
    32.00 deg.: X-S =   2.4981E+05 mb/sr,
    33.00 deg.: X-S =   2.6391E+05 mb/sr,
    34.00 deg.: X-S =   2.0810E+05 mb/sr,
    35.00 deg.: X-S =   1.7643E+05 mb/sr,
    36.00 deg.: X-S =   2.1197E+05 mb/sr,
    37.00 deg.: X-S =   2.2412E+05 mb/sr,
    38.00 deg.: X-S =   1.7554E+05 mb/sr,
    39.00 deg.: X-S =   1.5372E+05 mb/sr,
    40.00 deg.: X-S =   1.9001E+05 mb/sr,
    41.00 deg.: X-S =   1.9929E+05 mb/sr,
    42.00 deg.: X-S =   1.5541E+05 mb/sr,
    43.00 deg.: X-S =   1.4078E+05 mb/sr,
    44.00 deg.: X-S =   1.7640E+05 mb/sr,
    45.00 deg.: X-S =   1.8251E+05 mb/sr,
    46.00 deg.: X-S =   1.4227E+05 mb/sr,
    47.00 deg.: X-S =   1.3210E+05 mb/sr,
    48.00 deg.: X-S =   1.6493E+05 mb/sr,
    49.00 deg.: X-S =   1.6787E+05 mb/sr,
    50.00 deg.: X-S =   1.3124E+05 mb/sr,
    51.00 deg.: X-S =   1.2374E+05 mb/sr,
    52.00 deg.: X-S =   1.5209E+05 mb/sr,
    53.00 deg.: X-S =   1.5205E+05 mb/sr,
    54.00 deg.: X-S =   1.1954E+05 mb/sr,
    55.00 deg.: X-S =   1.1413E+05 mb/sr,
    56.00 deg.: X-S =   1.3753E+05 mb/sr,
    57.00 deg.: X-S =   1.3497E+05 mb/sr,
    58.00 deg.: X-S =   1.0711E+05 mb/sr,
    59.00 deg.: X-S =   1.0413E+05 mb/sr,
    60.00 deg.: X-S =   1.2333E+05 mb/sr,
    61.00 deg.: X-S =   1.1905E+05 mb/sr,
    62.00 deg.: X-S =   9.6145E+04 mb/sr,
    63.00 deg.: X-S =   9.6178E+04 mb/sr,
    64.00 deg.: X-S =   1.1250E+05 mb/sr,
    65.00 deg.: X-S =   1.0741E+05 mb/sr,
    66.00 deg.: X-S =   8.9320E+04 mb/sr,
    67.00 deg.: X-S =   9.2585E+04 mb/sr,
    68.00 deg.: X-S =   1.0730E+05 mb/sr,
    69.00 deg.: X-S =   1.0211E+05 mb/sr,
    70.00 deg.: X-S =   8.8129E+04 mb/sr,
    71.00 deg.: X-S =   9.4089E+04 mb/sr,
    72.00 deg.: X-S =   1.0797E+05 mb/sr,
    73.00 deg.: X-S =   1.0313E+05 mb/sr,
    74.00 deg.: X-S =   9.1975E+04 mb/sr,
    75.00 deg.: X-S =   9.9290E+04 mb/sr,
    76.00 deg.: X-S =   1.1261E+05 mb/sr,
    77.00 deg.: X-S =   1.0839E+05 mb/sr,
    78.00 deg.: X-S =   9.8467E+04 mb/sr,
    79.00 deg.: X-S =   1.0523E+05 mb/sr,
    80.00 deg.: X-S =   1.1779E+05 mb/sr,
    81.00 deg.: X-S =   1.1444E+05 mb/sr,
    82.00 deg.: X-S =   1.0441E+05 mb/sr,
    83.00 deg.: X-S =   1.0871E+05 mb/sr,
    84.00 deg.: X-S =   1.1997E+05 mb/sr,
    85.00 deg.: X-S =   1.1765E+05 mb/sr,
    86.00 deg.: X-S =   1.0689E+05 mb/sr,
    87.00 deg.: X-S =   1.0755E+05 mb/sr,
    88.00 deg.: X-S =   1.1679E+05 mb/sr,
    89.00 deg.: X-S =   1.1548E+05 mb/sr,
    90.00 deg.: X-S =   1.0424E+05 mb/sr,
    91.00 deg.: X-S =   1.0121E+05 mb/sr,
    92.00 deg.: X-S =   1.0782E+05 mb/sr,
    93.00 deg.: X-S =   1.0720E+05 mb/sr,
    94.00 deg.: X-S =   9.6304E+04 mb/sr,
    95.00 deg.: X-S =   9.0555E+04 mb/sr,
    96.00 deg.: X-S =   9.4294E+04 mb/sr,
    97.00 deg.: X-S =   9.3844E+04 mb/sr,
    98.00 deg.: X-S =   8.4166E+04 mb/sr,
    99.00 deg.: X-S =   7.7161E+04 mb/sr,
   100.00 deg.: X-S =   7.8235E+04 mb/sr,
   101.00 deg.: X-S =   7.7449E+04 mb/sr,
   102.00 deg.: X-S =   6.9537E+04 mb/sr,
   103.00 deg.: X-S =   6.2611E+04 mb/sr,
   104.00 deg.: X-S =   6.1610E+04 mb/sr,
   105.00 deg.: X-S =   6.0237E+04 mb/sr,
   106.00 deg.: X-S =   5.4167E+04 mb/sr,
   107.00 deg.: X-S =   4.8156E+04 mb/sr,
   108.00 deg.: X-S =   4.5912E+04 mb/sr,
   109.00 deg.: X-S =   4.4052E+04 mb/sr,
   110.00 deg.: X-S =   3.9561E+04 mb/sr,
   111.00 deg.: X-S =   3.4829E+04 mb/sr,
   112.00 deg.: X-S =   3.2303E+04 mb/sr,
   113.00 deg.: X-S =   3.0315E+04 mb/sr,
   114.00 deg.: X-S =   2.6984E+04 mb/sr,
   115.00 deg.: X-S =   2.3696E+04 mb/sr,
   116.00 deg.: X-S =   2.1893E+04 mb/sr,
   117.00 deg.: X-S =   2.0177E+04 mb/sr,
   118.00 deg.: X-S =   1.7628E+04 mb/sr,
   119.00 deg.: X-S =   1.6092E+04 mb/sr,
   120.00 deg.: X-S =   1.5955E+04 mb/sr,
   121.00 deg.: X-S =   1.4665E+04 mb/sr,
   122.00 deg.: X-S =   1.2654E+04 mb/sr,
   123.00 deg.: X-S =   1.3542E+04 mb/sr,
   124.00 deg.: X-S =   1.5838E+04 mb/sr,
   125.00 deg.: X-S =   1.4664E+04 mb/sr,
   126.00 deg.: X-S =   1.3041E+04 mb/sr,
   127.00 deg.: X-S =   1.7354E+04 mb/sr,
   128.00 deg.: X-S =   2.2590E+04 mb/sr,
   129.00 deg.: X-S =   2.0700E+04 mb/sr,
   130.00 deg.: X-S =   1.9218E+04 mb/sr,
   131.00 deg.: X-S =   2.7971E+04 mb/sr,
   132.00 deg.: X-S =   3.6346E+04 mb/sr,
   133.00 deg.: X-S =   3.2551E+04 mb/sr,
   134.00 deg.: X-S =   3.0657E+04 mb/sr,
   135.00 deg.: X-S =   4.4424E+04 mb/sr,
   136.00 deg.: X-S =   5.5817E+04 mb/sr,
   137.00 deg.: X-S =   4.8879E+04 mb/sr,
   138.00 deg.: X-S =   4.5696E+04 mb/sr,
   139.00 deg.: X-S =   6.4281E+04 mb/sr,
   140.00 deg.: X-S =   7.8159E+04 mb/sr,
   141.00 deg.: X-S =   6.7068E+04 mb/sr,
   142.00 deg.: X-S =   6.1705E+04 mb/sr,
   143.00 deg.: X-S =   8.4282E+04 mb/sr,
   144.00 deg.: X-S =   9.9706E+04 mb/sr,
   145.00 deg.: X-S =   8.3784E+04 mb/sr,
   146.00 deg.: X-S =   7.5786E+04 mb/sr,
   147.00 deg.: X-S =   1.0146E+05 mb/sr,
   148.00 deg.: X-S =   1.1726E+05 mb/sr,
   149.00 deg.: X-S =   9.6129E+04 mb/sr,
   150.00 deg.: X-S =   8.5884E+04 mb/sr,
   151.00 deg.: X-S =   1.1453E+05 mb/sr,
   152.00 deg.: X-S =   1.2985E+05 mb/sr,
   153.00 deg.: X-S =   1.0341E+05 mb/sr,
   154.00 deg.: X-S =   9.2272E+04 mb/sr,
   155.00 deg.: X-S =   1.2513E+05 mb/sr,
   156.00 deg.: X-S =   1.3997E+05 mb/sr,
   157.00 deg.: X-S =   1.0852E+05 mb/sr,
   158.00 deg.: X-S =   9.8829E+04 mb/sr,
   159.00 deg.: X-S =   1.3902E+05 mb/sr,
   160.00 deg.: X-S =   1.5481E+05 mb/sr,
   161.00 deg.: X-S =   1.1898E+05 mb/sr,
   162.00 deg.: X-S =   1.1397E+05 mb/sr,
   163.00 deg.: X-S =   1.6714E+05 mb/sr,
   164.00 deg.: X-S =   1.8747E+05 mb/sr,
   165.00 deg.: X-S =   1.4786E+05 mb/sr,
   166.00 deg.: X-S =   1.5139E+05 mb/sr,
   167.00 deg.: X-S =   2.2824E+05 mb/sr,
   168.00 deg.: X-S =   2.6243E+05 mb/sr,
   169.00 deg.: X-S =   2.1928E+05 mb/sr,
   170.00 deg.: X-S =   2.3454E+05 mb/sr,
   171.00 deg.: X-S =   3.6018E+05 mb/sr,
   172.00 deg.: X-S =   4.4344E+05 mb/sr,
   173.00 deg.: X-S =   4.0553E+05 mb/sr,
   174.00 deg.: X-S =   4.2738E+05 mb/sr,
   175.00 deg.: X-S =   6.8636E+05 mb/sr,
   176.00 deg.: X-S =   1.0920E+06 mb/sr,
   177.00 deg.: X-S =   1.4507E+06 mb/sr,
   178.00 deg.: X-S =   1.7199E+06 mb/sr,
   179.00 deg.: X-S =   1.9300E+06 mb/sr,
   180.00 deg.: X-S =   2.0201E+06 mb/sr,
                                           Integrated********** mb, over [   0.000, 180.000] at   120.0000 MeV 
 Finished all xsecs @   0.953125000    

  The following files have been created:
   3:local copy of User input.            6:standard output.                   
   7:elastic  S-matrix elements.         12:transfer kernels.                  
  13:total cross sections/state.         16:tables of cross sections.          
  35:Astrophysics S-factors  / Ecm.      38:cross sections for each J/pi.      
  39:cross sections for each Ecm.        40:all cross sectns. for each Elab.   
  45:scat phase shift as E functions.    46:bs wave functions & ANC ratios.    
  56:Fusion for each Jtotal.             75:S-factors for lab energies.        
 201:Separate cross sections.           202:Separate cross sections.           

 PARAMETERS : MAXQRN   MFNL   MLOC  LMAX1 MCLIST
    ALLOWED :      4     25     10    100      6
    REQUIRED:      1      4     10     82      4


 ACCURACY ANALYSIS at   120.000 MeV :

  Elastic h*k = 0.120 so OK       compared with 0.200

   Real(S-el) > 0.01 first at J =       7.0
   Real(S-el) > 0.10 first at J =       8.0
   Real(S-el) > 0.50 first at J =      15.0
   Real(S-el) > 0.90 first at J =      16.0
   Real(S-el) > 0.99 first at J =      18.0
   R-turn =    33.64 fm    at J =      80.0

 Forward-angle excitation cut off below   0.164 deg by max JT =      80.0
                              and below   0.183 deg by max R.


 1: Recommended RNL: non-local width >  10.90 cf:  25.00 fm: OK      
    Recommended CENTRE: centration   ~   1.05 cf:   0.00 fm

 Total CPU  0 time =       0.95 seconds
