 FRESCO - FRES 3.4: Coupled Reaction Channels
 Assuming NAMELIST input.

 4He(4He,p)7Li  E=165 MeV  Q=-17.346  [he4_he4_p_li7]                            

   0.050  30.000   0.250   0.100  25.000   0.000   0.000   0.000   0.000   0.000

 Centre-of-mass Range is    602 * 0.0500 fm., Maximum at  30.00 fm., Interpolating NL forms every  0.25 fm.
 Non - locality width is    251 * 0.1000 fm., Maximum of  25.00 fm., Centred at  0.00 fm.
 2-Nucleon Separation of      0 * 0.2500 fm., Maximum of   0.00 fm., Minimum at  0.00 fm.
 Maximum single particle bins of 30.0000 fm.
               M,Mint =          601         601


 Range of total J is     0.0 <= J <=    80.0 (at least     0.0) and Absorbtion =>    -1.0000 mb.
 Dry Run = F, CC set limits =  0  0, Relativistic kinematics = a, Both/Far/Near Analyses =  1                     

 Cross Sections (and up to T0 for 0=projectile) for Theta from   0.0 to 180.0 in steps of  1.0 degrees, DGAM=0,  Coordinates = 0 (Mads)

 Lower Radial Cutoff = maximum of  3.00*L*h &       0.0 fm.,  Lower Cutoff for Couplings =   0.0  fm.


 Iterate Couplings between   1 and   1 times, to  0.000 % if sooner.                                          
  Block solved exactly =   0 chs., with Pade = 0 & Isocen =  =0, NOSOL = F, initwf =  0
  NL quadrature with   18 Gaussian points, Calculate multipoles up to    86 from   0
  M-transfers for lp+lt greater than or equal to  6, Angular Integration Cutoff below  2.7778 %


 Trace switches are :  CHANS =  1, LISTCC =  0, TRENEG =  0, CDETR =  0, SMATS =  2, XSTABL =  1, NLPL =  0

                       WAVES =  0, LAMPL =  0, VEFF =  0, KFUS =  0, WDISK =  0, BPM =  0, MELFIL =  0

                       CDCC =  0, NFUS =  0

 Using unit mass = 1.000000 amu and 1/fine-structure constant = 137.03599 ( 1.000000 * true ) with hc = 197.32705 MeV.fm,
  thus 2*amu/hbar^2 = 0.0478450 = 1/20.9008 and Coulomb constant = 0.1574855 so e^2 = 1.43997, and nuclear magneton= 0.1261183

 Now pre-scan input and save to file 3



 *********** PARTITION NUMBER  1 ******************************************************************************************

   PROJ=4He        MASS=  4.0000 Z=   2.0,        # STATES=    1T, TARG=4He      MASS=  4.0000 Z=   2.0,     Q-VALUE =   0.0000 MEV.

     1:  J= 0.0+ (B# 1), E=  0.0000, K= 0.0              Potl#  1       J= 0.0+ (B# 1), E=  0.0000, K= 0.0    


 *********** PARTITION NUMBER  2 ******************************************************************************************

   PROJ=p          MASS=  1.0000 Z=   1.0,        # STATES=    1T, TARG=7Li      MASS=  7.0000 Z=   3.0,     Q-VALUE = -17.3460 MEV.

     1:  J= 0.5+ (B# 1), E=  0.0000, K= 0.5              Potl#  2       J= 1.5- (B#-1), E=  0.0000, K= 0.5    
0****** WARNING : COMPARED WITH PARTITION  1, THIS PARTITION HAS TOTAL MASS & CHARGE EXCESSES  -0.01862 &   0.0000


 ************************************************************************************************************************************

 The following POTENTIALS are defined :

  KP#       TYPE      IT    SHAPE      at     V1        r1        a1        V2        r2        a2        A-in     A-used


                                            A#1       A#2        r0c       ac                                                h @ 1
    1    0=Coulomb       0=CHARGE (WS)  1     4.000     4.000    1.4000    0.0000    0.0000    0.0000     0.000    32.000   0.05000

    1    1=Volume        0=Woods-Saxon  2  120.0000    1.4000    0.5500   15.0000    1.4000    0.5500     0.000    32.000
   --------------------------------------------------------------------------------------------------------------------

                                            A#1       A#2        r0c       ac                                                h @ 2
    2    0=Coulomb       0=CHARGE (WS)  3     1.000     7.000    1.3000    0.0000    0.0000    0.0000     0.000    24.717   0.05000

    2    1=Volume        0=Woods-Saxon  4   50.0000    1.2000    0.6000    0.0000    1.2000    0.6000     0.000    24.717

    2    2=Surface       0=Woods-Saxon  5    0.0000    0.0000    0.0000    8.0000    1.3000    0.5000     0.000    24.717

    2    3=Projtl S.O.   0=Woods-Saxon  6    5.5000    1.0000    0.5000    0.0000    0.0000    0.0000     0.000    24.717
   --------------------------------------------------------------------------------------------------------------------

    3    1=Volume        0=Woods-Saxon  7   50.0000    1.2500    0.6500    0.0000    0.0000    0.0000     0.000    24.717

    3    3=Projtl S.O.   0=Woods-Saxon  8    6.0000    1.2500    0.6500    0.0000    0.0000    0.0000     0.000    24.717
   --------------------------------------------------------------------------------------------------------------------

    4    1=Volume        0=Woods-Saxon  9   50.0000    1.2500    0.6500    0.0000    0.0000    0.0000     0.000    24.717

    4    3=Projtl S.O.   0=Woods-Saxon 10    6.0000    1.2500    0.6500    0.0000    0.0000    0.0000     0.000    24.717


 ************************************************************************************************************************************

 The following SINGLE-PARTICLE FORM FACTORS are constructed :


 No.   P1 P2 IN KIND T N  L  S1 IA J/S  IB BIND XFER  BE    SC PC FIL AFRAC Adjust  to  Z  Mass   K     Norm    rms      D0     D   ANC/Gsp

    1:  2  1  1  0     2  1 0.5  1 1.5   0   3   0   2.4670  1  0  0 0.0000 VR  1.5786; 1. 3.000 0.2975 1.0000  5.004  190.0  268.8 -1.8267

    2:  1  2  2  0     1  0 0.5  1 0.5   0   4   0  19.8140  1  0  0 0.0000 VR  0.5842; 1. 3.000 1.2748 1.0000  2.233 -326.2-1775.8 61.4156

 ************************************************************************************************************************************

 TWO-way COUPLING # 1 for partitions  2 <-  1 of KIND  7,   0 -1  5 -1 -1 & P1,P2 =    0.0000   0.0000 : for J <=    80.5 & R <  29.8 fm.


 data =  1  1  1  2  1.0000,  so  < [4He      #  1] / [p        #  1]  * Eigen-form #  2>  =   1.0000            BE = 19.814     2



 **** WARNING *** -- FORM FACTOR  2 WAS ORIGINALLY DEFINED FOR A  7Li      / 4He      OVERLAP ****   1   2   2   1



 data =  2  1  1  1  1.0000,  so  < [7Li      #  1] / [4He      #  1]  * Eigen-form #  1>  =   1.0000            BE =  2.467     1



 **** WARNING *** -- FORM FACTOR  1 WAS ORIGINALLY DEFINED FOR A  4He      / p        OVERLAP ****   2   1   1   2


 KNT =   1, KNP =   2: NK,NG,loc=   1   1   1  11  T  T  F

     So FINITE-RANGE TRANSFER : IP1 = 0 (POST    ), IP2=-1 =COMPLEX     ,  for   1 pairs of bound states summed into   1 pairs
      The main coupling potential is that binding the transferred particle to the p        core.

          Using between p        & 4He      the potential No.   5, and subtracting optical potential No.  2

   A real*8 is            8  bytes
   NLL,NLN,NLO =         120         121         251
0File   9 needs RL =   60240    REAL*8 numbers, and NR =    88. i.e.    42.41 Megabytes
   File            9  RECL =      481920
0RECOMMENDED NON-LOCAL WIDTH IS GREATER THAN   10.90 FM.,  RECOMMENDED CENTRATION   1.05, after    0.17 secs.
0Relative non-local usages (rms) are
    0.000   0.000   0.000   0.000   0.000   0.000   0.000   0.000   0.000   0.000   0.000   0.000   0.000   0.000   0.000
    0.000   0.000   0.000   0.000   0.000   0.000   0.000   0.000   0.000   0.000   0.000   0.000   0.000   0.000   0.000
    0.000   0.000   0.000   0.000   0.000   0.000   0.000   0.000   0.000   0.000   0.000   0.000   0.000   0.000   0.000
    0.000   0.000   0.000   0.000   0.000   0.000   0.000   0.000   0.000   0.000   0.000   0.000   0.000   0.000   0.000
    0.001   0.001   0.001   0.001   0.001   0.001   0.002   0.002   0.002   0.003   0.003   0.006   0.009   0.014   0.021
    0.026   0.047   0.062   0.097   0.137   0.168   0.279   0.357   0.516   0.702   0.848   1.271   1.581   2.110   2.725
    3.208   4.362   5.230   6.521   8.001   9.155  11.562  13.399  15.871  18.659  20.818  24.838  27.936  31.763  35.981
   39.225  44.657  48.838  53.622  58.707  62.521  68.337  72.692  77.251  81.875  85.044  89.533  92.521  95.231  97.628
   98.625  99.989 100.000  99.182  97.676  95.266  92.165  88.297  83.585  78.256  72.481  66.424  60.280  54.216  48.270
   42.564  37.229  32.380  28.140  24.606  21.848  19.875  18.615  17.918  17.590  17.456  17.371  17.241  17.009  16.651
   16.165  15.562  14.860  14.082  13.251  12.390  11.518  10.652   9.807   8.992   8.216   7.483   6.798   6.161   5.573
    5.032   4.536   4.084   3.672   3.298   2.959   2.652   2.375   2.126   1.901   1.698   1.516   1.352   1.205   1.073
    0.955   0.849   0.755   0.670   0.594   0.527   0.467   0.413   0.366   0.324   0.286   0.253   0.223   0.197   0.174
    0.153   0.135   0.119   0.105   0.092   0.081   0.072   0.063   0.055   0.049   0.043   0.038   0.033   0.029   0.026
    0.023   0.020   0.018   0.016   0.014   0.012   0.011   0.010   0.008   0.007   0.007   0.006   0.005   0.005   0.004
    0.004   0.003   0.003   0.003   0.002   0.002   0.002   0.002   0.002   0.001   0.001   0.001   0.001   0.001   0.001
    0.001   0.001   0.001   0.001   0.000   0.000   0.000   0.000   0.000   0.000   0.000

 Incoming partition  1 in excitation state # 1,   Laboratory Energy given for partition  1 Nucleus 1 in Excitation pair 1

0Lab. ENERGY ranges :

   from    165.000     to   0.00000     in     0 intervals
   from    0.00000     to   0.00000     in     0 intervals
   from    0.00000     to   0.00000     in     0 intervals

 Largest real,imaginary parts of any form factor at R=   29.50 are   4.88E-02  2.46E-19 MeV
 Finished all Couplings @   0.171875000              10

 Symmetric Hamiltonian
1***********************************************************************************************************************************
************************************************************************************************************************************

        INCOMING 4He      ;    LABORATORY 4He      ENERGY =   165.00     MeV.

 ***********************************************************************************************************************************
 ***********************************************************************************************************************************


  NOTE: Coulomb excitation cut off below   0.140 deg by JTMAX, and below   0.133 deg by Rmax

 Allocate arrays for            2  channels, of which            2  need wfs.

 ######################################################################################################################
 #                                                                                                                    #
 # Total SPIN and PARITY =     0.0 +,      2 channels,    0 in 1st block.  Rmin & Coul turning =    0.0    0.1 fm.  #
 #                                                                                                                    #
 ######################################################################################################################



    C Projectl Target   #   EX.   (L  Proj) J  + Targ = Jtotal     E-cm      Re K     Re Eta     RM*K            CH
    1 4He      4He      #    1: I   0 0.0    0.0  0.0     0.0    82.50000   2.80970   0.09808   84.2911  -0.44380  -0.23094 1 1 1   1
    2 p        7Li      #    1:     1 0.5    1.5  1.5     0.0    66.59365   1.66970   0.05416   50.0911   0.46449  -0.18607 2 1 2   1
   S-matrix    1 =   -0.18394   0.11572 for L=    0, J=    0.0 channel on core I =   0.0 from L=    0,  Acc. loss =  0.0 D.
 Elastic phase shift   1 =   73.913  43.728 deg. for the L =    0, J =    0.0 channel.
       0.0 -0.18394488  0.11571958i: elastic S-matrix  @@      0.00  0   0 F  0
 Reaction Xsec     0.0+/ 0 @ 1 =   3.792 , Out:   0.000#   3.833#   3.792f

 Allocate arrays for            4  channels, of which            4  need wfs.

 Total SPIN, PARITY =     1.0 -,      4 chs,      0 cc.  Rmin & Coul turning =    0.2    0.5
   S-matrix    1 =   -0.14226   0.16681 for L=    1, J=    1.0 channel on core I =   0.0 from L=    1,  Acc. loss =  0.0 D.
 Elastic phase shift   1 =   65.229  43.477 deg. for the L =    1, J =    1.0 channel.
       1.0 -0.14225853  0.16681114i: elastic S-matrix  @@      0.02  0   0 F  0
 Reaction Xsec     1.0-/ 1 @ 1 =  11.365 , Out:   0.000#   4.894#  11.365f

 Allocate arrays for            5  channels, of which            5  need wfs.

 Total SPIN, PARITY =     2.0 +,      5 chs,      0 cc.  Rmin & Coul turning =    0.3    0.9
   S-matrix    1 =   -0.10494   0.19492 for L=    2, J=    2.0 channel on core I =   0.0 from L=    2,  Acc. loss =  0.0 D.
 Elastic phase shift   1 =   59.148  43.198 deg. for the L =    2, J =    2.0 channel.
       2.0 -0.10493970  0.19492293i: elastic S-matrix  @@      0.02  0   0 F  0
 Reaction Xsec     2.0+/ 2 @ 1 =  18.922 , Out:   0.000#   0.014/  18.922f


 Total SPIN, PARITY =     3.0 -,      5 chs,      0 cc.  Rmin & Coul turning =    0.5    1.3
   S-matrix    1 =   -0.05916   0.21563 for L=    3, J=    3.0 channel on core I =   0.0 from L=    3,  Acc. loss =  0.0 D.
 Elastic phase shift   1 =   52.671  42.911 deg. for the L =    3, J =    3.0 channel.
       3.0 -0.05915998  0.21563405i: elastic S-matrix  @@      0.02  0   0 F  0
 Reaction Xsec     3.0-/ 3 @ 1 =  26.464 , Out:   0.000#   4.410#  26.464f


 Total SPIN, PARITY =     4.0 +,      5 chs,      0 cc.  Rmin & Coul turning =    0.6    1.6
   S-matrix    1 =    0.00055   0.22646 for L=    4, J=    4.0 channel on core I =   0.0 from L=    4,  Acc. loss =  0.0 D.
 Elastic phase shift   1 =   44.930  42.547 deg. for the L =    4, J =    4.0 channel.
       4.0  0.00055309  0.22646090i: elastic S-matrix  @@      0.00  0   0 F  0
 Reaction Xsec     4.0+/ 4 @ 1 =  33.979 , Out:   0.000#   0.016/  33.979f


 Total SPIN, PARITY =     5.0 -,      5 chs,      0 cc.  Rmin & Coul turning =    0.8    2.0
   S-matrix    1 =    0.07504   0.21712 for L=    5, J=    5.0 channel on core I =   0.0 from L=    5,  Acc. loss =  0.0 D.
 Elastic phase shift   1 =   35.468  42.138 deg. for the L =    5, J =    5.0 channel.
       5.0  0.07503507  0.21711744i: elastic S-matrix  @@      0.02  0   0 F  0
 Reaction Xsec     5.0-/ 5 @ 1 =  41.465 , Out:   0.000#   5.166#  41.465f


 Total SPIN, PARITY =     6.0 +,      5 chs,      0 cc.  Rmin & Coul turning =    0.9    2.3
   S-matrix    1 =    0.15577   0.17520 for L=    6, J=    6.0 channel on core I =   0.0 from L=    6,  Acc. loss =  0.0 D.
 Elastic phase shift   1 =   24.180  41.556 deg. for the L =    6, J =    6.0 channel.
       6.0  0.15577445  0.17520066i: elastic S-matrix  @@      0.02  0   0 F  0
 Reaction Xsec     6.0+/ 6 @ 1 =  48.890 , Out:   0.000#   3.407#  48.890f


 Total SPIN, PARITY =     7.0 -,      5 chs,      0 cc.  Rmin & Coul turning =    1.1    2.7
   S-matrix    1 =    0.22224   0.08809 for L=    7, J=    7.0 channel on core I =   0.0 from L=    7,  Acc. loss =  0.0 D.
 Elastic phase shift   1 =   10.811  40.997 deg. for the L =    7, J =    7.0 channel.
       7.0  0.22223547  0.08809084i: elastic S-matrix  @@      0.02  0   0 F  0
 Reaction Xsec     7.0-/ 7 @ 1 =  56.281 , Out:   0.000#   4.243#  56.281f


 Total SPIN, PARITY =     8.0 +,      5 chs,      0 cc.  Rmin & Coul turning =    1.2    3.1
   S-matrix    1 =    0.24207  -0.04259 for L=    8, J=    8.0 channel on core I =   0.0 from L=    8,  Acc. loss =  0.0 D.
 Elastic phase shift   1 =   -4.989  40.202 deg. for the L =    8, J =    8.0 channel.
       8.0  0.24206786 -0.04258544i: elastic S-matrix  @@      0.00  0   0 F  0
 Reaction Xsec     8.0+/ 8 @ 1 =  63.565 , Out:   0.000#   5.778#  63.565f


 Total SPIN, PARITY =     9.0 -,      5 chs,      0 cc.  Rmin & Coul turning =    1.4    3.4
   S-matrix    1 =    0.17449  -0.18282 for L=    9, J=    9.0 channel on core I =   0.0 from L=    9,  Acc. loss =  0.0 D.
 Elastic phase shift   1 =  -23.168  39.403 deg. for the L =    9, J =    9.0 channel.
       9.0  0.17449043 -0.18282492i: elastic S-matrix  @@      0.02  0   0 F  0
 Reaction Xsec     9.0-/ 9 @ 1 =  70.781 , Out:   0.000#   5.363#  70.781f


 Total SPIN, PARITY =    10.0 +,      5 chs,      0 cc.  Rmin & Coul turning =    1.5    3.8
   S-matrix    1 =    0.00131  -0.25894 for L=   10, J=   10.0 channel on core I =   0.0 from L=   10,  Acc. loss =  0.0 D.
 Elastic phase shift   1 =  -44.855  38.707 deg. for the L =   10, J =   10.0 channel.
      10.0  0.00131472 -0.25894408i: elastic S-matrix  @@      0.02  0   0 F  0
 Reaction Xsec    10.0+/10 @ 1 =  77.966 , Out:   0.000#   0.773#  77.966f


 Total SPIN, PARITY =    11.0 -,      5 chs,      0 cc.  Rmin & Coul turning =    1.7    4.1
   S-matrix    1 =   -0.20796  -0.17592 for L=   11, J=   11.0 channel on core I =   0.0 from L=   11,  Acc. loss =  0.0 D.
 Elastic phase shift   1 =  -69.885  37.257 deg. for the L =   11, J =   11.0 channel.
      11.0 -0.20795937 -0.17592203i: elastic S-matrix  @@      0.02  0   0 F  0
 Reaction Xsec    11.0-/11 @ 1 =  84.738 , Out:   0.000#   0.189#  84.738f


 Total SPIN, PARITY =    12.0 +,      5 chs,      0 cc.  Rmin & Coul turning =    1.8    4.5
   S-matrix    1 =   -0.26063   0.08205 for L=   12, J=   12.0 channel on core I =   0.0 from L=   12,  Acc. loss =  0.0 D.
 Elastic phase shift   1 =   81.263  37.168 deg. for the L =   12, J =   12.0 channel.
      12.0 -0.26062577  0.08204799i: elastic S-matrix  @@      0.02  0   0 F  0
 Reaction Xsec    12.0+/12 @ 1 =  92.060 , Out:   0.000#   0.067#  92.060f


 Total SPIN, PARITY =    13.0 -,      5 chs,      0 cc.  Rmin & Coul turning =    2.0    4.8
   S-matrix    1 =    0.01971   0.28221 for L=   13, J=   13.0 channel on core I =   0.0 from L=   13,  Acc. loss =  0.0 D.
 Elastic phase shift   1 =   43.003  36.173 deg. for the L =   13, J =   13.0 channel.
      13.0  0.01970792  0.28221054i: elastic S-matrix  @@      0.00  0   0 F  0
 Reaction Xsec    13.0-/13 @ 1 =  98.848 , Out:   0.000#   0.012#  98.848f


 Total SPIN, PARITY =    14.0 +,      5 chs,      0 cc.  Rmin & Coul turning =    2.1    5.2
   S-matrix    1 =    0.32887   0.05113 for L=   14, J=   14.0 channel on core I =   0.0 from L=   14,  Acc. loss =  0.0 D.
 Elastic phase shift   1 =    4.418  31.517 deg. for the L =   14, J =   14.0 channel.
      14.0  0.32887140  0.05112661i: elastic S-matrix  @@      0.02  0   0 F  0
 Reaction Xsec    14.0+/14 @ 1 = 102.622 , Out:   0.000#   0.002# 102.622f


 Total SPIN, PARITY =    15.0 -,      5 chs,      0 cc.  Rmin & Coul turning =    2.2    5.5
   S-matrix    1 =   -0.04242  -0.10708 for L=   15, J=   15.0 channel on core I =   0.0 from L=   15,  Acc. loss =  0.0 D.
 Elastic phase shift   1 =  -55.806  61.917 deg. for the L =   15, J =   15.0 channel.
      15.0 -0.04241979 -0.10707781i: elastic S-matrix  @@      0.02  0   0 F  0
 Reaction Xsec    15.0-/15 @ 1 = 121.728 , Out:   0.000#   0.000# 121.728f


 Total SPIN, PARITY =    16.0 +,      5 chs,      0 cc.  Rmin & Coul turning =    2.4    5.9
   S-matrix    1 =    0.23474   0.62630 for L=   16, J=   16.0 channel on core I =   0.0 from L=   16,  Acc. loss =  0.0 D.
 Elastic phase shift   1 =   34.727  11.522 deg. for the L =   16, J =   16.0 channel.
      16.0  0.23473629  0.62630223i: elastic S-matrix  @@      0.02  0   0 F  0
 Reaction Xsec    16.0+/16 @ 1 =  72.575 , Out:   0.000#   0.002#  72.575f


 Total SPIN, PARITY =    17.0 -,      5 chs,      0 cc.  Rmin & Coul turning =    2.6    6.3
   S-matrix    1 =    0.78475   0.45046 for L=   17, J=   17.0 channel on core I =   0.0 from L=   17,  Acc. loss =  0.0 D.
 Elastic phase shift   1 =   14.928   2.865 deg. for the L =   17, J =   17.0 channel.
      17.0  0.78475057  0.45045663i: elastic S-matrix  @@      0.02  0   0 F  0
 Reaction Xsec    17.0-/17 @ 1 =  25.246 , Out:   0.000#   0.001#  25.246f


 Total SPIN, PARITY =    18.0 +,      5 chs,      0 cc.  Rmin & Coul turning =    2.7    6.6
   S-matrix    1 =    0.93179   0.23964 for L=   18, J=   18.0 channel on core I =   0.0 from L=   18,  Acc. loss =  0.0 D.
 Elastic phase shift   1 =    7.212   1.106 deg. for the L =   18, J =   18.0 channel.
      18.0  0.93179433  0.23964320i: elastic S-matrix  @@      0.00  0   0 F  0
 Reaction Xsec    18.0+/18 @ 1 =  10.945 , Out:   0.000#   0.002#  10.945f


 Total SPIN, PARITY =    19.0 -,      5 chs,      0 cc.  Rmin & Coul turning =    2.9    7.0
   S-matrix    1 =    0.97418   0.12601 for L=   19, J=   19.0 channel on core I =   0.0 from L=   19,  Acc. loss =  0.0 D.
 Elastic phase shift   1 =    3.685   0.512 deg. for the L =   19, J =   19.0 channel.
      19.0  0.97417872  0.12600954i: elastic S-matrix  @@      0.03  0   0 F  0
 Reaction Xsec    19.0-/19 @ 1 =   5.447 , Out:   0.000#   0.001#   5.447f


 Total SPIN, PARITY =    20.0 +,      5 chs,      0 cc.  Rmin & Coul turning =    3.0    7.3
   S-matrix    1 =    0.98885   0.06685 for L=   20, J=   20.0 channel on core I =   0.0 from L=   20,  Acc. loss =  0.0 D.
 Elastic phase shift   1 =    1.934   0.256 deg. for the L =   20, J =   20.0 channel.
      20.0  0.98885451  0.06685362i: elastic S-matrix  @@      0.02  0   0 F  0
 Reaction Xsec    20.0+/20 @ 1 =   2.887 , Out:   0.000#   0.001#   2.887f


 Total SPIN, PARITY =    21.0 -,      5 chs,      0 cc.  Rmin & Coul turning =    3.2    7.7
   S-matrix    1 =    0.99474   0.03572 for L=   21, J=   21.0 channel on core I =   0.0 from L=   21,  Acc. loss =  0.0 D.
 Elastic phase shift   1 =    1.028   0.133 deg. for the L =   21, J =   21.0 channel.
      21.0  0.99474114  0.03572363i: elastic S-matrix  @@      0.02  0   0 F  0
 Reaction Xsec    21.0-/21 @ 1 =   1.577 , Out:   0.000#   0.001#   1.577f


 Total SPIN, PARITY =    22.0 +,      5 chs,      0 cc.  Rmin & Coul turning =    3.3    8.0
   S-matrix    1 =    0.99737   0.01917 for L=   22, J=   22.0 channel on core I =   0.0 from L=   22,  Acc. loss =  0.0 D.
 Elastic phase shift   1 =    0.551   0.070 deg. for the L =   22, J =   22.0 channel.
      22.0  0.99737474  0.01917033i: elastic S-matrix  @@      0.02  0   0 F  0
 Reaction Xsec    22.0+/22 @ 1 =   0.873 , Out:   0.000#   0.000#   0.873f


 Total SPIN, PARITY =    23.0 -,      5 chs,      0 cc.  Rmin & Coul turning =    3.5    8.4
   S-matrix    1 =    0.99864   0.01031 for L=   23, J=   23.0 channel on core I =   0.0 from L=   23,  Acc. loss =  0.0 D.
 Elastic phase shift   1 =    0.296   0.037 deg. for the L =   23, J =   23.0 channel.
      23.0  0.99864463  0.01031038i: elastic S-matrix  @@      0.00  0   0 F  0
 Reaction Xsec    23.0-/23 @ 1 =   0.487 , Out:   0.000#   0.002#   0.487f


 Total SPIN, PARITY =    24.0 +,      5 chs,      0 cc.  Rmin & Coul turning =    3.6    8.8
   S-matrix    1 =    0.99929   0.00555 for L=   24, J=   24.0 channel on core I =   0.0 from L=   24,  Acc. loss =  0.0 D.
 Elastic phase shift   1 =    0.159   0.020 deg. for the L =   24, J =   24.0 channel.
0****** WARNING : ACCURACY LOSS IN ERWIN = 14.4 DIGITS, SO EXPECT ERRORS OF   0.0000 % OF UNITARITY

      24.0  0.99928672  0.00555090i: elastic S-matrix  @@      0.02  0   0 F  0
 Reaction Xsec    24.0+/24 @ 1 =   0.272 , Out:   0.000#   0.001#   0.272f


 Total SPIN, PARITY =    25.0 -,      5 chs,      0 cc.  Rmin & Coul turning =    3.8    9.1
   S-matrix    1 =    0.99962   0.00299 for L=   25, J=   25.0 channel on core I =   0.0 from L=   25,  Acc. loss =  0.0 D.
 Elastic phase shift   1 =    0.086   0.011 deg. for the L =   25, J =   25.0 channel.
      25.0  0.99962065  0.00298945i: elastic S-matrix  @@      0.02  0   0 F  0
 Reaction Xsec    25.0-/25 @ 1 =   0.152 , Out:   0.000#   0.002#   0.152f


 Total SPIN, PARITY =    26.0 +,      5 chs,      0 cc.  Rmin & Coul turning =    3.9    9.5
   S-matrix    1 =    0.99980   0.00161 for L=   26, J=   26.0 channel on core I =   0.0 from L=   26,  Acc. loss =  0.0 D.
 Elastic phase shift   1 =    0.046   0.006 deg. for the L =   26, J =   26.0 channel.
0****** WARNING : ACCURACY LOSS IN ERWIN = 14.4 DIGITS, SO EXPECT ERRORS OF   0.0000 % OF UNITARITY

      26.0  0.99979712  0.00160989i: elastic S-matrix  @@      0.00  0   0 F  0
 Reaction Xsec    26.0+/26 @ 1 =   0.085 , Out:   0.000#   0.003#   0.085f


 Total SPIN, PARITY =    27.0 -,      5 chs,      0 cc.  Rmin & Coul turning =    4.0    9.8
   S-matrix    1 =    0.99989   0.00087 for L=   27, J=   27.0 channel on core I =   0.0 from L=   27,  Acc. loss =  0.0 D.
 Elastic phase shift   1 =    0.025   0.003 deg. for the L =   27, J =   27.0 channel.
0****** WARNING : ACCURACY LOSS IN ERWIN = 14.2 DIGITS, SO EXPECT ERRORS OF   0.0001 % OF UNITARITY

      27.0  0.99989119  0.00086673i: elastic S-matrix  @@      0.02  0   0 F  0
 Reaction Xsec    27.0-/27 @ 1 =   0.047 , Out:   0.000#   0.014#   0.047f


 Total SPIN, PARITY =    28.0 +,      5 chs,      0 cc.  Rmin & Coul turning =    4.2   10.2
   S-matrix    1 =    0.99994   0.00047 for L=   28, J=   28.0 channel on core I =   0.0 from L=   28,  Acc. loss =  0.0 D.
 Elastic phase shift   1 =    0.013   0.002 deg. for the L =   28, J =   28.0 channel.
      28.0  0.99994156  0.00046647i: elastic S-matrix  @@      0.02  0   0 F  0
 Reaction Xsec    28.0+/28 @ 1 =   0.026 , Out:   0.000#   0.204#   0.026f


 Total SPIN, PARITY =    29.0 -,      5 chs,      0 cc.  Rmin & Coul turning =    4.4   10.5
   S-matrix    1 =    0.99997   0.00025 for L=   29, J=   29.0 channel on core I =   0.0 from L=   29,  Acc. loss =  0.0 D.
 Elastic phase shift   1 =    0.007   0.001 deg. for the L =   29, J =   29.0 channel.
      29.0  0.99996860  0.00025096i: elastic S-matrix  @@      0.00  0   0 F  0
 Reaction Xsec    29.0-/29 @ 1 =   0.015 , Out:   0.000#   0.026/   0.015f


 Total SPIN, PARITY =    30.0 +,      5 chs,      0 cc.  Rmin & Coul turning =    4.5   10.9
   S-matrix    1 =    0.99998   0.00013 for L=   30, J=   30.0 channel on core I =   0.0 from L=   30,  Acc. loss =  0.0 D.
 Elastic phase shift   1 =    0.004   0.000 deg. for the L =   30, J =   30.0 channel.
      30.0  0.99998313  0.00013497i: elastic S-matrix  @@      0.02  0   0 F  0
 Reaction Xsec    30.0+/30 @ 1 =   8.186/, Out:   0.000#   0.012/   0.008f


 Total SPIN, PARITY =    31.0 -,      5 chs,      0 cc.  Rmin & Coul turning =    4.7   11.2
   S-matrix    1 =    0.99999   0.00007 for L=   31, J=   31.0 channel on core I =   0.0 from L=   31,  Acc. loss =  0.0 D.
 Elastic phase shift   1 =    0.002   0.000 deg. for the L =   31, J =   31.0 channel.
0****** WARNING : ACCURACY LOSS IN ERWIN = 14.4 DIGITS, SO EXPECT ERRORS OF   0.0033 % OF UNITARITY

      31.0  0.99999094  0.00007258i: elastic S-matrix  @@      0.02  0   0 F  0
 Reaction Xsec    31.0-/31 @ 1 =   4.543/, Out:   0.000#   0.350/   0.004f


 Total SPIN, PARITY =    32.0 +,      5 chs,      0 cc.  Rmin & Coul turning =    4.8   11.6
   S-matrix    1 =    1.00000   0.00004 for L=   32, J=   32.0 channel on core I =   0.0 from L=   32,  Acc. loss =  0.0 D.
 Elastic phase shift   1 =    0.001   0.000 deg. for the L =   32, J =   32.0 channel.
0****** WARNING : ACCURACY LOSS IN ERWIN = 14.4 DIGITS, SO EXPECT ERRORS OF   0.0001 % OF UNITARITY

      32.0  0.99999513  0.00003902i: elastic S-matrix  @@      0.02  0   0 F  0
 Reaction Xsec    32.0+/32 @ 1 =   2.518/, Out:   0.000#   0.019/   0.002f


 Total SPIN, PARITY =    33.0 -,      5 chs,      0 cc.  Rmin & Coul turning =    5.0   12.0
   S-matrix    1 =    1.00000   0.00002 for L=   33, J=   33.0 channel on core I =   0.0 from L=   33,  Acc. loss =  0.0 D.
 Elastic phase shift   1 =    0.001   0.000 deg. for the L =   33, J =   33.0 channel.
0****** WARNING : ACCURACY LOSS IN ERWIN = 14.3 DIGITS, SO EXPECT ERRORS OF   0.0024 % OF UNITARITY

      33.0  0.99999739  0.00002099i: elastic S-matrix  @@      0.00  0   0 F  0
 Reaction Xsec    33.0-/33 @ 1 =   1.394/, Out:   0.000#   0.244/   0.001f


 Total SPIN, PARITY =    34.0 +,      5 chs,      0 cc.  Rmin & Coul turning =    5.1   12.3
   S-matrix    1 =    1.00000   0.00001 for L=   34, J=   34.0 channel on core I =   0.0 from L=   34,  Acc. loss =  0.0 D.
 Elastic phase shift   1 =    0.000   0.000 deg. for the L =   34, J =   34.0 channel.
0****** WARNING : ACCURACY LOSS IN ERWIN = 14.9 DIGITS, SO EXPECT ERRORS OF   0.0284 % OF UNITARITY

      34.0  0.99999860  0.00001131i: elastic S-matrix  @@      0.02  0   0 F  0
 Reaction Xsec    34.0+/34 @ 1 =   0.770/, Out:   0.000#   5.816/  -0.005f


 Total SPIN, PARITY =    35.0 -,      5 chs,      0 cc.  Rmin & Coul turning =    5.2   12.7
   S-matrix    1 =    1.00000   0.00001 for L=   35, J=   35.0 channel on core I =   0.0 from L=   35,  Acc. loss =  0.0 D.
 Elastic phase shift   1 =    0.000   0.000 deg. for the L =   35, J =   35.0 channel.
0****** WARNING : ACCURACY LOSS IN ERWIN = 15.0 DIGITS, SO EXPECT ERRORS OF   0.0625 % OF UNITARITY

      35.0  0.99999925  0.00000609i: elastic S-matrix  @@      0.02  0   0 F  0
 Reaction Xsec    35.0-/35 @ 1 =   0.425/, Out:   0.000#   0.062   -0.061f


 Total SPIN, PARITY =    36.0 +,      5 chs,      0 cc.  Rmin & Coul turning =    5.4   13.0
   S-matrix    1 =    1.00000   0.00000 for L=   36, J=   36.0 channel on core I =   0.0 from L=   36,  Acc. loss =  0.0 D.
 Elastic phase shift   1 =    0.000   0.000 deg. for the L =   36, J =   36.0 channel.
0****** WARNING : ACCURACY LOSS IN ERWIN = 14.6 DIGITS, SO EXPECT ERRORS OF   0.0488 % OF UNITARITY

      36.0  0.99999960  0.00000330i: elastic S-matrix  @@      0.02  0   0 F  0
 Reaction Xsec    36.0+/36 @ 1 =   0.235/, Out:   0.000#   1.774   -1.773f


 Total SPIN, PARITY =    37.0 -,      5 chs,      0 cc.  Rmin & Coul turning =    5.6   13.4
   S-matrix    1 =    1.00000   0.00000 for L=   37, J=   37.0 channel on core I =   0.0 from L=   37,  Acc. loss =  0.0 D.
 Elastic phase shift   1 =    0.000   0.000 deg. for the L =   37, J =   37.0 channel.
      37.0  0.99999978  0.00000180i: elastic S-matrix  @@      0.00  0   0 F  0
 Reaction Xsec    37.0-/37 @ 1 =   0.129/, Out:   0.000#   0.012   -0.012f


 Total SPIN, PARITY =    38.0 +,      5 chs,      0 cc.  Rmin & Coul turning =    5.7   13.7
   S-matrix    1 =    1.00000   0.00000 for L=   38, J=   38.0 channel on core I =   0.0 from L=   38,  Acc. loss =  0.0 D.
 Elastic phase shift   1 =    0.000   0.000 deg. for the L =   38, J =   38.0 channel.
      38.0  0.99999988  0.00000098i: elastic S-matrix  @@      0.02  0   0 F  0
 Reaction Xsec    38.0+/38 @ 1 =   0.071/, Out:   0.000#   0.042/   0.000f


 Total SPIN, PARITY =    39.0 -,      5 chs,      0 cc.  Rmin & Coul turning =    5.9   14.1
   S-matrix    1 =    1.00000   0.00000 for L=   39, J=   39.0 channel on core I =   0.0 from L=   39,  Acc. loss =  0.0 D.
 Elastic phase shift   1 =    0.000   0.000 deg. for the L =   39, J =   39.0 channel.
      39.0  0.99999994  0.00000056i: elastic S-matrix  @@      0.02  0   0 F  0
 Reaction Xsec    39.0-/39 @ 1 =   0.039/, Out:   0.000#   5.144   -5.144f


 Total SPIN, PARITY =    40.0 +,      5 chs,      0 cc.  Rmin & Coul turning =    6.0   14.4
   S-matrix    1 =    1.00000   0.00000 for L=   40, J=   40.0 channel on core I =   0.0 from L=   40,  Acc. loss =  0.0 D.
 Elastic phase shift   1 =    0.000   0.000 deg. for the L =   40, J =   40.0 channel.
0****** WARNING : ACCURACY LOSS IN ERWIN = 14.2 DIGITS, SO EXPECT ERRORS OF   0.9795 % OF UNITARITY

      40.0  0.99999997  0.00000033i: elastic S-matrix  @@      0.00  0   0 F  0
 Reaction Xsec    40.0+/40 @ 1 =   0.021/, Out:   0.000#  12.948  -12.948f


 Total SPIN, PARITY =    41.0 -,      5 chs,      0 cc.  Rmin & Coul turning =    6.2   14.8
   S-matrix    1 =    1.00000   0.00000 for L=   41, J=   41.0 channel on core I =   0.0 from L=   41,  Acc. loss =  0.0 D.
 Elastic phase shift   1 =    0.000   0.000 deg. for the L =   41, J =   41.0 channel.
      41.0  0.99999998  0.00000018i: elastic S-matrix  @@      0.02  0   0 F  0
 Reaction Xsec    41.0-/41 @ 1 =   0.012/, Out:   0.000# 354.596 -354.596f


 Total SPIN, PARITY =    42.0 +,      5 chs,      0 cc.  Rmin & Coul turning =    6.3   15.2
   S-matrix    1 =    1.00000   0.00000 for L=   42, J=   42.0 channel on core I =   0.0 from L=   42,  Acc. loss =  0.0 D.
 Elastic phase shift   1 =    0.000   0.000 deg. for the L =   42, J =   42.0 channel.
      42.0  0.99999999  0.00000013i: elastic S-matrix  @@      0.00  0   0 F  0
 Reaction Xsec    42.0+/42 @ 1 =   6.457#, Out:   0.000# 863.298 -863.298f


 Total SPIN, PARITY =    43.0 -,      5 chs,      0 cc.  Rmin & Coul turning =    6.5   15.5
   S-matrix    1 =    1.00000   0.00000 for L=   43, J=   43.0 channel on core I =   0.0 from L=   43,  Acc. loss =  0.0 D.
 Elastic phase shift   1 =    0.000   0.000 deg. for the L =   43, J =   43.0 channel.
   61094788647175.398        301729693666512.94        2.2204460492503131E-016
 Increase lower cutoff: eg CUTL. Continuing.
      43.0  0.99999999  0.00000009i: elastic S-matrix  @@      0.02  0   0 F  0
 Reaction Xsec    43.0-/43 @ 1 =   3.537#, Out:   0.000#******** ********f


 Total SPIN, PARITY =    44.0 +,      5 chs,      0 cc.  Rmin & Coul turning =    6.6   15.9
   S-matrix    1 =    1.00000   0.00000 for L=   44, J=   44.0 channel on core I =   0.0 from L=   44,  Acc. loss =  0.0 D.
 Elastic phase shift   1 =    0.000   0.000 deg. for the L =   44, J =   44.0 channel.
0****** WARNING : ACCURACY LOSS IN ERWIN = 14.5 DIGITS, SO EXPECT ERRORS OF 143.2860 % OF UNITARITY

   292461891109389.19        2151008963696837.0        2.2204460492503131E-016
 Increase lower cutoff: eg CUTL. Continuing.
      44.0  1.00000000  0.00000005i: elastic S-matrix  @@      0.02  0   0 F  0
 Reaction Xsec    44.0+/44 @ 1 =   1.936#, Out:   0.000#******** ********f


 Total SPIN, PARITY =    45.0 -,      5 chs,      0 cc.  Rmin & Coul turning =    6.8   16.2
   S-matrix    1 =    1.00000   0.00000 for L=   45, J=   45.0 channel on core I =   0.0 from L=   45,  Acc. loss =  0.0 D.
 Elastic phase shift   1 =    0.000   0.000 deg. for the L =   45, J =   45.0 channel.
   130181997834483.30        1604145759461828.2        2.2204460492503131E-016
 Increase lower cutoff: eg CUTL. Continuing.
      45.0  1.00000000  0.00000005i: elastic S-matrix  @@      0.00  0   0 F  0
 Reaction Xsec    45.0-/45 @ 1 =   1.059#, Out:   0.000#******** ********f


 Total SPIN, PARITY =    46.0 +,      5 chs,      0 cc.  Rmin & Coul turning =    6.9   16.6
   S-matrix    1 =    1.00000   0.00000 for L=   46, J=   46.0 channel on core I =   0.0 from L=   46,  Acc. loss =  0.0 D.
 Elastic phase shift   1 =    0.000   0.000 deg. for the L =   46, J =   46.0 channel.
0****** WARNING : ACCURACY LOSS IN ERWIN = 14.5 DIGITS, SO EXPECT ERRORS OF 502.5447 % OF UNITARITY

   325426343642753.50        7544200457187476.0        2.2204460492503131E-016
 Increase lower cutoff: eg CUTL. Continuing.
      46.0  1.00000000  0.00000005i: elastic S-matrix  @@      0.02  0   0 F  0
 Reaction Xsec    46.0+/46 @ 1 =   0.579#, Out:   0.000#******** ********f


 Total SPIN, PARITY =    47.0 -,      5 chs,      0 cc.  Rmin & Coul turning =    7.1   16.9
   S-matrix    1 =    1.00000   0.00000 for L=   47, J=   47.0 channel on core I =   0.0 from L=   47,  Acc. loss =  0.0 D.
 Elastic phase shift   1 =    0.000   0.000 deg. for the L =   47, J =   47.0 channel.
0****** WARNING : ACCURACY LOSS IN ERWIN = 14.3 DIGITS, SO EXPECT ERRORS OF 915.7472 % OF UNITARITY

   188540737022603.44        13747195762948684.        2.2204460492503131E-016
 Increase lower cutoff: eg CUTL. Continuing.
      47.0  1.00000000  0.00000002i: elastic S-matrix  @@      0.02  0   0 F  0
 Reaction Xsec    47.0-/47 @ 1 =   0.316#, Out:   0.000#******** ********f


 Total SPIN, PARITY =    48.0 +,      5 chs,      0 cc.  Rmin & Coul turning =    7.2   17.3
   S-matrix    1 =    1.00000   0.00000 for L=   48, J=   48.0 channel on core I =   0.0 from L=   48,  Acc. loss =  0.0 D.
 Elastic phase shift   1 =    0.000   0.000 deg. for the L =   48, J =   48.0 channel.
0****** WARNING : ACCURACY LOSS IN ERWIN = 14.8 DIGITS, SO EXPECT ERRORS OF 393.8173 % OF UNITARITY

   605991981812447.75        5911985101554274.0        2.2204460492503131E-016
 Increase lower cutoff: eg CUTL. Continuing.
      48.0  1.00000000  0.00000003i: elastic S-matrix  @@      0.00  0   0 F  0
 Reaction Xsec    48.0+/48 @ 1 =   0.173#, Out:   0.000#******** ********f


 Total SPIN, PARITY =    49.0 -,      5 chs,      0 cc.  Rmin & Coul turning =    7.4   17.7
   S-matrix    1 =    1.00000   0.00000 for L=   49, J=   49.0 channel on core I =   0.0 from L=   49,  Acc. loss =  0.0 D.
 Elastic phase shift   1 =    0.000   0.000 deg. for the L =   49, J =   49.0 channel.
0****** WARNING : ACCURACY LOSS IN ERWIN = 14.7 DIGITS, SO EXPECT ERRORS OF1504.5612 % OF UNITARITY

   495860178876222.69        22586470900273632.        2.2204460492503131E-016
 Increase lower cutoff: eg CUTL. Continuing.
      49.0  1.00000000  0.00000003i: elastic S-matrix  @@      0.02  0   0 F  0
 Reaction Xsec    49.0-/49 @ 1 =   0.094#, Out:   0.000#******** ********f


 Total SPIN, PARITY =    50.0 +,      5 chs,      0 cc.  Rmin & Coul turning =    7.5   18.0
   S-matrix    1 =    1.00000   0.00000 for L=   50, J=   50.0 channel on core I =   0.0 from L=   50,  Acc. loss =  0.0 D.
 Elastic phase shift   1 =    0.000   0.000 deg. for the L =   50, J =   50.0 channel.
0****** WARNING : ACCURACY LOSS IN ERWIN = 15.0 DIGITS, SO EXPECT ERRORS OF 358.9204 % OF UNITARITY

   966210288197080.75        5388112701649698.0        2.2204460492503131E-016
 Increase lower cutoff: eg CUTL. Continuing.
      50.0  1.00000000  0.00000001i: elastic S-matrix  @@      0.02  0   0 F  0
 Reaction Xsec    50.0+/50 @ 1 =   0.051#, Out:   0.000#******** ********f


 Total SPIN, PARITY =    51.0 -,      5 chs,      0 cc.  Rmin & Coul turning =    7.7   18.4
   S-matrix    1 =    1.00000   0.00000 for L=   51, J=   51.0 channel on core I =   0.0 from L=   51,  Acc. loss =  0.0 D.
 Elastic phase shift   1 =    0.000   0.000 deg. for the L =   51, J =   51.0 channel.
0****** WARNING : ACCURACY LOSS IN ERWIN = 15.2 DIGITS, SO EXPECT ERRORS OF 125.5368 % OF UNITARITY

   1550321559821191.0        1884558784780062.2        2.2204460492503131E-016
 Increase lower cutoff: eg CUTL. Continuing.
      51.0  1.00000000  0.00000001i: elastic S-matrix  @@      0.00  0   0 F  0
 Reaction Xsec    51.0-/51 @ 1 =   0.028#, Out:   0.000#******** ********f


 Total SPIN, PARITY =    52.0 +,      5 chs,      0 cc.  Rmin & Coul turning =    7.8   18.7
   S-matrix    1 =    1.00000   0.00000 for L=   52, J=   52.0 channel on core I =   0.0 from L=   52,  Acc. loss =  0.0 D.
 Elastic phase shift   1 =    0.000   0.000 deg. for the L =   52, J =   52.0 channel.
0****** WARNING : ACCURACY LOSS IN ERWIN = 15.3 DIGITS, SO EXPECT ERRORS OF 753.5419 % OF UNITARITY

   2195762529770469.8        11312170268697414.        2.2204460492503131E-016
 Increase lower cutoff: eg CUTL. Continuing.
      52.0  1.00000000  0.00000002i: elastic S-matrix  @@      0.02  0   0 F  0
 Reaction Xsec    52.0+/52 @ 1 =   0.015#, Out:   0.000#******** ********f


 Total SPIN, PARITY =    53.0 -,      5 chs,      0 cc.  Rmin & Coul turning =    8.0   19.1
   S-matrix    1 =    1.00000   0.00000 for L=   53, J=   53.0 channel on core I =   0.0 from L=   53,  Acc. loss =  0.0 D.
 Elastic phase shift   1 =    0.000   0.000 deg. for the L =   53, J =   53.0 channel.
0****** WARNING : ACCURACY LOSS IN ERWIN = 14.9 DIGITS, SO EXPECT ERRORS OF 296.3867 % OF UNITARITY

   834341932374489.12        4449356729381035.5        2.2204460492503131E-016
 Increase lower cutoff: eg CUTL. Continuing.
      53.0  1.00000000  0.00000001i: elastic S-matrix  @@      0.00  0   0 F  0
 Reaction Xsec    53.0-/53 @ 1 =   0.008#, Out:   0.000#******** ********f


 Total SPIN, PARITY =    54.0 +,      5 chs,      0 cc.  Rmin & Coul turning =    8.1   19.4
   S-matrix    1 =    1.00000  -0.00000 for L=   54, J=   54.0 channel on core I =   0.0 from L=   54,  Acc. loss =  0.0 D.
 Elastic phase shift   1 =   -0.000   0.000 deg. for the L =   54, J =   54.0 channel.
0****** WARNING : ACCURACY LOSS IN ERWIN = 17.6 DIGITS, SO EXPECT ERRORS OF2722.1622 % OF UNITARITY

   3.6702757036185830E+017   40865095212153776.        2.2204460492503131E-016
 Increase lower cutoff: eg CUTL. Continuing.
      54.0  1.00000000 -0.00000001i: elastic S-matrix  @@      0.02  0   0 F  0
 Reaction Xsec    54.0+/54 @ 1 =   0.005#, Out:   0.000#******** ********f


 Total SPIN, PARITY =    55.0 -,      5 chs,      0 cc.  Rmin & Coul turning =    8.2   19.8
   S-matrix    1 =    1.00000   0.00000 for L=   55, J=   55.0 channel on core I =   0.0 from L=   55,  Acc. loss =  0.0 D.
 Elastic phase shift   1 =    0.000   0.000 deg. for the L =   55, J =   55.0 channel.
0****** WARNING : ACCURACY LOSS IN ERWIN = 15.2 DIGITS, SO EXPECT ERRORS OF2319.7193 % OF UNITARITY

   1657793459075152.8        34823623884050028.        2.2204460492503131E-016
 Increase lower cutoff: eg CUTL. Continuing.
      55.0  1.00000000  0.00000000i: elastic S-matrix  @@      0.02  0   0 F  0
 Reaction Xsec    55.0-/55 @ 1 =   0.002#, Out:   0.000#******** ********f


 Total SPIN, PARITY =    56.0 +,      5 chs,      0 cc.  Rmin & Coul turning =    8.4   20.1
   S-matrix    1 =    1.00000   0.00000 for L=   56, J=   56.0 channel on core I =   0.0 from L=   56,  Acc. loss =  0.0 D.
 Elastic phase shift   1 =    0.000   0.000 deg. for the L =   56, J =   56.0 channel.
0****** WARNING : ACCURACY LOSS IN ERWIN = 14.7 DIGITS, SO EXPECT ERRORS OF8324.5507 % OF UNITARITY

   467366962741699.50        1.2496814510199998E+017   2.2204460492503131E-016
 Increase lower cutoff: eg CUTL. Continuing.
      56.0  1.00000000  0.00000001i: elastic S-matrix  @@      0.00  0   0 F  0
 Reaction Xsec    56.0+/56 @ 1 =   0.001#, Out:   0.000#******** ********f


 Total SPIN, PARITY =    57.0 -,      5 chs,      0 cc.  Rmin & Coul turning =    8.6   20.5
   S-matrix    1 =    1.00000  -0.00000 for L=   57, J=   57.0 channel on core I =   0.0 from L=   57,  Acc. loss =  0.0 D.
 Elastic phase shift   1 =   -0.000   0.000 deg. for the L =   57, J =   57.0 channel.
0****** WARNING : ACCURACY LOSS IN ERWIN = 15.6 DIGITS, SO EXPECT ERRORS OF1716.6000 % OF UNITARITY

   4194338889307830.5        25769596912723144.        2.2204460492503131E-016
 Increase lower cutoff: eg CUTL. Continuing.
      57.0  1.00000000 -0.00000000i: elastic S-matrix  @@      0.02  0   0 F  0
 Reaction Xsec    57.0-/57 @ 1 =   0.001#, Out:   0.000#******** ********f


 Total SPIN, PARITY =    58.0 +,      5 chs,      0 cc.  Rmin & Coul turning =    8.7   20.9
   S-matrix    1 =    1.00000  -0.00000 for L=   58, J=   58.0 channel on core I =   0.0 from L=   58,  Acc. loss =  0.0 D.
 Elastic phase shift   1 =   -0.000   0.000 deg. for the L =   58, J =   58.0 channel.
0****** WARNING : ACCURACY LOSS IN ERWIN = 15.2 DIGITS, SO EXPECT ERRORS OF 224.9215 % OF UNITARITY

   1747850986727697.5        3376520627358856.5        2.2204460492503131E-016
 Increase lower cutoff: eg CUTL. Continuing.
      58.0  1.00000000 -0.00000002i: elastic S-matrix  @@      0.02  0   0 F  0
 Reaction Xsec    58.0+/58 @ 1 =   0.000#, Out:   0.000#******** ********f


 Total SPIN, PARITY =    59.0 -,      5 chs,      0 cc.  Rmin & Coul turning =    8.8   21.2
   S-matrix    1 =    1.00000  -0.00000 for L=   59, J=   59.0 channel on core I =   0.0 from L=   59,  Acc. loss =  0.0 D.
 Elastic phase shift   1 =   -0.000   0.000 deg. for the L =   59, J =   59.0 channel.
0****** WARNING : ACCURACY LOSS IN ERWIN = 15.1 DIGITS, SO EXPECT ERRORS OF 546.3009 % OF UNITARITY

   1184230001472788.8        8201068544238785.0        2.2204460492503131E-016
 Increase lower cutoff: eg CUTL. Continuing.
      59.0  1.00000000 -0.00000001i: elastic S-matrix  @@      0.02  0   0 F  0
 Reaction Xsec    59.0-/59 @ 1 =   0.000#, Out:   0.000#******** ********f


 Total SPIN, PARITY =    60.0 +,      5 chs,      0 cc.  Rmin & Coul turning =    9.0   21.6
   S-matrix    1 =    1.00000   0.00000 for L=   60, J=   60.0 channel on core I =   0.0 from L=   60,  Acc. loss =  0.0 D.
 Elastic phase shift   1 =    0.000   0.000 deg. for the L =   60, J =   60.0 channel.
0****** WARNING : ACCURACY LOSS IN ERWIN = 15.4 DIGITS, SO EXPECT ERRORS OF2337.7187 % OF UNITARITY

   2488736771170125.0        35093830901495476.        2.2204460492503131E-016
 Increase lower cutoff: eg CUTL. Continuing.
      60.0  1.00000000  0.00000000i: elastic S-matrix  @@      0.02  0   0 F  0
 Reaction Xsec    60.0+/60 @ 1 =   0.000#, Out:   0.000#******** ********f


 Total SPIN, PARITY =    61.0 -,      5 chs,      0 cc.  Rmin & Coul turning =    9.2   21.9
   S-matrix    1 =    1.00000  -0.00000 for L=   61, J=   61.0 channel on core I =   0.0 from L=   61,  Acc. loss =  0.0 D.
 Elastic phase shift   1 =   -0.000   0.000 deg. for the L =   61, J =   61.0 channel.
0****** WARNING : ACCURACY LOSS IN ERWIN = 15.1 DIGITS, SO EXPECT ERRORS OF2553.2566 % OF UNITARITY

   1143425100856125.5        38329484601940688.        2.2204460492503131E-016
 Increase lower cutoff: eg CUTL. Continuing.
      61.0  1.00000000 -0.00000001i: elastic S-matrix  @@      0.02  0   0 F  0
 Reaction Xsec    61.0-/61 @ 1 =   0.000#, Out:   0.000#******** ********f


 Total SPIN, PARITY =    62.0 +,      5 chs,      0 cc.  Rmin & Coul turning =    9.3   22.3
   S-matrix    1 =    1.00000  -0.00000 for L=   62, J=   62.0 channel on core I =   0.0 from L=   62,  Acc. loss =  0.0 D.
 Elastic phase shift   1 =   -0.000   0.000 deg. for the L =   62, J =   62.0 channel.
0****** WARNING : ACCURACY LOSS IN ERWIN = 19.4 DIGITS, SO EXPECT ERRORS OF 783.8866 % OF UNITARITY

   2.3091111467184759E+019   11767704246589548.        2.2204460492503131E-016
 Increase lower cutoff: eg CUTL. Continuing.
      62.0  1.00000000 -0.00000003i: elastic S-matrix  @@      0.02  0   0 F  0
 Reaction Xsec    62.0+/62 @ 1 =   0.000#, Out:   0.000#******** ********f


 Total SPIN, PARITY =    63.0 -,      5 chs,      0 cc.  Rmin & Coul turning =    9.5   22.6
   S-matrix    1 =    1.00000  -0.00000 for L=   63, J=   63.0 channel on core I =   0.0 from L=   63,  Acc. loss =  0.0 D.
 Elastic phase shift   1 =   -0.000   0.000 deg. for the L =   63, J =   63.0 channel.
0****** WARNING : ACCURACY LOSS IN ERWIN = 15.5 DIGITS, SO EXPECT ERRORS OF 266.9786 % OF UNITARITY

   3267155055642221.0        4007883150202225.5        2.2204460492503131E-016
 Increase lower cutoff: eg CUTL. Continuing.
      63.0  1.00000000 -0.00000002i: elastic S-matrix  @@      0.00  0   0 F  0
 Reaction Xsec    63.0-/63 @ 1 =   0.000#, Out:   0.000#******** ********f


 Total SPIN, PARITY =    64.0 +,      5 chs,      0 cc.  Rmin & Coul turning =    9.6   23.0
   S-matrix    1 =    1.00000  -0.00000 for L=   64, J=   64.0 channel on core I =   0.0 from L=   64,  Acc. loss =  0.0 D.
 Elastic phase shift   1 =   -0.000   0.000 deg. for the L =   64, J =   64.0 channel.
0****** WARNING : ACCURACY LOSS IN ERWIN = 15.3 DIGITS, SO EXPECT ERRORS OF 346.1212 % OF UNITARITY

   2010423768648033.5        5195970817314731.0        2.2204460492503131E-016
 Increase lower cutoff: eg CUTL. Continuing.
      64.0  1.00000000 -0.00000001i: elastic S-matrix  @@      0.02  0   0 F  0
 Reaction Xsec    64.0+/64 @ 1 =   0.000#, Out:   0.000#******** ********f


 Total SPIN, PARITY =    65.0 -,      5 chs,      0 cc.  Rmin & Coul turning =    9.8   23.3
   S-matrix    1 =    1.00000  -0.00000 for L=   65, J=   65.0 channel on core I =   0.0 from L=   65,  Acc. loss =  0.0 D.
 Elastic phase shift   1 =   -0.000   0.000 deg. for the L =   65, J =   65.0 channel.
0****** WARNING : ACCURACY LOSS IN ERWIN = 15.5 DIGITS, SO EXPECT ERRORS OF  71.9523 % OF UNITARITY

   2833382625859715.0        1080147606113620.5        2.2204460492503131E-016
 Increase lower cutoff: eg CUTL. Continuing.
      65.0  1.00000000 -0.00000001i: elastic S-matrix  @@      0.02  0   0 F  0
 Reaction Xsec    65.0-/65 @ 1 =   0.000#, Out:   0.000#2067.332 ********f


 Total SPIN, PARITY =    66.0 +,      5 chs,      0 cc.  Rmin & Coul turning =    9.9   23.7
   S-matrix    1 =    1.00000  -0.00000 for L=   66, J=   66.0 channel on core I =   0.0 from L=   66,  Acc. loss =  0.0 D.
 Elastic phase shift   1 =   -0.000   0.000 deg. for the L =   66, J =   66.0 channel.
0****** WARNING : ACCURACY LOSS IN ERWIN = 15.3 DIGITS, SO EXPECT ERRORS OF  77.7847 % OF UNITARITY

   2001902314187131.8        1167704065460675.0        2.2204460492503131E-016
 Increase lower cutoff: eg CUTL. Continuing.
      66.0  1.00000000 -0.00000003i: elastic S-matrix  @@      0.00  0   0 F  0
 Reaction Xsec    66.0+/66 @ 1 =   0.000#, Out:   0.000#2004.696 ********f


 Total SPIN, PARITY =    67.0 -,      5 chs,      0 cc.  Rmin & Coul turning =   10.1   24.1
   S-matrix    1 =    1.00000  -0.00000 for L=   67, J=   67.0 channel on core I =   0.0 from L=   67,  Acc. loss =  0.0 D.
 Elastic phase shift   1 =   -0.000   0.000 deg. for the L =   67, J =   67.0 channel.
0****** WARNING : ACCURACY LOSS IN ERWIN = 15.2 DIGITS, SO EXPECT ERRORS OF  25.7870 % OF UNITARITY

   1538614817338163.0        387113959185809.12        2.2204460492503131E-016
 Increase lower cutoff: eg CUTL. Continuing.
      67.0  1.00000000 -0.00000004i: elastic S-matrix  @@      0.02  0   0 F  0
 Reaction Xsec    67.0-/67 @ 1 =   0.000#, Out:   0.000# 302.838 -302.838f


 Total SPIN, PARITY =    68.0 +,      5 chs,      0 cc.  Rmin & Coul turning =   10.2   24.4
   S-matrix    1 =    1.00000  -0.00000 for L=   68, J=   68.0 channel on core I =   0.0 from L=   68,  Acc. loss =  0.0 D.
 Elastic phase shift   1 =   -0.000   0.000 deg. for the L =   68, J =   68.0 channel.
0****** WARNING : ACCURACY LOSS IN ERWIN = 15.4 DIGITS, SO EXPECT ERRORS OF   5.3659 % OF UNITARITY

      68.0  1.00000000 -0.00000003i: elastic S-matrix  @@      0.00  0   0 F  0
 Reaction Xsec    68.0+/68 @ 1 =   0.000#, Out:   0.000#  52.951  -52.951f


 Total SPIN, PARITY =    69.0 -,      5 chs,      0 cc.  Rmin & Coul turning =   10.4   24.8
   S-matrix    1 =    1.00000  -0.00000 for L=   69, J=   69.0 channel on core I =   0.0 from L=   69,  Acc. loss =  0.0 D.
 Elastic phase shift   1 =   -0.000   0.000 deg. for the L =   69, J =   69.0 channel.
0****** WARNING : ACCURACY LOSS IN ERWIN = 15.5 DIGITS, SO EXPECT ERRORS OF   3.2606 % OF UNITARITY

      69.0  1.00000000 -0.00000001i: elastic S-matrix  @@      0.02  0   0 F  0
 Reaction Xsec    69.0-/69 @ 1 =   0.000#, Out:   0.000#   2.975   -2.975f


 Total SPIN, PARITY =    70.0 +,      5 chs,      0 cc.  Rmin & Coul turning =   10.5   25.1
   S-matrix    1 =    1.00000  -0.00000 for L=   70, J=   70.0 channel on core I =   0.0 from L=   70,  Acc. loss =  0.0 D.
 Elastic phase shift   1 =   -0.000   0.000 deg. for the L =   70, J =   70.0 channel.
0****** WARNING : ACCURACY LOSS IN ERWIN = 21.5 DIGITS, SO EXPECT ERRORS OF   1.2254 % OF UNITARITY

      70.0  1.00000000 -0.00000002i: elastic S-matrix  @@      0.00  0   0 F  0
 Reaction Xsec    70.0+/70 @ 1 =   0.000#, Out:   0.000#   1.252   -1.252f


 Total SPIN, PARITY =    71.0 -,      5 chs,      0 cc.  Rmin & Coul turning =   10.7   25.5
   S-matrix    1 =    1.00000  -0.00000 for L=   71, J=   71.0 channel on core I =   0.0 from L=   71,  Acc. loss =  0.0 D.
 Elastic phase shift   1 =   -0.000   0.000 deg. for the L =   71, J =   71.0 channel.
0****** WARNING : ACCURACY LOSS IN ERWIN = 15.4 DIGITS, SO EXPECT ERRORS OF   0.9294 % OF UNITARITY

      71.0  1.00000000 -0.00000004i: elastic S-matrix  @@      0.02  0   0 F  0
 Reaction Xsec    71.0-/71 @ 1 =   0.000#, Out:   0.000#   0.668   -0.668f


 Total SPIN, PARITY =    72.0 +,      5 chs,      0 cc.  Rmin & Coul turning =   10.8   25.8
   S-matrix    1 =    1.00000  -0.00000 for L=   72, J=   72.0 channel on core I =   0.0 from L=   72,  Acc. loss =  0.0 D.
 Elastic phase shift   1 =   -0.000   0.000 deg. for the L =   72, J =   72.0 channel.
0****** WARNING : ACCURACY LOSS IN ERWIN = 21.0 DIGITS, SO EXPECT ERRORS OF   0.1236 % OF UNITARITY

      72.0  1.00000000 -0.00000005i: elastic S-matrix  @@      0.02  0   0 F  0
 Reaction Xsec    72.0+/72 @ 1 =   0.000#, Out:   0.000#   6.009/  -0.006f


 Total SPIN, PARITY =    73.0 -,      5 chs,      0 cc.  Rmin & Coul turning =   11.0   26.2
   S-matrix    1 =    1.00000  -0.00000 for L=   73, J=   73.0 channel on core I =   0.0 from L=   73,  Acc. loss =  0.0 D.
 Elastic phase shift   1 =   -0.000   0.000 deg. for the L =   73, J =   73.0 channel.
0****** WARNING : ACCURACY LOSS IN ERWIN = 15.2 DIGITS, SO EXPECT ERRORS OF   0.0474 % OF UNITARITY

      73.0  1.00000000 -0.00000004i: elastic S-matrix  @@      0.00  0   0 F  0
 Reaction Xsec    73.0-/73 @ 1 =   0.000#, Out:   0.000#   0.728/  -0.001f


 Total SPIN, PARITY =    74.0 +,      5 chs,      0 cc.  Rmin & Coul turning =   11.1   26.5
   S-matrix    1 =    1.00000  -0.00000 for L=   74, J=   74.0 channel on core I =   0.0 from L=   74,  Acc. loss =  0.0 D.
 Elastic phase shift   1 =   -0.000   0.000 deg. for the L =   74, J =   74.0 channel.
0****** WARNING : ACCURACY LOSS IN ERWIN = 15.5 DIGITS, SO EXPECT ERRORS OF   0.0207 % OF UNITARITY

      74.0  1.00000000 -0.00000003i: elastic S-matrix  @@      0.00  0   0 F  0
 Reaction Xsec    74.0+/74 @ 1 =   0.000#, Out:   0.000#   0.073/  -0.000f


 Total SPIN, PARITY =    75.0 -,      5 chs,      0 cc.  Rmin & Coul turning =   11.2   26.9
   S-matrix    1 =    1.00000  -0.00000 for L=   75, J=   75.0 channel on core I =   0.0 from L=   75,  Acc. loss =  0.0 D.
 Elastic phase shift   1 =   -0.000   0.000 deg. for the L =   75, J =   75.0 channel.
0****** WARNING : ACCURACY LOSS IN ERWIN = 15.5 DIGITS, SO EXPECT ERRORS OF   0.0048 % OF UNITARITY

      75.0  1.00000000 -0.00000002i: elastic S-matrix  @@      0.02  0   0 F  0
 Reaction Xsec    75.0-/75 @ 1 =   0.000#, Out:   0.000#   2.695#  -0.000f


 Total SPIN, PARITY =    76.0 +,      5 chs,      0 cc.  Rmin & Coul turning =   11.4   27.3
   S-matrix    1 =    1.00000  -0.00000 for L=   76, J=   76.0 channel on core I =   0.0 from L=   76,  Acc. loss =  0.0 D.
 Elastic phase shift   1 =   -0.000   0.000 deg. for the L =   76, J =   76.0 channel.
0****** WARNING : ACCURACY LOSS IN ERWIN = 15.4 DIGITS, SO EXPECT ERRORS OF   0.0024 % OF UNITARITY

      76.0  1.00000000 -0.00000002i: elastic S-matrix  @@      0.00  0   0 F  0
 Reaction Xsec    76.0+/76 @ 1 =   0.000#, Out:   0.000#   3.372#  -0.000f


 Total SPIN, PARITY =    77.0 -,      5 chs,      0 cc.  Rmin & Coul turning =   11.6   27.6
   S-matrix    1 =    1.00000  -0.00000 for L=   77, J=   77.0 channel on core I =   0.0 from L=   77,  Acc. loss =  0.0 D.
 Elastic phase shift   1 =   -0.000  -0.000 deg. for the L =   77, J =   77.0 channel.
0****** WARNING : ACCURACY LOSS IN ERWIN = 15.1 DIGITS, SO EXPECT ERRORS OF   0.0004 % OF UNITARITY

      77.0  1.00000000 -0.00000003i: elastic S-matrix  @@      0.02  0   0 F  0
 Reaction Xsec    77.0-/77 @ 1 =  -0.000#, Out:   0.000#   0.130#  -0.000f


 Total SPIN, PARITY =    78.0 +,      5 chs,      0 cc.  Rmin & Coul turning =   11.7   28.0
   S-matrix    1 =    1.00000  -0.00000 for L=   78, J=   78.0 channel on core I =   0.0 from L=   78,  Acc. loss =  0.0 D.
 Elastic phase shift   1 =   -0.000   0.000 deg. for the L =   78, J =   78.0 channel.
0****** WARNING : ACCURACY LOSS IN ERWIN = 15.5 DIGITS, SO EXPECT ERRORS OF   0.0001 % OF UNITARITY

      78.0  1.00000000 -0.00000004i: elastic S-matrix  @@      0.02  0   0 F  0
 Reaction Xsec    78.0+/78 @ 1 =   0.000#, Out:   0.000#   0.002#  -0.000f


 Total SPIN, PARITY =    79.0 -,      5 chs,      0 cc.  Rmin & Coul turning =   11.9   28.3
   S-matrix    1 =    1.00000  -0.00000 for L=   79, J=   79.0 channel on core I =   0.0 from L=   79,  Acc. loss =  0.0 D.
 Elastic phase shift   1 =   -0.000   0.000 deg. for the L =   79, J =   79.0 channel.
0****** WARNING : ACCURACY LOSS IN ERWIN = 15.8 DIGITS, SO EXPECT ERRORS OF   0.0001 % OF UNITARITY

      79.0  1.00000000 -0.00000004i: elastic S-matrix  @@      0.00  0   0 F  0
 Reaction Xsec    79.0-/79 @ 1 =   0.000#, Out:   0.000#   0.000#  -0.000f


 Total SPIN, PARITY =    80.0 +,      5 chs,      0 cc.  Rmin & Coul turning =   12.0   28.7
   S-matrix    1 =    1.00000  -0.00000 for L=   80, J=   80.0 channel on core I =   0.0 from L=   80,  Acc. loss =  0.0 D.
 Elastic phase shift   1 =   -0.000   0.000 deg. for the L =   80, J =   80.0 channel.
0****** WARNING : ACCURACY LOSS IN ERWIN = 15.4 DIGITS, SO EXPECT ERRORS OF   0.0000 % OF UNITARITY

      80.0  1.00000000 -0.00000003i: elastic S-matrix  @@      0.02  0   0 F  0
 Reaction Xsec    80.0+/80 @ 1 =   0.000#, Out:   0.000#   0.000#  -0.000f

 Finished all CC sets @    1.06250000    
0CUMULATIVE REACTION cross section                 = 1074.11758  <L> =    10.89  <L**2> =    136.0
0CUMULATIVE outgoing cross sections in partition 1 :    0.00000
0CUMULATIVE outgoing cross sections in partition 2 :***********
0Cumulative ABSORBTION by Imaginary Potentials     =***********  <L> =    54.07  <L**2> =   2940.4
   Fusion for specific 4He      M-states :************
0CUMULATIVE OUTGOING cross section                 =***********
 To convert to S-factors (MeV.mb = keV.b),  multiply by  1.5279E+02


 CROSS SECTIONS FOR OUTGOING 4He      & 4He      in state #   1 with spins & parities 0.0  + &  0.0  +;  0

     0.01 deg.: X-S =   5.2528E+13 mb/sr,
+                                         /R =   9.9995E-01
     1.00 deg.: X-S =   4.2516E+05 mb/sr,
+                                         /R =   8.0932E-01
     2.00 deg.: X-S =   3.4037E+04 mb/sr,
+                                         /R =   1.0365E+00
     3.00 deg.: X-S =   2.0419E+04 mb/sr,
+                                         /R =   3.1471E+00
     4.00 deg.: X-S =   1.7045E+04 mb/sr,
+                                         /R =   8.3001E+00
     5.00 deg.: X-S =   1.3790E+04 mb/sr,
+                                         /R =   1.6387E+01
     6.00 deg.: X-S =   1.0402E+04 mb/sr,
+                                         /R =   2.5617E+01
     7.00 deg.: X-S =  7235.487632 mb/sr,
+                                         /R =   3.2989E+01
     8.00 deg.: X-S =  4571.141663 mb/sr,
+                                         /R =   3.5528E+01
     9.00 deg.: X-S =  2552.184076 mb/sr,
+                                         /R =   3.1746E+01
    10.00 deg.: X-S =  1195.635131 mb/sr,
+                                         /R =   2.2646E+01
    11.00 deg.: X-S =   423.089995 mb/sr,
+                                         /R =   1.1720E+01
    12.00 deg.: X-S =    98.533834 mb/sr,
+                                         /R =   3.8612E+00
    13.00 deg.: X-S =    66.008271 mb/sr,
+                                         /R =   3.5583E+00
    14.00 deg.: X-S =   180.913725 mb/sr,
+                                         /R =   1.3099E+01
    15.00 deg.: X-S =   330.873420 mb/sr,
+                                         /R =   3.1525E+01
    16.00 deg.: X-S =   444.857882 mb/sr,
+                                         /R =   5.4783E+01
    17.00 deg.: X-S =   491.865807 mb/sr,
+                                         /R =   7.7065E+01
    18.00 deg.: X-S =   472.261627 mb/sr,
+                                         /R =   9.2836E+01
    19.00 deg.: X-S =   405.604577 mb/sr,
+                                         /R =   9.8797E+01
    20.00 deg.: X-S =   318.526060 mb/sr,
+                                         /R =   9.5067E+01
    21.00 deg.: X-S =   235.220583 mb/sr,
+                                         /R =   8.5155E+01
    22.00 deg.: X-S =   171.814041 mb/sr,
+                                         /R =   7.4758E+01
    23.00 deg.: X-S =   134.641333 mb/sr,
+                                         /R =   6.9824E+01
    24.00 deg.: X-S =   121.570727 mb/sr,
+                                         /R =   7.4567E+01
    25.00 deg.: X-S =   125.072947 mb/sr,
+                                         /R =   9.0098E+01
    26.00 deg.: X-S =   135.725108 mb/sr,
+                                         /R =   1.1408E+02
    27.00 deg.: X-S =   145.141818 mb/sr,
+                                         /R =   1.4149E+02
    28.00 deg.: X-S =   147.776701 mb/sr,
+                                         /R =   1.6615E+02
    29.00 deg.: X-S =   141.485963 mb/sr,
+                                         /R =   1.8252E+02
    30.00 deg.: X-S =   127.084188 mb/sr,
+                                         /R =   1.8719E+02
    31.00 deg.: X-S =   107.301717 mb/sr,
+                                         /R =   1.7964E+02
    32.00 deg.: X-S =    85.577412 mb/sr,
+                                         /R =   1.6215E+02
    33.00 deg.: X-S =    65.031161 mb/sr,
+                                         /R =   1.3890E+02
    34.00 deg.: X-S =    47.813500 mb/sr,
+                                         /R =   1.1468E+02
    35.00 deg.: X-S =    34.878485 mb/sr,
+                                         /R =   9.3611E+01
    36.00 deg.: X-S =    26.109138 mb/sr,
+                                         /R =   7.8149E+01
    37.00 deg.: X-S =    20.660447 mb/sr,
+                                         /R =   6.8746E+01
    38.00 deg.: X-S =    17.372797 mb/sr,
+                                         /R =   6.4068E+01
    39.00 deg.: X-S =    15.135674 mb/sr,
+                                         /R =   6.1686E+01
    40.00 deg.: X-S =    13.129352 mb/sr,
+                                         /R =   5.8973E+01
    41.00 deg.: X-S =    10.922998 mb/sr,
+                                         /R =   5.3932E+01
    42.00 deg.: X-S =     8.448126 mb/sr,
+                                         /R =   4.5738E+01
    43.00 deg.: X-S =     5.890252 mb/sr,
+                                         /R =   3.4885E+01
    44.00 deg.: X-S =     3.548443 mb/sr,
+                                         /R =   2.2937E+01
    45.00 deg.: X-S =     1.705843 mb/sr,
+                                         /R =   1.2009E+01
    46.00 deg.: X-S =     0.539713 mb/sr,
+                                         /R =   4.1293E+00
    47.00 deg.: X-S =     0.082705 mb/sr,
+                                         /R =   6.8633E-01
    48.00 deg.: X-S =     0.232297 mb/sr,
+                                         /R =   2.0869E+00
    49.00 deg.: X-S =     0.795079 mb/sr,
+                                         /R =   7.7183E+00
    50.00 deg.: X-S =     1.547598 mb/sr,
+                                         /R =   1.6205E+01
    51.00 deg.: X-S =     2.295553 mb/sr,
+                                         /R =   2.5884E+01
    52.00 deg.: X-S =     2.916890 mb/sr,
+                                         /R =   3.5358E+01
    53.00 deg.: X-S =     3.380403 mb/sr,
+                                         /R =   4.3983E+01
    54.00 deg.: X-S =     3.738231 mb/sr,
+                                         /R =   5.2126E+01
    55.00 deg.: X-S =     4.096992 mb/sr,
+                                         /R =   6.1135E+01
    56.00 deg.: X-S =     4.576849 mb/sr,
+                                         /R =   7.2981E+01
    57.00 deg.: X-S =     5.269933 mb/sr,
+                                         /R =   8.9673E+01
    58.00 deg.: X-S =     6.209045 mb/sr,
+                                         /R =   1.1259E+02
    59.00 deg.: X-S =     7.354465 mb/sr,
+                                         /R =   1.4194E+02
    60.00 deg.: X-S =     8.601824 mb/sr,
+                                         /R =   1.7647E+02
    61.00 deg.: X-S =     9.808409 mb/sr,
+                                         /R =   2.1364E+02
    62.00 deg.: X-S =    10.830519 mb/sr,
+                                         /R =   2.5016E+02
    63.00 deg.: X-S =    11.561568 mb/sr,
+                                         /R =   2.8285E+02
    64.00 deg.: X-S =    11.960456 mb/sr,
+                                         /R =   3.0959E+02
    65.00 deg.: X-S =    12.062299 mb/sr,
+                                         /R =   3.2999E+02
    66.00 deg.: X-S =    11.968440 mb/sr,
+                                         /R =   3.4568E+02
    67.00 deg.: X-S =    11.818391 mb/sr,
+                                         /R =   3.6001E+02
    68.00 deg.: X-S =    11.751349 mb/sr,
+                                         /R =   3.7717E+02
    69.00 deg.: X-S =    11.867867 mb/sr,
+                                         /R =   4.0095E+02
    70.00 deg.: X-S =    12.202389 mb/sr,
+                                         /R =   4.3352E+02
    71.00 deg.: X-S =    12.714376 mb/sr,
+                                         /R =   4.7459E+02
    72.00 deg.: X-S =    13.300600 mb/sr,
+                                         /R =   5.2113E+02
    73.00 deg.: X-S =    13.825173 mb/sr,
+                                         /R =   5.6810E+02
    74.00 deg.: X-S =    14.158853 mb/sr,
+                                         /R =   6.0965E+02
    75.00 deg.: X-S =    14.216502 mb/sr,
+                                         /R =   6.4089E+02
    76.00 deg.: X-S =    13.982001 mb/sr,
+                                         /R =   6.5939E+02
    77.00 deg.: X-S =    13.513444 mb/sr,
+                                         /R =   6.6614E+02
    78.00 deg.: X-S =    12.927070 mb/sr,
+                                         /R =   6.6557E+02
    79.00 deg.: X-S =    12.364492 mb/sr,
+                                         /R =   6.6439E+02
    80.00 deg.: X-S =    11.952626 mb/sr,
+                                         /R =   6.6979E+02
    81.00 deg.: X-S =    11.767864 mb/sr,
+                                         /R =   6.8719E+02
    82.00 deg.: X-S =    11.814864 mb/sr,
+                                         /R =   7.1846E+02
    83.00 deg.: X-S =    12.026123 mb/sr,
+                                         /R =   7.6101E+02
    84.00 deg.: X-S =    12.282516 mb/sr,
+                                         /R =   8.0823E+02
    85.00 deg.: X-S =    12.448882 mb/sr,
+                                         /R =   8.5127E+02
    86.00 deg.: X-S =    12.414302 mb/sr,
+                                         /R =   8.8158E+02
    87.00 deg.: X-S =    12.125284 mb/sr,
+                                         /R =   8.9360E+02
    88.00 deg.: X-S =    11.602102 mb/sr,
+                                         /R =   8.8680E+02
    89.00 deg.: X-S =    10.933414 mb/sr,
+                                         /R =   8.6618E+02
    90.00 deg.: X-S =    10.250624 mb/sr,
+                                         /R =   8.4119E+02
    91.00 deg.: X-S =     9.689377 mb/sr,
+                                         /R =   8.2313E+02
    92.00 deg.: X-S =     9.349458 mb/sr,
+                                         /R =   8.2173E+02
    93.00 deg.: X-S =     9.264925 mb/sr,
+                                         /R =   8.4197E+02
    94.00 deg.: X-S =     9.393408 mb/sr,
+                                         /R =   8.8214E+02
    95.00 deg.: X-S =     9.627920 mb/sr,
+                                         /R =   9.3381E+02
    96.00 deg.: X-S =     9.827953 mb/sr,
+                                         /R =   9.8392E+02
    97.00 deg.: X-S =     9.860898 mb/sr,
+                                         /R =   1.0185E+03
    98.00 deg.: X-S =     9.641692 mb/sr,
+                                         /R =   1.0268E+03
    99.00 deg.: X-S =     9.158963 mb/sr,
+                                         /R =   1.0052E+03
   100.00 deg.: X-S =     8.479786 mb/sr,
+                                         /R =   9.5853E+02
   101.00 deg.: X-S =     7.731354 mb/sr,
+                                         /R =   8.9967E+02
   102.00 deg.: X-S =     7.064625 mb/sr,
+                                         /R =   8.4587E+02
   103.00 deg.: X-S =     6.610411 mb/sr,
+                                         /R =   8.1397E+02
   104.00 deg.: X-S =     6.440734 mb/sr,
+                                         /R =   8.1521E+02
   105.00 deg.: X-S =     6.546881 mb/sr,
+                                         /R =   8.5134E+02
   106.00 deg.: X-S =     6.840866 mb/sr,
+                                         /R =   9.1350E+02
   107.00 deg.: X-S =     7.180182 mb/sr,
+                                         /R =   9.8413E+02
   108.00 deg.: X-S =     7.408926 mb/sr,
+                                         /R =   1.0418E+03
   109.00 deg.: X-S =     7.403436 mb/sr,
+                                         /R =   1.0675E+03
   110.00 deg.: X-S =     7.109078 mb/sr,
+                                         /R =   1.0507E+03
   111.00 deg.: X-S =     6.557257 mb/sr,
+                                         /R =   9.9289E+02
   112.00 deg.: X-S =     5.857339 mb/sr,
+                                         /R =   9.0824E+02
   113.00 deg.: X-S =     5.165496 mb/sr,
+                                         /R =   8.1986E+02
   114.00 deg.: X-S =     4.639288 mb/sr,
+                                         /R =   7.5339E+02
   115.00 deg.: X-S =     4.391145 mb/sr,
+                                         /R =   7.2929E+02
   116.00 deg.: X-S =     4.454427 mb/sr,
+                                         /R =   7.5627E+02
   117.00 deg.: X-S =     4.772262 mb/sr,
+                                         /R =   8.2793E+02
   118.00 deg.: X-S =     5.212836 mb/sr,
+                                         /R =   9.2372E+02
   119.00 deg.: X-S =     5.607070 mb/sr,
+                                         /R =   1.0144E+03
   120.00 deg.: X-S =     5.797952 mb/sr,
+                                         /R =   1.0705E+03
   121.00 deg.: X-S =     5.687197 mb/sr,
+                                         /R =   1.0712E+03
   122.00 deg.: X-S =     5.265381 mb/sr,
+                                         /R =   1.0114E+03
   123.00 deg.: X-S =     4.616377 mb/sr,
+                                         /R =   9.0386E+02
   124.00 deg.: X-S =     3.894265 mb/sr,
+                                         /R =   7.7691E+02
   125.00 deg.: X-S =     3.279011 mb/sr,
+                                         /R =   6.6629E+02
   126.00 deg.: X-S =     2.923584 mb/sr,
+                                         /R =   6.0484E+02
   127.00 deg.: X-S =     2.907998 mb/sr,
+                                         /R =   6.1230E+02
   128.00 deg.: X-S =     3.214011 mb/sr,
+                                         /R =   6.8848E+02
   129.00 deg.: X-S =     3.728429 mb/sr,
+                                         /R =   8.1224E+02
   130.00 deg.: X-S =     4.274708 mb/sr,
+                                         /R =   9.4670E+02
   131.00 deg.: X-S =     4.664118 mb/sr,
+                                         /R =   1.0497E+03
   132.00 deg.: X-S =     4.751791 mb/sr,
+                                         /R =   1.0864E+03
   133.00 deg.: X-S =     4.481114 mb/sr,
+                                         /R =   1.0404E+03
   134.00 deg.: X-S =     3.902980 mb/sr,
+                                         /R =   9.1982E+02
   135.00 deg.: X-S =     3.163496 mb/sr,
+                                         /R =   7.5654E+02
   136.00 deg.: X-S =     2.462902 mb/sr,
+                                         /R =   5.9747E+02
   137.00 deg.: X-S =     1.997082 mb/sr,
+                                         /R =   4.9126E+02
   138.00 deg.: X-S =     1.898564 mb/sr,
+                                         /R =   4.7341E+02
   139.00 deg.: X-S =     2.194545 mb/sr,
+                                         /R =   5.5450E+02
   140.00 deg.: X-S =     2.795021 mb/sr,
+                                         /R =   7.1537E+02
   141.00 deg.: X-S =     3.515597 mb/sr,
+                                         /R =   9.1115E+02
   142.00 deg.: X-S =     4.129402 mb/sr,
+                                         /R =   1.0834E+03
   143.00 deg.: X-S =     4.433724 mb/sr,
+                                         /R =   1.1771E+03
   144.00 deg.: X-S =     4.312054 mb/sr,
+                                         /R =   1.1580E+03
   145.00 deg.: X-S =     3.772862 mb/sr,
+                                         /R =   1.0246E+03
   146.00 deg.: X-S =     2.952592 mb/sr,
+                                         /R =   8.1057E+02
   147.00 deg.: X-S =     2.080422 mb/sr,
+                                         /R =   5.7717E+02
   148.00 deg.: X-S =     1.413612 mb/sr,
+                                         /R =   3.9619E+02
   149.00 deg.: X-S =     1.161337 mb/sr,
+                                         /R =   3.2870E+02
   150.00 deg.: X-S =     1.419140 mb/sr,
+                                         /R =   4.0551E+02
   151.00 deg.: X-S =     2.134069 mb/sr,
+                                         /R =   6.1543E+02
   152.00 deg.: X-S =     3.112467 mb/sr,
+                                         /R =   9.0558E+02
   153.00 deg.: X-S =     4.070418 mb/sr,
+                                         /R =   1.1945E+03
   154.00 deg.: X-S =     4.714242 mb/sr,
+                                         /R =   1.3948E+03
   155.00 deg.: X-S =     4.828901 mb/sr,
+                                         /R =   1.4401E+03
   156.00 deg.: X-S =     4.348563 mb/sr,
+                                         /R =   1.3067E+03
   157.00 deg.: X-S =     3.387280 mb/sr,
+                                         /R =   1.0252E+03
   158.00 deg.: X-S =     2.218049 mb/sr,
+                                         /R =   6.7602E+02
   159.00 deg.: X-S =     1.202860 mb/sr,
+                                         /R =   3.6905E+02
   160.00 deg.: X-S =     0.690787 mb/sr,
+                                         /R =   2.1328E+02
   161.00 deg.: X-S =     0.911661 mb/sr,
+                                         /R =   2.8317E+02
   162.00 deg.: X-S =     1.896079 mb/sr,
+                                         /R =   5.9230E+02
   163.00 deg.: X-S =     3.447290 mb/sr,
+                                         /R =   1.0827E+03
   164.00 deg.: X-S =     5.177605 mb/sr,
+                                         /R =   1.6343E+03
   165.00 deg.: X-S =     6.604736 mb/sr,
+                                         /R =   2.0948E+03
   166.00 deg.: X-S =     7.286260 mb/sr,
+                                         /R =   2.3212E+03
   167.00 deg.: X-S =     6.958066 mb/sr,
+                                         /R =   2.2258E+03
   168.00 deg.: X-S =     5.638793 mb/sr,
+                                         /R =   1.8107E+03
   169.00 deg.: X-S =     3.668406 mb/sr,
+                                         /R =   1.1821E+03
   170.00 deg.: X-S =     1.664213 mb/sr,
+                                         /R =   5.3801E+02
   171.00 deg.: X-S =     0.398171 mb/sr,
+                                         /R =   1.2910E+02
   172.00 deg.: X-S =     0.620101 mb/sr,
+                                         /R =   2.0157E+02
   173.00 deg.: X-S =     2.867098 mb/sr,
+                                         /R =   9.3412E+02
   174.00 deg.: X-S =     7.305598 mb/sr,
+                                         /R =   2.3849E+03
   175.00 deg.: X-S =    13.647263 mb/sr,
+                                         /R =   4.4627E+03
   176.00 deg.: X-S =    21.163892 mb/sr,
+                                         /R =   6.9301E+03
   177.00 deg.: X-S =    28.803721 mb/sr,
+                                         /R =   9.4419E+03
   178.00 deg.: X-S =    35.387153 mb/sr,
+                                         /R =   1.1609E+04
   179.00 deg.: X-S =    39.840241 mb/sr,
+                                         /R =   1.3076E+04
   179.99 deg.: X-S =    41.413897 mb/sr,
+                                         /R =   1.3594E+04
                                           Integrated********** mb, over [   0.000, 180.000] at   165.0000 MeV 

 CROSS SECTIONS FOR OUTGOING p        & 7Li      in state #   1 with spins & parities 0.5  + &  1.5  -;  0

     0.00 deg.: X-S =   4.5478E+08 mb/sr,
+                                         REAC   1.2630E+08 mb
     1.00 deg.: X-S =   4.9282E+08 mb/sr,
     2.00 deg.: X-S =   5.1120E+08 mb/sr,
     3.00 deg.: X-S =   3.8872E+08 mb/sr,
     4.00 deg.: X-S =   2.0399E+08 mb/sr,
     5.00 deg.: X-S =   1.2305E+08 mb/sr,
     6.00 deg.: X-S =   1.3366E+08 mb/sr,
     7.00 deg.: X-S =   1.1357E+08 mb/sr,
     8.00 deg.: X-S =   6.8045E+07 mb/sr,
     9.00 deg.: X-S =   6.2286E+07 mb/sr,
    10.00 deg.: X-S =   6.3956E+07 mb/sr,
    11.00 deg.: X-S =   4.0315E+07 mb/sr,
    12.00 deg.: X-S =   2.8803E+07 mb/sr,
    13.00 deg.: X-S =   3.2215E+07 mb/sr,
    14.00 deg.: X-S =   2.1713E+07 mb/sr,
    15.00 deg.: X-S =   1.1434E+07 mb/sr,
    16.00 deg.: X-S =   1.2814E+07 mb/sr,
    17.00 deg.: X-S =   9.3069E+06 mb/sr,
    18.00 deg.: X-S =   3.7988E+06 mb/sr,
    19.00 deg.: X-S =   4.2836E+06 mb/sr,
    20.00 deg.: X-S =   3.3709E+06 mb/sr,
    21.00 deg.: X-S =   2.8186E+06 mb/sr,
    22.00 deg.: X-S =   4.8660E+06 mb/sr,
    23.00 deg.: X-S =   4.3319E+06 mb/sr,
    24.00 deg.: X-S =   6.4049E+06 mb/sr,
    25.00 deg.: X-S =   1.1381E+07 mb/sr,
    26.00 deg.: X-S =   1.1137E+07 mb/sr,
    27.00 deg.: X-S =   1.2871E+07 mb/sr,
    28.00 deg.: X-S =   1.9913E+07 mb/sr,
    29.00 deg.: X-S =   2.0853E+07 mb/sr,
    30.00 deg.: X-S =   2.0498E+07 mb/sr,
    31.00 deg.: X-S =   2.7123E+07 mb/sr,
    32.00 deg.: X-S =   2.9621E+07 mb/sr,
    33.00 deg.: X-S =   2.7274E+07 mb/sr,
    34.00 deg.: X-S =   3.1087E+07 mb/sr,
    35.00 deg.: X-S =   3.4302E+07 mb/sr,
    36.00 deg.: X-S =   3.1177E+07 mb/sr,
    37.00 deg.: X-S =   3.1315E+07 mb/sr,
    38.00 deg.: X-S =   3.3707E+07 mb/sr,
    39.00 deg.: X-S =   3.0925E+07 mb/sr,
    40.00 deg.: X-S =   2.8291E+07 mb/sr,
    41.00 deg.: X-S =   2.8720E+07 mb/sr,
    42.00 deg.: X-S =   2.6625E+07 mb/sr,
    43.00 deg.: X-S =   2.3012E+07 mb/sr,
    44.00 deg.: X-S =   2.1472E+07 mb/sr,
    45.00 deg.: X-S =   1.9756E+07 mb/sr,
    46.00 deg.: X-S =   1.6696E+07 mb/sr,
    47.00 deg.: X-S =   1.4192E+07 mb/sr,
    48.00 deg.: X-S =   1.2472E+07 mb/sr,
    49.00 deg.: X-S =   1.0573E+07 mb/sr,
    50.00 deg.: X-S =   8.3716E+06 mb/sr,
    51.00 deg.: X-S =   6.6562E+06 mb/sr,
    52.00 deg.: X-S =   5.6778E+06 mb/sr,
    53.00 deg.: X-S =   4.5112E+06 mb/sr,
    54.00 deg.: X-S =   3.2201E+06 mb/sr,
    55.00 deg.: X-S =   2.6595E+06 mb/sr,
    56.00 deg.: X-S =   2.3933E+06 mb/sr,
    57.00 deg.: X-S =   1.9668E+06 mb/sr,
    58.00 deg.: X-S =   1.6429E+06 mb/sr,
    59.00 deg.: X-S =   1.5771E+06 mb/sr,
    60.00 deg.: X-S =   1.9919E+06 mb/sr,
    61.00 deg.: X-S =   2.1962E+06 mb/sr,
    62.00 deg.: X-S =   1.7596E+06 mb/sr,
    63.00 deg.: X-S =   2.3622E+06 mb/sr,
    64.00 deg.: X-S =   3.4728E+06 mb/sr,
    65.00 deg.: X-S =   2.7837E+06 mb/sr,
    66.00 deg.: X-S =   2.6610E+06 mb/sr,
    67.00 deg.: X-S =   4.5568E+06 mb/sr,
    68.00 deg.: X-S =   4.3830E+06 mb/sr,
    69.00 deg.: X-S =   3.0635E+06 mb/sr,
    70.00 deg.: X-S =   4.9009E+06 mb/sr,
    71.00 deg.: X-S =   5.9939E+06 mb/sr,
    72.00 deg.: X-S =   3.9186E+06 mb/sr,
    73.00 deg.: X-S =   4.5767E+06 mb/sr,
    74.00 deg.: X-S =   6.9161E+06 mb/sr,
    75.00 deg.: X-S =   5.2078E+06 mb/sr,
    76.00 deg.: X-S =   4.1022E+06 mb/sr,
    77.00 deg.: X-S =   6.7382E+06 mb/sr,
    78.00 deg.: X-S =   6.3833E+06 mb/sr,
    79.00 deg.: X-S =   3.9385E+06 mb/sr,
    80.00 deg.: X-S =   5.6251E+06 mb/sr,
    81.00 deg.: X-S =   6.7549E+06 mb/sr,
    82.00 deg.: X-S =   4.0944E+06 mb/sr,
    83.00 deg.: X-S =   4.1666E+06 mb/sr,
    84.00 deg.: X-S =   6.0602E+06 mb/sr,
    85.00 deg.: X-S =   4.2074E+06 mb/sr,
    86.00 deg.: X-S =   2.9392E+06 mb/sr,
    87.00 deg.: X-S =   4.6790E+06 mb/sr,
    88.00 deg.: X-S =   3.9928E+06 mb/sr,
    89.00 deg.: X-S =   2.2129E+06 mb/sr,
    90.00 deg.: X-S =   3.3329E+06 mb/sr,
    91.00 deg.: X-S =   3.5815E+06 mb/sr,
    92.00 deg.: X-S =   2.0181E+06 mb/sr,
    93.00 deg.: X-S =   2.6101E+06 mb/sr,
    94.00 deg.: X-S =   3.4236E+06 mb/sr,
    95.00 deg.: X-S =   2.3643E+06 mb/sr,
    96.00 deg.: X-S =   2.7185E+06 mb/sr,
    97.00 deg.: X-S =   3.9055E+06 mb/sr,
    98.00 deg.: X-S =   3.3063E+06 mb/sr,
    99.00 deg.: X-S =   3.5404E+06 mb/sr,
   100.00 deg.: X-S =   5.0628E+06 mb/sr,
   101.00 deg.: X-S =   4.8203E+06 mb/sr,
   102.00 deg.: X-S =   4.7941E+06 mb/sr,
   103.00 deg.: X-S =   6.5775E+06 mb/sr,
   104.00 deg.: X-S =   6.6889E+06 mb/sr,
   105.00 deg.: X-S =   6.1515E+06 mb/sr,
   106.00 deg.: X-S =   7.9634E+06 mb/sr,
   107.00 deg.: X-S =   8.5346E+06 mb/sr,
   108.00 deg.: X-S =   7.3197E+06 mb/sr,
   109.00 deg.: X-S =   8.7714E+06 mb/sr,
   110.00 deg.: X-S =   9.9445E+06 mb/sr,
   111.00 deg.: X-S =   8.1154E+06 mb/sr,
   112.00 deg.: X-S =   8.7405E+06 mb/sr,
   113.00 deg.: X-S =   1.0577E+07 mb/sr,
   114.00 deg.: X-S =   8.4902E+06 mb/sr,
   115.00 deg.: X-S =   7.8829E+06 mb/sr,
   116.00 deg.: X-S =   1.0229E+07 mb/sr,
   117.00 deg.: X-S =   8.4698E+06 mb/sr,
   118.00 deg.: X-S =   6.4783E+06 mb/sr,
   119.00 deg.: X-S =   8.8936E+06 mb/sr,
   120.00 deg.: X-S =   8.0604E+06 mb/sr,
   121.00 deg.: X-S =   4.9531E+06 mb/sr,
   122.00 deg.: X-S =   6.8236E+06 mb/sr,
   123.00 deg.: X-S =   7.2313E+06 mb/sr,
   124.00 deg.: X-S =   3.6876E+06 mb/sr,
   125.00 deg.: X-S =   4.5156E+06 mb/sr,
   126.00 deg.: X-S =   6.0167E+06 mb/sr,
   127.00 deg.: X-S =   2.8651E+06 mb/sr,
   128.00 deg.: X-S =   2.5507E+06 mb/sr,
   129.00 deg.: X-S =   4.6404E+06 mb/sr,
   130.00 deg.: X-S =   2.4803E+06 mb/sr,
   131.00 deg.: X-S =   1.3432E+06 mb/sr,
   132.00 deg.: X-S =   3.4907E+06 mb/sr,
   133.00 deg.: X-S =   2.4992E+06 mb/sr,
   134.00 deg.: X-S =   9.9380E+05 mb/sr,
   135.00 deg.: X-S =   2.8981E+06 mb/sr,
   136.00 deg.: X-S =   2.9948E+06 mb/sr,
   137.00 deg.: X-S =   1.4097E+06 mb/sr,
   138.00 deg.: X-S =   2.9173E+06 mb/sr,
   139.00 deg.: X-S =   4.0794E+06 mb/sr,
   140.00 deg.: X-S =   2.5888E+06 mb/sr,
   141.00 deg.: X-S =   3.3989E+06 mb/sr,
   142.00 deg.: X-S =   5.6975E+06 mb/sr,
   143.00 deg.: X-S =   4.7490E+06 mb/sr,
   144.00 deg.: X-S =   4.3591E+06 mb/sr,
   145.00 deg.: X-S =   7.5672E+06 mb/sr,
   146.00 deg.: X-S =   8.1229E+06 mb/sr,
   147.00 deg.: X-S =   6.2771E+06 mb/sr,
   148.00 deg.: X-S =   9.4411E+06 mb/sr,
   149.00 deg.: X-S =   1.2609E+07 mb/sr,
   150.00 deg.: X-S =   9.9315E+06 mb/sr,
   151.00 deg.: X-S =   1.1470E+07 mb/sr,
   152.00 deg.: X-S =   1.7649E+07 mb/sr,
   153.00 deg.: X-S =   1.5815E+07 mb/sr,
   154.00 deg.: X-S =   1.4256E+07 mb/sr,
   155.00 deg.: X-S =   2.2448E+07 mb/sr,
   156.00 deg.: X-S =   2.3577E+07 mb/sr,
   157.00 deg.: X-S =   1.8444E+07 mb/sr,
   158.00 deg.: X-S =   2.6324E+07 mb/sr,
   159.00 deg.: X-S =   3.1939E+07 mb/sr,
   160.00 deg.: X-S =   2.4149E+07 mb/sr,
   161.00 deg.: X-S =   2.8877E+07 mb/sr,
   162.00 deg.: X-S =   3.9114E+07 mb/sr,
   163.00 deg.: X-S =   3.0665E+07 mb/sr,
   164.00 deg.: X-S =   2.9942E+07 mb/sr,
   165.00 deg.: X-S =   4.3469E+07 mb/sr,
   166.00 deg.: X-S =   3.6695E+07 mb/sr,
   167.00 deg.: X-S =   2.9480E+07 mb/sr,
   168.00 deg.: X-S =   4.4141E+07 mb/sr,
   169.00 deg.: X-S =   4.1003E+07 mb/sr,
   170.00 deg.: X-S =   2.7586E+07 mb/sr,
   171.00 deg.: X-S =   4.1550E+07 mb/sr,
   172.00 deg.: X-S =   4.3461E+07 mb/sr,
   173.00 deg.: X-S =   2.4718E+07 mb/sr,
   174.00 deg.: X-S =   3.8347E+07 mb/sr,
   175.00 deg.: X-S =   4.7796E+07 mb/sr,
   176.00 deg.: X-S =   2.2678E+07 mb/sr,
   177.00 deg.: X-S =   4.6689E+07 mb/sr,
   178.00 deg.: X-S =   9.6147E+07 mb/sr,
   179.00 deg.: X-S =   5.4010E+07 mb/sr,
   180.00 deg.: X-S =   1.0438E+06 mb/sr,
                                           Integrated********** mb, over [   0.000, 180.000] at   165.0000 MeV 
 Finished all xsecs @    1.06250000    

  The following files have been created:
   3:local copy of User input.            6:standard output.                   
   7:elastic  S-matrix elements.         12:transfer kernels.                  
  13:total cross sections/state.         16:tables of cross sections.          
  35:Astrophysics S-factors  / Ecm.      38:cross sections for each J/pi.      
  39:cross sections for each Ecm.        40:all cross sectns. for each Elab.   
  45:scat phase shift as E functions.    46:bs wave functions & ANC ratios.    
  56:Fusion for each Jtotal.             75:S-factors for lab energies.        
 201:Separate cross sections.           202:Separate cross sections.           

 PARAMETERS : MAXQRN   MFNL   MLOC  LMAX1 MCLIST
    ALLOWED :      4     25     10    100      6
    REQUIRED:      1      4     10     82      4


 ACCURACY ANALYSIS at   165.000 MeV :

  Elastic h*k = 0.140 so OK       compared with 0.200

   Real(S-el) > 0.01 first at J =       5.0
   Real(S-el) > 0.10 first at J =       6.0
   Real(S-el) > 0.50 first at J =      17.0
   Real(S-el) > 0.90 first at J =      18.0
   Real(S-el) > 0.99 first at J =      21.0
   R-turn =    28.69 fm    at J =      80.0

 Forward-angle excitation cut off below   0.140 deg by max JT =      80.0
                              and below   0.133 deg by max R.


 1: Recommended RNL: non-local width >  10.90 cf:  25.00 fm: OK      
    Recommended CENTRE: centration   ~   1.05 cf:   0.00 fm

 Total CPU  0 time =       1.08 seconds
