 FRESCO - FRES 3.4: Coupled Reaction Channels
 Assuming NAMELIST input.

 4He(4He,p)7Li  E=65 MeV  Q=-17.346  [he4_he4_p_li7]                             

   0.050  30.000   0.250   0.100  25.000   0.000   0.000   0.000   0.000   0.000

 Centre-of-mass Range is    602 * 0.0500 fm., Maximum at  30.00 fm., Interpolating NL forms every  0.25 fm.
 Non - locality width is    251 * 0.1000 fm., Maximum of  25.00 fm., Centred at  0.00 fm.
 2-Nucleon Separation of      0 * 0.2500 fm., Maximum of   0.00 fm., Minimum at  0.00 fm.
 Maximum single particle bins of 30.0000 fm.
               M,Mint =          601         601


 Range of total J is     0.0 <= J <=    80.0 (at least     0.0) and Absorbtion =>    -1.0000 mb.
 Dry Run = F, CC set limits =  0  0, Relativistic kinematics = a, Both/Far/Near Analyses =  1                     

 Cross Sections (and up to T0 for 0=projectile) for Theta from   0.0 to 180.0 in steps of  1.0 degrees, DGAM=0,  Coordinates = 0 (Mads)

 Lower Radial Cutoff = maximum of  3.00*L*h &       0.0 fm.,  Lower Cutoff for Couplings =   0.0  fm.


 Iterate Couplings between   1 and   1 times, to  0.000 % if sooner.                                          
  Block solved exactly =   0 chs., with Pade = 0 & Isocen =  =0, NOSOL = F, initwf =  0
  NL quadrature with   18 Gaussian points, Calculate multipoles up to    86 from   0
  M-transfers for lp+lt greater than or equal to  6, Angular Integration Cutoff below  2.7778 %


 Trace switches are :  CHANS =  1, LISTCC =  0, TRENEG =  0, CDETR =  0, SMATS =  2, XSTABL =  1, NLPL =  0

                       WAVES =  0, LAMPL =  0, VEFF =  0, KFUS =  0, WDISK =  0, BPM =  0, MELFIL =  0

                       CDCC =  0, NFUS =  0

 Using unit mass = 1.000000 amu and 1/fine-structure constant = 137.03599 ( 1.000000 * true ) with hc = 197.32705 MeV.fm,
  thus 2*amu/hbar^2 = 0.0478450 = 1/20.9008 and Coulomb constant = 0.1574855 so e^2 = 1.43997, and nuclear magneton= 0.1261183

 Now pre-scan input and save to file 3



 *********** PARTITION NUMBER  1 ******************************************************************************************

   PROJ=4He        MASS=  4.0000 Z=   2.0,        # STATES=    1T, TARG=4He      MASS=  4.0000 Z=   2.0,     Q-VALUE =   0.0000 MEV.

     1:  J= 0.0+ (B# 1), E=  0.0000, K= 0.0              Potl#  1       J= 0.0+ (B# 1), E=  0.0000, K= 0.0    


 *********** PARTITION NUMBER  2 ******************************************************************************************

   PROJ=p          MASS=  1.0000 Z=   1.0,        # STATES=    1T, TARG=7Li      MASS=  7.0000 Z=   3.0,     Q-VALUE = -17.3460 MEV.

     1:  J= 0.5+ (B# 1), E=  0.0000, K= 0.5              Potl#  2       J= 1.5- (B#-1), E=  0.0000, K= 0.5    
0****** WARNING : COMPARED WITH PARTITION  1, THIS PARTITION HAS TOTAL MASS & CHARGE EXCESSES  -0.01862 &   0.0000


 ************************************************************************************************************************************

 The following POTENTIALS are defined :

  KP#       TYPE      IT    SHAPE      at     V1        r1        a1        V2        r2        a2        A-in     A-used


                                            A#1       A#2        r0c       ac                                                h @ 1
    1    0=Coulomb       0=CHARGE (WS)  1     4.000     4.000    1.4000    0.0000    0.0000    0.0000     0.000    32.000   0.05000

    1    1=Volume        0=Woods-Saxon  2  120.0000    1.4000    0.5500   15.0000    1.4000    0.5500     0.000    32.000
   --------------------------------------------------------------------------------------------------------------------

                                            A#1       A#2        r0c       ac                                                h @ 2
    2    0=Coulomb       0=CHARGE (WS)  3     1.000     7.000    1.3000    0.0000    0.0000    0.0000     0.000    24.717   0.05000

    2    1=Volume        0=Woods-Saxon  4   50.0000    1.2000    0.6000    0.0000    1.2000    0.6000     0.000    24.717

    2    2=Surface       0=Woods-Saxon  5    0.0000    0.0000    0.0000    8.0000    1.3000    0.5000     0.000    24.717

    2    3=Projtl S.O.   0=Woods-Saxon  6    5.5000    1.0000    0.5000    0.0000    0.0000    0.0000     0.000    24.717
   --------------------------------------------------------------------------------------------------------------------

    3    1=Volume        0=Woods-Saxon  7   50.0000    1.2500    0.6500    0.0000    0.0000    0.0000     0.000    24.717

    3    3=Projtl S.O.   0=Woods-Saxon  8    6.0000    1.2500    0.6500    0.0000    0.0000    0.0000     0.000    24.717
   --------------------------------------------------------------------------------------------------------------------

    4    1=Volume        0=Woods-Saxon  9   50.0000    1.2500    0.6500    0.0000    0.0000    0.0000     0.000    24.717

    4    3=Projtl S.O.   0=Woods-Saxon 10    6.0000    1.2500    0.6500    0.0000    0.0000    0.0000     0.000    24.717


 ************************************************************************************************************************************

 The following SINGLE-PARTICLE FORM FACTORS are constructed :


 No.   P1 P2 IN KIND T N  L  S1 IA J/S  IB BIND XFER  BE    SC PC FIL AFRAC Adjust  to  Z  Mass   K     Norm    rms      D0     D   ANC/Gsp

    1:  2  1  1  0     2  1 0.5  1 1.5   0   3   0   2.4670  1  0  0 0.0000 VR  1.5786; 1. 3.000 0.2975 1.0000  5.004  190.0  268.8 -1.8267

    2:  1  2  2  0     1  0 0.5  1 0.5   0   4   0  19.8140  1  0  0 0.0000 VR  0.5842; 1. 3.000 1.2748 1.0000  2.233 -326.2-1775.8 61.4156

 ************************************************************************************************************************************

 TWO-way COUPLING # 1 for partitions  2 <-  1 of KIND  7,   0 -1  5 -1 -1 & P1,P2 =    0.0000   0.0000 : for J <=    80.5 & R <  29.8 fm.


 data =  1  1  1  2  1.0000,  so  < [4He      #  1] / [p        #  1]  * Eigen-form #  2>  =   1.0000            BE = 19.814     2



 **** WARNING *** -- FORM FACTOR  2 WAS ORIGINALLY DEFINED FOR A  7Li      / 4He      OVERLAP ****   1   2   2   1



 data =  2  1  1  1  1.0000,  so  < [7Li      #  1] / [4He      #  1]  * Eigen-form #  1>  =   1.0000            BE =  2.467     1



 **** WARNING *** -- FORM FACTOR  1 WAS ORIGINALLY DEFINED FOR A  4He      / p        OVERLAP ****   2   1   1   2


 KNT =   1, KNP =   2: NK,NG,loc=   1   1   1  11  T  T  F

     So FINITE-RANGE TRANSFER : IP1 = 0 (POST    ), IP2=-1 =COMPLEX     ,  for   1 pairs of bound states summed into   1 pairs
      The main coupling potential is that binding the transferred particle to the p        core.

          Using between p        & 4He      the potential No.   5, and subtracting optical potential No.  2

   A real*8 is            8  bytes
   NLL,NLN,NLO =         120         121         251
0File   9 needs RL =   60240    REAL*8 numbers, and NR =    88. i.e.    42.41 Megabytes
   File            9  RECL =      481920
0RECOMMENDED NON-LOCAL WIDTH IS GREATER THAN   10.90 FM.,  RECOMMENDED CENTRATION   1.05, after    0.15 secs.
0Relative non-local usages (rms) are
    0.000   0.000   0.000   0.000   0.000   0.000   0.000   0.000   0.000   0.000   0.000   0.000   0.000   0.000   0.000
    0.000   0.000   0.000   0.000   0.000   0.000   0.000   0.000   0.000   0.000   0.000   0.000   0.000   0.000   0.000
    0.000   0.000   0.000   0.000   0.000   0.000   0.000   0.000   0.000   0.000   0.000   0.000   0.000   0.000   0.000
    0.000   0.000   0.000   0.000   0.000   0.000   0.000   0.000   0.000   0.000   0.000   0.000   0.000   0.000   0.000
    0.001   0.001   0.001   0.001   0.001   0.001   0.002   0.002   0.002   0.003   0.003   0.006   0.009   0.014   0.021
    0.026   0.047   0.062   0.097   0.137   0.168   0.279   0.357   0.516   0.702   0.848   1.271   1.581   2.110   2.725
    3.208   4.362   5.230   6.521   8.001   9.155  11.562  13.399  15.871  18.659  20.818  24.838  27.936  31.763  35.981
   39.225  44.657  48.838  53.622  58.707  62.521  68.337  72.692  77.251  81.875  85.044  89.533  92.521  95.231  97.628
   98.625  99.989 100.000  99.182  97.676  95.266  92.165  88.297  83.585  78.256  72.481  66.424  60.280  54.216  48.270
   42.564  37.229  32.380  28.140  24.606  21.848  19.875  18.615  17.918  17.590  17.456  17.371  17.241  17.009  16.651
   16.165  15.562  14.860  14.082  13.251  12.390  11.518  10.652   9.807   8.992   8.216   7.483   6.798   6.161   5.573
    5.032   4.536   4.084   3.672   3.298   2.959   2.652   2.375   2.126   1.901   1.698   1.516   1.352   1.205   1.073
    0.955   0.849   0.755   0.670   0.594   0.527   0.467   0.413   0.366   0.324   0.286   0.253   0.223   0.197   0.174
    0.153   0.135   0.119   0.105   0.092   0.081   0.072   0.063   0.055   0.049   0.043   0.038   0.033   0.029   0.026
    0.023   0.020   0.018   0.016   0.014   0.012   0.011   0.010   0.008   0.007   0.007   0.006   0.005   0.005   0.004
    0.004   0.003   0.003   0.003   0.002   0.002   0.002   0.002   0.002   0.001   0.001   0.001   0.001   0.001   0.001
    0.001   0.001   0.001   0.001   0.000   0.000   0.000   0.000   0.000   0.000   0.000

 Incoming partition  1 in excitation state # 1,   Laboratory Energy given for partition  1 Nucleus 1 in Excitation pair 1

0Lab. ENERGY ranges :

   from    65.0000     to   0.00000     in     0 intervals
   from    0.00000     to   0.00000     in     0 intervals
   from    0.00000     to   0.00000     in     0 intervals

 Largest real,imaginary parts of any form factor at R=   29.50 are   4.88E-02  2.46E-19 MeV
 Finished all Couplings @   0.171875000              10

 Symmetric Hamiltonian
1***********************************************************************************************************************************
************************************************************************************************************************************

        INCOMING 4He      ;    LABORATORY 4He      ENERGY =   65.000     MeV.

 ***********************************************************************************************************************************
 ***********************************************************************************************************************************


  NOTE: Coulomb excitation cut off below   0.222 deg by JTMAX, and below   0.338 deg by Rmax

 Allocate arrays for            2  channels, of which            2  need wfs.

 ######################################################################################################################
 #                                                                                                                    #
 # Total SPIN and PARITY =     0.0 +,      2 channels,    0 in 1st block.  Rmin & Coul turning =    0.0    0.2 fm.  #
 #                                                                                                                    #
 ######################################################################################################################



    C Projectl Target   #   EX.   (L  Proj) J  + Targ = Jtotal     E-cm      Re K     Re Eta     RM*K            CH
    1 4He      4He      #    1: I   0 0.0    0.0  0.0     0.0    32.50000   1.76350   0.15627   52.9050  -0.48496  -0.12473 1 1 1   1
    2 p        7Li      #    1:     1 0.5    1.5  1.5     0.0    15.23292   0.79857   0.11323   23.9572   0.02361  -0.50107 2 1 2   1
   S-matrix    1 =    0.06383   0.15407 for L=    0, J=    0.0 channel on core I =   0.0 from L=    0,  Acc. loss =  0.0 D.
 Elastic phase shift   1 =   33.748  51.313 deg. for the L =    0, J =    0.0 channel.
       0.0  0.06383132  0.15406565i: elastic S-matrix  @@      0.00  0   0 F  0
 Reaction Xsec     0.0+/ 0 @ 1 =   9.821 , Out:   0.000#   3.311/   9.818f

 Allocate arrays for            4  channels, of which            4  need wfs.

 Total SPIN, PARITY =     1.0 -,      4 chs,      0 cc.  Rmin & Coul turning =    0.2    0.9
   S-matrix    1 =    0.12514   0.10366 for L=    1, J=    1.0 channel on core I =   0.0 from L=    1,  Acc. loss =  0.0 D.
 Elastic phase shift   1 =   19.818  52.056 deg. for the L =    1, J =    1.0 channel.
       1.0  0.12514385  0.10365839i: elastic S-matrix  @@      0.02  0   0 F  0
 Reaction Xsec     1.0-/ 1 @ 1 =  29.505 , Out:   0.000#   3.931/  29.501f

 Allocate arrays for            5  channels, of which            5  need wfs.

 Total SPIN, PARITY =     2.0 +,      5 chs,      0 cc.  Rmin & Coul turning =    0.3    1.5
   S-matrix    1 =    0.16346   0.04966 for L=    2, J=    2.0 channel on core I =   0.0 from L=    2,  Acc. loss =  0.0 D.
 Elastic phase shift   1 =    8.450  50.623 deg. for the L =    2, J =    2.0 channel.
       2.0  0.16345528  0.04965883i: elastic S-matrix  @@      0.02  0   0 F  0
 Reaction Xsec     2.0+/ 2 @ 1 =  49.035 , Out:   0.000#   0.015   49.020f


 Total SPIN, PARITY =     3.0 -,      5 chs,      0 cc.  Rmin & Coul turning =    0.5    2.1
   S-matrix    1 =    0.16126  -0.03189 for L=    3, J=    3.0 channel on core I =   0.0 from L=    3,  Acc. loss =  0.0 D.
 Elastic phase shift   1 =   -5.593  51.726 deg. for the L =    3, J =    3.0 channel.
       3.0  0.16125748 -0.03189136i: elastic S-matrix  @@      0.00  0   0 F  0
 Reaction Xsec     3.0-/ 3 @ 1 =  68.802 , Out:   0.000#   0.010   68.792f


 Total SPIN, PARITY =     4.0 +,      5 chs,      0 cc.  Rmin & Coul turning =    0.6    2.6
   S-matrix    1 =    0.12045  -0.13031 for L=    4, J=    4.0 channel on core I =   0.0 from L=    4,  Acc. loss =  0.0 D.
 Elastic phase shift   1 =  -23.626  49.534 deg. for the L =    4, J =    4.0 channel.
       4.0  0.12045114 -0.13031055i: elastic S-matrix  @@      0.02  0   0 F  0
 Reaction Xsec     4.0+/ 4 @ 1 =  88.053 , Out:   0.000#   0.014   88.039f


 Total SPIN, PARITY =     5.0 -,      5 chs,      0 cc.  Rmin & Coul turning =    0.8    3.2
   S-matrix    1 =    0.00737  -0.16817 for L=    5, J=    5.0 channel on core I =   0.0 from L=    5,  Acc. loss =  0.0 D.
 Elastic phase shift   1 =  -43.745  51.046 deg. for the L =    5, J =    5.0 channel.
       5.0  0.00737295 -0.16816617i: elastic S-matrix  @@      0.02  0   0 F  0
 Reaction Xsec     5.0-/ 5 @ 1 = 107.972 , Out:   0.000#   0.012  107.959f


 Total SPIN, PARITY =     6.0 +,      5 chs,      0 cc.  Rmin & Coul turning =    0.9    3.8
   S-matrix    1 =   -0.15606  -0.09674 for L=    6, J=    6.0 channel on core I =   0.0 from L=    6,  Acc. loss =  0.0 D.
 Elastic phase shift   1 =  -74.102  48.556 deg. for the L =    6, J =    6.0 channel.
       6.0 -0.15606060 -0.09674441i: elastic S-matrix  @@      0.02  0   0 F  0
 Reaction Xsec     6.0+/ 6 @ 1 = 126.896 , Out:   0.000#   2.095/ 126.894f


 Total SPIN, PARITY =     7.0 -,      5 chs,      0 cc.  Rmin & Coul turning =    1.1    4.3
   S-matrix    1 =   -0.17790   0.06483 for L=    7, J=    7.0 channel on core I =   0.0 from L=    7,  Acc. loss =  0.0 D.
 Elastic phase shift   1 =   79.989  47.675 deg. for the L =    7, J =    7.0 channel.
       7.0 -0.17790273  0.06482792i: elastic S-matrix  @@      0.02  0   0 F  0
 Reaction Xsec     7.0-/ 7 @ 1 = 146.095 , Out:   0.000#   0.363/ 146.094f


 Total SPIN, PARITY =     8.0 +,      5 chs,      0 cc.  Rmin & Coul turning =    1.2    4.9
   S-matrix    1 =    0.09200   0.12683 for L=    8, J=    8.0 channel on core I =   0.0 from L=    8,  Acc. loss =  0.0 D.
 Elastic phase shift   1 =   27.022  53.100 deg. for the L =    8, J =    8.0 channel.
       8.0  0.09199957  0.12682807i: elastic S-matrix  @@      0.00  0   0 F  0
 Reaction Xsec     8.0+/ 8 @ 1 = 167.515 , Out:   0.000#   0.022/ 167.515f


 Total SPIN, PARITY =     9.0 -,      5 chs,      0 cc.  Rmin & Coul turning =    1.4    5.5
   S-matrix    1 =    0.28511  -0.09800 for L=    9, J=    9.0 channel on core I =   0.0 from L=    9,  Acc. loss =  0.0 D.
 Elastic phase shift   1 =   -9.484  34.350 deg. for the L =    9, J =    9.0 channel.
       9.0  0.28511422 -0.09799577i: elastic S-matrix  @@      0.02  0   0 F  0
 Reaction Xsec     9.0-/ 9 @ 1 = 174.489 , Out:   0.000#   4.061# 174.489f


 Total SPIN, PARITY =    10.0 +,      5 chs,      0 cc.  Rmin & Coul turning =    1.5    6.0
   S-matrix    1 =    0.11383   0.08382 for L=   10, J=   10.0 channel on core I =   0.0 from L=   10,  Acc. loss =  0.0 D.
 Elastic phase shift   1 =   18.183  56.048 deg. for the L =   10, J =   10.0 channel.
      10.0  0.11382842  0.08381841i: elastic S-matrix  @@      0.02  0   0 F  0
 Reaction Xsec    10.0+/10 @ 1 = 207.899 , Out:   0.000#   0.384# 207.899f


 Total SPIN, PARITY =    11.0 -,      5 chs,      0 cc.  Rmin & Coul turning =    1.7    6.6
   S-matrix    1 =    0.67646   0.33675 for L=   11, J=   11.0 channel on core I =   0.0 from L=   11,  Acc. loss =  0.0 D.
 Elastic phase shift   1 =   13.232   8.027 deg. for the L =   11, J =   11.0 channel.
      11.0  0.67646223  0.33674741i: elastic S-matrix  @@      0.02  0   0 F  0
 Reaction Xsec    11.0-/11 @ 1 =  99.675 , Out:   0.000#   0.115#  99.675f


 Total SPIN, PARITY =    12.0 +,      5 chs,      0 cc.  Rmin & Coul turning =    1.8    7.2
   S-matrix    1 =    0.90084   0.19280 for L=   12, J=   12.0 channel on core I =   0.0 from L=   12,  Acc. loss =  0.0 D.
 Elastic phase shift   1 =    6.040   2.350 deg. for the L =   12, J =   12.0 channel.
      12.0  0.90084344  0.19279581i: elastic S-matrix  @@      0.00  0   0 F  0
 Reaction Xsec    12.0+/12 @ 1 =  38.213 , Out:   0.000#   0.422#  38.213f


 Total SPIN, PARITY =    13.0 -,      5 chs,      0 cc.  Rmin & Coul turning =    2.0    7.7
   S-matrix    1 =    0.98598   0.07146 for L=   13, J=   13.0 channel on core I =   0.0 from L=   13,  Acc. loss =  0.0 D.
 Elastic phase shift   1 =    2.073   0.329 deg. for the L =   13, J =   13.0 channel.
      13.0  0.98597853  0.07145870i: elastic S-matrix  @@      0.02  0   0 F  0
 Reaction Xsec    13.0-/13 @ 1 =   6.202 , Out:   0.000#   0.017#   6.202f


 Total SPIN, PARITY =    14.0 +,      5 chs,      0 cc.  Rmin & Coul turning =    2.1    8.3
   S-matrix    1 =    0.99621   0.02570 for L=   14, J=   14.0 channel on core I =   0.0 from L=   14,  Acc. loss =  0.0 D.
 Elastic phase shift   1 =    0.739   0.099 deg. for the L =   14, J =   14.0 channel.
      14.0  0.99620804  0.02570264i: elastic S-matrix  @@      0.02  0   0 F  0
 Reaction Xsec    14.0+/14 @ 1 =   2.024 , Out:   0.000#   0.206#   2.024f


 Total SPIN, PARITY =    15.0 -,      5 chs,      0 cc.  Rmin & Coul turning =    2.2    8.9
   S-matrix    1 =    0.99872   0.00960 for L=   15, J=   15.0 channel on core I =   0.0 from L=   15,  Acc. loss =  0.0 D.
 Elastic phase shift   1 =    0.275   0.035 deg. for the L =   15, J =   15.0 channel.
      15.0  0.99871980  0.00960052i: elastic S-matrix  @@      0.02  0   0 F  0
 Reaction Xsec    15.0-/15 @ 1 =   0.772 , Out:   0.000#   0.086#   0.772f


 Total SPIN, PARITY =    16.0 +,      5 chs,      0 cc.  Rmin & Coul turning =    2.4    9.4
   S-matrix    1 =    0.99953   0.00363 for L=   16, J=   16.0 channel on core I =   0.0 from L=   16,  Acc. loss =  0.0 D.
 Elastic phase shift   1 =    0.104   0.013 deg. for the L =   16, J =   16.0 channel.
      16.0  0.99953398  0.00363361i: elastic S-matrix  @@      0.00  0   0 F  0
 Reaction Xsec    16.0+/16 @ 1 =   0.306 , Out:   0.000#   1.163#   0.306f


 Total SPIN, PARITY =    17.0 -,      5 chs,      0 cc.  Rmin & Coul turning =    2.6   10.0
   S-matrix    1 =    0.99983   0.00138 for L=   17, J=   17.0 channel on core I =   0.0 from L=   17,  Acc. loss =  0.0 D.
 Elastic phase shift   1 =    0.040   0.005 deg. for the L =   17, J =   17.0 channel.
      17.0  0.99982554  0.00138139i: elastic S-matrix  @@      0.02  0   0 F  0
 Reaction Xsec    17.0-/17 @ 1 =   0.123 , Out:   0.000#   0.470#   0.123f


 Total SPIN, PARITY =    18.0 +,      5 chs,      0 cc.  Rmin & Coul turning =    2.7   10.6
   S-matrix    1 =    0.99993   0.00053 for L=   18, J=   18.0 channel on core I =   0.0 from L=   18,  Acc. loss =  0.0 D.
 Elastic phase shift   1 =    0.015   0.002 deg. for the L =   18, J =   18.0 channel.
      18.0  0.99993401  0.00052576i: elastic S-matrix  @@      0.02  0   0 F  0
 Reaction Xsec    18.0+/18 @ 1 =   0.049 , Out:   0.000#   0.355/   0.049f


 Total SPIN, PARITY =    19.0 -,      5 chs,      0 cc.  Rmin & Coul turning =    2.9   11.1
   S-matrix    1 =    0.99997   0.00020 for L=   19, J=   19.0 channel on core I =   0.0 from L=   19,  Acc. loss =  0.0 D.
 Elastic phase shift   1 =    0.006   0.001 deg. for the L =   19, J =   19.0 channel.
      19.0  0.99997495  0.00020008i: elastic S-matrix  @@      0.00  0   0 F  0
 Reaction Xsec    19.0-/19 @ 1 =   0.020 , Out:   0.000#   0.055   -0.035f


 Total SPIN, PARITY =    20.0 +,      5 chs,      0 cc.  Rmin & Coul turning =    3.0   11.7
   S-matrix    1 =    0.99999   0.00008 for L=   20, J=   20.0 channel on core I =   0.0 from L=   20,  Acc. loss =  0.0 D.
 Elastic phase shift   1 =    0.002   0.000 deg. for the L =   20, J =   20.0 channel.
      20.0  0.99999048  0.00007609i: elastic S-matrix  @@      0.02  0   0 F  0
 Reaction Xsec    20.0+/20 @ 1 =   7.880/, Out:   0.000#   0.333/   0.008f


 Total SPIN, PARITY =    21.0 -,      5 chs,      0 cc.  Rmin & Coul turning =    3.2   12.3
   S-matrix    1 =    1.00000   0.00003 for L=   21, J=   21.0 channel on core I =   0.0 from L=   21,  Acc. loss =  0.0 D.
 Elastic phase shift   1 =    0.001   0.000 deg. for the L =   21, J =   21.0 channel.
0****** WARNING : ACCURACY LOSS IN ERWIN = 14.3 DIGITS, SO EXPECT ERRORS OF   0.2073 % OF UNITARITY

      21.0  0.99999639  0.00002892i: elastic S-matrix  @@      0.02  0   0 F  0
 Reaction Xsec    21.0-/21 @ 1 =   3.139/, Out:   0.000#   1.749   -1.746f


 Total SPIN, PARITY =    22.0 +,      5 chs,      0 cc.  Rmin & Coul turning =    3.3   12.8
   S-matrix    1 =    1.00000   0.00001 for L=   22, J=   22.0 channel on core I =   0.0 from L=   22,  Acc. loss =  0.0 D.
 Elastic phase shift   1 =    0.000   0.000 deg. for the L =   22, J =   22.0 channel.
      22.0  0.99999863  0.00001099i: elastic S-matrix  @@      0.00  0   0 F  0
 Reaction Xsec    22.0+/22 @ 1 =   1.247/, Out:   0.000#   5.037   -5.036f


 Total SPIN, PARITY =    23.0 -,      5 chs,      0 cc.  Rmin & Coul turning =    3.5   13.4
   S-matrix    1 =    1.00000   0.00000 for L=   23, J=   23.0 channel on core I =   0.0 from L=   23,  Acc. loss =  0.0 D.
 Elastic phase shift   1 =    0.000   0.000 deg. for the L =   23, J =   23.0 channel.
      23.0  0.99999948  0.00000418i: elastic S-matrix  @@      0.02  0   0 F  0
 Reaction Xsec    23.0-/23 @ 1 =   0.494/, Out:   0.000#   3.890   -3.890f


 Total SPIN, PARITY =    24.0 +,      5 chs,      0 cc.  Rmin & Coul turning =    3.6   14.0
   S-matrix    1 =    1.00000   0.00000 for L=   24, J=   24.0 channel on core I =   0.0 from L=   24,  Acc. loss =  0.0 D.
 Elastic phase shift   1 =    0.000   0.000 deg. for the L =   24, J =   24.0 channel.
0****** WARNING : ACCURACY LOSS IN ERWIN = 14.6 DIGITS, SO EXPECT ERRORS OF   0.4127 % OF UNITARITY

      24.0  0.99999980  0.00000159i: elastic S-matrix  @@      0.02  0   0 F  0
 Reaction Xsec    24.0+/24 @ 1 =   0.195/, Out:   0.000#   2.200   -2.200f


 Total SPIN, PARITY =    25.0 -,      5 chs,      0 cc.  Rmin & Coul turning =    3.8   14.5
   S-matrix    1 =    1.00000   0.00000 for L=   25, J=   25.0 channel on core I =   0.0 from L=   25,  Acc. loss =  0.0 D.
 Elastic phase shift   1 =    0.000   0.000 deg. for the L =   25, J =   25.0 channel.
0****** WARNING : ACCURACY LOSS IN ERWIN = 14.5 DIGITS, SO EXPECT ERRORS OF   2.0964 % OF UNITARITY

      25.0  0.99999993  0.00000061i: elastic S-matrix  @@      0.02  0   0 F  0
 Reaction Xsec    25.0-/25 @ 1 =   0.077/, Out:   0.000#  25.962  -25.962f


 Total SPIN, PARITY =    26.0 +,      5 chs,      0 cc.  Rmin & Coul turning =    3.9   15.1
   S-matrix    1 =    1.00000   0.00000 for L=   26, J=   26.0 channel on core I =   0.0 from L=   26,  Acc. loss =  0.0 D.
 Elastic phase shift   1 =    0.000   0.000 deg. for the L =   26, J =   26.0 channel.
0****** WARNING : ACCURACY LOSS IN ERWIN = 14.8 DIGITS, SO EXPECT ERRORS OF  11.0962 % OF UNITARITY

   638195904448882.88        166576077562291.72        2.2204460492503131E-016
 Increase lower cutoff: eg CUTL. Continuing.
      26.0  0.99999997  0.00000024i: elastic S-matrix  @@      0.00  0   0 F  0
 Reaction Xsec    26.0+/26 @ 1 =   0.030/, Out:   0.000# 291.541 -291.541f


 Total SPIN, PARITY =    27.0 -,      5 chs,      0 cc.  Rmin & Coul turning =    4.0   15.7
   S-matrix    1 =    1.00000   0.00000 for L=   27, J=   27.0 channel on core I =   0.0 from L=   27,  Acc. loss =  0.0 D.
 Elastic phase shift   1 =    0.000   0.000 deg. for the L =   27, J =   27.0 channel.
0****** WARNING : ACCURACY LOSS IN ERWIN = 14.3 DIGITS, SO EXPECT ERRORS OF   5.1904 % OF UNITARITY

      27.0  0.99999999  0.00000009i: elastic S-matrix  @@      0.02  0   0 F  0
 Reaction Xsec    27.0-/27 @ 1 =   0.012/, Out:   0.000# 127.544 -127.544f


 Total SPIN, PARITY =    28.0 +,      5 chs,      0 cc.  Rmin & Coul turning =    4.2   16.2
   S-matrix    1 =    1.00000   0.00000 for L=   28, J=   28.0 channel on core I =   0.0 from L=   28,  Acc. loss =  0.0 D.
 Elastic phase shift   1 =    0.000   0.000 deg. for the L =   28, J =   28.0 channel.
0****** WARNING : ACCURACY LOSS IN ERWIN = 15.9 DIGITS, SO EXPECT ERRORS OF   0.8392 % OF UNITARITY

      28.0  1.00000000  0.00000004i: elastic S-matrix  @@      0.00  0   0 F  0
 Reaction Xsec    28.0+/28 @ 1 =   4.650#, Out:   0.000#   0.638   -0.638f


 Total SPIN, PARITY =    29.0 -,      5 chs,      0 cc.  Rmin & Coul turning =    4.4   16.8
   S-matrix    1 =    1.00000   0.00000 for L=   29, J=   29.0 channel on core I =   0.0 from L=   29,  Acc. loss =  0.0 D.
 Elastic phase shift   1 =    0.000   0.000 deg. for the L =   29, J =   29.0 channel.
0****** WARNING : ACCURACY LOSS IN ERWIN = 14.5 DIGITS, SO EXPECT ERRORS OF   3.0204 % OF UNITARITY

      29.0  1.00000000  0.00000002i: elastic S-matrix  @@      0.02  0   0 F  0
 Reaction Xsec    29.0-/29 @ 1 =   1.818#, Out:   0.000#  23.843  -23.843f


 Total SPIN, PARITY =    30.0 +,      5 chs,      0 cc.  Rmin & Coul turning =    4.5   17.4
   S-matrix    1 =    1.00000   0.00000 for L=   30, J=   30.0 channel on core I =   0.0 from L=   30,  Acc. loss =  0.0 D.
 Elastic phase shift   1 =    0.000   0.000 deg. for the L =   30, J =   30.0 channel.
0****** WARNING : ACCURACY LOSS IN ERWIN = 15.2 DIGITS, SO EXPECT ERRORS OF   1.6366 % OF UNITARITY

      30.0  1.00000000  0.00000001i: elastic S-matrix  @@      0.02  0   0 F  0
 Reaction Xsec    30.0+/30 @ 1 =   0.710#, Out:   0.000#   1.808   -1.808f


 Total SPIN, PARITY =    31.0 -,      5 chs,      0 cc.  Rmin & Coul turning =    4.7   17.9
   S-matrix    1 =    1.00000   0.00000 for L=   31, J=   31.0 channel on core I =   0.0 from L=   31,  Acc. loss =  0.0 D.
 Elastic phase shift   1 =    0.000   0.000 deg. for the L =   31, J =   31.0 channel.
0****** WARNING : ACCURACY LOSS IN ERWIN = 14.7 DIGITS, SO EXPECT ERRORS OF   3.3901 % OF UNITARITY

      31.0  1.00000000  0.00000001i: elastic S-matrix  @@      0.02  0   0 F  0
 Reaction Xsec    31.0-/31 @ 1 =   0.277#, Out:   0.000#  29.385  -29.385f


 Total SPIN, PARITY =    32.0 +,      5 chs,      0 cc.  Rmin & Coul turning =    4.8   18.5
   S-matrix    1 =    1.00000   0.00000 for L=   32, J=   32.0 channel on core I =   0.0 from L=   32,  Acc. loss =  0.0 D.
 Elastic phase shift   1 =    0.000   0.000 deg. for the L =   32, J =   32.0 channel.
0****** WARNING : ACCURACY LOSS IN ERWIN = 15.1 DIGITS, SO EXPECT ERRORS OF   0.2214 % OF UNITARITY

      32.0  1.00000000  0.00000001i: elastic S-matrix  @@      0.00  0   0 F  0
 Reaction Xsec    32.0+/32 @ 1 =   0.108#, Out:   0.000#   0.306   -0.306f


 Total SPIN, PARITY =    33.0 -,      5 chs,      0 cc.  Rmin & Coul turning =    5.0   19.1
   S-matrix    1 =    1.00000   0.00000 for L=   33, J=   33.0 channel on core I =   0.0 from L=   33,  Acc. loss =  0.0 D.
 Elastic phase shift   1 =    0.000   0.000 deg. for the L =   33, J =   33.0 channel.
0****** WARNING : ACCURACY LOSS IN ERWIN = 14.7 DIGITS, SO EXPECT ERRORS OF   0.0439 % OF UNITARITY

      33.0  1.00000000  0.00000000i: elastic S-matrix  @@      0.02  0   0 F  0
 Reaction Xsec    33.0-/33 @ 1 =   0.042#, Out:   0.000#   9.334/  -0.009f


 Total SPIN, PARITY =    34.0 +,      5 chs,      0 cc.  Rmin & Coul turning =    5.1   19.7
   S-matrix    1 =    1.00000  -0.00000 for L=   34, J=   34.0 channel on core I =   0.0 from L=   34,  Acc. loss =  0.0 D.
 Elastic phase shift   1 =   -0.000   0.000 deg. for the L =   34, J =   34.0 channel.
0****** WARNING : ACCURACY LOSS IN ERWIN = 15.8 DIGITS, SO EXPECT ERRORS OF   0.0778 % OF UNITARITY

      34.0  1.00000000 -0.00000000i: elastic S-matrix  @@      0.00  0   0 F  0
 Reaction Xsec    34.0+/34 @ 1 =   0.016#, Out:   0.000#   0.435/  -0.000f


 Total SPIN, PARITY =    35.0 -,      5 chs,      0 cc.  Rmin & Coul turning =    5.2   20.2
   S-matrix    1 =    1.00000   0.00000 for L=   35, J=   35.0 channel on core I =   0.0 from L=   35,  Acc. loss =  0.0 D.
 Elastic phase shift   1 =    0.000   0.000 deg. for the L =   35, J =   35.0 channel.
0****** WARNING : ACCURACY LOSS IN ERWIN = 15.8 DIGITS, SO EXPECT ERRORS OF   0.0335 % OF UNITARITY

      35.0  1.00000000  0.00000000i: elastic S-matrix  @@      0.02  0   0 F  0
 Reaction Xsec    35.0-/35 @ 1 =   0.006#, Out:   0.000#   0.447/  -0.000f


 Total SPIN, PARITY =    36.0 +,      5 chs,      0 cc.  Rmin & Coul turning =    5.4   20.8
   S-matrix    1 =    1.00000   0.00000 for L=   36, J=   36.0 channel on core I =   0.0 from L=   36,  Acc. loss =  0.0 D.
 Elastic phase shift   1 =    0.000   0.000 deg. for the L =   36, J =   36.0 channel.
0****** WARNING : ACCURACY LOSS IN ERWIN = 15.0 DIGITS, SO EXPECT ERRORS OF   0.0442 % OF UNITARITY

      36.0  1.00000000  0.00000000i: elastic S-matrix  @@      0.02  0   0 F  0
 Reaction Xsec    36.0+/36 @ 1 =   0.002#, Out:   0.000#   0.653/  -0.001f


 Total SPIN, PARITY =    37.0 -,      5 chs,      0 cc.  Rmin & Coul turning =    5.6   21.4
   S-matrix    1 =    1.00000  -0.00000 for L=   37, J=   37.0 channel on core I =   0.0 from L=   37,  Acc. loss =  0.0 D.
 Elastic phase shift   1 =   -0.000   0.000 deg. for the L =   37, J =   37.0 channel.
0****** WARNING : ACCURACY LOSS IN ERWIN = 14.8 DIGITS, SO EXPECT ERRORS OF   0.0013 % OF UNITARITY

      37.0  1.00000000 -0.00000000i: elastic S-matrix  @@      0.00  0   0 F  0
 Reaction Xsec    37.0-/37 @ 1 =   0.001#, Out:   0.000#   1.415#  -0.000f


 Total SPIN, PARITY =    38.0 +,      5 chs,      0 cc.  Rmin & Coul turning =    5.7   21.9
   S-matrix    1 =    1.00000  -0.00000 for L=   38, J=   38.0 channel on core I =   0.0 from L=   38,  Acc. loss =  0.0 D.
 Elastic phase shift   1 =   -0.000   0.000 deg. for the L =   38, J =   38.0 channel.
0****** WARNING : ACCURACY LOSS IN ERWIN = 14.8 DIGITS, SO EXPECT ERRORS OF   0.0002 % OF UNITARITY

      38.0  1.00000000 -0.00000001i: elastic S-matrix  @@      0.02  0   0 F  0
 Reaction Xsec    38.0+/38 @ 1 =   0.000#, Out:   0.000#   0.125#  -0.000f


 Total SPIN, PARITY =    39.0 -,      5 chs,      0 cc.  Rmin & Coul turning =    5.9   22.5
   S-matrix    1 =    1.00000  -0.00000 for L=   39, J=   39.0 channel on core I =   0.0 from L=   39,  Acc. loss =  0.0 D.
 Elastic phase shift   1 =   -0.000   0.000 deg. for the L =   39, J =   39.0 channel.
0****** WARNING : ACCURACY LOSS IN ERWIN = 15.1 DIGITS, SO EXPECT ERRORS OF   0.0003 % OF UNITARITY

      39.0  1.00000000 -0.00000000i: elastic S-matrix  @@      0.00  0   0 F  0
 Reaction Xsec    39.0-/39 @ 1 =   0.000#, Out:   0.000#   0.138#  -0.000f


 Total SPIN, PARITY =    40.0 +,      5 chs,      0 cc.  Rmin & Coul turning =    6.0   23.1
   S-matrix    1 =    1.00000  -0.00000 for L=   40, J=   40.0 channel on core I =   0.0 from L=   40,  Acc. loss =  0.0 D.
 Elastic phase shift   1 =   -0.000   0.000 deg. for the L =   40, J =   40.0 channel.
0****** WARNING : ACCURACY LOSS IN ERWIN = 15.2 DIGITS, SO EXPECT ERRORS OF   0.0001 % OF UNITARITY

      40.0  1.00000000 -0.00000000i: elastic S-matrix  @@      0.02  0   0 F  0
 Reaction Xsec    40.0+/40 @ 1 =   0.000#, Out:   0.000#   0.019#  -0.000f


 Total SPIN, PARITY =    41.0 -,      5 chs,      0 cc.  Rmin & Coul turning =    6.2   23.6
   S-matrix    1 =    1.00000  -0.00000 for L=   41, J=   41.0 channel on core I =   0.0 from L=   41,  Acc. loss =  0.0 D.
 Elastic phase shift   1 =   -0.000   0.000 deg. for the L =   41, J =   41.0 channel.
0****** WARNING : ACCURACY LOSS IN ERWIN = 15.1 DIGITS, SO EXPECT ERRORS OF   0.0002 % OF UNITARITY

      41.0  1.00000000 -0.00000001i: elastic S-matrix  @@      0.02  0   0 F  0
 Reaction Xsec    41.0-/41 @ 1 =   0.000#, Out:   0.000#   0.020#  -0.000f


 Total SPIN, PARITY =    42.0 +,      5 chs,      0 cc.  Rmin & Coul turning =    6.3   24.2
   S-matrix    1 =    1.00000  -0.00000 for L=   42, J=   42.0 channel on core I =   0.0 from L=   42,  Acc. loss =  0.0 D.
 Elastic phase shift   1 =   -0.000   0.000 deg. for the L =   42, J =   42.0 channel.
0****** WARNING : ACCURACY LOSS IN ERWIN = 15.4 DIGITS, SO EXPECT ERRORS OF   0.0000 % OF UNITARITY

      42.0  1.00000000 -0.00000001i: elastic S-matrix  @@      0.00  0   0 F  0
 Reaction Xsec    42.0+/42 @ 1 =   0.000#, Out:   0.000#   0.001#  -0.000f


 Total SPIN, PARITY =    43.0 -,      5 chs,      0 cc.  Rmin & Coul turning =    6.5   24.8
   S-matrix    1 =    1.00000  -0.00000 for L=   43, J=   43.0 channel on core I =   0.0 from L=   43,  Acc. loss =  0.0 D.
 Elastic phase shift   1 =   -0.000   0.000 deg. for the L =   43, J =   43.0 channel.
0****** WARNING : ACCURACY LOSS IN ERWIN = 15.3 DIGITS, SO EXPECT ERRORS OF   0.0000 % OF UNITARITY

      43.0  1.00000000 -0.00000001i: elastic S-matrix  @@      0.02  0   0 F  0
 Reaction Xsec    43.0-/43 @ 1 =   0.000#, Out:   0.000#   0.000#  -0.000f


 Total SPIN, PARITY =    44.0 +,      5 chs,      0 cc.  Rmin & Coul turning =    6.6   25.3
   S-matrix    1 =    1.00000  -0.00000 for L=   44, J=   44.0 channel on core I =   0.0 from L=   44,  Acc. loss =  0.0 D.
 Elastic phase shift   1 =   -0.000   0.000 deg. for the L =   44, J =   44.0 channel.
0****** WARNING : ACCURACY LOSS IN ERWIN = 15.1 DIGITS, SO EXPECT ERRORS OF   0.0000 % OF UNITARITY

      44.0  1.00000000 -0.00000001i: elastic S-matrix  @@      0.02  0   0 F  0
 Reaction Xsec    44.0+/44 @ 1 =   0.000#, Out:   0.000#   0.000#  -0.000f


 Total SPIN, PARITY =    45.0 -,      5 chs,      0 cc.  Rmin & Coul turning =    6.8   25.9
   S-matrix    1 =    1.00000  -0.00000 for L=   45, J=   45.0 channel on core I =   0.0 from L=   45,  Acc. loss =  0.0 D.
 Elastic phase shift   1 =   -0.000   0.000 deg. for the L =   45, J =   45.0 channel.
0****** WARNING : ACCURACY LOSS IN ERWIN = 15.7 DIGITS, SO EXPECT ERRORS OF   0.0000 % OF UNITARITY

      45.0  1.00000000 -0.00000000i: elastic S-matrix  @@      0.00  0   0 F  0
 Reaction Xsec    45.0-/45 @ 1 =   0.000#, Out:   0.000#   0.000#   0.000f


 Total SPIN, PARITY =    46.0 +,      5 chs,      0 cc.  Rmin & Coul turning =    6.9   26.5
   S-matrix    1 =    1.00000  -0.00000 for L=   46, J=   46.0 channel on core I =   0.0 from L=   46,  Acc. loss =  0.0 D.
 Elastic phase shift   1 =   -0.000  -0.000 deg. for the L =   46, J =   46.0 channel.
0****** WARNING : ACCURACY LOSS IN ERWIN = 15.1 DIGITS, SO EXPECT ERRORS OF   0.0000 % OF UNITARITY

      46.0  1.00000000 -0.00000001i: elastic S-matrix  @@      0.02  0   0 F  0
 Reaction Xsec    46.0+/46 @ 1 =  -0.000#, Out:   0.000#   0.000#  -0.000f


 Total SPIN, PARITY =    47.0 -,      5 chs,      0 cc.  Rmin & Coul turning =    7.1   27.0
   S-matrix    1 =    1.00000  -0.00000 for L=   47, J=   47.0 channel on core I =   0.0 from L=   47,  Acc. loss =  0.0 D.
 Elastic phase shift   1 =   -0.000   0.000 deg. for the L =   47, J =   47.0 channel.
0****** WARNING : ACCURACY LOSS IN ERWIN = 14.9 DIGITS, SO EXPECT ERRORS OF   0.0000 % OF UNITARITY

      47.0  1.00000000 -0.00000001i: elastic S-matrix  @@      0.00  0   0 F  0
 Reaction Xsec    47.0-/47 @ 1 =   0.000#, Out:   0.000#   0.000#   0.000f


 Total SPIN, PARITY =    48.0 +,      5 chs,      0 cc.  Rmin & Coul turning =    7.2   27.6
   S-matrix    1 =    1.00000  -0.00000 for L=   48, J=   48.0 channel on core I =   0.0 from L=   48,  Acc. loss =  0.0 D.
 Elastic phase shift   1 =   -0.000  -0.000 deg. for the L =   48, J =   48.0 channel.
0****** WARNING : ACCURACY LOSS IN ERWIN = 14.6 DIGITS, SO EXPECT ERRORS OF   0.0000 % OF UNITARITY

      48.0  1.00000000 -0.00000001i: elastic S-matrix  @@      0.02  0   0 F  0
 Reaction Xsec    48.0+/48 @ 1 =  -0.000#, Out:   0.000#   0.000#  -0.000f


 Total SPIN, PARITY =    49.0 -,      5 chs,      0 cc.  Rmin & Coul turning =    7.4   28.2
   S-matrix    1 =    1.00000  -0.00000 for L=   49, J=   49.0 channel on core I =   0.0 from L=   49,  Acc. loss =  0.0 D.
 Elastic phase shift   1 =   -0.000   0.000 deg. for the L =   49, J =   49.0 channel.
      49.0  1.00000000 -0.00000001i: elastic S-matrix  @@      0.02  0   0 F  0
 Reaction Xsec    49.0-/49 @ 1 =   0.000#, Out:   0.000#   0.000#  -0.000f


 Total SPIN, PARITY =    50.0 +,      5 chs,      0 cc.  Rmin & Coul turning =    7.5   28.7
   S-matrix    1 =    1.00000  -0.00000 for L=   50, J=   50.0 channel on core I =   0.0 from L=   50,  Acc. loss =  0.0 D.
 Elastic phase shift   1 =   -0.000   0.000 deg. for the L =   50, J =   50.0 channel.
      50.0  1.00000000 -0.00000001i: elastic S-matrix  @@      0.00  0   0 F  0
 Reaction Xsec    50.0+/50 @ 1 =   0.000#, Out:   0.000#   0.000#   0.000f


 Total SPIN, PARITY =    51.0 -,      5 chs,      0 cc.  Rmin & Coul turning =    7.7   29.3
   S-matrix    1 =    1.00000  -0.00000 for L=   51, J=   51.0 channel on core I =   0.0 from L=   51,  Acc. loss =  0.0 D.
 Elastic phase shift   1 =   -0.000   0.000 deg. for the L =   51, J =   51.0 channel.
      51.0  1.00000000 -0.00000000i: elastic S-matrix  @@      0.02  0   0 F  0
 Reaction Xsec    51.0-/51 @ 1 =   0.000#, Out:   0.000#   0.000#   0.000f


 Total SPIN, PARITY =    52.0 +,      5 chs,      0 cc.  Rmin & Coul turning =    7.8   29.9
   S-matrix    1 =    1.00000  -0.00000 for L=   52, J=   52.0 channel on core I =   0.0 from L=   52,  Acc. loss =  0.0 D.
 Elastic phase shift   1 =   -0.000  -0.000 deg. for the L =   52, J =   52.0 channel.
      52.0  1.00000000 -0.00000000i: elastic S-matrix  @@      0.00  0   0 F  0
 Reaction Xsec    52.0+/52 @ 1 =  -0.000#, Out:   0.000#   0.000#  -0.000f


 Total SPIN, PARITY =    53.0 -,      5 chs,      0 cc.  Rmin & Coul turning =    8.0   30.4
   S-matrix    1 =    1.00000  -0.00000 for L=   53, J=   53.0 channel on core I =   0.0 from L=   53,  Acc. loss =  0.0 D.
 Elastic phase shift   1 =   -0.000   0.000 deg. for the L =   53, J =   53.0 channel.
      53.0  1.00000000 -0.00000000i: elastic S-matrix  @@      0.02  0   0 F  0
 Reaction Xsec    53.0-/53 @ 1 =   0.000#, Out:   0.000#   0.000#   0.000f


 Total SPIN, PARITY =    54.0 +,      5 chs,      0 cc.  Rmin & Coul turning =    8.1   31.0
   S-matrix    1 =    1.00000  -0.00000 for L=   54, J=   54.0 channel on core I =   0.0 from L=   54,  Acc. loss =  0.0 D.
 Elastic phase shift   1 =   -0.000   0.000 deg. for the L =   54, J =   54.0 channel.
      54.0  1.00000000 -0.00000000i: elastic S-matrix  @@      0.00  0   0 F  0
 Reaction Xsec    54.0+/54 @ 1 =   0.000#, Out:   0.000#   0.000#   0.000f


 Total SPIN, PARITY =    55.0 -,      5 chs,      0 cc.  Rmin & Coul turning =    8.2   31.6
   S-matrix    1 =    1.00000   0.00000 for L=   55, J=   55.0 channel on core I =   0.0 from L=   55,  Acc. loss =  0.0 D.
 Elastic phase shift   1 =    0.000  -0.000 deg. for the L =   55, J =   55.0 channel.
      55.0  1.00000000  0.00000000i: elastic S-matrix  @@      0.02  0   0 F  0
 Reaction Xsec    55.0-/55 @ 1 =  -0.000#, Out:   0.000#   0.000#  -0.000f


 Total SPIN, PARITY =    56.0 +,      5 chs,      0 cc.  Rmin & Coul turning =    8.4   32.1
   S-matrix    1 =    1.00000   0.00000 for L=   56, J=   56.0 channel on core I =   0.0 from L=   56,  Acc. loss =  0.0 D.
 Elastic phase shift   1 =    0.000   0.000 deg. for the L =   56, J =   56.0 channel.
      56.0  1.00000000  0.00000000i: elastic S-matrix  @@      0.00  0   0 F  0
 Reaction Xsec    56.0+/56 @ 1 =   0.000#, Out:   0.000#   0.000#  -0.000f


 Total SPIN, PARITY =    57.0 -,      5 chs,      0 cc.  Rmin & Coul turning =    8.6   32.7
   S-matrix    1 =    1.00000   0.00000 for L=   57, J=   57.0 channel on core I =   0.0 from L=   57,  Acc. loss =  0.0 D.
 Elastic phase shift   1 =    0.000   0.000 deg. for the L =   57, J =   57.0 channel.
      57.0  1.00000000  0.00000000i: elastic S-matrix  @@      0.02  0   0 F  0
 Reaction Xsec    57.0-/57 @ 1 =   0.000#, Out:   0.000#   0.000#  -0.000f


 Total SPIN, PARITY =    58.0 +,      5 chs,      0 cc.  Rmin & Coul turning =    8.7   33.3
   S-matrix    1 =    1.00000   0.00000 for L=   58, J=   58.0 channel on core I =   0.0 from L=   58,  Acc. loss =  0.0 D.
 Elastic phase shift   1 =    0.000   0.000 deg. for the L =   58, J =   58.0 channel.
      58.0  1.00000000  0.00000000i: elastic S-matrix  @@      0.02  0   0 F  0
 Reaction Xsec    58.0+/58 @ 1 =   0.000#, Out:   0.000#   0.000#  -0.000f


 Total SPIN, PARITY =    59.0 -,      5 chs,      0 cc.  Rmin & Coul turning =    8.8   33.8
   S-matrix    1 =    1.00000   0.00000 for L=   59, J=   59.0 channel on core I =   0.0 from L=   59,  Acc. loss =  0.0 D.
 Elastic phase shift   1 =    0.000   0.000 deg. for the L =   59, J =   59.0 channel.
      59.0  1.00000000  0.00000000i: elastic S-matrix  @@      0.00  0   0 F  0
 Reaction Xsec    59.0-/59 @ 1 =   0.000#, Out:   0.000#   0.000#   0.000f


 Total SPIN, PARITY =    60.0 +,      5 chs,      0 cc.  Rmin & Coul turning =    9.0   34.4
   S-matrix    1 =    1.00000   0.00000 for L=   60, J=   60.0 channel on core I =   0.0 from L=   60,  Acc. loss =  0.0 D.
 Elastic phase shift   1 =    0.000   0.000 deg. for the L =   60, J =   60.0 channel.
      60.0  1.00000000  0.00000000i: elastic S-matrix  @@      0.02  0   0 F  0
 Reaction Xsec    60.0+/60 @ 1 =   0.000#, Out:   0.000#   0.000#   0.000f


 Total SPIN, PARITY =    61.0 -,      5 chs,      0 cc.  Rmin & Coul turning =    9.2   35.0
   S-matrix    1 =    1.00000   0.00000 for L=   61, J=   61.0 channel on core I =   0.0 from L=   61,  Acc. loss =  0.0 D.
 Elastic phase shift   1 =    0.000   0.000 deg. for the L =   61, J =   61.0 channel.
      61.0  1.00000000  0.00000000i: elastic S-matrix  @@      0.00  0   0 F  0
 Reaction Xsec    61.0-/61 @ 1 =   0.000#, Out:   0.000#   0.000#   0.000f


 Total SPIN, PARITY =    62.0 +,      5 chs,      0 cc.  Rmin & Coul turning =    9.3   35.5
   S-matrix    1 =    1.00000   0.00000 for L=   62, J=   62.0 channel on core I =   0.0 from L=   62,  Acc. loss =  0.0 D.
 Elastic phase shift   1 =    0.000   0.000 deg. for the L =   62, J =   62.0 channel.
      62.0  1.00000000  0.00000000i: elastic S-matrix  @@      0.02  0   0 F  0
 Reaction Xsec    62.0+/62 @ 1 =   0.000#, Out:   0.000#   0.000#  -0.000f


 Total SPIN, PARITY =    63.0 -,      5 chs,      0 cc.  Rmin & Coul turning =    9.5   36.1
   S-matrix    1 =    1.00000   0.00000 for L=   63, J=   63.0 channel on core I =   0.0 from L=   63,  Acc. loss =  0.0 D.
 Elastic phase shift   1 =    0.000   0.000 deg. for the L =   63, J =   63.0 channel.
      63.0  1.00000000  0.00000000i: elastic S-matrix  @@      0.02  0   0 F  0
 Reaction Xsec    63.0-/63 @ 1 =   0.000#, Out:   0.000#   0.000#   0.000f


 Total SPIN, PARITY =    64.0 +,      5 chs,      0 cc.  Rmin & Coul turning =    9.6   36.7
   S-matrix    1 =    1.00000   0.00000 for L=   64, J=   64.0 channel on core I =   0.0 from L=   64,  Acc. loss =  0.0 D.
 Elastic phase shift   1 =    0.000   0.000 deg. for the L =   64, J =   64.0 channel.
      64.0  1.00000000  0.00000000i: elastic S-matrix  @@      0.00  0   0 F  0
 Reaction Xsec    64.0+/64 @ 1 =   0.000#, Out:   0.000#   0.000#   0.000f


 Total SPIN, PARITY =    65.0 -,      5 chs,      0 cc.  Rmin & Coul turning =    9.8   37.2
   S-matrix    1 =    1.00000   0.00000 for L=   65, J=   65.0 channel on core I =   0.0 from L=   65,  Acc. loss =  0.0 D.
 Elastic phase shift   1 =    0.000   0.000 deg. for the L =   65, J =   65.0 channel.
      65.0  1.00000000  0.00000000i: elastic S-matrix  @@      0.02  0   0 F  0
 Reaction Xsec    65.0-/65 @ 1 =   0.000#, Out:   0.000#   0.000#  -0.000f


 Total SPIN, PARITY =    66.0 +,      5 chs,      0 cc.  Rmin & Coul turning =    9.9   37.8
   S-matrix    1 =    1.00000   0.00000 for L=   66, J=   66.0 channel on core I =   0.0 from L=   66,  Acc. loss =  0.0 D.
 Elastic phase shift   1 =    0.000   0.000 deg. for the L =   66, J =   66.0 channel.
      66.0  1.00000000  0.00000000i: elastic S-matrix  @@      0.00  0   0 F  0
 Reaction Xsec    66.0+/66 @ 1 =   0.000#, Out:   0.000#   0.000#  -0.000f


 Total SPIN, PARITY =    67.0 -,      5 chs,      0 cc.  Rmin & Coul turning =   10.1   38.4
   S-matrix    1 =    1.00000   0.00000 for L=   67, J=   67.0 channel on core I =   0.0 from L=   67,  Acc. loss =  0.0 D.
 Elastic phase shift   1 =    0.000   0.000 deg. for the L =   67, J =   67.0 channel.
      67.0  1.00000000  0.00000000i: elastic S-matrix  @@      0.02  0   0 F  0
 Reaction Xsec    67.0-/67 @ 1 =   0.000#, Out:   0.000#   0.000#   0.000f


 Total SPIN, PARITY =    68.0 +,      5 chs,      0 cc.  Rmin & Coul turning =   10.2   38.9
   S-matrix    1 =    1.00000   0.00000 for L=   68, J=   68.0 channel on core I =   0.0 from L=   68,  Acc. loss =  0.0 D.
 Elastic phase shift   1 =    0.000   0.000 deg. for the L =   68, J =   68.0 channel.
      68.0  1.00000000  0.00000000i: elastic S-matrix  @@      0.00  0   0 F  0
 Reaction Xsec    68.0+/68 @ 1 =   0.000#, Out:   0.000#   0.000#  -0.000f


 Total SPIN, PARITY =    69.0 -,      5 chs,      0 cc.  Rmin & Coul turning =   10.4   39.5
   S-matrix    1 =    1.00000   0.00000 for L=   69, J=   69.0 channel on core I =   0.0 from L=   69,  Acc. loss =  0.0 D.
 Elastic phase shift   1 =    0.000  -0.000 deg. for the L =   69, J =   69.0 channel.
      69.0  1.00000000  0.00000000i: elastic S-matrix  @@      0.02  0   0 F  0
 Reaction Xsec    69.0-/69 @ 1 =  -0.000#, Out:   0.000#   0.000#  -0.000f


 Total SPIN, PARITY =    70.0 +,      5 chs,      0 cc.  Rmin & Coul turning =   10.5   40.1
   S-matrix    1 =    1.00000   0.00000 for L=   70, J=   70.0 channel on core I =   0.0 from L=   70,  Acc. loss =  0.0 D.
 Elastic phase shift   1 =    0.000   0.000 deg. for the L =   70, J =   70.0 channel.
      70.0  1.00000000  0.00000000i: elastic S-matrix  @@      0.00  0   0 F  0
 Reaction Xsec    70.0+/70 @ 1 =   0.000#, Out:   0.000#   0.000#   0.000f


 Total SPIN, PARITY =    71.0 -,      5 chs,      0 cc.  Rmin & Coul turning =   10.7   40.6
   S-matrix    1 =    1.00000   0.00000 for L=   71, J=   71.0 channel on core I =   0.0 from L=   71,  Acc. loss =  0.0 D.
 Elastic phase shift   1 =    0.000   0.000 deg. for the L =   71, J =   71.0 channel.
      71.0  1.00000000  0.00000000i: elastic S-matrix  @@      0.02  0   0 F  0
 Reaction Xsec    71.0-/71 @ 1 =   0.000#, Out:   0.000#   0.000#  -0.000f


 Total SPIN, PARITY =    72.0 +,      5 chs,      0 cc.  Rmin & Coul turning =   10.8   41.2
   S-matrix    1 =    1.00000   0.00000 for L=   72, J=   72.0 channel on core I =   0.0 from L=   72,  Acc. loss =  0.0 D.
 Elastic phase shift   1 =    0.000   0.000 deg. for the L =   72, J =   72.0 channel.
      72.0  1.00000000  0.00000000i: elastic S-matrix  @@      0.02  0   0 F  0
 Reaction Xsec    72.0+/72 @ 1 =   0.000#, Out:   0.000#   0.000#  -0.000f


 Total SPIN, PARITY =    73.0 -,      5 chs,      0 cc.  Rmin & Coul turning =   11.0   41.8
   S-matrix    1 =    1.00000   0.00000 for L=   73, J=   73.0 channel on core I =   0.0 from L=   73,  Acc. loss =  0.0 D.
 Elastic phase shift   1 =    0.000  -0.000 deg. for the L =   73, J =   73.0 channel.
      73.0  1.00000000  0.00000000i: elastic S-matrix  @@      0.00  0   0 F  0
 Reaction Xsec    73.0-/73 @ 1 =  -0.000#, Out:   0.000#   0.000#  -0.000f


 Total SPIN, PARITY =    74.0 +,      5 chs,      0 cc.  Rmin & Coul turning =   11.1   42.3
   S-matrix    1 =    1.00000   0.00000 for L=   74, J=   74.0 channel on core I =   0.0 from L=   74,  Acc. loss =  0.0 D.
 Elastic phase shift   1 =    0.000   0.000 deg. for the L =   74, J =   74.0 channel.
      74.0  1.00000000  0.00000000i: elastic S-matrix  @@      0.02  0   0 F  0
 Reaction Xsec    74.0+/74 @ 1 =   0.000#, Out:   0.000#   0.000#  -0.000f


 Total SPIN, PARITY =    75.0 -,      5 chs,      0 cc.  Rmin & Coul turning =   11.2   42.9
   S-matrix    1 =    1.00000   0.00000 for L=   75, J=   75.0 channel on core I =   0.0 from L=   75,  Acc. loss =  0.0 D.
 Elastic phase shift   1 =    0.000   0.000 deg. for the L =   75, J =   75.0 channel.
      75.0  1.00000000  0.00000000i: elastic S-matrix  @@      0.00  0   0 F  0
 Reaction Xsec    75.0-/75 @ 1 =   0.000#, Out:   0.000#   0.000#  -0.000f


 Total SPIN, PARITY =    76.0 +,      5 chs,      0 cc.  Rmin & Coul turning =   11.4   43.5
   S-matrix    1 =    1.00000   0.00000 for L=   76, J=   76.0 channel on core I =   0.0 from L=   76,  Acc. loss =  0.0 D.
 Elastic phase shift   1 =    0.000   0.000 deg. for the L =   76, J =   76.0 channel.
      76.0  1.00000000  0.00000000i: elastic S-matrix  @@      0.02  0   0 F  0
 Reaction Xsec    76.0+/76 @ 1 =   0.000#, Out:   0.000#   0.000#  -0.000f


 Total SPIN, PARITY =    77.0 -,      5 chs,      0 cc.  Rmin & Coul turning =   11.6   44.0
   S-matrix    1 =    1.00000   0.00000 for L=   77, J=   77.0 channel on core I =   0.0 from L=   77,  Acc. loss =  0.0 D.
 Elastic phase shift   1 =    0.000   0.000 deg. for the L =   77, J =   77.0 channel.
      77.0  1.00000000  0.00000000i: elastic S-matrix  @@      0.00  0   0 F  0
 Reaction Xsec    77.0-/77 @ 1 =   0.000#, Out:   0.000#   0.000#  -0.000f


 Total SPIN, PARITY =    78.0 +,      5 chs,      0 cc.  Rmin & Coul turning =   11.7   44.6
   S-matrix    1 =    1.00000   0.00000 for L=   78, J=   78.0 channel on core I =   0.0 from L=   78,  Acc. loss =  0.0 D.
 Elastic phase shift   1 =    0.000   0.000 deg. for the L =   78, J =   78.0 channel.
      78.0  1.00000000  0.00000000i: elastic S-matrix  @@      0.02  0   0 F  0
 Reaction Xsec    78.0+/78 @ 1 =   0.000#, Out:   0.000#   0.000#  -0.000f


 Total SPIN, PARITY =    79.0 -,      5 chs,      0 cc.  Rmin & Coul turning =   11.9   45.2
   S-matrix    1 =    1.00000   0.00000 for L=   79, J=   79.0 channel on core I =   0.0 from L=   79,  Acc. loss =  0.0 D.
 Elastic phase shift   1 =    0.000   0.000 deg. for the L =   79, J =   79.0 channel.
      79.0  1.00000000  0.00000000i: elastic S-matrix  @@      0.00  0   0 F  0
 Reaction Xsec    79.0-/79 @ 1 =   0.000#, Out:   0.000#   0.000#  -0.000f


 Total SPIN, PARITY =    80.0 +,      5 chs,      0 cc.  Rmin & Coul turning =   12.0   45.7
   S-matrix    1 =    1.00000  -0.00000 for L=   80, J=   80.0 channel on core I =   0.0 from L=   80,  Acc. loss =  0.0 D.
 Elastic phase shift   1 =   -0.000   0.000 deg. for the L =   80, J =   80.0 channel.
      80.0  1.00000000 -0.00000000i: elastic S-matrix  @@      0.02  0   0 F  0
 Reaction Xsec    80.0+/80 @ 1 =   0.000#, Out:   0.000#   0.000#   0.000f

 Finished all CC sets @   0.968750000    
0CUMULATIVE REACTION cross section                 = 1323.47933  <L> =     7.32  <L**2> =     61.7
0CUMULATIVE outgoing cross sections in partition 1 :    0.00000
0CUMULATIVE outgoing cross sections in partition 2 :  514.03135
0Cumulative ABSORBTION by Imaginary Potentials     =  809.44798  <L> =    -4.90  <L**2> =   -348.3
   Fusion for specific 4He      M-states :  809.447976
0CUMULATIVE OUTGOING cross section                 =  514.03135
 To convert to S-factors (MeV.mb = keV.b),  multiply by  8.6757E+01


 CROSS SECTIONS FOR OUTGOING 4He      & 4He      in state #   1 with spins & parities 0.0  + &  0.0  +;  0

     0.01 deg.: X-S =   3.3849E+14 mb/sr,
+                                         /R =   9.9999E-01
     1.00 deg.: X-S =   3.0982E+06 mb/sr,
+                                         /R =   9.1524E-01
     2.00 deg.: X-S =   1.6693E+05 mb/sr,
+                                         /R =   7.8890E-01
     3.00 deg.: X-S =   3.3651E+04 mb/sr,
+                                         /R =   8.0489E-01
     4.00 deg.: X-S =   1.5306E+04 mb/sr,
+                                         /R =   1.1567E+00
     5.00 deg.: X-S =   1.0896E+04 mb/sr,
+                                         /R =   2.0093E+00
     6.00 deg.: X-S =  9026.891620 mb/sr,
+                                         /R =   3.4499E+00
     7.00 deg.: X-S =  7698.841953 mb/sr,
+                                         /R =   5.4474E+00
     8.00 deg.: X-S =  6497.535617 mb/sr,
+                                         /R =   7.8370E+00
     9.00 deg.: X-S =  5352.924213 mb/sr,
+                                         /R =   1.0333E+01
    10.00 deg.: X-S =  4277.295056 mb/sr,
+                                         /R =   1.2572E+01
    11.00 deg.: X-S =  3298.580003 mb/sr,
+                                         /R =   1.4180E+01
    12.00 deg.: X-S =  2441.236848 mb/sr,
+                                         /R =   1.4846E+01
    13.00 deg.: X-S =  1720.702651 mb/sr,
+                                         /R =   1.4395E+01
    14.00 deg.: X-S =  1142.387504 mb/sr,
+                                         /R =   1.2837E+01
    15.00 deg.: X-S =   702.485086 mb/sr,
+                                         /R =   1.0387E+01
    16.00 deg.: X-S =   389.629723 mb/sr,
+                                         /R =   7.4462E+00
    17.00 deg.: X-S =   186.950156 mb/sr,
+                                         /R =   4.5457E+00
    18.00 deg.: X-S =    74.238912 mb/sr,
+                                         /R =   2.2648E+00
    19.00 deg.: X-S =    30.027140 mb/sr,
+                                         /R =   1.1350E+00
    20.00 deg.: X-S =    33.403932 mb/sr,
+                                         /R =   1.5472E+00
    21.00 deg.: X-S =    65.467245 mb/sr,
+                                         /R =   3.6781E+00
    22.00 deg.: X-S =   110.343347 mb/sr,
+                                         /R =   7.4508E+00
    23.00 deg.: X-S =   155.760187 mb/sr,
+                                         /R =   1.2535E+01
    24.00 deg.: X-S =   193.203126 mb/sr,
+                                         /R =   1.8390E+01
    25.00 deg.: X-S =   217.715422 mb/sr,
+                                         /R =   2.4339E+01
    26.00 deg.: X-S =   227.428530 mb/sr,
+                                         /R =   2.9666E+01
    27.00 deg.: X-S =   222.917923 mb/sr,
+                                         /R =   3.3725E+01
    28.00 deg.: X-S =   206.479504 mb/sr,
+                                         /R =   3.6028E+01
    29.00 deg.: X-S =   181.411573 mb/sr,
+                                         /R =   3.6318E+01
    30.00 deg.: X-S =   151.370528 mb/sr,
+                                         /R =   3.4601E+01
    31.00 deg.: X-S =   119.847678 mb/sr,
+                                         /R =   3.1138E+01
    32.00 deg.: X-S =    89.792926 mb/sr,
+                                         /R =   2.6403E+01
    33.00 deg.: X-S =    63.390844 mb/sr,
+                                         /R =   2.1011E+01
    34.00 deg.: X-S =    41.977827 mb/sr,
+                                         /R =   1.5625E+01
    35.00 deg.: X-S =    26.076734 mb/sr,
+                                         /R =   1.0861E+01
    36.00 deg.: X-S =    15.518058 mb/sr,
+                                         /R =   7.2082E+00
    37.00 deg.: X-S =     9.614173 mb/sr,
+                                         /R =   4.9646E+00
    38.00 deg.: X-S =     7.354744 mb/sr,
+                                         /R =   4.2092E+00
    39.00 deg.: X-S =     7.596106 mb/sr,
+                                         /R =   4.8044E+00
    40.00 deg.: X-S =     9.224063 mb/sr,
+                                         /R =   6.4297E+00
    41.00 deg.: X-S =    11.277077 mb/sr,
+                                         /R =   8.6409E+00
    42.00 deg.: X-S =    13.024128 mb/sr,
+                                         /R =   1.0943E+01
    43.00 deg.: X-S =    13.997982 mb/sr,
+                                         /R =   1.2866E+01
    44.00 deg.: X-S =    13.989527 mb/sr,
+                                         /R =   1.4034E+01
    45.00 deg.: X-S =    13.012149 mb/sr,
+                                         /R =   1.4216E+01
    46.00 deg.: X-S =    11.246686 mb/sr,
+                                         /R =   1.3354E+01
    47.00 deg.: X-S =     8.977558 mb/sr,
+                                         /R =   1.1562E+01
    48.00 deg.: X-S =     6.529524 mb/sr,
+                                         /R =   9.1033E+00
    49.00 deg.: X-S =     4.212538 mb/sr,
+                                         /R =   6.3462E+00
    50.00 deg.: X-S =     2.279743 mb/sr,
+                                         /R =   3.7046E+00
    51.00 deg.: X-S =     0.901139 mb/sr,
+                                         /R =   1.5769E+00
    52.00 deg.: X-S =     0.153136 mb/sr,
+                                         /R =   2.8808E-01
    53.00 deg.: X-S =     0.022320 mb/sr,
+                                         /R =   4.5068E-02
    54.00 deg.: X-S =     0.420415 mb/sr,
+                                         /R =   9.0976E-01
    55.00 deg.: X-S =     1.206630 mb/sr,
+                                         /R =   2.7942E+00
    56.00 deg.: X-S =     2.213399 mb/sr,
+                                         /R =   5.4772E+00
    57.00 deg.: X-S =     3.271774 mb/sr,
+                                         /R =   8.6397E+00
    58.00 deg.: X-S =     4.233389 mb/sr,
+                                         /R =   1.1913E+01
    59.00 deg.: X-S =     4.986764 mb/sr,
+                                         /R =   1.4936E+01
    60.00 deg.: X-S =     5.466753 mb/sr,
+                                         /R =   1.7405E+01
    61.00 deg.: X-S =     5.656874 mb/sr,
+                                         /R =   1.9121E+01
    62.00 deg.: X-S =     5.585159 mb/sr,
+                                         /R =   2.0020E+01
    63.00 deg.: X-S =     5.314833 mb/sr,
+                                         /R =   2.0179E+01
    64.00 deg.: X-S =     4.931581 mb/sr,
+                                         /R =   1.9810E+01
    65.00 deg.: X-S =     4.529361 mb/sr,
+                                         /R =   1.9229E+01
    66.00 deg.: X-S =     4.196676 mb/sr,
+                                         /R =   1.8811E+01
    67.00 deg.: X-S =     4.004966 mb/sr,
+                                         /R =   1.8933E+01
    68.00 deg.: X-S =     4.000352 mb/sr,
+                                         /R =   1.9925E+01
    69.00 deg.: X-S =     4.199453 mb/sr,
+                                         /R =   2.2017E+01
    70.00 deg.: X-S =     4.589422 mb/sr,
+                                         /R =   2.5304E+01
    71.00 deg.: X-S =     5.131835 mb/sr,
+                                         /R =   2.9727E+01
    72.00 deg.: X-S =     5.769612 mb/sr,
+                                         /R =   3.5082E+01
    73.00 deg.: X-S =     6.435836 mb/sr,
+                                         /R =   4.1041E+01
    74.00 deg.: X-S =     7.063195 mb/sr,
+                                         /R =   4.7197E+01
    75.00 deg.: X-S =     7.592772 mb/sr,
+                                         /R =   5.3119E+01
    76.00 deg.: X-S =     7.981081 mb/sr,
+                                         /R =   5.8411E+01
    77.00 deg.: X-S =     8.204558 mb/sr,
+                                         /R =   6.2765E+01
    78.00 deg.: X-S =     8.261077 mb/sr,
+                                         /R =   6.6006E+01
    79.00 deg.: X-S =     8.168484 mb/sr,
+                                         /R =   6.8116E+01
    80.00 deg.: X-S =     7.960549 mb/sr,
+                                         /R =   6.9227E+01
    81.00 deg.: X-S =     7.681027 mb/sr,
+                                         /R =   6.9608E+01
    82.00 deg.: X-S =     7.376767 mb/sr,
+                                         /R =   6.9615E+01
    83.00 deg.: X-S =     7.090880 mb/sr,
+                                         /R =   6.9634E+01
    84.00 deg.: X-S =     6.856900 mb/sr,
+                                         /R =   7.0022E+01
    85.00 deg.: X-S =     6.694721 mb/sr,
+                                         /R =   7.1044E+01
    86.00 deg.: X-S =     6.608797 mb/sr,
+                                         /R =   7.2831E+01
    87.00 deg.: X-S =     6.588741 mb/sr,
+                                         /R =   7.5355E+01
    88.00 deg.: X-S =     6.612149 mb/sr,
+                                         /R =   7.8431E+01
    89.00 deg.: X-S =     6.649117 mb/sr,
+                                         /R =   8.1747E+01
    90.00 deg.: X-S =     6.667742 mb/sr,
+                                         /R =   8.4914E+01
    91.00 deg.: X-S =     6.639731 mb/sr,
+                                         /R =   8.7535E+01
    92.00 deg.: X-S =     6.545288 mb/sr,
+                                         /R =   8.9275E+01
    93.00 deg.: X-S =     6.376528 mb/sr,
+                                         /R =   8.9928E+01
    94.00 deg.: X-S =     6.138955 mb/sr,
+                                         /R =   8.9468E+01
    95.00 deg.: X-S =     5.850770 mb/sr,
+                                         /R =   8.8064E+01
    96.00 deg.: X-S =     5.540143 mb/sr,
+                                         /R =   8.6075E+01
    97.00 deg.: X-S =     5.240867 mb/sr,
+                                         /R =   8.4002E+01
    98.00 deg.: X-S =     4.987046 mb/sr,
+                                         /R =   8.2419E+01
    99.00 deg.: X-S =     4.807614 mb/sr,
+                                         /R =   8.1879E+01
   100.00 deg.: X-S =     4.721518 mb/sr,
+                                         /R =   8.2825E+01
   101.00 deg.: X-S =     4.734288 mb/sr,
+                                         /R =   8.5495E+01
   102.00 deg.: X-S =     4.836537 mb/sr,
+                                         /R =   8.9869E+01
   103.00 deg.: X-S =     5.004657 mb/sr,
+                                         /R =   9.5634E+01
   104.00 deg.: X-S =     5.203640 mb/sr,
+                                         /R =   1.0221E+02
   105.00 deg.: X-S =     5.391687 mb/sr,
+                                         /R =   1.0881E+02
   106.00 deg.: X-S =     5.525968 mb/sr,
+                                         /R =   1.1452E+02
   107.00 deg.: X-S =     5.568732 mb/sr,
+                                         /R =   1.1845E+02
   108.00 deg.: X-S =     5.492927 mb/sr,
+                                         /R =   1.1987E+02
   109.00 deg.: X-S =     5.286496 mb/sr,
+                                         /R =   1.1830E+02
   110.00 deg.: X-S =     4.954730 mb/sr,
+                                         /R =   1.1364E+02
   111.00 deg.: X-S =     4.520289 mb/sr,
+                                         /R =   1.0622E+02
   112.00 deg.: X-S =     4.020833 mb/sr,
+                                         /R =   9.6755E+01
   113.00 deg.: X-S =     3.504513 mb/sr,
+                                         /R =   8.6321E+01
   114.00 deg.: X-S =     3.023912 mb/sr,
+                                         /R =   7.6207E+01
   115.00 deg.: X-S =     2.629184 mb/sr,
+                                         /R =   6.7764E+01
   116.00 deg.: X-S =     2.361346 mb/sr,
+                                         /R =   6.2216E+01
   117.00 deg.: X-S =     2.246586 mb/sr,
+                                         /R =   6.0485E+01
   118.00 deg.: X-S =     2.292416 mb/sr,
+                                         /R =   6.3040E+01
   119.00 deg.: X-S =     2.486199 mb/sr,
+                                         /R =   6.9804E+01
   120.00 deg.: X-S =     2.796316 mb/sr,
+                                         /R =   8.0126E+01
   121.00 deg.: X-S =     3.175863 mb/sr,
+                                         /R =   9.2835E+01
   122.00 deg.: X-S =     3.568450 mb/sr,
+                                         /R =   1.0637E+02
   123.00 deg.: X-S =     3.915378 mb/sr,
+                                         /R =   1.1897E+02
   124.00 deg.: X-S =     4.163262 mb/sr,
+                                         /R =   1.2890E+02
   125.00 deg.: X-S =     4.271117 mb/sr,
+                                         /R =   1.3469E+02
   126.00 deg.: X-S =     4.215945 mb/sr,
+                                         /R =   1.3536E+02
   127.00 deg.: X-S =     3.996077 mb/sr,
+                                         /R =   1.3058E+02
   128.00 deg.: X-S =     3.631757 mb/sr,
+                                         /R =   1.2073E+02
   129.00 deg.: X-S =     3.162862 mb/sr,
+                                         /R =   1.0693E+02
   130.00 deg.: X-S =     2.643982 mb/sr,
+                                         /R =   9.0871E+01
   131.00 deg.: X-S =     2.137457 mb/sr,
+                                         /R =   7.4654E+01
   132.00 deg.: X-S =     1.705244 mb/sr,
+                                         /R =   6.0502E+01
   133.00 deg.: X-S =     1.400668 mb/sr,
+                                         /R =   5.0465E+01
   134.00 deg.: X-S =     1.261132 mb/sr,
+                                         /R =   4.6124E+01
   135.00 deg.: X-S =     1.302774 mb/sr,
+                                         /R =   4.8350E+01
   136.00 deg.: X-S =     1.517831 mb/sr,
+                                         /R =   5.7141E+01
   137.00 deg.: X-S =     1.875117 mb/sr,
+                                         /R =   7.1582E+01
   138.00 deg.: X-S =     2.323652 mb/sr,
+                                         /R =   8.9917E+01
   139.00 deg.: X-S =     2.799027 mb/sr,
+                                         /R =   1.0975E+02
   140.00 deg.: X-S =     3.231764 mb/sr,
+                                         /R =   1.2836E+02
   141.00 deg.: X-S =     3.556619 mb/sr,
+                                         /R =   1.4305E+02
   142.00 deg.: X-S =     3.721620 mb/sr,
+                                         /R =   1.5152E+02
   143.00 deg.: X-S =     3.695640 mb/sr,
+                                         /R =   1.5226E+02
   144.00 deg.: X-S =     3.473457 mb/sr,
+                                         /R =   1.4476E+02
   145.00 deg.: X-S =     3.077524 mb/sr,
+                                         /R =   1.2970E+02
   146.00 deg.: X-S =     2.556095 mb/sr,
+                                         /R =   1.0890E+02
   147.00 deg.: X-S =     1.977816 mb/sr,
+                                         /R =   8.5152E+01
   148.00 deg.: X-S =     1.423321 mb/sr,
+                                         /R =   6.1906E+01
   149.00 deg.: X-S =     0.974844 mb/sr,
+                                         /R =   4.2819E+01
   150.00 deg.: X-S =     0.705092 mb/sr,
+                                         /R =   3.1267E+01
   151.00 deg.: X-S =     0.666825 mb/sr,
+                                         /R =   2.9843E+01
   152.00 deg.: X-S =     0.884542 mb/sr,
+                                         /R =   3.9939E+01
   153.00 deg.: X-S =     1.349468 mb/sr,
+                                         /R =   6.1454E+01
   154.00 deg.: X-S =     2.018667 mb/sr,
+                                         /R =   9.2688E+01
   155.00 deg.: X-S =     2.818645 mb/sr,
+                                         /R =   1.3045E+02
   156.00 deg.: X-S =     3.653218 mb/sr,
+                                         /R =   1.7036E+02
   157.00 deg.: X-S =     4.414902 mb/sr,
+                                         /R =   2.0737E+02
   158.00 deg.: X-S =     4.998586 mb/sr,
+                                         /R =   2.3643E+02
   159.00 deg.: X-S =     5.315907 mb/sr,
+                                         /R =   2.5311E+02
   160.00 deg.: X-S =     5.308557 mb/sr,
+                                         /R =   2.5436E+02
   161.00 deg.: X-S =     4.958829 mb/sr,
+                                         /R =   2.3903E+02
   162.00 deg.: X-S =     4.295906 mb/sr,
+                                         /R =   2.0826E+02
   163.00 deg.: X-S =     3.396884 mb/sr,
+                                         /R =   1.6556E+02
   164.00 deg.: X-S =     2.382056 mb/sr,
+                                         /R =   1.1669E+02
   165.00 deg.: X-S =     1.404686 mb/sr,
+                                         /R =   6.9138E+01
   166.00 deg.: X-S =     0.636125 mb/sr,
+                                         /R =   3.1449E+01
   167.00 deg.: X-S =     0.247736 mb/sr,
+                                         /R =   1.2298E+01
   168.00 deg.: X-S =     0.391523 mb/sr,
+                                         /R =   1.9511E+01
   169.00 deg.: X-S =     1.181585 mb/sr,
+                                         /R =   5.9090E+01
   170.00 deg.: X-S =     2.678532 mb/sr,
+                                         /R =   1.3438E+02
   171.00 deg.: X-S =     4.878728 mb/sr,
+                                         /R =   2.4547E+02
   172.00 deg.: X-S =     7.709770 mb/sr,
+                                         /R =   3.8893E+02
   173.00 deg.: X-S =    11.032954 mb/sr,
+                                         /R =   5.5784E+02
   174.00 deg.: X-S =    14.652739 mb/sr,
+                                         /R =   7.4233E+02
   175.00 deg.: X-S =    18.332443 mb/sr,
+                                         /R =   9.3031E+02
   176.00 deg.: X-S =    21.814704 mb/sr,
+                                         /R =   1.1085E+03
   177.00 deg.: X-S =    24.844692 mb/sr,
+                                         /R =   1.2639E+03
   178.00 deg.: X-S =    27.193711 mb/sr,
+                                         /R =   1.3844E+03
   179.00 deg.: X-S =    28.680752 mb/sr,
+                                         /R =   1.4608E+03
   179.99 deg.: X-S =    29.189705 mb/sr,
+                                         /R =   1.4869E+03
                                           Integrated********** mb, over [   0.000, 180.000] at    65.0000 MeV 

 CROSS SECTIONS FOR OUTGOING p        & 7Li      in state #   1 with spins & parities 0.5  + &  1.5  -;  0

     0.00 deg.: X-S =   550.243069 mb/sr,
+                                         REAC   5.1403E+02 mb
     1.00 deg.: X-S =   550.110225 mb/sr,
     2.00 deg.: X-S =   544.885047 mb/sr,
     3.00 deg.: X-S =   523.648348 mb/sr,
     4.00 deg.: X-S =   477.627060 mb/sr,
     5.00 deg.: X-S =   407.501652 mb/sr,
     6.00 deg.: X-S =   324.906242 mb/sr,
     7.00 deg.: X-S =   247.229289 mb/sr,
     8.00 deg.: X-S =   189.166740 mb/sr,
     9.00 deg.: X-S =   156.245731 mb/sr,
    10.00 deg.: X-S =   143.812003 mb/sr,
    11.00 deg.: X-S =   141.293191 mb/sr,
    12.00 deg.: X-S =   138.533772 mb/sr,
    13.00 deg.: X-S =   130.415205 mb/sr,
    14.00 deg.: X-S =   117.714697 mb/sr,
    15.00 deg.: X-S =   104.676854 mb/sr,
    16.00 deg.: X-S =    95.421968 mb/sr,
    17.00 deg.: X-S =    91.393276 mb/sr,
    18.00 deg.: X-S =    90.949810 mb/sr,
    19.00 deg.: X-S =    90.841832 mb/sr,
    20.00 deg.: X-S =    88.395594 mb/sr,
    21.00 deg.: X-S =    83.069626 mb/sr,
    22.00 deg.: X-S =    76.548736 mb/sr,
    23.00 deg.: X-S =    71.427570 mb/sr,
    24.00 deg.: X-S =    69.377070 mb/sr,
    25.00 deg.: X-S =    70.015048 mb/sr,
    26.00 deg.: X-S =    71.250243 mb/sr,
    27.00 deg.: X-S =    70.849920 mb/sr,
    28.00 deg.: X-S =    68.075208 mb/sr,
    29.00 deg.: X-S =    64.144889 mb/sr,
    30.00 deg.: X-S =    61.171102 mb/sr,
    31.00 deg.: X-S =    60.420394 mb/sr,
    32.00 deg.: X-S =    61.314511 mb/sr,
    33.00 deg.: X-S =    61.991805 mb/sr,
    34.00 deg.: X-S =    60.950347 mb/sr,
    35.00 deg.: X-S =    58.369387 mb/sr,
    36.00 deg.: X-S =    55.964824 mb/sr,
    37.00 deg.: X-S =    55.487346 mb/sr,
    38.00 deg.: X-S =    57.153955 mb/sr,
    39.00 deg.: X-S =    59.380973 mb/sr,
    40.00 deg.: X-S =    60.070308 mb/sr,
    41.00 deg.: X-S =    58.351402 mb/sr,
    42.00 deg.: X-S =    55.280593 mb/sr,
    43.00 deg.: X-S =    52.906942 mb/sr,
    44.00 deg.: X-S =    52.535125 mb/sr,
    45.00 deg.: X-S =    53.699743 mb/sr,
    46.00 deg.: X-S =    54.712592 mb/sr,
    47.00 deg.: X-S =    54.244208 mb/sr,
    48.00 deg.: X-S =    52.503507 mb/sr,
    49.00 deg.: X-S =    50.975035 mb/sr,
    50.00 deg.: X-S =    50.988786 mb/sr,
    51.00 deg.: X-S =    52.441423 mb/sr,
    52.00 deg.: X-S =    53.829654 mb/sr,
    53.00 deg.: X-S =    53.559523 mb/sr,
    54.00 deg.: X-S =    51.351249 mb/sr,
    55.00 deg.: X-S =    48.490786 mb/sr,
    56.00 deg.: X-S =    46.723746 mb/sr,
    57.00 deg.: X-S =    46.787085 mb/sr,
    58.00 deg.: X-S =    47.860452 mb/sr,
    59.00 deg.: X-S =    48.369656 mb/sr,
    60.00 deg.: X-S =    47.380979 mb/sr,
    61.00 deg.: X-S =    45.350211 mb/sr,
    62.00 deg.: X-S =    43.616689 mb/sr,
    63.00 deg.: X-S =    43.156724 mb/sr,
    64.00 deg.: X-S =    43.725455 mb/sr,
    65.00 deg.: X-S =    44.115334 mb/sr,
    66.00 deg.: X-S =    43.250428 mb/sr,
    67.00 deg.: X-S =    41.127723 mb/sr,
    68.00 deg.: X-S =    38.800403 mb/sr,
    69.00 deg.: X-S =    37.460019 mb/sr,
    70.00 deg.: X-S =    37.436675 mb/sr,
    71.00 deg.: X-S =    37.960706 mb/sr,
    72.00 deg.: X-S =    37.845178 mb/sr,
    73.00 deg.: X-S =    36.475208 mb/sr,
    74.00 deg.: X-S =    34.274224 mb/sr,
    75.00 deg.: X-S =    32.297175 mb/sr,
    76.00 deg.: X-S =    31.335375 mb/sr,
    77.00 deg.: X-S =    31.292201 mb/sr,
    78.00 deg.: X-S =    31.323844 mb/sr,
    79.00 deg.: X-S =    30.588790 mb/sr,
    80.00 deg.: X-S =    28.960195 mb/sr,
    81.00 deg.: X-S =    27.113247 mb/sr,
    82.00 deg.: X-S =    25.934155 mb/sr,
    83.00 deg.: X-S =    25.759061 mb/sr,
    84.00 deg.: X-S =    26.082691 mb/sr,
    85.00 deg.: X-S =    25.978150 mb/sr,
    86.00 deg.: X-S =    24.873633 mb/sr,
    87.00 deg.: X-S =    23.032408 mb/sr,
    88.00 deg.: X-S =    21.330762 mb/sr,
    89.00 deg.: X-S =    20.521570 mb/sr,
    90.00 deg.: X-S =    20.611017 mb/sr,
    91.00 deg.: X-S =    20.882755 mb/sr,
    92.00 deg.: X-S =    20.546338 mb/sr,
    93.00 deg.: X-S =    19.440065 mb/sr,
    94.00 deg.: X-S =    18.164790 mb/sr,
    95.00 deg.: X-S =    17.526443 mb/sr,
    96.00 deg.: X-S =    17.787386 mb/sr,
    97.00 deg.: X-S =    18.409697 mb/sr,
    98.00 deg.: X-S =    18.535142 mb/sr,
    99.00 deg.: X-S =    17.770059 mb/sr,
   100.00 deg.: X-S =    16.549383 mb/sr,
   101.00 deg.: X-S =    15.732184 mb/sr,
   102.00 deg.: X-S =    15.799128 mb/sr,
   103.00 deg.: X-S =    16.409994 mb/sr,
   104.00 deg.: X-S =    16.751682 mb/sr,
   105.00 deg.: X-S =    16.351228 mb/sr,
   106.00 deg.: X-S =    15.561942 mb/sr,
   107.00 deg.: X-S =    15.225532 mb/sr,
   108.00 deg.: X-S =    15.816010 mb/sr,
   109.00 deg.: X-S =    16.910379 mb/sr,
   110.00 deg.: X-S =    17.550461 mb/sr,
   111.00 deg.: X-S =    17.189809 mb/sr,
   112.00 deg.: X-S =    16.299189 mb/sr,
   113.00 deg.: X-S =    15.980927 mb/sr,
   114.00 deg.: X-S =    16.903108 mb/sr,
   115.00 deg.: X-S =    18.585404 mb/sr,
   116.00 deg.: X-S =    19.796430 mb/sr,
   117.00 deg.: X-S =    19.753404 mb/sr,
   118.00 deg.: X-S =    18.969859 mb/sr,
   119.00 deg.: X-S =    18.853808 mb/sr,
   120.00 deg.: X-S =    20.349319 mb/sr,
   121.00 deg.: X-S =    22.911723 mb/sr,
   122.00 deg.: X-S =    24.886421 mb/sr,
   123.00 deg.: X-S =    25.044395 mb/sr,
   124.00 deg.: X-S =    23.846856 mb/sr,
   125.00 deg.: X-S =    23.159148 mb/sr,
   126.00 deg.: X-S =    24.565126 mb/sr,
   127.00 deg.: X-S =    27.822752 mb/sr,
   128.00 deg.: X-S =    30.973689 mb/sr,
   129.00 deg.: X-S =    32.107811 mb/sr,
   130.00 deg.: X-S =    31.176754 mb/sr,
   131.00 deg.: X-S =    30.112547 mb/sr,
   132.00 deg.: X-S =    31.052089 mb/sr,
   133.00 deg.: X-S =    34.282567 mb/sr,
   134.00 deg.: X-S =    37.864970 mb/sr,
   135.00 deg.: X-S =    39.369187 mb/sr,
   136.00 deg.: X-S =    38.154804 mb/sr,
   137.00 deg.: X-S =    36.054739 mb/sr,
   138.00 deg.: X-S =    35.761783 mb/sr,
   139.00 deg.: X-S =    38.366264 mb/sr,
   140.00 deg.: X-S =    42.326252 mb/sr,
   141.00 deg.: X-S =    44.853697 mb/sr,
   142.00 deg.: X-S =    44.457217 mb/sr,
   143.00 deg.: X-S =    42.291578 mb/sr,
   144.00 deg.: X-S =    41.060878 mb/sr,
   145.00 deg.: X-S =    42.495237 mb/sr,
   146.00 deg.: X-S =    45.748202 mb/sr,
   147.00 deg.: X-S =    48.202082 mb/sr,
   148.00 deg.: X-S =    47.923943 mb/sr,
   149.00 deg.: X-S =    45.481719 mb/sr,
   150.00 deg.: X-S =    43.434302 mb/sr,
   151.00 deg.: X-S =    43.979705 mb/sr,
   152.00 deg.: X-S =    46.954235 mb/sr,
   153.00 deg.: X-S =    50.036398 mb/sr,
   154.00 deg.: X-S =    50.949186 mb/sr,
   155.00 deg.: X-S =    49.596987 mb/sr,
   156.00 deg.: X-S =    48.143027 mb/sr,
   157.00 deg.: X-S =    48.957886 mb/sr,
   158.00 deg.: X-S =    52.358445 mb/sr,
   159.00 deg.: X-S =    56.264614 mb/sr,
   160.00 deg.: X-S =    58.132173 mb/sr,
   161.00 deg.: X-S =    57.401735 mb/sr,
   162.00 deg.: X-S =    56.188959 mb/sr,
   163.00 deg.: X-S =    57.517837 mb/sr,
   164.00 deg.: X-S =    62.644577 mb/sr,
   165.00 deg.: X-S =    69.893198 mb/sr,
   166.00 deg.: X-S =    76.114261 mb/sr,
   167.00 deg.: X-S =    79.540492 mb/sr,
   168.00 deg.: X-S =    81.539784 mb/sr,
   169.00 deg.: X-S =    85.719477 mb/sr,
   170.00 deg.: X-S =    95.203704 mb/sr,
   171.00 deg.: X-S =   110.595856 mb/sr,
   172.00 deg.: X-S =   130.601096 mb/sr,
   173.00 deg.: X-S =   154.881668 mb/sr,
   174.00 deg.: X-S =   186.467852 mb/sr,
   175.00 deg.: X-S =   230.954394 mb/sr,
   176.00 deg.: X-S =   292.078495 mb/sr,
   177.00 deg.: X-S =   366.376017 mb/sr,
   178.00 deg.: X-S =   440.998452 mb/sr,
   179.00 deg.: X-S =   497.172876 mb/sr,
   180.00 deg.: X-S =   518.134574 mb/sr,
                                           Integrated  513.8606 mb, over [   0.000, 180.000] at    65.0000 MeV 
 Finished all xsecs @   0.968750000    

  The following files have been created:
   3:local copy of User input.            6:standard output.                   
   7:elastic  S-matrix elements.         12:transfer kernels.                  
  13:total cross sections/state.         16:tables of cross sections.          
  35:Astrophysics S-factors  / Ecm.      38:cross sections for each J/pi.      
  39:cross sections for each Ecm.        40:all cross sectns. for each Elab.   
  45:scat phase shift as E functions.    46:bs wave functions & ANC ratios.    
  56:Fusion for each Jtotal.             75:S-factors for lab energies.        
 201:Separate cross sections.           202:Separate cross sections.           

 PARAMETERS : MAXQRN   MFNL   MLOC  LMAX1 MCLIST
    ALLOWED :      4     25     10    100      6
    REQUIRED:      1      4     10     82      4


 ACCURACY ANALYSIS at    65.000 MeV :

  Elastic h*k = 0.088 so OK       compared with 0.200

   Real(S-el) > 0.01 first at J =       1.0
   Real(S-el) > 0.10 first at J =       1.0
   Real(S-el) > 0.50 first at J =      11.0
   Real(S-el) > 0.90 first at J =      12.0
   Real(S-el) > 0.99 first at J =      14.0
   R-turn =    45.74 fm    at J =      80.0

 Forward-angle excitation cut off below   0.222 deg by max JT =      80.0
                              and below   0.338 deg by max R.


 1: Recommended RNL: non-local width >  10.90 cf:  25.00 fm: OK      
    Recommended CENTRE: centration   ~   1.05 cf:   0.00 fm

 Total CPU  0 time =       0.97 seconds
