 FRESCO - FRES 3.4: Coupled Reaction Channels
 Assuming NAMELIST input.

 4He(4He,p)7Li  E=295 MeV  Q=-17.346  [he4_he4_p_li7]                            

   0.050  30.000   0.250   0.100  25.000   0.000   0.000   0.000   0.000   0.000

 Centre-of-mass Range is    602 * 0.0500 fm., Maximum at  30.00 fm., Interpolating NL forms every  0.25 fm.
 Non - locality width is    251 * 0.1000 fm., Maximum of  25.00 fm., Centred at  0.00 fm.
 2-Nucleon Separation of      0 * 0.2500 fm., Maximum of   0.00 fm., Minimum at  0.00 fm.
 Maximum single particle bins of 30.0000 fm.
               M,Mint =          601         601


 Range of total J is     0.0 <= J <=    80.0 (at least     0.0) and Absorbtion =>    -1.0000 mb.
 Dry Run = F, CC set limits =  0  0, Relativistic kinematics = a, Both/Far/Near Analyses =  1                     

 Cross Sections (and up to T0 for 0=projectile) for Theta from   0.0 to 180.0 in steps of  1.0 degrees, DGAM=0,  Coordinates = 0 (Mads)

 Lower Radial Cutoff = maximum of  3.00*L*h &       0.0 fm.,  Lower Cutoff for Couplings =   0.0  fm.


 Iterate Couplings between   1 and   1 times, to  0.000 % if sooner.                                          
  Block solved exactly =   0 chs., with Pade = 0 & Isocen =  =0, NOSOL = F, initwf =  0
  NL quadrature with   18 Gaussian points, Calculate multipoles up to    86 from   0
  M-transfers for lp+lt greater than or equal to  6, Angular Integration Cutoff below  2.7778 %


 Trace switches are :  CHANS =  1, LISTCC =  0, TRENEG =  0, CDETR =  0, SMATS =  2, XSTABL =  1, NLPL =  0

                       WAVES =  0, LAMPL =  0, VEFF =  0, KFUS =  0, WDISK =  0, BPM =  0, MELFIL =  0

                       CDCC =  0, NFUS =  0

 Using unit mass = 1.000000 amu and 1/fine-structure constant = 137.03599 ( 1.000000 * true ) with hc = 197.32705 MeV.fm,
  thus 2*amu/hbar^2 = 0.0478450 = 1/20.9008 and Coulomb constant = 0.1574855 so e^2 = 1.43997, and nuclear magneton= 0.1261183

 Now pre-scan input and save to file 3



 *********** PARTITION NUMBER  1 ******************************************************************************************

   PROJ=4He        MASS=  4.0000 Z=   2.0,        # STATES=    1T, TARG=4He      MASS=  4.0000 Z=   2.0,     Q-VALUE =   0.0000 MEV.

     1:  J= 0.0+ (B# 1), E=  0.0000, K= 0.0              Potl#  1       J= 0.0+ (B# 1), E=  0.0000, K= 0.0    


 *********** PARTITION NUMBER  2 ******************************************************************************************

   PROJ=p          MASS=  1.0000 Z=   1.0,        # STATES=    1T, TARG=7Li      MASS=  7.0000 Z=   3.0,     Q-VALUE = -17.3460 MEV.

     1:  J= 0.5+ (B# 1), E=  0.0000, K= 0.5              Potl#  2       J= 1.5- (B#-1), E=  0.0000, K= 0.5    
0****** WARNING : COMPARED WITH PARTITION  1, THIS PARTITION HAS TOTAL MASS & CHARGE EXCESSES  -0.01862 &   0.0000


 ************************************************************************************************************************************

 The following POTENTIALS are defined :

  KP#       TYPE      IT    SHAPE      at     V1        r1        a1        V2        r2        a2        A-in     A-used


                                            A#1       A#2        r0c       ac                                                h @ 1
    1    0=Coulomb       0=CHARGE (WS)  1     4.000     4.000    1.4000    0.0000    0.0000    0.0000     0.000    32.000   0.05000

    1    1=Volume        0=Woods-Saxon  2  120.0000    1.4000    0.5500   15.0000    1.4000    0.5500     0.000    32.000
   --------------------------------------------------------------------------------------------------------------------

                                            A#1       A#2        r0c       ac                                                h @ 2
    2    0=Coulomb       0=CHARGE (WS)  3     1.000     7.000    1.3000    0.0000    0.0000    0.0000     0.000    24.717   0.05000

    2    1=Volume        0=Woods-Saxon  4   50.0000    1.2000    0.6000    0.0000    1.2000    0.6000     0.000    24.717

    2    2=Surface       0=Woods-Saxon  5    0.0000    0.0000    0.0000    8.0000    1.3000    0.5000     0.000    24.717

    2    3=Projtl S.O.   0=Woods-Saxon  6    5.5000    1.0000    0.5000    0.0000    0.0000    0.0000     0.000    24.717
   --------------------------------------------------------------------------------------------------------------------

    3    1=Volume        0=Woods-Saxon  7   50.0000    1.2500    0.6500    0.0000    0.0000    0.0000     0.000    24.717

    3    3=Projtl S.O.   0=Woods-Saxon  8    6.0000    1.2500    0.6500    0.0000    0.0000    0.0000     0.000    24.717
   --------------------------------------------------------------------------------------------------------------------

    4    1=Volume        0=Woods-Saxon  9   50.0000    1.2500    0.6500    0.0000    0.0000    0.0000     0.000    24.717

    4    3=Projtl S.O.   0=Woods-Saxon 10    6.0000    1.2500    0.6500    0.0000    0.0000    0.0000     0.000    24.717


 ************************************************************************************************************************************

 The following SINGLE-PARTICLE FORM FACTORS are constructed :


 No.   P1 P2 IN KIND T N  L  S1 IA J/S  IB BIND XFER  BE    SC PC FIL AFRAC Adjust  to  Z  Mass   K     Norm    rms      D0     D   ANC/Gsp

    1:  2  1  1  0     2  1 0.5  1 1.5   0   3   0   2.4670  1  0  0 0.0000 VR  1.5786; 1. 3.000 0.2975 1.0000  5.004  190.0  268.8 -1.8267

    2:  1  2  2  0     1  0 0.5  1 0.5   0   4   0  19.8140  1  0  0 0.0000 VR  0.5842; 1. 3.000 1.2748 1.0000  2.233 -326.2-1775.8 61.4156

 ************************************************************************************************************************************

 TWO-way COUPLING # 1 for partitions  2 <-  1 of KIND  7,   0 -1  5 -1 -1 & P1,P2 =    0.0000   0.0000 : for J <=    80.5 & R <  29.8 fm.


 data =  1  1  1  2  1.0000,  so  < [4He      #  1] / [p        #  1]  * Eigen-form #  2>  =   1.0000            BE = 19.814     2



 **** WARNING *** -- FORM FACTOR  2 WAS ORIGINALLY DEFINED FOR A  7Li      / 4He      OVERLAP ****   1   2   2   1



 data =  2  1  1  1  1.0000,  so  < [7Li      #  1] / [4He      #  1]  * Eigen-form #  1>  =   1.0000            BE =  2.467     1



 **** WARNING *** -- FORM FACTOR  1 WAS ORIGINALLY DEFINED FOR A  4He      / p        OVERLAP ****   2   1   1   2


 KNT =   1, KNP =   2: NK,NG,loc=   1   1   1  11  T  T  F

     So FINITE-RANGE TRANSFER : IP1 = 0 (POST    ), IP2=-1 =COMPLEX     ,  for   1 pairs of bound states summed into   1 pairs
      The main coupling potential is that binding the transferred particle to the p        core.

          Using between p        & 4He      the potential No.   5, and subtracting optical potential No.  2

   A real*8 is            8  bytes
   NLL,NLN,NLO =         120         121         251
0File   9 needs RL =   60240    REAL*8 numbers, and NR =    88. i.e.    42.41 Megabytes
   File            9  RECL =      481920
0RECOMMENDED NON-LOCAL WIDTH IS GREATER THAN   10.90 FM.,  RECOMMENDED CENTRATION   1.05, after    0.14 secs.
0Relative non-local usages (rms) are
    0.000   0.000   0.000   0.000   0.000   0.000   0.000   0.000   0.000   0.000   0.000   0.000   0.000   0.000   0.000
    0.000   0.000   0.000   0.000   0.000   0.000   0.000   0.000   0.000   0.000   0.000   0.000   0.000   0.000   0.000
    0.000   0.000   0.000   0.000   0.000   0.000   0.000   0.000   0.000   0.000   0.000   0.000   0.000   0.000   0.000
    0.000   0.000   0.000   0.000   0.000   0.000   0.000   0.000   0.000   0.000   0.000   0.000   0.000   0.000   0.000
    0.001   0.001   0.001   0.001   0.001   0.001   0.002   0.002   0.002   0.003   0.003   0.006   0.009   0.014   0.021
    0.026   0.047   0.062   0.097   0.137   0.168   0.279   0.357   0.516   0.702   0.848   1.271   1.581   2.110   2.725
    3.208   4.362   5.230   6.521   8.001   9.155  11.562  13.399  15.871  18.659  20.818  24.838  27.936  31.763  35.981
   39.225  44.657  48.838  53.622  58.707  62.521  68.337  72.692  77.251  81.875  85.044  89.533  92.521  95.231  97.628
   98.625  99.989 100.000  99.182  97.676  95.266  92.165  88.297  83.585  78.256  72.481  66.424  60.280  54.216  48.270
   42.564  37.229  32.380  28.140  24.606  21.848  19.875  18.615  17.918  17.590  17.456  17.371  17.241  17.009  16.651
   16.165  15.562  14.860  14.082  13.251  12.390  11.518  10.652   9.807   8.992   8.216   7.483   6.798   6.161   5.573
    5.032   4.536   4.084   3.672   3.298   2.959   2.652   2.375   2.126   1.901   1.698   1.516   1.352   1.205   1.073
    0.955   0.849   0.755   0.670   0.594   0.527   0.467   0.413   0.366   0.324   0.286   0.253   0.223   0.197   0.174
    0.153   0.135   0.119   0.105   0.092   0.081   0.072   0.063   0.055   0.049   0.043   0.038   0.033   0.029   0.026
    0.023   0.020   0.018   0.016   0.014   0.012   0.011   0.010   0.008   0.007   0.007   0.006   0.005   0.005   0.004
    0.004   0.003   0.003   0.003   0.002   0.002   0.002   0.002   0.002   0.001   0.001   0.001   0.001   0.001   0.001
    0.001   0.001   0.001   0.001   0.000   0.000   0.000   0.000   0.000   0.000   0.000

 Incoming partition  1 in excitation state # 1,   Laboratory Energy given for partition  1 Nucleus 1 in Excitation pair 1

0Lab. ENERGY ranges :

   from    295.000     to   0.00000     in     0 intervals
   from    0.00000     to   0.00000     in     0 intervals
   from    0.00000     to   0.00000     in     0 intervals

 Largest real,imaginary parts of any form factor at R=   29.50 are   4.88E-02  2.46E-19 MeV
 Finished all Couplings @   0.156250000              10

 Symmetric Hamiltonian
1***********************************************************************************************************************************
************************************************************************************************************************************

        INCOMING 4He      ;    LABORATORY 4He      ENERGY =   295.00     MeV.

 ***********************************************************************************************************************************
 ***********************************************************************************************************************************


  NOTE: Coulomb excitation cut off below   0.104 deg by JTMAX, and below   0.075 deg by Rmax

 Allocate arrays for            2  channels, of which            2  need wfs.

 ######################################################################################################################
 #                                                                                                                    #
 # Total SPIN and PARITY =     0.0 +,      2 channels,    0 in 1st block.  Rmin & Coul turning =    0.0    0.0 fm.  #
 #                                                                                                                    #
 ######################################################################################################################



    C Projectl Target   #   EX.   (L  Proj) J  + Targ = Jtotal     E-cm      Re K     Re Eta     RM*K            CH
    1 4He      4He      #    1: I   0 0.0    0.0  0.0     0.0   147.50000   3.75690   0.07335  112.7070   0.36907   0.33756 1 1 1   1
    2 p        7Li      #    1:     1 0.5    1.5  1.5     0.0   135.80217   2.38438   0.03792   71.5315  -0.31739   0.38658 2 1 2   1
   S-matrix    1 =    0.25789  -0.08143 for L=    0, J=    0.0 channel on core I =   0.0 from L=    0,  Acc. loss =  0.0 D.
 Elastic phase shift   1 =   -8.762  37.463 deg. for the L =    0, J =    0.0 channel.
       0.0  0.25788786 -0.08143323i: elastic S-matrix  @@      0.02  0   0 F  0
 Reaction Xsec     0.0+/ 0 @ 1 =   2.063 , Out:   0.000#   0.022#   2.063f

 Allocate arrays for            4  channels, of which            4  need wfs.

 Total SPIN, PARITY =     1.0 -,      4 chs,      0 cc.  Rmin & Coul turning =    0.2    0.4
   S-matrix    1 =    0.23141  -0.14418 for L=    1, J=    1.0 channel on core I =   0.0 from L=    1,  Acc. loss =  0.0 D.
 Elastic phase shift   1 =  -15.963  37.230 deg. for the L =    1, J =    1.0 channel.
       1.0  0.23140896 -0.14418027i: elastic S-matrix  @@      0.00  0   0 F  0
 Reaction Xsec     1.0-/ 1 @ 1 =   6.181 , Out:   0.000#   0.020#   6.181f

 Allocate arrays for            5  channels, of which            5  need wfs.

 Total SPIN, PARITY =     2.0 +,      5 chs,      0 cc.  Rmin & Coul turning =    0.3    0.7
   S-matrix    1 =    0.20848  -0.17992 for L=    2, J=    2.0 channel on core I =   0.0 from L=    2,  Acc. loss =  0.0 D.
 Elastic phase shift   1 =  -20.397  36.944 deg. for the L =    2, J =    2.0 channel.
       2.0  0.20848287 -0.17991777i: elastic S-matrix  @@      0.02  0   0 F  0
 Reaction Xsec     2.0+/ 2 @ 1 =  10.285 , Out:   0.000#   0.008#  10.285f


 Total SPIN, PARITY =     3.0 -,      5 chs,      0 cc.  Rmin & Coul turning =    0.5    0.9
   S-matrix    1 =    0.18422  -0.20819 for L=    3, J=    3.0 channel on core I =   0.0 from L=    3,  Acc. loss =  0.0 D.
 Elastic phase shift   1 =  -24.248  36.674 deg. for the L =    3, J =    3.0 channel.
       3.0  0.18422025 -0.20819481i: elastic S-matrix  @@      0.02  0   0 F  0
 Reaction Xsec     3.0-/ 3 @ 1 =  14.377 , Out:   0.000#   0.019#  14.377f


 Total SPIN, PARITY =     4.0 +,      5 chs,      0 cc.  Rmin & Coul turning =    0.6    1.2
   S-matrix    1 =    0.15267  -0.23570 for L=    4, J=    4.0 channel on core I =   0.0 from L=    4,  Acc. loss =  0.0 D.
 Elastic phase shift   1 =  -28.535  36.383 deg. for the L =    4, J =    4.0 channel.
       4.0  0.15266545 -0.23570496i: elastic S-matrix  @@      0.02  0   0 F  0
 Reaction Xsec     4.0+/ 4 @ 1 =  18.453 , Out:   0.000#   0.012#  18.453f


 Total SPIN, PARITY =     5.0 -,      5 chs,      0 cc.  Rmin & Coul turning =    0.8    1.5
   S-matrix    1 =    0.11019  -0.26187 for L=    5, J=    5.0 channel on core I =   0.0 from L=    5,  Acc. loss =  0.0 D.
 Elastic phase shift   1 =  -33.589  36.051 deg. for the L =    5, J =    5.0 channel.
       5.0  0.11019465 -0.26186758i: elastic S-matrix  @@      0.00  0   0 F  0
 Reaction Xsec     5.0-/ 5 @ 1 =  22.508 , Out:   0.000#   0.006#  22.508f


 Total SPIN, PARITY =     6.0 +,      5 chs,      0 cc.  Rmin & Coul turning =    0.9    1.7
   S-matrix    1 =    0.05432  -0.28281 for L=    6, J=    6.0 channel on core I =   0.0 from L=    6,  Acc. loss =  0.0 D.
 Elastic phase shift   1 =  -39.564  35.663 deg. for the L =    6, J =    6.0 channel.
       6.0  0.05431522 -0.28281367i: elastic S-matrix  @@      0.02  0   0 F  0
 Reaction Xsec     6.0+/ 6 @ 1 =  26.536 , Out:   0.000#   0.079#  26.536f


 Total SPIN, PARITY =     7.0 -,      5 chs,      0 cc.  Rmin & Coul turning =    1.1    2.0
   S-matrix    1 =   -0.01608  -0.29209 for L=    7, J=    7.0 channel on core I =   0.0 from L=    7,  Acc. loss =  0.0 D.
 Elastic phase shift   1 =  -46.575  35.213 deg. for the L =    7, J =    7.0 channel.
       7.0 -0.01607805 -0.29209364i: elastic S-matrix  @@      0.02  0   0 F  0
 Reaction Xsec     7.0-/ 7 @ 1 =  30.530 , Out:   0.000#   0.110#  30.530f


 Total SPIN, PARITY =     8.0 +,      5 chs,      0 cc.  Rmin & Coul turning =    1.2    2.3
   S-matrix    1 =   -0.09911  -0.28096 for L=    8, J=    8.0 channel on core I =   0.0 from L=    8,  Acc. loss =  0.0 D.
 Elastic phase shift   1 =  -54.715  34.690 deg. for the L =    8, J =    8.0 channel.
       8.0 -0.09911154 -0.28096236i: elastic S-matrix  @@      0.02  0   0 F  0
 Reaction Xsec     8.0+/ 8 @ 1 =  34.480 , Out:   0.000#   0.109#  34.480f


 Total SPIN, PARITY =     9.0 -,      5 chs,      0 cc.  Rmin & Coul turning =    1.4    2.5
   S-matrix    1 =   -0.18802  -0.23907 for L=    9, J=    9.0 channel on core I =   0.0 from L=    9,  Acc. loss =  0.0 D.
 Elastic phase shift   1 =  -64.092  34.098 deg. for the L =    9, J =    9.0 channel.
       9.0 -0.18801841 -0.23907473i: elastic S-matrix  @@      0.00  0   0 F  0
 Reaction Xsec     9.0-/ 9 @ 1 =  38.378 , Out:   0.000#   0.437#  38.378f


 Total SPIN, PARITY =    10.0 +,      5 chs,      0 cc.  Rmin & Coul turning =    1.5    2.8
   S-matrix    1 =   -0.26879  -0.15721 for L=   10, J=   10.0 channel on core I =   0.0 from L=   10,  Acc. loss =  0.0 D.
 Elastic phase shift   1 =  -74.839  33.424 deg. for the L =   10, J =   10.0 channel.
      10.0 -0.26879456 -0.15720959i: elastic S-matrix  @@      0.02  0   0 F  0
 Reaction Xsec    10.0+/10 @ 1 =  42.210 , Out:   0.000#   0.195#  42.210f


 Total SPIN, PARITY =    11.0 -,      5 chs,      0 cc.  Rmin & Coul turning =    1.7    3.1
   S-matrix    1 =   -0.31807  -0.03241 for L=   11, J=   11.0 channel on core I =   0.0 from L=   11,  Acc. loss =  0.0 D.
 Elastic phase shift   1 =  -87.091  32.668 deg. for the L =   11, J =   11.0 channel.
      11.0 -0.31807197 -0.03240872i: elastic S-matrix  @@      0.02  0   0 F  0
 Reaction Xsec    11.0-/11 @ 1 =  45.961 , Out:   0.000#   0.160#  45.961f


 Total SPIN, PARITY =    12.0 +,      5 chs,      0 cc.  Rmin & Coul turning =    1.8    3.3
   S-matrix    1 =   -0.30479   0.12396 for L=   12, J=   12.0 channel on core I =   0.0 from L=   12,  Acc. loss =  0.0 D.
 Elastic phase shift   1 =   78.934  31.845 deg. for the L =   12, J =   12.0 channel.
      12.0 -0.30479162  0.12396347i: elastic S-matrix  @@      0.00  0   0 F  0
 Reaction Xsec    12.0+/12 @ 1 =  49.621 , Out:   0.000#   0.358#  49.621f


 Total SPIN, PARITY =    13.0 -,      5 chs,      0 cc.  Rmin & Coul turning =    2.0    3.6
   S-matrix    1 =   -0.19976   0.27509 for L=   13, J=   13.0 channel on core I =   0.0 from L=   13,  Acc. loss =  0.0 D.
 Elastic phase shift   1 =   62.993  30.908 deg. for the L =   13, J =   13.0 channel.
      13.0 -0.19976236  0.27509348i: elastic S-matrix  @@      0.02  0   0 F  0
 Reaction Xsec    13.0-/13 @ 1 =  53.151 , Out:   0.000#   0.125#  53.151f


 Total SPIN, PARITY =    14.0 +,      5 chs,      0 cc.  Rmin & Coul turning =    2.1    3.9
   S-matrix    1 =    0.00197   0.35213 for L=   14, J=   14.0 channel on core I =   0.0 from L=   14,  Acc. loss =  0.0 D.
 Elastic phase shift   1 =   44.840  29.901 deg. for the L =   14, J =   14.0 channel.
      14.0  0.00196708  0.35212709i: elastic S-matrix  @@      0.02  0   0 F  0
 Reaction Xsec    14.0+/14 @ 1 =  56.545 , Out:   0.000#   0.003#  56.545f


 Total SPIN, PARITY =    15.0 -,      5 chs,      0 cc.  Rmin & Coul turning =    2.2    4.1
   S-matrix    1 =    0.24525   0.27054 for L=   15, J=   15.0 channel on core I =   0.0 from L=   15,  Acc. loss =  0.0 D.
 Elastic phase shift   1 =   23.904  28.861 deg. for the L =   15, J =   15.0 channel.
      15.0  0.24525013  0.27054375i: elastic S-matrix  @@      0.00  0   0 F  0
 Reaction Xsec    15.0-/15 @ 1 =  59.800 , Out:   0.000#   0.006#  59.800f


 Total SPIN, PARITY =    16.0 +,      5 chs,      0 cc.  Rmin & Coul turning =    2.4    4.4
   S-matrix    1 =    0.38315  -0.00387 for L=   16, J=   16.0 channel on core I =   0.0 from L=   16,  Acc. loss =  0.0 D.
 Elastic phase shift   1 =   -0.289  27.481 deg. for the L =   16, J =   16.0 channel.
      16.0  0.38315181 -0.00386727i: elastic S-matrix  @@      0.02  0   0 F  0
 Reaction Xsec    16.0+/16 @ 1 =  62.668 , Out:   0.000#   0.002#  62.668f


 Total SPIN, PARITY =    17.0 -,      5 chs,      0 cc.  Rmin & Coul turning =    2.6    4.7
   S-matrix    1 =    0.22523  -0.33187 for L=   17, J=   17.0 channel on core I =   0.0 from L=   17,  Acc. loss =  0.0 D.
 Elastic phase shift   1 =  -27.918  26.173 deg. for the L =   17, J =   17.0 channel.
      17.0  0.22522638 -0.33186507i: elastic S-matrix  @@      0.02  0   0 F  0
 Reaction Xsec    17.0-/17 @ 1 =  65.372 , Out:   0.000#   0.000#  65.372f


 Total SPIN, PARITY =    18.0 +,      5 chs,      0 cc.  Rmin & Coul turning =    2.7    4.9
   S-matrix    1 =   -0.23318  -0.33770 for L=   18, J=   18.0 channel on core I =   0.0 from L=   18,  Acc. loss =  0.0 D.
 Elastic phase shift   1 =  -62.312  25.516 deg. for the L =   18, J =   18.0 channel.
      18.0 -0.23317521 -0.33770452i: elastic S-matrix  @@      0.00  0   0 F  0
 Reaction Xsec    18.0+/18 @ 1 =  68.486 , Out:   0.000#   0.000#  68.486f


 Total SPIN, PARITY =    19.0 -,      5 chs,      0 cc.  Rmin & Coul turning =    2.9    5.2
   S-matrix    1 =   -0.44693   0.24392 for L=   19, J=   19.0 channel on core I =   0.0 from L=   19,  Acc. loss =  0.0 D.
 Elastic phase shift   1 =   75.688  19.337 deg. for the L =   19, J =   19.0 channel.
      19.0 -0.44692987  0.24392319i: elastic S-matrix  @@      0.02  0   0 F  0
 Reaction Xsec    19.0-/19 @ 1 =  64.303 , Out:   0.000#   0.000#  64.303f


 Total SPIN, PARITY =    20.0 +,      5 chs,      0 cc.  Rmin & Coul turning =    3.0    5.5
   S-matrix    1 =    0.03898   0.71180 for L=   20, J=   20.0 channel on core I =   0.0 from L=   20,  Acc. loss =  0.0 D.
 Elastic phase shift   1 =   43.433   9.696 deg. for the L =   20, J =   20.0 channel.
      20.0  0.03897731  0.71180348i: elastic S-matrix  @@      0.00  0   0 F  0
 Reaction Xsec    20.0+/20 @ 1 =  44.883 , Out:   0.000#   0.000#  44.883f


 Total SPIN, PARITY =    21.0 -,      5 chs,      0 cc.  Rmin & Coul turning =    3.2    5.7
   S-matrix    1 =    0.54986   0.65180 for L=   21, J=   21.0 channel on core I =   0.0 from L=   21,  Acc. loss =  0.0 D.
 Elastic phase shift   1 =   24.924   4.563 deg. for the L =   21, J =   21.0 channel.
      21.0  0.54986373  0.65180357i: elastic S-matrix  @@      0.02  0   0 F  0
 Reaction Xsec    21.0-/21 @ 1 =  26.110 , Out:   0.000#   0.000#  26.110f


 Total SPIN, PARITY =    22.0 +,      5 chs,      0 cc.  Rmin & Coul turning =    3.3    6.0
   S-matrix    1 =    0.80344   0.45204 for L=   22, J=   22.0 channel on core I =   0.0 from L=   22,  Acc. loss =  0.0 D.
 Elastic phase shift   1 =   14.682   2.330 deg. for the L =   22, J =   22.0 channel.
      22.0  0.80344106  0.45203580i: elastic S-matrix  @@      0.02  0   0 F  0
 Reaction Xsec    22.0+/22 @ 1 =  15.039 , Out:   0.000#   0.000#  15.039f


 Total SPIN, PARITY =    23.0 -,      5 chs,      0 cc.  Rmin & Coul turning =    3.5    6.3
   S-matrix    1 =    0.91092   0.29066 for L=   23, J=   23.0 channel on core I =   0.0 from L=   23,  Acc. loss =  0.0 D.
 Elastic phase shift   1 =    8.849   1.284 deg. for the L =   23, J =   23.0 channel.
      23.0  0.91091735  0.29065948i: elastic S-matrix  @@      0.00  0   0 F  0
 Reaction Xsec    23.0-/23 @ 1 =   8.970 , Out:   0.000#   0.000#   8.970f


 Total SPIN, PARITY =    24.0 +,      5 chs,      0 cc.  Rmin & Coul turning =    3.6    6.5
   S-matrix    1 =    0.95700   0.18315 for L=   24, J=   24.0 channel on core I =   0.0 from L=   24,  Acc. loss =  0.0 D.
 Elastic phase shift   1 =    5.417   0.744 deg. for the L =   24, J =   24.0 channel.
      24.0  0.95700028  0.18314774i: elastic S-matrix  @@      0.02  0   0 F  0
 Reaction Xsec    24.0+/24 @ 1 =   5.520 , Out:   0.000#   0.000#   5.520f


 Total SPIN, PARITY =    25.0 -,      5 chs,      0 cc.  Rmin & Coul turning =    3.8    6.8
   S-matrix    1 =    0.97788   0.11486 for L=   25, J=   25.0 channel on core I =   0.0 from L=   25,  Acc. loss =  0.0 D.
 Elastic phase shift   1 =    3.350   0.444 deg. for the L =   25, J =   25.0 channel.
      25.0  0.97788156  0.11486416i: elastic S-matrix  @@      0.02  0   0 F  0
 Reaction Xsec    25.0-/25 @ 1 =   3.468 , Out:   0.000#   0.000#   3.468f


 Total SPIN, PARITY =    26.0 +,      5 chs,      0 cc.  Rmin & Coul turning =    3.9    7.1
   S-matrix    1 =    0.98797   0.07201 for L=   26, J=   26.0 channel on core I =   0.0 from L=   26,  Acc. loss =  0.0 D.
 Elastic phase shift   1 =    2.084   0.271 deg. for the L =   26, J =   26.0 channel.
      26.0  0.98797488  0.07201144i: elastic S-matrix  @@      0.00  0   0 F  0
 Reaction Xsec    26.0+/26 @ 1 =   2.208 , Out:   0.000#   0.000#   2.208f


 Total SPIN, PARITY =    27.0 -,      5 chs,      0 cc.  Rmin & Coul turning =    4.0    7.3
   S-matrix    1 =    0.99317   0.04517 for L=   27, J=   27.0 channel on core I =   0.0 from L=   27,  Acc. loss =  0.0 D.
 Elastic phase shift   1 =    1.302   0.167 deg. for the L =   27, J =   27.0 channel.
      27.0  0.99316773  0.04517288i: elastic S-matrix  @@      0.02  0   0 F  0
 Reaction Xsec    27.0-/27 @ 1 =   1.417 , Out:   0.000#   0.000#   1.417f


 Total SPIN, PARITY =    28.0 +,      5 chs,      0 cc.  Rmin & Coul turning =    4.2    7.6
   S-matrix    1 =    0.99599   0.02835 for L=   28, J=   28.0 channel on core I =   0.0 from L=   28,  Acc. loss =  0.0 D.
 Elastic phase shift   1 =    0.815   0.104 deg. for the L =   28, J =   28.0 channel.
      28.0  0.99598889  0.02835449i: elastic S-matrix  @@      0.02  0   0 F  0
 Reaction Xsec    28.0+/28 @ 1 =   0.914 , Out:   0.000#   0.000#   0.914f


 Total SPIN, PARITY =    29.0 -,      5 chs,      0 cc.  Rmin & Coul turning =    4.4    7.9
   S-matrix    1 =    0.99759   0.01780 for L=   29, J=   29.0 channel on core I =   0.0 from L=   29,  Acc. loss =  0.0 D.
 Elastic phase shift   1 =    0.511   0.065 deg. for the L =   29, J =   29.0 channel.
      29.0  0.99759015  0.01780500i: elastic S-matrix  @@      0.00  0   0 F  0
 Reaction Xsec    29.0-/29 @ 1 =   0.591 , Out:   0.000#   0.000#   0.591f


 Total SPIN, PARITY =    30.0 +,      5 chs,      0 cc.  Rmin & Coul turning =    4.5    8.1
   S-matrix    1 =    0.99853   0.01118 for L=   30, J=   30.0 channel on core I =   0.0 from L=   30,  Acc. loss =  0.0 D.
 Elastic phase shift   1 =    0.321   0.040 deg. for the L =   30, J =   30.0 channel.
      30.0  0.99852939  0.01118261i: elastic S-matrix  @@      0.02  0   0 F  0
 Reaction Xsec    30.0+/30 @ 1 =   0.382 , Out:   0.000#   0.000#   0.382f


 Total SPIN, PARITY =    31.0 -,      5 chs,      0 cc.  Rmin & Coul turning =    4.7    8.4
   S-matrix    1 =    0.99909   0.00702 for L=   31, J=   31.0 channel on core I =   0.0 from L=   31,  Acc. loss =  0.0 D.
 Elastic phase shift   1 =    0.201   0.025 deg. for the L =   31, J =   31.0 channel.
0****** WARNING : ACCURACY LOSS IN ERWIN = 14.4 DIGITS, SO EXPECT ERRORS OF   0.0000 % OF UNITARITY

      31.0  0.99909331  0.00702341i: elastic S-matrix  @@      0.02  0   0 F  0
 Reaction Xsec    31.0-/31 @ 1 =   0.247 , Out:   0.000#   0.000#   0.247f


 Total SPIN, PARITY =    32.0 +,      5 chs,      0 cc.  Rmin & Coul turning =    4.8    8.7
   S-matrix    1 =    0.99944   0.00441 for L=   32, J=   32.0 channel on core I =   0.0 from L=   32,  Acc. loss =  0.0 D.
 Elastic phase shift   1 =    0.126   0.016 deg. for the L =   32, J =   32.0 channel.
0****** WARNING : ACCURACY LOSS IN ERWIN = 14.3 DIGITS, SO EXPECT ERRORS OF   0.0000 % OF UNITARITY

      32.0  0.99943731  0.00441070i: elastic S-matrix  @@      0.00  0   0 F  0
 Reaction Xsec    32.0+/32 @ 1 =   0.160 , Out:   0.000#   0.000#   0.160f


 Total SPIN, PARITY =    33.0 -,      5 chs,      0 cc.  Rmin & Coul turning =    5.0    8.9
   S-matrix    1 =    0.99965   0.00277 for L=   33, J=   33.0 channel on core I =   0.0 from L=   33,  Acc. loss =  0.0 D.
 Elastic phase shift   1 =    0.079   0.010 deg. for the L =   33, J =   33.0 channel.
0****** WARNING : ACCURACY LOSS IN ERWIN = 14.9 DIGITS, SO EXPECT ERRORS OF   0.0000 % OF UNITARITY

      33.0  0.99964936  0.00276940i: elastic S-matrix  @@      0.02  0   0 F  0
 Reaction Xsec    33.0-/33 @ 1 =   0.103 , Out:   0.000#   0.000#   0.103f


 Total SPIN, PARITY =    34.0 +,      5 chs,      0 cc.  Rmin & Coul turning =    5.1    9.2
   S-matrix    1 =    0.99978   0.00174 for L=   34, J=   34.0 channel on core I =   0.0 from L=   34,  Acc. loss =  0.0 D.
 Elastic phase shift   1 =    0.050   0.006 deg. for the L =   34, J =   34.0 channel.
      34.0  0.99978095  0.00173845i: elastic S-matrix  @@      0.02  0   0 F  0
 Reaction Xsec    34.0+/34 @ 1 =   0.067 , Out:   0.000#   0.000#   0.067f


 Total SPIN, PARITY =    35.0 -,      5 chs,      0 cc.  Rmin & Coul turning =    5.2    9.5
   S-matrix    1 =    0.99986   0.00109 for L=   35, J=   35.0 channel on core I =   0.0 from L=   35,  Acc. loss =  0.0 D.
 Elastic phase shift   1 =    0.031   0.004 deg. for the L =   35, J =   35.0 channel.
0****** WARNING : ACCURACY LOSS IN ERWIN = 14.1 DIGITS, SO EXPECT ERRORS OF   0.0000 % OF UNITARITY

      35.0  0.99986295  0.00109104i: elastic S-matrix  @@      0.00  0   0 F  0
 Reaction Xsec    35.0-/35 @ 1 =   0.043 , Out:   0.000#   0.000#   0.043f


 Total SPIN, PARITY =    36.0 +,      5 chs,      0 cc.  Rmin & Coul turning =    5.4    9.7
   S-matrix    1 =    0.99991   0.00068 for L=   36, J=   36.0 channel on core I =   0.0 from L=   36,  Acc. loss =  0.0 D.
 Elastic phase shift   1 =    0.020   0.002 deg. for the L =   36, J =   36.0 channel.
      36.0  0.99991419  0.00068453i: elastic S-matrix  @@      0.02  0   0 F  0
 Reaction Xsec    36.0+/36 @ 1 =   0.028 , Out:   0.000#   0.009#   0.028f


 Total SPIN, PARITY =    37.0 -,      5 chs,      0 cc.  Rmin & Coul turning =    5.6   10.0
   S-matrix    1 =    0.99995   0.00043 for L=   37, J=   37.0 channel on core I =   0.0 from L=   37,  Acc. loss =  0.0 D.
 Elastic phase shift   1 =    0.012   0.002 deg. for the L =   37, J =   37.0 channel.
      37.0  0.99994625  0.00042941i: elastic S-matrix  @@      0.00  0   0 F  0
 Reaction Xsec    37.0-/37 @ 1 =   0.018 , Out:   0.000#   0.000#   0.018f


 Total SPIN, PARITY =    38.0 +,      5 chs,      0 cc.  Rmin & Coul turning =    5.7   10.3
   S-matrix    1 =    0.99997   0.00027 for L=   38, J=   38.0 channel on core I =   0.0 from L=   38,  Acc. loss =  0.0 D.
 Elastic phase shift   1 =    0.008   0.001 deg. for the L =   38, J =   38.0 channel.
0****** WARNING : ACCURACY LOSS IN ERWIN = 14.5 DIGITS, SO EXPECT ERRORS OF   0.0000 % OF UNITARITY

      38.0  0.99996632  0.00026932i: elastic S-matrix  @@      0.02  0   0 F  0
 Reaction Xsec    38.0+/38 @ 1 =   0.012 , Out:   0.000#   0.000#   0.012f


 Total SPIN, PARITY =    39.0 -,      5 chs,      0 cc.  Rmin & Coul turning =    5.9   10.5
   S-matrix    1 =    0.99998   0.00017 for L=   39, J=   39.0 channel on core I =   0.0 from L=   39,  Acc. loss =  0.0 D.
 Elastic phase shift   1 =    0.005   0.001 deg. for the L =   39, J =   39.0 channel.
      39.0  0.99997890  0.00016888i: elastic S-matrix  @@      0.02  0   0 F  0
 Reaction Xsec    39.0-/39 @ 1 =   7.415/, Out:   0.000#   0.003#   0.007f


 Total SPIN, PARITY =    40.0 +,      5 chs,      0 cc.  Rmin & Coul turning =    6.0   10.8
   S-matrix    1 =    0.99999   0.00011 for L=   40, J=   40.0 channel on core I =   0.0 from L=   40,  Acc. loss =  0.0 D.
 Elastic phase shift   1 =    0.003   0.000 deg. for the L =   40, J =   40.0 channel.
0****** WARNING : ACCURACY LOSS IN ERWIN = 14.9 DIGITS, SO EXPECT ERRORS OF   0.0000 % OF UNITARITY

      40.0  0.99998678  0.00010592i: elastic S-matrix  @@      0.00  0   0 F  0
 Reaction Xsec    40.0+/40 @ 1 =   4.764/, Out:   0.000#   0.002#   0.005f


 Total SPIN, PARITY =    41.0 -,      5 chs,      0 cc.  Rmin & Coul turning =    6.2   11.1
   S-matrix    1 =    0.99999   0.00007 for L=   41, J=   41.0 channel on core I =   0.0 from L=   41,  Acc. loss =  0.0 D.
 Elastic phase shift   1 =    0.002   0.000 deg. for the L =   41, J =   41.0 channel.
0****** WARNING : ACCURACY LOSS IN ERWIN = 14.3 DIGITS, SO EXPECT ERRORS OF   0.0001 % OF UNITARITY

      41.0  0.99999172  0.00006642i: elastic S-matrix  @@      0.02  0   0 F  0
 Reaction Xsec    41.0-/41 @ 1 =   3.058/, Out:   0.000#   0.035#   0.003f


 Total SPIN, PARITY =    42.0 +,      5 chs,      0 cc.  Rmin & Coul turning =    6.3   11.3
   S-matrix    1 =    0.99999   0.00004 for L=   42, J=   42.0 channel on core I =   0.0 from L=   42,  Acc. loss =  0.0 D.
 Elastic phase shift   1 =    0.001   0.000 deg. for the L =   42, J =   42.0 channel.
0****** WARNING : ACCURACY LOSS IN ERWIN = 15.4 DIGITS, SO EXPECT ERRORS OF   0.0001 % OF UNITARITY

      42.0  0.99999482  0.00004168i: elastic S-matrix  @@      0.00  0   0 F  0
 Reaction Xsec    42.0+/42 @ 1 =   1.961/, Out:   0.000#   0.016#   0.002f


 Total SPIN, PARITY =    43.0 -,      5 chs,      0 cc.  Rmin & Coul turning =    6.5   11.6
   S-matrix    1 =    1.00000   0.00003 for L=   43, J=   43.0 channel on core I =   0.0 from L=   43,  Acc. loss =  0.0 D.
 Elastic phase shift   1 =    0.001   0.000 deg. for the L =   43, J =   43.0 channel.
0****** WARNING : ACCURACY LOSS IN ERWIN = 14.6 DIGITS, SO EXPECT ERRORS OF   0.0001 % OF UNITARITY

      43.0  0.99999675  0.00002618i: elastic S-matrix  @@      0.02  0   0 F  0
 Reaction Xsec    43.0-/43 @ 1 =   1.257/, Out:   0.000#   0.010#   0.001f


 Total SPIN, PARITY =    44.0 +,      5 chs,      0 cc.  Rmin & Coul turning =    6.6   11.9
   S-matrix    1 =    1.00000   0.00002 for L=   44, J=   44.0 channel on core I =   0.0 from L=   44,  Acc. loss =  0.0 D.
 Elastic phase shift   1 =    0.000   0.000 deg. for the L =   44, J =   44.0 channel.
0****** WARNING : ACCURACY LOSS IN ERWIN = 14.5 DIGITS, SO EXPECT ERRORS OF   0.0004 % OF UNITARITY

      44.0  0.99999797  0.00001643i: elastic S-matrix  @@      0.02  0   0 F  0
 Reaction Xsec    44.0+/44 @ 1 =   0.805/, Out:   0.000#   9.069#   0.001f


 Total SPIN, PARITY =    45.0 -,      5 chs,      0 cc.  Rmin & Coul turning =    6.8   12.1
   S-matrix    1 =    1.00000   0.00001 for L=   45, J=   45.0 channel on core I =   0.0 from L=   45,  Acc. loss =  0.0 D.
 Elastic phase shift   1 =    0.000   0.000 deg. for the L =   45, J =   45.0 channel.
0****** WARNING : ACCURACY LOSS IN ERWIN = 15.4 DIGITS, SO EXPECT ERRORS OF   0.0003 % OF UNITARITY

      45.0  0.99999873  0.00001037i: elastic S-matrix  @@      0.00  0   0 F  0
 Reaction Xsec    45.0-/45 @ 1 =   0.515/, Out:   0.000#   1.368#   0.001f


 Total SPIN, PARITY =    46.0 +,      5 chs,      0 cc.  Rmin & Coul turning =    6.9   12.4
   S-matrix    1 =    1.00000   0.00001 for L=   46, J=   46.0 channel on core I =   0.0 from L=   46,  Acc. loss =  0.0 D.
 Elastic phase shift   1 =    0.000   0.000 deg. for the L =   46, J =   46.0 channel.
0****** WARNING : ACCURACY LOSS IN ERWIN = 15.0 DIGITS, SO EXPECT ERRORS OF   0.0009 % OF UNITARITY

      46.0  0.99999920  0.00000655i: elastic S-matrix  @@      0.02  0   0 F  0
 Reaction Xsec    46.0+/46 @ 1 =   0.329/, Out:   0.000#   3.274#   0.000f


 Total SPIN, PARITY =    47.0 -,      5 chs,      0 cc.  Rmin & Coul turning =    7.1   12.7
   S-matrix    1 =    1.00000   0.00000 for L=   47, J=   47.0 channel on core I =   0.0 from L=   47,  Acc. loss =  0.0 D.
 Elastic phase shift   1 =    0.000   0.000 deg. for the L =   47, J =   47.0 channel.
      47.0  0.99999950  0.00000414i: elastic S-matrix  @@      0.00  0   0 F  0
 Reaction Xsec    47.0-/47 @ 1 =   0.210/, Out:   0.000#   0.340/  -0.000f


 Total SPIN, PARITY =    48.0 +,      5 chs,      0 cc.  Rmin & Coul turning =    7.2   12.9
   S-matrix    1 =    1.00000   0.00000 for L=   48, J=   48.0 channel on core I =   0.0 from L=   48,  Acc. loss =  0.0 D.
 Elastic phase shift   1 =    0.000   0.000 deg. for the L =   48, J =   48.0 channel.
0****** WARNING : ACCURACY LOSS IN ERWIN = 15.2 DIGITS, SO EXPECT ERRORS OF   0.0004 % OF UNITARITY

      48.0  0.99999969  0.00000268i: elastic S-matrix  @@      0.02  0   0 F  0
 Reaction Xsec    48.0+/48 @ 1 =   0.134/, Out:   0.000#   1.672#   0.000f


 Total SPIN, PARITY =    49.0 -,      5 chs,      0 cc.  Rmin & Coul turning =    7.4   13.2
   S-matrix    1 =    1.00000   0.00000 for L=   49, J=   49.0 channel on core I =   0.0 from L=   49,  Acc. loss =  0.0 D.
 Elastic phase shift   1 =    0.000   0.000 deg. for the L =   49, J =   49.0 channel.
0****** WARNING : ACCURACY LOSS IN ERWIN = 16.3 DIGITS, SO EXPECT ERRORS OF   0.0005 % OF UNITARITY

      49.0  0.99999981  0.00000171i: elastic S-matrix  @@      0.02  0   0 F  0
 Reaction Xsec    49.0-/49 @ 1 =   0.086/, Out:   0.000#   2.896#   0.000f


 Total SPIN, PARITY =    50.0 +,      5 chs,      0 cc.  Rmin & Coul turning =    7.5   13.5
   S-matrix    1 =    1.00000   0.00000 for L=   50, J=   50.0 channel on core I =   0.0 from L=   50,  Acc. loss =  0.0 D.
 Elastic phase shift   1 =    0.000   0.000 deg. for the L =   50, J =   50.0 channel.
0****** WARNING : ACCURACY LOSS IN ERWIN = 14.3 DIGITS, SO EXPECT ERRORS OF   0.0071 % OF UNITARITY

      50.0  0.99999988  0.00000111i: elastic S-matrix  @@      0.00  0   0 F  0
 Reaction Xsec    50.0+/50 @ 1 =   0.055/, Out:   0.000#   0.150/  -0.000f


 Total SPIN, PARITY =    51.0 -,      5 chs,      0 cc.  Rmin & Coul turning =    7.7   13.7
   S-matrix    1 =    1.00000   0.00000 for L=   51, J=   51.0 channel on core I =   0.0 from L=   51,  Acc. loss =  0.0 D.
 Elastic phase shift   1 =    0.000   0.000 deg. for the L =   51, J =   51.0 channel.
0****** WARNING : ACCURACY LOSS IN ERWIN = 14.2 DIGITS, SO EXPECT ERRORS OF   0.0048 % OF UNITARITY

      51.0  0.99999992  0.00000078i: elastic S-matrix  @@      0.02  0   0 F  0
 Reaction Xsec    51.0-/51 @ 1 =   0.035/, Out:   0.000#   0.012   -0.012f


 Total SPIN, PARITY =    52.0 +,      5 chs,      0 cc.  Rmin & Coul turning =    7.8   14.0
   S-matrix    1 =    1.00000   0.00000 for L=   52, J=   52.0 channel on core I =   0.0 from L=   52,  Acc. loss =  0.0 D.
 Elastic phase shift   1 =    0.000   0.000 deg. for the L =   52, J =   52.0 channel.
0****** WARNING : ACCURACY LOSS IN ERWIN = 14.5 DIGITS, SO EXPECT ERRORS OF   0.0188 % OF UNITARITY

      52.0  0.99999995  0.00000051i: elastic S-matrix  @@      0.00  0   0 F  0
 Reaction Xsec    52.0+/52 @ 1 =   0.022/, Out:   0.000#   4.527/  -0.005f


 Total SPIN, PARITY =    53.0 -,      5 chs,      0 cc.  Rmin & Coul turning =    8.0   14.3
   S-matrix    1 =    1.00000   0.00000 for L=   53, J=   53.0 channel on core I =   0.0 from L=   53,  Acc. loss =  0.0 D.
 Elastic phase shift   1 =    0.000   0.000 deg. for the L =   53, J =   53.0 channel.
0****** WARNING : ACCURACY LOSS IN ERWIN = 14.7 DIGITS, SO EXPECT ERRORS OF   0.0038 % OF UNITARITY

      53.0  0.99999997  0.00000036i: elastic S-matrix  @@      0.02  0   0 F  0
 Reaction Xsec    53.0-/53 @ 1 =   0.014/, Out:   0.000#   0.233/  -0.000f


 Total SPIN, PARITY =    54.0 +,      5 chs,      0 cc.  Rmin & Coul turning =    8.1   14.5
   S-matrix    1 =    1.00000   0.00000 for L=   54, J=   54.0 channel on core I =   0.0 from L=   54,  Acc. loss =  0.0 D.
 Elastic phase shift   1 =    0.000   0.000 deg. for the L =   54, J =   54.0 channel.
0****** WARNING : ACCURACY LOSS IN ERWIN = 14.2 DIGITS, SO EXPECT ERRORS OF   0.1534 % OF UNITARITY

      54.0  0.99999998  0.00000030i: elastic S-matrix  @@      0.00  0   0 F  0
 Reaction Xsec    54.0+/54 @ 1 =   9.002#, Out:   0.000#   0.089   -0.089f


 Total SPIN, PARITY =    55.0 -,      5 chs,      0 cc.  Rmin & Coul turning =    8.2   14.8
   S-matrix    1 =    1.00000   0.00000 for L=   55, J=   55.0 channel on core I =   0.0 from L=   55,  Acc. loss =  0.0 D.
 Elastic phase shift   1 =    0.000   0.000 deg. for the L =   55, J =   55.0 channel.
0****** WARNING : ACCURACY LOSS IN ERWIN = 14.9 DIGITS, SO EXPECT ERRORS OF   0.0167 % OF UNITARITY

      55.0  0.99999999  0.00000020i: elastic S-matrix  @@      0.02  0   0 F  0
 Reaction Xsec    55.0-/55 @ 1 =   5.726#, Out:   0.000#   0.021   -0.021f


 Total SPIN, PARITY =    56.0 +,      5 chs,      0 cc.  Rmin & Coul turning =    8.4   15.1
   S-matrix    1 =    1.00000   0.00000 for L=   56, J=   56.0 channel on core I =   0.0 from L=   56,  Acc. loss =  0.0 D.
 Elastic phase shift   1 =    0.000   0.000 deg. for the L =   56, J =   56.0 channel.
0****** WARNING : ACCURACY LOSS IN ERWIN = 14.3 DIGITS, SO EXPECT ERRORS OF   0.0485 % OF UNITARITY

      56.0  0.99999999  0.00000016i: elastic S-matrix  @@      0.00  0   0 F  0
 Reaction Xsec    56.0+/56 @ 1 =   3.641#, Out:   0.000#   9.212   -9.212f


 Total SPIN, PARITY =    57.0 -,      5 chs,      0 cc.  Rmin & Coul turning =    8.6   15.3
   S-matrix    1 =    1.00000   0.00000 for L=   57, J=   57.0 channel on core I =   0.0 from L=   57,  Acc. loss =  0.0 D.
 Elastic phase shift   1 =    0.000   0.000 deg. for the L =   57, J =   57.0 channel.
0****** WARNING : ACCURACY LOSS IN ERWIN = 14.5 DIGITS, SO EXPECT ERRORS OF   0.6859 % OF UNITARITY

      57.0  1.00000000  0.00000017i: elastic S-matrix  @@      0.02  0   0 F  0
 Reaction Xsec    57.0-/57 @ 1 =   2.314#, Out:   0.000#   1.686   -1.686f


 Total SPIN, PARITY =    58.0 +,      5 chs,      0 cc.  Rmin & Coul turning =    8.7   15.6
   S-matrix    1 =    1.00000   0.00000 for L=   58, J=   58.0 channel on core I =   0.0 from L=   58,  Acc. loss =  0.0 D.
 Elastic phase shift   1 =    0.000   0.000 deg. for the L =   58, J =   58.0 channel.
0****** WARNING : ACCURACY LOSS IN ERWIN = 14.6 DIGITS, SO EXPECT ERRORS OF   0.0232 % OF UNITARITY

      58.0  1.00000000  0.00000011i: elastic S-matrix  @@      0.00  0   0 F  0
 Reaction Xsec    58.0+/58 @ 1 =   1.470#, Out:   0.000#   0.022   -0.022f


 Total SPIN, PARITY =    59.0 -,      5 chs,      0 cc.  Rmin & Coul turning =    8.8   15.9
   S-matrix    1 =    1.00000   0.00000 for L=   59, J=   59.0 channel on core I =   0.0 from L=   59,  Acc. loss =  0.0 D.
 Elastic phase shift   1 =    0.000   0.000 deg. for the L =   59, J =   59.0 channel.
0****** WARNING : ACCURACY LOSS IN ERWIN = 15.5 DIGITS, SO EXPECT ERRORS OF   2.9248 % OF UNITARITY

      59.0  1.00000000  0.00000010i: elastic S-matrix  @@      0.02  0   0 F  0
 Reaction Xsec    59.0-/59 @ 1 =   0.933#, Out:   0.000#  47.484  -47.484f


 Total SPIN, PARITY =    60.0 +,      5 chs,      0 cc.  Rmin & Coul turning =    9.0   16.1
   S-matrix    1 =    1.00000   0.00000 for L=   60, J=   60.0 channel on core I =   0.0 from L=   60,  Acc. loss =  0.0 D.
 Elastic phase shift   1 =    0.000   0.000 deg. for the L =   60, J =   60.0 channel.
   85118158439398.406        159623320682547.25        2.2204460492503131E-016
 Increase lower cutoff: eg CUTL. Continuing.
      60.0  1.00000000  0.00000012i: elastic S-matrix  @@      0.02  0   0 F  0
 Reaction Xsec    60.0+/60 @ 1 =   0.592#, Out:   0.000#7621.875 ********f


 Total SPIN, PARITY =    61.0 -,      5 chs,      0 cc.  Rmin & Coul turning =    9.2   16.4
   S-matrix    1 =    1.00000   0.00000 for L=   61, J=   61.0 channel on core I =   0.0 from L=   61,  Acc. loss =  0.0 D.
 Elastic phase shift   1 =    0.000   0.000 deg. for the L =   61, J =   61.0 channel.
   76407718636600.016        424232652627424.94        2.2204460492503131E-016
 Increase lower cutoff: eg CUTL. Continuing.
      61.0  1.00000000  0.00000008i: elastic S-matrix  @@      0.00  0   0 F  0
 Reaction Xsec    61.0-/61 @ 1 =   0.376#, Out:   0.000#******** ********f


 Total SPIN, PARITY =    62.0 +,      5 chs,      0 cc.  Rmin & Coul turning =    9.3   16.7
   S-matrix    1 =    1.00000   0.00000 for L=   62, J=   62.0 channel on core I =   0.0 from L=   62,  Acc. loss =  0.0 D.
 Elastic phase shift   1 =    0.000   0.000 deg. for the L =   62, J =   62.0 channel.
   106612992537767.02        224457188285959.84        2.2204460492503131E-016
 Increase lower cutoff: eg CUTL. Continuing.
      62.0  1.00000000  0.00000006i: elastic S-matrix  @@      0.02  0   0 F  0
 Reaction Xsec    62.0+/62 @ 1 =   0.238#, Out:   0.000#******** ********f


 Total SPIN, PARITY =    63.0 -,      5 chs,      0 cc.  Rmin & Coul turning =    9.5   16.9
   S-matrix    1 =    1.00000   0.00000 for L=   63, J=   63.0 channel on core I =   0.0 from L=   63,  Acc. loss =  0.0 D.
 Elastic phase shift   1 =    0.000   0.000 deg. for the L =   63, J =   63.0 channel.
0****** WARNING : ACCURACY LOSS IN ERWIN = 14.5 DIGITS, SO EXPECT ERRORS OF  45.5202 % OF UNITARITY

   305376168930783.31        683349045093648.75        2.2204460492503131E-016
 Increase lower cutoff: eg CUTL. Continuing.
      63.0  1.00000000  0.00000010i: elastic S-matrix  @@      0.00  0   0 F  0
 Reaction Xsec    63.0-/63 @ 1 =   0.151#, Out:   0.000#******** ********f


 Total SPIN, PARITY =    64.0 +,      5 chs,      0 cc.  Rmin & Coul turning =    9.6   17.2
   S-matrix    1 =    1.00000   0.00000 for L=   64, J=   64.0 channel on core I =   0.0 from L=   64,  Acc. loss =  0.0 D.
 Elastic phase shift   1 =    0.000   0.000 deg. for the L =   64, J =   64.0 channel.
0****** WARNING : ACCURACY LOSS IN ERWIN = 15.3 DIGITS, SO EXPECT ERRORS OF 428.3155 % OF UNITARITY

   2051033604485722.2        6429872157718920.0        2.2204460492503131E-016
 Increase lower cutoff: eg CUTL. Continuing.
      64.0  1.00000000  0.00000007i: elastic S-matrix  @@      0.02  0   0 F  0
 Reaction Xsec    64.0+/64 @ 1 =   0.096#, Out:   0.000#******** ********f


 Total SPIN, PARITY =    65.0 -,      5 chs,      0 cc.  Rmin & Coul turning =    9.8   17.5
   S-matrix    1 =    1.00000   0.00000 for L=   65, J=   65.0 channel on core I =   0.0 from L=   65,  Acc. loss =  0.0 D.
 Elastic phase shift   1 =    0.000   0.000 deg. for the L =   65, J =   65.0 channel.
0****** WARNING : ACCURACY LOSS IN ERWIN = 14.7 DIGITS, SO EXPECT ERRORS OF 449.6353 % OF UNITARITY

   534770645909662.19        6749924763792374.0        2.2204460492503131E-016
 Increase lower cutoff: eg CUTL. Continuing.
      65.0  1.00000000  0.00000003i: elastic S-matrix  @@      0.00  0   0 F  0
 Reaction Xsec    65.0-/65 @ 1 =   0.061#, Out:   0.000#******** ********f


 Total SPIN, PARITY =    66.0 +,      5 chs,      0 cc.  Rmin & Coul turning =    9.9   17.7
   S-matrix    1 =    1.00000   0.00000 for L=   66, J=   66.0 channel on core I =   0.0 from L=   66,  Acc. loss =  0.0 D.
 Elastic phase shift   1 =    0.000   0.000 deg. for the L =   66, J =   66.0 channel.
0****** WARNING : ACCURACY LOSS IN ERWIN = 14.5 DIGITS, SO EXPECT ERRORS OF2109.7293 % OF UNITARITY

   287375341731974.50        31671253929322088.        2.2204460492503131E-016
 Increase lower cutoff: eg CUTL. Continuing.
      66.0  1.00000000  0.00000007i: elastic S-matrix  @@      0.02  0   0 F  0
 Reaction Xsec    66.0+/66 @ 1 =   0.038#, Out:   0.000#******** ********f


 Total SPIN, PARITY =    67.0 -,      5 chs,      0 cc.  Rmin & Coul turning =   10.1   18.0
   S-matrix    1 =    1.00000   0.00000 for L=   67, J=   67.0 channel on core I =   0.0 from L=   67,  Acc. loss =  0.0 D.
 Elastic phase shift   1 =    0.000   0.000 deg. for the L =   67, J =   67.0 channel.
0****** WARNING : ACCURACY LOSS IN ERWIN = 14.7 DIGITS, SO EXPECT ERRORS OF2367.1779 % OF UNITARITY

   498341121196883.75        35536071242729868.        2.2204460492503131E-016
 Increase lower cutoff: eg CUTL. Continuing.
      67.0  1.00000000  0.00000007i: elastic S-matrix  @@      0.00  0   0 F  0
 Reaction Xsec    67.0-/67 @ 1 =   0.024#, Out:   0.000#******** ********f


 Total SPIN, PARITY =    68.0 +,      5 chs,      0 cc.  Rmin & Coul turning =   10.2   18.3
   S-matrix    1 =    1.00000   0.00000 for L=   68, J=   68.0 channel on core I =   0.0 from L=   68,  Acc. loss =  0.0 D.
 Elastic phase shift   1 =    0.000   0.000 deg. for the L =   68, J =   68.0 channel.
0****** WARNING : ACCURACY LOSS IN ERWIN = 14.7 DIGITS, SO EXPECT ERRORS OF1800.4969 % OF UNITARITY

   542029837394231.31        27029057144407940.        2.2204460492503131E-016
 Increase lower cutoff: eg CUTL. Continuing.
      68.0  1.00000000  0.00000001i: elastic S-matrix  @@      0.02  0   0 F  0
 Reaction Xsec    68.0+/68 @ 1 =   0.015#, Out:   0.000#******** ********f


 Total SPIN, PARITY =    69.0 -,      5 chs,      0 cc.  Rmin & Coul turning =   10.4   18.5
   S-matrix    1 =    1.00000   0.00000 for L=   69, J=   69.0 channel on core I =   0.0 from L=   69,  Acc. loss =  0.0 D.
 Elastic phase shift   1 =    0.000   0.000 deg. for the L =   69, J =   69.0 channel.
0****** WARNING : ACCURACY LOSS IN ERWIN = 20.0 DIGITS, SO EXPECT ERRORS OF6323.7261 % OF UNITARITY

   9.3197414668829049E+019   94931768377225376.        2.2204460492503131E-016
 Increase lower cutoff: eg CUTL. Continuing.
      69.0  1.00000000  0.00000003i: elastic S-matrix  @@      0.00  0   0 F  0
 Reaction Xsec    69.0-/69 @ 1 =   0.010#, Out:   0.000#******** ********f


 Total SPIN, PARITY =    70.0 +,      5 chs,      0 cc.  Rmin & Coul turning =   10.5   18.8
   S-matrix    1 =    1.00000   0.00000 for L=   70, J=   70.0 channel on core I =   0.0 from L=   70,  Acc. loss =  0.0 D.
 Elastic phase shift   1 =    0.000   0.000 deg. for the L =   70, J =   70.0 channel.
0****** WARNING : ACCURACY LOSS IN ERWIN = 15.3 DIGITS, SO EXPECT ERRORS OF6405.6362 % OF UNITARITY

   1886192503787024.5        96161402130837408.        2.2204460492503131E-016
 Increase lower cutoff: eg CUTL. Continuing.
      70.0  1.00000000  0.00000006i: elastic S-matrix  @@      0.02  0   0 F  0
 Reaction Xsec    70.0+/70 @ 1 =   0.006#, Out:   0.000#******** ********f


 Total SPIN, PARITY =    71.0 -,      5 chs,      0 cc.  Rmin & Coul turning =   10.7   19.1
   S-matrix    1 =    1.00000   0.00000 for L=   71, J=   71.0 channel on core I =   0.0 from L=   71,  Acc. loss =  0.0 D.
 Elastic phase shift   1 =    0.000   0.000 deg. for the L =   71, J =   71.0 channel.
0****** WARNING : ACCURACY LOSS IN ERWIN = 14.5 DIGITS, SO EXPECT ERRORS OF********* % OF UNITARITY

   302921246273663.31        2.9596855548827456E+017   2.2204460492503131E-016
 Increase lower cutoff: eg CUTL. Continuing.
      71.0  1.00000000  0.00000002i: elastic S-matrix  @@      0.00  0   0 F  0
 Reaction Xsec    71.0-/71 @ 1 =   0.004#, Out:   0.000#******** ********f


 Total SPIN, PARITY =    72.0 +,      5 chs,      0 cc.  Rmin & Coul turning =   10.8   19.3
   S-matrix    1 =    1.00000  -0.00000 for L=   72, J=   72.0 channel on core I =   0.0 from L=   72,  Acc. loss =  0.0 D.
 Elastic phase shift   1 =   -0.000   0.000 deg. for the L =   72, J =   72.0 channel.
0****** WARNING : ACCURACY LOSS IN ERWIN = 14.6 DIGITS, SO EXPECT ERRORS OF9750.1665 % OF UNITARITY

   406316296850748.50        1.4636948723493722E+017   2.2204460492503131E-016
 Increase lower cutoff: eg CUTL. Continuing.
      72.0  1.00000000 -0.00000001i: elastic S-matrix  @@      0.02  0   0 F  0
 Reaction Xsec    72.0+/72 @ 1 =   0.002#, Out:   0.000#******** ********f


 Total SPIN, PARITY =    73.0 -,      5 chs,      0 cc.  Rmin & Coul turning =   11.0   19.6
   S-matrix    1 =    1.00000   0.00000 for L=   73, J=   73.0 channel on core I =   0.0 from L=   73,  Acc. loss =  0.0 D.
 Elastic phase shift   1 =    0.000   0.000 deg. for the L =   73, J =   73.0 channel.
0****** WARNING : ACCURACY LOSS IN ERWIN = 15.2 DIGITS, SO EXPECT ERRORS OF5934.0934 % OF UNITARITY

   1505334945757368.2        89082602003824320.        2.2204460492503131E-016
 Increase lower cutoff: eg CUTL. Continuing.
      73.0  1.00000000  0.00000003i: elastic S-matrix  @@      0.00  0   0 F  0
 Reaction Xsec    73.0-/73 @ 1 =   0.002#, Out:   0.000#******** ********f


 Total SPIN, PARITY =    74.0 +,      5 chs,      0 cc.  Rmin & Coul turning =   11.1   19.8
   S-matrix    1 =    1.00000   0.00000 for L=   74, J=   74.0 channel on core I =   0.0 from L=   74,  Acc. loss =  0.0 D.
 Elastic phase shift   1 =    0.000   0.000 deg. for the L =   74, J =   74.0 channel.
0****** WARNING : ACCURACY LOSS IN ERWIN = 14.8 DIGITS, SO EXPECT ERRORS OF********* % OF UNITARITY

   680576196806458.00        2.8187964817094704E+017   2.2204460492503131E-016
 Increase lower cutoff: eg CUTL. Continuing.
      74.0  1.00000000  0.00000004i: elastic S-matrix  @@      0.02  0   0 F  0
 Reaction Xsec    74.0+/74 @ 1 =   0.001#, Out:   0.000#******** ********f


 Total SPIN, PARITY =    75.0 -,      5 chs,      0 cc.  Rmin & Coul turning =   11.2   20.1
   S-matrix    1 =    1.00000  -0.00000 for L=   75, J=   75.0 channel on core I =   0.0 from L=   75,  Acc. loss =  0.0 D.
 Elastic phase shift   1 =   -0.000   0.000 deg. for the L =   75, J =   75.0 channel.
0****** WARNING : ACCURACY LOSS IN ERWIN = 14.9 DIGITS, SO EXPECT ERRORS OF7566.5160 % OF UNITARITY

   857864374808237.62        1.1358852923054605E+017   2.2204460492503131E-016
 Increase lower cutoff: eg CUTL. Continuing.
      75.0  1.00000000 -0.00000002i: elastic S-matrix  @@      0.00  0   0 F  0
 Reaction Xsec    75.0-/75 @ 1 =   0.001#, Out:   0.000#******** ********f


 Total SPIN, PARITY =    76.0 +,      5 chs,      0 cc.  Rmin & Coul turning =   11.4   20.4
   S-matrix    1 =    1.00000  -0.00000 for L=   76, J=   76.0 channel on core I =   0.0 from L=   76,  Acc. loss =  0.0 D.
 Elastic phase shift   1 =   -0.000   0.000 deg. for the L =   76, J =   76.0 channel.
0****** WARNING : ACCURACY LOSS IN ERWIN = 15.4 DIGITS, SO EXPECT ERRORS OF********* % OF UNITARITY

   2729098560614869.5        1.9683433277880090E+017   2.2204460492503131E-016
 Increase lower cutoff: eg CUTL. Continuing.
      76.0  1.00000000 -0.00000003i: elastic S-matrix  @@      0.02  0   0 F  0
 Reaction Xsec    76.0+/76 @ 1 =   0.000#, Out:   0.000#******** ********f


 Total SPIN, PARITY =    77.0 -,      5 chs,      0 cc.  Rmin & Coul turning =   11.6   20.6
   S-matrix    1 =    1.00000   0.00000 for L=   77, J=   77.0 channel on core I =   0.0 from L=   77,  Acc. loss =  0.0 D.
 Elastic phase shift   1 =    0.000   0.000 deg. for the L =   77, J =   77.0 channel.
0****** WARNING : ACCURACY LOSS IN ERWIN = 22.8 DIGITS, SO EXPECT ERRORS OF8622.5747 % OF UNITARITY

   6.2422700956875867E+022   1.2944208054068338E+017   2.2204460492503131E-016
 Increase lower cutoff: eg CUTL. Continuing.
      77.0  1.00000000  0.00000002i: elastic S-matrix  @@      0.00  0   0 F  0
 Reaction Xsec    77.0-/77 @ 1 =   0.000#, Out:   0.000#******** ********f


 Total SPIN, PARITY =    78.0 +,      5 chs,      0 cc.  Rmin & Coul turning =   11.7   20.9
   S-matrix    1 =    1.00000   0.00000 for L=   78, J=   78.0 channel on core I =   0.0 from L=   78,  Acc. loss =  0.0 D.
 Elastic phase shift   1 =    0.000   0.000 deg. for the L =   78, J =   78.0 channel.
0****** WARNING : ACCURACY LOSS IN ERWIN = 15.4 DIGITS, SO EXPECT ERRORS OF2965.3752 % OF UNITARITY

   2419910726359269.5        44516209366868232.        2.2204460492503131E-016
 Increase lower cutoff: eg CUTL. Continuing.
      78.0  1.00000000  0.00000001i: elastic S-matrix  @@      0.00  0   0 F  0
 Reaction Xsec    78.0+/78 @ 1 =   0.000#, Out:   0.000#******** ********f


 Total SPIN, PARITY =    79.0 -,      5 chs,      0 cc.  Rmin & Coul turning =   11.9   21.2
   S-matrix    1 =    1.00000  -0.00000 for L=   79, J=   79.0 channel on core I =   0.0 from L=   79,  Acc. loss =  0.0 D.
 Elastic phase shift   1 =   -0.000   0.000 deg. for the L =   79, J =   79.0 channel.
0****** WARNING : ACCURACY LOSS IN ERWIN = 15.0 DIGITS, SO EXPECT ERRORS OF4738.8725 % OF UNITARITY

   959626458233303.00        71139948340418232.        2.2204460492503131E-016
 Increase lower cutoff: eg CUTL. Continuing.
      79.0  1.00000000 -0.00000004i: elastic S-matrix  @@      0.02  0   0 F  0
 Reaction Xsec    79.0-/79 @ 1 =   0.000#, Out:   0.000#******** ********f


 Total SPIN, PARITY =    80.0 +,      5 chs,      0 cc.  Rmin & Coul turning =   12.0   21.4
   S-matrix    1 =    1.00000  -0.00000 for L=   80, J=   80.0 channel on core I =   0.0 from L=   80,  Acc. loss =  0.0 D.
 Elastic phase shift   1 =   -0.000   0.000 deg. for the L =   80, J =   80.0 channel.
0****** WARNING : ACCURACY LOSS IN ERWIN = 22.3 DIGITS, SO EXPECT ERRORS OF2096.6189 % OF UNITARITY

   2.2232993969128860E+022   31474440660484876.        2.2204460492503131E-016
 Increase lower cutoff: eg CUTL. Continuing.
      80.0  1.00000000 -0.00000004i: elastic S-matrix  @@      0.00  0   0 F  0
 Reaction Xsec    80.0+/80 @ 1 =   0.000#, Out:   0.000#******** ********f

 Finished all CC sets @   0.906250000    
0CUMULATIVE REACTION cross section                 =  882.10799  <L> =    13.71  <L**2> =    216.8
0CUMULATIVE outgoing cross sections in partition 1 :    0.00000
0CUMULATIVE outgoing cross sections in partition 2 :***********
0Cumulative ABSORBTION by Imaginary Potentials     =***********  <L> =    71.73  <L**2> =   5148.1
   Fusion for specific 4He      M-states :************
0CUMULATIVE OUTGOING cross section                 =***********
 To convert to S-factors (MeV.mb = keV.b),  multiply by  2.3386E+02


 CROSS SECTIONS FOR OUTGOING 4He      & 4He      in state #   1 with spins & parities 0.0  + &  0.0  +;  0

     0.01 deg.: X-S =   1.6432E+13 mb/sr,
+                                         /R =   9.9990E-01
     1.00 deg.: X-S =   1.3909E+05 mb/sr,
+                                         /R =   8.4631E-01
     2.00 deg.: X-S =   3.8711E+04 mb/sr,
+                                         /R =   3.7682E+00
     3.00 deg.: X-S =   3.1658E+04 mb/sr,
+                                         /R =   1.5597E+01
     4.00 deg.: X-S =   2.4241E+04 mb/sr,
+                                         /R =   3.7731E+01
     5.00 deg.: X-S =   1.6609E+04 mb/sr,
+                                         /R =   6.3088E+01
     6.00 deg.: X-S =   1.0057E+04 mb/sr,
+                                         /R =   7.9168E+01
     7.00 deg.: X-S =  5269.722999 mb/sr,
+                                         /R =   7.6801E+01
     8.00 deg.: X-S =  2339.683945 mb/sr,
+                                         /R =   5.8127E+01
     9.00 deg.: X-S =   938.760982 mb/sr,
+                                         /R =   3.7326E+01
    10.00 deg.: X-S =   539.100708 mb/sr,
+                                         /R =   3.2639E+01
    11.00 deg.: X-S =   616.282304 mb/sr,
+                                         /R =   5.4570E+01
    12.00 deg.: X-S =   783.624669 mb/sr,
+                                         /R =   9.8158E+01
    13.00 deg.: X-S =   839.570877 mb/sr,
+                                         /R =   1.4467E+02
    14.00 deg.: X-S =   742.550572 mb/sr,
+                                         /R =   1.7186E+02
    15.00 deg.: X-S =   546.790383 mb/sr,
+                                         /R =   1.6653E+02
    16.00 deg.: X-S =   334.389739 mb/sr,
+                                         /R =   1.3163E+02
    17.00 deg.: X-S =   167.874146 mb/sr,
+                                         /R =   8.4076E+01
    18.00 deg.: X-S =    71.471909 mb/sr,
+                                         /R =   4.4910E+01
    19.00 deg.: X-S =    36.007228 mb/sr,
+                                         /R =   2.8035E+01
    20.00 deg.: X-S =    35.634977 mb/sr,
+                                         /R =   3.3997E+01
    21.00 deg.: X-S =    44.820180 mb/sr,
+                                         /R =   5.1866E+01
    22.00 deg.: X-S =    48.471809 mb/sr,
+                                         /R =   6.7416E+01
    23.00 deg.: X-S =    43.677657 mb/sr,
+                                         /R =   7.2404E+01
    24.00 deg.: X-S =    35.531552 mb/sr,
+                                         /R =   6.9664E+01
    25.00 deg.: X-S =    31.059879 mb/sr,
+                                         /R =   7.1520E+01
    26.00 deg.: X-S =    34.571042 mb/sr,
+                                         /R =   9.2885E+01
    27.00 deg.: X-S =    45.948252 mb/sr,
+                                         /R =   1.4318E+02
    28.00 deg.: X-S =    61.617917 mb/sr,
+                                         /R =   2.2146E+02
    29.00 deg.: X-S =    76.875705 mb/sr,
+                                         /R =   3.1701E+02
    30.00 deg.: X-S =    88.111178 mb/sr,
+                                         /R =   4.1485E+02
    31.00 deg.: X-S =    93.985946 mb/sr,
+                                         /R =   5.0297E+02
    32.00 deg.: X-S =    95.358720 mb/sr,
+                                         /R =   5.7755E+02
    33.00 deg.: X-S =    94.338675 mb/sr,
+                                         /R =   6.4408E+02
    34.00 deg.: X-S =    93.096807 mb/sr,
+                                         /R =   7.1377E+02
    35.00 deg.: X-S =    92.981493 mb/sr,
+                                         /R =   7.9771E+02
    36.00 deg.: X-S =    94.206166 mb/sr,
+                                         /R =   9.0134E+02
    37.00 deg.: X-S =    96.074254 mb/sr,
+                                         /R =   1.0219E+03
    38.00 deg.: X-S =    97.505966 mb/sr,
+                                         /R =   1.1494E+03
    39.00 deg.: X-S =    97.580343 mb/sr,
+                                         /R =   1.2712E+03
    40.00 deg.: X-S =    95.879585 mb/sr,
+                                         /R =   1.3766E+03
    41.00 deg.: X-S =    92.556469 mb/sr,
+                                         /R =   1.4608E+03
    42.00 deg.: X-S =    88.171631 mb/sr,
+                                         /R =   1.5259E+03
    43.00 deg.: X-S =    83.420517 mb/sr,
+                                         /R =   1.5793E+03
    44.00 deg.: X-S =    78.878112 mb/sr,
+                                         /R =   1.6298E+03
    45.00 deg.: X-S =    74.848772 mb/sr,
+                                         /R =   1.6843E+03
    46.00 deg.: X-S =    71.347345 mb/sr,
+                                         /R =   1.7449E+03
    47.00 deg.: X-S =    68.183937 mb/sr,
+                                         /R =   1.8087E+03
    48.00 deg.: X-S =    65.095541 mb/sr,
+                                         /R =   1.8693E+03
    49.00 deg.: X-S =    61.866653 mb/sr,
+                                         /R =   1.9197E+03
    50.00 deg.: X-S =    58.400474 mb/sr,
+                                         /R =   1.9547E+03
    51.00 deg.: X-S =    54.729530 mb/sr,
+                                         /R =   1.9726E+03
    52.00 deg.: X-S =    50.978364 mb/sr,
+                                         /R =   1.9753E+03
    53.00 deg.: X-S =    47.303841 mb/sr,
+                                         /R =   1.9674E+03
    54.00 deg.: X-S =    43.839307 mb/sr,
+                                         /R =   1.9540E+03
    55.00 deg.: X-S =    40.660374 mb/sr,
+                                         /R =   1.9394E+03
    56.00 deg.: X-S =    37.778095 mb/sr,
+                                         /R =   1.9256E+03
    57.00 deg.: X-S =    35.154582 mb/sr,
+                                         /R =   1.9121E+03
    58.00 deg.: X-S =    32.729862 mb/sr,
+                                         /R =   1.8972E+03
    59.00 deg.: X-S =    30.448030 mb/sr,
+                                         /R =   1.8784E+03
    60.00 deg.: X-S =    28.274193 mb/sr,
+                                         /R =   1.8542E+03
    61.00 deg.: X-S =    26.199072 mb/sr,
+                                         /R =   1.8241E+03
    62.00 deg.: X-S =    24.233054 mb/sr,
+                                         /R =   1.7891E+03
    63.00 deg.: X-S =    22.394595 mb/sr,
+                                         /R =   1.7513E+03
    64.00 deg.: X-S =    20.698582 mb/sr,
+                                         /R =   1.7126E+03
    65.00 deg.: X-S =    19.148772 mb/sr,
+                                         /R =   1.6745E+03
    66.00 deg.: X-S =    17.735995 mb/sr,
+                                         /R =   1.6375E+03
    67.00 deg.: X-S =    16.441413 mb/sr,
+                                         /R =   1.6009E+03
    68.00 deg.: X-S =    15.242568 mb/sr,
+                                         /R =   1.5638E+03
    69.00 deg.: X-S =    14.119464 mb/sr,
+                                         /R =   1.5248E+03
    70.00 deg.: X-S =    13.058581 mb/sr,
+                                         /R =   1.4830E+03
    71.00 deg.: X-S =    12.053979 mb/sr,
+                                         /R =   1.4382E+03
    72.00 deg.: X-S =    11.105813 mb/sr,
+                                         /R =   1.3909E+03
    73.00 deg.: X-S =    10.217425 mb/sr,
+                                         /R =   1.3421E+03
    74.00 deg.: X-S =     9.392358 mb/sr,
+                                         /R =   1.2927E+03
    75.00 deg.: X-S =     8.632360 mb/sr,
+                                         /R =   1.2439E+03
    76.00 deg.: X-S =     7.936728 mb/sr,
+                                         /R =   1.1964E+03
    77.00 deg.: X-S =     7.302734 mb/sr,
+                                         /R =   1.1507E+03
    78.00 deg.: X-S =     6.726525 mb/sr,
+                                         /R =   1.1070E+03
    79.00 deg.: X-S =     6.203923 mb/sr,
+                                         /R =   1.0656E+03
    80.00 deg.: X-S =     5.730706 mb/sr,
+                                         /R =   1.0265E+03
    81.00 deg.: X-S =     5.302424 mb/sr,
+                                         /R =   9.8977E+02
    82.00 deg.: X-S =     4.914058 mb/sr,
+                                         /R =   9.5519E+02
    83.00 deg.: X-S =     4.559916 mb/sr,
+                                         /R =   9.2235E+02
    84.00 deg.: X-S =     4.233976 mb/sr,
+                                         /R =   8.9058E+02
    85.00 deg.: X-S =     3.930629 mb/sr,
+                                         /R =   8.5916E+02
    86.00 deg.: X-S =     3.645575 mb/sr,
+                                         /R =   8.2752E+02
    87.00 deg.: X-S =     3.376424 mb/sr,
+                                         /R =   7.9540E+02
    88.00 deg.: X-S =     3.122698 mb/sr,
+                                         /R =   7.6295E+02
    89.00 deg.: X-S =     2.885195 mb/sr,
+                                         /R =   7.3064E+02
    90.00 deg.: X-S =     2.664983 mb/sr,
+                                         /R =   6.9906E+02
    91.00 deg.: X-S =     2.462405 mb/sr,
+                                         /R =   6.6866E+02
    92.00 deg.: X-S =     2.276530 mb/sr,
+                                         /R =   6.3957E+02
    93.00 deg.: X-S =     2.105286 mb/sr,
+                                         /R =   6.1156E+02
    94.00 deg.: X-S =     1.946195 mb/sr,
+                                         /R =   5.8422E+02
    95.00 deg.: X-S =     1.797334 mb/sr,
+                                         /R =   5.5723E+02
    96.00 deg.: X-S =     1.658049 mb/sr,
+                                         /R =   5.3061E+02
    97.00 deg.: X-S =     1.529110 mb/sr,
+                                         /R =   5.0483E+02
    98.00 deg.: X-S =     1.412165 mb/sr,
+                                         /R =   4.8071E+02
    99.00 deg.: X-S =     1.308714 mb/sr,
+                                         /R =   4.5910E+02
   100.00 deg.: X-S =     1.219055 mb/sr,
+                                         /R =   4.4047E+02
   101.00 deg.: X-S =     1.141686 mb/sr,
+                                         /R =   4.2467E+02
   102.00 deg.: X-S =     1.073457 mb/sr,
+                                         /R =   4.1084E+02
   103.00 deg.: X-S =     1.010408 mb/sr,
+                                         /R =   3.9770E+02
   104.00 deg.: X-S =     0.948991 mb/sr,
+                                         /R =   3.8395E+02
   105.00 deg.: X-S =     0.887180 mb/sr,
+                                         /R =   3.6877E+02
   106.00 deg.: X-S =     0.824978 mb/sr,
+                                         /R =   3.5214E+02
   107.00 deg.: X-S =     0.764117 mb/sr,
+                                         /R =   3.3478E+02
   108.00 deg.: X-S =     0.707088 mb/sr,
+                                         /R =   3.1782E+02
   109.00 deg.: X-S =     0.655925 mb/sr,
+                                         /R =   3.0233E+02
   110.00 deg.: X-S =     0.611268 mb/sr,
+                                         /R =   2.8878E+02
   111.00 deg.: X-S =     0.572089 mb/sr,
+                                         /R =   2.7690E+02
   112.00 deg.: X-S =     0.536188 mb/sr,
+                                         /R =   2.6576E+02
   113.00 deg.: X-S =     0.501242 mb/sr,
+                                         /R =   2.5430E+02
   114.00 deg.: X-S =     0.465897 mb/sr,
+                                         /R =   2.4184E+02
   115.00 deg.: X-S =     0.430400 mb/sr,
+                                         /R =   2.2849E+02
   116.00 deg.: X-S =     0.396497 mb/sr,
+                                         /R =   2.1518E+02
   117.00 deg.: X-S =     0.366603 mb/sr,
+                                         /R =   2.0330E+02
   118.00 deg.: X-S =     0.342636 mb/sr,
+                                         /R =   1.9408E+02
   119.00 deg.: X-S =     0.325018 mb/sr,
+                                         /R =   1.8796E+02
   120.00 deg.: X-S =     0.312311 mb/sr,
+                                         /R =   1.8433E+02
   121.00 deg.: X-S =     0.301678 mb/sr,
+                                         /R =   1.8164E+02
   122.00 deg.: X-S =     0.289973 mb/sr,
+                                         /R =   1.7804E+02
   123.00 deg.: X-S =     0.275017 mb/sr,
+                                         /R =   1.7212E+02
   124.00 deg.: X-S =     0.256469 mb/sr,
+                                         /R =   1.6355E+02
   125.00 deg.: X-S =     0.235921 mb/sr,
+                                         /R =   1.5324E+02
   126.00 deg.: X-S =     0.216156 mb/sr,
+                                         /R =   1.4295E+02
   127.00 deg.: X-S =     0.199883 mb/sr,
+                                         /R =   1.3453E+02
   128.00 deg.: X-S =     0.188505 mb/sr,
+                                         /R =   1.2908E+02
   129.00 deg.: X-S =     0.181474 mb/sr,
+                                         /R =   1.2637E+02
   130.00 deg.: X-S =     0.176520 mb/sr,
+                                         /R =   1.2496E+02
   131.00 deg.: X-S =     0.170675 mb/sr,
+                                         /R =   1.2278E+02
   132.00 deg.: X-S =     0.161643 mb/sr,
+                                         /R =   1.1813E+02
   133.00 deg.: X-S =     0.148887 mb/sr,
+                                         /R =   1.1049E+02
   134.00 deg.: X-S =     0.133955 mb/sr,
+                                         /R =   1.0091E+02
   135.00 deg.: X-S =     0.119843 mb/sr,
+                                         /R =   9.1612E+01
   136.00 deg.: X-S =     0.109673 mb/sr,
+                                         /R =   8.5044E+01
   137.00 deg.: X-S =     0.105250 mb/sr,
+                                         /R =   8.2758E+01
   138.00 deg.: X-S =     0.106153 mb/sr,
+                                         /R =   8.4609E+01
   139.00 deg.: X-S =     0.109789 mb/sr,
+                                         /R =   8.8673E+01
   140.00 deg.: X-S =     0.112433 mb/sr,
+                                         /R =   9.1985E+01
   141.00 deg.: X-S =     0.110812 mb/sr,
+                                         /R =   9.1802E+01
   142.00 deg.: X-S =     0.103565 mb/sr,
+                                         /R =   8.6851E+01
   143.00 deg.: X-S =     0.091897 mb/sr,
+                                         /R =   7.7985E+01
   144.00 deg.: X-S =     0.079120 mb/sr,
+                                         /R =   6.7919E+01
   145.00 deg.: X-S =     0.069222 mb/sr,
+                                         /R =   6.0090E+01
   146.00 deg.: X-S =     0.065088 mb/sr,
+                                         /R =   5.7118E+01
   147.00 deg.: X-S =     0.067139 mb/sr,
+                                         /R =   5.9539E+01
   148.00 deg.: X-S =     0.073033 mb/sr,
+                                         /R =   6.5428E+01
   149.00 deg.: X-S =     0.078614 mb/sr,
+                                         /R =   7.1125E+01
   150.00 deg.: X-S =     0.079736 mb/sr,
+                                         /R =   7.2830E+01
   151.00 deg.: X-S =     0.074179 mb/sr,
+                                         /R =   6.8379E+01
   152.00 deg.: X-S =     0.062805 mb/sr,
+                                         /R =   5.8411E+01
   153.00 deg.: X-S =     0.049375 mb/sr,
+                                         /R =   4.6314E+01
   154.00 deg.: X-S =     0.039018 mb/sr,
+                                         /R =   3.6901E+01
   155.00 deg.: X-S =     0.035983 mb/sr,
+                                         /R =   3.4301E+01
   156.00 deg.: X-S =     0.041611 mb/sr,
+                                         /R =   3.9968E+01
   157.00 deg.: X-S =     0.053482 mb/sr,
+                                         /R =   5.1744E+01
   158.00 deg.: X-S =     0.066198 mb/sr,
+                                         /R =   6.4493E+01
   159.00 deg.: X-S =     0.073584 mb/sr,
+                                         /R =   7.2165E+01
   160.00 deg.: X-S =     0.071422 mb/sr,
+                                         /R =   7.0488E+01
   161.00 deg.: X-S =     0.059549 mb/sr,
+                                         /R =   5.9124E+01
   162.00 deg.: X-S =     0.042313 mb/sr,
+                                         /R =   4.2251E+01
   163.00 deg.: X-S =     0.027048 mb/sr,
+                                         /R =   2.7154E+01
   164.00 deg.: X-S =     0.021049 mb/sr,
+                                         /R =   2.1238E+01
   165.00 deg.: X-S =     0.028246 mb/sr,
+                                         /R =   2.8636E+01
   166.00 deg.: X-S =     0.047032 mb/sr,
+                                         /R =   4.7894E+01
   167.00 deg.: X-S =     0.070304 mb/sr,
+                                         /R =   7.1888E+01
   168.00 deg.: X-S =     0.087976 mb/sr,
+                                         /R =   9.0303E+01
   169.00 deg.: X-S =     0.091170 mb/sr,
+                                         /R =   9.3911E+01
   170.00 deg.: X-S =     0.076504 mb/sr,
+                                         /R =   7.9057E+01
   171.00 deg.: X-S =     0.048694 mb/sr,
+                                         /R =   5.0465E+01
   172.00 deg.: X-S =     0.020188 mb/sr,
+                                         /R =   2.0977E+01
   173.00 deg.: X-S =     0.007614 mb/sr,
+                                         /R =   7.9299E+00
   174.00 deg.: X-S =     0.026056 mb/sr,
+                                         /R =   2.7190E+01
   175.00 deg.: X-S =     0.083112 mb/sr,
+                                         /R =   8.6874E+01
   176.00 deg.: X-S =     0.174944 mb/sr,
+                                         /R =   1.8311E+02
   177.00 deg.: X-S =     0.285931 mb/sr,
+                                         /R =   2.9960E+02
   178.00 deg.: X-S =     0.392351 mb/sr,
+                                         /R =   4.1142E+02
   179.00 deg.: X-S =     0.469052 mb/sr,
+                                         /R =   4.9208E+02
   179.99 deg.: X-S =     0.496978 mb/sr,
+                                         /R =   5.2146E+02
                                           Integrated********** mb, over [   0.000, 180.000] at   295.0000 MeV 

 CROSS SECTIONS FOR OUTGOING p        & 7Li      in state #   1 with spins & parities 0.5  + &  1.5  -;  0

     0.00 deg.: X-S =   3.3499E+10 mb/sr,
+                                         REAC   3.9636E+09 mb
     1.00 deg.: X-S =   3.2166E+10 mb/sr,
     2.00 deg.: X-S =   2.3390E+10 mb/sr,
     3.00 deg.: X-S =   1.1325E+10 mb/sr,
     4.00 deg.: X-S =   8.0514E+09 mb/sr,
     5.00 deg.: X-S =   7.5265E+09 mb/sr,
     6.00 deg.: X-S =   5.0142E+09 mb/sr,
     7.00 deg.: X-S =   4.9496E+09 mb/sr,
     8.00 deg.: X-S =   4.0704E+09 mb/sr,
     9.00 deg.: X-S =   3.3140E+09 mb/sr,
    10.00 deg.: X-S =   3.4077E+09 mb/sr,
    11.00 deg.: X-S =   2.5179E+09 mb/sr,
    12.00 deg.: X-S =   2.6357E+09 mb/sr,
    13.00 deg.: X-S =   2.2243E+09 mb/sr,
    14.00 deg.: X-S =   1.9240E+09 mb/sr,
    15.00 deg.: X-S =   2.0043E+09 mb/sr,
    16.00 deg.: X-S =   1.5022E+09 mb/sr,
    17.00 deg.: X-S =   1.6435E+09 mb/sr,
    18.00 deg.: X-S =   1.3541E+09 mb/sr,
    19.00 deg.: X-S =   1.2322E+09 mb/sr,
    20.00 deg.: X-S =   1.2644E+09 mb/sr,
    21.00 deg.: X-S =   9.5719E+08 mb/sr,
    22.00 deg.: X-S =   1.0745E+09 mb/sr,
    23.00 deg.: X-S =   8.5949E+08 mb/sr,
    24.00 deg.: X-S =   8.2121E+08 mb/sr,
    25.00 deg.: X-S =   8.1834E+08 mb/sr,
    26.00 deg.: X-S =   6.3396E+08 mb/sr,
    27.00 deg.: X-S =   7.1762E+08 mb/sr,
    28.00 deg.: X-S =   5.6288E+08 mb/sr,
    29.00 deg.: X-S =   5.6340E+08 mb/sr,
    30.00 deg.: X-S =   5.4284E+08 mb/sr,
    31.00 deg.: X-S =   4.3761E+08 mb/sr,
    32.00 deg.: X-S =   4.9262E+08 mb/sr,
    33.00 deg.: X-S =   3.8541E+08 mb/sr,
    34.00 deg.: X-S =   4.0212E+08 mb/sr,
    35.00 deg.: X-S =   3.7586E+08 mb/sr,
    36.00 deg.: X-S =   3.1924E+08 mb/sr,
    37.00 deg.: X-S =   3.5401E+08 mb/sr,
    38.00 deg.: X-S =   2.8126E+08 mb/sr,
    39.00 deg.: X-S =   3.0233E+08 mb/sr,
    40.00 deg.: X-S =   2.7732E+08 mb/sr,
    41.00 deg.: X-S =   2.4719E+08 mb/sr,
    42.00 deg.: X-S =   2.6997E+08 mb/sr,
    43.00 deg.: X-S =   2.1946E+08 mb/sr,
    44.00 deg.: X-S =   2.3905E+08 mb/sr,
    45.00 deg.: X-S =   2.1890E+08 mb/sr,
    46.00 deg.: X-S =   1.9957E+08 mb/sr,
    47.00 deg.: X-S =   2.1781E+08 mb/sr,
    48.00 deg.: X-S =   1.7879E+08 mb/sr,
    49.00 deg.: X-S =   1.9570E+08 mb/sr,
    50.00 deg.: X-S =   1.8094E+08 mb/sr,
    51.00 deg.: X-S =   1.6353E+08 mb/sr,
    52.00 deg.: X-S =   1.8220E+08 mb/sr,
    53.00 deg.: X-S =   1.4741E+08 mb/sr,
    54.00 deg.: X-S =   1.6291E+08 mb/sr,
    55.00 deg.: X-S =   1.5203E+08 mb/sr,
    56.00 deg.: X-S =   1.3452E+08 mb/sr,
    57.00 deg.: X-S =   1.5412E+08 mb/sr,
    58.00 deg.: X-S =   1.2256E+08 mb/sr,
    59.00 deg.: X-S =   1.3646E+08 mb/sr,
    60.00 deg.: X-S =   1.2918E+08 mb/sr,
    61.00 deg.: X-S =   1.1314E+08 mb/sr,
    62.00 deg.: X-S =   1.3088E+08 mb/sr,
    63.00 deg.: X-S =   1.0737E+08 mb/sr,
    64.00 deg.: X-S =   1.1561E+08 mb/sr,
    65.00 deg.: X-S =   1.1571E+08 mb/sr,
    66.00 deg.: X-S =   1.0101E+08 mb/sr,
    67.00 deg.: X-S =   1.1532E+08 mb/sr,
    68.00 deg.: X-S =   1.0483E+08 mb/sr,
    69.00 deg.: X-S =   1.0226E+08 mb/sr,
    70.00 deg.: X-S =   1.1561E+08 mb/sr,
    71.00 deg.: X-S =   9.7955E+07 mb/sr,
    72.00 deg.: X-S =   1.1200E+08 mb/sr,
    73.00 deg.: X-S =   1.1291E+08 mb/sr,
    74.00 deg.: X-S =   9.9148E+07 mb/sr,
    75.00 deg.: X-S =   1.2738E+08 mb/sr,
    76.00 deg.: X-S =   1.0178E+08 mb/sr,
    77.00 deg.: X-S =   1.2148E+08 mb/sr,
    78.00 deg.: X-S =   1.2457E+08 mb/sr,
    79.00 deg.: X-S =   1.0675E+08 mb/sr,
    80.00 deg.: X-S =   1.4277E+08 mb/sr,
    81.00 deg.: X-S =   1.0956E+08 mb/sr,
    82.00 deg.: X-S =   1.3745E+08 mb/sr,
    83.00 deg.: X-S =   1.3272E+08 mb/sr,
    84.00 deg.: X-S =   1.2126E+08 mb/sr,
    85.00 deg.: X-S =   1.5238E+08 mb/sr,
    86.00 deg.: X-S =   1.1915E+08 mb/sr,
    87.00 deg.: X-S =   1.5082E+08 mb/sr,
    88.00 deg.: X-S =   1.3580E+08 mb/sr,
    89.00 deg.: X-S =   1.3674E+08 mb/sr,
    90.00 deg.: X-S =   1.5374E+08 mb/sr,
    91.00 deg.: X-S =   1.3034E+08 mb/sr,
    92.00 deg.: X-S =   1.5765E+08 mb/sr,
    93.00 deg.: X-S =   1.3916E+08 mb/sr,
    94.00 deg.: X-S =   1.5026E+08 mb/sr,
    95.00 deg.: X-S =   1.5413E+08 mb/sr,
    96.00 deg.: X-S =   1.4508E+08 mb/sr,
    97.00 deg.: X-S =   1.6350E+08 mb/sr,
    98.00 deg.: X-S =   1.5088E+08 mb/sr,
    99.00 deg.: X-S =   1.6516E+08 mb/sr,
   100.00 deg.: X-S =   1.6511E+08 mb/sr,
   101.00 deg.: X-S =   1.6656E+08 mb/sr,
   102.00 deg.: X-S =   1.7928E+08 mb/sr,
   103.00 deg.: X-S =   1.7587E+08 mb/sr,
   104.00 deg.: X-S =   1.8868E+08 mb/sr,
   105.00 deg.: X-S =   1.9360E+08 mb/sr,
   106.00 deg.: X-S =   1.9736E+08 mb/sr,
   107.00 deg.: X-S =   2.1237E+08 mb/sr,
   108.00 deg.: X-S =   2.1312E+08 mb/sr,
   109.00 deg.: X-S =   2.2595E+08 mb/sr,
   110.00 deg.: X-S =   2.3720E+08 mb/sr,
   111.00 deg.: X-S =   2.3773E+08 mb/sr,
   112.00 deg.: X-S =   2.6075E+08 mb/sr,
   113.00 deg.: X-S =   2.5724E+08 mb/sr,
   114.00 deg.: X-S =   2.7515E+08 mb/sr,
   115.00 deg.: X-S =   2.8636E+08 mb/sr,
   116.00 deg.: X-S =   2.8441E+08 mb/sr,
   117.00 deg.: X-S =   3.1350E+08 mb/sr,
   118.00 deg.: X-S =   3.0132E+08 mb/sr,
   119.00 deg.: X-S =   3.2679E+08 mb/sr,
   120.00 deg.: X-S =   3.2949E+08 mb/sr,
   121.00 deg.: X-S =   3.3009E+08 mb/sr,
   122.00 deg.: X-S =   3.5597E+08 mb/sr,
   123.00 deg.: X-S =   3.3828E+08 mb/sr,
   124.00 deg.: X-S =   3.6683E+08 mb/sr,
   125.00 deg.: X-S =   3.5695E+08 mb/sr,
   126.00 deg.: X-S =   3.6425E+08 mb/sr,
   127.00 deg.: X-S =   3.7543E+08 mb/sr,
   128.00 deg.: X-S =   3.6098E+08 mb/sr,
   129.00 deg.: X-S =   3.8188E+08 mb/sr,
   130.00 deg.: X-S =   3.6279E+08 mb/sr,
   131.00 deg.: X-S =   3.7596E+08 mb/sr,
   132.00 deg.: X-S =   3.6535E+08 mb/sr,
   133.00 deg.: X-S =   3.6288E+08 mb/sr,
   134.00 deg.: X-S =   3.6448E+08 mb/sr,
   135.00 deg.: X-S =   3.4524E+08 mb/sr,
   136.00 deg.: X-S =   3.5802E+08 mb/sr,
   137.00 deg.: X-S =   3.2729E+08 mb/sr,
   138.00 deg.: X-S =   3.3991E+08 mb/sr,
   139.00 deg.: X-S =   3.1664E+08 mb/sr,
   140.00 deg.: X-S =   3.0651E+08 mb/sr,
   141.00 deg.: X-S =   3.1108E+08 mb/sr,
   142.00 deg.: X-S =   2.7003E+08 mb/sr,
   143.00 deg.: X-S =   2.9331E+08 mb/sr,
   144.00 deg.: X-S =   2.4996E+08 mb/sr,
   145.00 deg.: X-S =   2.5274E+08 mb/sr,
   146.00 deg.: X-S =   2.4558E+08 mb/sr,
   147.00 deg.: X-S =   2.0643E+08 mb/sr,
   148.00 deg.: X-S =   2.3213E+08 mb/sr,
   149.00 deg.: X-S =   1.8162E+08 mb/sr,
   150.00 deg.: X-S =   1.9415E+08 mb/sr,
   151.00 deg.: X-S =   1.7928E+08 mb/sr,
   152.00 deg.: X-S =   1.4967E+08 mb/sr,
   153.00 deg.: X-S =   1.7256E+08 mb/sr,
   154.00 deg.: X-S =   1.2764E+08 mb/sr,
   155.00 deg.: X-S =   1.4454E+08 mb/sr,
   156.00 deg.: X-S =   1.3006E+08 mb/sr,
   157.00 deg.: X-S =   1.1106E+08 mb/sr,
   158.00 deg.: X-S =   1.3253E+08 mb/sr,
   159.00 deg.: X-S =   9.8094E+07 mb/sr,
   160.00 deg.: X-S =   1.1904E+08 mb/sr,
   161.00 deg.: X-S =   1.0891E+08 mb/sr,
   162.00 deg.: X-S =   1.0091E+08 mb/sr,
   163.00 deg.: X-S =   1.2486E+08 mb/sr,
   164.00 deg.: X-S =   9.9259E+07 mb/sr,
   165.00 deg.: X-S =   1.3154E+08 mb/sr,
   166.00 deg.: X-S =   1.2111E+08 mb/sr,
   167.00 deg.: X-S =   1.3355E+08 mb/sr,
   168.00 deg.: X-S =   1.5796E+08 mb/sr,
   169.00 deg.: X-S =   1.4650E+08 mb/sr,
   170.00 deg.: X-S =   2.0013E+08 mb/sr,
   171.00 deg.: X-S =   1.8545E+08 mb/sr,
   172.00 deg.: X-S =   2.4738E+08 mb/sr,
   173.00 deg.: X-S =   2.6486E+08 mb/sr,
   174.00 deg.: X-S =   3.1542E+08 mb/sr,
   175.00 deg.: X-S =   4.1082E+08 mb/sr,
   176.00 deg.: X-S =   4.6218E+08 mb/sr,
   177.00 deg.: X-S =   7.2056E+08 mb/sr,
   178.00 deg.: X-S =   9.8369E+08 mb/sr,
   179.00 deg.: X-S =   2.5126E+09 mb/sr,
   180.00 deg.: X-S =   3.9457E+09 mb/sr,
                                           Integrated********** mb, over [   0.000, 180.000] at   295.0000 MeV 
 Finished all xsecs @   0.921875000    

  The following files have been created:
   3:local copy of User input.            6:standard output.                   
   7:elastic  S-matrix elements.         12:transfer kernels.                  
  13:total cross sections/state.         16:tables of cross sections.          
  35:Astrophysics S-factors  / Ecm.      38:cross sections for each J/pi.      
  39:cross sections for each Ecm.        40:all cross sectns. for each Elab.   
  45:scat phase shift as E functions.    46:bs wave functions & ANC ratios.    
  56:Fusion for each Jtotal.             75:S-factors for lab energies.        
 201:Separate cross sections.           202:Separate cross sections.           

 PARAMETERS : MAXQRN   MFNL   MLOC  LMAX1 MCLIST
    ALLOWED :      4     25     10    100      6
    REQUIRED:      1      4     10     82      4


 ACCURACY ANALYSIS at   295.000 MeV :

  Elastic h*k = 0.188 so OK       compared with 0.200

   Real(S-el) > 0.01 first at J =       1.0
   Real(S-el) > 0.10 first at J =       1.0
   Real(S-el) > 0.50 first at J =      21.0
   Real(S-el) > 0.90 first at J =      23.0
   Real(S-el) > 0.99 first at J =      27.0
   R-turn =    21.45 fm    at J =      80.0

 Forward-angle excitation cut off below   0.104 deg by max JT =      80.0
                              and below   0.075 deg by max R.


 1: Recommended RNL: non-local width >  10.90 cf:  25.00 fm: OK      
    Recommended CENTRE: centration   ~   1.05 cf:   0.00 fm

 Total CPU  0 time =       0.92 seconds
