 FRESCO - FRES 3.4: Coupled Reaction Channels
 Assuming NAMELIST input.

 4He(4He,p)7Li  E=190 MeV  Q=-17.346  [he4_he4_p_li7]                            

   0.050  30.000   0.250   0.100  25.000   0.000   0.000   0.000   0.000   0.000

 Centre-of-mass Range is    602 * 0.0500 fm., Maximum at  30.00 fm., Interpolating NL forms every  0.25 fm.
 Non - locality width is    251 * 0.1000 fm., Maximum of  25.00 fm., Centred at  0.00 fm.
 2-Nucleon Separation of      0 * 0.2500 fm., Maximum of   0.00 fm., Minimum at  0.00 fm.
 Maximum single particle bins of 30.0000 fm.
               M,Mint =          601         601


 Range of total J is     0.0 <= J <=    80.0 (at least     0.0) and Absorbtion =>    -1.0000 mb.
 Dry Run = F, CC set limits =  0  0, Relativistic kinematics = a, Both/Far/Near Analyses =  1                     

 Cross Sections (and up to T0 for 0=projectile) for Theta from   0.0 to 180.0 in steps of  1.0 degrees, DGAM=0,  Coordinates = 0 (Mads)

 Lower Radial Cutoff = maximum of  3.00*L*h &       0.0 fm.,  Lower Cutoff for Couplings =   0.0  fm.


 Iterate Couplings between   1 and   1 times, to  0.000 % if sooner.                                          
  Block solved exactly =   0 chs., with Pade = 0 & Isocen =  =0, NOSOL = F, initwf =  0
  NL quadrature with   18 Gaussian points, Calculate multipoles up to    86 from   0
  M-transfers for lp+lt greater than or equal to  6, Angular Integration Cutoff below  2.7778 %


 Trace switches are :  CHANS =  1, LISTCC =  0, TRENEG =  0, CDETR =  0, SMATS =  2, XSTABL =  1, NLPL =  0

                       WAVES =  0, LAMPL =  0, VEFF =  0, KFUS =  0, WDISK =  0, BPM =  0, MELFIL =  0

                       CDCC =  0, NFUS =  0

 Using unit mass = 1.000000 amu and 1/fine-structure constant = 137.03599 ( 1.000000 * true ) with hc = 197.32705 MeV.fm,
  thus 2*amu/hbar^2 = 0.0478450 = 1/20.9008 and Coulomb constant = 0.1574855 so e^2 = 1.43997, and nuclear magneton= 0.1261183

 Now pre-scan input and save to file 3



 *********** PARTITION NUMBER  1 ******************************************************************************************

   PROJ=4He        MASS=  4.0000 Z=   2.0,        # STATES=    1T, TARG=4He      MASS=  4.0000 Z=   2.0,     Q-VALUE =   0.0000 MEV.

     1:  J= 0.0+ (B# 1), E=  0.0000, K= 0.0              Potl#  1       J= 0.0+ (B# 1), E=  0.0000, K= 0.0    


 *********** PARTITION NUMBER  2 ******************************************************************************************

   PROJ=p          MASS=  1.0000 Z=   1.0,        # STATES=    1T, TARG=7Li      MASS=  7.0000 Z=   3.0,     Q-VALUE = -17.3460 MEV.

     1:  J= 0.5+ (B# 1), E=  0.0000, K= 0.5              Potl#  2       J= 1.5- (B#-1), E=  0.0000, K= 0.5    
0****** WARNING : COMPARED WITH PARTITION  1, THIS PARTITION HAS TOTAL MASS & CHARGE EXCESSES  -0.01862 &   0.0000


 ************************************************************************************************************************************

 The following POTENTIALS are defined :

  KP#       TYPE      IT    SHAPE      at     V1        r1        a1        V2        r2        a2        A-in     A-used


                                            A#1       A#2        r0c       ac                                                h @ 1
    1    0=Coulomb       0=CHARGE (WS)  1     4.000     4.000    1.4000    0.0000    0.0000    0.0000     0.000    32.000   0.05000

    1    1=Volume        0=Woods-Saxon  2  120.0000    1.4000    0.5500   15.0000    1.4000    0.5500     0.000    32.000
   --------------------------------------------------------------------------------------------------------------------

                                            A#1       A#2        r0c       ac                                                h @ 2
    2    0=Coulomb       0=CHARGE (WS)  3     1.000     7.000    1.3000    0.0000    0.0000    0.0000     0.000    24.717   0.05000

    2    1=Volume        0=Woods-Saxon  4   50.0000    1.2000    0.6000    0.0000    1.2000    0.6000     0.000    24.717

    2    2=Surface       0=Woods-Saxon  5    0.0000    0.0000    0.0000    8.0000    1.3000    0.5000     0.000    24.717

    2    3=Projtl S.O.   0=Woods-Saxon  6    5.5000    1.0000    0.5000    0.0000    0.0000    0.0000     0.000    24.717
   --------------------------------------------------------------------------------------------------------------------

    3    1=Volume        0=Woods-Saxon  7   50.0000    1.2500    0.6500    0.0000    0.0000    0.0000     0.000    24.717

    3    3=Projtl S.O.   0=Woods-Saxon  8    6.0000    1.2500    0.6500    0.0000    0.0000    0.0000     0.000    24.717
   --------------------------------------------------------------------------------------------------------------------

    4    1=Volume        0=Woods-Saxon  9   50.0000    1.2500    0.6500    0.0000    0.0000    0.0000     0.000    24.717

    4    3=Projtl S.O.   0=Woods-Saxon 10    6.0000    1.2500    0.6500    0.0000    0.0000    0.0000     0.000    24.717


 ************************************************************************************************************************************

 The following SINGLE-PARTICLE FORM FACTORS are constructed :


 No.   P1 P2 IN KIND T N  L  S1 IA J/S  IB BIND XFER  BE    SC PC FIL AFRAC Adjust  to  Z  Mass   K     Norm    rms      D0     D   ANC/Gsp

    1:  2  1  1  0     2  1 0.5  1 1.5   0   3   0   2.4670  1  0  0 0.0000 VR  1.5786; 1. 3.000 0.2975 1.0000  5.004  190.0  268.8 -1.8267

    2:  1  2  2  0     1  0 0.5  1 0.5   0   4   0  19.8140  1  0  0 0.0000 VR  0.5842; 1. 3.000 1.2748 1.0000  2.233 -326.2-1775.8 61.4156

 ************************************************************************************************************************************

 TWO-way COUPLING # 1 for partitions  2 <-  1 of KIND  7,   0 -1  5 -1 -1 & P1,P2 =    0.0000   0.0000 : for J <=    80.5 & R <  29.8 fm.


 data =  1  1  1  2  1.0000,  so  < [4He      #  1] / [p        #  1]  * Eigen-form #  2>  =   1.0000            BE = 19.814     2



 **** WARNING *** -- FORM FACTOR  2 WAS ORIGINALLY DEFINED FOR A  7Li      / 4He      OVERLAP ****   1   2   2   1



 data =  2  1  1  1  1.0000,  so  < [7Li      #  1] / [4He      #  1]  * Eigen-form #  1>  =   1.0000            BE =  2.467     1



 **** WARNING *** -- FORM FACTOR  1 WAS ORIGINALLY DEFINED FOR A  4He      / p        OVERLAP ****   2   1   1   2


 KNT =   1, KNP =   2: NK,NG,loc=   1   1   1  11  T  T  F

     So FINITE-RANGE TRANSFER : IP1 = 0 (POST    ), IP2=-1 =COMPLEX     ,  for   1 pairs of bound states summed into   1 pairs
      The main coupling potential is that binding the transferred particle to the p        core.

          Using between p        & 4He      the potential No.   5, and subtracting optical potential No.  2

   A real*8 is            8  bytes
   NLL,NLN,NLO =         120         121         251
0File   9 needs RL =   60240    REAL*8 numbers, and NR =    88. i.e.    42.41 Megabytes
   File            9  RECL =      481920
0RECOMMENDED NON-LOCAL WIDTH IS GREATER THAN   10.90 FM.,  RECOMMENDED CENTRATION   1.05, after    0.14 secs.
0Relative non-local usages (rms) are
    0.000   0.000   0.000   0.000   0.000   0.000   0.000   0.000   0.000   0.000   0.000   0.000   0.000   0.000   0.000
    0.000   0.000   0.000   0.000   0.000   0.000   0.000   0.000   0.000   0.000   0.000   0.000   0.000   0.000   0.000
    0.000   0.000   0.000   0.000   0.000   0.000   0.000   0.000   0.000   0.000   0.000   0.000   0.000   0.000   0.000
    0.000   0.000   0.000   0.000   0.000   0.000   0.000   0.000   0.000   0.000   0.000   0.000   0.000   0.000   0.000
    0.001   0.001   0.001   0.001   0.001   0.001   0.002   0.002   0.002   0.003   0.003   0.006   0.009   0.014   0.021
    0.026   0.047   0.062   0.097   0.137   0.168   0.279   0.357   0.516   0.702   0.848   1.271   1.581   2.110   2.725
    3.208   4.362   5.230   6.521   8.001   9.155  11.562  13.399  15.871  18.659  20.818  24.838  27.936  31.763  35.981
   39.225  44.657  48.838  53.622  58.707  62.521  68.337  72.692  77.251  81.875  85.044  89.533  92.521  95.231  97.628
   98.625  99.989 100.000  99.182  97.676  95.266  92.165  88.297  83.585  78.256  72.481  66.424  60.280  54.216  48.270
   42.564  37.229  32.380  28.140  24.606  21.848  19.875  18.615  17.918  17.590  17.456  17.371  17.241  17.009  16.651
   16.165  15.562  14.860  14.082  13.251  12.390  11.518  10.652   9.807   8.992   8.216   7.483   6.798   6.161   5.573
    5.032   4.536   4.084   3.672   3.298   2.959   2.652   2.375   2.126   1.901   1.698   1.516   1.352   1.205   1.073
    0.955   0.849   0.755   0.670   0.594   0.527   0.467   0.413   0.366   0.324   0.286   0.253   0.223   0.197   0.174
    0.153   0.135   0.119   0.105   0.092   0.081   0.072   0.063   0.055   0.049   0.043   0.038   0.033   0.029   0.026
    0.023   0.020   0.018   0.016   0.014   0.012   0.011   0.010   0.008   0.007   0.007   0.006   0.005   0.005   0.004
    0.004   0.003   0.003   0.003   0.002   0.002   0.002   0.002   0.002   0.001   0.001   0.001   0.001   0.001   0.001
    0.001   0.001   0.001   0.001   0.000   0.000   0.000   0.000   0.000   0.000   0.000

 Incoming partition  1 in excitation state # 1,   Laboratory Energy given for partition  1 Nucleus 1 in Excitation pair 1

0Lab. ENERGY ranges :

   from    190.000     to   0.00000     in     0 intervals
   from    0.00000     to   0.00000     in     0 intervals
   from    0.00000     to   0.00000     in     0 intervals

 Largest real,imaginary parts of any form factor at R=   29.50 are   4.88E-02  2.46E-19 MeV
 Finished all Couplings @   0.156250000              10

 Symmetric Hamiltonian
1***********************************************************************************************************************************
************************************************************************************************************************************

        INCOMING 4He      ;    LABORATORY 4He      ENERGY =   190.00     MeV.

 ***********************************************************************************************************************************
 ***********************************************************************************************************************************


  NOTE: Coulomb excitation cut off below   0.130 deg by JTMAX, and below   0.116 deg by Rmax

 Allocate arrays for            2  channels, of which            2  need wfs.

 ######################################################################################################################
 #                                                                                                                    #
 # Total SPIN and PARITY =     0.0 +,      2 channels,    0 in 1st block.  Rmin & Coul turning =    0.0    0.1 fm.  #
 #                                                                                                                    #
 ######################################################################################################################



    C Projectl Target   #   EX.   (L  Proj) J  + Targ = Jtotal     E-cm      Re K     Re Eta     RM*K            CH
    1 4He      4He      #    1: I   0 0.0    0.0  0.0     0.0    95.00000   3.01506   0.09140   90.4517  -0.46292  -0.18961 1 1 1   1
    2 p        7Li      #    1:     1 0.5    1.5  1.5     0.0    79.69233   1.82655   0.04951   54.7964  -0.18315  -0.46558 2 1 2   1
   S-matrix    1 =   -0.06484   0.21933 for L=    0, J=    0.0 channel on core I =   0.0 from L=    0,  Acc. loss =  0.0 D.
 Elastic phase shift   1 =   53.235  42.264 deg. for the L =    0, J =    0.0 channel.
       0.0 -0.06483930  0.21933062i: elastic S-matrix  @@      0.00  0   0 F  0
 Reaction Xsec     0.0+/ 0 @ 1 =   3.275 , Out:   0.000#   1.305#   3.275f

 Allocate arrays for            4  channels, of which            4  need wfs.

 Total SPIN, PARITY =     1.0 -,      4 chs,      0 cc.  Rmin & Coul turning =    0.2    0.5
   S-matrix    1 =   -0.00025   0.23059 for L=    1, J=    1.0 channel on core I =   0.0 from L=    1,  Acc. loss =  0.0 D.
 Elastic phase shift   1 =   45.031  42.029 deg. for the L =    1, J =    1.0 channel.
       1.0 -0.00025087  0.23059312i: elastic S-matrix  @@      0.02  0   0 F  0
 Reaction Xsec     1.0-/ 1 @ 1 =   9.816 , Out:   0.000#   0.822#   9.816f

 Allocate arrays for            5  channels, of which            5  need wfs.

 Total SPIN, PARITY =     2.0 +,      5 chs,      0 cc.  Rmin & Coul turning =    0.3    0.8
   S-matrix    1 =    0.04468   0.22862 for L=    2, J=    2.0 channel on core I =   0.0 from L=    2,  Acc. loss =  0.0 D.
 Elastic phase shift   1 =   39.471  41.739 deg. for the L =    2, J =    2.0 channel.
       2.0  0.04467785  0.22861962i: elastic S-matrix  @@      0.02  0   0 F  0
 Reaction Xsec     2.0+/ 2 @ 1 =  16.342 , Out:   0.000#   3.924#  16.342f


 Total SPIN, PARITY =     3.0 -,      5 chs,      0 cc.  Rmin & Coul turning =    0.5    1.2
   S-matrix    1 =    0.08966   0.21738 for L=    3, J=    3.0 channel on core I =   0.0 from L=    3,  Acc. loss =  0.0 D.
 Elastic phase shift   1 =   33.793  41.470 deg. for the L =    3, J =    3.0 channel.
       3.0  0.08966307  0.21737753i: elastic S-matrix  @@      0.02  0   0 F  0
 Reaction Xsec     3.0-/ 3 @ 1 =  22.854 , Out:   0.000#   1.161#  22.854f


 Total SPIN, PARITY =     4.0 +,      5 chs,      0 cc.  Rmin & Coul turning =    0.6    1.5
   S-matrix    1 =    0.13968   0.19272 for L=    4, J=    4.0 channel on core I =   0.0 from L=    4,  Acc. loss =  0.0 D.
 Elastic phase shift   1 =   27.033  41.121 deg. for the L =    4, J =    4.0 channel.
       4.0  0.13968275  0.19272235i: elastic S-matrix  @@      0.02  0   0 F  0
 Reaction Xsec     4.0+/ 4 @ 1 =  29.341 , Out:   0.000#   3.097#  29.341f


 Total SPIN, PARITY =     5.0 -,      5 chs,      0 cc.  Rmin & Coul turning =    0.8    1.8
   S-matrix    1 =    0.19083   0.14767 for L=    5, J=    5.0 channel on core I =   0.0 from L=    5,  Acc. loss =  0.0 D.
 Elastic phase shift   1 =   18.867  40.729 deg. for the L =    5, J =    5.0 channel.
       5.0  0.19083489  0.14767380i: elastic S-matrix  @@      0.02  0   0 F  0
 Reaction Xsec     5.0-/ 5 @ 1 =  35.801 , Out:   0.000#   2.191#  35.801f


 Total SPIN, PARITY =     6.0 +,      5 chs,      0 cc.  Rmin & Coul turning =    0.9    2.2
   S-matrix    1 =    0.23344   0.07655 for L=    6, J=    6.0 channel on core I =   0.0 from L=    6,  Acc. loss =  0.0 D.
 Elastic phase shift   1 =    9.078  40.215 deg. for the L =    6, J =    6.0 channel.
       6.0  0.23343900  0.07654845i: elastic S-matrix  @@      0.02  0   0 F  0
 Reaction Xsec     6.0+/ 6 @ 1 =  42.215 , Out:   0.000#   0.583#  42.215f


 Total SPIN, PARITY =     7.0 -,      5 chs,      0 cc.  Rmin & Coul turning =    1.1    2.5
   S-matrix    1 =    0.24981  -0.02123 for L=    7, J=    7.0 channel on core I =   0.0 from L=    7,  Acc. loss =  0.0 D.
 Elastic phase shift   1 =   -2.429  39.633 deg. for the L =    7, J =    7.0 channel.
       7.0  0.24980987 -0.02123166i: elastic S-matrix  @@      0.02  0   0 F  0
 Reaction Xsec     7.0-/ 7 @ 1 =  48.580 , Out:   0.000#   0.358#  48.580f


 Total SPIN, PARITY =     8.0 +,      5 chs,      0 cc.  Rmin & Coul turning =    1.2    2.8
   S-matrix    1 =    0.21772  -0.13581 for L=    8, J=    8.0 channel on core I =   0.0 from L=    8,  Acc. loss =  0.0 D.
 Elastic phase shift   1 =  -15.978  38.967 deg. for the L =    8, J =    8.0 channel.
       8.0  0.21772352 -0.13581133i: elastic S-matrix  @@      0.02  0   0 F  0
 Reaction Xsec     8.0+/ 8 @ 1 =  54.881 , Out:   0.000#   0.883#  54.881f


 Total SPIN, PARITY =     9.0 -,      5 chs,      0 cc.  Rmin & Coul turning =    1.4    3.2
   S-matrix    1 =    0.11874  -0.23597 for L=    9, J=    9.0 channel on core I =   0.0 from L=    9,  Acc. loss =  0.0 D.
 Elastic phase shift   1 =  -31.644  38.136 deg. for the L =    9, J =    9.0 channel.
       9.0  0.11874461 -0.23596791i: elastic S-matrix  @@      0.02  0   0 F  0
 Reaction Xsec     9.0-/ 9 @ 1 =  61.080 , Out:   0.000#   1.823#  61.080f


 Total SPIN, PARITY =    10.0 +,      5 chs,      0 cc.  Rmin & Coul turning =    1.5    3.5
   S-matrix    1 =   -0.04562  -0.26722 for L=   10, J=   10.0 channel on core I =   0.0 from L=   10,  Acc. loss =  0.0 D.
 Elastic phase shift   1 =  -49.844  37.395 deg. for the L =   10, J =   10.0 channel.
      10.0 -0.04562183 -0.26721542i: elastic S-matrix  @@      0.03  0   0 F  0
 Reaction Xsec    10.0+/10 @ 1 =  67.240 , Out:   0.000#   0.319#  67.240f


 Total SPIN, PARITY =    11.0 -,      5 chs,      0 cc.  Rmin & Coul turning =    1.7    3.8
   S-matrix    1 =   -0.22261  -0.17154 for L=   11, J=   11.0 channel on core I =   0.0 from L=   11,  Acc. loss =  0.0 D.
 Elastic phase shift   1 =  -71.192  36.362 deg. for the L =   11, J =   11.0 channel.
      11.0 -0.22261305 -0.17153630i: elastic S-matrix  @@      0.02  0   0 F  0
 Reaction Xsec    11.0-/11 @ 1 =  73.208 , Out:   0.000#   0.096#  73.208f


 Total SPIN, PARITY =    12.0 +,      5 chs,      0 cc.  Rmin & Coul turning =    1.8    4.2
   S-matrix    1 =   -0.28639   0.05528 for L=   12, J=   12.0 channel on core I =   0.0 from L=   12,  Acc. loss =  0.0 D.
 Elastic phase shift   1 =   84.537  35.297 deg. for the L =   12, J =   12.0 channel.
      12.0 -0.28639145  0.05528232i: elastic S-matrix  @@      0.02  0   0 F  0
 Reaction Xsec    12.0+/12 @ 1 =  79.047 , Out:   0.000#   0.048#  79.047f


 Total SPIN, PARITY =    13.0 -,      5 chs,      0 cc.  Rmin & Coul turning =    2.0    4.5
   S-matrix    1 =   -0.10142   0.27617 for L=   13, J=   13.0 channel on core I =   0.0 from L=   13,  Acc. loss =  0.0 D.
 Elastic phase shift   1 =   55.082  35.050 deg. for the L =   13, J =   13.0 channel.
      13.0 -0.10141630  0.27616868i: elastic S-matrix  @@      0.02  0   0 F  0
 Reaction Xsec    13.0-/13 @ 1 =  85.233 , Out:   0.000#   0.028#  85.233f


 Total SPIN, PARITY =    14.0 +,      5 chs,      0 cc.  Rmin & Coul turning =    2.1    4.8
   S-matrix    1 =    0.25010   0.20392 for L=   14, J=   14.0 channel on core I =   0.0 from L=   14,  Acc. loss =  0.0 D.
 Elastic phase shift   1 =   19.596  32.402 deg. for the L =   14, J =   14.0 channel.
      14.0  0.25010259  0.20391635i: elastic S-matrix  @@      0.02  0   0 F  0
 Reaction Xsec    14.0+/14 @ 1 =  89.784 , Out:   0.000#   0.002#  89.784f


 Total SPIN, PARITY =    15.0 -,      5 chs,      0 cc.  Rmin & Coul turning =    2.2    5.2
   S-matrix    1 =    0.25933  -0.18066 for L=   15, J=   15.0 channel on core I =   0.0 from L=   15,  Acc. loss =  0.0 D.
 Elastic phase shift   1 =  -17.432  32.997 deg. for the L =   15, J =   15.0 channel.
      15.0  0.25933237 -0.18066410i: elastic S-matrix  @@      0.02  0   0 F  0
 Reaction Xsec    15.0-/15 @ 1 =  96.431 , Out:   0.000#   0.002#  96.431f


 Total SPIN, PARITY =    16.0 +,      5 chs,      0 cc.  Rmin & Coul turning =    2.4    5.5
   S-matrix    1 =   -0.25440   0.04674 for L=   16, J=   16.0 channel on core I =   0.0 from L=   16,  Acc. loss =  0.0 D.
 Elastic phase shift   1 =   84.794  38.739 deg. for the L =   16, J =   16.0 channel.
      16.0 -0.25439917  0.04674326i: elastic S-matrix  @@      0.02  0   0 F  0
 Reaction Xsec    16.0+/16 @ 1 = 106.414 , Out:   0.000#   0.001# 106.414f


 Total SPIN, PARITY =    17.0 -,      5 chs,      0 cc.  Rmin & Coul turning =    2.6    5.8
   S-matrix    1 =    0.27637   0.66879 for L=   17, J=   17.0 channel on core I =   0.0 from L=   17,  Acc. loss =  0.0 D.
 Elastic phase shift   1 =   33.774   9.266 deg. for the L =   17, J =   17.0 channel.
      17.0  0.27637022  0.66879135i: elastic S-matrix  @@      0.00  0   0 F  0
 Reaction Xsec    17.0-/17 @ 1 =  57.616 , Out:   0.000#   0.000#  57.616f


 Total SPIN, PARITY =    18.0 +,      5 chs,      0 cc.  Rmin & Coul turning =    2.7    6.2
   S-matrix    1 =    0.76846   0.47450 for L=   18, J=   18.0 channel on core I =   0.0 from L=   18,  Acc. loss =  0.0 D.
 Elastic phase shift   1 =   15.847   2.918 deg. for the L =   18, J =   18.0 channel.
      18.0  0.76845836  0.47450069i: elastic S-matrix  @@      0.02  0   0 F  0
 Reaction Xsec    18.0+/18 @ 1 =  23.569 , Out:   0.000#   0.001#  23.569f


 Total SPIN, PARITY =    19.0 -,      5 chs,      0 cc.  Rmin & Coul turning =    2.9    6.5
   S-matrix    1 =    0.91962   0.26744 for L=   19, J=   19.0 channel on core I =   0.0 from L=   19,  Acc. loss =  0.0 D.
 Elastic phase shift   1 =    8.108   1.238 deg. for the L =   19, J =   19.0 channel.
      19.0  0.91961727  0.26743555i: elastic S-matrix  @@      0.02  0   0 F  0
 Reaction Xsec    19.0-/19 @ 1 =  11.157 , Out:   0.000#   0.001#  11.157f


 Total SPIN, PARITY =    20.0 +,      5 chs,      0 cc.  Rmin & Coul turning =    3.0    6.8
   S-matrix    1 =    0.96792   0.14769 for L=   20, J=   20.0 channel on core I =   0.0 from L=   20,  Acc. loss =  0.0 D.
 Elastic phase shift   1 =    4.338   0.604 deg. for the L =   20, J =   20.0 channel.
      20.0  0.96792330  0.14769183i: elastic S-matrix  @@      0.02  0   0 F  0
 Reaction Xsec    20.0+/20 @ 1 =   5.853 , Out:   0.000#   0.001#   5.853f


 Total SPIN, PARITY =    21.0 -,      5 chs,      0 cc.  Rmin & Coul turning =    3.2    7.2
   S-matrix    1 =    0.98566   0.08189 for L=   21, J=   21.0 channel on core I =   0.0 from L=   21,  Acc. loss =  0.0 D.
 Elastic phase shift   1 =    2.375   0.315 deg. for the L =   21, J =   21.0 channel.
      21.0  0.98565546  0.08188607i: elastic S-matrix  @@      0.02  0   0 F  0
 Reaction Xsec    21.0-/21 @ 1 =   3.236 , Out:   0.000#   0.001#   3.236f


 Total SPIN, PARITY =    22.0 +,      5 chs,      0 cc.  Rmin & Coul turning =    3.3    7.5
   S-matrix    1 =    0.99303   0.04564 for L=   22, J=   22.0 channel on core I =   0.0 from L=   22,  Acc. loss =  0.0 D.
 Elastic phase shift   1 =    1.316   0.170 deg. for the L =   22, J =   22.0 channel.
      22.0  0.99302679  0.04563555i: elastic S-matrix  @@      0.02  0   0 F  0
 Reaction Xsec    22.0+/22 @ 1 =   1.837 , Out:   0.000#   0.000#   1.837f


 Total SPIN, PARITY =    23.0 -,      5 chs,      0 cc.  Rmin & Coul turning =    3.5    7.8
   S-matrix    1 =    0.99641   0.02552 for L=   23, J=   23.0 channel on core I =   0.0 from L=   23,  Acc. loss =  0.0 D.
 Elastic phase shift   1 =    0.734   0.094 deg. for the L =   23, J =   23.0 channel.
      23.0  0.99641280  0.02552259i: elastic S-matrix  @@      0.00  0   0 F  0
 Reaction Xsec    23.0-/23 @ 1 =   1.057 , Out:   0.000#   0.001#   1.057f


 Total SPIN, PARITY =    24.0 +,      5 chs,      0 cc.  Rmin & Coul turning =    3.6    8.2
   S-matrix    1 =    0.99809   0.01430 for L=   24, J=   24.0 channel on core I =   0.0 from L=   24,  Acc. loss =  0.0 D.
 Elastic phase shift   1 =    0.411   0.052 deg. for the L =   24, J =   24.0 channel.
0****** WARNING : ACCURACY LOSS IN ERWIN = 15.5 DIGITS, SO EXPECT ERRORS OF   0.0000 % OF UNITARITY

      24.0  0.99808711  0.01430297i: elastic S-matrix  @@      0.02  0   0 F  0
 Reaction Xsec    24.0+/24 @ 1 =   0.613 , Out:   0.000#   0.000#   0.613f


 Total SPIN, PARITY =    25.0 -,      5 chs,      0 cc.  Rmin & Coul turning =    3.8    8.5
   S-matrix    1 =    0.99896   0.00802 for L=   25, J=   25.0 channel on core I =   0.0 from L=   25,  Acc. loss =  0.0 D.
 Elastic phase shift   1 =    0.230   0.029 deg. for the L =   25, J =   25.0 channel.
      25.0  0.99895753  0.00802359i: elastic S-matrix  @@      0.02  0   0 F  0
 Reaction Xsec    25.0-/25 @ 1 =   0.356 , Out:   0.000#   0.001#   0.356f


 Total SPIN, PARITY =    26.0 +,      5 chs,      0 cc.  Rmin & Coul turning =    3.9    8.8
   S-matrix    1 =    0.99942   0.00450 for L=   26, J=   26.0 channel on core I =   0.0 from L=   26,  Acc. loss =  0.0 D.
 Elastic phase shift   1 =    0.129   0.016 deg. for the L =   26, J =   26.0 channel.
      26.0  0.99942465  0.00450277i: elastic S-matrix  @@      0.02  0   0 F  0
 Reaction Xsec    26.0+/26 @ 1 =   0.207 , Out:   0.000#   0.000#   0.207f


 Total SPIN, PARITY =    27.0 -,      5 chs,      0 cc.  Rmin & Coul turning =    4.0    9.1
   S-matrix    1 =    0.99968   0.00253 for L=   27, J=   27.0 channel on core I =   0.0 from L=   27,  Acc. loss =  0.0 D.
 Elastic phase shift   1 =    0.072   0.009 deg. for the L =   27, J =   27.0 channel.
      27.0  0.99968018  0.00252695i: elastic S-matrix  @@      0.02  0   0 F  0
 Reaction Xsec    27.0-/27 @ 1 =   0.120 , Out:   0.000#   0.002#   0.120f


 Total SPIN, PARITY =    28.0 +,      5 chs,      0 cc.  Rmin & Coul turning =    4.2    9.5
   S-matrix    1 =    0.99982   0.00142 for L=   28, J=   28.0 channel on core I =   0.0 from L=   28,  Acc. loss =  0.0 D.
 Elastic phase shift   1 =    0.041   0.005 deg. for the L =   28, J =   28.0 channel.
      28.0  0.99982153  0.00141787i: elastic S-matrix  @@      0.02  0   0 F  0
 Reaction Xsec    28.0+/28 @ 1 =   0.070 , Out:   0.000#   0.004#   0.070f


 Total SPIN, PARITY =    29.0 -,      5 chs,      0 cc.  Rmin & Coul turning =    4.4    9.8
   S-matrix    1 =    0.99990   0.00080 for L=   29, J=   29.0 channel on core I =   0.0 from L=   29,  Acc. loss =  0.0 D.
 Elastic phase shift   1 =    0.023   0.003 deg. for the L =   29, J =   29.0 channel.
      29.0  0.99990020  0.00079532i: elastic S-matrix  @@      0.02  0   0 F  0
 Reaction Xsec    29.0-/29 @ 1 =   0.041 , Out:   0.000#   0.077#   0.041f


 Total SPIN, PARITY =    30.0 +,      5 chs,      0 cc.  Rmin & Coul turning =    4.5   10.1
   S-matrix    1 =    0.99994   0.00045 for L=   30, J=   30.0 channel on core I =   0.0 from L=   30,  Acc. loss =  0.0 D.
 Elastic phase shift   1 =    0.013   0.002 deg. for the L =   30, J =   30.0 channel.
0****** WARNING : ACCURACY LOSS IN ERWIN = 14.2 DIGITS, SO EXPECT ERRORS OF   0.0001 % OF UNITARITY

      30.0  0.99994414  0.00044597i: elastic S-matrix  @@      0.00  0   0 F  0
 Reaction Xsec    30.0+/30 @ 1 =   0.024 , Out:   0.000#   0.525#   0.024f


 Total SPIN, PARITY =    31.0 -,      5 chs,      0 cc.  Rmin & Coul turning =    4.7   10.5
   S-matrix    1 =    0.99997   0.00025 for L=   31, J=   31.0 channel on core I =   0.0 from L=   31,  Acc. loss =  0.0 D.
 Elastic phase shift   1 =    0.007   0.001 deg. for the L =   31, J =   31.0 channel.
0****** WARNING : ACCURACY LOSS IN ERWIN = 14.2 DIGITS, SO EXPECT ERRORS OF   0.0006 % OF UNITARITY

      31.0  0.99996873  0.00025000i: elastic S-matrix  @@      0.02  0   0 F  0
 Reaction Xsec    31.0-/31 @ 1 =   0.014 , Out:   0.000#   2.888#   0.014f


 Total SPIN, PARITY =    32.0 +,      5 chs,      0 cc.  Rmin & Coul turning =    4.8   10.8
   S-matrix    1 =    0.99998   0.00014 for L=   32, J=   32.0 channel on core I =   0.0 from L=   32,  Acc. loss =  0.0 D.
 Elastic phase shift   1 =    0.004   0.001 deg. for the L =   32, J =   32.0 channel.
      32.0  0.99998249  0.00014010i: elastic S-matrix  @@      0.02  0   0 F  0
 Reaction Xsec    32.0+/32 @ 1 =   7.862/, Out:   0.000#   0.576#   0.008f


 Total SPIN, PARITY =    33.0 -,      5 chs,      0 cc.  Rmin & Coul turning =    5.0   11.1
   S-matrix    1 =    0.99999   0.00008 for L=   33, J=   33.0 channel on core I =   0.0 from L=   33,  Acc. loss =  0.0 D.
 Elastic phase shift   1 =    0.002   0.000 deg. for the L =   33, J =   33.0 channel.
      33.0  0.99999020  0.00007851i: elastic S-matrix  @@      0.02  0   0 F  0
 Reaction Xsec    33.0-/33 @ 1 =   4.538/, Out:   0.000#   0.714#   0.005f


 Total SPIN, PARITY =    34.0 +,      5 chs,      0 cc.  Rmin & Coul turning =    5.1   11.5
   S-matrix    1 =    0.99999   0.00004 for L=   34, J=   34.0 channel on core I =   0.0 from L=   34,  Acc. loss =  0.0 D.
 Elastic phase shift   1 =    0.001   0.000 deg. for the L =   34, J =   34.0 channel.
0****** WARNING : ACCURACY LOSS IN ERWIN = 14.2 DIGITS, SO EXPECT ERRORS OF   0.0029 % OF UNITARITY

      34.0  0.99999451  0.00004399i: elastic S-matrix  @@      0.02  0   0 F  0
 Reaction Xsec    34.0+/34 @ 1 =   2.616/, Out:   0.000#   0.084/   0.003f


 Total SPIN, PARITY =    35.0 -,      5 chs,      0 cc.  Rmin & Coul turning =    5.2   11.8
   S-matrix    1 =    1.00000   0.00002 for L=   35, J=   35.0 channel on core I =   0.0 from L=   35,  Acc. loss =  0.0 D.
 Elastic phase shift   1 =    0.001   0.000 deg. for the L =   35, J =   35.0 channel.
0****** WARNING : ACCURACY LOSS IN ERWIN = 14.4 DIGITS, SO EXPECT ERRORS OF   0.0072 % OF UNITARITY

      35.0  0.99999693  0.00002466i: elastic S-matrix  @@      0.00  0   0 F  0
 Reaction Xsec    35.0-/35 @ 1 =   1.506/, Out:   0.000#   0.148/   0.001f


 Total SPIN, PARITY =    36.0 +,      5 chs,      0 cc.  Rmin & Coul turning =    5.4   12.1
   S-matrix    1 =    1.00000   0.00001 for L=   36, J=   36.0 channel on core I =   0.0 from L=   36,  Acc. loss =  0.0 D.
 Elastic phase shift   1 =    0.000   0.000 deg. for the L =   36, J =   36.0 channel.
      36.0  0.99999828  0.00001384i: elastic S-matrix  @@      0.02  0   0 F  0
 Reaction Xsec    36.0+/36 @ 1 =   0.866/, Out:   0.000#   0.020   -0.019f


 Total SPIN, PARITY =    37.0 -,      5 chs,      0 cc.  Rmin & Coul turning =    5.6   12.5
   S-matrix    1 =    1.00000   0.00001 for L=   37, J=   37.0 channel on core I =   0.0 from L=   37,  Acc. loss =  0.0 D.
 Elastic phase shift   1 =    0.000   0.000 deg. for the L =   37, J =   37.0 channel.
0****** WARNING : ACCURACY LOSS IN ERWIN = 14.5 DIGITS, SO EXPECT ERRORS OF   0.0003 % OF UNITARITY

      37.0  0.99999904  0.00000777i: elastic S-matrix  @@      0.02  0   0 F  0
 Reaction Xsec    37.0-/37 @ 1 =   0.498/, Out:   0.000#   3.386#   0.000f


 Total SPIN, PARITY =    38.0 +,      5 chs,      0 cc.  Rmin & Coul turning =    5.7   12.8
   S-matrix    1 =    1.00000   0.00000 for L=   38, J=   38.0 channel on core I =   0.0 from L=   38,  Acc. loss =  0.0 D.
 Elastic phase shift   1 =    0.000   0.000 deg. for the L =   38, J =   38.0 channel.
0****** WARNING : ACCURACY LOSS IN ERWIN = 14.7 DIGITS, SO EXPECT ERRORS OF   0.0003 % OF UNITARITY

      38.0  0.99999946  0.00000438i: elastic S-matrix  @@      0.02  0   0 F  0
 Reaction Xsec    38.0+/38 @ 1 =   0.286/, Out:   0.000#   2.147#   0.000f


 Total SPIN, PARITY =    39.0 -,      5 chs,      0 cc.  Rmin & Coul turning =    5.9   13.1
   S-matrix    1 =    1.00000   0.00000 for L=   39, J=   39.0 channel on core I =   0.0 from L=   39,  Acc. loss =  0.0 D.
 Elastic phase shift   1 =    0.000   0.000 deg. for the L =   39, J =   39.0 channel.
      39.0  0.99999970  0.00000249i: elastic S-matrix  @@      0.00  0   0 F  0
 Reaction Xsec    39.0-/39 @ 1 =   0.164/, Out:   0.000#   0.013   -0.012f


 Total SPIN, PARITY =    40.0 +,      5 chs,      0 cc.  Rmin & Coul turning =    6.0   13.5
   S-matrix    1 =    1.00000   0.00000 for L=   40, J=   40.0 channel on core I =   0.0 from L=   40,  Acc. loss =  0.0 D.
 Elastic phase shift   1 =    0.000   0.000 deg. for the L =   40, J =   40.0 channel.
0****** WARNING : ACCURACY LOSS IN ERWIN = 14.6 DIGITS, SO EXPECT ERRORS OF   0.0362 % OF UNITARITY

      40.0  0.99999983  0.00000141i: elastic S-matrix  @@      0.02  0   0 F  0
 Reaction Xsec    40.0+/40 @ 1 =   0.094/, Out:   0.000#   0.155   -0.155f


 Total SPIN, PARITY =    41.0 -,      5 chs,      0 cc.  Rmin & Coul turning =    6.2   13.8
   S-matrix    1 =    1.00000   0.00000 for L=   41, J=   41.0 channel on core I =   0.0 from L=   41,  Acc. loss =  0.0 D.
 Elastic phase shift   1 =    0.000   0.000 deg. for the L =   41, J =   41.0 channel.
      41.0  0.99999991  0.00000083i: elastic S-matrix  @@      0.02  0   0 F  0
 Reaction Xsec    41.0-/41 @ 1 =   0.054/, Out:   0.000#  72.120  -72.120f


 Total SPIN, PARITY =    42.0 +,      5 chs,      0 cc.  Rmin & Coul turning =    6.3   14.1
   S-matrix    1 =    1.00000   0.00000 for L=   42, J=   42.0 channel on core I =   0.0 from L=   42,  Acc. loss =  0.0 D.
 Elastic phase shift   1 =    0.000   0.000 deg. for the L =   42, J =   42.0 channel.
0****** WARNING : ACCURACY LOSS IN ERWIN = 14.3 DIGITS, SO EXPECT ERRORS OF   0.4386 % OF UNITARITY

      42.0  0.99999995  0.00000050i: elastic S-matrix  @@      0.02  0   0 F  0
 Reaction Xsec    42.0+/42 @ 1 =   0.031/, Out:   0.000#   9.286   -9.286f


 Total SPIN, PARITY =    43.0 -,      5 chs,      0 cc.  Rmin & Coul turning =    6.5   14.5
   S-matrix    1 =    1.00000   0.00000 for L=   43, J=   43.0 channel on core I =   0.0 from L=   43,  Acc. loss =  0.0 D.
 Elastic phase shift   1 =    0.000   0.000 deg. for the L =   43, J =   43.0 channel.
0****** WARNING : ACCURACY LOSS IN ERWIN = 14.3 DIGITS, SO EXPECT ERRORS OF   1.6291 % OF UNITARITY

      43.0  0.99999997  0.00000029i: elastic S-matrix  @@      0.00  0   0 F  0
 Reaction Xsec    43.0-/43 @ 1 =   0.018/, Out:   0.000# 457.743 -457.743f


 Total SPIN, PARITY =    44.0 +,      5 chs,      0 cc.  Rmin & Coul turning =    6.6   14.8
   S-matrix    1 =    1.00000   0.00000 for L=   44, J=   44.0 channel on core I =   0.0 from L=   44,  Acc. loss =  0.0 D.
 Elastic phase shift   1 =    0.000   0.000 deg. for the L =   44, J =   44.0 channel.
0****** WARNING : ACCURACY LOSS IN ERWIN = 14.4 DIGITS, SO EXPECT ERRORS OF   7.3262 % OF UNITARITY

      44.0  0.99999998  0.00000020i: elastic S-matrix  @@      0.02  0   0 F  0
 Reaction Xsec    44.0+/44 @ 1 =   0.010/, Out:   0.000# 741.309 -741.309f


 Total SPIN, PARITY =    45.0 -,      5 chs,      0 cc.  Rmin & Coul turning =    6.8   15.1
   S-matrix    1 =    1.00000   0.00000 for L=   45, J=   45.0 channel on core I =   0.0 from L=   45,  Acc. loss =  0.0 D.
 Elastic phase shift   1 =    0.000   0.000 deg. for the L =   45, J =   45.0 channel.
0****** WARNING : ACCURACY LOSS IN ERWIN = 14.4 DIGITS, SO EXPECT ERRORS OF   1.9085 % OF UNITARITY

      45.0  0.99999999  0.00000014i: elastic S-matrix  @@      0.02  0   0 F  0
 Reaction Xsec    45.0-/45 @ 1 =   5.711#, Out:   0.000#  80.615  -80.615f


 Total SPIN, PARITY =    46.0 +,      5 chs,      0 cc.  Rmin & Coul turning =    6.9   15.5
   S-matrix    1 =    1.00000   0.00000 for L=   46, J=   46.0 channel on core I =   0.0 from L=   46,  Acc. loss =  0.0 D.
 Elastic phase shift   1 =    0.000   0.000 deg. for the L =   46, J =   46.0 channel.
0****** WARNING : ACCURACY LOSS IN ERWIN = 14.3 DIGITS, SO EXPECT ERRORS OF   3.8203 % OF UNITARITY

      46.0  0.99999999  0.00000008i: elastic S-matrix  @@      0.02  0   0 F  0
 Reaction Xsec    46.0+/46 @ 1 =   3.256#, Out:   0.000#3694.551 ********f


 Total SPIN, PARITY =    47.0 -,      5 chs,      0 cc.  Rmin & Coul turning =    7.1   15.8
   S-matrix    1 =    1.00000   0.00000 for L=   47, J=   47.0 channel on core I =   0.0 from L=   47,  Acc. loss =  0.0 D.
 Elastic phase shift   1 =    0.000   0.000 deg. for the L =   47, J =   47.0 channel.
0****** WARNING : ACCURACY LOSS IN ERWIN = 15.7 DIGITS, SO EXPECT ERRORS OF  42.0658 % OF UNITARITY

   4855997794725154.0        631491999161854.75        2.2204460492503131E-016
 Increase lower cutoff: eg CUTL. Continuing.
      47.0  1.00000000  0.00000007i: elastic S-matrix  @@      0.00  0   0 F  0
 Reaction Xsec    47.0-/47 @ 1 =   1.855#, Out:   0.000#9341.725 ********f


 Total SPIN, PARITY =    48.0 +,      5 chs,      0 cc.  Rmin & Coul turning =    7.2   16.1
   S-matrix    1 =    1.00000   0.00000 for L=   48, J=   48.0 channel on core I =   0.0 from L=   48,  Acc. loss =  0.0 D.
 Elastic phase shift   1 =    0.000   0.000 deg. for the L =   48, J =   48.0 channel.
   113646084797242.89        389798752620027.50        2.2204460492503131E-016
 Increase lower cutoff: eg CUTL. Continuing.
      48.0  1.00000000  0.00000007i: elastic S-matrix  @@      0.02  0   0 F  0
 Reaction Xsec    48.0+/48 @ 1 =   1.056#, Out:   0.000#7798.042 ********f


 Total SPIN, PARITY =    49.0 -,      5 chs,      0 cc.  Rmin & Coul turning =    7.4   16.4
   S-matrix    1 =    1.00000   0.00000 for L=   49, J=   49.0 channel on core I =   0.0 from L=   49,  Acc. loss =  0.0 D.
 Elastic phase shift   1 =    0.000   0.000 deg. for the L =   49, J =   49.0 channel.
0****** WARNING : ACCURACY LOSS IN ERWIN = 14.7 DIGITS, SO EXPECT ERRORS OF 138.9782 % OF UNITARITY

   523070217574366.38        2086340375190763.5        2.2204460492503131E-016
 Increase lower cutoff: eg CUTL. Continuing.
      49.0  1.00000000  0.00000004i: elastic S-matrix  @@      0.02  0   0 F  0
 Reaction Xsec    49.0-/49 @ 1 =   0.601#, Out:   0.000#******** ********f


 Total SPIN, PARITY =    50.0 +,      5 chs,      0 cc.  Rmin & Coul turning =    7.5   16.8
   S-matrix    1 =    1.00000   0.00000 for L=   50, J=   50.0 channel on core I =   0.0 from L=   50,  Acc. loss =  0.0 D.
 Elastic phase shift   1 =    0.000   0.000 deg. for the L =   50, J =   50.0 channel.
0****** WARNING : ACCURACY LOSS IN ERWIN = 14.4 DIGITS, SO EXPECT ERRORS OF  97.2235 % OF UNITARITY

   239774402024439.81        1459519652648530.5        2.2204460492503131E-016
 Increase lower cutoff: eg CUTL. Continuing.
      50.0  1.00000000  0.00000004i: elastic S-matrix  @@      0.00  0   0 F  0
 Reaction Xsec    50.0+/50 @ 1 =   0.342#, Out:   0.000#******** ********f


 Total SPIN, PARITY =    51.0 -,      5 chs,      0 cc.  Rmin & Coul turning =    7.7   17.1
   S-matrix    1 =    1.00000   0.00000 for L=   51, J=   51.0 channel on core I =   0.0 from L=   51,  Acc. loss =  0.0 D.
 Elastic phase shift   1 =    0.000   0.000 deg. for the L =   51, J =   51.0 channel.
0****** WARNING : ACCURACY LOSS IN ERWIN = 15.1 DIGITS, SO EXPECT ERRORS OF  13.6651 % OF UNITARITY

   1389864457137411.0        205140538372286.41        2.2204460492503131E-016
 Increase lower cutoff: eg CUTL. Continuing.
      51.0  1.00000000  0.00000005i: elastic S-matrix  @@      0.02  0   0 F  0
 Reaction Xsec    51.0-/51 @ 1 =   0.194#, Out:   0.000# 810.842 -810.842f


 Total SPIN, PARITY =    52.0 +,      5 chs,      0 cc.  Rmin & Coul turning =    7.8   17.4
   S-matrix    1 =    1.00000   0.00000 for L=   52, J=   52.0 channel on core I =   0.0 from L=   52,  Acc. loss =  0.0 D.
 Elastic phase shift   1 =    0.000   0.000 deg. for the L =   52, J =   52.0 channel.
0****** WARNING : ACCURACY LOSS IN ERWIN = 14.8 DIGITS, SO EXPECT ERRORS OF 176.0537 % OF UNITARITY

   625583390784089.75        2642918114017223.5        2.2204460492503131E-016
 Increase lower cutoff: eg CUTL. Continuing.
      52.0  1.00000000  0.00000002i: elastic S-matrix  @@      0.02  0   0 F  0
 Reaction Xsec    52.0+/52 @ 1 =   0.110#, Out:   0.000#******** ********f


 Total SPIN, PARITY =    53.0 -,      5 chs,      0 cc.  Rmin & Coul turning =    8.0   17.8
   S-matrix    1 =    1.00000   0.00000 for L=   53, J=   53.0 channel on core I =   0.0 from L=   53,  Acc. loss =  0.0 D.
 Elastic phase shift   1 =    0.000   0.000 deg. for the L =   53, J =   53.0 channel.
0****** WARNING : ACCURACY LOSS IN ERWIN = 14.8 DIGITS, SO EXPECT ERRORS OF 117.0668 % OF UNITARITY

   618445416543066.75        1757405960521461.0        2.2204460492503131E-016
 Increase lower cutoff: eg CUTL. Continuing.
      53.0  1.00000000  0.00000002i: elastic S-matrix  @@      0.02  0   0 F  0
 Reaction Xsec    53.0-/53 @ 1 =   0.063#, Out:   0.000#******** ********f


 Total SPIN, PARITY =    54.0 +,      5 chs,      0 cc.  Rmin & Coul turning =    8.1   18.1
   S-matrix    1 =    1.00000   0.00000 for L=   54, J=   54.0 channel on core I =   0.0 from L=   54,  Acc. loss =  0.0 D.
 Elastic phase shift   1 =    0.000   0.000 deg. for the L =   54, J =   54.0 channel.
0****** WARNING : ACCURACY LOSS IN ERWIN = 17.5 DIGITS, SO EXPECT ERRORS OF2752.9891 % OF UNITARITY

   3.3139847777310650E+017   41327869008409432.        2.2204460492503131E-016
 Increase lower cutoff: eg CUTL. Continuing.
      54.0  1.00000000  0.00000004i: elastic S-matrix  @@      0.00  0   0 F  0
 Reaction Xsec    54.0+/54 @ 1 =   0.036#, Out:   0.000#******** ********f


 Total SPIN, PARITY =    55.0 -,      5 chs,      0 cc.  Rmin & Coul turning =    8.2   18.4
   S-matrix    1 =    1.00000   0.00000 for L=   55, J=   55.0 channel on core I =   0.0 from L=   55,  Acc. loss =  0.0 D.
 Elastic phase shift   1 =    0.000   0.000 deg. for the L =   55, J =   55.0 channel.
0****** WARNING : ACCURACY LOSS IN ERWIN = 14.5 DIGITS, SO EXPECT ERRORS OF3364.0448 % OF UNITARITY

   282126932816298.00        50501035659686568.        2.2204460492503131E-016
 Increase lower cutoff: eg CUTL. Continuing.
      55.0  1.00000000  0.00000002i: elastic S-matrix  @@      0.02  0   0 F  0
 Reaction Xsec    55.0-/55 @ 1 =   0.020#, Out:   0.000#******** ********f


 Total SPIN, PARITY =    56.0 +,      5 chs,      0 cc.  Rmin & Coul turning =    8.4   18.8
   S-matrix    1 =    1.00000  -0.00000 for L=   56, J=   56.0 channel on core I =   0.0 from L=   56,  Acc. loss =  0.0 D.
 Elastic phase shift   1 =   -0.000   0.000 deg. for the L =   56, J =   56.0 channel.
0****** WARNING : ACCURACY LOSS IN ERWIN = 14.9 DIGITS, SO EXPECT ERRORS OF********* % OF UNITARITY

   780836292319117.50        3.3250282239619187E+017   2.2204460492503131E-016
 Increase lower cutoff: eg CUTL. Continuing.
      56.0  1.00000000 -0.00000000i: elastic S-matrix  @@      0.02  0   0 F  0
 Reaction Xsec    56.0+/56 @ 1 =   0.011#, Out:   0.000#******** ********f


 Total SPIN, PARITY =    57.0 -,      5 chs,      0 cc.  Rmin & Coul turning =    8.6   19.1
   S-matrix    1 =    1.00000   0.00000 for L=   57, J=   57.0 channel on core I =   0.0 from L=   57,  Acc. loss =  0.0 D.
 Elastic phase shift   1 =    0.000   0.000 deg. for the L =   57, J =   57.0 channel.
0****** WARNING : ACCURACY LOSS IN ERWIN = 17.7 DIGITS, SO EXPECT ERRORS OF5649.7362 % OF UNITARITY

   5.4219554064203430E+017   84813832796217552.        2.2204460492503131E-016
 Increase lower cutoff: eg CUTL. Continuing.
      57.0  1.00000000  0.00000002i: elastic S-matrix  @@      0.00  0   0 F  0
 Reaction Xsec    57.0-/57 @ 1 =   0.006#, Out:   0.000#******** ********f


 Total SPIN, PARITY =    58.0 +,      5 chs,      0 cc.  Rmin & Coul turning =    8.7   19.4
   S-matrix    1 =    1.00000   0.00000 for L=   58, J=   58.0 channel on core I =   0.0 from L=   58,  Acc. loss =  0.0 D.
 Elastic phase shift   1 =    0.000   0.000 deg. for the L =   58, J =   58.0 channel.
0****** WARNING : ACCURACY LOSS IN ERWIN = 15.0 DIGITS, SO EXPECT ERRORS OF1446.0415 % OF UNITARITY

   956951708443778.50        21707973523262436.        2.2204460492503131E-016
 Increase lower cutoff: eg CUTL. Continuing.
      58.0  1.00000000  0.00000002i: elastic S-matrix  @@      0.02  0   0 F  0
 Reaction Xsec    58.0+/58 @ 1 =   0.004#, Out:   0.000#******** ********f


 Total SPIN, PARITY =    59.0 -,      5 chs,      0 cc.  Rmin & Coul turning =    8.8   19.8
   S-matrix    1 =    1.00000  -0.00000 for L=   59, J=   59.0 channel on core I =   0.0 from L=   59,  Acc. loss =  0.0 D.
 Elastic phase shift   1 =   -0.000   0.000 deg. for the L =   59, J =   59.0 channel.
0****** WARNING : ACCURACY LOSS IN ERWIN = 15.0 DIGITS, SO EXPECT ERRORS OF4965.5650 % OF UNITARITY

   958064732721467.25        74543055718049648.        2.2204460492503131E-016
 Increase lower cutoff: eg CUTL. Continuing.
      59.0  1.00000000 -0.00000001i: elastic S-matrix  @@      0.00  0   0 F  0
 Reaction Xsec    59.0-/59 @ 1 =   0.002#, Out:   0.000#******** ********f


 Total SPIN, PARITY =    60.0 +,      5 chs,      0 cc.  Rmin & Coul turning =    9.0   20.1
   S-matrix    1 =    1.00000  -0.00000 for L=   60, J=   60.0 channel on core I =   0.0 from L=   60,  Acc. loss =  0.0 D.
 Elastic phase shift   1 =   -0.000   0.000 deg. for the L =   60, J =   60.0 channel.
0****** WARNING : ACCURACY LOSS IN ERWIN = 15.2 DIGITS, SO EXPECT ERRORS OF********* % OF UNITARITY

   1412812585983489.8        1.9249572812894186E+017   2.2204460492503131E-016
 Increase lower cutoff: eg CUTL. Continuing.
      60.0  1.00000000 -0.00000001i: elastic S-matrix  @@      0.02  0   0 F  0
 Reaction Xsec    60.0+/60 @ 1 =   0.001#, Out:   0.000#******** ********f


 Total SPIN, PARITY =    61.0 -,      5 chs,      0 cc.  Rmin & Coul turning =    9.2   20.4
   S-matrix    1 =    1.00000   0.00000 for L=   61, J=   61.0 channel on core I =   0.0 from L=   61,  Acc. loss =  0.0 D.
 Elastic phase shift   1 =    0.000   0.000 deg. for the L =   61, J =   61.0 channel.
0****** WARNING : ACCURACY LOSS IN ERWIN = 15.6 DIGITS, SO EXPECT ERRORS OF********* % OF UNITARITY

   3901581376146035.5        5.4078724552607494E+017   2.2204460492503131E-016
 Increase lower cutoff: eg CUTL. Continuing.
      61.0  1.00000000  0.00000001i: elastic S-matrix  @@      0.02  0   0 F  0
 Reaction Xsec    61.0-/61 @ 1 =   0.001#, Out:   0.000#******** ********f


 Total SPIN, PARITY =    62.0 +,      5 chs,      0 cc.  Rmin & Coul turning =    9.3   20.8
   S-matrix    1 =    1.00000   0.00000 for L=   62, J=   62.0 channel on core I =   0.0 from L=   62,  Acc. loss =  0.0 D.
 Elastic phase shift   1 =    0.000   0.000 deg. for the L =   62, J =   62.0 channel.
0****** WARNING : ACCURACY LOSS IN ERWIN = 15.5 DIGITS, SO EXPECT ERRORS OF********* % OF UNITARITY

   2889886658492771.0        1.7198873518476221E+017   2.2204460492503131E-016
 Increase lower cutoff: eg CUTL. Continuing.
      62.0  1.00000000  0.00000001i: elastic S-matrix  @@      0.00  0   0 F  0
 Reaction Xsec    62.0+/62 @ 1 =   0.000#, Out:   0.000#******** ********f


 Total SPIN, PARITY =    63.0 -,      5 chs,      0 cc.  Rmin & Coul turning =    9.5   21.1
   S-matrix    1 =    1.00000  -0.00000 for L=   63, J=   63.0 channel on core I =   0.0 from L=   63,  Acc. loss =  0.0 D.
 Elastic phase shift   1 =   -0.000   0.000 deg. for the L =   63, J =   63.0 channel.
0****** WARNING : ACCURACY LOSS IN ERWIN = 15.3 DIGITS, SO EXPECT ERRORS OF5660.4842 % OF UNITARITY

   1819134753889103.5        84975182529792544.        2.2204460492503131E-016
 Increase lower cutoff: eg CUTL. Continuing.
      63.0  1.00000000 -0.00000002i: elastic S-matrix  @@      0.02  0   0 F  0
 Reaction Xsec    63.0-/63 @ 1 =   0.000#, Out:   0.000#******** ********f


 Total SPIN, PARITY =    64.0 +,      5 chs,      0 cc.  Rmin & Coul turning =    9.6   21.4
   S-matrix    1 =    1.00000  -0.00000 for L=   64, J=   64.0 channel on core I =   0.0 from L=   64,  Acc. loss =  0.0 D.
 Elastic phase shift   1 =   -0.000   0.000 deg. for the L =   64, J =   64.0 channel.
0****** WARNING : ACCURACY LOSS IN ERWIN = 20.0 DIGITS, SO EXPECT ERRORS OF7417.8918 % OF UNITARITY

   9.3329798308258382E+019   1.1135738254268096E+017   2.2204460492503131E-016
 Increase lower cutoff: eg CUTL. Continuing.
      64.0  1.00000000 -0.00000002i: elastic S-matrix  @@      0.00  0   0 F  0
 Reaction Xsec    64.0+/64 @ 1 =   0.000#, Out:   0.000#******** ********f


 Total SPIN, PARITY =    65.0 -,      5 chs,      0 cc.  Rmin & Coul turning =    9.8   21.8
   S-matrix    1 =    1.00000  -0.00000 for L=   65, J=   65.0 channel on core I =   0.0 from L=   65,  Acc. loss =  0.0 D.
 Elastic phase shift   1 =   -0.000   0.000 deg. for the L =   65, J =   65.0 channel.
0****** WARNING : ACCURACY LOSS IN ERWIN = 15.5 DIGITS, SO EXPECT ERRORS OF2626.7748 % OF UNITARITY

   2912470615119902.5        39433139756889072.        2.2204460492503131E-016
 Increase lower cutoff: eg CUTL. Continuing.
      65.0  1.00000000 -0.00000000i: elastic S-matrix  @@      0.02  0   0 F  0
 Reaction Xsec    65.0-/65 @ 1 =   0.000#, Out:   0.000#******** ********f


 Total SPIN, PARITY =    66.0 +,      5 chs,      0 cc.  Rmin & Coul turning =    9.9   22.1
   S-matrix    1 =    1.00000  -0.00000 for L=   66, J=   66.0 channel on core I =   0.0 from L=   66,  Acc. loss =  0.0 D.
 Elastic phase shift   1 =   -0.000   0.000 deg. for the L =   66, J =   66.0 channel.
0****** WARNING : ACCURACY LOSS IN ERWIN = 15.6 DIGITS, SO EXPECT ERRORS OF3481.6448 % OF UNITARITY

   4435607705748762.0        52266447056523216.        2.2204460492503131E-016
 Increase lower cutoff: eg CUTL. Continuing.
      66.0  1.00000000 -0.00000000i: elastic S-matrix  @@      0.00  0   0 F  0
 Reaction Xsec    66.0+/66 @ 1 =   0.000#, Out:   0.000#******** ********f


 Total SPIN, PARITY =    67.0 -,      5 chs,      0 cc.  Rmin & Coul turning =   10.1   22.4
   S-matrix    1 =    1.00000  -0.00000 for L=   67, J=   67.0 channel on core I =   0.0 from L=   67,  Acc. loss =  0.0 D.
 Elastic phase shift   1 =   -0.000   0.000 deg. for the L =   67, J =   67.0 channel.
0****** WARNING : ACCURACY LOSS IN ERWIN = 20.5 DIGITS, SO EXPECT ERRORS OF1528.8277 % OF UNITARITY

   3.5309584242774770E+020   22950759468686376.        2.2204460492503131E-016
 Increase lower cutoff: eg CUTL. Continuing.
      67.0  1.00000000 -0.00000003i: elastic S-matrix  @@      0.02  0   0 F  0
 Reaction Xsec    67.0-/67 @ 1 =   0.000#, Out:   0.000#******** ********f


 Total SPIN, PARITY =    68.0 +,      5 chs,      0 cc.  Rmin & Coul turning =   10.2   22.7
   S-matrix    1 =    1.00000  -0.00000 for L=   68, J=   68.0 channel on core I =   0.0 from L=   68,  Acc. loss =  0.0 D.
 Elastic phase shift   1 =   -0.000   0.000 deg. for the L =   68, J =   68.0 channel.
0****** WARNING : ACCURACY LOSS IN ERWIN = 20.5 DIGITS, SO EXPECT ERRORS OF 380.5160 % OF UNITARITY

   2.8779024451163767E+020   5712306353636607.0        2.2204460492503131E-016
 Increase lower cutoff: eg CUTL. Continuing.
      68.0  1.00000000 -0.00000004i: elastic S-matrix  @@      0.00  0   0 F  0
 Reaction Xsec    68.0+/68 @ 1 =   0.000#, Out:   0.000#******** ********f


 Total SPIN, PARITY =    69.0 -,      5 chs,      0 cc.  Rmin & Coul turning =   10.4   23.1
   S-matrix    1 =    1.00000  -0.00000 for L=   69, J=   69.0 channel on core I =   0.0 from L=   69,  Acc. loss =  0.0 D.
 Elastic phase shift   1 =   -0.000   0.000 deg. for the L =   69, J =   69.0 channel.
0****** WARNING : ACCURACY LOSS IN ERWIN = 15.4 DIGITS, SO EXPECT ERRORS OF 421.3123 % OF UNITARITY

   2654310209513039.5        6324739663644254.0        2.2204460492503131E-016
 Increase lower cutoff: eg CUTL. Continuing.
      69.0  1.00000000 -0.00000002i: elastic S-matrix  @@      0.02  0   0 F  0
 Reaction Xsec    69.0-/69 @ 1 =   0.000#, Out:   0.000#******** ********f


 Total SPIN, PARITY =    70.0 +,      5 chs,      0 cc.  Rmin & Coul turning =   10.5   23.4
   S-matrix    1 =    1.00000  -0.00000 for L=   70, J=   70.0 channel on core I =   0.0 from L=   70,  Acc. loss =  0.0 D.
 Elastic phase shift   1 =   -0.000   0.000 deg. for the L =   70, J =   70.0 channel.
0****** WARNING : ACCURACY LOSS IN ERWIN = 15.3 DIGITS, SO EXPECT ERRORS OF 176.8901 % OF UNITARITY

   1852156557555422.0        2655473884702493.5        2.2204460492503131E-016
 Increase lower cutoff: eg CUTL. Continuing.
      70.0  1.00000000 -0.00000001i: elastic S-matrix  @@      0.00  0   0 F  0
 Reaction Xsec    70.0+/70 @ 1 =   0.000#, Out:   0.000#5517.159 ********f


 Total SPIN, PARITY =    71.0 -,      5 chs,      0 cc.  Rmin & Coul turning =   10.7   23.7
   S-matrix    1 =    1.00000  -0.00000 for L=   71, J=   71.0 channel on core I =   0.0 from L=   71,  Acc. loss =  0.0 D.
 Elastic phase shift   1 =   -0.000   0.000 deg. for the L =   71, J =   71.0 channel.
0****** WARNING : ACCURACY LOSS IN ERWIN = 22.3 DIGITS, SO EXPECT ERRORS OF 172.3274 % OF UNITARITY

   1.8305946153660422E+022   2586978061484786.0        2.2204460492503131E-016
 Increase lower cutoff: eg CUTL. Continuing.
      71.0  1.00000000 -0.00000003i: elastic S-matrix  @@      0.02  0   0 F  0
 Reaction Xsec    71.0-/71 @ 1 =   0.000#, Out:   0.000#6413.105 ********f


 Total SPIN, PARITY =    72.0 +,      5 chs,      0 cc.  Rmin & Coul turning =   10.8   24.1
   S-matrix    1 =    1.00000  -0.00000 for L=   72, J=   72.0 channel on core I =   0.0 from L=   72,  Acc. loss =  0.0 D.
 Elastic phase shift   1 =   -0.000   0.000 deg. for the L =   72, J =   72.0 channel.
0****** WARNING : ACCURACY LOSS IN ERWIN = 15.5 DIGITS, SO EXPECT ERRORS OF  36.4310 % OF UNITARITY

   3242275956411974.0        546901671795238.12        2.2204460492503131E-016
 Increase lower cutoff: eg CUTL. Continuing.
      72.0  1.00000000 -0.00000005i: elastic S-matrix  @@      0.00  0   0 F  0
 Reaction Xsec    72.0+/72 @ 1 =   0.000#, Out:   0.000# 281.467 -281.467f


 Total SPIN, PARITY =    73.0 -,      5 chs,      0 cc.  Rmin & Coul turning =   11.0   24.4
   S-matrix    1 =    1.00000  -0.00000 for L=   73, J=   73.0 channel on core I =   0.0 from L=   73,  Acc. loss =  0.0 D.
 Elastic phase shift   1 =   -0.000   0.000 deg. for the L =   73, J =   73.0 channel.
0****** WARNING : ACCURACY LOSS IN ERWIN = 21.5 DIGITS, SO EXPECT ERRORS OF  10.3845 % OF UNITARITY

   2.9910512894417840E+021   155892321160523.69        2.2204460492503131E-016
 Increase lower cutoff: eg CUTL. Continuing.
      73.0  1.00000000 -0.00000005i: elastic S-matrix  @@      0.02  0   0 F  0
 Reaction Xsec    73.0-/73 @ 1 =   0.000#, Out:   0.000# 144.445 -144.445f


 Total SPIN, PARITY =    74.0 +,      5 chs,      0 cc.  Rmin & Coul turning =   11.1   24.7
   S-matrix    1 =    1.00000  -0.00000 for L=   74, J=   74.0 channel on core I =   0.0 from L=   74,  Acc. loss =  0.0 D.
 Elastic phase shift   1 =   -0.000   0.000 deg. for the L =   74, J =   74.0 channel.
0****** WARNING : ACCURACY LOSS IN ERWIN = 15.5 DIGITS, SO EXPECT ERRORS OF   9.9815 % OF UNITARITY

   3331030647364974.5        149842537747326.34        2.2204460492503131E-016
 Increase lower cutoff: eg CUTL. Continuing.
      74.0  1.00000000 -0.00000003i: elastic S-matrix  @@      0.00  0   0 F  0
 Reaction Xsec    74.0+/74 @ 1 =   0.000#, Out:   0.000#  24.186  -24.186f


 Total SPIN, PARITY =    75.0 -,      5 chs,      0 cc.  Rmin & Coul turning =   11.2   25.1
   S-matrix    1 =    1.00000  -0.00000 for L=   75, J=   75.0 channel on core I =   0.0 from L=   75,  Acc. loss =  0.0 D.
 Elastic phase shift   1 =   -0.000   0.000 deg. for the L =   75, J =   75.0 channel.
0****** WARNING : ACCURACY LOSS IN ERWIN = 15.9 DIGITS, SO EXPECT ERRORS OF   1.8602 % OF UNITARITY

      75.0  1.00000000 -0.00000002i: elastic S-matrix  @@      0.02  0   0 F  0
 Reaction Xsec    75.0-/75 @ 1 =   0.000#, Out:   0.000#   0.948   -0.948f


 Total SPIN, PARITY =    76.0 +,      5 chs,      0 cc.  Rmin & Coul turning =   11.4   25.4
   S-matrix    1 =    1.00000  -0.00000 for L=   76, J=   76.0 channel on core I =   0.0 from L=   76,  Acc. loss =  0.0 D.
 Elastic phase shift   1 =   -0.000   0.000 deg. for the L =   76, J =   76.0 channel.
0****** WARNING : ACCURACY LOSS IN ERWIN = 15.5 DIGITS, SO EXPECT ERRORS OF   2.0291 % OF UNITARITY

      76.0  1.00000000 -0.00000003i: elastic S-matrix  @@      0.00  0   0 F  0
 Reaction Xsec    76.0+/76 @ 1 =   0.000#, Out:   0.000#   0.381   -0.381f


 Total SPIN, PARITY =    77.0 -,      5 chs,      0 cc.  Rmin & Coul turning =   11.6   25.7
   S-matrix    1 =    1.00000  -0.00000 for L=   77, J=   77.0 channel on core I =   0.0 from L=   77,  Acc. loss =  0.0 D.
 Elastic phase shift   1 =   -0.000  -0.000 deg. for the L =   77, J =   77.0 channel.
0****** WARNING : ACCURACY LOSS IN ERWIN = 22.5 DIGITS, SO EXPECT ERRORS OF   0.3913 % OF UNITARITY

      77.0  1.00000000 -0.00000005i: elastic S-matrix  @@      0.02  0   0 F  0
 Reaction Xsec    77.0-/77 @ 1 =  -0.000#, Out:   0.000#   0.191   -0.191f


 Total SPIN, PARITY =    78.0 +,      5 chs,      0 cc.  Rmin & Coul turning =   11.7   26.1
   S-matrix    1 =    1.00000  -0.00000 for L=   78, J=   78.0 channel on core I =   0.0 from L=   78,  Acc. loss =  0.0 D.
 Elastic phase shift   1 =   -0.000   0.000 deg. for the L =   78, J =   78.0 channel.
0****** WARNING : ACCURACY LOSS IN ERWIN = 15.9 DIGITS, SO EXPECT ERRORS OF   0.0728 % OF UNITARITY

      78.0  1.00000000 -0.00000006i: elastic S-matrix  @@      0.02  0   0 F  0
 Reaction Xsec    78.0+/78 @ 1 =   0.000#, Out:   0.000#   0.717/  -0.001f


 Total SPIN, PARITY =    79.0 -,      5 chs,      0 cc.  Rmin & Coul turning =   11.9   26.4
   S-matrix    1 =    1.00000  -0.00000 for L=   79, J=   79.0 channel on core I =   0.0 from L=   79,  Acc. loss =  0.0 D.
 Elastic phase shift   1 =   -0.000  -0.000 deg. for the L =   79, J =   79.0 channel.
0****** WARNING : ACCURACY LOSS IN ERWIN = 21.5 DIGITS, SO EXPECT ERRORS OF   0.0482 % OF UNITARITY

      79.0  1.00000000 -0.00000005i: elastic S-matrix  @@      0.00  0   0 F  0
 Reaction Xsec    79.0-/79 @ 1 =  -0.000#, Out:   0.000#   1.589/  -0.002f


 Total SPIN, PARITY =    80.0 +,      5 chs,      0 cc.  Rmin & Coul turning =   12.0   26.7
   S-matrix    1 =    1.00000  -0.00000 for L=   80, J=   80.0 channel on core I =   0.0 from L=   80,  Acc. loss =  0.0 D.
 Elastic phase shift   1 =   -0.000   0.000 deg. for the L =   80, J =   80.0 channel.
0****** WARNING : ACCURACY LOSS IN ERWIN = 15.9 DIGITS, SO EXPECT ERRORS OF   0.0156 % OF UNITARITY

      80.0  1.00000000 -0.00000003i: elastic S-matrix  @@      0.00  0   0 F  0
 Reaction Xsec    80.0+/80 @ 1 =   0.000#, Out:   0.000#   0.018/  -0.000f

 Finished all CC sets @    1.09375000    
0CUMULATIVE REACTION cross section                 = 1027.33061  <L> =    11.52  <L**2> =    152.2
0CUMULATIVE outgoing cross sections in partition 1 :    0.00000
0CUMULATIVE outgoing cross sections in partition 2 :***********
0Cumulative ABSORBTION by Imaginary Potentials     =***********  <L> =    58.40  <L**2> =   3419.6
   Fusion for specific 4He      M-states :************
0CUMULATIVE OUTGOING cross section                 =***********
 To convert to S-factors (MeV.mb = keV.b),  multiply by  1.6871E+02


 CROSS SECTIONS FOR OUTGOING 4He      & 4He      in state #   1 with spins & parities 0.0  + &  0.0  +;  0

     0.01 deg.: X-S =   3.9614E+13 mb/sr,
+                                         /R =   9.9995E-01
     1.00 deg.: X-S =   3.1825E+05 mb/sr,
+                                         /R =   8.0329E-01
     2.00 deg.: X-S =   3.2292E+04 mb/sr,
+                                         /R =   1.3040E+00
     3.00 deg.: X-S =   2.1988E+04 mb/sr,
+                                         /R =   4.4938E+00
     4.00 deg.: X-S =   1.8137E+04 mb/sr,
+                                         /R =   1.1711E+01
     5.00 deg.: X-S =   1.4109E+04 mb/sr,
+                                         /R =   2.2231E+01
     6.00 deg.: X-S =   1.0089E+04 mb/sr,
+                                         /R =   3.2945E+01
     7.00 deg.: X-S =  6539.282703 mb/sr,
+                                         /R =   3.9534E+01
     8.00 deg.: X-S =  3752.327739 mb/sr,
+                                         /R =   3.8671E+01
     9.00 deg.: X-S =  1826.516806 mb/sr,
+                                         /R =   3.0126E+01
    10.00 deg.: X-S =   700.715060 mb/sr,
+                                         /R =   1.7598E+01
    11.00 deg.: X-S =   208.610005 mb/sr,
+                                         /R =   7.6625E+00
    12.00 deg.: X-S =   137.953509 mb/sr,
+                                         /R =   7.1683E+00
    13.00 deg.: X-S =   282.747796 mb/sr,
+                                         /R =   2.0211E+01
    14.00 deg.: X-S =   479.760563 mb/sr,
+                                         /R =   4.6062E+01
    15.00 deg.: X-S =   625.790512 mb/sr,
+                                         /R =   7.9061E+01
    16.00 deg.: X-S =   677.163452 mb/sr,
+                                         /R =   1.1058E+02
    17.00 deg.: X-S =   636.596725 mb/sr,
+                                         /R =   1.3226E+02
    18.00 deg.: X-S =   534.133384 mb/sr,
+                                         /R =   1.3923E+02
    19.00 deg.: X-S =   408.380524 mb/sr,
+                                         /R =   1.3190E+02
    20.00 deg.: X-S =   292.404218 mb/sr,
+                                         /R =   1.1572E+02
    21.00 deg.: X-S =   206.189684 mb/sr,
+                                         /R =   9.8979E+01
    22.00 deg.: X-S =   155.354142 mb/sr,
+                                         /R =   8.9632E+01
    23.00 deg.: X-S =   134.315164 mb/sr,
+                                         /R =   9.2361E+01
    24.00 deg.: X-S =   131.545361 mb/sr,
+                                         /R =   1.0699E+02
    25.00 deg.: X-S =   134.767171 mb/sr,
+                                         /R =   1.2873E+02
    26.00 deg.: X-S =   134.661281 mb/sr,
+                                         /R =   1.5009E+02
    27.00 deg.: X-S =   126.534639 mb/sr,
+                                         /R =   1.6357E+02
    28.00 deg.: X-S =   110.138029 mb/sr,
+                                         /R =   1.6420E+02
    29.00 deg.: X-S =    88.278201 mb/sr,
+                                         /R =   1.5101E+02
    30.00 deg.: X-S =    65.001644 mb/sr,
+                                         /R =   1.2696E+02
    31.00 deg.: X-S =    44.001173 mb/sr,
+                                         /R =   9.7679E+01
    32.00 deg.: X-S =    27.628497 mb/sr,
+                                         /R =   6.9415E+01
    33.00 deg.: X-S =    16.604708 mb/sr,
+                                         /R =   4.7026E+01
    34.00 deg.: X-S =    10.294070 mb/sr,
+                                         /R =   3.2739E+01
    35.00 deg.: X-S =     7.287580 mb/sr,
+                                         /R =   2.5935E+01
    36.00 deg.: X-S =     6.031954 mb/sr,
+                                         /R =   2.3940E+01
    37.00 deg.: X-S =     5.306919 mb/sr,
+                                         /R =   2.3415E+01
    38.00 deg.: X-S =     4.456425 mb/sr,
+                                         /R =   2.1792E+01
    39.00 deg.: X-S =     3.378507 mb/sr,
+                                         /R =   1.8258E+01
    40.00 deg.: X-S =     2.347361 mb/sr,
+                                         /R =   1.3981E+01
    41.00 deg.: X-S =     1.769343 mb/sr,
+                                         /R =   1.1584E+01
    42.00 deg.: X-S =     1.965791 mb/sr,
+                                         /R =   1.4112E+01
    43.00 deg.: X-S =     3.042615 mb/sr,
+                                         /R =   2.3894E+01
    44.00 deg.: X-S =     4.865435 mb/sr,
+                                         /R =   4.1703E+01
    45.00 deg.: X-S =     7.123018 mb/sr,
+                                         /R =   6.6491E+01
    46.00 deg.: X-S =     9.439572 mb/sr,
+                                         /R =   9.5765E+01
    47.00 deg.: X-S =    11.490858 mb/sr,
+                                         /R =   1.2644E+02
    48.00 deg.: X-S =    13.087443 mb/sr,
+                                         /R =   1.5590E+02
    49.00 deg.: X-S =    14.205299 mb/sr,
+                                         /R =   1.8285E+02
    50.00 deg.: X-S =    14.963033 mb/sr,
+                                         /R =   2.0776E+02
    51.00 deg.: X-S =    15.560646 mb/sr,
+                                         /R =   2.3265E+02
    52.00 deg.: X-S =    16.203415 mb/sr,
+                                         /R =   2.6045E+02
    53.00 deg.: X-S =    17.035046 mb/sr,
+                                         /R =   2.9390E+02
    54.00 deg.: X-S =    18.098233 mb/sr,
+                                         /R =   3.3463E+02
    55.00 deg.: X-S =    19.330554 mb/sr,
+                                         /R =   3.8248E+02
    56.00 deg.: X-S =    20.592600 mb/sr,
+                                         /R =   4.3540E+02
    57.00 deg.: X-S =    21.716408 mb/sr,
+                                         /R =   4.8999E+02
    58.00 deg.: X-S =    22.557902 mb/sr,
+                                         /R =   5.4241E+02
    59.00 deg.: X-S =    23.037644 mb/sr,
+                                         /R =   5.8957E+02
    60.00 deg.: X-S =    23.159056 mb/sr,
+                                         /R =   6.3001E+02
    61.00 deg.: X-S =    23.000744 mb/sr,
+                                         /R =   6.6429E+02
    62.00 deg.: X-S =    22.687446 mb/sr,
+                                         /R =   6.9484E+02
    63.00 deg.: X-S =    22.349987 mb/sr,
+                                         /R =   7.2504E+02
    64.00 deg.: X-S =    22.086964 mb/sr,
+                                         /R =   7.5809E+02
    65.00 deg.: X-S =    21.939459 mb/sr,
+                                         /R =   7.9586E+02
    66.00 deg.: X-S =    21.885455 mb/sr,
+                                         /R =   8.3817E+02
    67.00 deg.: X-S =    21.854268 mb/sr,
+                                         /R =   8.8275E+02
    68.00 deg.: X-S =    21.755160 mb/sr,
+                                         /R =   9.2587E+02
    69.00 deg.: X-S =    21.510285 mb/sr,
+                                         /R =   9.6361E+02
    70.00 deg.: X-S =    21.081424 mb/sr,
+                                         /R =   9.9314E+02
    71.00 deg.: X-S =    20.482388 mb/sr,
+                                         /R =   1.0138E+03
    72.00 deg.: X-S =    19.773797 mb/sr,
+                                         /R =   1.0273E+03
    73.00 deg.: X-S =    19.042687 mb/sr,
+                                         /R =   1.0376E+03
    74.00 deg.: X-S =    18.374149 mb/sr,
+                                         /R =   1.0491E+03
    75.00 deg.: X-S =    17.824507 mb/sr,
+                                         /R =   1.0655E+03
    76.00 deg.: X-S =    17.404669 mb/sr,
+                                         /R =   1.0884E+03
    77.00 deg.: X-S =    17.078818 mb/sr,
+                                         /R =   1.1163E+03
    78.00 deg.: X-S =    16.778531 mb/sr,
+                                         /R =   1.1455E+03
    79.00 deg.: X-S =    16.427402 mb/sr,
+                                         /R =   1.1705E+03
    80.00 deg.: X-S =    15.967841 mb/sr,
+                                         /R =   1.1865E+03
    81.00 deg.: X-S =    15.381173 mb/sr,
+                                         /R =   1.1910E+03
    82.00 deg.: X-S =    14.694448 mb/sr,
+                                         /R =   1.1849E+03
    83.00 deg.: X-S =    13.971816 mb/sr,
+                                         /R =   1.1723E+03
    84.00 deg.: X-S =    13.293351 mb/sr,
+                                         /R =   1.1599E+03
    85.00 deg.: X-S =    12.728362 mb/sr,
+                                         /R =   1.1541E+03
    86.00 deg.: X-S =    12.312010 mb/sr,
+                                         /R =   1.1593E+03
    87.00 deg.: X-S =    12.033057 mb/sr,
+                                         /R =   1.1759E+03
    88.00 deg.: X-S =    11.836856 mb/sr,
+                                         /R =   1.1997E+03
    89.00 deg.: X-S =    11.642762 mb/sr,
+                                         /R =   1.2231E+03
    90.00 deg.: X-S =    11.370388 mb/sr,
+                                         /R =   1.2373E+03
    91.00 deg.: X-S =    10.966204 mb/sr,
+                                         /R =   1.2353E+03
    92.00 deg.: X-S =    10.421796 mb/sr,
+                                         /R =   1.2146E+03
    93.00 deg.: X-S =     9.777699 mb/sr,
+                                         /R =   1.1782E+03
    94.00 deg.: X-S =     9.111351 mb/sr,
+                                         /R =   1.1346E+03
    95.00 deg.: X-S =     8.512876 mb/sr,
+                                         /R =   1.0948E+03
    96.00 deg.: X-S =     8.056405 mb/sr,
+                                         /R =   1.0695E+03
    97.00 deg.: X-S =     7.776134 mb/sr,
+                                         /R =   1.0650E+03
    98.00 deg.: X-S =     7.654909 mb/sr,
+                                         /R =   1.0809E+03
    99.00 deg.: X-S =     7.629158 mb/sr,
+                                         /R =   1.1102E+03
   100.00 deg.: X-S =     7.608764 mb/sr,
+                                         /R =   1.1404E+03
   101.00 deg.: X-S =     7.505643 mb/sr,
+                                         /R =   1.1581E+03
   102.00 deg.: X-S =     7.261899 mb/sr,
+                                         /R =   1.1529E+03
   103.00 deg.: X-S =     6.868493 mb/sr,
+                                         /R =   1.1215E+03
   104.00 deg.: X-S =     6.368317 mb/sr,
+                                         /R =   1.0688E+03
   105.00 deg.: X-S =     5.842556 mb/sr,
+                                         /R =   1.0074E+03
   106.00 deg.: X-S =     5.384581 mb/sr,
+                                         /R =   9.5343E+02
   107.00 deg.: X-S =     5.069682 mb/sr,
+                                         /R =   9.2138E+02
   108.00 deg.: X-S =     4.930373 mb/sr,
+                                         /R =   9.1929E+02
   109.00 deg.: X-S =     4.945296 mb/sr,
+                                         /R =   9.4554E+02
   110.00 deg.: X-S =     5.045465 mb/sr,
+                                         /R =   9.8879E+02
   111.00 deg.: X-S =     5.136010 mb/sr,
+                                         /R =   1.0312E+03
   112.00 deg.: X-S =     5.126554 mb/sr,
+                                         /R =   1.0541E+03
   113.00 deg.: X-S =     4.960486 mb/sr,
+                                         /R =   1.0440E+03
   114.00 deg.: X-S =     4.633645 mb/sr,
+                                         /R =   9.9777E+02
   115.00 deg.: X-S =     4.196232 mb/sr,
+                                         /R =   9.2410E+02
   116.00 deg.: X-S =     3.737124 mb/sr,
+                                         /R =   8.4132E+02
   117.00 deg.: X-S =     3.355456 mb/sr,
+                                         /R =   7.7189E+02
   118.00 deg.: X-S =     3.128508 mb/sr,
+                                         /R =   7.3509E+02
   119.00 deg.: X-S =     3.086277 mb/sr,
+                                         /R =   7.4039E+02
   120.00 deg.: X-S =     3.201079 mb/sr,
+                                         /R =   7.8372E+02
   121.00 deg.: X-S =     3.395769 mb/sr,
+                                         /R =   8.4814E+02
   122.00 deg.: X-S =     3.568199 mb/sr,
+                                         /R =   9.0880E+02
   123.00 deg.: X-S =     3.624187 mb/sr,
+                                         /R =   9.4091E+02
   124.00 deg.: X-S =     3.508402 mb/sr,
+                                         /R =   9.2809E+02
   125.00 deg.: X-S =     3.223058 mb/sr,
+                                         /R =   8.6841E+02
   126.00 deg.: X-S =     2.828096 mb/sr,
+                                         /R =   7.7582E+02
   127.00 deg.: X-S =     2.422458 mb/sr,
+                                         /R =   6.7634E+02
   128.00 deg.: X-S =     2.112187 mb/sr,
+                                         /R =   5.9995E+02
   129.00 deg.: X-S =     1.975532 mb/sr,
+                                         /R =   5.7066E+02
   130.00 deg.: X-S =     2.036409 mb/sr,
+                                         /R =   5.9801E+02
   131.00 deg.: X-S =     2.255104 mb/sr,
+                                         /R =   6.7298E+02
   132.00 deg.: X-S =     2.539673 mb/sr,
+                                         /R =   7.6991E+02
   133.00 deg.: X-S =     2.774834 mb/sr,
+                                         /R =   8.5422E+02
   134.00 deg.: X-S =     2.859325 mb/sr,
+                                         /R =   8.9353E+02
   135.00 deg.: X-S =     2.739708 mb/sr,
+                                         /R =   8.6878E+02
   136.00 deg.: X-S =     2.429439 mb/sr,
+                                         /R =   7.8147E+02
   137.00 deg.: X-S =     2.006496 mb/sr,
+                                         /R =   6.5448E+02
   138.00 deg.: X-S =     1.589709 mb/sr,
+                                         /R =   5.2561E+02
   139.00 deg.: X-S =     1.300857 mb/sr,
+                                         /R =   4.3584E+02
   140.00 deg.: X-S =     1.224535 mb/sr,
+                                         /R =   4.1558E+02
   141.00 deg.: X-S =     1.378866 mb/sr,
+                                         /R =   4.7386E+02
   142.00 deg.: X-S =     1.707073 mb/sr,
+                                         /R =   5.9385E+02
   143.00 deg.: X-S =     2.093428 mb/sr,
+                                         /R =   7.3693E+02
   144.00 deg.: X-S =     2.399286 mb/sr,
+                                         /R =   8.5438E+02
   145.00 deg.: X-S =     2.508133 mb/sr,
+                                         /R =   9.0317E+02
   146.00 deg.: X-S =     2.365233 mb/sr,
+                                         /R =   8.6100E+02
   147.00 deg.: X-S =     1.998587 mb/sr,
+                                         /R =   7.3521E+02
   148.00 deg.: X-S =     1.513518 mb/sr,
+                                         /R =   5.6247E+02
   149.00 deg.: X-S =     1.061404 mb/sr,
+                                         /R =   3.9835E+02
   150.00 deg.: X-S =     0.791628 mb/sr,
+                                         /R =   2.9994E+02
   151.00 deg.: X-S =     0.801671 mb/sr,
+                                         /R =   3.0655E+02
   152.00 deg.: X-S =     1.101669 mb/sr,
+                                         /R =   4.2502E+02
   153.00 deg.: X-S =     1.605870 mb/sr,
+                                         /R =   6.2486E+02
   154.00 deg.: X-S =     2.155309 mb/sr,
+                                         /R =   8.4557E+02
   155.00 deg.: X-S =     2.566149 mb/sr,
+                                         /R =   1.0147E+03
   156.00 deg.: X-S =     2.689418 mb/sr,
+                                         /R =   1.0716E+03
   157.00 deg.: X-S =     2.463339 mb/sr,
+                                         /R =   9.8864E+02
   158.00 deg.: X-S =     1.940645 mb/sr,
+                                         /R =   7.8429E+02
   159.00 deg.: X-S =     1.280204 mb/sr,
+                                         /R =   5.2082E+02
   160.00 deg.: X-S =     0.703058 mb/sr,
+                                         /R =   2.8783E+02
   161.00 deg.: X-S =     0.424412 mb/sr,
+                                         /R =   1.7480E+02
   162.00 deg.: X-S =     0.581669 mb/sr,
+                                         /R =   2.4093E+02
   163.00 deg.: X-S =     1.181396 mb/sr,
+                                         /R =   4.9198E+02
   164.00 deg.: X-S =     2.083951 mb/sr,
+                                         /R =   8.7225E+02
   165.00 deg.: X-S =     3.034159 mb/sr,
+                                         /R =   1.2760E+03
   166.00 deg.: X-S =     3.732818 mb/sr,
+                                         /R =   1.5768E+03
   167.00 deg.: X-S =     3.930722 mb/sr,
+                                         /R =   1.6673E+03
   168.00 deg.: X-S =     3.518464 mb/sr,
+                                         /R =   1.4981E+03
   169.00 deg.: X-S =     2.584255 mb/sr,
+                                         /R =   1.1042E+03
   170.00 deg.: X-S =     1.419146 mb/sr,
+                                         /R =   6.0834E+02
   171.00 deg.: X-S =     0.462791 mb/sr,
+                                         /R =   1.9896E+02
   172.00 deg.: X-S =     0.199534 mb/sr,
+                                         /R =   8.6005E+01
   173.00 deg.: X-S =     1.029535 mb/sr,
+                                         /R =   4.4478E+02
   174.00 deg.: X-S =     3.148476 mb/sr,
+                                         /R =   1.3629E+03
   175.00 deg.: X-S =     6.469239 mb/sr,
+                                         /R =   2.8051E+03
   176.00 deg.: X-S =    10.609598 mb/sr,
+                                         /R =   4.6066E+03
   177.00 deg.: X-S =    14.953468 mb/sr,
+                                         /R =   6.4996E+03
   178.00 deg.: X-S =    18.774082 mb/sr,
+                                         /R =   8.1665E+03
   179.00 deg.: X-S =    21.390726 mb/sr,
+                                         /R =   9.3090E+03
   179.99 deg.: X-S =    22.320895 mb/sr,
+                                         /R =   9.7153E+03
                                           Integrated********** mb, over [   0.000, 180.000] at   190.0000 MeV 

 CROSS SECTIONS FOR OUTGOING p        & 7Li      in state #   1 with spins & parities 0.5  + &  1.5  -;  0

     0.00 deg.: X-S =   4.5084E+07 mb/sr,
+                                         REAC   1.1223E+09 mb
     1.00 deg.: X-S =   1.2755E+09 mb/sr,
     2.00 deg.: X-S =   2.6731E+09 mb/sr,
     3.00 deg.: X-S =   1.9217E+09 mb/sr,
     4.00 deg.: X-S =   7.1705E+08 mb/sr,
     5.00 deg.: X-S =   6.7032E+08 mb/sr,
     6.00 deg.: X-S =   7.7100E+08 mb/sr,
     7.00 deg.: X-S =   4.6828E+08 mb/sr,
     8.00 deg.: X-S =   4.0181E+08 mb/sr,
     9.00 deg.: X-S =   4.6472E+08 mb/sr,
    10.00 deg.: X-S =   3.3157E+08 mb/sr,
    11.00 deg.: X-S =   2.7945E+08 mb/sr,
    12.00 deg.: X-S =   3.1354E+08 mb/sr,
    13.00 deg.: X-S =   2.3914E+08 mb/sr,
    14.00 deg.: X-S =   1.9992E+08 mb/sr,
    15.00 deg.: X-S =   2.1513E+08 mb/sr,
    16.00 deg.: X-S =   1.6791E+08 mb/sr,
    17.00 deg.: X-S =   1.3988E+08 mb/sr,
    18.00 deg.: X-S =   1.4317E+08 mb/sr,
    19.00 deg.: X-S =   1.1156E+08 mb/sr,
    20.00 deg.: X-S =   9.3176E+07 mb/sr,
    21.00 deg.: X-S =   9.0141E+07 mb/sr,
    22.00 deg.: X-S =   6.9428E+07 mb/sr,
    23.00 deg.: X-S =   5.8678E+07 mb/sr,
    24.00 deg.: X-S =   5.3731E+07 mb/sr,
    25.00 deg.: X-S =   4.1791E+07 mb/sr,
    26.00 deg.: X-S =   3.6182E+07 mb/sr,
    27.00 deg.: X-S =   3.2336E+07 mb/sr,
    28.00 deg.: X-S =   2.7878E+07 mb/sr,
    29.00 deg.: X-S =   2.4816E+07 mb/sr,
    30.00 deg.: X-S =   2.3599E+07 mb/sr,
    31.00 deg.: X-S =   2.5454E+07 mb/sr,
    32.00 deg.: X-S =   2.2731E+07 mb/sr,
    33.00 deg.: X-S =   2.4384E+07 mb/sr,
    34.00 deg.: X-S =   3.1289E+07 mb/sr,
    35.00 deg.: X-S =   2.7452E+07 mb/sr,
    36.00 deg.: X-S =   3.1313E+07 mb/sr,
    37.00 deg.: X-S =   4.1921E+07 mb/sr,
    38.00 deg.: X-S =   3.6412E+07 mb/sr,
    39.00 deg.: X-S =   4.1364E+07 mb/sr,
    40.00 deg.: X-S =   5.4302E+07 mb/sr,
    41.00 deg.: X-S =   4.7386E+07 mb/sr,
    42.00 deg.: X-S =   5.2268E+07 mb/sr,
    43.00 deg.: X-S =   6.6172E+07 mb/sr,
    44.00 deg.: X-S =   5.8705E+07 mb/sr,
    45.00 deg.: X-S =   6.2666E+07 mb/sr,
    46.00 deg.: X-S =   7.6180E+07 mb/sr,
    47.00 deg.: X-S =   6.9304E+07 mb/sr,
    48.00 deg.: X-S =   7.2060E+07 mb/sr,
    49.00 deg.: X-S =   8.3865E+07 mb/sr,
    50.00 deg.: X-S =   7.8649E+07 mb/sr,
    51.00 deg.: X-S =   8.0607E+07 mb/sr,
    52.00 deg.: X-S =   8.9496E+07 mb/sr,
    53.00 deg.: X-S =   8.6607E+07 mb/sr,
    54.00 deg.: X-S =   8.8770E+07 mb/sr,
    55.00 deg.: X-S =   9.3782E+07 mb/sr,
    56.00 deg.: X-S =   9.3222E+07 mb/sr,
    57.00 deg.: X-S =   9.6870E+07 mb/sr,
    58.00 deg.: X-S =   9.7423E+07 mb/sr,
    59.00 deg.: X-S =   9.8446E+07 mb/sr,
    60.00 deg.: X-S =   1.0466E+08 mb/sr,
    61.00 deg.: X-S =   1.0064E+08 mb/sr,
    62.00 deg.: X-S =   1.0189E+08 mb/sr,
    63.00 deg.: X-S =   1.1111E+08 mb/sr,
    64.00 deg.: X-S =   1.0286E+08 mb/sr,
    65.00 deg.: X-S =   1.0279E+08 mb/sr,
    66.00 deg.: X-S =   1.1458E+08 mb/sr,
    67.00 deg.: X-S =   1.0286E+08 mb/sr,
    68.00 deg.: X-S =   1.0019E+08 mb/sr,
    69.00 deg.: X-S =   1.1340E+08 mb/sr,
    70.00 deg.: X-S =   9.9249E+07 mb/sr,
    71.00 deg.: X-S =   9.3476E+07 mb/sr,
    72.00 deg.: X-S =   1.0665E+08 mb/sr,
    73.00 deg.: X-S =   9.1231E+07 mb/sr,
    74.00 deg.: X-S =   8.2832E+07 mb/sr,
    75.00 deg.: X-S =   9.4730E+07 mb/sr,
    76.00 deg.: X-S =   7.9199E+07 mb/sr,
    77.00 deg.: X-S =   6.9510E+07 mb/sr,
    78.00 deg.: X-S =   7.9520E+07 mb/sr,
    79.00 deg.: X-S =   6.4835E+07 mb/sr,
    80.00 deg.: X-S =   5.5670E+07 mb/sr,
    81.00 deg.: X-S =   6.3917E+07 mb/sr,
    82.00 deg.: X-S =   5.0700E+07 mb/sr,
    83.00 deg.: X-S =   4.3856E+07 mb/sr,
    84.00 deg.: X-S =   5.1046E+07 mb/sr,
    85.00 deg.: X-S =   3.9464E+07 mb/sr,
    86.00 deg.: X-S =   3.6284E+07 mb/sr,
    87.00 deg.: X-S =   4.3366E+07 mb/sr,
    88.00 deg.: X-S =   3.3113E+07 mb/sr,
    89.00 deg.: X-S =   3.4219E+07 mb/sr,
    90.00 deg.: X-S =   4.2009E+07 mb/sr,
    91.00 deg.: X-S =   3.2390E+07 mb/sr,
    92.00 deg.: X-S =   3.7629E+07 mb/sr,
    93.00 deg.: X-S =   4.6527E+07 mb/sr,
    94.00 deg.: X-S =   3.6666E+07 mb/sr,
    95.00 deg.: X-S =   4.5254E+07 mb/sr,
    96.00 deg.: X-S =   5.5126E+07 mb/sr,
    97.00 deg.: X-S =   4.4253E+07 mb/sr,
    98.00 deg.: X-S =   5.5023E+07 mb/sr,
    99.00 deg.: X-S =   6.5269E+07 mb/sr,
   100.00 deg.: X-S =   5.2993E+07 mb/sr,
   101.00 deg.: X-S =   6.4664E+07 mb/sr,
   102.00 deg.: X-S =   7.4414E+07 mb/sr,
   103.00 deg.: X-S =   6.0902E+07 mb/sr,
   104.00 deg.: X-S =   7.2266E+07 mb/sr,
   105.00 deg.: X-S =   8.0629E+07 mb/sr,
   106.00 deg.: X-S =   6.6617E+07 mb/sr,
   107.00 deg.: X-S =   7.6638E+07 mb/sr,
   108.00 deg.: X-S =   8.2928E+07 mb/sr,
   109.00 deg.: X-S =   6.9574E+07 mb/sr,
   110.00 deg.: X-S =   7.7434E+07 mb/sr,
   111.00 deg.: X-S =   8.1337E+07 mb/sr,
   112.00 deg.: X-S =   6.9952E+07 mb/sr,
   113.00 deg.: X-S =   7.5112E+07 mb/sr,
   114.00 deg.: X-S =   7.6757E+07 mb/sr,
   115.00 deg.: X-S =   6.8505E+07 mb/sr,
   116.00 deg.: X-S =   7.0791E+07 mb/sr,
   117.00 deg.: X-S =   7.0722E+07 mb/sr,
   118.00 deg.: X-S =   6.6339E+07 mb/sr,
   119.00 deg.: X-S =   6.6017E+07 mb/sr,
   120.00 deg.: X-S =   6.5060E+07 mb/sr,
   121.00 deg.: X-S =   6.4653E+07 mb/sr,
   122.00 deg.: X-S =   6.2416E+07 mb/sr,
   123.00 deg.: X-S =   6.1469E+07 mb/sr,
   124.00 deg.: X-S =   6.4433E+07 mb/sr,
   125.00 deg.: X-S =   6.1255E+07 mb/sr,
   126.00 deg.: X-S =   6.1054E+07 mb/sr,
   127.00 deg.: X-S =   6.6158E+07 mb/sr,
   128.00 deg.: X-S =   6.3035E+07 mb/sr,
   129.00 deg.: X-S =   6.3971E+07 mb/sr,
   130.00 deg.: X-S =   6.9607E+07 mb/sr,
   131.00 deg.: X-S =   6.7269E+07 mb/sr,
   132.00 deg.: X-S =   6.9327E+07 mb/sr,
   133.00 deg.: X-S =   7.3897E+07 mb/sr,
   134.00 deg.: X-S =   7.2590E+07 mb/sr,
   135.00 deg.: X-S =   7.5438E+07 mb/sr,
   136.00 deg.: X-S =   7.7778E+07 mb/sr,
   137.00 deg.: X-S =   7.7199E+07 mb/sr,
   138.00 deg.: X-S =   8.0360E+07 mb/sr,
   139.00 deg.: X-S =   8.0102E+07 mb/sr,
   140.00 deg.: X-S =   7.9513E+07 mb/sr,
   141.00 deg.: X-S =   8.2528E+07 mb/sr,
   142.00 deg.: X-S =   8.0301E+07 mb/sr,
   143.00 deg.: X-S =   7.8794E+07 mb/sr,
   144.00 deg.: X-S =   8.1268E+07 mb/sr,
   145.00 deg.: X-S =   7.8728E+07 mb/sr,
   146.00 deg.: X-S =   7.5571E+07 mb/sr,
   147.00 deg.: X-S =   7.7068E+07 mb/sr,
   148.00 deg.: X-S =   7.6781E+07 mb/sr,
   149.00 deg.: X-S =   7.1738E+07 mb/sr,
   150.00 deg.: X-S =   7.1617E+07 mb/sr,
   151.00 deg.: X-S =   7.6888E+07 mb/sr,
   152.00 deg.: X-S =   7.0450E+07 mb/sr,
   153.00 deg.: X-S =   6.7757E+07 mb/sr,
   154.00 deg.: X-S =   8.2494E+07 mb/sr,
   155.00 deg.: X-S =   7.6018E+07 mb/sr,
   156.00 deg.: X-S =   6.9559E+07 mb/sr,
   157.00 deg.: X-S =   9.8237E+07 mb/sr,
   158.00 deg.: X-S =   9.4126E+07 mb/sr,
   159.00 deg.: X-S =   8.2753E+07 mb/sr,
   160.00 deg.: X-S =   1.3050E+08 mb/sr,
   161.00 deg.: X-S =   1.3257E+08 mb/sr,
   162.00 deg.: X-S =   1.1566E+08 mb/sr,
   163.00 deg.: X-S =   1.8849E+08 mb/sr,
   164.00 deg.: X-S =   2.0275E+08 mb/sr,
   165.00 deg.: X-S =   1.8093E+08 mb/sr,
   166.00 deg.: X-S =   2.8654E+08 mb/sr,
   167.00 deg.: X-S =   3.2282E+08 mb/sr,
   168.00 deg.: X-S =   2.9929E+08 mb/sr,
   169.00 deg.: X-S =   4.5034E+08 mb/sr,
   170.00 deg.: X-S =   5.2664E+08 mb/sr,
   171.00 deg.: X-S =   5.1135E+08 mb/sr,
   172.00 deg.: X-S =   7.3913E+08 mb/sr,
   173.00 deg.: X-S =   8.9850E+08 mb/sr,
   174.00 deg.: X-S =   9.2674E+08 mb/sr,
   175.00 deg.: X-S =   1.3593E+09 mb/sr,
   176.00 deg.: X-S =   1.7729E+09 mb/sr,
   177.00 deg.: X-S =   2.0700E+09 mb/sr,
   178.00 deg.: X-S =   4.1347E+09 mb/sr,
   179.00 deg.: X-S =   8.2105E+09 mb/sr,
   180.00 deg.: X-S =   1.0475E+10 mb/sr,
                                           Integrated********** mb, over [   0.000, 180.000] at   190.0000 MeV 
 Finished all xsecs @    1.10937500    

  The following files have been created:
   3:local copy of User input.            6:standard output.                   
   7:elastic  S-matrix elements.         12:transfer kernels.                  
  13:total cross sections/state.         16:tables of cross sections.          
  35:Astrophysics S-factors  / Ecm.      38:cross sections for each J/pi.      
  39:cross sections for each Ecm.        40:all cross sectns. for each Elab.   
  45:scat phase shift as E functions.    46:bs wave functions & ANC ratios.    
  56:Fusion for each Jtotal.             75:S-factors for lab energies.        
 201:Separate cross sections.           202:Separate cross sections.           

 PARAMETERS : MAXQRN   MFNL   MLOC  LMAX1 MCLIST
    ALLOWED :      4     25     10    100      6
    REQUIRED:      1      4     10     82      4


 ACCURACY ANALYSIS at   190.000 MeV :

  Elastic h*k = 0.151 so OK       compared with 0.200

   Real(S-el) > 0.01 first at J =       2.0
   Real(S-el) > 0.10 first at J =       4.0
   Real(S-el) > 0.50 first at J =      18.0
   Real(S-el) > 0.90 first at J =      19.0
   Real(S-el) > 0.99 first at J =      22.0
   R-turn =    26.73 fm    at J =      80.0

 Forward-angle excitation cut off below   0.130 deg by max JT =      80.0
                              and below   0.116 deg by max R.


 1: Recommended RNL: non-local width >  10.90 cf:  25.00 fm: OK      
    Recommended CENTRE: centration   ~   1.05 cf:   0.00 fm

 Total CPU  0 time =       1.11 seconds
