 FRESCO - FRES 3.4: Coupled Reaction Channels
 Assuming NAMELIST input.

 Test reaction with generated potential                                          

   0.040  50.000   0.500   0.000   0.000   0.000   0.000   0.000   0.000   0.000

 Centre-of-mass Range is   1252 * 0.0400 fm., Maximum at  50.00 fm., Interpolating NL forms every  0.52 fm.
 Non - locality width is      4 * 0.0400 fm., Maximum of   0.12 fm., Centred at  0.00 fm.
 2-Nucleon Separation of      0 * 0.5200 fm., Maximum of   0.00 fm., Minimum at  0.00 fm.
 Maximum single particle bins of 49.9200 fm.
               M,Mint =         1251        1249


 Range of total J is     0.0 <= J <=   150.0 (at least     0.0) and Absorbtion =>     0.1000 mb.
 Dry Run = F, CC set limits =  0  0, Relativistic kinematics =  , Both/Far/Near Analyses =  1                     

 Cross Sections (and up to T0 for 0=projectile) for Theta from   0.0 to 180.0 in steps of  1.0 degrees, DGAM=0,  Coordinates = 0 (Mads)

 Lower Radial Cutoff = maximum of -1.60*L*h &       0.0 fm.,  Lower Cutoff for Couplings =   0.0  fm.


 Iterate Couplings between   0 and   0 times, to  0.000 % if sooner.                                          
  Block solved exactly =   0 chs., with Pade = 0 & Isocen =  =0, NOSOL = F, initwf =  0
  NL quadrature with   18 Gaussian points, Calculate multipoles up to   156 from   0
  M-transfers for lp+lt greater than or equal to  6, Angular Integration Cutoff below  2.7778 %


 Trace switches are :  CHANS =  0, LISTCC =  0, TRENEG =  0, CDETR =  0, SMATS =  0, XSTABL =  0, NLPL =  0

                       WAVES =  0, LAMPL =  0, VEFF =  0, KFUS =  0, WDISK =  0, BPM =  0, MELFIL =  0

                       CDCC =  0, NFUS =  0

 Using unit mass = 1.000000 amu and 1/fine-structure constant = 137.03599 ( 1.000000 * true ) with hc = 197.32705 MeV.fm,
  thus 2*amu/hbar^2 = 0.0478450 = 1/20.9008 and Coulomb constant = 0.1574855 so e^2 = 1.43997, and nuclear magneton= 0.1261183

 Now pre-scan input and save to file 3



 *********** PARTITION NUMBER  1 ******************************************************************************************

   PROJ=p          MASS=  1.0000 Z=   1.0,        # STATES=    1T, TARG=4He      MASS=  4.0000 Z=   2.0,     Q-VALUE =   0.0000 MEV.

     1:  J= 0.5+ (B# 1), E=  0.0000, K= 0.5              Potl#  1       J= 0.0+ (B# 1), E=  0.0000, K= 0.0    


 ************************************************************************************************************************************

 The following POTENTIALS are defined :

  KP#       TYPE      IT    SHAPE      at     V1        r1        a1        V2        r2        a2        A-in     A-used


                                            A#1       A#2        r0c       ac                                                h @ 1
    1    0=Coulomb       0=CHARGE (WS)  1     4.000     2.000    4.3872    0.0000    0.0000    0.0000     0.000    23.084   0.04000

    1    1=Volume        0=Woods-Saxon  2   15.2635    1.0485    0.6772   12.4457    1.0485    0.6772     0.000    23.084

    1    2=Surface       0=Woods-Saxon  3    0.0000    0.0000    0.0000    0.3638    1.3172    0.5208     0.000    23.084

    1    3=Projtl S.O.   0=Woods-Saxon  4    2.9662    0.7778    0.5900    0.0000    0.0000    0.0000     0.000    23.084

 Incoming partition  1 in excitation state # 1,   Laboratory Energy given for partition  1 Nucleus 1 in Excitation pair 1

0Lab. ENERGY ranges :

   from    165.000     to   0.00000     in     0 intervals
   from    0.00000     to   0.00000     in     0 intervals
   from    0.00000     to   0.00000     in     0 intervals

 Largest real,imaginary parts of any form factor at R=   49.60 are   2.90E-02  1.59E-29 MeV
 Finished all Couplings @    1.56250000E-02           4

 Symmetric Hamiltonian
1***********************************************************************************************************************************
************************************************************************************************************************************

        INCOMING p        ;    LABORATORY p        ENERGY =   165.00     MeV.

 ***********************************************************************************************************************************
 ***********************************************************************************************************************************


  NOTE: Coulomb excitation cut off below   0.019 deg by JTMAX, and below   0.025 deg by Rmax

 Allocate arrays for            2  channels, of which            1  need wfs.
 Reaction Xsec    17.5-/17 @ 1 =   0.140 , Out:   0.000#
 Reaction Xsec    18.5+/18 @ 1 =   0.079 , Out:   0.000#
 Finished all CC sets @    3.12500000E-02
0CUMULATIVE REACTION cross section                 =  282.42918  <L> =     5.81  <L**2> =     42.5
0CUMULATIVE outgoing cross sections in partition 1 :    0.00000
0Cumulative ABSORBTION by Imaginary Potentials     =  282.42918  <L> =     5.81  <L**2> =     42.5
   Fusion for specific p        M-states :  400.570708  400.570708
0CUMULATIVE OUTGOING cross section                 =    0.00000
 To convert to S-factors (MeV.mb = keV.b),  multiply by  1.5399E+02


 CROSS SECTIONS FOR OUTGOING p        & 4He      in state #   1 with spins & parities 0.5  + &  0.0  +;  0

     0.01 deg.: X-S =   5.1298E+12 mb/sr,
+                                         /R =   9.9998E-01
     1.00 deg.: X-S =   4.1769E+04 mb/sr,
+                                         /R =   8.1420E-01
     2.00 deg.: X-S =  1634.910012 mb/sr,
+                                         /R =   5.0982E-01
     3.00 deg.: X-S =   466.328071 mb/sr,
+                                         /R =   7.3599E-01
     4.00 deg.: X-S =   482.106585 mb/sr,
+                                         /R =   2.4039E+00
     5.00 deg.: X-S =   533.858694 mb/sr,
+                                         /R =   6.4960E+00
     6.00 deg.: X-S =   549.348570 mb/sr,
+                                         /R =   1.3853E+01
     7.00 deg.: X-S =   535.183943 mb/sr,
+                                         /R =   2.4987E+01
     8.00 deg.: X-S =   501.946763 mb/sr,
+                                         /R =   3.9948E+01
     9.00 deg.: X-S =   457.593256 mb/sr,
+                                         /R =   5.8285E+01
    10.00 deg.: X-S =   407.712123 mb/sr,
+                                         /R =   7.9075E+01
    11.00 deg.: X-S =   356.214306 mb/sr,
+                                         /R =   1.0104E+02
    12.00 deg.: X-S =   305.814299 mb/sr,
+                                         /R =   1.2272E+02
    13.00 deg.: X-S =   258.338239 mb/sr,
+                                         /R =   1.4260E+02
    14.00 deg.: X-S =   214.933266 mb/sr,
+                                         /R =   1.5936E+02
    15.00 deg.: X-S =   176.223990 mb/sr,
+                                         /R =   1.7193E+02
    16.00 deg.: X-S =   142.438783 mb/sr,
+                                         /R =   1.7962E+02
    17.00 deg.: X-S =   113.515676 mb/sr,
+                                         /R =   1.8212E+02
    18.00 deg.: X-S =    89.191383 mb/sr,
+                                         /R =   1.7954E+02
    19.00 deg.: X-S =    69.074626 mb/sr,
+                                         /R =   1.7229E+02
    20.00 deg.: X-S =    52.704429 mb/sr,
+                                         /R =   1.6108E+02
    21.00 deg.: X-S =    39.594371 mb/sr,
+                                         /R =   1.4678E+02
    22.00 deg.: X-S =    29.264348 mb/sr,
+                                         /R =   1.3039E+02
    23.00 deg.: X-S =    21.261757 mb/sr,
+                                         /R =   1.1291E+02
    24.00 deg.: X-S =    15.174208 mb/sr,
+                                         /R =   9.5307E+01
    25.00 deg.: X-S =    10.635809 mb/sr,
+                                         /R =   7.8455E+01
    26.00 deg.: X-S =     7.328879 mb/sr,
+                                         /R =   6.3080E+01
    27.00 deg.: X-S =     4.982628 mb/sr,
+                                         /R =   4.9740E+01
    28.00 deg.: X-S =     3.370023 mb/sr,
+                                         /R =   3.8801E+01
    29.00 deg.: X-S =     2.303736 mb/sr,
+                                         /R =   3.0432E+01
    30.00 deg.: X-S =     1.631781 mb/sr,
+                                         /R =   2.4612E+01
    31.00 deg.: X-S =     1.233223 mb/sr,
+                                         /R =   2.1142E+01
    32.00 deg.: X-S =     1.014128 mb/sr,
+                                         /R =   1.9677E+01
    33.00 deg.: X-S =     0.903804 mb/sr,
+                                         /R =   1.9767E+01
    34.00 deg.: X-S =     0.851292 mb/sr,
+                                         /R =   2.0909E+01
    35.00 deg.: X-S =     0.822049 mb/sr,
+                                         /R =   2.2593E+01
    36.00 deg.: X-S =     0.794776 mb/sr,
+                                         /R =   2.4360E+01
    37.00 deg.: X-S =     0.758390 mb/sr,
+                                         /R =   2.5841E+01
    38.00 deg.: X-S =     0.709178 mb/sr,
+                                         /R =   2.6781E+01
    39.00 deg.: X-S =     0.648243 mb/sr,
+                                         /R =   2.7053E+01
    40.00 deg.: X-S =     0.579328 mb/sr,
+                                         /R =   2.6646E+01
    41.00 deg.: X-S =     0.507106 mb/sr,
+                                         /R =   2.5639E+01
    42.00 deg.: X-S =     0.435990 mb/sr,
+                                         /R =   2.4171E+01
    43.00 deg.: X-S =     0.369432 mb/sr,
+                                         /R =   2.2405E+01
    44.00 deg.: X-S =     0.309652 mb/sr,
+                                         /R =   2.0496E+01
    45.00 deg.: X-S =     0.257686 mb/sr,
+                                         /R =   1.8576E+01
    46.00 deg.: X-S =     0.213620 mb/sr,
+                                         /R =   1.6736E+01
    47.00 deg.: X-S =     0.176906 mb/sr,
+                                         /R =   1.5033E+01
    48.00 deg.: X-S =     0.146655 mb/sr,
+                                         /R =   1.3491E+01
    49.00 deg.: X-S =     0.121873 mb/sr,
+                                         /R =   1.2115E+01
    50.00 deg.: X-S =     0.101611 mb/sr,
+                                         /R =   1.0895E+01
    51.00 deg.: X-S =     0.085040 mb/sr,
+                                         /R =   9.8190E+00
    52.00 deg.: X-S =     0.071480 mb/sr,
+                                         /R =   8.8728E+00
    53.00 deg.: X-S =     0.060392 mb/sr,
+                                         /R =   8.0463E+00
    54.00 deg.: X-S =     0.051357 mb/sr,
+                                         /R =   7.3332E+00
    55.00 deg.: X-S =     0.044053 mb/sr,
+                                         /R =   6.7313E+00
    56.00 deg.: X-S =     0.038221 mb/sr,
+                                         /R =   6.2409E+00
    57.00 deg.: X-S =     0.033644 mb/sr,
+                                         /R =   5.8623E+00
    58.00 deg.: X-S =     0.030111 mb/sr,
+                                         /R =   5.5912E+00
    59.00 deg.: X-S =     0.027399 mb/sr,
+                                         /R =   5.4150E+00
    60.00 deg.: X-S =     0.025271 mb/sr,
+                                         /R =   5.3089E+00
    61.00 deg.: X-S =     0.023477 mb/sr,
+                                         /R =   5.2363E+00
    62.00 deg.: X-S =     0.021785 mb/sr,
+                                         /R =   5.1525E+00
    63.00 deg.: X-S =     0.020008 mb/sr,
+                                         /R =   5.0124E+00
    64.00 deg.: X-S =     0.018034 mb/sr,
+                                         /R =   4.7800E+00
    65.00 deg.: X-S =     0.015840 mb/sr,
+                                         /R =   4.4374E+00
    66.00 deg.: X-S =     0.013491 mb/sr,
+                                         /R =   3.9900E+00
    67.00 deg.: X-S =     0.011110 mb/sr,
+                                         /R =   3.4657E+00
    68.00 deg.: X-S =     0.008848 mb/sr,
+                                         /R =   2.9080E+00
    69.00 deg.: X-S =     0.006838 mb/sr,
+                                         /R =   2.3655E+00
    70.00 deg.: X-S =     0.005167 mb/sr,
+                                         /R =   1.8799E+00
    71.00 deg.: X-S =     0.003866 mb/sr,
+                                         /R =   1.4775E+00
    72.00 deg.: X-S =     0.002904 mb/sr,
+                                         /R =   1.1652E+00
    73.00 deg.: X-S =     0.002219 mb/sr,
+                                         /R =   9.3356E-01
    74.00 deg.: X-S =     0.001731 mb/sr,
+                                         /R =   7.6330E-01
    75.00 deg.: X-S =     0.001374 mb/sr,
+                                         /R =   6.3412E-01
    76.00 deg.: X-S =     0.001100 mb/sr,
+                                         /R =   5.3111E-01
    77.00 deg.: X-S =     0.000886 mb/sr,
+                                         /R =   4.4738E-01
    78.00 deg.: X-S =     0.000725 mb/sr,
+                                         /R =   3.8231E-01
    79.00 deg.: X-S =     0.000613 mb/sr,
+                                         /R =   3.3706E-01
    80.00 deg.: X-S =     0.000540 mb/sr,
+                                         /R =   3.1007E-01
    81.00 deg.: X-S =     0.000493 mb/sr,
+                                         /R =   2.9497E-01
    82.00 deg.: X-S =     0.000453 mb/sr,
+                                         /R =   2.8203E-01
    83.00 deg.: X-S =     0.000405 mb/sr,
+                                         /R =   2.6260E-01
    84.00 deg.: X-S =     0.000347 mb/sr,
+                                         /R =   2.3400E-01
    85.00 deg.: X-S =     0.000289 mb/sr,
+                                         /R =   2.0241E-01
    86.00 deg.: X-S =     0.000250 mb/sr,
+                                         /R =   1.8161E-01
    87.00 deg.: X-S =     0.000249 mb/sr,
+                                         /R =   1.8764E-01
    88.00 deg.: X-S =     0.000296 mb/sr,
+                                         /R =   2.3129E-01
    89.00 deg.: X-S =     0.000384 mb/sr,
+                                         /R =   3.1157E-01
    90.00 deg.: X-S =     0.000492 mb/sr,
+                                         /R =   4.1332E-01
    91.00 deg.: X-S =     0.000587 mb/sr,
+                                         /R =   5.1043E-01
    92.00 deg.: X-S =     0.000638 mb/sr,
+                                         /R =   5.7410E-01
    93.00 deg.: X-S =     0.000626 mb/sr,
+                                         /R =   5.8294E-01
    94.00 deg.: X-S =     0.000552 mb/sr,
+                                         /R =   5.3109E-01
    95.00 deg.: X-S =     0.000434 mb/sr,
+                                         /R =   4.3098E-01
    96.00 deg.: X-S =     0.000302 mb/sr,
+                                         /R =   3.0918E-01
    97.00 deg.: X-S =     0.000186 mb/sr,
+                                         /R =   1.9704E-01
    98.00 deg.: X-S =     0.000110 mb/sr,
+                                         /R =   1.1948E-01
    99.00 deg.: X-S =   7.7015E-05 mb/sr,
+                                         /R =   8.6549E-02
   100.00 deg.: X-S =   7.8698E-05 mb/sr,
+                                         /R =   9.1093E-02
   101.00 deg.: X-S =   9.5103E-05 mb/sr,
+                                         /R =   1.1332E-01
   102.00 deg.: X-S =     0.000106 mb/sr,
+                                         /R =   1.3039E-01
   103.00 deg.: X-S =     0.000101 mb/sr,
+                                         /R =   1.2676E-01
   104.00 deg.: X-S =   7.7872E-05 mb/sr,
+                                         /R =   1.0093E-01
   105.00 deg.: X-S =   4.9274E-05 mb/sr,
+                                         /R =   6.5613E-02
   106.00 deg.: X-S =   3.0157E-05 mb/sr,
+                                         /R =   4.1236E-02
   107.00 deg.: X-S =   3.2563E-05 mb/sr,
+                                         /R =   4.5703E-02
   108.00 deg.: X-S =   5.9023E-05 mb/sr,
+                                         /R =   8.4987E-02
   109.00 deg.: X-S =     0.000101 mb/sr,
+                                         /R =   1.4892E-01
   110.00 deg.: X-S =     0.000142 mb/sr,
+                                         /R =   2.1432E-01
   111.00 deg.: X-S =     0.000164 mb/sr,
+                                         /R =   2.5444E-01
   112.00 deg.: X-S =     0.000158 mb/sr,
+                                         /R =   2.5078E-01
   113.00 deg.: X-S =     0.000124 mb/sr,
+                                         /R =   2.0201E-01
   114.00 deg.: X-S =   7.5781E-05 mb/sr,
+                                         /R =   1.2602E-01
   115.00 deg.: X-S =   3.1496E-05 mb/sr,
+                                         /R =   5.3565E-02
   116.00 deg.: X-S =   9.1696E-06 mb/sr,
+                                         /R =   1.5942E-02
   117.00 deg.: X-S =   1.7829E-05 mb/sr,
+                                         /R =   3.1674E-02
   118.00 deg.: X-S =   5.3978E-05 mb/sr,
+                                         /R =   9.7946E-02
   119.00 deg.: X-S =     0.000103 mb/sr,
+                                         /R =   1.9070E-01
   120.00 deg.: X-S =     0.000145 mb/sr,
+                                         /R =   2.7379E-01
   121.00 deg.: X-S =     0.000163 mb/sr,
+                                         /R =   3.1363E-01
   122.00 deg.: X-S =     0.000149 mb/sr,
+                                         /R =   2.9331E-01
   123.00 deg.: X-S =     0.000110 mb/sr,
+                                         /R =   2.2024E-01
   124.00 deg.: X-S =   6.0499E-05 mb/sr,
+                                         /R =   1.2359E-01
   125.00 deg.: X-S =   2.0429E-05 mb/sr,
+                                         /R =   4.2508E-02
   126.00 deg.: X-S =   4.5919E-06 mb/sr,
+                                         /R =   9.7280E-03
   127.00 deg.: X-S =   1.7402E-05 mb/sr,
+                                         /R =   3.7521E-02
   128.00 deg.: X-S =   5.1100E-05 mb/sr,
+                                         /R =   1.1209E-01
   129.00 deg.: X-S =   8.9271E-05 mb/sr,
+                                         /R =   1.9914E-01
   130.00 deg.: X-S =     0.000114 mb/sr,
+                                         /R =   2.5859E-01
   131.00 deg.: X-S =     0.000114 mb/sr,
+                                         /R =   2.6225E-01
   132.00 deg.: X-S =   8.8410E-05 mb/sr,
+                                         /R =   2.0698E-01
   133.00 deg.: X-S =   4.9311E-05 mb/sr,
+                                         /R =   1.1723E-01
   134.00 deg.: X-S =   1.4692E-05 mb/sr,
+                                         /R =   3.5455E-02
   135.00 deg.: X-S =   1.6325E-06 mb/sr,
+                                         /R =   3.9978E-03
   136.00 deg.: X-S =   1.8532E-05 mb/sr,
+                                         /R =   4.6035E-02
   137.00 deg.: X-S =   6.1085E-05 mb/sr,
+                                         /R =   1.5387E-01
   138.00 deg.: X-S =     0.000114 mb/sr,
+                                         /R =   2.9013E-01
   139.00 deg.: X-S =     0.000155 mb/sr,
+                                         /R =   4.0209E-01
   140.00 deg.: X-S =     0.000169 mb/sr,
+                                         /R =   4.4352E-01
   141.00 deg.: X-S =     0.000149 mb/sr,
+                                         /R =   3.9519E-01
   142.00 deg.: X-S =     0.000102 mb/sr,
+                                         /R =   2.7471E-01
   143.00 deg.: X-S =   4.8263E-05 mb/sr,
+                                         /R =   1.3120E-01
   144.00 deg.: X-S =   9.4310E-06 mb/sr,
+                                         /R =   2.5935E-02
   145.00 deg.: X-S =   2.4026E-06 mb/sr,
+                                         /R =   6.6814E-03
   146.00 deg.: X-S =   3.0754E-05 mb/sr,
+                                         /R =   8.6455E-02
   147.00 deg.: X-S =   8.3103E-05 mb/sr,
+                                         /R =   2.3609E-01
   148.00 deg.: X-S =     0.000138 mb/sr,
+                                         /R =   3.9467E-01
   149.00 deg.: X-S =     0.000171 mb/sr,
+                                         /R =   4.9443E-01
   150.00 deg.: X-S =     0.000167 mb/sr,
+                                         /R =   4.9005E-01
   151.00 deg.: X-S =     0.000129 mb/sr,
+                                         /R =   3.8012E-01
   152.00 deg.: X-S =   7.0750E-05 mb/sr,
+                                         /R =   2.1079E-01
   153.00 deg.: X-S =   1.9593E-05 mb/sr,
+                                         /R =   5.8876E-02
   154.00 deg.: X-S =   1.0167E-07 mb/sr,
+                                         /R =   3.0804E-04
   155.00 deg.: X-S =   2.5067E-05 mb/sr,
+                                         /R =   7.6548E-02
   156.00 deg.: X-S =   8.8855E-05 mb/sr,
+                                         /R =   2.7340E-01
   157.00 deg.: X-S =     0.000169 mb/sr,
+                                         /R =   5.2239E-01
   158.00 deg.: X-S =     0.000233 mb/sr,
+                                         /R =   7.2590E-01
   159.00 deg.: X-S =     0.000254 mb/sr,
+                                         /R =   7.9727E-01
   160.00 deg.: X-S =     0.000221 mb/sr,
+                                         /R =   6.9988E-01
   161.00 deg.: X-S =     0.000147 mb/sr,
+                                         /R =   4.6820E-01
   162.00 deg.: X-S =   6.2608E-05 mb/sr,
+                                         /R =   2.0027E-01
   163.00 deg.: X-S =   6.8108E-06 mb/sr,
+                                         /R =   2.1904E-02
   164.00 deg.: X-S =   1.0861E-05 mb/sr,
+                                         /R =   3.5106E-02
   165.00 deg.: X-S =   8.3446E-05 mb/sr,
+                                         /R =   2.7101E-01
   166.00 deg.: X-S =     0.000205 mb/sr,
+                                         /R =   6.6771E-01
   167.00 deg.: X-S =     0.000331 mb/sr,
+                                         /R =   1.0852E+00
   168.00 deg.: X-S =     0.000412 mb/sr,
+                                         /R =   1.3557E+00
   169.00 deg.: X-S =     0.000410 mb/sr,
+                                         /R =   1.3528E+00
   170.00 deg.: X-S =     0.000318 mb/sr,
+                                         /R =   1.0542E+00
   171.00 deg.: X-S =     0.000172 mb/sr,
+                                         /R =   5.7166E-01
   172.00 deg.: X-S =   3.9902E-05 mb/sr,
+                                         /R =   1.3282E-01
   173.00 deg.: X-S =   4.6702E-06 mb/sr,
+                                         /R =   1.5581E-02
   174.00 deg.: X-S =     0.000136 mb/sr,
+                                         /R =   4.5435E-01
   175.00 deg.: X-S =     0.000463 mb/sr,
+                                         /R =   1.5491E+00
   176.00 deg.: X-S =     0.000957 mb/sr,
+                                         /R =   3.2098E+00
   177.00 deg.: X-S =     0.001537 mb/sr,
+                                         /R =   5.1595E+00
   178.00 deg.: X-S =     0.002083 mb/sr,
+                                         /R =   6.9979E+00
   179.00 deg.: X-S =     0.002473 mb/sr,
+                                         /R =   8.3104E+00
   179.99 deg.: X-S =     0.002614 mb/sr,
+                                         /R =   8.7861E+00
                                           Integrated********** mb, over [   0.000, 180.000] at   165.0000 MeV 
 Finished all xsecs @    3.12500000E-02

  The following files have been created:
   3:local copy of User input.            6:standard output.                   
  13:total cross sections/state.         39:cross sections for each Ecm.       
  40:all cross sectns. for each Elab.    56:Fusion for each Jtotal.            

 PARAMETERS : MAXQRN   MFNL   MLOC  LMAX1 MCLIST
    ALLOWED :      1      1      4    170      6
    REQUIRED:      0      0      4     19      4


 ACCURACY ANALYSIS at   165.000 MeV :

  Elastic h*k = 0.090 so OK       compared with 0.200

   Real(S-el) > 0.01 first at J =       0.5
   Real(S-el) > 0.10 first at J =       0.5
   Real(S-el) > 0.50 first at J =       2.5
   Real(S-el) > 0.90 first at J =       8.5
   Real(S-el) > 0.99 first at J =      12.5
   R-turn =     8.24 fm    at J =      18.5

 Forward-angle excitation cut off below   0.148 deg by max JT =      18.5
                              and below   0.025 deg by max R.

 Total CPU  0 time =       0.03 seconds
