 FRESCO - FRES 3.4: Coupled Reaction Channels
 Assuming NAMELIST input.

 Test reaction with generated potential                                          

   0.040  50.000   0.500   0.000   0.000   0.000   0.000   0.000   0.000   0.000

 Centre-of-mass Range is   1252 * 0.0400 fm., Maximum at  50.00 fm., Interpolating NL forms every  0.52 fm.
 Non - locality width is      4 * 0.0400 fm., Maximum of   0.12 fm., Centred at  0.00 fm.
 2-Nucleon Separation of      0 * 0.5200 fm., Maximum of   0.00 fm., Minimum at  0.00 fm.
 Maximum single particle bins of 49.9200 fm.
               M,Mint =         1251        1249


 Range of total J is     0.0 <= J <=   150.0 (at least     0.0) and Absorbtion =>     0.1000 mb.
 Dry Run = F, CC set limits =  0  0, Relativistic kinematics =  , Both/Far/Near Analyses =  1                     

 Cross Sections (and up to T0 for 0=projectile) for Theta from   0.0 to 180.0 in steps of  1.0 degrees, DGAM=0,  Coordinates = 0 (Mads)

 Lower Radial Cutoff = maximum of -1.60*L*h &       0.0 fm.,  Lower Cutoff for Couplings =   0.0  fm.


 Iterate Couplings between   0 and   0 times, to  0.000 % if sooner.                                          
  Block solved exactly =   0 chs., with Pade = 0 & Isocen =  =0, NOSOL = F, initwf =  0
  NL quadrature with   18 Gaussian points, Calculate multipoles up to   156 from   0
  M-transfers for lp+lt greater than or equal to  6, Angular Integration Cutoff below  2.7778 %


 Trace switches are :  CHANS =  0, LISTCC =  0, TRENEG =  0, CDETR =  0, SMATS =  0, XSTABL =  0, NLPL =  0

                       WAVES =  0, LAMPL =  0, VEFF =  0, KFUS =  0, WDISK =  0, BPM =  0, MELFIL =  0

                       CDCC =  0, NFUS =  0

 Using unit mass = 1.000000 amu and 1/fine-structure constant = 137.03599 ( 1.000000 * true ) with hc = 197.32705 MeV.fm,
  thus 2*amu/hbar^2 = 0.0478450 = 1/20.9008 and Coulomb constant = 0.1574855 so e^2 = 1.43997, and nuclear magneton= 0.1261183

 Now pre-scan input and save to file 3



 *********** PARTITION NUMBER  1 ******************************************************************************************

   PROJ=p          MASS=  1.0000 Z=   1.0,        # STATES=    1T, TARG=4He      MASS=  4.0000 Z=   2.0,     Q-VALUE =   0.0000 MEV.

     1:  J= 0.5+ (B# 1), E=  0.0000, K= 0.5              Potl#  1       J= 0.0+ (B# 1), E=  0.0000, K= 0.0    


 ************************************************************************************************************************************

 The following POTENTIALS are defined :

  KP#       TYPE      IT    SHAPE      at     V1        r1        a1        V2        r2        a2        A-in     A-used


                                            A#1       A#2        r0c       ac                                                h @ 1
    1    0=Coulomb       0=CHARGE (WS)  1     4.000     2.000    4.3872    0.0000    0.0000    0.0000     0.000    23.084   0.04000

    1    1=Volume        0=Woods-Saxon  2   12.5251    1.0485    0.6772   13.6697    1.0485    0.6772     0.000    23.084

    1    2=Surface       0=Woods-Saxon  3    0.0000    0.0000    0.0000    0.0460    1.3172    0.5208     0.000    23.084

    1    3=Projtl S.O.   0=Woods-Saxon  4    2.0285    0.7778    0.5900    0.0000    0.0000    0.0000     0.000    23.084

 Incoming partition  1 in excitation state # 1,   Laboratory Energy given for partition  1 Nucleus 1 in Excitation pair 1

0Lab. ENERGY ranges :

   from    260.000     to   0.00000     in     0 intervals
   from    0.00000     to   0.00000     in     0 intervals
   from    0.00000     to   0.00000     in     0 intervals

 Largest real,imaginary parts of any form factor at R=   49.60 are   2.90E-02  1.74E-29 MeV
 Finished all Couplings @    1.56250000E-02           4

 Symmetric Hamiltonian
1***********************************************************************************************************************************
************************************************************************************************************************************

        INCOMING p        ;    LABORATORY p        ENERGY =   260.00     MeV.

 ***********************************************************************************************************************************
 ***********************************************************************************************************************************


  NOTE: Coulomb excitation cut off below   0.015 deg by JTMAX, and below   0.016 deg by Rmax

 Allocate arrays for            2  channels, of which            1  need wfs.
 Reaction Xsec    21.5-/21 @ 1 =   0.109 , Out:   0.000#
 Reaction Xsec    22.5+/22 @ 1 =   0.069 , Out:   0.000#
 Finished all CC sets @    3.12500000E-02
0CUMULATIVE REACTION cross section                 =  240.13317  <L> =     7.15  <L**2> =     64.5
0CUMULATIVE outgoing cross sections in partition 1 :    0.00000
0Cumulative ABSORBTION by Imaginary Potentials     =  240.13317  <L> =     7.15  <L**2> =     64.5
   Fusion for specific p        M-states :  330.891693  330.891693
0CUMULATIVE OUTGOING cross section                 =    0.00000
 To convert to S-factors (MeV.mb = keV.b),  multiply by  2.3516E+02


 CROSS SECTIONS FOR OUTGOING p        & 4He      in state #   1 with spins & parities 0.5  + &  0.0  +;  0

     0.01 deg.: X-S =   2.0659E+12 mb/sr,
+                                         /R =   9.9997E-01
     1.00 deg.: X-S =   1.5580E+04 mb/sr,
+                                         /R =   7.5408E-01
     2.00 deg.: X-S =   696.689723 mb/sr,
+                                         /R =   5.3944E-01
     3.00 deg.: X-S =   430.896301 mb/sr,
+                                         /R =   1.6886E+00
     4.00 deg.: X-S =   478.035177 mb/sr,
+                                         /R =   5.9186E+00
     5.00 deg.: X-S =   489.002120 mb/sr,
+                                         /R =   1.4774E+01
     6.00 deg.: X-S =   464.866547 mb/sr,
+                                         /R =   2.9108E+01
     7.00 deg.: X-S =   420.484769 mb/sr,
+                                         /R =   4.8745E+01
     8.00 deg.: X-S =   366.517202 mb/sr,
+                                         /R =   7.2429E+01
     9.00 deg.: X-S =   309.959633 mb/sr,
+                                         /R =   9.8030E+01
    10.00 deg.: X-S =   255.308169 mb/sr,
+                                         /R =   1.2295E+02
    11.00 deg.: X-S =   205.303019 mb/sr,
+                                         /R =   1.4460E+02
    12.00 deg.: X-S =   161.410964 mb/sr,
+                                         /R =   1.6083E+02
    13.00 deg.: X-S =   124.179491 mb/sr,
+                                         /R =   1.7020E+02
    14.00 deg.: X-S =    93.519688 mb/sr,
+                                         /R =   1.7217E+02
    15.00 deg.: X-S =    68.936127 mb/sr,
+                                         /R =   1.6700E+02
    16.00 deg.: X-S =    49.708050 mb/sr,
+                                         /R =   1.5564E+02
    17.00 deg.: X-S =    35.024151 mb/sr,
+                                         /R =   1.3953E+02
    18.00 deg.: X-S =    24.075328 mb/sr,
+                                         /R =   1.2033E+02
    19.00 deg.: X-S =    16.112193 mb/sr,
+                                         /R =   9.9787E+01
    20.00 deg.: X-S =    10.475399 mb/sr,
+                                         /R =   7.9494E+01
    21.00 deg.: X-S =     6.606665 mb/sr,
+                                         /R =   6.0813E+01
    22.00 deg.: X-S =     4.047392 mb/sr,
+                                         /R =   4.4777E+01
    23.00 deg.: X-S =     2.430243 mb/sr,
+                                         /R =   3.2045E+01
    24.00 deg.: X-S =     1.467583 mb/sr,
+                                         /R =   2.2888E+01
    25.00 deg.: X-S =     0.939308 mb/sr,
+                                         /R =   1.7204E+01
    26.00 deg.: X-S =     0.681497 mb/sr,
+                                         /R =   1.4565E+01
    27.00 deg.: X-S =     0.576431 mb/sr,
+                                         /R =   1.4288E+01
    28.00 deg.: X-S =     0.543956 mb/sr,
+                                         /R =   1.5551E+01
    29.00 deg.: X-S =     0.533850 mb/sr,
+                                         /R =   1.7511E+01
    30.00 deg.: X-S =     0.518854 mb/sr,
+                                         /R =   1.9432E+01
    31.00 deg.: X-S =     0.488188 mb/sr,
+                                         /R =   2.0781E+01
    32.00 deg.: X-S =     0.441645 mb/sr,
+                                         /R =   2.1277E+01
    33.00 deg.: X-S =     0.384532 mb/sr,
+                                         /R =   2.0883E+01
    34.00 deg.: X-S =     0.323795 mb/sr,
+                                         /R =   1.9747E+01
    35.00 deg.: X-S =     0.265494 mb/sr,
+                                         /R =   1.8118E+01
    36.00 deg.: X-S =     0.213616 mb/sr,
+                                         /R =   1.6257E+01
    37.00 deg.: X-S =     0.169937 mb/sr,
+                                         /R =   1.4377E+01
    38.00 deg.: X-S =     0.134520 mb/sr,
+                                         /R =   1.2614E+01
    39.00 deg.: X-S =     0.106435 mb/sr,
+                                         /R =   1.1029E+01
    40.00 deg.: X-S =     0.084387 mb/sr,
+                                         /R =   9.6376E+00
    41.00 deg.: X-S =     0.067120 mb/sr,
+                                         /R =   8.4262E+00
    42.00 deg.: X-S =     0.053578 mb/sr,
+                                         /R =   7.3754E+00
    43.00 deg.: X-S =     0.042939 mb/sr,
+                                         /R =   6.4661E+00
    44.00 deg.: X-S =     0.034578 mb/sr,
+                                         /R =   5.6831E+00
    45.00 deg.: X-S =     0.028035 mb/sr,
+                                         /R =   5.0181E+00
    46.00 deg.: X-S =     0.022980 mb/sr,
+                                         /R =   4.4704E+00
    47.00 deg.: X-S =     0.019179 mb/sr,
+                                         /R =   4.0468E+00
    48.00 deg.: X-S =     0.016430 mb/sr,
+                                         /R =   3.7530E+00
    49.00 deg.: X-S =     0.014511 mb/sr,
+                                         /R =   3.5817E+00
    50.00 deg.: X-S =     0.013147 mb/sr,
+                                         /R =   3.5004E+00
    51.00 deg.: X-S =     0.012032 mb/sr,
+                                         /R =   3.4495E+00
    52.00 deg.: X-S =     0.010885 mb/sr,
+                                         /R =   3.3548E+00
    53.00 deg.: X-S =     0.009528 mb/sr,
+                                         /R =   3.1519E+00
    54.00 deg.: X-S =     0.007933 mb/sr,
+                                         /R =   2.8127E+00
    55.00 deg.: X-S =     0.006217 mb/sr,
+                                         /R =   2.3589E+00
    56.00 deg.: X-S =     0.004575 mb/sr,
+                                         /R =   1.8549E+00
    57.00 deg.: X-S =     0.003194 mb/sr,
+                                         /R =   1.3818E+00
    58.00 deg.: X-S =     0.002178 mb/sr,
+                                         /R =   1.0041E+00
    59.00 deg.: X-S =     0.001520 mb/sr,
+                                         /R =   7.4608E-01
    60.00 deg.: X-S =     0.001129 mb/sr,
+                                         /R =   5.8903E-01
    61.00 deg.: X-S =     0.000884 mb/sr,
+                                         /R =   4.8929E-01
    62.00 deg.: X-S =     0.000691 mb/sr,
+                                         /R =   4.0569E-01
    63.00 deg.: X-S =     0.000515 mb/sr,
+                                         /R =   3.2042E-01
    64.00 deg.: X-S =     0.000368 mb/sr,
+                                         /R =   2.4226E-01
    65.00 deg.: X-S =     0.000276 mb/sr,
+                                         /R =   1.9215E-01
    66.00 deg.: X-S =     0.000248 mb/sr,
+                                         /R =   1.8223E-01
    67.00 deg.: X-S =     0.000262 mb/sr,
+                                         /R =   2.0282E-01
    68.00 deg.: X-S =     0.000277 mb/sr,
+                                         /R =   2.2629E-01
    69.00 deg.: X-S =     0.000262 mb/sr,
+                                         /R =   2.2523E-01
    70.00 deg.: X-S =     0.000213 mb/sr,
+                                         /R =   1.9242E-01
    71.00 deg.: X-S =     0.000157 mb/sr,
+                                         /R =   1.4859E-01
    72.00 deg.: X-S =     0.000132 mb/sr,
+                                         /R =   1.3114E-01
    73.00 deg.: X-S =     0.000162 mb/sr,
+                                         /R =   1.6975E-01
    74.00 deg.: X-S =     0.000241 mb/sr,
+                                         /R =   2.6401E-01
    75.00 deg.: X-S =     0.000330 mb/sr,
+                                         /R =   3.7799E-01
    76.00 deg.: X-S =     0.000381 mb/sr,
+                                         /R =   4.5694E-01
    77.00 deg.: X-S =     0.000365 mb/sr,
+                                         /R =   4.5761E-01
    78.00 deg.: X-S =     0.000286 mb/sr,
+                                         /R =   3.7424E-01
    79.00 deg.: X-S =     0.000179 mb/sr,
+                                         /R =   2.4406E-01
    80.00 deg.: X-S =   8.9677E-05 mb/sr,
+                                         /R =   1.2777E-01
    81.00 deg.: X-S =   5.1031E-05 mb/sr,
+                                         /R =   7.5769E-02
    82.00 deg.: X-S =   6.4645E-05 mb/sr,
+                                         /R =   9.9952E-02
    83.00 deg.: X-S =     0.000105 mb/sr,
+                                         /R =   1.6815E-01
    84.00 deg.: X-S =     0.000134 mb/sr,
+                                         /R =   2.2487E-01
    85.00 deg.: X-S =     0.000130 mb/sr,
+                                         /R =   2.2605E-01
    86.00 deg.: X-S =   9.2172E-05 mb/sr,
+                                         /R =   1.6642E-01
    87.00 deg.: X-S =   4.4092E-05 mb/sr,
+                                         /R =   8.2622E-02
    88.00 deg.: X-S =   1.5273E-05 mb/sr,
+                                         /R =   2.9683E-02
    89.00 deg.: X-S =   2.2506E-05 mb/sr,
+                                         /R =   4.5334E-02
    90.00 deg.: X-S =   5.9660E-05 mb/sr,
+                                         /R =   1.2448E-01
    91.00 deg.: X-S =     0.000102 mb/sr,
+                                         /R =   2.2045E-01
    92.00 deg.: X-S =     0.000122 mb/sr,
+                                         /R =   2.7305E-01
    93.00 deg.: X-S =     0.000107 mb/sr,
+                                         /R =   2.4664E-01
    94.00 deg.: X-S =   6.4612E-05 mb/sr,
+                                         /R =   1.5428E-01
    95.00 deg.: X-S =   2.1095E-05 mb/sr,
+                                         /R =   5.2021E-02
    96.00 deg.: X-S =   2.2409E-06 mb/sr,
+                                         /R =   5.7042E-03
    97.00 deg.: X-S =   1.9012E-05 mb/sr,
+                                         /R =   4.9928E-02
    98.00 deg.: X-S =   6.0838E-05 mb/sr,
+                                         /R =   1.6473E-01
    99.00 deg.: X-S =     0.000102 mb/sr,
+                                         /R =   2.8537E-01
   100.00 deg.: X-S =     0.000118 mb/sr,
+                                         /R =   3.4042E-01
   101.00 deg.: X-S =   9.9904E-05 mb/sr,
+                                         /R =   2.9559E-01
   102.00 deg.: X-S =   5.7873E-05 mb/sr,
+                                         /R =   1.7618E-01
   103.00 deg.: X-S =   1.7053E-05 mb/sr,
+                                         /R =   5.3391E-02
   104.00 deg.: X-S =   5.4723E-07 mb/sr,
+                                         /R =   1.7611E-03
   105.00 deg.: X-S =   1.6126E-05 mb/sr,
+                                         /R =   5.3320E-02
   106.00 deg.: X-S =   5.2062E-05 mb/sr,
+                                         /R =   1.7676E-01
   107.00 deg.: X-S =   8.4798E-05 mb/sr,
+                                         /R =   2.9552E-01
   108.00 deg.: X-S =   9.3583E-05 mb/sr,
+                                         /R =   3.3459E-01
   109.00 deg.: X-S =   7.3065E-05 mb/sr,
+                                         /R =   2.6788E-01
   110.00 deg.: X-S =   3.6269E-05 mb/sr,
+                                         /R =   1.3629E-01
   111.00 deg.: X-S =   6.3165E-06 mb/sr,
+                                         /R =   2.4318E-02
   112.00 deg.: X-S =   2.0834E-06 mb/sr,
+                                         /R =   8.2139E-03
   113.00 deg.: X-S =   2.6602E-05 mb/sr,
+                                         /R =   1.0735E-01
   114.00 deg.: X-S =   6.5232E-05 mb/sr,
+                                         /R =   2.6935E-01
   115.00 deg.: X-S =   9.4642E-05 mb/sr,
+                                         /R =   3.9965E-01
   116.00 deg.: X-S =   9.7042E-05 mb/sr,
+                                         /R =   4.1891E-01
   117.00 deg.: X-S =   7.1005E-05 mb/sr,
+                                         /R =   3.1321E-01
   118.00 deg.: X-S =   3.2294E-05 mb/sr,
+                                         /R =   1.4550E-01
   119.00 deg.: X-S =   4.2522E-06 mb/sr,
+                                         /R =   1.9561E-02
   120.00 deg.: X-S =   3.6081E-06 mb/sr,
+                                         /R =   1.6939E-02
   121.00 deg.: X-S =   3.0349E-05 mb/sr,
+                                         /R =   1.4535E-01
   122.00 deg.: X-S =   6.7795E-05 mb/sr,
+                                         /R =   3.3110E-01
   123.00 deg.: X-S =   9.2817E-05 mb/sr,
+                                         /R =   4.6207E-01
   124.00 deg.: X-S =   8.9983E-05 mb/sr,
+                                         /R =   4.5644E-01
   125.00 deg.: X-S =   6.1006E-05 mb/sr,
+                                         /R =   3.1519E-01
   126.00 deg.: X-S =   2.3748E-05 mb/sr,
+                                         /R =   1.2492E-01
   127.00 deg.: X-S =   1.3291E-06 mb/sr,
+                                         /R =   7.1153E-03
   128.00 deg.: X-S =   7.9583E-06 mb/sr,
+                                         /R =   4.3346E-02
   129.00 deg.: X-S =   4.0116E-05 mb/sr,
+                                         /R =   2.2221E-01
   130.00 deg.: X-S =   7.8526E-05 mb/sr,
+                                         /R =   4.4218E-01
   131.00 deg.: X-S =   9.9808E-05 mb/sr,
+                                         /R =   5.7114E-01
   132.00 deg.: X-S =   9.0804E-05 mb/sr,
+                                         /R =   5.2785E-01
   133.00 deg.: X-S =   5.6818E-05 mb/sr,
+                                         /R =   3.3540E-01
   134.00 deg.: X-S =   1.8667E-05 mb/sr,
+                                         /R =   1.1186E-01
   135.00 deg.: X-S =   1.5080E-07 mb/sr,
+                                         /R =   9.1696E-04
   136.00 deg.: X-S =   1.3467E-05 mb/sr,
+                                         /R =   8.3063E-02
   137.00 deg.: X-S =   5.1467E-05 mb/sr,
+                                         /R =   3.2190E-01
   138.00 deg.: X-S =   9.1635E-05 mb/sr,
+                                         /R =   5.8096E-01
   139.00 deg.: X-S =     0.000110 mb/sr,
+                                         /R =   7.0411E-01
   140.00 deg.: X-S =   9.4101E-05 mb/sr,
+                                         /R =   6.1238E-01
   141.00 deg.: X-S =   5.4282E-05 mb/sr,
+                                         /R =   3.5770E-01
   142.00 deg.: X-S =   1.4599E-05 mb/sr,
+                                         /R =   9.7386E-02
   143.00 deg.: X-S =   1.7574E-07 mb/sr,
+                                         /R =   1.1863E-03
   144.00 deg.: X-S =   2.1292E-05 mb/sr,
+                                         /R =   1.4538E-01
   145.00 deg.: X-S =   6.6545E-05 mb/sr,
+                                         /R =   4.5949E-01
   146.00 deg.: X-S =     0.000109 mb/sr,
+                                         /R =   7.6202E-01
   147.00 deg.: X-S =     0.000123 mb/sr,
+                                         /R =   8.6818E-01
   148.00 deg.: X-S =   9.9113E-05 mb/sr,
+                                         /R =   7.0629E-01
   149.00 deg.: X-S =   5.1479E-05 mb/sr,
+                                         /R =   3.7047E-01
   150.00 deg.: X-S =   9.9793E-06 mb/sr,
+                                         /R =   7.2504E-02
   151.00 deg.: X-S =   2.2150E-06 mb/sr,
+                                         /R =   1.6241E-02
   152.00 deg.: X-S =   3.6265E-05 mb/sr,
+                                         /R =   2.6828E-01
   153.00 deg.: X-S =   9.4575E-05 mb/sr,
+                                         /R =   7.0564E-01
   154.00 deg.: X-S =     0.000143 mb/sr,
+                                         /R =   1.0789E+00
   155.00 deg.: X-S =     0.000153 mb/sr,
+                                         /R =   1.1598E+00
   156.00 deg.: X-S =     0.000116 mb/sr,
+                                         /R =   8.8723E-01
   157.00 deg.: X-S =   5.4576E-05 mb/sr,
+                                         /R =   4.2001E-01
   158.00 deg.: X-S =   7.1836E-06 mb/sr,
+                                         /R =   5.5668E-02
   159.00 deg.: X-S =   7.0307E-06 mb/sr,
+                                         /R =   5.4846E-02
   160.00 deg.: X-S =   6.0249E-05 mb/sr,
+                                         /R =   4.7297E-01
   161.00 deg.: X-S =     0.000140 mb/sr,
+                                         /R =   1.1054E+00
   162.00 deg.: X-S =     0.000200 mb/sr,
+                                         /R =   1.5910E+00
   163.00 deg.: X-S =     0.000204 mb/sr,
+                                         /R =   1.6256E+00
   164.00 deg.: X-S =     0.000145 mb/sr,
+                                         /R =   1.1628E+00
   165.00 deg.: X-S =   5.8985E-05 mb/sr,
+                                         /R =   4.7566E-01
   166.00 deg.: X-S =   3.1284E-06 mb/sr,
+                                         /R =   2.5340E-02
   167.00 deg.: X-S =   2.3818E-05 mb/sr,
+                                         /R =   1.9372E-01
   168.00 deg.: X-S =     0.000126 mb/sr,
+                                         /R =   1.0295E+00
   169.00 deg.: X-S =     0.000264 mb/sr,
+                                         /R =   2.1656E+00
   170.00 deg.: X-S =     0.000363 mb/sr,
+                                         /R =   2.9827E+00
   171.00 deg.: X-S =     0.000359 mb/sr,
+                                         /R =   2.9585E+00
   172.00 deg.: X-S =     0.000245 mb/sr,
+                                         /R =   2.0222E+00
   173.00 deg.: X-S =   8.5714E-05 mb/sr,
+                                         /R =   7.1005E-01
   174.00 deg.: X-S =   1.5825E-07 mb/sr,
+                                         /R =   1.3135E-03
   175.00 deg.: X-S =     0.000106 mb/sr,
+                                         /R =   8.7782E-01
   176.00 deg.: X-S =     0.000457 mb/sr,
+                                         /R =   3.8057E+00
   177.00 deg.: X-S =     0.001008 mb/sr,
+                                         /R =   8.3995E+00
   178.00 deg.: X-S =     0.001614 mb/sr,
+                                         /R =   1.3460E+01
   179.00 deg.: X-S =     0.002085 mb/sr,
+                                         /R =   1.7400E+01
   179.99 deg.: X-S =     0.002263 mb/sr,
+                                         /R =   1.8886E+01
                                           Integrated********** mb, over [   0.000, 180.000] at   260.0000 MeV 
 Finished all xsecs @    3.12500000E-02

  The following files have been created:
   3:local copy of User input.            6:standard output.                   
  13:total cross sections/state.         39:cross sections for each Ecm.       
  40:all cross sectns. for each Elab.    56:Fusion for each Jtotal.            

 PARAMETERS : MAXQRN   MFNL   MLOC  LMAX1 MCLIST
    ALLOWED :      1      1      4    170      6
    REQUIRED:      0      0      4     23      4


 ACCURACY ANALYSIS at   260.000 MeV :

  Elastic h*k = 0.113 so OK       compared with 0.200

   Real(S-el) > 0.01 first at J =       0.5
   Real(S-el) > 0.10 first at J =       0.5
   Real(S-el) > 0.50 first at J =       0.5
   Real(S-el) > 0.90 first at J =      10.5
   Real(S-el) > 0.99 first at J =      15.5
   R-turn =     7.98 fm    at J =      22.5

 Forward-angle excitation cut off below   0.097 deg by max JT =      22.5
                              and below   0.016 deg by max R.

 Total CPU  0 time =       0.05 seconds
