 FRESCO - FRES 3.4: Coupled Reaction Channels
 Assuming NAMELIST input.

 Test reaction with generated potential                                          

   0.040  50.000   0.500   0.000   0.000   0.000   0.000   0.000   0.000   0.000

 Centre-of-mass Range is   1252 * 0.0400 fm., Maximum at  50.00 fm., Interpolating NL forms every  0.52 fm.
 Non - locality width is      4 * 0.0400 fm., Maximum of   0.12 fm., Centred at  0.00 fm.
 2-Nucleon Separation of      0 * 0.5200 fm., Maximum of   0.00 fm., Minimum at  0.00 fm.
 Maximum single particle bins of 49.9200 fm.
               M,Mint =         1251        1249


 Range of total J is     0.0 <= J <=   150.0 (at least     0.0) and Absorbtion =>     0.1000 mb.
 Dry Run = F, CC set limits =  0  0, Relativistic kinematics =  , Both/Far/Near Analyses =  1                     

 Cross Sections (and up to T0 for 0=projectile) for Theta from   0.0 to 180.0 in steps of  1.0 degrees, DGAM=0,  Coordinates = 0 (Mads)

 Lower Radial Cutoff = maximum of -1.60*L*h &       0.0 fm.,  Lower Cutoff for Couplings =   0.0  fm.


 Iterate Couplings between   0 and   0 times, to  0.000 % if sooner.                                          
  Block solved exactly =   0 chs., with Pade = 0 & Isocen =  =0, NOSOL = F, initwf =  0
  NL quadrature with   18 Gaussian points, Calculate multipoles up to   156 from   0
  M-transfers for lp+lt greater than or equal to  6, Angular Integration Cutoff below  2.7778 %


 Trace switches are :  CHANS =  0, LISTCC =  0, TRENEG =  0, CDETR =  0, SMATS =  0, XSTABL =  0, NLPL =  0

                       WAVES =  0, LAMPL =  0, VEFF =  0, KFUS =  0, WDISK =  0, BPM =  0, MELFIL =  0

                       CDCC =  0, NFUS =  0

 Using unit mass = 1.000000 amu and 1/fine-structure constant = 137.03599 ( 1.000000 * true ) with hc = 197.32705 MeV.fm,
  thus 2*amu/hbar^2 = 0.0478450 = 1/20.9008 and Coulomb constant = 0.1574855 so e^2 = 1.43997, and nuclear magneton= 0.1261183

 Now pre-scan input and save to file 3



 *********** PARTITION NUMBER  1 ******************************************************************************************

   PROJ=p          MASS=  1.0000 Z=   1.0,        # STATES=    1T, TARG=4He      MASS=  4.0000 Z=   2.0,     Q-VALUE =   0.0000 MEV.

     1:  J= 0.5+ (B# 1), E=  0.0000, K= 0.5              Potl#  1       J= 0.0+ (B# 1), E=  0.0000, K= 0.0    


 ************************************************************************************************************************************

 The following POTENTIALS are defined :

  KP#       TYPE      IT    SHAPE      at     V1        r1        a1        V2        r2        a2        A-in     A-used


                                            A#1       A#2        r0c       ac                                                h @ 1
    1    0=Coulomb       0=CHARGE (WS)  1     4.000     2.000    4.3872    0.0000    0.0000    0.0000     0.000    23.084   0.04000

    1    1=Volume        0=Woods-Saxon  2   24.8563    1.0485    0.6772   14.1656    1.0485    0.6772     0.000    23.084

    1    2=Surface       0=Woods-Saxon  3    0.0000    0.0000    0.0000    0.0042    1.3172    0.5208     0.000    23.084

    1    3=Projtl S.O.   0=Woods-Saxon  4    1.3064    0.7778    0.5900    0.0000    0.0000    0.0000     0.000    23.084

 Incoming partition  1 in excitation state # 1,   Laboratory Energy given for partition  1 Nucleus 1 in Excitation pair 1

0Lab. ENERGY ranges :

   from    370.000     to   0.00000     in     0 intervals
   from    0.00000     to   0.00000     in     0 intervals
   from    0.00000     to   0.00000     in     0 intervals

 Largest real,imaginary parts of any form factor at R=   49.60 are   2.90E-02  1.81E-29 MeV
 Finished all Couplings @    1.56250000E-02           4

 Symmetric Hamiltonian
1***********************************************************************************************************************************
************************************************************************************************************************************

        INCOMING p        ;    LABORATORY p        ENERGY =   370.00     MeV.

 ***********************************************************************************************************************************
 ***********************************************************************************************************************************


  NOTE: Coulomb excitation cut off below   0.012 deg by JTMAX, and below   0.011 deg by Rmax

 Allocate arrays for            2  channels, of which            1  need wfs.
 Reaction Xsec    25.5+/26 @ 1 =   0.054 , Out:   0.000#
 Reaction Xsec    25.5-/25 @ 1 =   0.081 , Out:   0.000#
 Finished all CC sets @    3.12500000E-02
0CUMULATIVE REACTION cross section                 =  215.45894  <L> =     8.52  <L**2> =     91.1
0CUMULATIVE outgoing cross sections in partition 1 :    0.00000
0Cumulative ABSORBTION by Imaginary Potentials     =  215.45894  <L> =     8.52  <L**2> =     91.1
   Fusion for specific p        M-states :  215.458937  215.458937
0CUMULATIVE OUTGOING cross section                 =    0.00000
 To convert to S-factors (MeV.mb = keV.b),  multiply by  3.2808E+02


 CROSS SECTIONS FOR OUTGOING p        & 4He      in state #   1 with spins & parities 0.5  + &  0.0  +;  0

     0.01 deg.: X-S =   1.0201E+12 mb/sr,
+                                         /R =   9.9992E-01
     1.00 deg.: X-S =  4981.680721 mb/sr,
+                                         /R =   4.8830E-01
     2.00 deg.: X-S =   759.598074 mb/sr,
+                                         /R =   1.1911E+00
     3.00 deg.: X-S =  1099.587274 mb/sr,
+                                         /R =   8.7266E+00
     4.00 deg.: X-S =  1179.603213 mb/sr,
+                                         /R =   2.9577E+01
     5.00 deg.: X-S =  1112.800777 mb/sr,
+                                         /R =   6.8089E+01
     6.00 deg.: X-S =   979.477190 mb/sr,
+                                         /R =   1.2420E+02
     7.00 deg.: X-S =   821.153095 mb/sr,
+                                         /R =   1.9278E+02
     8.00 deg.: X-S =   661.391931 mb/sr,
+                                         /R =   2.6469E+02
     9.00 deg.: X-S =   513.905798 mb/sr,
+                                         /R =   3.2915E+02
    10.00 deg.: X-S =   385.995350 mb/sr,
+                                         /R =   3.7645E+02
    11.00 deg.: X-S =   280.489680 mb/sr,
+                                         /R =   4.0008E+02
    12.00 deg.: X-S =   197.171768 mb/sr,
+                                         /R =   3.9785E+02
    13.00 deg.: X-S =   133.940299 mb/sr,
+                                         /R =   3.7178E+02
    14.00 deg.: X-S =    87.736290 mb/sr,
+                                         /R =   3.2711E+02
    15.00 deg.: X-S =    55.223648 mb/sr,
+                                         /R =   2.7093E+02
    16.00 deg.: X-S =    33.232325 mb/sr,
+                                         /R =   2.1073E+02
    17.00 deg.: X-S =    19.000024 mb/sr,
+                                         /R =   1.5329E+02
    18.00 deg.: X-S =    10.264482 mb/sr,
+                                         /R =   1.0390E+02
    19.00 deg.: X-S =     5.259879 mb/sr,
+                                         /R =   6.5971E+01
    20.00 deg.: X-S =     2.662287 mb/sr,
+                                         /R =   4.0914E+01
    21.00 deg.: X-S =     1.515886 mb/sr,
+                                         /R =   2.8258E+01
    22.00 deg.: X-S =     1.158779 mb/sr,
+                                         /R =   2.5962E+01
    23.00 deg.: X-S =     1.157077 mb/sr,
+                                         /R =   3.0897E+01
    24.00 deg.: X-S =     1.249312 mb/sr,
+                                         /R =   3.9457E+01
    25.00 deg.: X-S =     1.299970 mb/sr,
+                                         /R =   4.8219E+01
    26.00 deg.: X-S =     1.260205 mb/sr,
+                                         /R =   5.4542E+01
    27.00 deg.: X-S =     1.134570 mb/sr,
+                                         /R =   5.6952E+01
    28.00 deg.: X-S =     0.953840 mb/sr,
+                                         /R =   5.5222E+01
    29.00 deg.: X-S =     0.754745 mb/sr,
+                                         /R =   5.0135E+01
    30.00 deg.: X-S =     0.567289 mb/sr,
+                                         /R =   4.3026E+01
    31.00 deg.: X-S =     0.409313 mb/sr,
+                                         /R =   3.5285E+01
    32.00 deg.: X-S =     0.286757 mb/sr,
+                                         /R =   2.7977E+01
    33.00 deg.: X-S =     0.197189 mb/sr,
+                                         /R =   2.1686E+01
    34.00 deg.: X-S =     0.134165 mb/sr,
+                                         /R =   1.6570E+01
    35.00 deg.: X-S =     0.090681 mb/sr,
+                                         /R =   1.2532E+01
    36.00 deg.: X-S =     0.061002 mb/sr,
+                                         /R =   9.4018E+00
    37.00 deg.: X-S =     0.041092 mb/sr,
+                                         /R =   7.0405E+00
    38.00 deg.: X-S =     0.028268 mb/sr,
+                                         /R =   5.3678E+00
    39.00 deg.: X-S =     0.020668 mb/sr,
+                                         /R =   4.3373E+00
    40.00 deg.: X-S =     0.016857 mb/sr,
+                                         /R =   3.8987E+00
    41.00 deg.: X-S =     0.015606 mb/sr,
+                                         /R =   3.9677E+00
    42.00 deg.: X-S =     0.015800 mb/sr,
+                                         /R =   4.4048E+00
    43.00 deg.: X-S =     0.016418 mb/sr,
+                                         /R =   5.0067E+00
    44.00 deg.: X-S =     0.016593 mb/sr,
+                                         /R =   5.5229E+00
    45.00 deg.: X-S =     0.015750 mb/sr,
+                                         /R =   5.7091E+00
    46.00 deg.: X-S =     0.013732 mb/sr,
+                                         /R =   5.4100E+00
    47.00 deg.: X-S =     0.010840 mb/sr,
+                                         /R =   4.6318E+00
    48.00 deg.: X-S =     0.007685 mb/sr,
+                                         /R =   3.5549E+00
    49.00 deg.: X-S =     0.004926 mb/sr,
+                                         /R =   2.4623E+00
    50.00 deg.: X-S =     0.002990 mb/sr,
+                                         /R =   1.6122E+00
    51.00 deg.: X-S =     0.001933 mb/sr,
+                                         /R =   1.1226E+00
    52.00 deg.: X-S =     0.001499 mb/sr,
+                                         /R =   9.3583E-01
    53.00 deg.: X-S =     0.001318 mb/sr,
+                                         /R =   8.8270E-01
    54.00 deg.: X-S =     0.001113 mb/sr,
+                                         /R =   7.9915E-01
    55.00 deg.: X-S =     0.000805 mb/sr,
+                                         /R =   6.1882E-01
    56.00 deg.: X-S =     0.000469 mb/sr,
+                                         /R =   3.8498E-01
    57.00 deg.: X-S =     0.000214 mb/sr,
+                                         /R =   1.8724E-01
    58.00 deg.: X-S =   8.6839E-05 mb/sr,
+                                         /R =   8.1085E-02
    59.00 deg.: X-S =   5.4223E-05 mb/sr,
+                                         /R =   5.3886E-02
    60.00 deg.: X-S =   5.3624E-05 mb/sr,
+                                         /R =   5.6647E-02
    61.00 deg.: X-S =   5.7360E-05 mb/sr,
+                                         /R =   6.4331E-02
    62.00 deg.: X-S =   8.8571E-05 mb/sr,
+                                         /R =   1.0534E-01
    63.00 deg.: X-S =     0.000183 mb/sr,
+                                         /R =   2.3039E-01
    64.00 deg.: X-S =     0.000336 mb/sr,
+                                         /R =   4.4730E-01
    65.00 deg.: X-S =     0.000485 mb/sr,
+                                         /R =   6.8251E-01
    66.00 deg.: X-S =     0.000546 mb/sr,
+                                         /R =   8.1221E-01
    67.00 deg.: X-S =     0.000477 mb/sr,
+                                         /R =   7.4777E-01
    68.00 deg.: X-S =     0.000309 mb/sr,
+                                         /R =   5.1024E-01
    69.00 deg.: X-S =     0.000132 mb/sr,
+                                         /R =   2.3011E-01
    70.00 deg.: X-S =   3.4847E-05 mb/sr,
+                                         /R =   6.3749E-02
    71.00 deg.: X-S =   4.4228E-05 mb/sr,
+                                         /R =   8.5006E-02
    72.00 deg.: X-S =     0.000116 mb/sr,
+                                         /R =   2.3454E-01
    73.00 deg.: X-S =     0.000174 mb/sr,
+                                         /R =   3.6792E-01
    74.00 deg.: X-S =     0.000166 mb/sr,
+                                         /R =   3.6751E-01
    75.00 deg.: X-S =   9.9862E-05 mb/sr,
+                                         /R =   2.3181E-01
    76.00 deg.: X-S =   2.9728E-05 mb/sr,
+                                         /R =   7.2190E-02
    77.00 deg.: X-S =   7.7420E-06 mb/sr,
+                                         /R =   1.9651E-02
    78.00 deg.: X-S =   4.3859E-05 mb/sr,
+                                         /R =   1.1627E-01
    79.00 deg.: X-S =     0.000101 mb/sr,
+                                         /R =   2.7952E-01
    80.00 deg.: X-S =     0.000128 mb/sr,
+                                         /R =   3.6955E-01
    81.00 deg.: X-S =     0.000102 mb/sr,
+                                         /R =   3.0602E-01
    82.00 deg.: X-S =   4.4307E-05 mb/sr,
+                                         /R =   1.3873E-01
    83.00 deg.: X-S =   3.6345E-06 mb/sr,
+                                         /R =   1.1842E-02
    84.00 deg.: X-S =   1.3927E-05 mb/sr,
+                                         /R =   4.7190E-02
    85.00 deg.: X-S =   6.8240E-05 mb/sr,
+                                         /R =   2.4028E-01
    86.00 deg.: X-S =     0.000125 mb/sr,
+                                         /R =   4.5561E-01
    87.00 deg.: X-S =     0.000140 mb/sr,
+                                         /R =   5.2993E-01
    88.00 deg.: X-S =     0.000103 mb/sr,
+                                         /R =   4.0344E-01
    89.00 deg.: X-S =   4.2390E-05 mb/sr,
+                                         /R =   1.7292E-01
    90.00 deg.: X-S =   4.7500E-06 mb/sr,
+                                         /R =   2.0071E-02
    91.00 deg.: X-S =   1.5647E-05 mb/sr,
+                                         /R =   6.8445E-02
    92.00 deg.: X-S =   6.2434E-05 mb/sr,
+                                         /R =   2.8255E-01
    93.00 deg.: X-S =     0.000105 mb/sr,
+                                         /R =   4.9242E-01
    94.00 deg.: X-S =     0.000109 mb/sr,
+                                         /R =   5.2796E-01
    95.00 deg.: X-S =   7.1573E-05 mb/sr,
+                                         /R =   3.5745E-01
    96.00 deg.: X-S =   2.2841E-05 mb/sr,
+                                         /R =   1.1775E-01
    97.00 deg.: X-S =   1.4918E-06 mb/sr,
+                                         /R =   7.9339E-03
    98.00 deg.: X-S =   2.3440E-05 mb/sr,
+                                         /R =   1.2853E-01
    99.00 deg.: X-S =   6.9996E-05 mb/sr,
+                                         /R =   3.9555E-01
   100.00 deg.: X-S =     0.000103 mb/sr,
+                                         /R =   6.0202E-01
   101.00 deg.: X-S =   9.7178E-05 mb/sr,
+                                         /R =   5.8228E-01
   102.00 deg.: X-S =   5.6530E-05 mb/sr,
+                                         /R =   3.4852E-01
   103.00 deg.: X-S =   1.3815E-05 mb/sr,
+                                         /R =   8.7592E-02
   104.00 deg.: X-S =   2.3518E-06 mb/sr,
+                                         /R =   1.5328E-02
   105.00 deg.: X-S =   3.0165E-05 mb/sr,
+                                         /R =   2.0198E-01
   106.00 deg.: X-S =   7.4141E-05 mb/sr,
+                                         /R =   5.0979E-01
   107.00 deg.: X-S =   9.8840E-05 mb/sr,
+                                         /R =   6.9757E-01
   108.00 deg.: X-S =   8.4696E-05 mb/sr,
+                                         /R =   6.1325E-01
   109.00 deg.: X-S =   4.3215E-05 mb/sr,
+                                         /R =   3.2086E-01
   110.00 deg.: X-S =   7.3901E-06 mb/sr,
+                                         /R =   5.6240E-02
   111.00 deg.: X-S =   5.2842E-06 mb/sr,
+                                         /R =   4.1200E-02
   112.00 deg.: X-S =   3.7868E-05 mb/sr,
+                                         /R =   3.0235E-01
   113.00 deg.: X-S =   7.8578E-05 mb/sr,
+                                         /R =   6.4219E-01
   114.00 deg.: X-S =   9.4690E-05 mb/sr,
+                                         /R =   7.9179E-01
   115.00 deg.: X-S =   7.3377E-05 mb/sr,
+                                         /R =   6.2751E-01
   116.00 deg.: X-S =   3.1776E-05 mb/sr,
+                                         /R =   2.7779E-01
   117.00 deg.: X-S =   3.1996E-06 mb/sr,
+                                         /R =   2.8582E-02
   118.00 deg.: X-S =   1.0575E-05 mb/sr,
+                                         /R =   9.6486E-02
   119.00 deg.: X-S =   4.8213E-05 mb/sr,
+                                         /R =   4.4914E-01
   120.00 deg.: X-S =   8.6342E-05 mb/sr,
+                                         /R =   8.2089E-01
   121.00 deg.: X-S =   9.4749E-05 mb/sr,
+                                         /R =   9.1897E-01
   122.00 deg.: X-S =   6.6760E-05 mb/sr,
+                                         /R =   6.6029E-01
   123.00 deg.: X-S =   2.4546E-05 mb/sr,
+                                         /R =   2.4747E-01
   124.00 deg.: X-S =   1.5336E-06 mb/sr,
+                                         /R =   1.5754E-02
   125.00 deg.: X-S =   1.5867E-05 mb/sr,
+                                         /R =   1.6601E-01
   126.00 deg.: X-S =   5.5966E-05 mb/sr,
+                                         /R =   5.9619E-01
   127.00 deg.: X-S =   8.9696E-05 mb/sr,
+                                         /R =   9.7247E-01
   128.00 deg.: X-S =   8.9952E-05 mb/sr,
+                                         /R =   9.9218E-01
   129.00 deg.: X-S =   5.6389E-05 mb/sr,
+                                         /R =   6.3254E-01
   130.00 deg.: X-S =   1.5959E-05 mb/sr,
+                                         /R =   1.8199E-01
   131.00 deg.: X-S =   1.6180E-06 mb/sr,
+                                         /R =   1.8751E-02
   132.00 deg.: X-S =   2.5971E-05 mb/sr,
+                                         /R =   3.0574E-01
   133.00 deg.: X-S =   7.0815E-05 mb/sr,
+                                         /R =   8.4656E-01
   134.00 deg.: X-S =     0.000101 mb/sr,
+                                         /R =   1.2275E+00
   135.00 deg.: X-S =   9.2888E-05 mb/sr,
+                                         /R =   1.1438E+00
   136.00 deg.: X-S =   5.2286E-05 mb/sr,
+                                         /R =   6.5311E-01
   137.00 deg.: X-S =   1.1572E-05 mb/sr,
+                                         /R =   1.4658E-01
   138.00 deg.: X-S =   3.6677E-06 mb/sr,
+                                         /R =   4.7092E-02
   139.00 deg.: X-S =   3.5858E-05 mb/sr,
+                                         /R =   4.6652E-01
   140.00 deg.: X-S =   8.3402E-05 mb/sr,
+                                         /R =   1.0992E+00
   141.00 deg.: X-S =     0.000109 mb/sr,
+                                         /R =   1.4502E+00
   142.00 deg.: X-S =   9.1090E-05 mb/sr,
+                                         /R =   1.2305E+00
   143.00 deg.: X-S =   4.4270E-05 mb/sr,
+                                         /R =   6.0517E-01
   144.00 deg.: X-S =   6.0908E-06 mb/sr,
+                                         /R =   8.4225E-02
   145.00 deg.: X-S =   8.9774E-06 mb/sr,
+                                         /R =   1.2554E-01
   146.00 deg.: X-S =   5.3490E-05 mb/sr,
+                                         /R =   7.5614E-01
   147.00 deg.: X-S =     0.000107 mb/sr,
+                                         /R =   1.5226E+00
   148.00 deg.: X-S =     0.000127 mb/sr,
+                                         /R =   1.8310E+00
   149.00 deg.: X-S =   9.7653E-05 mb/sr,
+                                         /R =   1.4232E+00
   150.00 deg.: X-S =   4.1496E-05 mb/sr,
+                                         /R =   6.1054E-01
   151.00 deg.: X-S =   3.8996E-06 mb/sr,
+                                         /R =   5.7907E-02
   152.00 deg.: X-S =   1.7662E-05 mb/sr,
+                                         /R =   2.6461E-01
   153.00 deg.: X-S =   7.5724E-05 mb/sr,
+                                         /R =   1.1442E+00
   154.00 deg.: X-S =     0.000135 mb/sr,
+                                         /R =   2.0528E+00
   155.00 deg.: X-S =     0.000148 mb/sr,
+                                         /R =   2.2754E+00
   156.00 deg.: X-S =     0.000104 mb/sr,
+                                         /R =   1.6079E+00
   157.00 deg.: X-S =   3.6412E-05 mb/sr,
+                                         /R =   5.6748E-01
   158.00 deg.: X-S =   1.9676E-06 mb/sr,
+                                         /R =   3.0880E-02
   159.00 deg.: X-S =   3.4582E-05 mb/sr,
+                                         /R =   5.4632E-01
   160.00 deg.: X-S =     0.000117 mb/sr,
+                                         /R =   1.8525E+00
   161.00 deg.: X-S =     0.000188 mb/sr,
+                                         /R =   3.0141E+00
   162.00 deg.: X-S =     0.000194 mb/sr,
+                                         /R =   3.1212E+00
   163.00 deg.: X-S =     0.000126 mb/sr,
+                                         /R =   2.0398E+00
   164.00 deg.: X-S =   3.7536E-05 mb/sr,
+                                         /R =   6.1010E-01
   165.00 deg.: X-S =   4.5181E-06 mb/sr,
+                                         /R =   7.3786E-02
   166.00 deg.: X-S =   6.7642E-05 mb/sr,
+                                         /R =   1.1096E+00
   167.00 deg.: X-S =     0.000195 mb/sr,
+                                         /R =   3.2068E+00
   168.00 deg.: X-S =     0.000298 mb/sr,
+                                         /R =   4.9202E+00
   169.00 deg.: X-S =     0.000296 mb/sr,
+                                         /R =   4.9123E+00
   170.00 deg.: X-S =     0.000184 mb/sr,
+                                         /R =   3.0621E+00
   171.00 deg.: X-S =   4.6859E-05 mb/sr,
+                                         /R =   7.8230E-01
   172.00 deg.: X-S =   1.1620E-05 mb/sr,
+                                         /R =   1.9450E-01
   173.00 deg.: X-S =     0.000157 mb/sr,
+                                         /R =   2.6396E+00
   174.00 deg.: X-S =     0.000449 mb/sr,
+                                         /R =   7.5469E+00
   175.00 deg.: X-S =     0.000744 mb/sr,
+                                         /R =   1.2531E+01
   176.00 deg.: X-S =     0.000877 mb/sr,
+                                         /R =   1.4781E+01
   177.00 deg.: X-S =     0.000763 mb/sr,
+                                         /R =   1.2886E+01
   178.00 deg.: X-S =     0.000467 mb/sr,
+                                         /R =   7.8831E+00
   179.00 deg.: X-S =     0.000162 mb/sr,
+                                         /R =   2.7456E+00
   179.99 deg.: X-S =   3.5155E-05 mb/sr,
+                                         /R =   5.9419E-01
                                           Integrated********** mb, over [   0.000, 180.000] at   370.0000 MeV 
 Finished all xsecs @    4.68750000E-02

  The following files have been created:
   3:local copy of User input.            6:standard output.                   
  13:total cross sections/state.         39:cross sections for each Ecm.       
  40:all cross sectns. for each Elab.    56:Fusion for each Jtotal.            

 PARAMETERS : MAXQRN   MFNL   MLOC  LMAX1 MCLIST
    ALLOWED :      1      1      4    170      6
    REQUIRED:      0      0      4     27      4


 ACCURACY ANALYSIS at   370.000 MeV :

  Elastic h*k = 0.135 so OK       compared with 0.200

   Real(S-el) > 0.01 first at J =       0.5
   Real(S-el) > 0.10 first at J =       0.5
   Real(S-el) > 0.50 first at J =       4.5
   Real(S-el) > 0.90 first at J =      12.5
   Real(S-el) > 0.99 first at J =      18.5
   R-turn =     7.58 fm    at J =      25.5

 Forward-angle excitation cut off below   0.072 deg by max JT =      25.5
                              and below   0.011 deg by max R.

 Total CPU  0 time =       0.06 seconds
