 FRESCO - FRES 3.4: Coupled Reaction Channels
 Assuming NAMELIST input.

 Test reaction with generated potential                                          

   0.040  50.000   0.500   0.000   0.000   0.000   0.000   0.000   0.000   0.000

 Centre-of-mass Range is   1252 * 0.0400 fm., Maximum at  50.00 fm., Interpolating NL forms every  0.52 fm.
 Non - locality width is      4 * 0.0400 fm., Maximum of   0.12 fm., Centred at  0.00 fm.
 2-Nucleon Separation of      0 * 0.5200 fm., Maximum of   0.00 fm., Minimum at  0.00 fm.
 Maximum single particle bins of 49.9200 fm.
               M,Mint =         1251        1249


 Range of total J is     0.0 <= J <=   150.0 (at least     0.0) and Absorbtion =>     0.1000 mb.
 Dry Run = F, CC set limits =  0  0, Relativistic kinematics =  , Both/Far/Near Analyses =  1                     

 Cross Sections (and up to T0 for 0=projectile) for Theta from   0.0 to 180.0 in steps of  1.0 degrees, DGAM=0,  Coordinates = 0 (Mads)

 Lower Radial Cutoff = maximum of -1.60*L*h &       0.0 fm.,  Lower Cutoff for Couplings =   0.0  fm.


 Iterate Couplings between   0 and   0 times, to  0.000 % if sooner.                                          
  Block solved exactly =   0 chs., with Pade = 0 & Isocen =  =0, NOSOL = F, initwf =  0
  NL quadrature with   18 Gaussian points, Calculate multipoles up to   156 from   0
  M-transfers for lp+lt greater than or equal to  6, Angular Integration Cutoff below  2.7778 %


 Trace switches are :  CHANS =  0, LISTCC =  0, TRENEG =  0, CDETR =  0, SMATS =  0, XSTABL =  0, NLPL =  0

                       WAVES =  0, LAMPL =  0, VEFF =  0, KFUS =  0, WDISK =  0, BPM =  0, MELFIL =  0

                       CDCC =  0, NFUS =  0

 Using unit mass = 1.000000 amu and 1/fine-structure constant = 137.03599 ( 1.000000 * true ) with hc = 197.32705 MeV.fm,
  thus 2*amu/hbar^2 = 0.0478450 = 1/20.9008 and Coulomb constant = 0.1574855 so e^2 = 1.43997, and nuclear magneton= 0.1261183

 Now pre-scan input and save to file 3



 *********** PARTITION NUMBER  1 ******************************************************************************************

   PROJ=p          MASS=  1.0000 Z=   1.0,        # STATES=    1T, TARG=4He      MASS=  4.0000 Z=   2.0,     Q-VALUE =   0.0000 MEV.

     1:  J= 0.5+ (B# 1), E=  0.0000, K= 0.5              Potl#  1       J= 0.0+ (B# 1), E=  0.0000, K= 0.0    


 ************************************************************************************************************************************

 The following POTENTIALS are defined :

  KP#       TYPE      IT    SHAPE      at     V1        r1        a1        V2        r2        a2        A-in     A-used


                                            A#1       A#2        r0c       ac                                                h @ 1
    1    0=Coulomb       0=CHARGE (WS)  1     4.000     2.000    4.3872    0.0000    0.0000    0.0000     0.000    23.084   0.04000

    1    1=Volume        0=Woods-Saxon  2   13.5408    1.0485    0.6772   12.8326    1.0485    0.6772     0.000    23.084

    1    2=Surface       0=Woods-Saxon  3    0.0000    0.0000    0.0000    0.2354    1.3172    0.5208     0.000    23.084

    1    3=Projtl S.O.   0=Woods-Saxon  4    2.7382    0.7778    0.5900    0.0000    0.0000    0.0000     0.000    23.084

 Incoming partition  1 in excitation state # 1,   Laboratory Energy given for partition  1 Nucleus 1 in Excitation pair 1

0Lab. ENERGY ranges :

   from    185.000     to   0.00000     in     0 intervals
   from    0.00000     to   0.00000     in     0 intervals
   from    0.00000     to   0.00000     in     0 intervals

 Largest real,imaginary parts of any form factor at R=   49.60 are   2.90E-02  1.64E-29 MeV
 Finished all Couplings @    1.56250000E-02           4

 Symmetric Hamiltonian
1***********************************************************************************************************************************
************************************************************************************************************************************

        INCOMING p        ;    LABORATORY p        ENERGY =   185.00     MeV.

 ***********************************************************************************************************************************
 ***********************************************************************************************************************************


  NOTE: Coulomb excitation cut off below   0.018 deg by JTMAX, and below   0.022 deg by Rmax

 Allocate arrays for            2  channels, of which            1  need wfs.
 Reaction Xsec    19.5+/20 @ 1 =   0.041 , Out:   0.000#
 Reaction Xsec    19.5-/19 @ 1 =   0.073 , Out:   0.000#
 Finished all CC sets @    3.12500000E-02
0CUMULATIVE REACTION cross section                 =  269.86866  <L> =     6.10  <L**2> =     47.0
0CUMULATIVE outgoing cross sections in partition 1 :    0.00000
0Cumulative ABSORBTION by Imaginary Potentials     =  269.86866  <L> =     6.10  <L**2> =     47.0
   Fusion for specific p        M-states :  269.868660  269.868660
0CUMULATIVE OUTGOING cross section                 =    0.00000
 To convert to S-factors (MeV.mb = keV.b),  multiply by  1.7118E+02


 CROSS SECTIONS FOR OUTGOING p        & 4He      in state #   1 with spins & parities 0.5  + &  0.0  +;  0

     0.01 deg.: X-S =   4.0806E+12 mb/sr,
+                                         /R =   9.9997E-01
     1.00 deg.: X-S =   3.2994E+04 mb/sr,
+                                         /R =   8.0850E-01
     2.00 deg.: X-S =  1322.233784 mb/sr,
+                                         /R =   5.1833E-01
     3.00 deg.: X-S =   432.023103 mb/sr,
+                                         /R =   8.5716E-01
     4.00 deg.: X-S =   451.063647 mb/sr,
+                                         /R =   2.8274E+00
     5.00 deg.: X-S =   488.414864 mb/sr,
+                                         /R =   7.4711E+00
     6.00 deg.: X-S =   492.669183 mb/sr,
+                                         /R =   1.5618E+01
     7.00 deg.: X-S =   471.592686 mb/sr,
+                                         /R =   2.7679E+01
     8.00 deg.: X-S =   434.973021 mb/sr,
+                                         /R =   4.3519E+01
     9.00 deg.: X-S =   389.990858 mb/sr,
+                                         /R =   6.2446E+01
    10.00 deg.: X-S =   341.625454 mb/sr,
+                                         /R =   8.3294E+01
    11.00 deg.: X-S =   293.287471 mb/sr,
+                                         /R =   1.0458E+02
    12.00 deg.: X-S =   247.253897 mb/sr,
+                                         /R =   1.2473E+02
    13.00 deg.: X-S =   204.957289 mb/sr,
+                                         /R =   1.4223E+02
    14.00 deg.: X-S =   167.193805 mb/sr,
+                                         /R =   1.5584E+02
    15.00 deg.: X-S =   134.285642 mb/sr,
+                                         /R =   1.6470E+02
    16.00 deg.: X-S =   106.213699 mb/sr,
+                                         /R =   1.6838E+02
    17.00 deg.: X-S =    82.726579 mb/sr,
+                                         /R =   1.6685E+02
    18.00 deg.: X-S =    63.428258 mb/sr,
+                                         /R =   1.6051E+02
    19.00 deg.: X-S =    47.845983 mb/sr,
+                                         /R =   1.5002E+02
    20.00 deg.: X-S =    35.480324 mb/sr,
+                                         /R =   1.3632E+02
    21.00 deg.: X-S =    25.839924 mb/sr,
+                                         /R =   1.2042E+02
    22.00 deg.: X-S =    18.463825 mb/sr,
+                                         /R =   1.0342E+02
    23.00 deg.: X-S =    12.934260 mb/sr,
+                                         /R =   8.6346E+01
    24.00 deg.: X-S =     8.882571 mb/sr,
+                                         /R =   7.0135E+01
    25.00 deg.: X-S =     5.990455 mb/sr,
+                                         /R =   5.5550E+01
    26.00 deg.: X-S =     3.988290 mb/sr,
+                                         /R =   4.3154E+01
    27.00 deg.: X-S =     2.651807 mb/sr,
+                                         /R =   3.3278E+01
    28.00 deg.: X-S =     1.797986 mb/sr,
+                                         /R =   2.6024E+01
    29.00 deg.: X-S =     1.280703 mb/sr,
+                                         /R =   2.1268E+01
    30.00 deg.: X-S =     0.986375 mb/sr,
+                                         /R =   1.8703E+01
    31.00 deg.: X-S =     0.829714 mb/sr,
+                                         /R =   1.7881E+01
    32.00 deg.: X-S =     0.749557 mb/sr,
+                                         /R =   1.8283E+01
    33.00 deg.: X-S =     0.704738 mb/sr,
+                                         /R =   1.9376E+01
    34.00 deg.: X-S =     0.670024 mb/sr,
+                                         /R =   2.0688E+01
    35.00 deg.: X-S =     0.632185 mb/sr,
+                                         /R =   2.1842E+01
    36.00 deg.: X-S =     0.586350 mb/sr,
+                                         /R =   2.2593E+01
    37.00 deg.: X-S =     0.532811 mb/sr,
+                                         /R =   2.2822E+01
    38.00 deg.: X-S =     0.474460 mb/sr,
+                                         /R =   2.2524E+01
    39.00 deg.: X-S =     0.414922 mb/sr,
+                                         /R =   2.1768E+01
    40.00 deg.: X-S =     0.357408 mb/sr,
+                                         /R =   2.0666E+01
    41.00 deg.: X-S =     0.304174 mb/sr,
+                                         /R =   1.9333E+01
    42.00 deg.: X-S =     0.256444 mb/sr,
+                                         /R =   1.7873E+01
    43.00 deg.: X-S =     0.214598 mb/sr,
+                                         /R =   1.6361E+01
    44.00 deg.: X-S =     0.178463 mb/sr,
+                                         /R =   1.4850E+01
    45.00 deg.: X-S =     0.147592 mb/sr,
+                                         /R =   1.3375E+01
    46.00 deg.: X-S =     0.121454 mb/sr,
+                                         /R =   1.1962E+01
    47.00 deg.: X-S =     0.099538 mb/sr,
+                                         /R =   1.0633E+01
    48.00 deg.: X-S =     0.081389 mb/sr,
+                                         /R =   9.4123E+00
    49.00 deg.: X-S =     0.066599 mb/sr,
+                                         /R =   8.3225E+00
    50.00 deg.: X-S =     0.054789 mb/sr,
+                                         /R =   7.3852E+00
    51.00 deg.: X-S =     0.045591 mb/sr,
+                                         /R =   6.6175E+00
    52.00 deg.: X-S =     0.038634 mb/sr,
+                                         /R =   6.0285E+00
    53.00 deg.: X-S =     0.033533 mb/sr,
+                                         /R =   5.6165E+00
    54.00 deg.: X-S =     0.029888 mb/sr,
+                                         /R =   5.3650E+00
    55.00 deg.: X-S =     0.027286 mb/sr,
+                                         /R =   5.2413E+00
    56.00 deg.: X-S =     0.025315 mb/sr,
+                                         /R =   5.1963E+00
    57.00 deg.: X-S =     0.023599 mb/sr,
+                                         /R =   5.1693E+00
    58.00 deg.: X-S =     0.021836 mb/sr,
+                                         /R =   5.0973E+00
    59.00 deg.: X-S =     0.019832 mb/sr,
+                                         /R =   4.9271E+00
    60.00 deg.: X-S =     0.017522 mb/sr,
+                                         /R =   4.6276E+00
    61.00 deg.: X-S =     0.014969 mb/sr,
+                                         /R =   4.1970E+00
    62.00 deg.: X-S =     0.012323 mb/sr,
+                                         /R =   3.6640E+00
    63.00 deg.: X-S =     0.009777 mb/sr,
+                                         /R =   3.0791E+00
    64.00 deg.: X-S =     0.007507 mb/sr,
+                                         /R =   2.5014E+00
    65.00 deg.: X-S =     0.005630 mb/sr,
+                                         /R =   1.9827E+00
    66.00 deg.: X-S =     0.004184 mb/sr,
+                                         /R =   1.5558E+00
    67.00 deg.: X-S =     0.003136 mb/sr,
+                                         /R =   1.2296E+00
    68.00 deg.: X-S =     0.002403 mb/sr,
+                                         /R =   9.9299E-01
    69.00 deg.: X-S =     0.001893 mb/sr,
+                                         /R =   8.2319E-01
    70.00 deg.: X-S =     0.001523 mb/sr,
+                                         /R =   6.9662E-01
    71.00 deg.: X-S =     0.001241 mb/sr,
+                                         /R =   5.9609E-01
    72.00 deg.: X-S =     0.001017 mb/sr,
+                                         /R =   5.1304E-01
    73.00 deg.: X-S =     0.000841 mb/sr,
+                                         /R =   4.4475E-01
    74.00 deg.: X-S =     0.000703 mb/sr,
+                                         /R =   3.8962E-01
    75.00 deg.: X-S =     0.000592 mb/sr,
+                                         /R =   3.4359E-01
    76.00 deg.: X-S =     0.000495 mb/sr,
+                                         /R =   3.0035E-01
    77.00 deg.: X-S =     0.000402 mb/sr,
+                                         /R =   2.5479E-01
    78.00 deg.: X-S =     0.000313 mb/sr,
+                                         /R =   2.0759E-01
    79.00 deg.: X-S =     0.000242 mb/sr,
+                                         /R =   1.6756E-01
    80.00 deg.: X-S =     0.000207 mb/sr,
+                                         /R =   1.4945E-01
    81.00 deg.: X-S =     0.000223 mb/sr,
+                                         /R =   1.6740E-01
    82.00 deg.: X-S =     0.000290 mb/sr,
+                                         /R =   2.2680E-01
    83.00 deg.: X-S =     0.000391 mb/sr,
+                                         /R =   3.1863E-01
    84.00 deg.: X-S =     0.000495 mb/sr,
+                                         /R =   4.1963E-01
    85.00 deg.: X-S =     0.000567 mb/sr,
+                                         /R =   4.9921E-01
    86.00 deg.: X-S =     0.000580 mb/sr,
+                                         /R =   5.3049E-01
    87.00 deg.: X-S =     0.000528 mb/sr,
+                                         /R =   5.0095E-01
    88.00 deg.: X-S =     0.000424 mb/sr,
+                                         /R =   4.1761E-01
    89.00 deg.: X-S =     0.000298 mb/sr,
+                                         /R =   3.0441E-01
    90.00 deg.: X-S =     0.000182 mb/sr,
+                                         /R =   1.9254E-01
    91.00 deg.: X-S =   9.8836E-05 mb/sr,
+                                         /R =   1.0808E-01
    92.00 deg.: X-S =   5.5285E-05 mb/sr,
+                                         /R =   6.2549E-02
    93.00 deg.: X-S =   4.3159E-05 mb/sr,
+                                         /R =   5.0490E-02
    94.00 deg.: X-S =   4.5524E-05 mb/sr,
+                                         /R =   5.5034E-02
    95.00 deg.: X-S =   4.6726E-05 mb/sr,
+                                         /R =   5.8340E-02
    96.00 deg.: X-S =   4.0035E-05 mb/sr,
+                                         /R =   5.1596E-02
    97.00 deg.: X-S =   2.9689E-05 mb/sr,
+                                         /R =   3.9473E-02
    98.00 deg.: X-S =   2.6807E-05 mb/sr,
+                                         /R =   3.6749E-02
    99.00 deg.: X-S =   4.1688E-05 mb/sr,
+                                         /R =   5.8894E-02
   100.00 deg.: X-S =   7.6670E-05 mb/sr,
+                                         /R =   1.1156E-01
   101.00 deg.: X-S =     0.000123 mb/sr,
+                                         /R =   1.8469E-01
   102.00 deg.: X-S =     0.000165 mb/sr,
+                                         /R =   2.5470E-01
   103.00 deg.: X-S =     0.000186 mb/sr,
+                                         /R =   2.9431E-01
   104.00 deg.: X-S =     0.000175 mb/sr,
+                                         /R =   2.8529E-01
   105.00 deg.: X-S =     0.000136 mb/sr,
+                                         /R =   2.2806E-01
   106.00 deg.: X-S =   8.3079E-05 mb/sr,
+                                         /R =   1.4281E-01
   107.00 deg.: X-S =   3.4792E-05 mb/sr,
+                                         /R =   6.1386E-02
   108.00 deg.: X-S =   7.2853E-06 mb/sr,
+                                         /R =   1.3187E-02
   109.00 deg.: X-S =   6.4304E-06 mb/sr,
+                                         /R =   1.1936E-02
   110.00 deg.: X-S =   2.6101E-05 mb/sr,
+                                         /R =   4.9658E-02
   111.00 deg.: X-S =   5.1847E-05 mb/sr,
+                                         /R =   1.0106E-01
   112.00 deg.: X-S =   6.8307E-05 mb/sr,
+                                         /R =   1.3635E-01
   113.00 deg.: X-S =   6.6716E-05 mb/sr,
+                                         /R =   1.3631E-01
   114.00 deg.: X-S =   4.8890E-05 mb/sr,
+                                         /R =   1.0220E-01
   115.00 deg.: X-S =   2.5854E-05 mb/sr,
+                                         /R =   5.5275E-02
   116.00 deg.: X-S =   1.1891E-05 mb/sr,
+                                         /R =   2.5989E-02
   117.00 deg.: X-S =   1.7018E-05 mb/sr,
+                                         /R =   3.8007E-02
   118.00 deg.: X-S =   4.1637E-05 mb/sr,
+                                         /R =   9.4979E-02
   119.00 deg.: X-S =   7.5994E-05 mb/sr,
+                                         /R =   1.7699E-01
   120.00 deg.: X-S =     0.000105 mb/sr,
+                                         /R =   2.4892E-01
   121.00 deg.: X-S =     0.000114 mb/sr,
+                                         /R =   2.7709E-01
   122.00 deg.: X-S =   9.9547E-05 mb/sr,
+                                         /R =   2.4614E-01
   123.00 deg.: X-S =   6.6534E-05 mb/sr,
+                                         /R =   1.6769E-01
   124.00 deg.: X-S =   2.9623E-05 mb/sr,
+                                         /R =   7.6075E-02
   125.00 deg.: X-S =   4.8291E-06 mb/sr,
+                                         /R =   1.2632E-02
   126.00 deg.: X-S =   2.2370E-06 mb/sr,
+                                         /R =   5.9577E-03
   127.00 deg.: X-S =   2.1286E-05 mb/sr,
+                                         /R =   5.7696E-02
   128.00 deg.: X-S =   5.1199E-05 mb/sr,
+                                         /R =   1.4118E-01
   129.00 deg.: X-S =   7.6338E-05 mb/sr,
+                                         /R =   2.1408E-01
   130.00 deg.: X-S =   8.3915E-05 mb/sr,
+                                         /R =   2.3923E-01
   131.00 deg.: X-S =   7.0275E-05 mb/sr,
+                                         /R =   2.0360E-01
   132.00 deg.: X-S =   4.2709E-05 mb/sr,
+                                         /R =   1.2569E-01
   133.00 deg.: X-S =   1.5852E-05 mb/sr,
+                                         /R =   4.7374E-02
   134.00 deg.: X-S =   4.4051E-06 mb/sr,
+                                         /R =   1.3364E-02
   135.00 deg.: X-S =   1.5716E-05 mb/sr,
+                                         /R =   4.8382E-02
   136.00 deg.: X-S =   4.5873E-05 mb/sr,
+                                         /R =   1.4325E-01
   137.00 deg.: X-S =   8.1312E-05 mb/sr,
+                                         /R =   2.5748E-01
   138.00 deg.: X-S =     0.000105 mb/sr,
+                                         /R =   3.3784E-01
   139.00 deg.: X-S =     0.000106 mb/sr,
+                                         /R =   3.4444E-01
   140.00 deg.: X-S =   8.2443E-05 mb/sr,
+                                         /R =   2.7163E-01
   141.00 deg.: X-S =   4.5828E-05 mb/sr,
+                                         /R =   1.5290E-01
   142.00 deg.: X-S =   1.3749E-05 mb/sr,
+                                         /R =   4.6434E-02
   143.00 deg.: X-S =   2.2181E-06 mb/sr,
+                                         /R =   7.5803E-03
   144.00 deg.: X-S =   1.7671E-05 mb/sr,
+                                         /R =   6.1088E-02
   145.00 deg.: X-S =   5.3523E-05 mb/sr,
+                                         /R =   1.8711E-01
   146.00 deg.: X-S =   9.2995E-05 mb/sr,
+                                         /R =   3.2864E-01
   147.00 deg.: X-S =     0.000117 mb/sr,
+                                         /R =   4.1797E-01
   148.00 deg.: X-S =     0.000114 mb/sr,
+                                         /R =   4.0997E-01
   149.00 deg.: X-S =   8.4034E-05 mb/sr,
+                                         /R =   3.0618E-01
   150.00 deg.: X-S =   4.2661E-05 mb/sr,
+                                         /R =   1.5692E-01
   151.00 deg.: X-S =   1.0564E-05 mb/sr,
+                                         /R =   3.9217E-02
   152.00 deg.: X-S =   5.2992E-06 mb/sr,
+                                         /R =   1.9847E-02
   153.00 deg.: X-S =   3.2044E-05 mb/sr,
+                                         /R =   1.2105E-01
   154.00 deg.: X-S =   8.0366E-05 mb/sr,
+                                         /R =   3.0609E-01
   155.00 deg.: X-S =     0.000129 mb/sr,
+                                         /R =   4.9331E-01
   156.00 deg.: X-S =     0.000153 mb/sr,
+                                         /R =   5.9367E-01
   157.00 deg.: X-S =     0.000142 mb/sr,
+                                         /R =   5.5496E-01
   158.00 deg.: X-S =   9.9705E-05 mb/sr,
+                                         /R =   3.9119E-01
   159.00 deg.: X-S =   4.5955E-05 mb/sr,
+                                         /R =   1.8150E-01
   160.00 deg.: X-S =   9.2333E-06 mb/sr,
+                                         /R =   3.6698E-02
   161.00 deg.: X-S =   1.1753E-05 mb/sr,
+                                         /R =   4.6994E-02
   162.00 deg.: X-S =   5.8474E-05 mb/sr,
+                                         /R =   2.3514E-01
   163.00 deg.: X-S =     0.000133 mb/sr,
+                                         /R =   5.3822E-01
   164.00 deg.: X-S =     0.000204 mb/sr,
+                                         /R =   8.2974E-01
   165.00 deg.: X-S =     0.000239 mb/sr,
+                                         /R =   9.7503E-01
   166.00 deg.: X-S =     0.000219 mb/sr,
+                                         /R =   8.9674E-01
   167.00 deg.: X-S =     0.000151 mb/sr,
+                                         /R =   6.2021E-01
   168.00 deg.: X-S =   6.6597E-05 mb/sr,
+                                         /R =   2.7529E-01
   169.00 deg.: X-S =   1.1941E-05 mb/sr,
+                                         /R =   4.9533E-02
   170.00 deg.: X-S =   2.6278E-05 mb/sr,
+                                         /R =   1.0936E-01
   171.00 deg.: X-S =     0.000125 mb/sr,
+                                         /R =   5.2206E-01
   172.00 deg.: X-S =     0.000290 mb/sr,
+                                         /R =   1.2135E+00
   173.00 deg.: X-S =     0.000473 mb/sr,
+                                         /R =   1.9834E+00
   174.00 deg.: X-S =     0.000613 mb/sr,
+                                         /R =   2.5756E+00
   175.00 deg.: X-S =     0.000660 mb/sr,
+                                         /R =   2.7780E+00
   176.00 deg.: X-S =     0.000596 mb/sr,
+                                         /R =   2.5109E+00
   177.00 deg.: X-S =     0.000442 mb/sr,
+                                         /R =   1.8665E+00
   178.00 deg.: X-S =     0.000256 mb/sr,
+                                         /R =   1.0812E+00
   179.00 deg.: X-S =     0.000106 mb/sr,
+                                         /R =   4.4847E-01
   179.99 deg.: X-S =   4.9009E-05 mb/sr,
+                                         /R =   2.0709E-01
                                           Integrated********** mb, over [   0.000, 180.000] at   185.0000 MeV 
 Finished all xsecs @    6.25000000E-02

  The following files have been created:
   3:local copy of User input.            6:standard output.                   
  13:total cross sections/state.         39:cross sections for each Ecm.       
  40:all cross sectns. for each Elab.    56:Fusion for each Jtotal.            

 PARAMETERS : MAXQRN   MFNL   MLOC  LMAX1 MCLIST
    ALLOWED :      1      1      4    170      6
    REQUIRED:      0      0      4     21      4


 ACCURACY ANALYSIS at   185.000 MeV :

  Elastic h*k = 0.095 so OK       compared with 0.200

   Real(S-el) > 0.01 first at J =       0.5
   Real(S-el) > 0.10 first at J =       0.5
   Real(S-el) > 0.50 first at J =       2.5
   Real(S-el) > 0.90 first at J =       8.5
   Real(S-el) > 0.99 first at J =      13.5
   R-turn =     8.20 fm    at J =      19.5

 Forward-angle excitation cut off below   0.133 deg by max JT =      19.5
                              and below   0.022 deg by max R.

 Total CPU  0 time =       0.06 seconds
