 FRESCO - FRES 3.4: Coupled Reaction Channels
 Assuming NAMELIST input.

 4He(4He,n)7Be  E=355 MeV  Q=-18.990  [he4_he4_n_be7]                            

   0.050  30.000   0.250   0.100  30.000   0.000   0.000   0.000   0.000   0.000

 Centre-of-mass Range is    602 * 0.0500 fm., Maximum at  30.00 fm., Interpolating NL forms every  0.25 fm.
 Non - locality width is    301 * 0.1000 fm., Maximum of  30.00 fm., Centred at  0.00 fm.
 2-Nucleon Separation of      0 * 0.2500 fm., Maximum of   0.00 fm., Minimum at  0.00 fm.
 Maximum single particle bins of 30.0000 fm.
               M,Mint =          601         601


 Range of total J is     0.0 <= J <=    80.0 (at least     0.0) and Absorbtion =>    -1.0000 mb.
 Dry Run = F, CC set limits =  0  0, Relativistic kinematics = a, Both/Far/Near Analyses =  1                     

 Cross Sections (and up to T0 for 0=projectile) for Theta from   0.0 to 180.0 in steps of  1.0 degrees, DGAM=0,  Coordinates = 0 (Mads)

 Lower Radial Cutoff = maximum of  3.00*L*h &       0.0 fm.,  Lower Cutoff for Couplings =   0.0  fm.


 Iterate Couplings between   1 and   1 times, to  0.000 % if sooner.                                          
  Block solved exactly =   0 chs., with Pade = 0 & Isocen =  =0, NOSOL = F, initwf =  0
  NL quadrature with   18 Gaussian points, Calculate multipoles up to    86 from   0
  M-transfers for lp+lt greater than or equal to  6, Angular Integration Cutoff below  2.7778 %


 Trace switches are :  CHANS =  1, LISTCC =  0, TRENEG =  0, CDETR =  0, SMATS =  2, XSTABL =  1, NLPL =  0

                       WAVES =  0, LAMPL =  0, VEFF =  0, KFUS =  0, WDISK =  0, BPM =  0, MELFIL =  0

                       CDCC =  0, NFUS =  0

 Using unit mass = 1.000000 amu and 1/fine-structure constant = 137.03599 ( 1.000000 * true ) with hc = 197.32705 MeV.fm,
  thus 2*amu/hbar^2 = 0.0478450 = 1/20.9008 and Coulomb constant = 0.1574855 so e^2 = 1.43997, and nuclear magneton= 0.1261183

 Now pre-scan input and save to file 3



 *********** PARTITION NUMBER  1 ******************************************************************************************

   PROJ=4He        MASS=  4.0000 Z=   2.0,        # STATES=    1T, TARG=4He      MASS=  4.0000 Z=   2.0,     Q-VALUE =   0.0000 MEV.

     1:  J= 0.0+ (B# 1), E=  0.0000, K= 0.0              Potl#  1       J= 0.0+ (B# 1), E=  0.0000, K= 0.0    


 *********** PARTITION NUMBER  2 ******************************************************************************************

   PROJ=n          MASS=  1.0000 Z=   0.0,        # STATES=    1T, TARG=7Be      MASS=  7.0000 Z=   4.0,     Q-VALUE = -18.9900 MEV.

     1:  J= 0.5+ (B# 1), E=  0.0000, K= 0.5              Potl#  2       J= 1.5- (B#-1), E=  0.0000, K= 0.5    
0****** WARNING : COMPARED WITH PARTITION  1, THIS PARTITION HAS TOTAL MASS & CHARGE EXCESSES  -0.02039 &   0.0000


 ************************************************************************************************************************************

 The following POTENTIALS are defined :

  KP#       TYPE      IT    SHAPE      at     V1        r1        a1        V2        r2        a2        A-in     A-used


                                            A#1       A#2        r0c       ac                                                h @ 1
    1    0=Coulomb       0=CHARGE (WS)  1     4.000     4.000    1.4000    0.0000    0.0000    0.0000     0.000    32.000   0.05000

    1    1=Volume        0=Woods-Saxon  2  120.0000    1.4000    0.5500   15.0000    1.4000    0.5500     0.000    32.000
   --------------------------------------------------------------------------------------------------------------------

                                            A#1       A#2        r0c       ac                                                h @ 2
    2    0=Coulomb       0=CHARGE (WS)  3     1.000     7.000    0.0000    0.0000    0.0000    0.0000     0.000    24.717   0.05000

    2    1=Volume        0=Woods-Saxon  4   48.0000    1.2000    0.6500    0.0000    1.2000    0.6500     0.000    24.717

    2    2=Surface       0=Woods-Saxon  5    0.0000    0.0000    0.0000    6.0000    1.3000    0.5000     0.000    24.717

    2    3=Projtl S.O.   0=Woods-Saxon  6    5.5000    1.0000    0.5000    0.0000    0.0000    0.0000     0.000    24.717
   --------------------------------------------------------------------------------------------------------------------

    3    1=Volume        0=Woods-Saxon  7   50.0000    1.2500    0.6500    0.0000    0.0000    0.0000     0.000    24.717

    3    3=Projtl S.O.   0=Woods-Saxon  8    6.0000    1.2500    0.6500    0.0000    0.0000    0.0000     0.000    24.717
   --------------------------------------------------------------------------------------------------------------------

    4    1=Volume        0=Woods-Saxon  9   50.0000    1.2500    0.6500    0.0000    0.0000    0.0000     0.000    24.717

    4    3=Projtl S.O.   0=Woods-Saxon 10    6.0000    1.2500    0.6500    0.0000    0.0000    0.0000     0.000    24.717


 ************************************************************************************************************************************

 The following SINGLE-PARTICLE FORM FACTORS are constructed :


 No.   P1 P2 IN KIND T N  L  S1 IA J/S  IB BIND XFER  BE    SC PC FIL AFRAC Adjust  to  Z  Mass   K     Norm    rms      D0     D   ANC/Gsp

    1:  2  1  1  0     1  0 0.5  1 0.5   0   3   0  20.5780  1  0  0 0.0000 VR  0.7477; 2. 3.000 0.8593 1.0000  2.579 -439.6-1093.5 11.0687

    2:  1  2  2  0     2  1 0.5  1 1.5   0   4   0   1.5870  1  0  0 0.0000 VR  0.7022; 2. 3.000 0.3608 1.0000  4.679   92.7  150.1-16.0626

 ************************************************************************************************************************************

 TWO-way COUPLING # 1 for partitions  2 <-  1 of KIND  7,   0 -1  5 -1 -1 & P1,P2 =    0.0000   0.0000 : for J <=    80.5 & R <  29.8 fm.


 data =  1  1  1  1  1.0000,  so  < [4He      #  1] / [n        #  1]  * Eigen-form #  1>  =   1.0000            BE = 20.578     1

 data =  2  1  1  2  1.0000,  so  < [7Be      #  1] / [4He      #  1]  * Eigen-form #  2>  =   1.0000            BE =  1.587     2
 KNT =   2, KNP =   1: NK,NG,loc=   1   1   1  11  T  T  F

     So FINITE-RANGE TRANSFER : IP1 = 0 (POST    ), IP2=-1 =COMPLEX     ,  for   1 pairs of bound states summed into   1 pairs
      The main coupling potential is that binding the transferred particle to the n        core.

          Using between n        & 4He      the potential No.   5, and subtracting optical potential No.  2

   A real*8 is            8  bytes
   NLL,NLN,NLO =         120         121         301
0File   9 needs RL =   72240    REAL*8 numbers, and NR =    88. i.e.    50.86 Megabytes
   File            9  RECL =      577920
0RECOMMENDED NON-LOCAL WIDTH IS GREATER THAN   12.20 FM.,  RECOMMENDED CENTRATION   1.20, after    0.32 secs.
0Relative non-local usages (rms) are
    0.000   0.000   0.000   0.000   0.000   0.000   0.000   0.000   0.000   0.000   0.000   0.000   0.000   0.000   0.000
    0.000   0.000   0.000   0.000   0.000   0.000   0.000   0.000   0.000   0.000   0.000   0.000   0.000   0.000   0.000
    0.000   0.000   0.000   0.000   0.000   0.000   0.000   0.000   0.000   0.000   0.000   0.000   0.000   0.000   0.000
    0.000   0.000   0.000   0.000   0.000   0.000   0.000   0.000   0.000   0.000   0.000   0.000   0.000   0.000   0.000
    0.000   0.000   0.000   0.000   0.000   0.000   0.000   0.000   0.000   0.000   0.000   0.000   0.000   0.000   0.000
    0.000   0.000   0.000   0.000   0.000   0.000   0.001   0.001   0.001   0.002   0.003   0.005   0.006   0.009   0.012
    0.014   0.022   0.028   0.039   0.052   0.063   0.096   0.120   0.167   0.223   0.266   0.398   0.493   0.674   0.885
    1.047   1.517   1.856   2.444   3.128   3.647   4.953   5.909   7.336   8.967  10.197  12.757  14.660  17.125  19.854
   21.876  25.543  28.263  31.490  34.978  37.503  41.815  44.994  48.622  52.516  55.287  59.928  63.315  67.084  71.071
   73.831  78.314  81.483  84.794  88.183  90.288  93.587  95.594  97.383  98.939  99.288 100.000  99.516  98.196  96.260
   93.695  90.783  87.201  82.652  77.504  71.954  66.183  60.433  54.899  49.518  44.395  39.665  35.425  31.793  28.839
   26.591  25.018  24.020  23.451  23.146  22.970  22.812  22.596  22.277  21.831  21.257  20.563  19.764  18.882  17.939
   16.955  15.951  14.944  13.950  12.979  12.042  11.144  10.292   9.486   8.729   8.021   7.361   6.747   6.177   5.650
    5.163   4.713   4.299   3.917   3.566   3.243   2.947   2.675   2.426   2.198   1.989   1.798   1.624   1.465   1.321
    1.189   1.070   0.961   0.863   0.774   0.694   0.621   0.556   0.497   0.444   0.396   0.353   0.315   0.280   0.250
    0.222   0.198   0.176   0.156   0.139   0.123   0.109   0.097   0.086   0.076   0.068   0.060   0.053   0.047   0.042
    0.037   0.033   0.029   0.026   0.023   0.020   0.018   0.016   0.014   0.012   0.011   0.010   0.009   0.008   0.007
    0.006   0.005   0.005   0.004   0.004   0.003   0.003   0.003   0.002   0.002   0.002   0.002   0.001   0.001   0.001
    0.001   0.001   0.001   0.001   0.001   0.001   0.000   0.000   0.000   0.000   0.000   0.000   0.000   0.000   0.000
    0.000   0.000   0.000   0.000   0.000   0.000   0.000   0.000   0.000   0.000   0.000   0.000   0.000   0.000   0.000
    0.000

 Incoming partition  1 in excitation state # 1,   Laboratory Energy given for partition  1 Nucleus 1 in Excitation pair 1

0Lab. ENERGY ranges :

   from    355.000     to   0.00000     in     0 intervals
   from    0.00000     to   0.00000     in     0 intervals
   from    0.00000     to   0.00000     in     0 intervals

 Largest real,imaginary parts of any form factor at R=   29.50 are   4.88E-02  2.46E-19 MeV
 Finished all Couplings @   0.359375000              10

 Symmetric Hamiltonian
1***********************************************************************************************************************************
************************************************************************************************************************************

        INCOMING 4He      ;    LABORATORY 4He      ENERGY =   355.00     MeV.

 ***********************************************************************************************************************************
 ***********************************************************************************************************************************


 Accuracy analysis at   355.000 MeV in ch.  1:  Elastic h*k = 0.206 so NOT OK   compared with 0.200


  NOTE: Coulomb excitation cut off below   0.095 deg by JTMAX, and below   0.062 deg by Rmax

 Allocate arrays for            2  channels, of which            2  need wfs.

 ######################################################################################################################
 #                                                                                                                    #
 # Total SPIN and PARITY =     0.0 +,      2 channels,    0 in 1st block.  Rmin & Coul turning =    0.0    0.0 fm.  #
 #                                                                                                                    #
 ######################################################################################################################



    C Projectl Target   #   EX.   (L  Proj) J  + Targ = Jtotal     E-cm      Re K     Re Eta     RM*K            CH
    1 4He      4He      #    1: I   0 0.0    0.0  0.0     0.0   177.50000   4.12129   0.06687  123.6386   0.32582  -0.37945 1 1 1   1
    2 n        7Be      #    1:     1 0.5    1.5  1.5     0.0   166.82618   2.64274   0.00000   79.2822  -0.36415  -0.34268 2 1 2   1
   S-matrix    1 =    0.11457  -0.26743 for L=    0, J=    0.0 channel on core I =   0.0 from L=    0,  Acc. loss =  0.0 D.
 Elastic phase shift   1 =  -33.405  35.370 deg. for the L =    0, J =    0.0 channel.
       0.0  0.11456861 -0.26742957i: elastic S-matrix  @@      0.00  0   0 F  0
 Reaction Xsec     0.0+/ 0 @ 1 =   1.693 , Out:   0.000#   0.007#   1.693f

 Allocate arrays for            4  channels, of which            4  need wfs.

 Total SPIN, PARITY =     1.0 -,      4 chs,      0 cc.  Rmin & Coul turning =    0.2    0.4
   S-matrix    1 =    0.04687  -0.28949 for L=    1, J=    1.0 channel on core I =   0.0 from L=    1,  Acc. loss =  0.0 D.
 Elastic phase shift   1 =  -40.402  35.142 deg. for the L =    1, J =    1.0 channel.
       1.0  0.04686807 -0.28949184i: elastic S-matrix  @@      0.03  0   0 F  0
 Reaction Xsec     1.0-/ 1 @ 1 =   5.072 , Out:   0.000#   0.001#   5.072f

 Allocate arrays for            5  channels, of which            5  need wfs.

 Total SPIN, PARITY =     2.0 +,      5 chs,      0 cc.  Rmin & Coul turning =    0.3    0.6
   S-matrix    1 =    0.00370  -0.29627 for L=    2, J=    2.0 channel on core I =   0.0 from L=    2,  Acc. loss =  0.0 D.
 Elastic phase shift   1 =  -44.642  34.847 deg. for the L =    2, J =    2.0 channel.
       2.0  0.00369835 -0.29627082i: elastic S-matrix  @@      0.02  0   0 F  0
 Reaction Xsec     2.0+/ 2 @ 1 =   8.436 , Out:   0.000#   0.001#   8.436f


 Total SPIN, PARITY =     3.0 -,      5 chs,      0 cc.  Rmin & Coul turning =    0.5    0.9
   S-matrix    1 =   -0.03150  -0.29749 for L=    3, J=    3.0 channel on core I =   0.0 from L=    3,  Acc. loss =  0.0 D.
 Elastic phase shift   1 =  -48.022  34.573 deg. for the L =    3, J =    3.0 channel.
       3.0 -0.03149717 -0.29748507i: elastic S-matrix  @@      0.03  0   0 F  0
 Reaction Xsec     3.0-/ 3 @ 1 =  11.789 , Out:   0.000#   0.002#  11.789f


 Total SPIN, PARITY =     4.0 +,      5 chs,      0 cc.  Rmin & Coul turning =    0.6    1.1
   S-matrix    1 =   -0.06891  -0.29420 for L=    4, J=    4.0 channel on core I =   0.0 from L=    4,  Acc. loss =  0.0 D.
 Elastic phase shift   1 =  -51.591  34.285 deg. for the L =    4, J =    4.0 channel.
       4.0 -0.06890844 -0.29420204i: elastic S-matrix  @@      0.02  0   0 F  0
 Reaction Xsec     4.0+/ 4 @ 1 =  15.127 , Out:   0.000#   0.003#  15.127f


 Total SPIN, PARITY =     5.0 -,      5 chs,      0 cc.  Rmin & Coul turning =    0.8    1.3
   S-matrix    1 =   -0.11139  -0.28448 for L=    5, J=    5.0 channel on core I =   0.0 from L=    5,  Acc. loss =  0.0 D.
 Elastic phase shift   1 =  -55.691  33.970 deg. for the L =    5, J =    5.0 channel.
       5.0 -0.11138627 -0.28447933i: elastic S-matrix  @@      0.03  0   0 F  0
 Reaction Xsec     5.0-/ 5 @ 1 =  18.447 , Out:   0.000#   0.007#  18.447f


 Total SPIN, PARITY =     6.0 +,      5 chs,      0 cc.  Rmin & Coul turning =    0.9    1.6
   S-matrix    1 =   -0.15918  -0.26524 for L=    6, J=    6.0 channel on core I =   0.0 from L=    6,  Acc. loss =  0.0 D.
 Elastic phase shift   1 =  -60.485  33.613 deg. for the L =    6, J =    6.0 channel.
       6.0 -0.15917971 -0.26523593i: elastic S-matrix  @@      0.03  0   0 F  0
 Reaction Xsec     6.0+/ 6 @ 1 =  21.744 , Out:   0.000#   0.002#  21.744f


 Total SPIN, PARITY =     7.0 -,      5 chs,      0 cc.  Rmin & Coul turning =    1.1    1.8
   S-matrix    1 =   -0.21051  -0.23263 for L=    7, J=    7.0 channel on core I =   0.0 from L=    7,  Acc. loss =  0.0 D.
 Elastic phase shift   1 =  -66.071  33.209 deg. for the L =    7, J =    7.0 channel.
       7.0 -0.21051057 -0.23263047i: elastic S-matrix  @@      0.03  0   0 F  0
 Reaction Xsec     7.0-/ 7 @ 1 =  25.014 , Out:   0.000#   0.124#  25.014f


 Total SPIN, PARITY =     8.0 +,      5 chs,      0 cc.  Rmin & Coul turning =    1.2    2.1
   S-matrix    1 =   -0.26139  -0.18253 for L=    8, J=    8.0 channel on core I =   0.0 from L=    8,  Acc. loss =  0.0 D.
 Elastic phase shift   1 =  -72.537  32.749 deg. for the L =    8, J =    8.0 channel.
       8.0 -0.26138778 -0.18253003i: elastic S-matrix  @@      0.03  0   0 F  0
 Reaction Xsec     8.0+/ 8 @ 1 =  28.248 , Out:   0.000#   0.519#  28.248f


 Total SPIN, PARITY =     9.0 -,      5 chs,      0 cc.  Rmin & Coul turning =    1.4    2.3
   S-matrix    1 =   -0.30493  -0.11148 for L=    9, J=    9.0 channel on core I =   0.0 from L=    9,  Acc. loss =  0.0 D.
 Elastic phase shift   1 =  -79.959  32.228 deg. for the L =    9, J =    9.0 channel.
       9.0 -0.30492747 -0.11147958i: elastic S-matrix  @@      0.03  0   0 F  0
 Reaction Xsec     9.0-/ 9 @ 1 =  31.439 , Out:   0.000#   1.914#  31.439f


 Total SPIN, PARITY =    10.0 +,      5 chs,      0 cc.  Rmin & Coul turning =    1.5    2.6
   S-matrix    1 =   -0.33085  -0.01815 for L=   10, J=   10.0 channel on core I =   0.0 from L=   10,  Acc. loss =  0.0 D.
 Elastic phase shift   1 =  -88.430  31.644 deg. for the L =   10, J =   10.0 channel.
      10.0 -0.33085256 -0.01815413i: elastic S-matrix  @@      0.03  0   0 F  0
 Reaction Xsec    10.0+/10 @ 1 =  34.578 , Out:   0.000#   3.517#  34.578f


 Total SPIN, PARITY =    11.0 -,      5 chs,      0 cc.  Rmin & Coul turning =    1.7    2.8
   S-matrix    1 =   -0.32570   0.09408 for L=   11, J=   11.0 channel on core I =   0.0 from L=   11,  Acc. loss =  0.0 D.
 Elastic phase shift   1 =   81.944  30.989 deg. for the L =   11, J =   11.0 channel.
      11.0 -0.32569503  0.09408014i: elastic S-matrix  @@      0.02  0   0 F  0
 Reaction Xsec    11.0-/11 @ 1 =  37.652 , Out:   0.000#   6.690#  37.652f


 Total SPIN, PARITY =    12.0 +,      5 chs,      0 cc.  Rmin & Coul turning =    1.8    3.0
   S-matrix    1 =   -0.27435   0.21366 for L=   12, J=   12.0 channel on core I =   0.0 from L=   12,  Acc. loss =  0.0 D.
 Elastic phase shift   1 =   71.044  30.261 deg. for the L =   12, J =   12.0 channel.
      12.0 -0.27434536  0.21366459i: elastic S-matrix  @@      0.03  0   0 F  0
 Reaction Xsec    12.0+/12 @ 1 =  40.649 , Out:   0.000#   9.897#  40.649f


 Total SPIN, PARITY =    13.0 -,      5 chs,      0 cc.  Rmin & Coul turning =    2.0    3.3
   S-matrix    1 =   -0.16463   0.31743 for L=   13, J=   13.0 channel on core I =   0.0 from L=   13,  Acc. loss =  0.0 D.
 Elastic phase shift   1 =   58.706  29.461 deg. for the L =   13, J =   13.0 channel.
      13.0 -0.16462787  0.31742869i: elastic S-matrix  @@      0.05  0   0 F  0
 Reaction Xsec    13.0-/13 @ 1 =  43.554 , Out:   0.000#   4.748#  43.554f


 Total SPIN, PARITY =    14.0 +,      5 chs,      0 cc.  Rmin & Coul turning =    2.1    3.5
   S-matrix    1 =    0.00331   0.36889 for L=   14, J=   14.0 channel on core I =   0.0 from L=   14,  Acc. loss =  0.0 D.
 Elastic phase shift   1 =   44.743  28.568 deg. for the L =   14, J =   14.0 channel.
      14.0  0.00330567  0.36888686i: elastic S-matrix  @@      0.03  0   0 F  0
 Reaction Xsec    14.0+/14 @ 1 =  46.340 , Out:   0.000#   0.225#  46.340f


 Total SPIN, PARITY =    15.0 -,      5 chs,      0 cc.  Rmin & Coul turning =    2.2    3.8
   S-matrix    1 =    0.20293   0.32330 for L=   15, J=   15.0 channel on core I =   0.0 from L=   15,  Acc. loss =  0.0 D.
 Elastic phase shift   1 =   28.942  27.591 deg. for the L =   15, J =   15.0 channel.
      15.0  0.20293243  0.32329842i: elastic S-matrix  @@      0.03  0   0 F  0
 Reaction Xsec    15.0-/15 @ 1 =  48.984 , Out:   0.000#   1.026#  48.984f


 Total SPIN, PARITY =    16.0 +,      5 chs,      0 cc.  Rmin & Coul turning =    2.4    4.0
   S-matrix    1 =    0.36755   0.14781 for L=   16, J=   16.0 channel on core I =   0.0 from L=   16,  Acc. loss =  0.0 D.
 Elastic phase shift   1 =   10.954  26.526 deg. for the L =   16, J =   16.0 channel.
      16.0  0.36754812  0.14781228i: elastic S-matrix  @@      0.03  0   0 F  0
 Reaction Xsec    16.0+/16 @ 1 =  51.458 , Out:   0.000#   0.168#  51.458f


 Total SPIN, PARITY =    17.0 -,      5 chs,      0 cc.  Rmin & Coul turning =    2.6    4.3
   S-matrix    1 =    0.39121  -0.13576 for L=   17, J=   17.0 channel on core I =   0.0 from L=   17,  Acc. loss =  0.0 D.
 Elastic phase shift   1 =   -9.569  25.258 deg. for the L =   17, J =   17.0 channel.
      17.0  0.39121025 -0.13576140i: elastic S-matrix  @@      0.02  0   0 F  0
 Reaction Xsec    17.0-/17 @ 1 =  53.636 , Out:   0.000#   0.022#  53.636f


 Total SPIN, PARITY =    18.0 +,      5 chs,      0 cc.  Rmin & Coul turning =    2.7    4.5
   S-matrix    1 =    0.17824  -0.39671 for L=   18, J=   18.0 channel on core I =   0.0 from L=   18,  Acc. loss =  0.0 D.
 Elastic phase shift   1 =  -32.903  23.852 deg. for the L =   18, J =   18.0 channel.
      18.0  0.17824266 -0.39671076i: elastic S-matrix  @@      0.02  0   0 F  0
 Reaction Xsec    18.0+/18 @ 1 =  55.492 , Out:   0.000#   0.003#  55.492f


 Total SPIN, PARITY =    19.0 -,      5 chs,      0 cc.  Rmin & Coul turning =    2.9    4.7
   S-matrix    1 =   -0.23189  -0.39411 for L=   19, J=   19.0 channel on core I =   0.0 from L=   19,  Acc. loss =  0.0 D.
 Elastic phase shift   1 =  -60.236  22.417 deg. for the L =   19, J =   19.0 channel.
      19.0 -0.23188859 -0.39410588i: elastic S-matrix  @@      0.03  0   0 F  0
 Reaction Xsec    19.0-/19 @ 1 =  57.053 , Out:   0.000#   0.002#  57.053f


 Total SPIN, PARITY =    20.0 +,      5 chs,      0 cc.  Rmin & Coul turning =    3.0    5.0
   S-matrix    1 =   -0.51360   0.04269 for L=   20, J=   20.0 channel on core I =   0.0 from L=   20,  Acc. loss =  0.0 D.
 Elastic phase shift   1 =   87.624  18.990 deg. for the L =   20, J =   20.0 channel.
      20.0 -0.51359561  0.04269202i: elastic S-matrix  @@      0.02  0   0 F  0
 Reaction Xsec    20.0+/20 @ 1 =  55.693 , Out:   0.000#   0.004#  55.693f


 Total SPIN, PARITY =    21.0 -,      5 chs,      0 cc.  Rmin & Coul turning =    3.2    5.2
   S-matrix    1 =   -0.26905   0.59079 for L=   21, J=   21.0 channel on core I =   0.0 from L=   21,  Acc. loss =  0.0 D.
 Elastic phase shift   1 =   57.243  12.378 deg. for the L =   21, J =   21.0 channel.
      21.0 -0.26904862  0.59078520i: elastic S-matrix  @@      0.02  0   0 F  0
 Reaction Xsec    21.0-/21 @ 1 =  46.017 , Out:   0.000#   0.001#  46.017f


 Total SPIN, PARITY =    22.0 +,      5 chs,      0 cc.  Rmin & Coul turning =    3.3    5.5
   S-matrix    1 =    0.25290   0.74670 for L=   22, J=   22.0 channel on core I =   0.0 from L=   22,  Acc. loss =  0.0 D.
 Elastic phase shift   1 =   35.645   6.812 deg. for the L =   22, J =   22.0 channel.
      22.0  0.25289859  0.74669989i: elastic S-matrix  @@      0.02  0   0 F  0
 Reaction Xsec    22.0+/22 @ 1 =  31.502 , Out:   0.000#   0.001#  31.502f


 Total SPIN, PARITY =    23.0 -,      5 chs,      0 cc.  Rmin & Coul turning =    3.5    5.7
   S-matrix    1 =    0.62852   0.61355 for L=   23, J=   23.0 channel on core I =   0.0 from L=   23,  Acc. loss =  0.0 D.
 Elastic phase shift   1 =   22.155   3.716 deg. for the L =   23, J =   23.0 channel.
      23.0  0.62851652  0.61355440i: elastic S-matrix  @@      0.02  0   0 F  0
 Reaction Xsec    23.0-/23 @ 1 =  19.866 , Out:   0.000#   0.001#  19.866f


 Total SPIN, PARITY =    24.0 +,      5 chs,      0 cc.  Rmin & Coul turning =    3.6    6.0
   S-matrix    1 =    0.82099   0.43409 for L=   24, J=   24.0 channel on core I =   0.0 from L=   24,  Acc. loss =  0.0 D.
 Elastic phase shift   1 =   13.934   2.120 deg. for the L =   24, J =   24.0 channel.
      24.0  0.82098568  0.43408848i: elastic S-matrix  @@      0.03  0   0 F  0
 Reaction Xsec    24.0+/24 @ 1 =  12.466 , Out:   0.000#   0.000#  12.466f


 Total SPIN, PARITY =    25.0 -,      5 chs,      0 cc.  Rmin & Coul turning =    3.8    6.2
   S-matrix    1 =    0.91139   0.29154 for L=   25, J=   25.0 channel on core I =   0.0 from L=   25,  Acc. loss =  0.0 D.
 Elastic phase shift   1 =    8.869   1.263 deg. for the L =   25, J =   25.0 channel.
      25.0  0.91138639  0.29154325i: elastic S-matrix  @@      0.02  0   0 F  0
 Reaction Xsec    25.0-/25 @ 1 =   7.959 , Out:   0.000#   0.000#   7.959f


 Total SPIN, PARITY =    26.0 +,      5 chs,      0 cc.  Rmin & Coul turning =    3.9    6.4
   S-matrix    1 =    0.95407   0.19231 for L=   26, J=   26.0 channel on core I =   0.0 from L=   26,  Acc. loss =  0.0 D.
 Elastic phase shift   1 =    5.698   0.776 deg. for the L =   26, J =   26.0 channel.
      26.0  0.95407277  0.19231424i: elastic S-matrix  @@      0.05  0   0 F  0
 Reaction Xsec    26.0+/26 @ 1 =   5.172 , Out:   0.000#   0.000#   5.172f


 Total SPIN, PARITY =    27.0 -,      5 chs,      0 cc.  Rmin & Coul turning =    4.0    6.7
   S-matrix    1 =    0.97500   0.12610 for L=   27, J=   27.0 channel on core I =   0.0 from L=   27,  Acc. loss =  0.0 D.
 Elastic phase shift   1 =    3.685   0.488 deg. for the L =   27, J =   27.0 channel.
      27.0  0.97499874  0.12609681i: elastic S-matrix  @@      0.03  0   0 F  0
 Reaction Xsec    27.0-/27 @ 1 =   3.406 , Out:   0.000#   0.000#   3.406f


 Total SPIN, PARITY =    28.0 +,      5 chs,      0 cc.  Rmin & Coul turning =    4.2    6.9
   S-matrix    1 =    0.98576   0.08253 for L=   28, J=   28.0 channel on core I =   0.0 from L=   28,  Acc. loss =  0.0 D.
 Elastic phase shift   1 =    2.393   0.311 deg. for the L =   28, J =   28.0 channel.
      28.0  0.98576247  0.08253007i: elastic S-matrix  @@      0.03  0   0 F  0
 Reaction Xsec    28.0+/28 @ 1 =   2.263 , Out:   0.000#   0.000#   2.263f


 Total SPIN, PARITY =    29.0 -,      5 chs,      0 cc.  Rmin & Coul turning =    4.4    7.2
   S-matrix    1 =    0.99158   0.05399 for L=   29, J=   29.0 channel on core I =   0.0 from L=   29,  Acc. loss =  0.0 D.
 Elastic phase shift   1 =    1.558   0.200 deg. for the L =   29, J =   29.0 channel.
      29.0  0.99157960  0.05399490i: elastic S-matrix  @@      0.05  0   0 F  0
 Reaction Xsec    29.0-/29 @ 1 =   1.512 , Out:   0.000#   0.000#   1.512f


 Total SPIN, PARITY =    30.0 +,      5 chs,      0 cc.  Rmin & Coul turning =    4.5    7.4
   S-matrix    1 =    0.99487   0.03533 for L=   30, J=   30.0 channel on core I =   0.0 from L=   30,  Acc. loss =  0.0 D.
 Elastic phase shift   1 =    1.017   0.129 deg. for the L =   30, J =   30.0 channel.
      30.0  0.99487009  0.03532664i: elastic S-matrix  @@      0.05  0   0 F  0
 Reaction Xsec    30.0+/30 @ 1 =   1.014 , Out:   0.000#   0.000#   1.014f


 Total SPIN, PARITY =    31.0 -,      5 chs,      0 cc.  Rmin & Coul turning =    4.7    7.7
   S-matrix    1 =    0.99681   0.02311 for L=   31, J=   31.0 channel on core I =   0.0 from L=   31,  Acc. loss =  0.0 D.
 Elastic phase shift   1 =    0.664   0.084 deg. for the L =   31, J =   31.0 channel.
      31.0  0.99680503  0.02311443i: elastic S-matrix  @@      0.03  0   0 F  0
 Reaction Xsec    31.0-/31 @ 1 =   0.681 , Out:   0.000#   0.000#   0.681f


 Total SPIN, PARITY =    32.0 +,      5 chs,      0 cc.  Rmin & Coul turning =    4.8    7.9
   S-matrix    1 =    0.99798   0.01512 for L=   32, J=   32.0 channel on core I =   0.0 from L=   32,  Acc. loss =  0.0 D.
 Elastic phase shift   1 =    0.434   0.055 deg. for the L =   32, J =   32.0 channel.
0****** WARNING : ACCURACY LOSS IN ERWIN = 14.5 DIGITS, SO EXPECT ERRORS OF   0.0000 % OF UNITARITY

      32.0  0.99797853  0.01512410i: elastic S-matrix  @@      0.05  0   0 F  0
 Reaction Xsec    32.0+/32 @ 1 =   0.458 , Out:   0.000#   0.000#   0.458f


 Total SPIN, PARITY =    33.0 -,      5 chs,      0 cc.  Rmin & Coul turning =    5.0    8.1
   S-matrix    1 =    0.99871   0.00990 for L=   33, J=   33.0 channel on core I =   0.0 from L=   33,  Acc. loss =  0.0 D.
 Elastic phase shift   1 =    0.284   0.036 deg. for the L =   33, J =   33.0 channel.
      33.0  0.99870697  0.00989531i: elastic S-matrix  @@      0.03  0   0 F  0
 Reaction Xsec    33.0-/33 @ 1 =   0.308 , Out:   0.000#   0.000#   0.308f


 Total SPIN, PARITY =    34.0 +,      5 chs,      0 cc.  Rmin & Coul turning =    5.1    8.4
   S-matrix    1 =    0.99917   0.00647 for L=   34, J=   34.0 channel on core I =   0.0 from L=   34,  Acc. loss =  0.0 D.
 Elastic phase shift   1 =    0.186   0.023 deg. for the L =   34, J =   34.0 channel.
0****** WARNING : ACCURACY LOSS IN ERWIN = 14.4 DIGITS, SO EXPECT ERRORS OF   0.0000 % OF UNITARITY

      34.0  0.99916679  0.00647338i: elastic S-matrix  @@      0.03  0   0 F  0
 Reaction Xsec    34.0+/34 @ 1 =   0.207 , Out:   0.000#   0.000#   0.207f


 Total SPIN, PARITY =    35.0 -,      5 chs,      0 cc.  Rmin & Coul turning =    5.2    8.6
   S-matrix    1 =    0.99946   0.00423 for L=   35, J=   35.0 channel on core I =   0.0 from L=   35,  Acc. loss =  0.0 D.
 Elastic phase shift   1 =    0.121   0.015 deg. for the L =   35, J =   35.0 channel.
      35.0  0.99946046  0.00423406i: elastic S-matrix  @@      0.03  0   0 F  0
 Reaction Xsec    35.0-/35 @ 1 =   0.139 , Out:   0.000#   0.000#   0.139f


 Total SPIN, PARITY =    36.0 +,      5 chs,      0 cc.  Rmin & Coul turning =    5.4    8.9
   S-matrix    1 =    0.99965   0.00277 for L=   36, J=   36.0 channel on core I =   0.0 from L=   36,  Acc. loss =  0.0 D.
 Elastic phase shift   1 =    0.079   0.010 deg. for the L =   36, J =   36.0 channel.
0****** WARNING : ACCURACY LOSS IN ERWIN = 14.7 DIGITS, SO EXPECT ERRORS OF   0.0000 % OF UNITARITY

      36.0  0.99964952  0.00276881i: elastic S-matrix  @@      0.05  0   0 F  0
 Reaction Xsec    36.0+/36 @ 1 =   0.094 , Out:   0.000#   0.000#   0.094f


 Total SPIN, PARITY =    37.0 -,      5 chs,      0 cc.  Rmin & Coul turning =    5.6    9.1
   S-matrix    1 =    0.99977   0.00181 for L=   37, J=   37.0 channel on core I =   0.0 from L=   37,  Acc. loss =  0.0 D.
 Elastic phase shift   1 =    0.052   0.006 deg. for the L =   37, J =   37.0 channel.
      37.0  0.99977187  0.00181021i: elastic S-matrix  @@      0.03  0   0 F  0
 Reaction Xsec    37.0-/37 @ 1 =   0.063 , Out:   0.000#   0.000#   0.063f


 Total SPIN, PARITY =    38.0 +,      5 chs,      0 cc.  Rmin & Coul turning =    5.7    9.4
   S-matrix    1 =    0.99985   0.00118 for L=   38, J=   38.0 channel on core I =   0.0 from L=   38,  Acc. loss =  0.0 D.
 Elastic phase shift   1 =    0.034   0.004 deg. for the L =   38, J =   38.0 channel.
0****** WARNING : ACCURACY LOSS IN ERWIN = 14.5 DIGITS, SO EXPECT ERRORS OF   0.0000 % OF UNITARITY

      38.0  0.99985133  0.00118325i: elastic S-matrix  @@      0.02  0   0 F  0
 Reaction Xsec    38.0+/38 @ 1 =   0.042 , Out:   0.000#   0.000#   0.042f


 Total SPIN, PARITY =    39.0 -,      5 chs,      0 cc.  Rmin & Coul turning =    5.9    9.6
   S-matrix    1 =    0.99990   0.00077 for L=   39, J=   39.0 channel on core I =   0.0 from L=   39,  Acc. loss =  0.0 D.
 Elastic phase shift   1 =    0.022   0.003 deg. for the L =   39, J =   39.0 channel.
0****** WARNING : ACCURACY LOSS IN ERWIN = 14.7 DIGITS, SO EXPECT ERRORS OF   0.0000 % OF UNITARITY

      39.0  0.99990304  0.00077325i: elastic S-matrix  @@      0.03  0   0 F  0
 Reaction Xsec    39.0-/39 @ 1 =   0.028 , Out:   0.000#   0.000#   0.028f


 Total SPIN, PARITY =    40.0 +,      5 chs,      0 cc.  Rmin & Coul turning =    6.0    9.8
   S-matrix    1 =    0.99994   0.00051 for L=   40, J=   40.0 channel on core I =   0.0 from L=   40,  Acc. loss =  0.0 D.
 Elastic phase shift   1 =    0.014   0.002 deg. for the L =   40, J =   40.0 channel.
      40.0  0.99993674  0.00050523i: elastic S-matrix  @@      0.02  0   0 F  0
 Reaction Xsec    40.0+/40 @ 1 =   0.019 , Out:   0.000#   0.000#   0.019f


 Total SPIN, PARITY =    41.0 -,      5 chs,      0 cc.  Rmin & Coul turning =    6.2   10.1
   S-matrix    1 =    0.99996   0.00033 for L=   41, J=   41.0 channel on core I =   0.0 from L=   41,  Acc. loss =  0.0 D.
 Elastic phase shift   1 =    0.009   0.001 deg. for the L =   41, J =   41.0 channel.
0****** WARNING : ACCURACY LOSS IN ERWIN = 14.7 DIGITS, SO EXPECT ERRORS OF   0.0000 % OF UNITARITY

      41.0  0.99995872  0.00033007i: elastic S-matrix  @@      0.02  0   0 F  0
 Reaction Xsec    41.0-/41 @ 1 =   0.013 , Out:   0.000#   0.001#   0.013f


 Total SPIN, PARITY =    42.0 +,      5 chs,      0 cc.  Rmin & Coul turning =    6.3   10.3
   S-matrix    1 =    0.99997   0.00022 for L=   42, J=   42.0 channel on core I =   0.0 from L=   42,  Acc. loss =  0.0 D.
 Elastic phase shift   1 =    0.006   0.001 deg. for the L =   42, J =   42.0 channel.
0****** WARNING : ACCURACY LOSS IN ERWIN = 15.1 DIGITS, SO EXPECT ERRORS OF   0.0000 % OF UNITARITY

      42.0  0.99997306  0.00021559i: elastic S-matrix  @@      0.02  0   0 F  0
 Reaction Xsec    42.0+/42 @ 1 =   8.463/, Out:   0.000#   0.000#   0.008f


 Total SPIN, PARITY =    43.0 -,      5 chs,      0 cc.  Rmin & Coul turning =    6.5   10.6
   S-matrix    1 =    0.99998   0.00014 for L=   43, J=   43.0 channel on core I =   0.0 from L=   43,  Acc. loss =  0.0 D.
 Elastic phase shift   1 =    0.004   0.001 deg. for the L =   43, J =   43.0 channel.
0****** WARNING : ACCURACY LOSS IN ERWIN = 14.2 DIGITS, SO EXPECT ERRORS OF   0.0000 % OF UNITARITY

      43.0  0.99998242  0.00014085i: elastic S-matrix  @@      0.02  0   0 F  0
 Reaction Xsec    43.0-/43 @ 1 =   5.654/, Out:   0.000#   0.003#   0.006f


 Total SPIN, PARITY =    44.0 +,      5 chs,      0 cc.  Rmin & Coul turning =    6.6   10.8
   S-matrix    1 =    0.99999   0.00009 for L=   44, J=   44.0 channel on core I =   0.0 from L=   44,  Acc. loss =  0.0 D.
 Elastic phase shift   1 =    0.003   0.000 deg. for the L =   44, J =   44.0 channel.
0****** WARNING : ACCURACY LOSS IN ERWIN = 14.5 DIGITS, SO EXPECT ERRORS OF   0.0000 % OF UNITARITY

      44.0  0.99998853  0.00009200i: elastic S-matrix  @@      0.02  0   0 F  0
 Reaction Xsec    44.0+/44 @ 1 =   3.774/, Out:   0.000#   0.099#   0.004f


 Total SPIN, PARITY =    45.0 -,      5 chs,      0 cc.  Rmin & Coul turning =    6.8   11.1
   S-matrix    1 =    0.99999   0.00006 for L=   45, J=   45.0 channel on core I =   0.0 from L=   45,  Acc. loss =  0.0 D.
 Elastic phase shift   1 =    0.002   0.000 deg. for the L =   45, J =   45.0 channel.
0****** WARNING : ACCURACY LOSS IN ERWIN = 14.6 DIGITS, SO EXPECT ERRORS OF   0.0000 % OF UNITARITY

      45.0  0.99999252  0.00006011i: elastic S-matrix  @@      0.02  0   0 F  0
 Reaction Xsec    45.0-/45 @ 1 =   2.518/, Out:   0.000#   0.015#   0.003f


 Total SPIN, PARITY =    46.0 +,      5 chs,      0 cc.  Rmin & Coul turning =    6.9   11.3
   S-matrix    1 =    1.00000   0.00004 for L=   46, J=   46.0 channel on core I =   0.0 from L=   46,  Acc. loss =  0.0 D.
 Elastic phase shift   1 =    0.001   0.000 deg. for the L =   46, J =   46.0 channel.
0****** WARNING : ACCURACY LOSS IN ERWIN = 14.2 DIGITS, SO EXPECT ERRORS OF   0.0000 % OF UNITARITY

      46.0  0.99999512  0.00003933i: elastic S-matrix  @@      0.02  0   0 F  0
 Reaction Xsec    46.0+/46 @ 1 =   1.678/, Out:   0.000#   0.026#   0.002f


 Total SPIN, PARITY =    47.0 -,      5 chs,      0 cc.  Rmin & Coul turning =    7.1   11.5
   S-matrix    1 =    1.00000   0.00003 for L=   47, J=   47.0 channel on core I =   0.0 from L=   47,  Acc. loss =  0.0 D.
 Elastic phase shift   1 =    0.001   0.000 deg. for the L =   47, J =   47.0 channel.
0****** WARNING : ACCURACY LOSS IN ERWIN = 14.5 DIGITS, SO EXPECT ERRORS OF   0.0000 % OF UNITARITY

      47.0  0.99999682  0.00002571i: elastic S-matrix  @@      0.02  0   0 F  0
 Reaction Xsec    47.0-/47 @ 1 =   1.118/, Out:   0.000#   0.000#   0.001f


 Total SPIN, PARITY =    48.0 +,      5 chs,      0 cc.  Rmin & Coul turning =    7.2   11.8
   S-matrix    1 =    1.00000   0.00002 for L=   48, J=   48.0 channel on core I =   0.0 from L=   48,  Acc. loss =  0.0 D.
 Elastic phase shift   1 =    0.000   0.000 deg. for the L =   48, J =   48.0 channel.
0****** WARNING : ACCURACY LOSS IN ERWIN = 15.1 DIGITS, SO EXPECT ERRORS OF   0.0001 % OF UNITARITY

      48.0  0.99999793  0.00001686i: elastic S-matrix  @@      0.02  0   0 F  0
 Reaction Xsec    48.0+/48 @ 1 =   0.744/, Out:   0.000#   0.001#   0.001f


 Total SPIN, PARITY =    49.0 -,      5 chs,      0 cc.  Rmin & Coul turning =    7.4   12.0
   S-matrix    1 =    1.00000   0.00001 for L=   49, J=   49.0 channel on core I =   0.0 from L=   49,  Acc. loss =  0.0 D.
 Elastic phase shift   1 =    0.000   0.000 deg. for the L =   49, J =   49.0 channel.
      49.0  0.99999865  0.00001108i: elastic S-matrix  @@      0.02  0   0 F  0
 Reaction Xsec    49.0-/49 @ 1 =   0.495/, Out:   0.000#   0.415#   0.000f


 Total SPIN, PARITY =    50.0 +,      5 chs,      0 cc.  Rmin & Coul turning =    7.5   12.3
   S-matrix    1 =    1.00000   0.00001 for L=   50, J=   50.0 channel on core I =   0.0 from L=   50,  Acc. loss =  0.0 D.
 Elastic phase shift   1 =    0.000   0.000 deg. for the L =   50, J =   50.0 channel.
      50.0  0.99999912  0.00000727i: elastic S-matrix  @@      0.02  0   0 F  0
 Reaction Xsec    50.0+/50 @ 1 =   0.329/, Out:   0.000#   0.001#   0.000f


 Total SPIN, PARITY =    51.0 -,      5 chs,      0 cc.  Rmin & Coul turning =    7.7   12.5
   S-matrix    1 =    1.00000   0.00000 for L=   51, J=   51.0 channel on core I =   0.0 from L=   51,  Acc. loss =  0.0 D.
 Elastic phase shift   1 =    0.000   0.000 deg. for the L =   51, J =   51.0 channel.
0****** WARNING : ACCURACY LOSS IN ERWIN = 14.3 DIGITS, SO EXPECT ERRORS OF   0.0001 % OF UNITARITY

      51.0  0.99999943  0.00000485i: elastic S-matrix  @@      0.03  0   0 F  0
 Reaction Xsec    51.0-/51 @ 1 =   0.219/, Out:   0.000#   0.094#   0.000f


 Total SPIN, PARITY =    52.0 +,      5 chs,      0 cc.  Rmin & Coul turning =    7.8   12.8
   S-matrix    1 =    1.00000   0.00000 for L=   52, J=   52.0 channel on core I =   0.0 from L=   52,  Acc. loss =  0.0 D.
 Elastic phase shift   1 =    0.000   0.000 deg. for the L =   52, J =   52.0 channel.
0****** WARNING : ACCURACY LOSS IN ERWIN = 14.4 DIGITS, SO EXPECT ERRORS OF   0.0002 % OF UNITARITY

      52.0  0.99999963  0.00000322i: elastic S-matrix  @@      0.03  0   0 F  0
 Reaction Xsec    52.0+/52 @ 1 =   0.145/, Out:   0.000#   0.134#   0.000f


 Total SPIN, PARITY =    53.0 -,      5 chs,      0 cc.  Rmin & Coul turning =    8.0   13.0
   S-matrix    1 =    1.00000   0.00000 for L=   53, J=   53.0 channel on core I =   0.0 from L=   53,  Acc. loss =  0.0 D.
 Elastic phase shift   1 =    0.000   0.000 deg. for the L =   53, J =   53.0 channel.
0****** WARNING : ACCURACY LOSS IN ERWIN = 14.6 DIGITS, SO EXPECT ERRORS OF   0.0001 % OF UNITARITY

      53.0  0.99999976  0.00000215i: elastic S-matrix  @@      0.02  0   0 F  0
 Reaction Xsec    53.0-/53 @ 1 =   0.097/, Out:   0.000#   0.846#   0.000f


 Total SPIN, PARITY =    54.0 +,      5 chs,      0 cc.  Rmin & Coul turning =    8.1   13.2
   S-matrix    1 =    1.00000   0.00000 for L=   54, J=   54.0 channel on core I =   0.0 from L=   54,  Acc. loss =  0.0 D.
 Elastic phase shift   1 =    0.000   0.000 deg. for the L =   54, J =   54.0 channel.
0****** WARNING : ACCURACY LOSS IN ERWIN = 14.3 DIGITS, SO EXPECT ERRORS OF   0.0001 % OF UNITARITY

      54.0  0.99999984  0.00000150i: elastic S-matrix  @@      0.03  0   0 F  0
 Reaction Xsec    54.0+/54 @ 1 =   0.064/, Out:   0.000#   4.211#   0.000f


 Total SPIN, PARITY =    55.0 -,      5 chs,      0 cc.  Rmin & Coul turning =    8.2   13.5
   S-matrix    1 =    1.00000   0.00000 for L=   55, J=   55.0 channel on core I =   0.0 from L=   55,  Acc. loss =  0.0 D.
 Elastic phase shift   1 =    0.000   0.000 deg. for the L =   55, J =   55.0 channel.
0****** WARNING : ACCURACY LOSS IN ERWIN = 14.2 DIGITS, SO EXPECT ERRORS OF   0.0001 % OF UNITARITY

      55.0  0.99999990  0.00000102i: elastic S-matrix  @@      0.05  0   0 F  0
 Reaction Xsec    55.0-/55 @ 1 =   0.042/, Out:   0.000#   0.848#   0.000f


 Total SPIN, PARITY =    56.0 +,      5 chs,      0 cc.  Rmin & Coul turning =    8.4   13.7
   S-matrix    1 =    1.00000   0.00000 for L=   56, J=   56.0 channel on core I =   0.0 from L=   56,  Acc. loss =  0.0 D.
 Elastic phase shift   1 =    0.000   0.000 deg. for the L =   56, J =   56.0 channel.
0****** WARNING : ACCURACY LOSS IN ERWIN = 14.6 DIGITS, SO EXPECT ERRORS OF   0.0052 % OF UNITARITY

      56.0  0.99999993  0.00000071i: elastic S-matrix  @@      0.03  0   0 F  0
 Reaction Xsec    56.0+/56 @ 1 =   0.028/, Out:   0.000#   0.055/  -0.000f


 Total SPIN, PARITY =    57.0 -,      5 chs,      0 cc.  Rmin & Coul turning =    8.6   14.0
   S-matrix    1 =    1.00000   0.00000 for L=   57, J=   57.0 channel on core I =   0.0 from L=   57,  Acc. loss =  0.0 D.
 Elastic phase shift   1 =    0.000   0.000 deg. for the L =   57, J =   57.0 channel.
0****** WARNING : ACCURACY LOSS IN ERWIN = 14.1 DIGITS, SO EXPECT ERRORS OF   0.0094 % OF UNITARITY

      57.0  0.99999996  0.00000056i: elastic S-matrix  @@      0.03  0   0 F  0
 Reaction Xsec    57.0-/57 @ 1 =   0.019/, Out:   0.000#   3.190/  -0.003f


 Total SPIN, PARITY =    58.0 +,      5 chs,      0 cc.  Rmin & Coul turning =    8.7   14.2
   S-matrix    1 =    1.00000   0.00000 for L=   58, J=   58.0 channel on core I =   0.0 from L=   58,  Acc. loss =  0.0 D.
 Elastic phase shift   1 =    0.000   0.000 deg. for the L =   58, J =   58.0 channel.
0****** WARNING : ACCURACY LOSS IN ERWIN = 15.2 DIGITS, SO EXPECT ERRORS OF   0.0023 % OF UNITARITY

      58.0  0.99999997  0.00000039i: elastic S-matrix  @@      0.03  0   0 F  0
 Reaction Xsec    58.0+/58 @ 1 =   0.012/, Out:   0.000#   0.585/  -0.001f


 Total SPIN, PARITY =    59.0 -,      5 chs,      0 cc.  Rmin & Coul turning =    8.8   14.5
   S-matrix    1 =    1.00000   0.00000 for L=   59, J=   59.0 channel on core I =   0.0 from L=   59,  Acc. loss =  0.0 D.
 Elastic phase shift   1 =    0.000   0.000 deg. for the L =   59, J =   59.0 channel.
0****** WARNING : ACCURACY LOSS IN ERWIN = 16.6 DIGITS, SO EXPECT ERRORS OF   0.0414 % OF UNITARITY

      59.0  0.99999998  0.00000030i: elastic S-matrix  @@      0.03  0   0 F  0
 Reaction Xsec    59.0-/59 @ 1 =   8.177#, Out:   0.000#   1.950/  -0.002f


 Total SPIN, PARITY =    60.0 +,      5 chs,      0 cc.  Rmin & Coul turning =    9.0   14.7
   S-matrix    1 =    1.00000   0.00000 for L=   60, J=   60.0 channel on core I =   0.0 from L=   60,  Acc. loss =  0.0 D.
 Elastic phase shift   1 =    0.000   0.000 deg. for the L =   60, J =   60.0 channel.
      60.0  0.99999999  0.00000029i: elastic S-matrix  @@      0.03  0   0 F  0
 Reaction Xsec    60.0+/60 @ 1 =   5.411#, Out:   0.000#   0.067   -0.067f


 Total SPIN, PARITY =    61.0 -,      5 chs,      0 cc.  Rmin & Coul turning =    9.2   14.9
   S-matrix    1 =    1.00000   0.00000 for L=   61, J=   61.0 channel on core I =   0.0 from L=   61,  Acc. loss =  0.0 D.
 Elastic phase shift   1 =    0.000   0.000 deg. for the L =   61, J =   61.0 channel.
0****** WARNING : ACCURACY LOSS IN ERWIN = 14.5 DIGITS, SO EXPECT ERRORS OF   0.3046 % OF UNITARITY

      61.0  0.99999999  0.00000019i: elastic S-matrix  @@      0.03  0   0 F  0
 Reaction Xsec    61.0-/61 @ 1 =   3.579#, Out:   0.000#   0.417   -0.417f


 Total SPIN, PARITY =    62.0 +,      5 chs,      0 cc.  Rmin & Coul turning =    9.3   15.2
   S-matrix    1 =    1.00000   0.00000 for L=   62, J=   62.0 channel on core I =   0.0 from L=   62,  Acc. loss =  0.0 D.
 Elastic phase shift   1 =    0.000   0.000 deg. for the L =   62, J =   62.0 channel.
0****** WARNING : ACCURACY LOSS IN ERWIN = 15.2 DIGITS, SO EXPECT ERRORS OF   0.0996 % OF UNITARITY

      62.0  0.99999999  0.00000017i: elastic S-matrix  @@      0.02  0   0 F  0
 Reaction Xsec    62.0+/62 @ 1 =   2.366#, Out:   0.000#   0.010   -0.010f


 Total SPIN, PARITY =    63.0 -,      5 chs,      0 cc.  Rmin & Coul turning =    9.5   15.4
   S-matrix    1 =    1.00000   0.00000 for L=   63, J=   63.0 channel on core I =   0.0 from L=   63,  Acc. loss =  0.0 D.
 Elastic phase shift   1 =    0.000   0.000 deg. for the L =   63, J =   63.0 channel.
0****** WARNING : ACCURACY LOSS IN ERWIN = 14.7 DIGITS, SO EXPECT ERRORS OF   0.0221 % OF UNITARITY

      63.0  1.00000000  0.00000020i: elastic S-matrix  @@      0.03  0   0 F  0
 Reaction Xsec    63.0-/63 @ 1 =   1.564#, Out:   0.000#   0.240   -0.240f


 Total SPIN, PARITY =    64.0 +,      5 chs,      0 cc.  Rmin & Coul turning =    9.6   15.7
   S-matrix    1 =    1.00000   0.00000 for L=   64, J=   64.0 channel on core I =   0.0 from L=   64,  Acc. loss =  0.0 D.
 Elastic phase shift   1 =    0.000   0.000 deg. for the L =   64, J =   64.0 channel.
0****** WARNING : ACCURACY LOSS IN ERWIN = 15.2 DIGITS, SO EXPECT ERRORS OF   0.5753 % OF UNITARITY

      64.0  1.00000000  0.00000013i: elastic S-matrix  @@      0.02  0   0 F  0
 Reaction Xsec    64.0+/64 @ 1 =   1.033#, Out:   0.000#  34.793  -34.793f


 Total SPIN, PARITY =    65.0 -,      5 chs,      0 cc.  Rmin & Coul turning =    9.8   15.9
   S-matrix    1 =    1.00000   0.00000 for L=   65, J=   65.0 channel on core I =   0.0 from L=   65,  Acc. loss =  0.0 D.
 Elastic phase shift   1 =    0.000   0.000 deg. for the L =   65, J =   65.0 channel.
      65.0  1.00000000  0.00000012i: elastic S-matrix  @@      0.02  0   0 F  0
 Reaction Xsec    65.0-/65 @ 1 =   0.682#, Out:   0.000#   7.141   -7.141f


 Total SPIN, PARITY =    66.0 +,      5 chs,      0 cc.  Rmin & Coul turning =    9.9   16.2
   S-matrix    1 =    1.00000   0.00000 for L=   66, J=   66.0 channel on core I =   0.0 from L=   66,  Acc. loss =  0.0 D.
 Elastic phase shift   1 =    0.000   0.000 deg. for the L =   66, J =   66.0 channel.
0****** WARNING : ACCURACY LOSS IN ERWIN = 15.1 DIGITS, SO EXPECT ERRORS OF   2.0663 % OF UNITARITY

      66.0  1.00000000  0.00000016i: elastic S-matrix  @@      0.03  0   0 F  0
 Reaction Xsec    66.0+/66 @ 1 =   0.451#, Out:   0.000#   2.126   -2.126f


 Total SPIN, PARITY =    67.0 -,      5 chs,      0 cc.  Rmin & Coul turning =   10.1   16.4
   S-matrix    1 =    1.00000   0.00000 for L=   67, J=   67.0 channel on core I =   0.0 from L=   67,  Acc. loss =  0.0 D.
 Elastic phase shift   1 =    0.000   0.000 deg. for the L =   67, J =   67.0 channel.
0****** WARNING : ACCURACY LOSS IN ERWIN = 15.2 DIGITS, SO EXPECT ERRORS OF   3.8664 % OF UNITARITY

      67.0  1.00000000  0.00000010i: elastic S-matrix  @@      0.03  0   0 F  0
 Reaction Xsec    67.0-/67 @ 1 =   0.297#, Out:   0.000#  20.996  -20.996f


 Total SPIN, PARITY =    68.0 +,      5 chs,      0 cc.  Rmin & Coul turning =   10.2   16.6
   S-matrix    1 =    1.00000   0.00000 for L=   68, J=   68.0 channel on core I =   0.0 from L=   68,  Acc. loss =  0.0 D.
 Elastic phase shift   1 =    0.000   0.000 deg. for the L =   68, J =   68.0 channel.
0****** WARNING : ACCURACY LOSS IN ERWIN = 14.3 DIGITS, SO EXPECT ERRORS OF   0.9056 % OF UNITARITY

      68.0  1.00000000  0.00000007i: elastic S-matrix  @@      0.02  0   0 F  0
 Reaction Xsec    68.0+/68 @ 1 =   0.196#, Out:   0.000#   2.603   -2.603f


 Total SPIN, PARITY =    69.0 -,      5 chs,      0 cc.  Rmin & Coul turning =   10.4   16.9
   S-matrix    1 =    1.00000   0.00000 for L=   69, J=   69.0 channel on core I =   0.0 from L=   69,  Acc. loss =  0.0 D.
 Elastic phase shift   1 =    0.000   0.000 deg. for the L =   69, J =   69.0 channel.
      69.0  1.00000000  0.00000013i: elastic S-matrix  @@      0.03  0   0 F  0
 Reaction Xsec    69.0-/69 @ 1 =   0.129#, Out:   0.000# 219.140 -219.140f


 Total SPIN, PARITY =    70.0 +,      5 chs,      0 cc.  Rmin & Coul turning =   10.5   17.1
   S-matrix    1 =    1.00000   0.00000 for L=   70, J=   70.0 channel on core I =   0.0 from L=   70,  Acc. loss =  0.0 D.
 Elastic phase shift   1 =    0.000   0.000 deg. for the L =   70, J =   70.0 channel.
0****** WARNING : ACCURACY LOSS IN ERWIN = 14.6 DIGITS, SO EXPECT ERRORS OF   3.1796 % OF UNITARITY

      70.0  1.00000000  0.00000009i: elastic S-matrix  @@      0.02  0   0 F  0
 Reaction Xsec    70.0+/70 @ 1 =   0.085#, Out:   0.000#  80.234  -80.234f


 Total SPIN, PARITY =    71.0 -,      5 chs,      0 cc.  Rmin & Coul turning =   10.7   17.4
   S-matrix    1 =    1.00000   0.00000 for L=   71, J=   71.0 channel on core I =   0.0 from L=   71,  Acc. loss =  0.0 D.
 Elastic phase shift   1 =    0.000   0.000 deg. for the L =   71, J =   71.0 channel.
0****** WARNING : ACCURACY LOSS IN ERWIN = 14.3 DIGITS, SO EXPECT ERRORS OF  33.0409 % OF UNITARITY

   186937688977536.91        496009431710583.31        2.2204460492503131E-016
 Increase lower cutoff: eg CUTL. Continuing.
      71.0  1.00000000  0.00000004i: elastic S-matrix  @@      0.03  0   0 F  0
 Reaction Xsec    71.0-/71 @ 1 =   0.056#, Out:   0.000#******** ********f


 Total SPIN, PARITY =    72.0 +,      5 chs,      0 cc.  Rmin & Coul turning =   10.8   17.6
   S-matrix    1 =    1.00000   0.00000 for L=   72, J=   72.0 channel on core I =   0.0 from L=   72,  Acc. loss =  0.0 D.
 Elastic phase shift   1 =    0.000   0.000 deg. for the L =   72, J =   72.0 channel.
0****** WARNING : ACCURACY LOSS IN ERWIN = 14.8 DIGITS, SO EXPECT ERRORS OF  80.0549 % OF UNITARITY

   575409537701756.62        1201784350019244.2        2.2204460492503131E-016
 Increase lower cutoff: eg CUTL. Continuing.
      72.0  1.00000000  0.00000009i: elastic S-matrix  @@      0.03  0   0 F  0
 Reaction Xsec    72.0+/72 @ 1 =   0.037#, Out:   0.000#******** ********f


 Total SPIN, PARITY =    73.0 -,      5 chs,      0 cc.  Rmin & Coul turning =   11.0   17.9
   S-matrix    1 =    1.00000   0.00000 for L=   73, J=   73.0 channel on core I =   0.0 from L=   73,  Acc. loss =  0.0 D.
 Elastic phase shift   1 =    0.000   0.000 deg. for the L =   73, J =   73.0 channel.
0****** WARNING : ACCURACY LOSS IN ERWIN = 14.7 DIGITS, SO EXPECT ERRORS OF  57.2196 % OF UNITARITY

   524566001204305.44        858981026850926.12        2.2204460492503131E-016
 Increase lower cutoff: eg CUTL. Continuing.
      73.0  1.00000000  0.00000009i: elastic S-matrix  @@      0.03  0   0 F  0
 Reaction Xsec    73.0-/73 @ 1 =   0.024#, Out:   0.000#******** ********f


 Total SPIN, PARITY =    74.0 +,      5 chs,      0 cc.  Rmin & Coul turning =   11.1   18.1
   S-matrix    1 =    1.00000   0.00000 for L=   74, J=   74.0 channel on core I =   0.0 from L=   74,  Acc. loss =  0.0 D.
 Elastic phase shift   1 =    0.000   0.000 deg. for the L =   74, J =   74.0 channel.
0****** WARNING : ACCURACY LOSS IN ERWIN = 14.4 DIGITS, SO EXPECT ERRORS OF 209.8328 % OF UNITARITY

   234872867092163.09        3150009854845404.5        2.2204460492503131E-016
 Increase lower cutoff: eg CUTL. Continuing.
      74.0  1.00000000  0.00000002i: elastic S-matrix  @@      0.03  0   0 F  0
 Reaction Xsec    74.0+/74 @ 1 =   0.016#, Out:   0.000#******** ********f


 Total SPIN, PARITY =    75.0 -,      5 chs,      0 cc.  Rmin & Coul turning =   11.2   18.3
   S-matrix    1 =    1.00000   0.00000 for L=   75, J=   75.0 channel on core I =   0.0 from L=   75,  Acc. loss =  0.0 D.
 Elastic phase shift   1 =    0.000   0.000 deg. for the L =   75, J =   75.0 channel.
0****** WARNING : ACCURACY LOSS IN ERWIN = 14.6 DIGITS, SO EXPECT ERRORS OF 250.2408 % OF UNITARITY

   439899568063670.25        3756614906647737.5        2.2204460492503131E-016
 Increase lower cutoff: eg CUTL. Continuing.
      75.0  1.00000000  0.00000004i: elastic S-matrix  @@      0.03  0   0 F  0
 Reaction Xsec    75.0-/75 @ 1 =   0.011#, Out:   0.000#******** ********f


 Total SPIN, PARITY =    76.0 +,      5 chs,      0 cc.  Rmin & Coul turning =   11.4   18.6
   S-matrix    1 =    1.00000   0.00000 for L=   76, J=   76.0 channel on core I =   0.0 from L=   76,  Acc. loss =  0.0 D.
 Elastic phase shift   1 =    0.000   0.000 deg. for the L =   76, J =   76.0 channel.
0****** WARNING : ACCURACY LOSS IN ERWIN = 15.1 DIGITS, SO EXPECT ERRORS OF 979.6796 % OF UNITARITY

   1259904029349700.5        14706948352519548.        2.2204460492503131E-016
 Increase lower cutoff: eg CUTL. Continuing.
      76.0  1.00000000  0.00000009i: elastic S-matrix  @@      0.02  0   0 F  0
 Reaction Xsec    76.0+/76 @ 1 =   0.007#, Out:   0.000#******** ********f


 Total SPIN, PARITY =    77.0 -,      5 chs,      0 cc.  Rmin & Coul turning =   11.6   18.8
   S-matrix    1 =    1.00000   0.00000 for L=   77, J=   77.0 channel on core I =   0.0 from L=   77,  Acc. loss =  0.0 D.
 Elastic phase shift   1 =    0.000   0.000 deg. for the L =   77, J =   77.0 channel.
0****** WARNING : ACCURACY LOSS IN ERWIN = 14.4 DIGITS, SO EXPECT ERRORS OF 471.0732 % OF UNITARITY

   230773462516249.72        7071750104107748.0        2.2204460492503131E-016
 Increase lower cutoff: eg CUTL. Continuing.
      77.0  1.00000000  0.00000003i: elastic S-matrix  @@      0.03  0   0 F  0
 Reaction Xsec    77.0-/77 @ 1 =   0.005#, Out:   0.000#******** ********f


 Total SPIN, PARITY =    78.0 +,      5 chs,      0 cc.  Rmin & Coul turning =   11.7   19.1
   S-matrix    1 =    1.00000  -0.00000 for L=   78, J=   78.0 channel on core I =   0.0 from L=   78,  Acc. loss =  0.0 D.
 Elastic phase shift   1 =   -0.000   0.000 deg. for the L =   78, J =   78.0 channel.
0****** WARNING : ACCURACY LOSS IN ERWIN = 15.1 DIGITS, SO EXPECT ERRORS OF 386.4261 % OF UNITARITY

   1291768657838600.5        5801028730982194.0        2.2204460492503131E-016
 Increase lower cutoff: eg CUTL. Continuing.
      78.0  1.00000000 -0.00000001i: elastic S-matrix  @@      0.03  0   0 F  0
 Reaction Xsec    78.0+/78 @ 1 =   0.003#, Out:   0.000#******** ********f


 Total SPIN, PARITY =    79.0 -,      5 chs,      0 cc.  Rmin & Coul turning =   11.9   19.3
   S-matrix    1 =    1.00000   0.00000 for L=   79, J=   79.0 channel on core I =   0.0 from L=   79,  Acc. loss =  0.0 D.
 Elastic phase shift   1 =    0.000   0.000 deg. for the L =   79, J =   79.0 channel.
0****** WARNING : ACCURACY LOSS IN ERWIN = 15.4 DIGITS, SO EXPECT ERRORS OF1358.8895 % OF UNITARITY

   2675366036539438.5        20399646803329832.        2.2204460492503131E-016
 Increase lower cutoff: eg CUTL. Continuing.
      79.0  1.00000000  0.00000005i: elastic S-matrix  @@      0.03  0   0 F  0
 Reaction Xsec    79.0-/79 @ 1 =   0.002#, Out:   0.000#******** ********f


 Total SPIN, PARITY =    80.0 +,      5 chs,      0 cc.  Rmin & Coul turning =   12.0   19.5
   S-matrix    1 =    1.00000   0.00000 for L=   80, J=   80.0 channel on core I =   0.0 from L=   80,  Acc. loss =  0.0 D.
 Elastic phase shift   1 =    0.000   0.000 deg. for the L =   80, J =   80.0 channel.
0****** WARNING : ACCURACY LOSS IN ERWIN = 15.2 DIGITS, SO EXPECT ERRORS OF 553.0882 % OF UNITARITY

   1442912962454902.2        8302960114145376.0        2.2204460492503131E-016
 Increase lower cutoff: eg CUTL. Continuing.
      80.0  1.00000000  0.00000005i: elastic S-matrix  @@      0.03  0   0 F  0
 Reaction Xsec    80.0+/80 @ 1 =   0.001#, Out:   0.000#******** ********f

 Finished all CC sets @    2.51562500    
0CUMULATIVE REACTION cross section                 =  825.35122  <L> =    14.78  <L**2> =    252.6
0CUMULATIVE outgoing cross sections in partition 1 :    0.00000
0CUMULATIVE outgoing cross sections in partition 2 :***********
0Cumulative ABSORBTION by Imaginary Potentials     =***********  <L> =    77.45  <L**2> =   6000.9
   Fusion for specific 4He      M-states :************
0CUMULATIVE OUTGOING cross section                 =***********
 To convert to S-factors (MeV.mb = keV.b),  multiply by  2.7019E+02


 CROSS SECTIONS FOR OUTGOING 4He      & 4He      in state #   1 with spins & parities 0.0  + &  0.0  +;  0

     0.01 deg.: X-S =   1.1347E+13 mb/sr,
+                                         /R =   9.9988E-01
     1.00 deg.: X-S =   1.0366E+05 mb/sr,
+                                         /R =   9.1343E-01
     2.00 deg.: X-S =   4.3831E+04 mb/sr,
+                                         /R =   6.1787E+00
     3.00 deg.: X-S =   3.6054E+04 mb/sr,
+                                         /R =   2.5723E+01
     4.00 deg.: X-S =   2.6329E+04 mb/sr,
+                                         /R =   5.9347E+01
     5.00 deg.: X-S =   1.6824E+04 mb/sr,
+                                         /R =   9.2545E+01
     6.00 deg.: X-S =  9256.522539 mb/sr,
+                                         /R =   1.0552E+02
     7.00 deg.: X-S =  4254.132029 mb/sr,
+                                         /R =   8.9785E+01
     8.00 deg.: X-S =  1600.965243 mb/sr,
+                                         /R =   5.7599E+01
     9.00 deg.: X-S =   605.351803 mb/sr,
+                                         /R =   3.4856E+01
    10.00 deg.: X-S =   477.981000 mb/sr,
+                                         /R =   4.1907E+01
    11.00 deg.: X-S =   603.347724 mb/sr,
+                                         /R =   7.7366E+01
    12.00 deg.: X-S =   650.353672 mb/sr,
+                                         /R =   1.1797E+02
    13.00 deg.: X-S =   541.147565 mb/sr,
+                                         /R =   1.3503E+02
    14.00 deg.: X-S =   343.750744 mb/sr,
+                                         /R =   1.1522E+02
    15.00 deg.: X-S =   159.670882 mb/sr,
+                                         /R =   7.0422E+01
    16.00 deg.: X-S =    52.612342 mb/sr,
+                                         /R =   2.9992E+01
    17.00 deg.: X-S =    29.459335 mb/sr,
+                                         /R =   2.1366E+01
    18.00 deg.: X-S =    58.310748 mb/sr,
+                                         /R =   5.3060E+01
    19.00 deg.: X-S =    98.714461 mb/sr,
+                                         /R =   1.1130E+02
    20.00 deg.: X-S =   124.254148 mb/sr,
+                                         /R =   1.7167E+02
    21.00 deg.: X-S =   129.460078 mb/sr,
+                                         /R =   2.1695E+02
    22.00 deg.: X-S =   123.735533 mb/sr,
+                                         /R =   2.4922E+02
    23.00 deg.: X-S =   120.202060 mb/sr,
+                                         /R =   2.8855E+02
    24.00 deg.: X-S =   126.829578 mb/sr,
+                                         /R =   3.6010E+02
    25.00 deg.: X-S =   143.392646 mb/sr,
+                                         /R =   4.7815E+02
    26.00 deg.: X-S =   163.706520 mb/sr,
+                                         /R =   6.3696E+02
    27.00 deg.: X-S =   180.249751 mb/sr,
+                                         /R =   8.1341E+02
    28.00 deg.: X-S =   188.131931 mb/sr,
+                                         /R =   9.7917E+02
    29.00 deg.: X-S =   186.696376 mb/sr,
+                                         /R =   1.1149E+03
    30.00 deg.: X-S =   178.721023 mb/sr,
+                                         /R =   1.2186E+03
    31.00 deg.: X-S =   168.308993 mb/sr,
+                                         /R =   1.3044E+03
    32.00 deg.: X-S =   158.815662 mb/sr,
+                                         /R =   1.3930E+03
    33.00 deg.: X-S =   151.721073 mb/sr,
+                                         /R =   1.5001E+03
    34.00 deg.: X-S =   146.652774 mb/sr,
+                                         /R =   1.6283E+03
    35.00 deg.: X-S =   142.195106 mb/sr,
+                                         /R =   1.7666E+03
    36.00 deg.: X-S =   136.893030 mb/sr,
+                                         /R =   1.8967E+03
    37.00 deg.: X-S =   129.959735 mb/sr,
+                                         /R =   2.0017E+03
    38.00 deg.: X-S =   121.477081 mb/sr,
+                                         /R =   2.0737E+03
    39.00 deg.: X-S =   112.159061 mb/sr,
+                                         /R =   2.1160E+03
    40.00 deg.: X-S =   102.911189 mb/sr,
+                                         /R =   2.1397E+03
    41.00 deg.: X-S =    94.432272 mb/sr,
+                                         /R =   2.1583E+03
    42.00 deg.: X-S =    87.011515 mb/sr,
+                                         /R =   2.1807E+03
    43.00 deg.: X-S =    80.546497 mb/sr,
+                                         /R =   2.2082E+03
    44.00 deg.: X-S =    74.709382 mb/sr,
+                                         /R =   2.2355E+03
    45.00 deg.: X-S =    69.150715 mb/sr,
+                                         /R =   2.2535E+03
    46.00 deg.: X-S =    63.648706 mb/sr,
+                                         /R =   2.2542E+03
    47.00 deg.: X-S =    58.161808 mb/sr,
+                                         /R =   2.2342E+03
    48.00 deg.: X-S =    52.793461 mb/sr,
+                                         /R =   2.1955E+03
    49.00 deg.: X-S =    47.709600 mb/sr,
+                                         /R =   2.1439E+03
    50.00 deg.: X-S =    43.055416 mb/sr,
+                                         /R =   2.0870E+03
    51.00 deg.: X-S =    38.903827 mb/sr,
+                                         /R =   2.0306E+03
    52.00 deg.: X-S =    35.245773 mb/sr,
+                                         /R =   1.9777E+03
    53.00 deg.: X-S =    32.013243 mb/sr,
+                                         /R =   1.9281E+03
    54.00 deg.: X-S =    29.116346 mb/sr,
+                                         /R =   1.8794E+03
    55.00 deg.: X-S =    26.476215 mb/sr,
+                                         /R =   1.8288E+03
    56.00 deg.: X-S =    24.042826 mb/sr,
+                                         /R =   1.7747E+03
    57.00 deg.: X-S =    21.795982 mb/sr,
+                                         /R =   1.7168E+03
    58.00 deg.: X-S =    19.734659 mb/sr,
+                                         /R =   1.6566E+03
    59.00 deg.: X-S =    17.862632 mb/sr,
+                                         /R =   1.5959E+03
    60.00 deg.: X-S =    16.177228 mb/sr,
+                                         /R =   1.5363E+03
    61.00 deg.: X-S =    14.664711 mb/sr,
+                                         /R =   1.4786E+03
    62.00 deg.: X-S =    13.302197 mb/sr,
+                                         /R =   1.4222E+03
    63.00 deg.: X-S =    12.063477 mb/sr,
+                                         /R =   1.3662E+03
    64.00 deg.: X-S =    10.925407 mb/sr,
+                                         /R =   1.3091E+03
    65.00 deg.: X-S =     9.872259 mb/sr,
+                                         /R =   1.2502E+03
    66.00 deg.: X-S =     8.896857 mb/sr,
+                                         /R =   1.1895E+03
    67.00 deg.: X-S =     7.998798 mb/sr,
+                                         /R =   1.1279E+03
    68.00 deg.: X-S =     7.181011 mb/sr,
+                                         /R =   1.0669E+03
    69.00 deg.: X-S =     6.446173 mb/sr,
+                                         /R =   1.0081E+03
    70.00 deg.: X-S =     5.794109 mb/sr,
+                                         /R =   9.5289E+02
    71.00 deg.: X-S =     5.220729 mb/sr,
+                                         /R =   9.0207E+02
    72.00 deg.: X-S =     4.718426 mb/sr,
+                                         /R =   8.5579E+02
    73.00 deg.: X-S =     4.277432 mb/sr,
+                                         /R =   8.1363E+02
    74.00 deg.: X-S =     3.887461 mb/sr,
+                                         /R =   7.7484E+02
    75.00 deg.: X-S =     3.539109 mb/sr,
+                                         /R =   7.3854E+02
    76.00 deg.: X-S =     3.224682 mb/sr,
+                                         /R =   7.0396E+02
    77.00 deg.: X-S =     2.938414 mb/sr,
+                                         /R =   6.7051E+02
    78.00 deg.: X-S =     2.676195 mb/sr,
+                                         /R =   6.3782E+02
    79.00 deg.: X-S =     2.435089 mb/sr,
+                                         /R =   6.0569E+02
    80.00 deg.: X-S =     2.212883 mb/sr,
+                                         /R =   5.7401E+02
    81.00 deg.: X-S =     2.007787 mb/sr,
+                                         /R =   5.4274E+02
    82.00 deg.: X-S =     1.818345 mb/sr,
+                                         /R =   5.1185E+02
    83.00 deg.: X-S =     1.643492 mb/sr,
+                                         /R =   4.8141E+02
    84.00 deg.: X-S =     1.482627 mb/sr,
+                                         /R =   4.5161E+02
    85.00 deg.: X-S =     1.335595 mb/sr,
+                                         /R =   4.2277E+02
    86.00 deg.: X-S =     1.202534 mb/sr,
+                                         /R =   3.9530E+02
    87.00 deg.: X-S =     1.083608 mb/sr,
+                                         /R =   3.6967E+02
    88.00 deg.: X-S =     0.978702 mb/sr,
+                                         /R =   3.4628E+02
    89.00 deg.: X-S =     0.887188 mb/sr,
+                                         /R =   3.2535E+02
    90.00 deg.: X-S =     0.807849 mb/sr,
+                                         /R =   3.0688E+02
    91.00 deg.: X-S =     0.738989 mb/sr,
+                                         /R =   2.9060E+02
    92.00 deg.: X-S =     0.678661 mb/sr,
+                                         /R =   2.7611E+02
    93.00 deg.: X-S =     0.624949 mb/sr,
+                                         /R =   2.6290E+02
    94.00 deg.: X-S =     0.576208 mb/sr,
+                                         /R =   2.5049E+02
    95.00 deg.: X-S =     0.531185 mb/sr,
+                                         /R =   2.3849E+02
    96.00 deg.: X-S =     0.489017 mb/sr,
+                                         /R =   2.2663E+02
    97.00 deg.: X-S =     0.449158 mb/sr,
+                                         /R =   2.1474E+02
    98.00 deg.: X-S =     0.411286 mb/sr,
+                                         /R =   2.0275E+02
    99.00 deg.: X-S =     0.375242 mb/sr,
+                                         /R =   1.9063E+02
   100.00 deg.: X-S =     0.341010 mb/sr,
+                                         /R =   1.7843E+02
   101.00 deg.: X-S =     0.308730 mb/sr,
+                                         /R =   1.6630E+02
   102.00 deg.: X-S =     0.278704 mb/sr,
+                                         /R =   1.5447E+02
   103.00 deg.: X-S =     0.251327 mb/sr,
+                                         /R =   1.4326E+02
   104.00 deg.: X-S =     0.226977 mb/sr,
+                                         /R =   1.3299E+02
   105.00 deg.: X-S =     0.205877 mb/sr,
+                                         /R =   1.2393E+02
   106.00 deg.: X-S =     0.187988 mb/sr,
+                                         /R =   1.1620E+02
   107.00 deg.: X-S =     0.172971 mb/sr,
+                                         /R =   1.0974E+02
   108.00 deg.: X-S =     0.160258 mb/sr,
+                                         /R =   1.0431E+02
   109.00 deg.: X-S =     0.149195 mb/sr,
+                                         /R =   9.9584E+01
   110.00 deg.: X-S =     0.139203 mb/sr,
+                                         /R =   9.5236E+01
   111.00 deg.: X-S =     0.129883 mb/sr,
+                                         /R =   9.1037E+01
   112.00 deg.: X-S =     0.121041 mb/sr,
+                                         /R =   8.6881E+01
   113.00 deg.: X-S =     0.112634 mb/sr,
+                                         /R =   8.2754E+01
   114.00 deg.: X-S =     0.104656 mb/sr,
+                                         /R =   7.8673E+01
   115.00 deg.: X-S =     0.097049 mb/sr,
+                                         /R =   7.4611E+01
   116.00 deg.: X-S =     0.089682 mb/sr,
+                                         /R =   7.0482E+01
   117.00 deg.: X-S =     0.082406 mb/sr,
+                                         /R =   6.6178E+01
   118.00 deg.: X-S =     0.075147 mb/sr,
+                                         /R =   6.1641E+01
   119.00 deg.: X-S =     0.067984 mb/sr,
+                                         /R =   5.6935E+01
   120.00 deg.: X-S =     0.061160 mb/sr,
+                                         /R =   5.2274E+01
   121.00 deg.: X-S =     0.055017 mb/sr,
+                                         /R =   4.7971E+01
   122.00 deg.: X-S =     0.049859 mb/sr,
+                                         /R =   4.4332E+01
   123.00 deg.: X-S =     0.045819 mb/sr,
+                                         /R =   4.1527E+01
   124.00 deg.: X-S =     0.042795 mb/sr,
+                                         /R =   3.9521E+01
   125.00 deg.: X-S =     0.040484 mb/sr,
+                                         /R =   3.8080E+01
   126.00 deg.: X-S =     0.038500 mb/sr,
+                                         /R =   3.6871E+01
   127.00 deg.: X-S =     0.036525 mb/sr,
+                                         /R =   3.5599E+01
   128.00 deg.: X-S =     0.034415 mb/sr,
+                                         /R =   3.4126E+01
   129.00 deg.: X-S =     0.032226 mb/sr,
+                                         /R =   3.2498E+01
   130.00 deg.: X-S =     0.030133 mb/sr,
+                                         /R =   3.0892E+01
   131.00 deg.: X-S =     0.028298 mb/sr,
+                                         /R =   2.9481E+01
   132.00 deg.: X-S =     0.026753 mb/sr,
+                                         /R =   2.8313E+01
   133.00 deg.: X-S =     0.025364 mb/sr,
+                                         /R =   2.7258E+01
   134.00 deg.: X-S =     0.023890 mb/sr,
+                                         /R =   2.6062E+01
   135.00 deg.: X-S =     0.022120 mb/sr,
+                                         /R =   2.4487E+01
   136.00 deg.: X-S =     0.019996 mb/sr,
+                                         /R =   2.2455E+01
   137.00 deg.: X-S =     0.017680 mb/sr,
+                                         /R =   2.0132E+01
   138.00 deg.: X-S =     0.015494 mb/sr,
+                                         /R =   1.7884E+01
   139.00 deg.: X-S =     0.013788 mb/sr,
+                                         /R =   1.6127E+01
   140.00 deg.: X-S =     0.012769 mb/sr,
+                                         /R =   1.5128E+01
   141.00 deg.: X-S =     0.012399 mb/sr,
+                                         /R =   1.4875E+01
   142.00 deg.: X-S =     0.012400 mb/sr,
+                                         /R =   1.5059E+01
   143.00 deg.: X-S =     0.012385 mb/sr,
+                                         /R =   1.5220E+01
   144.00 deg.: X-S =     0.012035 mb/sr,
+                                         /R =   1.4961E+01
   145.00 deg.: X-S =     0.011255 mb/sr,
+                                         /R =   1.4149E+01
   146.00 deg.: X-S =     0.010208 mb/sr,
+                                         /R =   1.2972E+01
   147.00 deg.: X-S =     0.009227 mb/sr,
+                                         /R =   1.1849E+01
   148.00 deg.: X-S =     0.008629 mb/sr,
+                                         /R =   1.1195E+01
   149.00 deg.: X-S =     0.008537 mb/sr,
+                                         /R =   1.1186E+01
   150.00 deg.: X-S =     0.008797 mb/sr,
+                                         /R =   1.1636E+01
   151.00 deg.: X-S =     0.009038 mb/sr,
+                                         /R =   1.2066E+01
   152.00 deg.: X-S =     0.008859 mb/sr,
+                                         /R =   1.1932E+01
   153.00 deg.: X-S =     0.008043 mb/sr,
+                                         /R =   1.0926E+01
   154.00 deg.: X-S =     0.006694 mb/sr,
+                                         /R =   9.1684E+00
   155.00 deg.: X-S =     0.005217 mb/sr,
+                                         /R =   7.2012E+00
   156.00 deg.: X-S =     0.004134 mb/sr,
+                                         /R =   5.7509E+00
   157.00 deg.: X-S =     0.003835 mb/sr,
+                                         /R =   5.3737E+00
   158.00 deg.: X-S =     0.004362 mb/sr,
+                                         /R =   6.1536E+00
   159.00 deg.: X-S =     0.005362 mb/sr,
+                                         /R =   7.6155E+00
   160.00 deg.: X-S =     0.006243 mb/sr,
+                                         /R =   8.9220E+00
   161.00 deg.: X-S =     0.006452 mb/sr,
+                                         /R =   9.2768E+00
   162.00 deg.: X-S =     0.005772 mb/sr,
+                                         /R =   8.3469E+00
   163.00 deg.: X-S =     0.004460 mb/sr,
+                                         /R =   6.4840E+00
   164.00 deg.: X-S =     0.003156 mb/sr,
+                                         /R =   4.6109E+00
   165.00 deg.: X-S =     0.002583 mb/sr,
+                                         /R =   3.7929E+00
   166.00 deg.: X-S =     0.003175 mb/sr,
+                                         /R =   4.6822E+00
   167.00 deg.: X-S =     0.004799 mb/sr,
+                                         /R =   7.1066E+00
   168.00 deg.: X-S =     0.006750 mb/sr,
+                                         /R =   1.0034E+01
   169.00 deg.: X-S =     0.008033 mb/sr,
+                                         /R =   1.1982E+01
   170.00 deg.: X-S =     0.007839 mb/sr,
+                                         /R =   1.1731E+01
   171.00 deg.: X-S =     0.006015 mb/sr,
+                                         /R =   9.0267E+00
   172.00 deg.: X-S =     0.003280 mb/sr,
+                                         /R =   4.9360E+00
   173.00 deg.: X-S =     0.001079 mb/sr,
+                                         /R =   1.6271E+00
   174.00 deg.: X-S =     0.001060 mb/sr,
+                                         /R =   1.6023E+00
   175.00 deg.: X-S =     0.004396 mb/sr,
+                                         /R =   6.6546E+00
   176.00 deg.: X-S =     0.011199 mb/sr,
+                                         /R =   1.6975E+01
   177.00 deg.: X-S =     0.020303 mb/sr,
+                                         /R =   3.0807E+01
   178.00 deg.: X-S =     0.029537 mb/sr,
+                                         /R =   4.4854E+01
   179.00 deg.: X-S =     0.036406 mb/sr,
+                                         /R =   5.5310E+01
   179.99 deg.: X-S =     0.038944 mb/sr,
+                                         /R =   5.9174E+01
                                           Integrated********** mb, over [   0.000, 180.000] at   355.0000 MeV 

 CROSS SECTIONS FOR OUTGOING n        & 7Be      in state #   1 with spins & parities 0.5  + &  1.5  -;  0

     0.00 deg.: X-S =   4.5281E+07 mb/sr,
+                                         REAC   4.3827E+06 mb
     1.00 deg.: X-S =   2.7782E+07 mb/sr,
     2.00 deg.: X-S =   1.1675E+07 mb/sr,
     3.00 deg.: X-S =   8.7597E+06 mb/sr,
     4.00 deg.: X-S =   4.9557E+06 mb/sr,
     5.00 deg.: X-S =   5.2682E+06 mb/sr,
     6.00 deg.: X-S =   3.3997E+06 mb/sr,
     7.00 deg.: X-S =   3.3912E+06 mb/sr,
     8.00 deg.: X-S =   2.8543E+06 mb/sr,
     9.00 deg.: X-S =   2.2541E+06 mb/sr,
    10.00 deg.: X-S =   2.4813E+06 mb/sr,
    11.00 deg.: X-S =   1.6427E+06 mb/sr,
    12.00 deg.: X-S =   2.0513E+06 mb/sr,
    13.00 deg.: X-S =   1.3881E+06 mb/sr,
    14.00 deg.: X-S =   1.5769E+06 mb/sr,
    15.00 deg.: X-S =   1.3014E+06 mb/sr,
    16.00 deg.: X-S =   1.1571E+06 mb/sr,
    17.00 deg.: X-S =   1.2226E+06 mb/sr,
    18.00 deg.: X-S =   8.7016E+05 mb/sr,
    19.00 deg.: X-S =   1.0719E+06 mb/sr,
    20.00 deg.: X-S =   7.2307E+05 mb/sr,
    21.00 deg.: X-S =   8.5747E+05 mb/sr,
    22.00 deg.: X-S =   6.6076E+05 mb/sr,
    23.00 deg.: X-S =   6.3682E+05 mb/sr,
    24.00 deg.: X-S =   6.1230E+05 mb/sr,
    25.00 deg.: X-S =   4.6382E+05 mb/sr,
    26.00 deg.: X-S =   5.3464E+05 mb/sr,
    27.00 deg.: X-S =   3.5619E+05 mb/sr,
    28.00 deg.: X-S =   4.2649E+05 mb/sr,
    29.00 deg.: X-S =   2.9707E+05 mb/sr,
    30.00 deg.: X-S =   3.1213E+05 mb/sr,
    31.00 deg.: X-S =   2.5807E+05 mb/sr,
    32.00 deg.: X-S =   2.1601E+05 mb/sr,
    33.00 deg.: X-S =   2.2021E+05 mb/sr,
    34.00 deg.: X-S =   1.4867E+05 mb/sr,
    35.00 deg.: X-S =   1.7902E+05 mb/sr,
    36.00 deg.: X-S =   1.0855E+05 mb/sr,
    37.00 deg.: X-S =   1.3787E+05 mb/sr,
    38.00 deg.: X-S =   8.9974E+04 mb/sr,
    39.00 deg.: X-S =   1.0109E+05 mb/sr,
    40.00 deg.: X-S =   8.7010E+04 mb/sr,
    41.00 deg.: X-S =   7.3113E+04 mb/sr,
    42.00 deg.: X-S =   9.2318E+04 mb/sr,
    43.00 deg.: X-S =   5.9949E+04 mb/sr,
    44.00 deg.: X-S =   9.7157E+04 mb/sr,
    45.00 deg.: X-S =   6.6742E+04 mb/sr,
    46.00 deg.: X-S =   9.6310E+04 mb/sr,
    47.00 deg.: X-S =   9.1683E+04 mb/sr,
    48.00 deg.: X-S =   9.3604E+04 mb/sr,
    49.00 deg.: X-S =   1.2328E+05 mb/sr,
    50.00 deg.: X-S =   1.0048E+05 mb/sr,
    51.00 deg.: X-S =   1.4657E+05 mb/sr,
    52.00 deg.: X-S =   1.2608E+05 mb/sr,
    53.00 deg.: X-S =   1.5483E+05 mb/sr,
    54.00 deg.: X-S =   1.6678E+05 mb/sr,
    55.00 deg.: X-S =   1.5610E+05 mb/sr,
    56.00 deg.: X-S =   2.0588E+05 mb/sr,
    57.00 deg.: X-S =   1.6698E+05 mb/sr,
    58.00 deg.: X-S =   2.2558E+05 mb/sr,
    59.00 deg.: X-S =   1.9758E+05 mb/sr,
    60.00 deg.: X-S =   2.2181E+05 mb/sr,
    61.00 deg.: X-S =   2.4073E+05 mb/sr,
    62.00 deg.: X-S =   2.0859E+05 mb/sr,
    63.00 deg.: X-S =   2.7551E+05 mb/sr,
    64.00 deg.: X-S =   2.0739E+05 mb/sr,
    65.00 deg.: X-S =   2.8289E+05 mb/sr,
    66.00 deg.: X-S =   2.2993E+05 mb/sr,
    67.00 deg.: X-S =   2.6089E+05 mb/sr,
    68.00 deg.: X-S =   2.6835E+05 mb/sr,
    69.00 deg.: X-S =   2.2705E+05 mb/sr,
    70.00 deg.: X-S =   3.0019E+05 mb/sr,
    71.00 deg.: X-S =   2.0691E+05 mb/sr,
    72.00 deg.: X-S =   3.0408E+05 mb/sr,
    73.00 deg.: X-S =   2.1690E+05 mb/sr,
    74.00 deg.: X-S =   2.7487E+05 mb/sr,
    75.00 deg.: X-S =   2.5333E+05 mb/sr,
    76.00 deg.: X-S =   2.2840E+05 mb/sr,
    77.00 deg.: X-S =   2.9418E+05 mb/sr,
    78.00 deg.: X-S =   1.9312E+05 mb/sr,
    79.00 deg.: X-S =   3.1256E+05 mb/sr,
    80.00 deg.: X-S =   1.9316E+05 mb/sr,
    81.00 deg.: X-S =   2.9416E+05 mb/sr,
    82.00 deg.: X-S =   2.3277E+05 mb/sr,
    83.00 deg.: X-S =   2.4828E+05 mb/sr,
    84.00 deg.: X-S =   2.9167E+05 mb/sr,
    85.00 deg.: X-S =   2.0460E+05 mb/sr,
    86.00 deg.: X-S =   3.3606E+05 mb/sr,
    87.00 deg.: X-S =   1.9580E+05 mb/sr,
    88.00 deg.: X-S =   3.3986E+05 mb/sr,
    89.00 deg.: X-S =   2.3593E+05 mb/sr,
    90.00 deg.: X-S =   3.0307E+05 mb/sr,
    91.00 deg.: X-S =   3.0890E+05 mb/sr,
    92.00 deg.: X-S =   2.5408E+05 mb/sr,
    93.00 deg.: X-S =   3.7651E+05 mb/sr,
    94.00 deg.: X-S =   2.3244E+05 mb/sr,
    95.00 deg.: X-S =   4.0245E+05 mb/sr,
    96.00 deg.: X-S =   2.6246E+05 mb/sr,
    97.00 deg.: X-S =   3.7665E+05 mb/sr,
    98.00 deg.: X-S =   3.3542E+05 mb/sr,
    99.00 deg.: X-S =   3.2313E+05 mb/sr,
   100.00 deg.: X-S =   4.1357E+05 mb/sr,
   101.00 deg.: X-S =   2.8476E+05 mb/sr,
   102.00 deg.: X-S =   4.5420E+05 mb/sr,
   103.00 deg.: X-S =   2.9449E+05 mb/sr,
   104.00 deg.: X-S =   4.3805E+05 mb/sr,
   105.00 deg.: X-S =   3.5249E+05 mb/sr,
   106.00 deg.: X-S =   3.8235E+05 mb/sr,
   107.00 deg.: X-S =   4.2564E+05 mb/sr,
   108.00 deg.: X-S =   3.2873E+05 mb/sr,
   109.00 deg.: X-S =   4.7005E+05 mb/sr,
   110.00 deg.: X-S =   3.1444E+05 mb/sr,
   111.00 deg.: X-S =   4.6091E+05 mb/sr,
   112.00 deg.: X-S =   3.4725E+05 mb/sr,
   113.00 deg.: X-S =   4.0829E+05 mb/sr,
   114.00 deg.: X-S =   4.0196E+05 mb/sr,
   115.00 deg.: X-S =   3.4796E+05 mb/sr,
   116.00 deg.: X-S =   4.4022E+05 mb/sr,
   117.00 deg.: X-S =   3.1526E+05 mb/sr,
   118.00 deg.: X-S =   4.3765E+05 mb/sr,
   119.00 deg.: X-S =   3.2215E+05 mb/sr,
   120.00 deg.: X-S =   3.9819E+05 mb/sr,
   121.00 deg.: X-S =   3.5356E+05 mb/sr,
   122.00 deg.: X-S =   3.4700E+05 mb/sr,
   123.00 deg.: X-S =   3.8259E+05 mb/sr,
   124.00 deg.: X-S =   3.1061E+05 mb/sr,
   125.00 deg.: X-S =   3.9026E+05 mb/sr,
   126.00 deg.: X-S =   3.0074E+05 mb/sr,
   127.00 deg.: X-S =   3.7499E+05 mb/sr,
   128.00 deg.: X-S =   3.1224E+05 mb/sr,
   129.00 deg.: X-S =   3.4785E+05 mb/sr,
   130.00 deg.: X-S =   3.3220E+05 mb/sr,
   131.00 deg.: X-S =   3.2169E+05 mb/sr,
   132.00 deg.: X-S =   3.4980E+05 mb/sr,
   133.00 deg.: X-S =   3.0425E+05 mb/sr,
   134.00 deg.: X-S =   3.5960E+05 mb/sr,
   135.00 deg.: X-S =   2.9843E+05 mb/sr,
   136.00 deg.: X-S =   3.5912E+05 mb/sr,
   137.00 deg.: X-S =   3.0530E+05 mb/sr,
   138.00 deg.: X-S =   3.4715E+05 mb/sr,
   139.00 deg.: X-S =   3.2403E+05 mb/sr,
   140.00 deg.: X-S =   3.2583E+05 mb/sr,
   141.00 deg.: X-S =   3.4878E+05 mb/sr,
   142.00 deg.: X-S =   3.0364E+05 mb/sr,
   143.00 deg.: X-S =   3.6768E+05 mb/sr,
   144.00 deg.: X-S =   2.9340E+05 mb/sr,
   145.00 deg.: X-S =   3.6819E+05 mb/sr,
   146.00 deg.: X-S =   3.0423E+05 mb/sr,
   147.00 deg.: X-S =   3.4638E+05 mb/sr,
   148.00 deg.: X-S =   3.3298E+05 mb/sr,
   149.00 deg.: X-S =   3.1251E+05 mb/sr,
   150.00 deg.: X-S =   3.6323E+05 mb/sr,
   151.00 deg.: X-S =   2.8670E+05 mb/sr,
   152.00 deg.: X-S =   3.7451E+05 mb/sr,
   153.00 deg.: X-S =   2.8608E+05 mb/sr,
   154.00 deg.: X-S =   3.5646E+05 mb/sr,
   155.00 deg.: X-S =   3.1220E+05 mb/sr,
   156.00 deg.: X-S =   3.1750E+05 mb/sr,
   157.00 deg.: X-S =   3.4820E+05 mb/sr,
   158.00 deg.: X-S =   2.8102E+05 mb/sr,
   159.00 deg.: X-S =   3.6906E+05 mb/sr,
   160.00 deg.: X-S =   2.7068E+05 mb/sr,
   161.00 deg.: X-S =   3.5856E+05 mb/sr,
   162.00 deg.: X-S =   2.9449E+05 mb/sr,
   163.00 deg.: X-S =   3.2159E+05 mb/sr,
   164.00 deg.: X-S =   3.3895E+05 mb/sr,
   165.00 deg.: X-S =   2.8298E+05 mb/sr,
   166.00 deg.: X-S =   3.7755E+05 mb/sr,
   167.00 deg.: X-S =   2.7407E+05 mb/sr,
   168.00 deg.: X-S =   3.8824E+05 mb/sr,
   169.00 deg.: X-S =   3.1613E+05 mb/sr,
   170.00 deg.: X-S =   3.6934E+05 mb/sr,
   171.00 deg.: X-S =   4.1132E+05 mb/sr,
   172.00 deg.: X-S =   3.4845E+05 mb/sr,
   173.00 deg.: X-S =   5.4526E+05 mb/sr,
   174.00 deg.: X-S =   3.9359E+05 mb/sr,
   175.00 deg.: X-S =   6.9522E+05 mb/sr,
   176.00 deg.: X-S =   6.8854E+05 mb/sr,
   177.00 deg.: X-S =   8.1479E+05 mb/sr,
   178.00 deg.: X-S =   2.3576E+06 mb/sr,
   179.00 deg.: X-S =   1.7053E+06 mb/sr,
   180.00 deg.: X-S =   1.2250E+05 mb/sr,
                                           Integrated********** mb, over [   0.000, 180.000] at   355.0000 MeV 
 Finished all xsecs @    2.53125000    

  The following files have been created:
   3:local copy of User input.            6:standard output.                   
   7:elastic  S-matrix elements.         12:transfer kernels.                  
  13:total cross sections/state.         16:tables of cross sections.          
  35:Astrophysics S-factors  / Ecm.      38:cross sections for each J/pi.      
  39:cross sections for each Ecm.        40:all cross sectns. for each Elab.   
  45:scat phase shift as E functions.    46:bs wave functions & ANC ratios.    
  56:Fusion for each Jtotal.             75:S-factors for lab energies.        
 201:Separate cross sections.           202:Separate cross sections.           

 PARAMETERS : MAXQRN   MFNL   MLOC  LMAX1 MCLIST
    ALLOWED :      4     25     10    100      6
    REQUIRED:      1      4     10     82      3


 ACCURACY ANALYSIS at   355.000 MeV :

  Elastic h*k = 0.206 so NOT OK   compared with 0.200

   Real(S-el) > 0.01 first at J =       1.0
   Real(S-el) > 0.10 first at J =      15.0
   Real(S-el) > 0.50 first at J =      23.0
   Real(S-el) > 0.90 first at J =      25.0
   Real(S-el) > 0.99 first at J =      29.0
   R-turn =    19.55 fm    at J =      80.0

 Forward-angle excitation cut off below   0.095 deg by max JT =      80.0
                              and below   0.062 deg by max R.


 1: Recommended RNL: non-local width >  12.20 cf:  30.00 fm: OK      
    Recommended CENTRE: centration   ~   1.20 cf:   0.00 fm

 Total CPU  0 time =       2.55 seconds
