 FRESCO - FRES 3.4: Coupled Reaction Channels
 Assuming NAMELIST input.

 4He(4He,n)7Be  E=130 MeV  Q=-18.990  [he4_he4_n_be7]                            

   0.050  30.000   0.250   0.100  30.000   0.000   0.000   0.000   0.000   0.000

 Centre-of-mass Range is    602 * 0.0500 fm., Maximum at  30.00 fm., Interpolating NL forms every  0.25 fm.
 Non - locality width is    301 * 0.1000 fm., Maximum of  30.00 fm., Centred at  0.00 fm.
 2-Nucleon Separation of      0 * 0.2500 fm., Maximum of   0.00 fm., Minimum at  0.00 fm.
 Maximum single particle bins of 30.0000 fm.
               M,Mint =          601         601


 Range of total J is     0.0 <= J <=    80.0 (at least     0.0) and Absorbtion =>    -1.0000 mb.
 Dry Run = F, CC set limits =  0  0, Relativistic kinematics = a, Both/Far/Near Analyses =  1                     

 Cross Sections (and up to T0 for 0=projectile) for Theta from   0.0 to 180.0 in steps of  1.0 degrees, DGAM=0,  Coordinates = 0 (Mads)

 Lower Radial Cutoff = maximum of  3.00*L*h &       0.0 fm.,  Lower Cutoff for Couplings =   0.0  fm.


 Iterate Couplings between   1 and   1 times, to  0.000 % if sooner.                                          
  Block solved exactly =   0 chs., with Pade = 0 & Isocen =  =0, NOSOL = F, initwf =  0
  NL quadrature with   18 Gaussian points, Calculate multipoles up to    86 from   0
  M-transfers for lp+lt greater than or equal to  6, Angular Integration Cutoff below  2.7778 %


 Trace switches are :  CHANS =  1, LISTCC =  0, TRENEG =  0, CDETR =  0, SMATS =  2, XSTABL =  1, NLPL =  0

                       WAVES =  0, LAMPL =  0, VEFF =  0, KFUS =  0, WDISK =  0, BPM =  0, MELFIL =  0

                       CDCC =  0, NFUS =  0

 Using unit mass = 1.000000 amu and 1/fine-structure constant = 137.03599 ( 1.000000 * true ) with hc = 197.32705 MeV.fm,
  thus 2*amu/hbar^2 = 0.0478450 = 1/20.9008 and Coulomb constant = 0.1574855 so e^2 = 1.43997, and nuclear magneton= 0.1261183

 Now pre-scan input and save to file 3



 *********** PARTITION NUMBER  1 ******************************************************************************************

   PROJ=4He        MASS=  4.0000 Z=   2.0,        # STATES=    1T, TARG=4He      MASS=  4.0000 Z=   2.0,     Q-VALUE =   0.0000 MEV.

     1:  J= 0.0+ (B# 1), E=  0.0000, K= 0.0              Potl#  1       J= 0.0+ (B# 1), E=  0.0000, K= 0.0    


 *********** PARTITION NUMBER  2 ******************************************************************************************

   PROJ=n          MASS=  1.0000 Z=   0.0,        # STATES=    1T, TARG=7Be      MASS=  7.0000 Z=   4.0,     Q-VALUE = -18.9900 MEV.

     1:  J= 0.5+ (B# 1), E=  0.0000, K= 0.5              Potl#  2       J= 1.5- (B#-1), E=  0.0000, K= 0.5    
0****** WARNING : COMPARED WITH PARTITION  1, THIS PARTITION HAS TOTAL MASS & CHARGE EXCESSES  -0.02039 &   0.0000


 ************************************************************************************************************************************

 The following POTENTIALS are defined :

  KP#       TYPE      IT    SHAPE      at     V1        r1        a1        V2        r2        a2        A-in     A-used


                                            A#1       A#2        r0c       ac                                                h @ 1
    1    0=Coulomb       0=CHARGE (WS)  1     4.000     4.000    1.4000    0.0000    0.0000    0.0000     0.000    32.000   0.05000

    1    1=Volume        0=Woods-Saxon  2  120.0000    1.4000    0.5500   15.0000    1.4000    0.5500     0.000    32.000
   --------------------------------------------------------------------------------------------------------------------

                                            A#1       A#2        r0c       ac                                                h @ 2
    2    0=Coulomb       0=CHARGE (WS)  3     1.000     7.000    0.0000    0.0000    0.0000    0.0000     0.000    24.717   0.05000

    2    1=Volume        0=Woods-Saxon  4   48.0000    1.2000    0.6500    0.0000    1.2000    0.6500     0.000    24.717

    2    2=Surface       0=Woods-Saxon  5    0.0000    0.0000    0.0000    6.0000    1.3000    0.5000     0.000    24.717

    2    3=Projtl S.O.   0=Woods-Saxon  6    5.5000    1.0000    0.5000    0.0000    0.0000    0.0000     0.000    24.717
   --------------------------------------------------------------------------------------------------------------------

    3    1=Volume        0=Woods-Saxon  7   50.0000    1.2500    0.6500    0.0000    0.0000    0.0000     0.000    24.717

    3    3=Projtl S.O.   0=Woods-Saxon  8    6.0000    1.2500    0.6500    0.0000    0.0000    0.0000     0.000    24.717
   --------------------------------------------------------------------------------------------------------------------

    4    1=Volume        0=Woods-Saxon  9   50.0000    1.2500    0.6500    0.0000    0.0000    0.0000     0.000    24.717

    4    3=Projtl S.O.   0=Woods-Saxon 10    6.0000    1.2500    0.6500    0.0000    0.0000    0.0000     0.000    24.717


 ************************************************************************************************************************************

 The following SINGLE-PARTICLE FORM FACTORS are constructed :


 No.   P1 P2 IN KIND T N  L  S1 IA J/S  IB BIND XFER  BE    SC PC FIL AFRAC Adjust  to  Z  Mass   K     Norm    rms      D0     D   ANC/Gsp

    1:  2  1  1  0     1  0 0.5  1 0.5   0   3   0  20.5780  1  0  0 0.0000 VR  0.7477; 2. 3.000 0.8593 1.0000  2.579 -439.6-1093.5 11.0687

    2:  1  2  2  0     2  1 0.5  1 1.5   0   4   0   1.5870  1  0  0 0.0000 VR  0.7022; 2. 3.000 0.3608 1.0000  4.679   92.7  150.1-16.0626

 ************************************************************************************************************************************

 TWO-way COUPLING # 1 for partitions  2 <-  1 of KIND  7,   0 -1  5 -1 -1 & P1,P2 =    0.0000   0.0000 : for J <=    80.5 & R <  29.8 fm.


 data =  1  1  1  1  1.0000,  so  < [4He      #  1] / [n        #  1]  * Eigen-form #  1>  =   1.0000            BE = 20.578     1

 data =  2  1  1  2  1.0000,  so  < [7Be      #  1] / [4He      #  1]  * Eigen-form #  2>  =   1.0000            BE =  1.587     2
 KNT =   2, KNP =   1: NK,NG,loc=   1   1   1  11  T  T  F

     So FINITE-RANGE TRANSFER : IP1 = 0 (POST    ), IP2=-1 =COMPLEX     ,  for   1 pairs of bound states summed into   1 pairs
      The main coupling potential is that binding the transferred particle to the n        core.

          Using between n        & 4He      the potential No.   5, and subtracting optical potential No.  2

   A real*8 is            8  bytes
   NLL,NLN,NLO =         120         121         301
0File   9 needs RL =   72240    REAL*8 numbers, and NR =    88. i.e.    50.86 Megabytes
   File            9  RECL =      577920
0RECOMMENDED NON-LOCAL WIDTH IS GREATER THAN   12.20 FM.,  RECOMMENDED CENTRATION   1.20, after    0.29 secs.
0Relative non-local usages (rms) are
    0.000   0.000   0.000   0.000   0.000   0.000   0.000   0.000   0.000   0.000   0.000   0.000   0.000   0.000   0.000
    0.000   0.000   0.000   0.000   0.000   0.000   0.000   0.000   0.000   0.000   0.000   0.000   0.000   0.000   0.000
    0.000   0.000   0.000   0.000   0.000   0.000   0.000   0.000   0.000   0.000   0.000   0.000   0.000   0.000   0.000
    0.000   0.000   0.000   0.000   0.000   0.000   0.000   0.000   0.000   0.000   0.000   0.000   0.000   0.000   0.000
    0.000   0.000   0.000   0.000   0.000   0.000   0.000   0.000   0.000   0.000   0.000   0.000   0.000   0.000   0.000
    0.000   0.000   0.000   0.000   0.000   0.000   0.001   0.001   0.001   0.002   0.003   0.005   0.006   0.009   0.012
    0.014   0.022   0.028   0.039   0.052   0.063   0.096   0.120   0.167   0.223   0.266   0.398   0.493   0.674   0.885
    1.047   1.517   1.856   2.444   3.128   3.647   4.953   5.909   7.336   8.967  10.197  12.757  14.660  17.125  19.854
   21.876  25.543  28.263  31.490  34.978  37.503  41.815  44.994  48.622  52.516  55.287  59.928  63.315  67.084  71.071
   73.831  78.314  81.483  84.794  88.183  90.288  93.587  95.594  97.383  98.939  99.288 100.000  99.516  98.196  96.260
   93.695  90.783  87.201  82.652  77.504  71.954  66.183  60.433  54.899  49.518  44.395  39.665  35.425  31.793  28.839
   26.591  25.018  24.020  23.451  23.146  22.970  22.812  22.596  22.277  21.831  21.257  20.563  19.764  18.882  17.939
   16.955  15.951  14.944  13.950  12.979  12.042  11.144  10.292   9.486   8.729   8.021   7.361   6.747   6.177   5.650
    5.163   4.713   4.299   3.917   3.566   3.243   2.947   2.675   2.426   2.198   1.989   1.798   1.624   1.465   1.321
    1.189   1.070   0.961   0.863   0.774   0.694   0.621   0.556   0.497   0.444   0.396   0.353   0.315   0.280   0.250
    0.222   0.198   0.176   0.156   0.139   0.123   0.109   0.097   0.086   0.076   0.068   0.060   0.053   0.047   0.042
    0.037   0.033   0.029   0.026   0.023   0.020   0.018   0.016   0.014   0.012   0.011   0.010   0.009   0.008   0.007
    0.006   0.005   0.005   0.004   0.004   0.003   0.003   0.003   0.002   0.002   0.002   0.002   0.001   0.001   0.001
    0.001   0.001   0.001   0.001   0.001   0.001   0.000   0.000   0.000   0.000   0.000   0.000   0.000   0.000   0.000
    0.000   0.000   0.000   0.000   0.000   0.000   0.000   0.000   0.000   0.000   0.000   0.000   0.000   0.000   0.000
    0.000

 Incoming partition  1 in excitation state # 1,   Laboratory Energy given for partition  1 Nucleus 1 in Excitation pair 1

0Lab. ENERGY ranges :

   from    130.000     to   0.00000     in     0 intervals
   from    0.00000     to   0.00000     in     0 intervals
   from    0.00000     to   0.00000     in     0 intervals

 Largest real,imaginary parts of any form factor at R=   29.50 are   4.88E-02  2.46E-19 MeV
 Finished all Couplings @   0.312500000              10

 Symmetric Hamiltonian
1***********************************************************************************************************************************
************************************************************************************************************************************

        INCOMING 4He      ;    LABORATORY 4He      ENERGY =   130.00     MeV.

 ***********************************************************************************************************************************
 ***********************************************************************************************************************************


  NOTE: Coulomb excitation cut off below   0.157 deg by JTMAX, and below   0.169 deg by Rmax

 Allocate arrays for            2  channels, of which            2  need wfs.

 ######################################################################################################################
 #                                                                                                                    #
 # Total SPIN and PARITY =     0.0 +,      2 channels,    0 in 1st block.  Rmin & Coul turning =    0.0    0.1 fm.  #
 #                                                                                                                    #
 ######################################################################################################################



    C Projectl Target   #   EX.   (L  Proj) J  + Targ = Jtotal     E-cm      Re K     Re Eta     RM*K            CH
    1 4He      4He      #    1: I   0 0.0    0.0  0.0     0.0    65.00000   2.49396   0.11050   74.8189   0.46561   0.18323 1 1 1   1
    2 n        7Be      #    1:     1 0.5    1.5  1.5     0.0    46.73157   1.39871   0.00000   41.9613  -0.20684  -0.45537 2 1 2   1
   S-matrix    1 =   -0.15599  -0.12528 for L=    0, J=    0.0 channel on core I =   0.0 from L=    0,  Acc. loss =  0.0 D.
 Elastic phase shift   1 =  -70.615  46.097 deg. for the L =    0, J =    0.0 channel.
       0.0 -0.15599202 -0.12528301i: elastic S-matrix  @@      0.00  0   0 F  0
 Reaction Xsec     0.0+/ 0 @ 1 =   4.849 , Out:   0.000#   0.013/   4.849f

 Allocate arrays for            4  channels, of which            4  need wfs.

 Total SPIN, PARITY =     1.0 -,      4 chs,      0 cc.  Rmin & Coul turning =    0.2    0.6
   S-matrix    1 =   -0.19060  -0.06788 for L=    1, J=    1.0 channel on core I =   0.0 from L=    1,  Acc. loss =  0.0 D.
 Elastic phase shift   1 =  -80.198  45.776 deg. for the L =    1, J =    1.0 channel.
       1.0 -0.19059641 -0.06788408i: elastic S-matrix  @@      0.03  0   0 F  0
 Reaction Xsec     1.0-/ 1 @ 1 =  14.532 , Out:   0.000#   0.096/  14.532f

 Allocate arrays for            5  channels, of which            5  need wfs.

 Total SPIN, PARITY =     2.0 +,      5 chs,      0 cc.  Rmin & Coul turning =    0.3    1.0
   S-matrix    1 =   -0.20297  -0.01839 for L=    2, J=    2.0 channel on core I =   0.0 from L=    2,  Acc. loss =  0.0 D.
 Elastic phase shift   1 =  -87.412  45.568 deg. for the L =    2, J =    2.0 channel.
       2.0 -0.20296605 -0.01838909i: elastic S-matrix  @@      0.02  0   0 F  0
 Reaction Xsec     2.0+/ 2 @ 1 =  24.206 , Out:   0.000#   0.061/  24.206f


 Total SPIN, PARITY =     3.0 -,      5 chs,      0 cc.  Rmin & Coul turning =    0.5    1.4
   S-matrix    1 =   -0.20297   0.03858 for L=    3, J=    3.0 channel on core I =   0.0 from L=    3,  Acc. loss =  0.0 D.
 Elastic phase shift   1 =   84.618  45.177 deg. for the L =    3, J =    3.0 channel.
       3.0 -0.20296654  0.03858489i: elastic S-matrix  @@      0.02  0   0 F  0
 Reaction Xsec     3.0-/ 3 @ 1 =  33.847 , Out:   0.000#   0.122/  33.847f


 Total SPIN, PARITY =     4.0 +,      5 chs,      0 cc.  Rmin & Coul turning =    0.6    1.8
   S-matrix    1 =   -0.18041   0.10481 for L=    4, J=    4.0 channel on core I =   0.0 from L=    4,  Acc. loss =  0.0 D.
 Elastic phase shift   1 =   74.923  44.894 deg. for the L =    4, J =    4.0 channel.
       4.0 -0.18041255  0.10481107i: elastic S-matrix  @@      0.03  0   0 F  0
 Reaction Xsec     4.0+/ 4 @ 1 =  43.479 , Out:   0.000#   0.113/  43.479f


 Total SPIN, PARITY =     5.0 -,      5 chs,      0 cc.  Rmin & Coul turning =    0.8    2.2
   S-matrix    1 =   -0.12480   0.17249 for L=    5, J=    5.0 channel on core I =   0.0 from L=    5,  Acc. loss =  0.0 D.
 Elastic phase shift   1 =   62.943  44.316 deg. for the L =    5, J =    5.0 channel.
       5.0 -0.12479573  0.17249140i: elastic S-matrix  @@      0.00  0   0 F  0
 Reaction Xsec     5.0-/ 5 @ 1 =  53.042 , Out:   0.000#   0.049/  53.042f


 Total SPIN, PARITY =     6.0 +,      5 chs,      0 cc.  Rmin & Coul turning =    0.9    2.6
   S-matrix    1 =   -0.02884   0.21489 for L=    6, J=    6.0 channel on core I =   0.0 from L=    6,  Acc. loss =  0.0 D.
 Elastic phase shift   1 =   48.823  43.795 deg. for the L =    6, J =    6.0 channel.
       6.0 -0.02884341  0.21488517i: elastic S-matrix  @@      0.03  0   0 F  0
 Reaction Xsec     6.0+/ 6 @ 1 =  62.575 , Out:   0.000#   0.113/  62.575f


 Total SPIN, PARITY =     7.0 -,      5 chs,      0 cc.  Rmin & Coul turning =    1.1    3.0
   S-matrix    1 =    0.10051   0.19752 for L=    7, J=    7.0 channel on core I =   0.0 from L=    7,  Acc. loss =  0.0 D.
 Elastic phase shift   1 =   31.516  43.167 deg. for the L =    7, J =    7.0 channel.
       7.0  0.10050529  0.19751700i: elastic S-matrix  @@      0.02  0   0 F  0
 Reaction Xsec     7.0-/ 7 @ 1 =  72.043 , Out:   0.000#   0.115/  72.042f


 Total SPIN, PARITY =     8.0 +,      5 chs,      0 cc.  Rmin & Coul turning =    1.2    3.4
   S-matrix    1 =    0.21112   0.09127 for L=    8, J=    8.0 channel on core I =   0.0 from L=    8,  Acc. loss =  0.0 D.
 Elastic phase shift   1 =   11.689  42.103 deg. for the L =    8, J =    8.0 channel.
       8.0  0.21112102  0.09126748i: elastic S-matrix  @@      0.03  0   0 F  0
 Reaction Xsec     8.0+/ 8 @ 1 =  81.323 , Out:   0.000#   0.086/  81.323f


 Total SPIN, PARITY =     9.0 -,      5 chs,      0 cc.  Rmin & Coul turning =    1.4    3.8
   S-matrix    1 =    0.21058  -0.09501 for L=    9, J=    9.0 channel on core I =   0.0 from L=    9,  Acc. loss =  0.0 D.
 Elastic phase shift   1 =  -12.142  41.977 deg. for the L =    9, J =    9.0 channel.
       9.0  0.21057555 -0.09501119i: elastic S-matrix  @@      0.05  0   0 F  0
 Reaction Xsec     9.0-/ 9 @ 1 =  90.846 , Out:   0.000#   0.020/  90.846f


 Total SPIN, PARITY =    10.0 +,      5 chs,      0 cc.  Rmin & Coul turning =    1.5    4.2
   S-matrix    1 =    0.03411  -0.24455 for L=   10, J=   10.0 channel on core I =   0.0 from L=   10,  Acc. loss =  0.0 D.
 Elastic phase shift   1 =  -41.030  40.070 deg. for the L =   10, J =   10.0 channel.
      10.0  0.03410907 -0.24455017i: elastic S-matrix  @@      0.03  0   0 F  0
 Reaction Xsec    10.0+/10 @ 1 =  99.602 , Out:   0.000#   2.774#  99.602f


 Total SPIN, PARITY =    11.0 -,      5 chs,      0 cc.  Rmin & Coul turning =    1.7    4.7
   S-matrix    1 =   -0.20076  -0.14787 for L=   11, J=   11.0 channel on core I =   0.0 from L=   11,  Acc. loss =  0.0 D.
 Elastic phase shift   1 =  -71.814  39.790 deg. for the L =   11, J =   11.0 channel.
      11.0 -0.20076033 -0.14786733i: elastic S-matrix  @@      0.05  0   0 F  0
 Reaction Xsec    11.0-/11 @ 1 = 108.949 , Out:   0.000#   1.084# 108.949f


 Total SPIN, PARITY =    12.0 +,      5 chs,      0 cc.  Rmin & Coul turning =    1.8    5.1
   S-matrix    1 =   -0.12297   0.19371 for L=   12, J=   12.0 channel on core I =   0.0 from L=   12,  Acc. loss =  0.0 D.
 Elastic phase shift   1 =   61.204  42.173 deg. for the L =   12, J =   12.0 channel.
      12.0 -0.12296665  0.19370567i: elastic S-matrix  @@      0.05  0   0 F  0
 Reaction Xsec    12.0+/12 @ 1 = 119.625 , Out:   0.000#   0.117# 119.625f


 Total SPIN, PARITY =    13.0 -,      5 chs,      0 cc.  Rmin & Coul turning =    2.0    5.5
   S-matrix    1 =    0.30009   0.19162 for L=   13, J=   13.0 channel on core I =   0.0 from L=   13,  Acc. loss =  0.0 D.
 Elastic phase shift   1 =   16.280  29.584 deg. for the L =   13, J =   13.0 channel.
      13.0  0.30008826  0.19162348i: elastic S-matrix  @@      0.05  0   0 F  0
 Reaction Xsec    13.0-/13 @ 1 = 119.086 , Out:   0.000#   0.013# 119.086f


 Total SPIN, PARITY =    14.0 +,      5 chs,      0 cc.  Rmin & Coul turning =    2.1    5.9
   S-matrix    1 =    0.10004   0.07533 for L=   14, J=   14.0 channel on core I =   0.0 from L=   14,  Acc. loss =  0.0 D.
 Elastic phase shift   1 =   18.490  59.520 deg. for the L =   14, J =   14.0 channel.
      14.0  0.10003630  0.07532551i: elastic S-matrix  @@      0.05  0   0 F  0
 Reaction Xsec    14.0+/14 @ 1 = 144.179 , Out:   0.000#   0.004# 144.179f


 Total SPIN, PARITY =    15.0 -,      5 chs,      0 cc.  Rmin & Coul turning =    2.2    6.3
   S-matrix    1 =    0.61617   0.53203 for L=   15, J=   15.0 channel on core I =   0.0 from L=   15,  Acc. loss =  0.0 D.
 Elastic phase shift   1 =   20.404   5.893 deg. for the L =   15, J =   15.0 channel.
      15.0  0.61617255  0.53203232i: elastic S-matrix  @@      0.06  0   0 F  0
 Reaction Xsec    15.0-/15 @ 1 =  52.810 , Out:   0.000#   0.002#  52.810f


 Total SPIN, PARITY =    16.0 +,      5 chs,      0 cc.  Rmin & Coul turning =    2.4    6.7
   S-matrix    1 =    0.91196   0.27186 for L=   16, J=   16.0 channel on core I =   0.0 from L=   16,  Acc. loss =  0.0 D.
 Elastic phase shift   1 =    8.300   1.421 deg. for the L =   16, J =   16.0 channel.
      16.0  0.91196119  0.27185792i: elastic S-matrix  @@      0.03  0   0 F  0
 Reaction Xsec    16.0+/16 @ 1 =  15.738 , Out:   0.000#   0.001#  15.738f


 Total SPIN, PARITY =    17.0 -,      5 chs,      0 cc.  Rmin & Coul turning =    2.6    7.1
   S-matrix    1 =    0.97253   0.12968 for L=   17, J=   17.0 channel on core I =   0.0 from L=   17,  Acc. loss =  0.0 D.
 Elastic phase shift   1 =    3.797   0.545 deg. for the L =   17, J =   17.0 channel.
      17.0  0.97253315  0.12967571i: elastic S-matrix  @@      0.02  0   0 F  0
 Reaction Xsec    17.0-/17 @ 1 =   6.605 , Out:   0.000#   0.000#   6.605f


 Total SPIN, PARITY =    18.0 +,      5 chs,      0 cc.  Rmin & Coul turning =    2.7    7.5
   S-matrix    1 =    0.98951   0.06309 for L=   18, J=   18.0 channel on core I =   0.0 from L=   18,  Acc. loss =  0.0 D.
 Elastic phase shift   1 =    1.824   0.244 deg. for the L =   18, J =   18.0 channel.
      18.0  0.98951463  0.06308917i: elastic S-matrix  @@      0.03  0   0 F  0
 Reaction Xsec    18.0+/18 @ 1 =   3.155 , Out:   0.000#   0.000#   3.155f


 Total SPIN, PARITY =    19.0 -,      5 chs,      0 cc.  Rmin & Coul turning =    2.9    7.9
   S-matrix    1 =    0.99548   0.03111 for L=   19, J=   19.0 channel on core I =   0.0 from L=   19,  Acc. loss =  0.0 D.
 Elastic phase shift   1 =    0.895   0.116 deg. for the L =   19, J =   19.0 channel.
      19.0  0.99548208  0.03110906i: elastic S-matrix  @@      0.03  0   0 F  0
 Reaction Xsec    19.0-/19 @ 1 =   1.585 , Out:   0.000#   0.000#   1.585f


 Total SPIN, PARITY =    20.0 +,      5 chs,      0 cc.  Rmin & Coul turning =    3.0    8.3
   S-matrix    1 =    0.99791   0.01545 for L=   20, J=   20.0 channel on core I =   0.0 from L=   20,  Acc. loss =  0.0 D.
 Elastic phase shift   1 =    0.443   0.056 deg. for the L =   20, J =   20.0 channel.
0****** WARNING : ACCURACY LOSS IN ERWIN = 14.2 DIGITS, SO EXPECT ERRORS OF   0.0000 % OF UNITARITY

      20.0  0.99791312  0.01544807i: elastic S-matrix  @@      0.03  0   0 F  0
 Reaction Xsec    20.0+/20 @ 1 =   0.814 , Out:   0.000#   0.000#   0.814f


 Total SPIN, PARITY =    21.0 -,      5 chs,      0 cc.  Rmin & Coul turning =    3.2    8.7
   S-matrix    1 =    0.99900   0.00770 for L=   21, J=   21.0 channel on core I =   0.0 from L=   21,  Acc. loss =  0.0 D.
 Elastic phase shift   1 =    0.221   0.028 deg. for the L =   21, J =   21.0 channel.
0****** WARNING : ACCURACY LOSS IN ERWIN = 14.2 DIGITS, SO EXPECT ERRORS OF   0.0000 % OF UNITARITY

      21.0  0.99899882  0.00769718i: elastic S-matrix  @@      0.03  0   0 F  0
 Reaction Xsec    21.0-/21 @ 1 =   0.422 , Out:   0.000#   0.001#   0.422f


 Total SPIN, PARITY =    22.0 +,      5 chs,      0 cc.  Rmin & Coul turning =    3.3    9.1
   S-matrix    1 =    0.99951   0.00384 for L=   22, J=   22.0 channel on core I =   0.0 from L=   22,  Acc. loss =  0.0 D.
 Elastic phase shift   1 =    0.110   0.014 deg. for the L =   22, J =   22.0 channel.
      22.0  0.99951009  0.00384072i: elastic S-matrix  @@      0.03  0   0 F  0
 Reaction Xsec    22.0+/22 @ 1 =   0.219 , Out:   0.000#   0.007#   0.219f


 Total SPIN, PARITY =    23.0 -,      5 chs,      0 cc.  Rmin & Coul turning =    3.5    9.5
   S-matrix    1 =    0.99976   0.00192 for L=   23, J=   23.0 channel on core I =   0.0 from L=   23,  Acc. loss =  0.0 D.
 Elastic phase shift   1 =    0.055   0.007 deg. for the L =   23, J =   23.0 channel.
0****** WARNING : ACCURACY LOSS IN ERWIN = 14.4 DIGITS, SO EXPECT ERRORS OF   0.0000 % OF UNITARITY

      23.0  0.99975787  0.00191723i: elastic S-matrix  @@      0.02  0   0 F  0
 Reaction Xsec    23.0-/23 @ 1 =   0.114 , Out:   0.000#   0.039#   0.114f


 Total SPIN, PARITY =    24.0 +,      5 chs,      0 cc.  Rmin & Coul turning =    3.6    9.9
   S-matrix    1 =    0.99988   0.00096 for L=   24, J=   24.0 channel on core I =   0.0 from L=   24,  Acc. loss =  0.0 D.
 Elastic phase shift   1 =    0.027   0.003 deg. for the L =   24, J =   24.0 channel.
0****** WARNING : ACCURACY LOSS IN ERWIN = 14.7 DIGITS, SO EXPECT ERRORS OF   0.0003 % OF UNITARITY

      24.0  0.99987976  0.00095697i: elastic S-matrix  @@      0.02  0   0 F  0
 Reaction Xsec    24.0+/24 @ 1 =   0.059 , Out:   0.000#   1.070#   0.059f


 Total SPIN, PARITY =    25.0 -,      5 chs,      0 cc.  Rmin & Coul turning =    3.8   10.3
   S-matrix    1 =    0.99994   0.00048 for L=   25, J=   25.0 channel on core I =   0.0 from L=   25,  Acc. loss =  0.0 D.
 Elastic phase shift   1 =    0.014   0.002 deg. for the L =   25, J =   25.0 channel.
0****** WARNING : ACCURACY LOSS IN ERWIN = 14.3 DIGITS, SO EXPECT ERRORS OF   0.0000 % OF UNITARITY

      25.0  0.99994016  0.00047749i: elastic S-matrix  @@      0.02  0   0 F  0
 Reaction Xsec    25.0-/25 @ 1 =   0.031 , Out:   0.000#   0.012/   0.031f


 Total SPIN, PARITY =    26.0 +,      5 chs,      0 cc.  Rmin & Coul turning =    3.9   10.7
   S-matrix    1 =    0.99997   0.00024 for L=   26, J=   26.0 channel on core I =   0.0 from L=   26,  Acc. loss =  0.0 D.
 Elastic phase shift   1 =    0.007   0.001 deg. for the L =   26, J =   26.0 channel.
0****** WARNING : ACCURACY LOSS IN ERWIN = 14.5 DIGITS, SO EXPECT ERRORS OF   0.0022 % OF UNITARITY

      26.0  0.99997020  0.00023816i: elastic S-matrix  @@      0.02  0   0 F  0
 Reaction Xsec    26.0+/26 @ 1 =   0.016 , Out:   0.000#   0.820/   0.015f


 Total SPIN, PARITY =    27.0 -,      5 chs,      0 cc.  Rmin & Coul turning =    4.0   11.1
   S-matrix    1 =    0.99999   0.00012 for L=   27, J=   27.0 channel on core I =   0.0 from L=   27,  Acc. loss =  0.0 D.
 Elastic phase shift   1 =    0.003   0.000 deg. for the L =   27, J =   27.0 channel.
0****** WARNING : ACCURACY LOSS IN ERWIN = 14.3 DIGITS, SO EXPECT ERRORS OF   0.0048 % OF UNITARITY

      27.0  0.99998516  0.00011873i: elastic S-matrix  @@      0.03  0   0 F  0
 Reaction Xsec    27.0-/27 @ 1 =   8.243/, Out:   0.000#   0.464/   0.008f


 Total SPIN, PARITY =    28.0 +,      5 chs,      0 cc.  Rmin & Coul turning =    4.2   11.5
   S-matrix    1 =    0.99999   0.00006 for L=   28, J=   28.0 channel on core I =   0.0 from L=   28,  Acc. loss =  0.0 D.
 Elastic phase shift   1 =    0.002   0.000 deg. for the L =   28, J =   28.0 channel.
      28.0  0.99999261  0.00005917i: elastic S-matrix  @@      0.02  0   0 F  0
 Reaction Xsec    28.0+/28 @ 1 =   4.255/, Out:   0.000#   0.402/   0.004f


 Total SPIN, PARITY =    29.0 -,      5 chs,      0 cc.  Rmin & Coul turning =    4.4   11.9
   S-matrix    1 =    1.00000   0.00003 for L=   29, J=   29.0 channel on core I =   0.0 from L=   29,  Acc. loss =  0.0 D.
 Elastic phase shift   1 =    0.001   0.000 deg. for the L =   29, J =   29.0 channel.
0****** WARNING : ACCURACY LOSS IN ERWIN = 14.2 DIGITS, SO EXPECT ERRORS OF   0.0025 % OF UNITARITY

      29.0  0.99999632  0.00002950i: elastic S-matrix  @@      0.02  0   0 F  0
 Reaction Xsec    29.0-/29 @ 1 =   2.193/, Out:   0.000#   9.206/  -0.007f


 Total SPIN, PARITY =    30.0 +,      5 chs,      0 cc.  Rmin & Coul turning =    4.5   12.3
   S-matrix    1 =    1.00000   0.00001 for L=   30, J=   30.0 channel on core I =   0.0 from L=   30,  Acc. loss =  0.0 D.
 Elastic phase shift   1 =    0.000   0.000 deg. for the L =   30, J =   30.0 channel.
0****** WARNING : ACCURACY LOSS IN ERWIN = 14.3 DIGITS, SO EXPECT ERRORS OF   0.0393 % OF UNITARITY

      30.0  0.99999817  0.00001470i: elastic S-matrix  @@      0.02  0   0 F  0
 Reaction Xsec    30.0+/30 @ 1 =   1.128/, Out:   0.000#   0.063   -0.062f


 Total SPIN, PARITY =    31.0 -,      5 chs,      0 cc.  Rmin & Coul turning =    4.7   12.7
   S-matrix    1 =    1.00000   0.00001 for L=   31, J=   31.0 channel on core I =   0.0 from L=   31,  Acc. loss =  0.0 D.
 Elastic phase shift   1 =    0.000   0.000 deg. for the L =   31, J =   31.0 channel.
0****** WARNING : ACCURACY LOSS IN ERWIN = 14.3 DIGITS, SO EXPECT ERRORS OF   0.2168 % OF UNITARITY

      31.0  0.99999909  0.00000734i: elastic S-matrix  @@      0.02  0   0 F  0
 Reaction Xsec    31.0-/31 @ 1 =   0.580/, Out:   0.000#   0.212   -0.212f


 Total SPIN, PARITY =    32.0 +,      5 chs,      0 cc.  Rmin & Coul turning =    4.8   13.1
   S-matrix    1 =    1.00000   0.00000 for L=   32, J=   32.0 channel on core I =   0.0 from L=   32,  Acc. loss =  0.0 D.
 Elastic phase shift   1 =    0.000   0.000 deg. for the L =   32, J =   32.0 channel.
0****** WARNING : ACCURACY LOSS IN ERWIN = 14.1 DIGITS, SO EXPECT ERRORS OF   0.1376 % OF UNITARITY

      32.0  0.99999955  0.00000368i: elastic S-matrix  @@      0.02  0   0 F  0
 Reaction Xsec    32.0+/32 @ 1 =   0.297/, Out:   0.000#   0.497   -0.497f


 Total SPIN, PARITY =    33.0 -,      5 chs,      0 cc.  Rmin & Coul turning =    5.0   13.5
   S-matrix    1 =    1.00000   0.00000 for L=   33, J=   33.0 channel on core I =   0.0 from L=   33,  Acc. loss =  0.0 D.
 Elastic phase shift   1 =    0.000   0.000 deg. for the L =   33, J =   33.0 channel.
      33.0  0.99999978  0.00000184i: elastic S-matrix  @@      0.03  0   0 F  0
 Reaction Xsec    33.0-/33 @ 1 =   0.152/, Out:   0.000#   7.344   -7.344f


 Total SPIN, PARITY =    34.0 +,      5 chs,      0 cc.  Rmin & Coul turning =    5.1   13.9
   S-matrix    1 =    1.00000   0.00000 for L=   34, J=   34.0 channel on core I =   0.0 from L=   34,  Acc. loss =  0.0 D.
 Elastic phase shift   1 =    0.000   0.000 deg. for the L =   34, J =   34.0 channel.
0****** WARNING : ACCURACY LOSS IN ERWIN = 14.2 DIGITS, SO EXPECT ERRORS OF   0.8243 % OF UNITARITY

      34.0  0.99999989  0.00000094i: elastic S-matrix  @@      0.03  0   0 F  0
 Reaction Xsec    34.0+/34 @ 1 =   0.078/, Out:   0.000# 521.891 -521.891f


 Total SPIN, PARITY =    35.0 -,      5 chs,      0 cc.  Rmin & Coul turning =    5.2   14.3
   S-matrix    1 =    1.00000   0.00000 for L=   35, J=   35.0 channel on core I =   0.0 from L=   35,  Acc. loss =  0.0 D.
 Elastic phase shift   1 =    0.000   0.000 deg. for the L =   35, J =   35.0 channel.
0****** WARNING : ACCURACY LOSS IN ERWIN = 14.4 DIGITS, SO EXPECT ERRORS OF   0.2880 % OF UNITARITY

      35.0  0.99999994  0.00000049i: elastic S-matrix  @@      0.03  0   0 F  0
 Reaction Xsec    35.0-/35 @ 1 =   0.040/, Out:   0.000#   0.555   -0.555f


 Total SPIN, PARITY =    36.0 +,      5 chs,      0 cc.  Rmin & Coul turning =    5.4   14.7
   S-matrix    1 =    1.00000   0.00000 for L=   36, J=   36.0 channel on core I =   0.0 from L=   36,  Acc. loss =  0.0 D.
 Elastic phase shift   1 =    0.000   0.000 deg. for the L =   36, J =   36.0 channel.
0****** WARNING : ACCURACY LOSS IN ERWIN = 14.5 DIGITS, SO EXPECT ERRORS OF   2.9438 % OF UNITARITY

      36.0  0.99999997  0.00000025i: elastic S-matrix  @@      0.03  0   0 F  0
 Reaction Xsec    36.0+/36 @ 1 =   0.020/, Out:   0.000# 155.787 -155.787f


 Total SPIN, PARITY =    37.0 -,      5 chs,      0 cc.  Rmin & Coul turning =    5.6   15.1
   S-matrix    1 =    1.00000   0.00000 for L=   37, J=   37.0 channel on core I =   0.0 from L=   37,  Acc. loss =  0.0 D.
 Elastic phase shift   1 =    0.000   0.000 deg. for the L =   37, J =   37.0 channel.
0****** WARNING : ACCURACY LOSS IN ERWIN = 14.6 DIGITS, SO EXPECT ERRORS OF  15.1548 % OF UNITARITY

   437089954555445.38        227504385383275.84        2.2204460492503131E-016
 Increase lower cutoff: eg CUTL. Continuing.
      37.0  0.99999999  0.00000014i: elastic S-matrix  @@      0.03  0   0 F  0
 Reaction Xsec    37.0-/37 @ 1 =   0.010/, Out:   0.000#9718.843 ********f


 Total SPIN, PARITY =    38.0 +,      5 chs,      0 cc.  Rmin & Coul turning =    5.7   15.5
   S-matrix    1 =    1.00000   0.00000 for L=   38, J=   38.0 channel on core I =   0.0 from L=   38,  Acc. loss =  0.0 D.
 Elastic phase shift   1 =    0.000   0.000 deg. for the L =   38, J =   38.0 channel.
0****** WARNING : ACCURACY LOSS IN ERWIN = 14.6 DIGITS, SO EXPECT ERRORS OF  21.1708 % OF UNITARITY

   387740009386763.19        317816032084307.56        2.2204460492503131E-016
 Increase lower cutoff: eg CUTL. Continuing.
      38.0  0.99999999  0.00000009i: elastic S-matrix  @@      0.03  0   0 F  0
 Reaction Xsec    38.0+/38 @ 1 =   5.274#, Out:   0.000#1122.488 ********f


 Total SPIN, PARITY =    39.0 -,      5 chs,      0 cc.  Rmin & Coul turning =    5.9   15.9
   S-matrix    1 =    1.00000   0.00000 for L=   39, J=   39.0 channel on core I =   0.0 from L=   39,  Acc. loss =  0.0 D.
 Elastic phase shift   1 =    0.000   0.000 deg. for the L =   39, J =   39.0 channel.
0****** WARNING : ACCURACY LOSS IN ERWIN = 15.7 DIGITS, SO EXPECT ERRORS OF 148.5391 % OF UNITARITY

   5244247814534548.0        2229869417449533.2        2.2204460492503131E-016
 Increase lower cutoff: eg CUTL. Continuing.
      39.0  1.00000000  0.00000005i: elastic S-matrix  @@      0.03  0   0 F  0
 Reaction Xsec    39.0-/39 @ 1 =   2.683#, Out:   0.000#******** ********f


 Total SPIN, PARITY =    40.0 +,      5 chs,      0 cc.  Rmin & Coul turning =    6.0   16.3
   S-matrix    1 =    1.00000   0.00000 for L=   40, J=   40.0 channel on core I =   0.0 from L=   40,  Acc. loss =  0.0 D.
 Elastic phase shift   1 =    0.000   0.000 deg. for the L =   40, J =   40.0 channel.
0****** WARNING : ACCURACY LOSS IN ERWIN = 14.5 DIGITS, SO EXPECT ERRORS OF  14.2526 % OF UNITARITY

   347673182687228.44        213959549140474.03        2.2204460492503131E-016
 Increase lower cutoff: eg CUTL. Continuing.
      40.0  1.00000000  0.00000004i: elastic S-matrix  @@      0.05  0   0 F  0
 Reaction Xsec    40.0+/40 @ 1 =   1.364#, Out:   0.000#1046.048 ********f


 Total SPIN, PARITY =    41.0 -,      5 chs,      0 cc.  Rmin & Coul turning =    6.2   16.7
   S-matrix    1 =    1.00000   0.00000 for L=   41, J=   41.0 channel on core I =   0.0 from L=   41,  Acc. loss =  0.0 D.
 Elastic phase shift   1 =    0.000   0.000 deg. for the L =   41, J =   41.0 channel.
0****** WARNING : ACCURACY LOSS IN ERWIN = 15.4 DIGITS, SO EXPECT ERRORS OF 318.7185 % OF UNITARITY

   2624507357459838.5        4784602077166216.0        2.2204460492503131E-016
 Increase lower cutoff: eg CUTL. Continuing.
      41.0  1.00000000  0.00000004i: elastic S-matrix  @@      0.03  0   0 F  0
 Reaction Xsec    41.0-/41 @ 1 =   0.693#, Out:   0.000#******** ********f


 Total SPIN, PARITY =    42.0 +,      5 chs,      0 cc.  Rmin & Coul turning =    6.3   17.1
   S-matrix    1 =    1.00000   0.00000 for L=   42, J=   42.0 channel on core I =   0.0 from L=   42,  Acc. loss =  0.0 D.
 Elastic phase shift   1 =    0.000   0.000 deg. for the L =   42, J =   42.0 channel.
0****** WARNING : ACCURACY LOSS IN ERWIN = 14.5 DIGITS, SO EXPECT ERRORS OF4437.2864 % OF UNITARITY

   341213595720630.75        66612538362347696.        2.2204460492503131E-016
 Increase lower cutoff: eg CUTL. Continuing.
      42.0  1.00000000  0.00000002i: elastic S-matrix  @@      0.03  0   0 F  0
 Reaction Xsec    42.0+/42 @ 1 =   0.351#, Out:   0.000#******** ********f


 Total SPIN, PARITY =    43.0 -,      5 chs,      0 cc.  Rmin & Coul turning =    6.5   17.5
   S-matrix    1 =    1.00000   0.00000 for L=   43, J=   43.0 channel on core I =   0.0 from L=   43,  Acc. loss =  0.0 D.
 Elastic phase shift   1 =    0.000   0.000 deg. for the L =   43, J =   43.0 channel.
0****** WARNING : ACCURACY LOSS IN ERWIN = 14.7 DIGITS, SO EXPECT ERRORS OF2362.6426 % OF UNITARITY

   504272592643488.75        35467987508351780.        2.2204460492503131E-016
 Increase lower cutoff: eg CUTL. Continuing.
      43.0  1.00000000  0.00000001i: elastic S-matrix  @@      0.03  0   0 F  0
 Reaction Xsec    43.0-/43 @ 1 =   0.178#, Out:   0.000#******** ********f


 Total SPIN, PARITY =    44.0 +,      5 chs,      0 cc.  Rmin & Coul turning =    6.6   17.9
   S-matrix    1 =    1.00000   0.00000 for L=   44, J=   44.0 channel on core I =   0.0 from L=   44,  Acc. loss =  0.0 D.
 Elastic phase shift   1 =    0.000   0.000 deg. for the L =   44, J =   44.0 channel.
0****** WARNING : ACCURACY LOSS IN ERWIN = 15.4 DIGITS, SO EXPECT ERRORS OF5005.6680 % OF UNITARITY

   2265060551700465.5        75145081053245360.        2.2204460492503131E-016
 Increase lower cutoff: eg CUTL. Continuing.
      44.0  1.00000000  0.00000002i: elastic S-matrix  @@      0.03  0   0 F  0
 Reaction Xsec    44.0+/44 @ 1 =   0.090#, Out:   0.000#******** ********f


 Total SPIN, PARITY =    45.0 -,      5 chs,      0 cc.  Rmin & Coul turning =    6.8   18.3
   S-matrix    1 =    1.00000   0.00000 for L=   45, J=   45.0 channel on core I =   0.0 from L=   45,  Acc. loss =  0.0 D.
 Elastic phase shift   1 =    0.000   0.000 deg. for the L =   45, J =   45.0 channel.
0****** WARNING : ACCURACY LOSS IN ERWIN = 14.8 DIGITS, SO EXPECT ERRORS OF 740.1026 % OF UNITARITY

   568655447851785.12        11110418756838910.        2.2204460492503131E-016
 Increase lower cutoff: eg CUTL. Continuing.
      45.0  1.00000000  0.00000001i: elastic S-matrix  @@      0.03  0   0 F  0
 Reaction Xsec    45.0-/45 @ 1 =   0.046#, Out:   0.000#******** ********f


 Total SPIN, PARITY =    46.0 +,      5 chs,      0 cc.  Rmin & Coul turning =    6.9   18.7
   S-matrix    1 =    1.00000   0.00000 for L=   46, J=   46.0 channel on core I =   0.0 from L=   46,  Acc. loss =  0.0 D.
 Elastic phase shift   1 =    0.000   0.000 deg. for the L =   46, J =   46.0 channel.
0****** WARNING : ACCURACY LOSS IN ERWIN = 14.6 DIGITS, SO EXPECT ERRORS OF1074.2719 % OF UNITARITY

   402205900515178.81        16126968675531408.        2.2204460492503131E-016
 Increase lower cutoff: eg CUTL. Continuing.
      46.0  1.00000000  0.00000000i: elastic S-matrix  @@      0.02  0   0 F  0
 Reaction Xsec    46.0+/46 @ 1 =   0.023#, Out:   0.000#******** ********f


 Total SPIN, PARITY =    47.0 -,      5 chs,      0 cc.  Rmin & Coul turning =    7.1   19.1
   S-matrix    1 =    1.00000   0.00000 for L=   47, J=   47.0 channel on core I =   0.0 from L=   47,  Acc. loss =  0.0 D.
 Elastic phase shift   1 =    0.000   0.000 deg. for the L =   47, J =   47.0 channel.
0****** WARNING : ACCURACY LOSS IN ERWIN = 15.1 DIGITS, SO EXPECT ERRORS OF 618.8225 % OF UNITARITY

   1191627338527326.0        9289762172436626.0        2.2204460492503131E-016
 Increase lower cutoff: eg CUTL. Continuing.
      47.0  1.00000000  0.00000001i: elastic S-matrix  @@      0.03  0   0 F  0
 Reaction Xsec    47.0-/47 @ 1 =   0.012#, Out:   0.000#******** ********f


 Total SPIN, PARITY =    48.0 +,      5 chs,      0 cc.  Rmin & Coul turning =    7.2   19.5
   S-matrix    1 =    1.00000   0.00000 for L=   48, J=   48.0 channel on core I =   0.0 from L=   48,  Acc. loss =  0.0 D.
 Elastic phase shift   1 =    0.000   0.000 deg. for the L =   48, J =   48.0 channel.
0****** WARNING : ACCURACY LOSS IN ERWIN = 15.0 DIGITS, SO EXPECT ERRORS OF 342.8845 % OF UNITARITY

   1019154217485017.6        5147382323587013.0        2.2204460492503131E-016
 Increase lower cutoff: eg CUTL. Continuing.
      48.0  1.00000000  0.00000001i: elastic S-matrix  @@      0.03  0   0 F  0
 Reaction Xsec    48.0+/48 @ 1 =   0.006#, Out:   0.000#******** ********f


 Total SPIN, PARITY =    49.0 -,      5 chs,      0 cc.  Rmin & Coul turning =    7.4   19.9
   S-matrix    1 =    1.00000  -0.00000 for L=   49, J=   49.0 channel on core I =   0.0 from L=   49,  Acc. loss =  0.0 D.
 Elastic phase shift   1 =   -0.000   0.000 deg. for the L =   49, J =   49.0 channel.
0****** WARNING : ACCURACY LOSS IN ERWIN = 16.2 DIGITS, SO EXPECT ERRORS OF 196.2072 % OF UNITARITY

   15205582372921388.        2945462674845840.0        2.2204460492503131E-016
 Increase lower cutoff: eg CUTL. Continuing.
      49.0  1.00000000 -0.00000000i: elastic S-matrix  @@      0.05  0   0 F  0
 Reaction Xsec    49.0-/49 @ 1 =   0.003#, Out:   0.000#******** ********f


 Total SPIN, PARITY =    50.0 +,      5 chs,      0 cc.  Rmin & Coul turning =    7.5   20.3
   S-matrix    1 =    1.00000  -0.00000 for L=   50, J=   50.0 channel on core I =   0.0 from L=   50,  Acc. loss =  0.0 D.
 Elastic phase shift   1 =   -0.000   0.000 deg. for the L =   50, J =   50.0 channel.
0****** WARNING : ACCURACY LOSS IN ERWIN = 15.0 DIGITS, SO EXPECT ERRORS OF 229.1398 % OF UNITARITY

   905454018458230.75        3439847058703083.0        2.2204460492503131E-016
 Increase lower cutoff: eg CUTL. Continuing.
      50.0  1.00000000 -0.00000001i: elastic S-matrix  @@      0.03  0   0 F  0
 Reaction Xsec    50.0+/50 @ 1 =   0.002#, Out:   0.000#******** ********f


 Total SPIN, PARITY =    51.0 -,      5 chs,      0 cc.  Rmin & Coul turning =    7.7   20.7
   S-matrix    1 =    1.00000   0.00000 for L=   51, J=   51.0 channel on core I =   0.0 from L=   51,  Acc. loss =  0.0 D.
 Elastic phase shift   1 =    0.000   0.000 deg. for the L =   51, J =   51.0 channel.
0****** WARNING : ACCURACY LOSS IN ERWIN = 15.0 DIGITS, SO EXPECT ERRORS OF 269.4456 % OF UNITARITY

   1081536711374579.5        4044917409887072.5        2.2204460492503131E-016
 Increase lower cutoff: eg CUTL. Continuing.
      51.0  1.00000000  0.00000000i: elastic S-matrix  @@      0.02  0   0 F  0
 Reaction Xsec    51.0-/51 @ 1 =   0.001#, Out:   0.000#******** ********f


 Total SPIN, PARITY =    52.0 +,      5 chs,      0 cc.  Rmin & Coul turning =    7.8   21.1
   S-matrix    1 =    1.00000   0.00000 for L=   52, J=   52.0 channel on core I =   0.0 from L=   52,  Acc. loss =  0.0 D.
 Elastic phase shift   1 =    0.000   0.000 deg. for the L =   52, J =   52.0 channel.
0****** WARNING : ACCURACY LOSS IN ERWIN = 15.3 DIGITS, SO EXPECT ERRORS OF  25.1268 % OF UNITARITY

   2065222381718778.0        377204093672556.62        2.2204460492503131E-016
 Increase lower cutoff: eg CUTL. Continuing.
      52.0  1.00000000  0.00000000i: elastic S-matrix  @@      0.03  0   0 F  0
 Reaction Xsec    52.0+/52 @ 1 =   0.000#, Out:   0.000# 428.333 -428.333f


 Total SPIN, PARITY =    53.0 -,      5 chs,      0 cc.  Rmin & Coul turning =    8.0   21.5
   S-matrix    1 =    1.00000  -0.00000 for L=   53, J=   53.0 channel on core I =   0.0 from L=   53,  Acc. loss =  0.0 D.
 Elastic phase shift   1 =   -0.000   0.000 deg. for the L =   53, J =   53.0 channel.
0****** WARNING : ACCURACY LOSS IN ERWIN = 15.6 DIGITS, SO EXPECT ERRORS OF  35.5617 % OF UNITARITY

   3834843522838530.5        533852625912743.19        2.2204460492503131E-016
 Increase lower cutoff: eg CUTL. Continuing.
      53.0  1.00000000 -0.00000001i: elastic S-matrix  @@      0.02  0   0 F  0
 Reaction Xsec    53.0-/53 @ 1 =   0.000#, Out:   0.000# 220.182 -220.182f


 Total SPIN, PARITY =    54.0 +,      5 chs,      0 cc.  Rmin & Coul turning =    8.1   21.9
   S-matrix    1 =    1.00000  -0.00000 for L=   54, J=   54.0 channel on core I =   0.0 from L=   54,  Acc. loss =  0.0 D.
 Elastic phase shift   1 =   -0.000   0.000 deg. for the L =   54, J =   54.0 channel.
0****** WARNING : ACCURACY LOSS IN ERWIN = 15.4 DIGITS, SO EXPECT ERRORS OF  43.8076 % OF UNITARITY

   2607845626191555.5        657639422826189.88        2.2204460492503131E-016
 Increase lower cutoff: eg CUTL. Continuing.
      54.0  1.00000000 -0.00000002i: elastic S-matrix  @@      0.02  0   0 F  0
 Reaction Xsec    54.0+/54 @ 1 =   0.000#, Out:   0.000# 512.191 -512.191f


 Total SPIN, PARITY =    55.0 -,      5 chs,      0 cc.  Rmin & Coul turning =    8.2   22.3
   S-matrix    1 =    1.00000  -0.00000 for L=   55, J=   55.0 channel on core I =   0.0 from L=   55,  Acc. loss =  0.0 D.
 Elastic phase shift   1 =   -0.000   0.000 deg. for the L =   55, J =   55.0 channel.
0****** WARNING : ACCURACY LOSS IN ERWIN = 15.1 DIGITS, SO EXPECT ERRORS OF   3.3209 % OF UNITARITY

      55.0  1.00000000 -0.00000000i: elastic S-matrix  @@      0.02  0   0 F  0
 Reaction Xsec    55.0-/55 @ 1 =   0.000#, Out:   0.000#   8.992   -8.992f


 Total SPIN, PARITY =    56.0 +,      5 chs,      0 cc.  Rmin & Coul turning =    8.4   22.7
   S-matrix    1 =    1.00000  -0.00000 for L=   56, J=   56.0 channel on core I =   0.0 from L=   56,  Acc. loss =  0.0 D.
 Elastic phase shift   1 =   -0.000   0.000 deg. for the L =   56, J =   56.0 channel.
0****** WARNING : ACCURACY LOSS IN ERWIN = 15.1 DIGITS, SO EXPECT ERRORS OF   7.8427 % OF UNITARITY

      56.0  1.00000000 -0.00000000i: elastic S-matrix  @@      0.02  0   0 F  0
 Reaction Xsec    56.0+/56 @ 1 =   0.000#, Out:   0.000#  86.028  -86.028f


 Total SPIN, PARITY =    57.0 -,      5 chs,      0 cc.  Rmin & Coul turning =    8.6   23.1
   S-matrix    1 =    1.00000  -0.00000 for L=   57, J=   57.0 channel on core I =   0.0 from L=   57,  Acc. loss =  0.0 D.
 Elastic phase shift   1 =   -0.000   0.000 deg. for the L =   57, J =   57.0 channel.
0****** WARNING : ACCURACY LOSS IN ERWIN = 18.8 DIGITS, SO EXPECT ERRORS OF  10.9283 % OF UNITARITY

   6.6918182902551101E+018   164056114924401.84        2.2204460492503131E-016
 Increase lower cutoff: eg CUTL. Continuing.
      57.0  1.00000000 -0.00000002i: elastic S-matrix  @@      0.03  0   0 F  0
 Reaction Xsec    57.0-/57 @ 1 =   0.000#, Out:   0.000#   0.446   -0.446f


 Total SPIN, PARITY =    58.0 +,      5 chs,      0 cc.  Rmin & Coul turning =    8.7   23.5
   S-matrix    1 =    1.00000  -0.00000 for L=   58, J=   58.0 channel on core I =   0.0 from L=   58,  Acc. loss =  0.0 D.
 Elastic phase shift   1 =   -0.000   0.000 deg. for the L =   58, J =   58.0 channel.
0****** WARNING : ACCURACY LOSS IN ERWIN = 18.4 DIGITS, SO EXPECT ERRORS OF   1.6068 % OF UNITARITY

      58.0  1.00000000 -0.00000003i: elastic S-matrix  @@      0.03  0   0 F  0
 Reaction Xsec    58.0+/58 @ 1 =   0.000#, Out:   0.000#   5.957   -5.957f


 Total SPIN, PARITY =    59.0 -,      5 chs,      0 cc.  Rmin & Coul turning =    8.8   23.9
   S-matrix    1 =    1.00000  -0.00000 for L=   59, J=   59.0 channel on core I =   0.0 from L=   59,  Acc. loss =  0.0 D.
 Elastic phase shift   1 =   -0.000   0.000 deg. for the L =   59, J =   59.0 channel.
0****** WARNING : ACCURACY LOSS IN ERWIN = 15.5 DIGITS, SO EXPECT ERRORS OF   1.9441 % OF UNITARITY

      59.0  1.00000000 -0.00000002i: elastic S-matrix  @@      0.02  0   0 F  0
 Reaction Xsec    59.0-/59 @ 1 =   0.000#, Out:   0.000#   0.442   -0.442f


 Total SPIN, PARITY =    60.0 +,      5 chs,      0 cc.  Rmin & Coul turning =    9.0   24.3
   S-matrix    1 =    1.00000  -0.00000 for L=   60, J=   60.0 channel on core I =   0.0 from L=   60,  Acc. loss =  0.0 D.
 Elastic phase shift   1 =   -0.000   0.000 deg. for the L =   60, J =   60.0 channel.
0****** WARNING : ACCURACY LOSS IN ERWIN = 15.4 DIGITS, SO EXPECT ERRORS OF   0.8172 % OF UNITARITY

      60.0  1.00000000 -0.00000001i: elastic S-matrix  @@      0.03  0   0 F  0
 Reaction Xsec    60.0+/60 @ 1 =   0.000#, Out:   0.000#   0.192   -0.192f


 Total SPIN, PARITY =    61.0 -,      5 chs,      0 cc.  Rmin & Coul turning =    9.2   24.7
   S-matrix    1 =    1.00000  -0.00000 for L=   61, J=   61.0 channel on core I =   0.0 from L=   61,  Acc. loss =  0.0 D.
 Elastic phase shift   1 =   -0.000   0.000 deg. for the L =   61, J =   61.0 channel.
0****** WARNING : ACCURACY LOSS IN ERWIN = 15.5 DIGITS, SO EXPECT ERRORS OF   0.6780 % OF UNITARITY

      61.0  1.00000000 -0.00000001i: elastic S-matrix  @@      0.03  0   0 F  0
 Reaction Xsec    61.0-/61 @ 1 =   0.000#, Out:   0.000#   0.129   -0.129f


 Total SPIN, PARITY =    62.0 +,      5 chs,      0 cc.  Rmin & Coul turning =    9.3   25.1
   S-matrix    1 =    1.00000  -0.00000 for L=   62, J=   62.0 channel on core I =   0.0 from L=   62,  Acc. loss =  0.0 D.
 Elastic phase shift   1 =   -0.000   0.000 deg. for the L =   62, J =   62.0 channel.
0****** WARNING : ACCURACY LOSS IN ERWIN = 18.9 DIGITS, SO EXPECT ERRORS OF   0.1004 % OF UNITARITY

      62.0  1.00000000 -0.00000003i: elastic S-matrix  @@      0.03  0   0 F  0
 Reaction Xsec    62.0+/62 @ 1 =   0.000#, Out:   0.000#   3.334/  -0.003f


 Total SPIN, PARITY =    63.0 -,      5 chs,      0 cc.  Rmin & Coul turning =    9.5   25.5
   S-matrix    1 =    1.00000  -0.00000 for L=   63, J=   63.0 channel on core I =   0.0 from L=   63,  Acc. loss =  0.0 D.
 Elastic phase shift   1 =   -0.000   0.000 deg. for the L =   63, J =   63.0 channel.
0****** WARNING : ACCURACY LOSS IN ERWIN = 15.5 DIGITS, SO EXPECT ERRORS OF   0.0259 % OF UNITARITY

      63.0  1.00000000 -0.00000003i: elastic S-matrix  @@      0.03  0   0 F  0
 Reaction Xsec    63.0-/63 @ 1 =   0.000#, Out:   0.000#   0.099/  -0.000f


 Total SPIN, PARITY =    64.0 +,      5 chs,      0 cc.  Rmin & Coul turning =    9.6   25.9
   S-matrix    1 =    1.00000  -0.00000 for L=   64, J=   64.0 channel on core I =   0.0 from L=   64,  Acc. loss =  0.0 D.
 Elastic phase shift   1 =   -0.000   0.000 deg. for the L =   64, J =   64.0 channel.
0****** WARNING : ACCURACY LOSS IN ERWIN = 20.3 DIGITS, SO EXPECT ERRORS OF   0.0194 % OF UNITARITY

      64.0  1.00000000 -0.00000003i: elastic S-matrix  @@      0.02  0   0 F  0
 Reaction Xsec    64.0+/64 @ 1 =   0.000#, Out:   0.000#   0.017/  -0.000f


 Total SPIN, PARITY =    65.0 -,      5 chs,      0 cc.  Rmin & Coul turning =    9.8   26.3
   S-matrix    1 =    1.00000  -0.00000 for L=   65, J=   65.0 channel on core I =   0.0 from L=   65,  Acc. loss =  0.0 D.
 Elastic phase shift   1 =   -0.000   0.000 deg. for the L =   65, J =   65.0 channel.
0****** WARNING : ACCURACY LOSS IN ERWIN = 15.6 DIGITS, SO EXPECT ERRORS OF   0.0030 % OF UNITARITY

      65.0  1.00000000 -0.00000002i: elastic S-matrix  @@      0.05  0   0 F  0
 Reaction Xsec    65.0-/65 @ 1 =   0.000#, Out:   0.000#   3.903#  -0.000f


 Total SPIN, PARITY =    66.0 +,      5 chs,      0 cc.  Rmin & Coul turning =    9.9   26.7
   S-matrix    1 =    1.00000  -0.00000 for L=   66, J=   66.0 channel on core I =   0.0 from L=   66,  Acc. loss =  0.0 D.
 Elastic phase shift   1 =   -0.000   0.000 deg. for the L =   66, J =   66.0 channel.
0****** WARNING : ACCURACY LOSS IN ERWIN = 15.4 DIGITS, SO EXPECT ERRORS OF   0.0019 % OF UNITARITY

      66.0  1.00000000 -0.00000001i: elastic S-matrix  @@      0.03  0   0 F  0
 Reaction Xsec    66.0+/66 @ 1 =   0.000#, Out:   0.000#   6.831#  -0.000f


 Total SPIN, PARITY =    67.0 -,      5 chs,      0 cc.  Rmin & Coul turning =   10.1   27.1
   S-matrix    1 =    1.00000  -0.00000 for L=   67, J=   67.0 channel on core I =   0.0 from L=   67,  Acc. loss =  0.0 D.
 Elastic phase shift   1 =   -0.000   0.000 deg. for the L =   67, J =   67.0 channel.
0****** WARNING : ACCURACY LOSS IN ERWIN = 15.3 DIGITS, SO EXPECT ERRORS OF   0.0006 % OF UNITARITY

      67.0  1.00000000 -0.00000002i: elastic S-matrix  @@      0.03  0   0 F  0
 Reaction Xsec    67.0-/67 @ 1 =   0.000#, Out:   0.000#   0.087#  -0.000f


 Total SPIN, PARITY =    68.0 +,      5 chs,      0 cc.  Rmin & Coul turning =   10.2   27.5
   S-matrix    1 =    1.00000  -0.00000 for L=   68, J=   68.0 channel on core I =   0.0 from L=   68,  Acc. loss =  0.0 D.
 Elastic phase shift   1 =   -0.000   0.000 deg. for the L =   68, J =   68.0 channel.
0****** WARNING : ACCURACY LOSS IN ERWIN = 15.5 DIGITS, SO EXPECT ERRORS OF   0.0001 % OF UNITARITY

      68.0  1.00000000 -0.00000002i: elastic S-matrix  @@      0.03  0   0 F  0
 Reaction Xsec    68.0+/68 @ 1 =   0.000#, Out:   0.000#   0.001#  -0.000f


 Total SPIN, PARITY =    69.0 -,      5 chs,      0 cc.  Rmin & Coul turning =   10.4   27.9
   S-matrix    1 =    1.00000  -0.00000 for L=   69, J=   69.0 channel on core I =   0.0 from L=   69,  Acc. loss =  0.0 D.
 Elastic phase shift   1 =   -0.000  -0.000 deg. for the L =   69, J =   69.0 channel.
0****** WARNING : ACCURACY LOSS IN ERWIN = 15.2 DIGITS, SO EXPECT ERRORS OF   0.0000 % OF UNITARITY

      69.0  1.00000000 -0.00000003i: elastic S-matrix  @@      0.03  0   0 F  0
 Reaction Xsec    69.0-/69 @ 1 =  -0.000#, Out:   0.000#   0.001#  -0.000f


 Total SPIN, PARITY =    70.0 +,      5 chs,      0 cc.  Rmin & Coul turning =   10.5   28.3
   S-matrix    1 =    1.00000  -0.00000 for L=   70, J=   70.0 channel on core I =   0.0 from L=   70,  Acc. loss =  0.0 D.
 Elastic phase shift   1 =   -0.000   0.000 deg. for the L =   70, J =   70.0 channel.
0****** WARNING : ACCURACY LOSS IN ERWIN = 15.5 DIGITS, SO EXPECT ERRORS OF   0.0000 % OF UNITARITY

      70.0  1.00000000 -0.00000003i: elastic S-matrix  @@      0.02  0   0 F  0
 Reaction Xsec    70.0+/70 @ 1 =   0.000#, Out:   0.000#   0.000#  -0.000f


 Total SPIN, PARITY =    71.0 -,      5 chs,      0 cc.  Rmin & Coul turning =   10.7   28.7
   S-matrix    1 =    1.00000  -0.00000 for L=   71, J=   71.0 channel on core I =   0.0 from L=   71,  Acc. loss =  0.0 D.
 Elastic phase shift   1 =   -0.000   0.000 deg. for the L =   71, J =   71.0 channel.
0****** WARNING : ACCURACY LOSS IN ERWIN = 15.3 DIGITS, SO EXPECT ERRORS OF   0.0000 % OF UNITARITY

      71.0  1.00000000 -0.00000002i: elastic S-matrix  @@      0.02  0   0 F  0
 Reaction Xsec    71.0-/71 @ 1 =   0.000#, Out:   0.000#   0.000#  -0.000f


 Total SPIN, PARITY =    72.0 +,      5 chs,      0 cc.  Rmin & Coul turning =   10.8   29.1
   S-matrix    1 =    1.00000  -0.00000 for L=   72, J=   72.0 channel on core I =   0.0 from L=   72,  Acc. loss =  0.0 D.
 Elastic phase shift   1 =   -0.000  -0.000 deg. for the L =   72, J =   72.0 channel.
0****** WARNING : ACCURACY LOSS IN ERWIN = 15.8 DIGITS, SO EXPECT ERRORS OF   0.0000 % OF UNITARITY

      72.0  1.00000000 -0.00000001i: elastic S-matrix  @@      0.02  0   0 F  0
 Reaction Xsec    72.0+/72 @ 1 =  -0.000#, Out:   0.000#   0.000#  -0.000f


 Total SPIN, PARITY =    73.0 -,      5 chs,      0 cc.  Rmin & Coul turning =   11.0   29.5
   S-matrix    1 =    1.00000  -0.00000 for L=   73, J=   73.0 channel on core I =   0.0 from L=   73,  Acc. loss =  0.0 D.
 Elastic phase shift   1 =   -0.000   0.000 deg. for the L =   73, J =   73.0 channel.
0****** WARNING : ACCURACY LOSS IN ERWIN = 15.7 DIGITS, SO EXPECT ERRORS OF   0.0000 % OF UNITARITY

      73.0  1.00000000 -0.00000001i: elastic S-matrix  @@      0.02  0   0 F  0
 Reaction Xsec    73.0-/73 @ 1 =   0.000#, Out:   0.000#   0.000#  -0.000f


 Total SPIN, PARITY =    74.0 +,      5 chs,      0 cc.  Rmin & Coul turning =   11.1   29.9
   S-matrix    1 =    1.00000  -0.00000 for L=   74, J=   74.0 channel on core I =   0.0 from L=   74,  Acc. loss =  0.0 D.
 Elastic phase shift   1 =   -0.000   0.000 deg. for the L =   74, J =   74.0 channel.
0****** WARNING : ACCURACY LOSS IN ERWIN = 15.2 DIGITS, SO EXPECT ERRORS OF   0.0000 % OF UNITARITY

      74.0  1.00000000 -0.00000000i: elastic S-matrix  @@      0.02  0   0 F  0
 Reaction Xsec    74.0+/74 @ 1 =   0.000#, Out:   0.000#   0.000#  -0.000f


 Total SPIN, PARITY =    75.0 -,      5 chs,      0 cc.  Rmin & Coul turning =   11.2   30.3
   S-matrix    1 =    1.00000  -0.00000 for L=   75, J=   75.0 channel on core I =   0.0 from L=   75,  Acc. loss =  0.0 D.
 Elastic phase shift   1 =   -0.000   0.000 deg. for the L =   75, J =   75.0 channel.
0****** WARNING : ACCURACY LOSS IN ERWIN = 15.2 DIGITS, SO EXPECT ERRORS OF   0.0000 % OF UNITARITY

      75.0  1.00000000 -0.00000000i: elastic S-matrix  @@      0.02  0   0 F  0
 Reaction Xsec    75.0-/75 @ 1 =   0.000#, Out:   0.000#   0.000#  -0.000f


 Total SPIN, PARITY =    76.0 +,      5 chs,      0 cc.  Rmin & Coul turning =   11.4   30.7
   S-matrix    1 =    1.00000  -0.00000 for L=   76, J=   76.0 channel on core I =   0.0 from L=   76,  Acc. loss =  0.0 D.
 Elastic phase shift   1 =   -0.000   0.000 deg. for the L =   76, J =   76.0 channel.
      76.0  1.00000000 -0.00000000i: elastic S-matrix  @@      0.00  0   0 F  0
 Reaction Xsec    76.0+/76 @ 1 =   0.000#, Out:   0.000#   0.000#   0.000f


 Total SPIN, PARITY =    77.0 -,      5 chs,      0 cc.  Rmin & Coul turning =   11.6   31.1
   S-matrix    1 =    1.00000   0.00000 for L=   77, J=   77.0 channel on core I =   0.0 from L=   77,  Acc. loss =  0.0 D.
 Elastic phase shift   1 =    0.000   0.000 deg. for the L =   77, J =   77.0 channel.
      77.0  1.00000000  0.00000000i: elastic S-matrix  @@      0.02  0   0 F  0
 Reaction Xsec    77.0-/77 @ 1 =   0.000#, Out:   0.000#   0.000#   0.000f


 Total SPIN, PARITY =    78.0 +,      5 chs,      0 cc.  Rmin & Coul turning =   11.7   31.5
   S-matrix    1 =    1.00000   0.00000 for L=   78, J=   78.0 channel on core I =   0.0 from L=   78,  Acc. loss =  0.0 D.
 Elastic phase shift   1 =    0.000   0.000 deg. for the L =   78, J =   78.0 channel.
      78.0  1.00000000  0.00000000i: elastic S-matrix  @@      0.02  0   0 F  0
 Reaction Xsec    78.0+/78 @ 1 =   0.000#, Out:   0.000#   0.000#  -0.000f


 Total SPIN, PARITY =    79.0 -,      5 chs,      0 cc.  Rmin & Coul turning =   11.9   31.9
   S-matrix    1 =    1.00000   0.00000 for L=   79, J=   79.0 channel on core I =   0.0 from L=   79,  Acc. loss =  0.0 D.
 Elastic phase shift   1 =    0.000   0.000 deg. for the L =   79, J =   79.0 channel.
      79.0  1.00000000  0.00000000i: elastic S-matrix  @@      0.02  0   0 F  0
 Reaction Xsec    79.0-/79 @ 1 =   0.000#, Out:   0.000#   0.000#   0.000f


 Total SPIN, PARITY =    80.0 +,      5 chs,      0 cc.  Rmin & Coul turning =   12.0   32.3
   S-matrix    1 =    1.00000   0.00000 for L=   80, J=   80.0 channel on core I =   0.0 from L=   80,  Acc. loss =  0.0 D.
 Elastic phase shift   1 =    0.000   0.000 deg. for the L =   80, J =   80.0 channel.
      80.0  1.00000000  0.00000000i: elastic S-matrix  @@      0.00  0   0 F  0
 Reaction Xsec    80.0+/80 @ 1 =   0.000#, Out:   0.000#   0.000#  -0.000f

 Finished all CC sets @    2.40625000    
0CUMULATIVE REACTION cross section                 = 1153.76780  <L> =     9.90  <L**2> =    112.4
0CUMULATIVE outgoing cross sections in partition 1 :    0.00000
0CUMULATIVE outgoing cross sections in partition 2 :***********
0Cumulative ABSORBTION by Imaginary Potentials     =***********  <L> =    42.84  <L**2> =   1835.8
   Fusion for specific 4He      M-states :************
0CUMULATIVE OUTGOING cross section                 =***********
 To convert to S-factors (MeV.mb = keV.b),  multiply by  1.3015E+02


 CROSS SECTIONS FOR OUTGOING 4He      & 4He      in state #   1 with spins & parities 0.0  + &  0.0  +;  0

     0.01 deg.: X-S =   8.4620E+13 mb/sr,
+                                         /R =   9.9997E-01
     1.00 deg.: X-S =   7.0592E+05 mb/sr,
+                                         /R =   8.3416E-01
     2.00 deg.: X-S =   4.4142E+04 mb/sr,
+                                         /R =   8.3445E-01
     3.00 deg.: X-S =   1.9836E+04 mb/sr,
+                                         /R =   1.8978E+00
     4.00 deg.: X-S =   1.6125E+04 mb/sr,
+                                         /R =   4.8741E+00
     5.00 deg.: X-S =   1.3666E+04 mb/sr,
+                                         /R =   1.0080E+01
     6.00 deg.: X-S =   1.1096E+04 mb/sr,
+                                         /R =   1.6962E+01
     7.00 deg.: X-S =  8513.813486 mb/sr,
+                                         /R =   2.4096E+01
     8.00 deg.: X-S =  6129.744816 mb/sr,
+                                         /R =   2.9574E+01
     9.00 deg.: X-S =  4098.849445 mb/sr,
+                                         /R =   3.1649E+01
    10.00 deg.: X-S =  2502.115049 mb/sr,
+                                         /R =   2.9418E+01
    11.00 deg.: X-S =  1352.935876 mb/sr,
+                                         /R =   2.3264E+01
    12.00 deg.: X-S =   611.851188 mb/sr,
+                                         /R =   1.4884E+01
    13.00 deg.: X-S =   204.637943 mb/sr,
+                                         /R =   6.8477E+00
    14.00 deg.: X-S =    40.783764 mb/sr,
+                                         /R =   1.8331E+00
    15.00 deg.: X-S =    29.810353 mb/sr,
+                                         /R =   1.7631E+00
    16.00 deg.: X-S =    93.582892 mb/sr,
+                                         /R =   7.1539E+00
    17.00 deg.: X-S =   173.660173 mb/sr,
+                                         /R =   1.6890E+01
    18.00 deg.: X-S =   233.702138 mb/sr,
+                                         /R =   2.8518E+01
    19.00 deg.: X-S =   257.751481 mb/sr,
+                                         /R =   3.8973E+01
    20.00 deg.: X-S =   245.712076 mb/sr,
+                                         /R =   4.5523E+01
    21.00 deg.: X-S =   207.515286 mb/sr,
+                                         /R =   4.6634E+01
    22.00 deg.: X-S =   157.330727 mb/sr,
+                                         /R =   4.2494E+01
    23.00 deg.: X-S =   108.830254 mb/sr,
+                                         /R =   3.5034E+01
    24.00 deg.: X-S =    72.065511 mb/sr,
+                                         /R =   2.7439E+01
    25.00 deg.: X-S =    52.077806 mb/sr,
+                                         /R =   2.3287E+01
    26.00 deg.: X-S =    49.005971 mb/sr,
+                                         /R =   2.5570E+01
    27.00 deg.: X-S =    59.238837 mb/sr,
+                                         /R =   3.5848E+01
    28.00 deg.: X-S =    77.082256 mb/sr,
+                                         /R =   5.3799E+01
    29.00 deg.: X-S =    96.454866 mb/sr,
+                                         /R =   7.7241E+01
    30.00 deg.: X-S =   112.252596 mb/sr,
+                                         /R =   1.0264E+02
    31.00 deg.: X-S =   121.184065 mb/sr,
+                                         /R =   1.2594E+02
    32.00 deg.: X-S =   122.037033 mb/sr,
+                                         /R =   1.4354E+02
    33.00 deg.: X-S =   115.460516 mb/sr,
+                                         /R =   1.5308E+02
    34.00 deg.: X-S =   103.422683 mb/sr,
+                                         /R =   1.5399E+02
    35.00 deg.: X-S =    88.529646 mb/sr,
+                                         /R =   1.4750E+02
    36.00 deg.: X-S =    73.372769 mb/sr,
+                                         /R =   1.3633E+02
    37.00 deg.: X-S =    60.026485 mb/sr,
+                                         /R =   1.2399E+02
    38.00 deg.: X-S =    49.760470 mb/sr,
+                                         /R =   1.1391E+02
    39.00 deg.: X-S =    42.973623 mb/sr,
+                                         /R =   1.0872E+02
    40.00 deg.: X-S =    39.312835 mb/sr,
+                                         /R =   1.0961E+02
    41.00 deg.: X-S =    37.912422 mb/sr,
+                                         /R =   1.1620E+02
    42.00 deg.: X-S =    37.681234 mb/sr,
+                                         /R =   1.2664E+02
    43.00 deg.: X-S =    37.571319 mb/sr,
+                                         /R =   1.3813E+02
    44.00 deg.: X-S =    36.779832 mb/sr,
+                                         /R =   1.4758E+02
    45.00 deg.: X-S =    34.858944 mb/sr,
+                                         /R =   1.5233E+02
    46.00 deg.: X-S =    31.731496 mb/sr,
+                                         /R =   1.5070E+02
    47.00 deg.: X-S =    27.628803 mb/sr,
+                                         /R =   1.4233E+02
    48.00 deg.: X-S =    22.978885 mb/sr,
+                                         /R =   1.2815E+02
    49.00 deg.: X-S =    18.277557 mb/sr,
+                                         /R =   1.1014E+02
    50.00 deg.: X-S =    13.971906 mb/sr,
+                                         /R =   9.0818E+01
    51.00 deg.: X-S =    10.377521 mb/sr,
+                                         /R =   7.2636E+01
    52.00 deg.: X-S =     7.639968 mb/sr,
+                                         /R =   5.7489E+01
    53.00 deg.: X-S =     5.739907 mb/sr,
+                                         /R =   4.6359E+01
    54.00 deg.: X-S =     4.532243 mb/sr,
+                                         /R =   3.9230E+01
    55.00 deg.: X-S =     3.804185 mb/sr,
+                                         /R =   3.5238E+01
    56.00 deg.: X-S =     3.335696 mb/sr,
+                                         /R =   3.3018E+01
    57.00 deg.: X-S =     2.948272 mb/sr,
+                                         /R =   3.1142E+01
    58.00 deg.: X-S =     2.533116 mb/sr,
+                                         /R =   2.8514E+01
    59.00 deg.: X-S =     2.056132 mb/sr,
+                                         /R =   2.4634E+01
    60.00 deg.: X-S =     1.543152 mb/sr,
+                                         /R =   1.9652E+01
    61.00 deg.: X-S =     1.053021 mb/sr,
+                                         /R =   1.4238E+01
    62.00 deg.: X-S =     0.647989 mb/sr,
+                                         /R =   9.2907E+00
    63.00 deg.: X-S =     0.369970 mb/sr,
+                                         /R =   5.6186E+00
    64.00 deg.: X-S =     0.228339 mb/sr,
+                                         /R =   3.6689E+00
    65.00 deg.: X-S =     0.200893 mb/sr,
+                                         /R =   3.4116E+00
    66.00 deg.: X-S =     0.245611 mb/sr,
+                                         /R =   4.4036E+00
    67.00 deg.: X-S =     0.317979 mb/sr,
+                                         /R =   6.0128E+00
    68.00 deg.: X-S =     0.387547 mb/sr,
+                                         /R =   7.7214E+00
    69.00 deg.: X-S =     0.448180 mb/sr,
+                                         /R =   9.3991E+00
    70.00 deg.: X-S =     0.518880 mb/sr,
+                                         /R =   1.1443E+01
    71.00 deg.: X-S =     0.635198 mb/sr,
+                                         /R =   1.4718E+01
    72.00 deg.: X-S =     0.834290 mb/sr,
+                                         /R =   2.0292E+01
    73.00 deg.: X-S =     1.138621 mb/sr,
+                                         /R =   2.9044E+01
    74.00 deg.: X-S =     1.543779 mb/sr,
+                                         /R =   4.1263E+01
    75.00 deg.: X-S =     2.014611 mb/sr,
+                                         /R =   5.6377E+01
    76.00 deg.: X-S =     2.491362 mb/sr,
+                                         /R =   7.2934E+01
    77.00 deg.: X-S =     2.904480 mb/sr,
+                                         /R =   8.8877E+01
    78.00 deg.: X-S =     3.194020 mb/sr,
+                                         /R =   1.0208E+02
    79.00 deg.: X-S =     3.328008 mb/sr,
+                                         /R =   1.1101E+02
    80.00 deg.: X-S =     3.314178 mb/sr,
+                                         /R =   1.1528E+02
    81.00 deg.: X-S =     3.201145 mb/sr,
+                                         /R =   1.1604E+02
    82.00 deg.: X-S =     3.067934 mb/sr,
+                                         /R =   1.1581E+02
    83.00 deg.: X-S =     3.004086 mb/sr,
+                                         /R =   1.1800E+02
    84.00 deg.: X-S =     3.085352 mb/sr,
+                                         /R =   1.2603E+02
    85.00 deg.: X-S =     3.351502 mb/sr,
+                                         /R =   1.4226E+02
    86.00 deg.: X-S =     3.792536 mb/sr,
+                                         /R =   1.6718E+02
    87.00 deg.: X-S =     4.347613 mb/sr,
+                                         /R =   1.9889E+02
    88.00 deg.: X-S =     4.917733 mb/sr,
+                                         /R =   2.3333E+02
    89.00 deg.: X-S =     5.389536 mb/sr,
+                                         /R =   2.6505E+02
    90.00 deg.: X-S =     5.664456 mb/sr,
+                                         /R =   2.8855E+02
    91.00 deg.: X-S =     5.685704 mb/sr,
+                                         /R =   2.9983E+02
    92.00 deg.: X-S =     5.455829 mb/sr,
+                                         /R =   2.9766E+02
    93.00 deg.: X-S =     5.039681 mb/sr,
+                                         /R =   2.8430E+02
    94.00 deg.: X-S =     4.551297 mb/sr,
+                                         /R =   2.6532E+02
    95.00 deg.: X-S =     4.127315 mb/sr,
+                                         /R =   2.4849E+02
    96.00 deg.: X-S =     3.893215 mb/sr,
+                                         /R =   2.4195E+02
    97.00 deg.: X-S =     3.930808 mb/sr,
+                                         /R =   2.5202E+02
    98.00 deg.: X-S =     4.255406 mb/sr,
+                                         /R =   2.8131E+02
    99.00 deg.: X-S =     4.808981 mb/sr,
+                                         /R =   3.2761E+02
   100.00 deg.: X-S =     5.471714 mb/sr,
+                                         /R =   3.8394E+02
   101.00 deg.: X-S =     6.089738 mb/sr,
+                                         /R =   4.3989E+02
   102.00 deg.: X-S =     6.512600 mb/sr,
+                                         /R =   4.8405E+02
   103.00 deg.: X-S =     6.631290 mb/sr,
+                                         /R =   5.0687E+02
   104.00 deg.: X-S =     6.407177 mb/sr,
+                                         /R =   5.0341E+02
   105.00 deg.: X-S =     5.884195 mb/sr,
+                                         /R =   4.7498E+02
   106.00 deg.: X-S =     5.180637 mb/sr,
+                                         /R =   4.2944E+02
   107.00 deg.: X-S =     4.461947 mb/sr,
+                                         /R =   3.7963E+02
   108.00 deg.: X-S =     3.900795 mb/sr,
+                                         /R =   3.4049E+02
   109.00 deg.: X-S =     3.634129 mb/sr,
+                                         /R =   3.2529E+02
   110.00 deg.: X-S =     3.727945 mb/sr,
+                                         /R =   3.4202E+02
   111.00 deg.: X-S =     4.158909 mb/sr,
+                                         /R =   3.9091E+02
   112.00 deg.: X-S =     4.817946 mb/sr,
+                                         /R =   4.6375E+02
   113.00 deg.: X-S =     5.535530 mb/sr,
+                                         /R =   5.4539E+02
   114.00 deg.: X-S =     6.122880 mb/sr,
+                                         /R =   6.1723E+02
   115.00 deg.: X-S =     6.419130 mb/sr,
+                                         /R =   6.6178E+02
   116.00 deg.: X-S =     6.332693 mb/sr,
+                                         /R =   6.6741E+02
   117.00 deg.: X-S =     5.866250 mb/sr,
+                                         /R =   6.3175E+02
   118.00 deg.: X-S =     5.118568 mb/sr,
+                                         /R =   5.6303E+02
   119.00 deg.: X-S =     4.262073 mb/sr,
+                                         /R =   4.7866E+02
   120.00 deg.: X-S =     3.501186 mb/sr,
+                                         /R =   4.0129E+02
   121.00 deg.: X-S =     3.021410 mb/sr,
+                                         /R =   3.5328E+02
   122.00 deg.: X-S =     2.941826 mb/sr,
+                                         /R =   3.5077E+02
   123.00 deg.: X-S =     3.283090 mb/sr,
+                                         /R =   3.9902E+02
   124.00 deg.: X-S =     3.959489 mb/sr,
+                                         /R =   4.9034E+02
   125.00 deg.: X-S =     4.797766 mb/sr,
+                                         /R =   6.0517E+02
   126.00 deg.: X-S =     5.578701 mb/sr,
+                                         /R =   7.1644E+02
   127.00 deg.: X-S =     6.091596 mb/sr,
+                                         /R =   7.9619E+02
   128.00 deg.: X-S =     6.188223 mb/sr,
+                                         /R =   8.2287E+02
   129.00 deg.: X-S =     5.822535 mb/sr,
+                                         /R =   7.8739E+02
   130.00 deg.: X-S =     5.065621 mb/sr,
+                                         /R =   6.9640E+02
   131.00 deg.: X-S =     4.091315 mb/sr,
+                                         /R =   5.7158E+02
   132.00 deg.: X-S =     3.135181 mb/sr,
+                                         /R =   4.4494E+02
   133.00 deg.: X-S =     2.436394 mb/sr,
+                                         /R =   3.5112E+02
   134.00 deg.: X-S =     2.176729 mb/sr,
+                                         /R =   3.1844E+02
   135.00 deg.: X-S =     2.432043 mb/sr,
+                                         /R =   3.6104E+02
   136.00 deg.: X-S =     3.149046 mb/sr,
+                                         /R =   4.7420E+02
   137.00 deg.: X-S =     4.154168 mb/sr,
+                                         /R =   6.3433E+02
   138.00 deg.: X-S =     5.193486 mb/sr,
+                                         /R =   8.0388E+02
   139.00 deg.: X-S =     5.994721 mb/sr,
+                                         /R =   9.4025E+02
   140.00 deg.: X-S =     6.336426 mb/sr,
+                                         /R =   1.0067E+03
   141.00 deg.: X-S =     6.107041 mb/sr,
+                                         /R =   9.8252E+02
   142.00 deg.: X-S =     5.338397 mb/sr,
+                                         /R =   8.6939E+02
   143.00 deg.: X-S =     4.204039 mb/sr,
+                                         /R =   6.9281E+02
   144.00 deg.: X-S =     2.981260 mb/sr,
+                                         /R =   4.9699E+02
   145.00 deg.: X-S =     1.984854 mb/sr,
+                                         /R =   3.3460E+02
   146.00 deg.: X-S =     1.488105 mb/sr,
+                                         /R =   2.5360E+02
   147.00 deg.: X-S =     1.650460 mb/sr,
+                                         /R =   2.8423E+02
   148.00 deg.: X-S =     2.470594 mb/sr,
+                                         /R =   4.2982E+02
   149.00 deg.: X-S =     3.778061 mb/sr,
+                                         /R =   6.6379E+02
   150.00 deg.: X-S =     5.267691 mb/sr,
+                                         /R =   9.3437E+02
   151.00 deg.: X-S =     6.570344 mb/sr,
+                                         /R =   1.1762E+03
   152.00 deg.: X-S =     7.344161 mb/sr,
+                                         /R =   1.3264E+03
   153.00 deg.: X-S =     7.364436 mb/sr,
+                                         /R =   1.3415E+03
   154.00 deg.: X-S =     6.589338 mb/sr,
+                                         /R =   1.2102E+03
   155.00 deg.: X-S =     5.183420 mb/sr,
+                                         /R =   9.5954E+02
   156.00 deg.: X-S =     3.490272 mb/sr,
+                                         /R =   6.5103E+02
   157.00 deg.: X-S =     1.957806 mb/sr,
+                                         /R =   3.6784E+02
   158.00 deg.: X-S =     1.031604 mb/sr,
+                                         /R =   1.9517E+02
   159.00 deg.: X-S =     1.040693 mb/sr,
+                                         /R =   1.9820E+02
   160.00 deg.: X-S =     2.103627 mb/sr,
+                                         /R =   4.0318E+02
   161.00 deg.: X-S =     4.079740 mb/sr,
+                                         /R =   7.8662E+02
   162.00 deg.: X-S =     6.581277 mb/sr,
+                                         /R =   1.2762E+03
   163.00 deg.: X-S =     9.048531 mb/sr,
+                                         /R =   1.7641E+03
   164.00 deg.: X-S =    10.875211 mb/sr,
+                                         /R =   2.1309E+03
   165.00 deg.: X-S =    11.558373 mb/sr,
+                                         /R =   2.2756E+03
   166.00 deg.: X-S =    10.839515 mb/sr,
+                                         /R =   2.1436E+03
   167.00 deg.: X-S =     8.802975 mb/sr,
+                                         /R =   1.7480E+03
   168.00 deg.: X-S =     5.905030 mb/sr,
+                                         /R =   1.1771E+03
   169.00 deg.: X-S =     2.920883 mb/sr,
+                                         /R =   5.8428E+02
   170.00 deg.: X-S =     0.814221 mb/sr,
+                                         /R =   1.6340E+02
   171.00 deg.: X-S =     0.551484 mb/sr,
+                                         /R =   1.1099E+02
   172.00 deg.: X-S =     2.896562 mb/sr,
+                                         /R =   5.8448E+02
   173.00 deg.: X-S =     8.228070 mb/sr,
+                                         /R =   1.6641E+03
   174.00 deg.: X-S =    16.418991 mb/sr,
+                                         /R =   3.3273E+03
   175.00 deg.: X-S =    26.807511 mb/sr,
+                                         /R =   5.4416E+03
   176.00 deg.: X-S =    38.270228 mb/sr,
+                                         /R =   7.7790E+03
   177.00 deg.: X-S =    49.388392 mb/sr,
+                                         /R =   1.0050E+04
   178.00 deg.: X-S =    58.678472 mb/sr,
+                                         /R =   1.1949E+04
   179.00 deg.: X-S =    64.844482 mb/sr,
+                                         /R =   1.3211E+04
   179.99 deg.: X-S =    67.003827 mb/sr,
+                                         /R =   1.3653E+04
                                           Integrated********** mb, over [   0.000, 180.000] at   130.0000 MeV 

 CROSS SECTIONS FOR OUTGOING n        & 7Be      in state #   1 with spins & parities 0.5  + &  1.5  -;  0

     0.00 deg.: X-S =   1.8444E+09 mb/sr,
+                                         REAC   2.4663E+08 mb
     1.00 deg.: X-S =   1.5601E+09 mb/sr,
     2.00 deg.: X-S =   9.5035E+08 mb/sr,
     3.00 deg.: X-S =   4.6693E+08 mb/sr,
     4.00 deg.: X-S =   3.0183E+08 mb/sr,
     5.00 deg.: X-S =   3.0107E+08 mb/sr,
     6.00 deg.: X-S =   2.6999E+08 mb/sr,
     7.00 deg.: X-S =   1.9744E+08 mb/sr,
     8.00 deg.: X-S =   1.6251E+08 mb/sr,
     9.00 deg.: X-S =   1.6870E+08 mb/sr,
    10.00 deg.: X-S =   1.6029E+08 mb/sr,
    11.00 deg.: X-S =   1.2867E+08 mb/sr,
    12.00 deg.: X-S =   1.1214E+08 mb/sr,
    13.00 deg.: X-S =   1.1824E+08 mb/sr,
    14.00 deg.: X-S =   1.1633E+08 mb/sr,
    15.00 deg.: X-S =   9.7704E+07 mb/sr,
    16.00 deg.: X-S =   8.6622E+07 mb/sr,
    17.00 deg.: X-S =   9.1782E+07 mb/sr,
    18.00 deg.: X-S =   9.2750E+07 mb/sr,
    19.00 deg.: X-S =   8.0259E+07 mb/sr,
    20.00 deg.: X-S =   7.1401E+07 mb/sr,
    21.00 deg.: X-S =   7.5539E+07 mb/sr,
    22.00 deg.: X-S =   7.7956E+07 mb/sr,
    23.00 deg.: X-S =   6.9033E+07 mb/sr,
    24.00 deg.: X-S =   6.1351E+07 mb/sr,
    25.00 deg.: X-S =   6.4525E+07 mb/sr,
    26.00 deg.: X-S =   6.7641E+07 mb/sr,
    27.00 deg.: X-S =   6.1069E+07 mb/sr,
    28.00 deg.: X-S =   5.4198E+07 mb/sr,
    29.00 deg.: X-S =   5.6495E+07 mb/sr,
    30.00 deg.: X-S =   5.9833E+07 mb/sr,
    31.00 deg.: X-S =   5.4940E+07 mb/sr,
    32.00 deg.: X-S =   4.8769E+07 mb/sr,
    33.00 deg.: X-S =   5.0272E+07 mb/sr,
    34.00 deg.: X-S =   5.3503E+07 mb/sr,
    35.00 deg.: X-S =   4.9876E+07 mb/sr,
    36.00 deg.: X-S =   4.4388E+07 mb/sr,
    37.00 deg.: X-S =   4.5171E+07 mb/sr,
    38.00 deg.: X-S =   4.8063E+07 mb/sr,
    39.00 deg.: X-S =   4.5423E+07 mb/sr,
    40.00 deg.: X-S =   4.0623E+07 mb/sr,
    41.00 deg.: X-S =   4.0757E+07 mb/sr,
    42.00 deg.: X-S =   4.3158E+07 mb/sr,
    43.00 deg.: X-S =   4.1301E+07 mb/sr,
    44.00 deg.: X-S =   3.7186E+07 mb/sr,
    45.00 deg.: X-S =   3.6745E+07 mb/sr,
    46.00 deg.: X-S =   3.8574E+07 mb/sr,
    47.00 deg.: X-S =   3.7335E+07 mb/sr,
    48.00 deg.: X-S =   3.3880E+07 mb/sr,
    49.00 deg.: X-S =   3.2951E+07 mb/sr,
    50.00 deg.: X-S =   3.4189E+07 mb/sr,
    51.00 deg.: X-S =   3.3428E+07 mb/sr,
    52.00 deg.: X-S =   3.0587E+07 mb/sr,
    53.00 deg.: X-S =   2.9274E+07 mb/sr,
    54.00 deg.: X-S =   2.9951E+07 mb/sr,
    55.00 deg.: X-S =   2.9545E+07 mb/sr,
    56.00 deg.: X-S =   2.7262E+07 mb/sr,
    57.00 deg.: X-S =   2.5681E+07 mb/sr,
    58.00 deg.: X-S =   2.5871E+07 mb/sr,
    59.00 deg.: X-S =   2.5715E+07 mb/sr,
    60.00 deg.: X-S =   2.3928E+07 mb/sr,
    61.00 deg.: X-S =   2.2210E+07 mb/sr,
    62.00 deg.: X-S =   2.2007E+07 mb/sr,
    63.00 deg.: X-S =   2.2009E+07 mb/sr,
    64.00 deg.: X-S =   2.0664E+07 mb/sr,
    65.00 deg.: X-S =   1.8939E+07 mb/sr,
    66.00 deg.: X-S =   1.8444E+07 mb/sr,
    67.00 deg.: X-S =   1.8530E+07 mb/sr,
    68.00 deg.: X-S =   1.7580E+07 mb/sr,
    69.00 deg.: X-S =   1.5965E+07 mb/sr,
    70.00 deg.: X-S =   1.5275E+07 mb/sr,
    71.00 deg.: X-S =   1.5388E+07 mb/sr,
    72.00 deg.: X-S =   1.4788E+07 mb/sr,
    73.00 deg.: X-S =   1.3377E+07 mb/sr,
    74.00 deg.: X-S =   1.2573E+07 mb/sr,
    75.00 deg.: X-S =   1.2671E+07 mb/sr,
    76.00 deg.: X-S =   1.2378E+07 mb/sr,
    77.00 deg.: X-S =   1.1230E+07 mb/sr,
    78.00 deg.: X-S =   1.0379E+07 mb/sr,
    79.00 deg.: X-S =   1.0433E+07 mb/sr,
    80.00 deg.: X-S =   1.0398E+07 mb/sr,
    81.00 deg.: X-S =   9.5425E+06 mb/sr,
    82.00 deg.: X-S =   8.6947E+06 mb/sr,
    83.00 deg.: X-S =   8.6851E+06 mb/sr,
    84.00 deg.: X-S =   8.8525E+06 mb/sr,
    85.00 deg.: X-S =   8.2887E+06 mb/sr,
    86.00 deg.: X-S =   7.4827E+06 mb/sr,
    87.00 deg.: X-S =   7.3948E+06 mb/sr,
    88.00 deg.: X-S =   7.7024E+06 mb/sr,
    89.00 deg.: X-S =   7.4101E+06 mb/sr,
    90.00 deg.: X-S =   6.6729E+06 mb/sr,
    91.00 deg.: X-S =   6.4952E+06 mb/sr,
    92.00 deg.: X-S =   6.8775E+06 mb/sr,
    93.00 deg.: X-S =   6.8208E+06 mb/sr,
    94.00 deg.: X-S =   6.1706E+06 mb/sr,
    95.00 deg.: X-S =   5.8951E+06 mb/sr,
    96.00 deg.: X-S =   6.2860E+06 mb/sr,
    97.00 deg.: X-S =   6.4179E+06 mb/sr,
    98.00 deg.: X-S =   5.8670E+06 mb/sr,
    99.00 deg.: X-S =   5.4921E+06 mb/sr,
   100.00 deg.: X-S =   5.8281E+06 mb/sr,
   101.00 deg.: X-S =   6.0938E+06 mb/sr,
   102.00 deg.: X-S =   5.6529E+06 mb/sr,
   103.00 deg.: X-S =   5.1880E+06 mb/sr,
   104.00 deg.: X-S =   5.4133E+06 mb/sr,
   105.00 deg.: X-S =   5.7546E+06 mb/sr,
   106.00 deg.: X-S =   5.4355E+06 mb/sr,
   107.00 deg.: X-S =   4.9053E+06 mb/sr,
   108.00 deg.: X-S =   4.9784E+06 mb/sr,
   109.00 deg.: X-S =   5.3393E+06 mb/sr,
   110.00 deg.: X-S =   5.1561E+06 mb/sr,
   111.00 deg.: X-S =   4.6019E+06 mb/sr,
   112.00 deg.: X-S =   4.5029E+06 mb/sr,
   113.00 deg.: X-S =   4.8346E+06 mb/sr,
   114.00 deg.: X-S =   4.8005E+06 mb/sr,
   115.00 deg.: X-S =   4.2774E+06 mb/sr,
   116.00 deg.: X-S =   4.0114E+06 mb/sr,
   117.00 deg.: X-S =   4.2743E+06 mb/sr,
   118.00 deg.: X-S =   4.3952E+06 mb/sr,
   119.00 deg.: X-S =   3.9646E+06 mb/sr,
   120.00 deg.: X-S =   3.5601E+06 mb/sr,
   121.00 deg.: X-S =   3.7220E+06 mb/sr,
   122.00 deg.: X-S =   3.9890E+06 mb/sr,
   123.00 deg.: X-S =   3.7090E+06 mb/sr,
   124.00 deg.: X-S =   3.2114E+06 mb/sr,
   125.00 deg.: X-S =   3.2440E+06 mb/sr,
   126.00 deg.: X-S =   3.6288E+06 mb/sr,
   127.00 deg.: X-S =   3.5464E+06 mb/sr,
   128.00 deg.: X-S =   3.0103E+06 mb/sr,
   129.00 deg.: X-S =   2.8874E+06 mb/sr,
   130.00 deg.: X-S =   3.3433E+06 mb/sr,
   131.00 deg.: X-S =   3.4911E+06 mb/sr,
   132.00 deg.: X-S =   2.9755E+06 mb/sr,
   133.00 deg.: X-S =   2.6745E+06 mb/sr,
   134.00 deg.: X-S =   3.1419E+06 mb/sr,
   135.00 deg.: X-S =   3.5392E+06 mb/sr,
   136.00 deg.: X-S =   3.1080E+06 mb/sr,
   137.00 deg.: X-S =   2.6152E+06 mb/sr,
   138.00 deg.: X-S =   3.0278E+06 mb/sr,
   139.00 deg.: X-S =   3.6848E+06 mb/sr,
   140.00 deg.: X-S =   3.4102E+06 mb/sr,
   141.00 deg.: X-S =   2.7257E+06 mb/sr,
   142.00 deg.: X-S =   3.0149E+06 mb/sr,
   143.00 deg.: X-S =   3.9352E+06 mb/sr,
   144.00 deg.: X-S =   3.9029E+06 mb/sr,
   145.00 deg.: X-S =   3.0453E+06 mb/sr,
   146.00 deg.: X-S =   3.1395E+06 mb/sr,
   147.00 deg.: X-S =   4.3202E+06 mb/sr,
   148.00 deg.: X-S =   4.6341E+06 mb/sr,
   149.00 deg.: X-S =   3.6426E+06 mb/sr,
   150.00 deg.: X-S =   3.4620E+06 mb/sr,
   151.00 deg.: X-S =   4.8918E+06 mb/sr,
   152.00 deg.: X-S =   5.6802E+06 mb/sr,
   153.00 deg.: X-S =   4.6152E+06 mb/sr,
   154.00 deg.: X-S =   4.0633E+06 mb/sr,
   155.00 deg.: X-S =   5.7226E+06 mb/sr,
   156.00 deg.: X-S =   7.1515E+06 mb/sr,
   157.00 deg.: X-S =   6.0970E+06 mb/sr,
   158.00 deg.: X-S =   5.0479E+06 mb/sr,
   159.00 deg.: X-S =   6.9175E+06 mb/sr,
   160.00 deg.: X-S =   9.2269E+06 mb/sr,
   161.00 deg.: X-S =   8.3008E+06 mb/sr,
   162.00 deg.: X-S =   6.5752E+06 mb/sr,
   163.00 deg.: X-S =   8.6652E+06 mb/sr,
   164.00 deg.: X-S =   1.2274E+07 mb/sr,
   165.00 deg.: X-S =   1.1670E+07 mb/sr,
   166.00 deg.: X-S =   8.9649E+06 mb/sr,
   167.00 deg.: X-S =   1.1394E+07 mb/sr,
   168.00 deg.: X-S =   1.7257E+07 mb/sr,
   169.00 deg.: X-S =   1.7413E+07 mb/sr,
   170.00 deg.: X-S =   1.3027E+07 mb/sr,
   171.00 deg.: X-S =   1.6286E+07 mb/sr,
   172.00 deg.: X-S =   2.7533E+07 mb/sr,
   173.00 deg.: X-S =   3.0273E+07 mb/sr,
   174.00 deg.: X-S =   2.1579E+07 mb/sr,
   175.00 deg.: X-S =   2.7505E+07 mb/sr,
   176.00 deg.: X-S =   6.4688E+07 mb/sr,
   177.00 deg.: X-S =   1.0118E+08 mb/sr,
   178.00 deg.: X-S =   8.9320E+07 mb/sr,
   179.00 deg.: X-S =   3.6239E+07 mb/sr,
   180.00 deg.: X-S =   5.6484E+06 mb/sr,
                                           Integrated********** mb, over [   0.000, 180.000] at   130.0000 MeV 
 Finished all xsecs @    2.43750000    

  The following files have been created:
   3:local copy of User input.            6:standard output.                   
   7:elastic  S-matrix elements.         12:transfer kernels.                  
  13:total cross sections/state.         16:tables of cross sections.          
  35:Astrophysics S-factors  / Ecm.      38:cross sections for each J/pi.      
  39:cross sections for each Ecm.        40:all cross sectns. for each Elab.   
  45:scat phase shift as E functions.    46:bs wave functions & ANC ratios.    
  56:Fusion for each Jtotal.             75:S-factors for lab energies.        
 201:Separate cross sections.           202:Separate cross sections.           

 PARAMETERS : MAXQRN   MFNL   MLOC  LMAX1 MCLIST
    ALLOWED :      4     25     10    100      6
    REQUIRED:      1      4     10     82      3


 ACCURACY ANALYSIS at   130.000 MeV :

  Elastic h*k = 0.125 so OK       compared with 0.200

   Real(S-el) > 0.01 first at J =       7.0
   Real(S-el) > 0.10 first at J =       7.0
   Real(S-el) > 0.50 first at J =      15.0
   Real(S-el) > 0.90 first at J =      16.0
   Real(S-el) > 0.99 first at J =      19.0
   R-turn =    32.32 fm    at J =      80.0

 Forward-angle excitation cut off below   0.157 deg by max JT =      80.0
                              and below   0.169 deg by max R.


 1: Recommended RNL: non-local width >  12.20 cf:  30.00 fm: OK      
    Recommended CENTRE: centration   ~   1.20 cf:   0.00 fm

 Total CPU  0 time =       2.45 seconds
