 FRESCO - FRES 3.4: Coupled Reaction Channels
 Assuming NAMELIST input.

 4He(4He,n)7Be  E=250 MeV  Q=-18.990  [he4_he4_n_be7]                            

   0.050  30.000   0.250   0.100  30.000   0.000   0.000   0.000   0.000   0.000

 Centre-of-mass Range is    602 * 0.0500 fm., Maximum at  30.00 fm., Interpolating NL forms every  0.25 fm.
 Non - locality width is    301 * 0.1000 fm., Maximum of  30.00 fm., Centred at  0.00 fm.
 2-Nucleon Separation of      0 * 0.2500 fm., Maximum of   0.00 fm., Minimum at  0.00 fm.
 Maximum single particle bins of 30.0000 fm.
               M,Mint =          601         601


 Range of total J is     0.0 <= J <=    80.0 (at least     0.0) and Absorbtion =>    -1.0000 mb.
 Dry Run = F, CC set limits =  0  0, Relativistic kinematics = a, Both/Far/Near Analyses =  1                     

 Cross Sections (and up to T0 for 0=projectile) for Theta from   0.0 to 180.0 in steps of  1.0 degrees, DGAM=0,  Coordinates = 0 (Mads)

 Lower Radial Cutoff = maximum of  3.00*L*h &       0.0 fm.,  Lower Cutoff for Couplings =   0.0  fm.


 Iterate Couplings between   1 and   1 times, to  0.000 % if sooner.                                          
  Block solved exactly =   0 chs., with Pade = 0 & Isocen =  =0, NOSOL = F, initwf =  0
  NL quadrature with   18 Gaussian points, Calculate multipoles up to    86 from   0
  M-transfers for lp+lt greater than or equal to  6, Angular Integration Cutoff below  2.7778 %


 Trace switches are :  CHANS =  1, LISTCC =  0, TRENEG =  0, CDETR =  0, SMATS =  2, XSTABL =  1, NLPL =  0

                       WAVES =  0, LAMPL =  0, VEFF =  0, KFUS =  0, WDISK =  0, BPM =  0, MELFIL =  0

                       CDCC =  0, NFUS =  0

 Using unit mass = 1.000000 amu and 1/fine-structure constant = 137.03599 ( 1.000000 * true ) with hc = 197.32705 MeV.fm,
  thus 2*amu/hbar^2 = 0.0478450 = 1/20.9008 and Coulomb constant = 0.1574855 so e^2 = 1.43997, and nuclear magneton= 0.1261183

 Now pre-scan input and save to file 3



 *********** PARTITION NUMBER  1 ******************************************************************************************

   PROJ=4He        MASS=  4.0000 Z=   2.0,        # STATES=    1T, TARG=4He      MASS=  4.0000 Z=   2.0,     Q-VALUE =   0.0000 MEV.

     1:  J= 0.0+ (B# 1), E=  0.0000, K= 0.0              Potl#  1       J= 0.0+ (B# 1), E=  0.0000, K= 0.0    


 *********** PARTITION NUMBER  2 ******************************************************************************************

   PROJ=n          MASS=  1.0000 Z=   0.0,        # STATES=    1T, TARG=7Be      MASS=  7.0000 Z=   4.0,     Q-VALUE = -18.9900 MEV.

     1:  J= 0.5+ (B# 1), E=  0.0000, K= 0.5              Potl#  2       J= 1.5- (B#-1), E=  0.0000, K= 0.5    
0****** WARNING : COMPARED WITH PARTITION  1, THIS PARTITION HAS TOTAL MASS & CHARGE EXCESSES  -0.02039 &   0.0000


 ************************************************************************************************************************************

 The following POTENTIALS are defined :

  KP#       TYPE      IT    SHAPE      at     V1        r1        a1        V2        r2        a2        A-in     A-used


                                            A#1       A#2        r0c       ac                                                h @ 1
    1    0=Coulomb       0=CHARGE (WS)  1     4.000     4.000    1.4000    0.0000    0.0000    0.0000     0.000    32.000   0.05000

    1    1=Volume        0=Woods-Saxon  2  120.0000    1.4000    0.5500   15.0000    1.4000    0.5500     0.000    32.000
   --------------------------------------------------------------------------------------------------------------------

                                            A#1       A#2        r0c       ac                                                h @ 2
    2    0=Coulomb       0=CHARGE (WS)  3     1.000     7.000    0.0000    0.0000    0.0000    0.0000     0.000    24.717   0.05000

    2    1=Volume        0=Woods-Saxon  4   48.0000    1.2000    0.6500    0.0000    1.2000    0.6500     0.000    24.717

    2    2=Surface       0=Woods-Saxon  5    0.0000    0.0000    0.0000    6.0000    1.3000    0.5000     0.000    24.717

    2    3=Projtl S.O.   0=Woods-Saxon  6    5.5000    1.0000    0.5000    0.0000    0.0000    0.0000     0.000    24.717
   --------------------------------------------------------------------------------------------------------------------

    3    1=Volume        0=Woods-Saxon  7   50.0000    1.2500    0.6500    0.0000    0.0000    0.0000     0.000    24.717

    3    3=Projtl S.O.   0=Woods-Saxon  8    6.0000    1.2500    0.6500    0.0000    0.0000    0.0000     0.000    24.717
   --------------------------------------------------------------------------------------------------------------------

    4    1=Volume        0=Woods-Saxon  9   50.0000    1.2500    0.6500    0.0000    0.0000    0.0000     0.000    24.717

    4    3=Projtl S.O.   0=Woods-Saxon 10    6.0000    1.2500    0.6500    0.0000    0.0000    0.0000     0.000    24.717


 ************************************************************************************************************************************

 The following SINGLE-PARTICLE FORM FACTORS are constructed :


 No.   P1 P2 IN KIND T N  L  S1 IA J/S  IB BIND XFER  BE    SC PC FIL AFRAC Adjust  to  Z  Mass   K     Norm    rms      D0     D   ANC/Gsp

    1:  2  1  1  0     1  0 0.5  1 0.5   0   3   0  20.5780  1  0  0 0.0000 VR  0.7477; 2. 3.000 0.8593 1.0000  2.579 -439.6-1093.5 11.0687

    2:  1  2  2  0     2  1 0.5  1 1.5   0   4   0   1.5870  1  0  0 0.0000 VR  0.7022; 2. 3.000 0.3608 1.0000  4.679   92.7  150.1-16.0626

 ************************************************************************************************************************************

 TWO-way COUPLING # 1 for partitions  2 <-  1 of KIND  7,   0 -1  5 -1 -1 & P1,P2 =    0.0000   0.0000 : for J <=    80.5 & R <  29.8 fm.


 data =  1  1  1  1  1.0000,  so  < [4He      #  1] / [n        #  1]  * Eigen-form #  1>  =   1.0000            BE = 20.578     1

 data =  2  1  1  2  1.0000,  so  < [7Be      #  1] / [4He      #  1]  * Eigen-form #  2>  =   1.0000            BE =  1.587     2
 KNT =   2, KNP =   1: NK,NG,loc=   1   1   1  11  T  T  F

     So FINITE-RANGE TRANSFER : IP1 = 0 (POST    ), IP2=-1 =COMPLEX     ,  for   1 pairs of bound states summed into   1 pairs
      The main coupling potential is that binding the transferred particle to the n        core.

          Using between n        & 4He      the potential No.   5, and subtracting optical potential No.  2

   A real*8 is            8  bytes
   NLL,NLN,NLO =         120         121         301
0File   9 needs RL =   72240    REAL*8 numbers, and NR =    88. i.e.    50.86 Megabytes
   File            9  RECL =      577920
0RECOMMENDED NON-LOCAL WIDTH IS GREATER THAN   12.20 FM.,  RECOMMENDED CENTRATION   1.20, after    0.40 secs.
0Relative non-local usages (rms) are
    0.000   0.000   0.000   0.000   0.000   0.000   0.000   0.000   0.000   0.000   0.000   0.000   0.000   0.000   0.000
    0.000   0.000   0.000   0.000   0.000   0.000   0.000   0.000   0.000   0.000   0.000   0.000   0.000   0.000   0.000
    0.000   0.000   0.000   0.000   0.000   0.000   0.000   0.000   0.000   0.000   0.000   0.000   0.000   0.000   0.000
    0.000   0.000   0.000   0.000   0.000   0.000   0.000   0.000   0.000   0.000   0.000   0.000   0.000   0.000   0.000
    0.000   0.000   0.000   0.000   0.000   0.000   0.000   0.000   0.000   0.000   0.000   0.000   0.000   0.000   0.000
    0.000   0.000   0.000   0.000   0.000   0.000   0.001   0.001   0.001   0.002   0.003   0.005   0.006   0.009   0.012
    0.014   0.022   0.028   0.039   0.052   0.063   0.096   0.120   0.167   0.223   0.266   0.398   0.493   0.674   0.885
    1.047   1.517   1.856   2.444   3.128   3.647   4.953   5.909   7.336   8.967  10.197  12.757  14.660  17.125  19.854
   21.876  25.543  28.263  31.490  34.978  37.503  41.815  44.994  48.622  52.516  55.287  59.928  63.315  67.084  71.071
   73.831  78.314  81.483  84.794  88.183  90.288  93.587  95.594  97.383  98.939  99.288 100.000  99.516  98.196  96.260
   93.695  90.783  87.201  82.652  77.504  71.954  66.183  60.433  54.899  49.518  44.395  39.665  35.425  31.793  28.839
   26.591  25.018  24.020  23.451  23.146  22.970  22.812  22.596  22.277  21.831  21.257  20.563  19.764  18.882  17.939
   16.955  15.951  14.944  13.950  12.979  12.042  11.144  10.292   9.486   8.729   8.021   7.361   6.747   6.177   5.650
    5.163   4.713   4.299   3.917   3.566   3.243   2.947   2.675   2.426   2.198   1.989   1.798   1.624   1.465   1.321
    1.189   1.070   0.961   0.863   0.774   0.694   0.621   0.556   0.497   0.444   0.396   0.353   0.315   0.280   0.250
    0.222   0.198   0.176   0.156   0.139   0.123   0.109   0.097   0.086   0.076   0.068   0.060   0.053   0.047   0.042
    0.037   0.033   0.029   0.026   0.023   0.020   0.018   0.016   0.014   0.012   0.011   0.010   0.009   0.008   0.007
    0.006   0.005   0.005   0.004   0.004   0.003   0.003   0.003   0.002   0.002   0.002   0.002   0.001   0.001   0.001
    0.001   0.001   0.001   0.001   0.001   0.001   0.000   0.000   0.000   0.000   0.000   0.000   0.000   0.000   0.000
    0.000   0.000   0.000   0.000   0.000   0.000   0.000   0.000   0.000   0.000   0.000   0.000   0.000   0.000   0.000
    0.000

 Incoming partition  1 in excitation state # 1,   Laboratory Energy given for partition  1 Nucleus 1 in Excitation pair 1

0Lab. ENERGY ranges :

   from    250.000     to   0.00000     in     0 intervals
   from    0.00000     to   0.00000     in     0 intervals
   from    0.00000     to   0.00000     in     0 intervals

 Largest real,imaginary parts of any form factor at R=   29.50 are   4.88E-02  2.46E-19 MeV
 Finished all Couplings @   0.421875000              10

 Symmetric Hamiltonian
1***********************************************************************************************************************************
************************************************************************************************************************************

        INCOMING 4He      ;    LABORATORY 4He      ENERGY =   250.00     MeV.

 ***********************************************************************************************************************************
 ***********************************************************************************************************************************


  NOTE: Coulomb excitation cut off below   0.113 deg by JTMAX, and below   0.088 deg by Rmax

 Allocate arrays for            2  channels, of which            2  need wfs.

 ######################################################################################################################
 #                                                                                                                    #
 # Total SPIN and PARITY =     0.0 +,      2 channels,    0 in 1st block.  Rmin & Coul turning =    0.0    0.0 fm.  #
 #                                                                                                                    #
 ######################################################################################################################



    C Projectl Target   #   EX.   (L  Proj) J  + Targ = Jtotal     E-cm      Re K     Re Eta     RM*K            CH
    1 4He      4He      #    1: I   0 0.0    0.0  0.0     0.0   125.00000   3.45851   0.07968  103.7552  -0.18937  -0.46296 1 1 1   1
    2 n        7Be      #    1:     1 0.5    1.5  1.5     0.0   109.78063   2.14381   0.00000   64.3142   0.03644   0.49873 2 1 2   1
   S-matrix    1 =    0.22371   0.11941 for L=    0, J=    0.0 channel on core I =   0.0 from L=    0,  Acc. loss =  0.0 D.
 Elastic phase shift   1 =   14.046  39.307 deg. for the L =    0, J =    0.0 channel.
       0.0  0.22370586  0.11940759i: elastic S-matrix  @@      0.02  0   0 F  0
 Reaction Xsec     0.0+/ 0 @ 1 =   2.458 , Out:   0.000#   0.028#   2.458f

 Allocate arrays for            4  channels, of which            4  need wfs.

 Total SPIN, PARITY =     1.0 -,      4 chs,      0 cc.  Rmin & Coul turning =    0.2    0.4
   S-matrix    1 =    0.24902   0.05801 for L=    1, J=    1.0 channel on core I =   0.0 from L=    1,  Acc. loss =  0.0 D.
 Elastic phase shift   1 =    6.557  39.071 deg. for the L =    1, J =    1.0 channel.
       1.0  0.24901575  0.05800804i: elastic S-matrix  @@      0.02  0   0 F  0
 Reaction Xsec     1.0-/ 1 @ 1 =   7.364 , Out:   0.000#   0.046#   7.364f

 Allocate arrays for            5  channels, of which            5  need wfs.

 Total SPIN, PARITY =     2.0 +,      5 chs,      0 cc.  Rmin & Coul turning =    0.3    0.7
   S-matrix    1 =    0.25770   0.01618 for L=    2, J=    2.0 channel on core I =   0.0 from L=    2,  Acc. loss =  0.0 D.
 Elastic phase shift   1 =    1.796  38.789 deg. for the L =    2, J =    2.0 channel.
       2.0  0.25770371  0.01617799i: elastic S-matrix  @@      0.03  0   0 F  0
 Reaction Xsec     2.0+/ 2 @ 1 =  12.257 , Out:   0.000#   0.058#  12.257f


 Total SPIN, PARITY =     3.0 -,      5 chs,      0 cc.  Rmin & Coul turning =    0.5    1.0
   S-matrix    1 =    0.25958  -0.02388 for L=    3, J=    3.0 channel on core I =   0.0 from L=    3,  Acc. loss =  0.0 D.
 Elastic phase shift   1 =   -2.628  38.516 deg. for the L =    3, J =    3.0 channel.
       3.0  0.25958006 -0.02388215i: elastic S-matrix  @@      0.03  0   0 F  0
 Reaction Xsec     3.0-/ 3 @ 1 =  17.136 , Out:   0.000#   0.111#  17.136f


 Total SPIN, PARITY =     4.0 +,      5 chs,      0 cc.  Rmin & Coul turning =    0.6    1.3
   S-matrix    1 =    0.25390  -0.07020 for L=    4, J=    4.0 channel on core I =   0.0 from L=    4,  Acc. loss =  0.0 D.
 Elastic phase shift   1 =   -7.728  38.216 deg. for the L =    4, J =    4.0 channel.
       4.0  0.25389669 -0.07019771i: elastic S-matrix  @@      0.02  0   0 F  0
 Reaction Xsec     4.0+/ 4 @ 1 =  21.998 , Out:   0.000#   0.102#  21.998f


 Total SPIN, PARITY =     5.0 -,      5 chs,      0 cc.  Rmin & Coul turning =    0.8    1.6
   S-matrix    1 =    0.23635  -0.12370 for L=    5, J=    5.0 channel on core I =   0.0 from L=    5,  Acc. loss =  0.0 D.
 Elastic phase shift   1 =  -13.813  37.855 deg. for the L =    5, J =    5.0 channel.
       5.0  0.23634969 -0.12369919i: elastic S-matrix  @@      0.03  0   0 F  0
 Reaction Xsec     5.0-/ 5 @ 1 =  26.835 , Out:   0.000#   0.044#  26.835f


 Total SPIN, PARITY =     6.0 +,      5 chs,      0 cc.  Rmin & Coul turning =    0.9    1.9
   S-matrix    1 =    0.20085  -0.18151 for L=    6, J=    6.0 channel on core I =   0.0 from L=    6,  Acc. loss =  0.0 D.
 Elastic phase shift   1 =  -21.052  37.434 deg. for the L =    6, J =    6.0 channel.
       6.0  0.20084943 -0.18150914i: elastic S-matrix  @@      0.03  0   0 F  0
 Reaction Xsec     6.0+/ 6 @ 1 =  31.642 , Out:   0.000#   0.294#  31.642f


 Total SPIN, PARITY =     7.0 -,      5 chs,      0 cc.  Rmin & Coul turning =    1.1    2.2
   S-matrix    1 =    0.14133  -0.23654 for L=    7, J=    7.0 channel on core I =   0.0 from L=    7,  Acc. loss =  0.0 D.
 Elastic phase shift   1 =  -29.571  36.927 deg. for the L =    7, J =    7.0 channel.
       7.0  0.14133116 -0.23653949i: elastic S-matrix  @@      0.03  0   0 F  0
 Reaction Xsec     7.0-/ 7 @ 1 =  36.406 , Out:   0.000#   0.937#  36.406f


 Total SPIN, PARITY =     8.0 +,      5 chs,      0 cc.  Rmin & Coul turning =    1.2    2.5
   S-matrix    1 =    0.05389  -0.27598 for L=    8, J=    8.0 channel on core I =   0.0 from L=    8,  Acc. loss =  0.0 D.
 Elastic phase shift   1 =  -39.476  36.346 deg. for the L =    8, J =    8.0 channel.
       8.0  0.05388902 -0.27597674i: elastic S-matrix  @@      0.03  0   0 F  0
 Reaction Xsec     8.0+/ 8 @ 1 =  41.120 , Out:   0.000#   0.280#  41.120f


 Total SPIN, PARITY =     9.0 -,      5 chs,      0 cc.  Rmin & Coul turning =    1.4    2.8
   S-matrix    1 =   -0.05925  -0.28161 for L=    9, J=    9.0 channel on core I =   0.0 from L=    9,  Acc. loss =  0.0 D.
 Elastic phase shift   1 =  -50.941  35.684 deg. for the L =    9, J =    9.0 channel.
       9.0 -0.05925335 -0.28160511i: elastic S-matrix  @@      0.02  0   0 F  0
 Reaction Xsec     9.0-/ 9 @ 1 =  45.770 , Out:   0.000#   1.757#  45.770f


 Total SPIN, PARITY =    10.0 +,      5 chs,      0 cc.  Rmin & Coul turning =    1.5    3.1
   S-matrix    1 =   -0.18281  -0.23226 for L=   10, J=   10.0 channel on core I =   0.0 from L=   10,  Acc. loss =  0.0 D.
 Elastic phase shift   1 =  -64.103  34.917 deg. for the L =   10, J =   10.0 channel.
      10.0 -0.18280970 -0.23225748i: elastic S-matrix  @@      0.02  0   0 F  0
 Reaction Xsec    10.0+/10 @ 1 =  50.337 , Out:   0.000#   0.546#  50.337f


 Total SPIN, PARITY =    11.0 -,      5 chs,      0 cc.  Rmin & Coul turning =    1.7    3.3
   S-matrix    1 =   -0.28271  -0.11187 for L=   11, J=   11.0 channel on core I =   0.0 from L=   11,  Acc. loss =  0.0 D.
 Elastic phase shift   1 =  -79.205  34.108 deg. for the L =   11, J =   11.0 channel.
      11.0 -0.28271315 -0.11187245i: elastic S-matrix  @@      0.05  0   0 F  0
 Reaction Xsec    11.0-/11 @ 1 =  54.825 , Out:   0.000#   0.520#  54.825f


 Total SPIN, PARITY =    12.0 +,      5 chs,      0 cc.  Rmin & Coul turning =    1.8    3.6
   S-matrix    1 =   -0.30587   0.07166 for L=   12, J=   12.0 channel on core I =   0.0 from L=   12,  Acc. loss =  0.0 D.
 Elastic phase shift   1 =   83.408  33.171 deg. for the L =   12, J =   12.0 channel.
      12.0 -0.30586857  0.07165588i: elastic S-matrix  @@      0.03  0   0 F  0
 Reaction Xsec    12.0+/12 @ 1 =  59.182 , Out:   0.000#   1.203#  59.182f


 Total SPIN, PARITY =    13.0 -,      5 chs,      0 cc.  Rmin & Coul turning =    2.0    3.9
   S-matrix    1 =   -0.19644   0.25980 for L=   13, J=   13.0 channel on core I =   0.0 from L=   13,  Acc. loss =  0.0 D.
 Elastic phase shift   1 =   63.547  32.136 deg. for the L =   13, J =   13.0 channel.
      13.0 -0.19644385  0.25979682i: elastic S-matrix  @@      0.03  0   0 F  0
 Reaction Xsec    13.0-/13 @ 1 =  63.392 , Out:   0.000#   0.459#  63.392f


 Total SPIN, PARITY =    14.0 +,      5 chs,      0 cc.  Rmin & Coul turning =    2.1    4.2
   S-matrix    1 =    0.05326   0.33188 for L=   14, J=   14.0 channel on core I =   0.0 from L=   14,  Acc. loss =  0.0 D.
 Elastic phase shift   1 =   40.441  31.234 deg. for the L =   14, J =   14.0 channel.
      14.0  0.05326314  0.33187800i: elastic S-matrix  @@      0.03  0   0 F  0
 Reaction Xsec    14.0+/14 @ 1 =  67.562 , Out:   0.000#   0.004#  67.562f


 Total SPIN, PARITY =    15.0 -,      5 chs,      0 cc.  Rmin & Coul turning =    2.2    4.5
   S-matrix    1 =    0.31620   0.15726 for L=   15, J=   15.0 channel on core I =   0.0 from L=   15,  Acc. loss =  0.0 D.
 Elastic phase shift   1 =   13.222  29.819 deg. for the L =   15, J =   15.0 channel.
      15.0  0.31620096  0.15726365i: elastic S-matrix  @@      0.02  0   0 F  0
 Reaction Xsec    15.0-/15 @ 1 =  71.266 , Out:   0.000#   0.020#  71.266f


 Total SPIN, PARITY =    16.0 +,      5 chs,      0 cc.  Rmin & Coul turning =    2.4    4.8
   S-matrix    1 =    0.30359  -0.21282 for L=   16, J=   16.0 channel on core I =   0.0 from L=   16,  Acc. loss =  0.0 D.
 Elastic phase shift   1 =  -17.515  28.425 deg. for the L =   16, J =   16.0 channel.
      16.0  0.30359437 -0.21281977i: elastic S-matrix  @@      0.03  0   0 F  0
 Reaction Xsec    16.0+/16 @ 1 =  74.759 , Out:   0.000#   0.006#  74.759f


 Total SPIN, PARITY =    17.0 -,      5 chs,      0 cc.  Rmin & Coul turning =    2.6    5.1
   S-matrix    1 =   -0.15123  -0.31820 for L=   17, J=   17.0 channel on core I =   0.0 from L=   17,  Acc. loss =  0.0 D.
 Elastic phase shift   1 =  -57.711  29.887 deg. for the L =   17, J =   17.0 channel.
      17.0 -0.15123431 -0.31819711i: elastic S-matrix  @@      0.03  0   0 F  0
 Reaction Xsec    17.0-/17 @ 1 =  80.517 , Out:   0.000#   0.000#  80.517f


 Total SPIN, PARITY =    18.0 +,      5 chs,      0 cc.  Rmin & Coul turning =    2.7    5.4
   S-matrix    1 =   -0.36102   0.33239 for L=   18, J=   18.0 channel on core I =   0.0 from L=   18,  Acc. loss =  0.0 D.
 Elastic phase shift   1 =   68.682  20.393 deg. for the L =   18, J =   18.0 channel.
      18.0 -0.36102016  0.33239395i: elastic S-matrix  @@      0.03  0   0 F  0
 Reaction Xsec    18.0+/18 @ 1 =  73.777 , Out:   0.000#   0.002#  73.777f


 Total SPIN, PARITY =    19.0 -,      5 chs,      0 cc.  Rmin & Coul turning =    2.9    5.7
   S-matrix    1 =    0.25019   0.71340 for L=   19, J=   19.0 channel on core I =   0.0 from L=   19,  Acc. loss =  0.0 D.
 Elastic phase shift   1 =   35.337   8.013 deg. for the L =   19, J =   19.0 channel.
      19.0  0.25019034  0.71339650i: elastic S-matrix  @@      0.03  0   0 F  0
 Reaction Xsec    19.0-/19 @ 1 =  43.889 , Out:   0.000#   0.001#  43.889f


 Total SPIN, PARITY =    20.0 +,      5 chs,      0 cc.  Rmin & Coul turning =    3.0    5.9
   S-matrix    1 =    0.69999   0.54780 for L=   20, J=   20.0 channel on core I =   0.0 from L=   20,  Acc. loss =  0.0 D.
 Elastic phase shift   1 =   19.023   3.375 deg. for the L =   20, J =   20.0 channel.
      20.0  0.69998906  0.54780143i: elastic S-matrix  @@      0.03  0   0 F  0
 Reaction Xsec    20.0+/20 @ 1 =  22.606 , Out:   0.000#   0.000#  22.606f


 Total SPIN, PARITY =    21.0 -,      5 chs,      0 cc.  Rmin & Coul turning =    3.2    6.2
   S-matrix    1 =    0.87907   0.34482 for L=   21, J=   21.0 channel on core I =   0.0 from L=   21,  Acc. loss =  0.0 D.
 Elastic phase shift   1 =   10.709   1.642 deg. for the L =   21, J =   21.0 channel.
      21.0  0.87907443  0.34482269i: elastic S-matrix  @@      0.03  0   0 F  0
 Reaction Xsec    21.0-/21 @ 1 =  12.234 , Out:   0.000#   0.000#  12.234f


 Total SPIN, PARITY =    22.0 +,      5 chs,      0 cc.  Rmin & Coul turning =    3.3    6.5
   S-matrix    1 =    0.94722   0.20846 for L=   22, J=   22.0 channel on core I =   0.0 from L=   22,  Acc. loss =  0.0 D.
 Elastic phase shift   1 =    6.206   0.876 deg. for the L =   22, J =   22.0 channel.
      22.0  0.94722023  0.20845571i: elastic S-matrix  @@      0.02  0   0 F  0
 Reaction Xsec    22.0+/22 @ 1 =   7.011 , Out:   0.000#   0.000#   7.011f


 Total SPIN, PARITY =    23.0 -,      5 chs,      0 cc.  Rmin & Coul turning =    3.5    6.8
   S-matrix    1 =    0.97496   0.12519 for L=   23, J=   23.0 channel on core I =   0.0 from L=   23,  Acc. loss =  0.0 D.
 Elastic phase shift   1 =    3.659   0.492 deg. for the L =   23, J =   23.0 channel.
      23.0  0.97496177  0.12519085i: elastic S-matrix  @@      0.03  0   0 F  0
 Reaction Xsec    23.0-/23 @ 1 =   4.170 , Out:   0.000#   0.000#   4.170f


 Total SPIN, PARITY =    24.0 +,      5 chs,      0 cc.  Rmin & Coul turning =    3.6    7.1
   S-matrix    1 =    0.98724   0.07523 for L=   24, J=   24.0 channel on core I =   0.0 from L=   24,  Acc. loss =  0.0 D.
 Elastic phase shift   1 =    2.179   0.285 deg. for the L =   24, J =   24.0 channel.
0****** WARNING : ACCURACY LOSS IN ERWIN = 14.7 DIGITS, SO EXPECT ERRORS OF   0.0000 % OF UNITARITY

      24.0  0.98724264  0.07523286i: elastic S-matrix  @@      0.02  0   0 F  0
 Reaction Xsec    24.0+/24 @ 1 =   2.534 , Out:   0.000#   0.000#   2.534f


 Total SPIN, PARITY =    25.0 -,      5 chs,      0 cc.  Rmin & Coul turning =    3.8    7.4
   S-matrix    1 =    0.99313   0.04529 for L=   25, J=   25.0 channel on core I =   0.0 from L=   25,  Acc. loss =  0.0 D.
 Elastic phase shift   1 =    1.305   0.168 deg. for the L =   25, J =   25.0 channel.
      25.0  0.99312893  0.04528749i: elastic S-matrix  @@      0.02  0   0 F  0
 Reaction Xsec    25.0-/25 @ 1 =   1.560 , Out:   0.000#   0.000#   1.560f


 Total SPIN, PARITY =    26.0 +,      5 chs,      0 cc.  Rmin & Coul turning =    3.9    7.7
   S-matrix    1 =    0.99615   0.02730 for L=   26, J=   26.0 channel on core I =   0.0 from L=   26,  Acc. loss =  0.0 D.
 Elastic phase shift   1 =    0.785   0.100 deg. for the L =   26, J =   26.0 channel.
      26.0  0.99614814  0.02729885i: elastic S-matrix  @@      0.03  0   0 F  0
 Reaction Xsec    26.0+/26 @ 1 =   0.967 , Out:   0.000#   0.000#   0.967f


 Total SPIN, PARITY =    27.0 -,      5 chs,      0 cc.  Rmin & Coul turning =    4.0    8.0
   S-matrix    1 =    0.99778   0.01647 for L=   27, J=   27.0 channel on core I =   0.0 from L=   27,  Acc. loss =  0.0 D.
 Elastic phase shift   1 =    0.473   0.060 deg. for the L =   27, J =   27.0 channel.
0****** WARNING : ACCURACY LOSS IN ERWIN = 14.2 DIGITS, SO EXPECT ERRORS OF   0.0000 % OF UNITARITY

      27.0  0.99778110  0.01646956i: elastic S-matrix  @@      0.02  0   0 F  0
 Reaction Xsec    27.0-/27 @ 1 =   0.601 , Out:   0.000#   0.000#   0.601f


 Total SPIN, PARITY =    28.0 +,      5 chs,      0 cc.  Rmin & Coul turning =    4.2    8.3
   S-matrix    1 =    0.99870   0.00994 for L=   28, J=   28.0 channel on core I =   0.0 from L=   28,  Acc. loss =  0.0 D.
 Elastic phase shift   1 =    0.285   0.036 deg. for the L =   28, J =   28.0 channel.
      28.0  0.99869894  0.00994048i: elastic S-matrix  @@      0.02  0   0 F  0
 Reaction Xsec    28.0+/28 @ 1 =   0.375 , Out:   0.000#   0.000#   0.375f


 Total SPIN, PARITY =    29.0 -,      5 chs,      0 cc.  Rmin & Coul turning =    4.4    8.6
   S-matrix    1 =    0.99923   0.00600 for L=   29, J=   29.0 channel on core I =   0.0 from L=   29,  Acc. loss =  0.0 D.
 Elastic phase shift   1 =    0.172   0.022 deg. for the L =   29, J =   29.0 channel.
      29.0  0.99922856  0.00600051i: elastic S-matrix  @@      0.02  0   0 F  0
 Reaction Xsec    29.0-/29 @ 1 =   0.233 , Out:   0.000#   0.000#   0.233f


 Total SPIN, PARITY =    30.0 +,      5 chs,      0 cc.  Rmin & Coul turning =    4.5    8.8
   S-matrix    1 =    0.99954   0.00362 for L=   30, J=   30.0 channel on core I =   0.0 from L=   30,  Acc. loss =  0.0 D.
 Elastic phase shift   1 =    0.104   0.013 deg. for the L =   30, J =   30.0 channel.
0****** WARNING : ACCURACY LOSS IN ERWIN = 14.6 DIGITS, SO EXPECT ERRORS OF   0.0000 % OF UNITARITY

      30.0  0.99953946  0.00362194i: elastic S-matrix  @@      0.03  0   0 F  0
 Reaction Xsec    30.0+/30 @ 1 =   0.145 , Out:   0.000#   0.000#   0.145f


 Total SPIN, PARITY =    31.0 -,      5 chs,      0 cc.  Rmin & Coul turning =    4.7    9.1
   S-matrix    1 =    0.99972   0.00219 for L=   31, J=   31.0 channel on core I =   0.0 from L=   31,  Acc. loss =  0.0 D.
 Elastic phase shift   1 =    0.063   0.008 deg. for the L =   31, J =   31.0 channel.
0****** WARNING : ACCURACY LOSS IN ERWIN = 14.3 DIGITS, SO EXPECT ERRORS OF   0.0000 % OF UNITARITY

      31.0  0.99972394  0.00218583i: elastic S-matrix  @@      0.00  0   0 F  0
 Reaction Xsec    31.0-/31 @ 1 =   0.091 , Out:   0.000#   0.001#   0.091f


 Total SPIN, PARITY =    32.0 +,      5 chs,      0 cc.  Rmin & Coul turning =    4.8    9.4
   S-matrix    1 =    0.99983   0.00132 for L=   32, J=   32.0 channel on core I =   0.0 from L=   32,  Acc. loss =  0.0 D.
 Elastic phase shift   1 =    0.038   0.005 deg. for the L =   32, J =   32.0 channel.
0****** WARNING : ACCURACY LOSS IN ERWIN = 14.3 DIGITS, SO EXPECT ERRORS OF   0.0000 % OF UNITARITY

      32.0  0.99983413  0.00131880i: elastic S-matrix  @@      0.03  0   0 F  0
 Reaction Xsec    32.0+/32 @ 1 =   0.056 , Out:   0.000#   0.001#   0.056f


 Total SPIN, PARITY =    33.0 -,      5 chs,      0 cc.  Rmin & Coul turning =    5.0    9.7
   S-matrix    1 =    0.99990   0.00080 for L=   33, J=   33.0 channel on core I =   0.0 from L=   33,  Acc. loss =  0.0 D.
 Elastic phase shift   1 =    0.023   0.003 deg. for the L =   33, J =   33.0 channel.
      33.0  0.99990021  0.00079549i: elastic S-matrix  @@      0.02  0   0 F  0
 Reaction Xsec    33.0-/33 @ 1 =   0.035 , Out:   0.000#   0.000#   0.035f


 Total SPIN, PARITY =    34.0 +,      5 chs,      0 cc.  Rmin & Coul turning =    5.1   10.0
   S-matrix    1 =    0.99994   0.00048 for L=   34, J=   34.0 channel on core I =   0.0 from L=   34,  Acc. loss =  0.0 D.
 Elastic phase shift   1 =    0.014   0.002 deg. for the L =   34, J =   34.0 channel.
0****** WARNING : ACCURACY LOSS IN ERWIN = 14.7 DIGITS, SO EXPECT ERRORS OF   0.0000 % OF UNITARITY

      34.0  0.99993992  0.00047969i: elastic S-matrix  @@      0.02  0   0 F  0
 Reaction Xsec    34.0+/34 @ 1 =   0.022 , Out:   0.000#   0.029#   0.022f


 Total SPIN, PARITY =    35.0 -,      5 chs,      0 cc.  Rmin & Coul turning =    5.2   10.3
   S-matrix    1 =    0.99996   0.00029 for L=   35, J=   35.0 channel on core I =   0.0 from L=   35,  Acc. loss =  0.0 D.
 Elastic phase shift   1 =    0.008   0.001 deg. for the L =   35, J =   35.0 channel.
      35.0  0.99996382  0.00028919i: elastic S-matrix  @@      0.03  0   0 F  0
 Reaction Xsec    35.0-/35 @ 1 =   0.013 , Out:   0.000#   0.009#   0.013f


 Total SPIN, PARITY =    36.0 +,      5 chs,      0 cc.  Rmin & Coul turning =    5.4   10.6
   S-matrix    1 =    0.99998   0.00017 for L=   36, J=   36.0 channel on core I =   0.0 from L=   36,  Acc. loss =  0.0 D.
 Elastic phase shift   1 =    0.005   0.001 deg. for the L =   36, J =   36.0 channel.
0****** WARNING : ACCURACY LOSS IN ERWIN = 15.0 DIGITS, SO EXPECT ERRORS OF   0.0001 % OF UNITARITY

      36.0  0.99997822  0.00017433i: elastic S-matrix  @@      0.03  0   0 F  0
 Reaction Xsec    36.0+/36 @ 1 =   8.348/, Out:   0.000#   0.036#   0.008f


 Total SPIN, PARITY =    37.0 -,      5 chs,      0 cc.  Rmin & Coul turning =    5.6   10.9
   S-matrix    1 =    0.99999   0.00011 for L=   37, J=   37.0 channel on core I =   0.0 from L=   37,  Acc. loss =  0.0 D.
 Elastic phase shift   1 =    0.003   0.000 deg. for the L =   37, J =   37.0 channel.
      37.0  0.99998688  0.00010505i: elastic S-matrix  @@      0.03  0   0 F  0
 Reaction Xsec    37.0-/37 @ 1 =   5.165/, Out:   0.000#   1.130#   0.005f


 Total SPIN, PARITY =    38.0 +,      5 chs,      0 cc.  Rmin & Coul turning =    5.7   11.2
   S-matrix    1 =    0.99999   0.00006 for L=   38, J=   38.0 channel on core I =   0.0 from L=   38,  Acc. loss =  0.0 D.
 Elastic phase shift   1 =    0.002   0.000 deg. for the L =   38, J =   38.0 channel.
      38.0  0.99999210  0.00006334i: elastic S-matrix  @@      0.02  0   0 F  0
 Reaction Xsec    38.0+/38 @ 1 =   3.193/, Out:   0.000#   0.053#   0.003f


 Total SPIN, PARITY =    39.0 -,      5 chs,      0 cc.  Rmin & Coul turning =    5.9   11.4
   S-matrix    1 =    1.00000   0.00004 for L=   39, J=   39.0 channel on core I =   0.0 from L=   39,  Acc. loss =  0.0 D.
 Elastic phase shift   1 =    0.001   0.000 deg. for the L =   39, J =   39.0 channel.
0****** WARNING : ACCURACY LOSS IN ERWIN = 14.4 DIGITS, SO EXPECT ERRORS OF   0.0003 % OF UNITARITY

      39.0  0.99999525  0.00003818i: elastic S-matrix  @@      0.03  0   0 F  0
 Reaction Xsec    39.0-/39 @ 1 =   1.972/, Out:   0.000#   4.966#   0.002f


 Total SPIN, PARITY =    40.0 +,      5 chs,      0 cc.  Rmin & Coul turning =    6.0   11.7
   S-matrix    1 =    1.00000   0.00002 for L=   40, J=   40.0 channel on core I =   0.0 from L=   40,  Acc. loss =  0.0 D.
 Elastic phase shift   1 =    0.001   0.000 deg. for the L =   40, J =   40.0 channel.
0****** WARNING : ACCURACY LOSS IN ERWIN = 14.5 DIGITS, SO EXPECT ERRORS OF   0.0011 % OF UNITARITY

      40.0  0.99999714  0.00002303i: elastic S-matrix  @@      0.02  0   0 F  0
 Reaction Xsec    40.0+/40 @ 1 =   1.217/, Out:   0.000#   0.044/   0.001f


 Total SPIN, PARITY =    41.0 -,      5 chs,      0 cc.  Rmin & Coul turning =    6.2   12.0
   S-matrix    1 =    1.00000   0.00001 for L=   41, J=   41.0 channel on core I =   0.0 from L=   41,  Acc. loss =  0.0 D.
 Elastic phase shift   1 =    0.000   0.000 deg. for the L =   41, J =   41.0 channel.
      41.0  0.99999828  0.00001393i: elastic S-matrix  @@      0.03  0   0 F  0
 Reaction Xsec    41.0-/41 @ 1 =   0.750/, Out:   0.000#   0.264/   0.000f


 Total SPIN, PARITY =    42.0 +,      5 chs,      0 cc.  Rmin & Coul turning =    6.3   12.3
   S-matrix    1 =    1.00000   0.00001 for L=   42, J=   42.0 channel on core I =   0.0 from L=   42,  Acc. loss =  0.0 D.
 Elastic phase shift   1 =    0.000   0.000 deg. for the L =   42, J =   42.0 channel.
      42.0  0.99999897  0.00000842i: elastic S-matrix  @@      0.00  0   0 F  0
 Reaction Xsec    42.0+/42 @ 1 =   0.462/, Out:   0.000#   0.026   -0.026f


 Total SPIN, PARITY =    43.0 -,      5 chs,      0 cc.  Rmin & Coul turning =    6.5   12.6
   S-matrix    1 =    1.00000   0.00001 for L=   43, J=   43.0 channel on core I =   0.0 from L=   43,  Acc. loss =  0.0 D.
 Elastic phase shift   1 =    0.000   0.000 deg. for the L =   43, J =   43.0 channel.
0****** WARNING : ACCURACY LOSS IN ERWIN = 14.6 DIGITS, SO EXPECT ERRORS OF   0.0326 % OF UNITARITY

      43.0  0.99999938  0.00000511i: elastic S-matrix  @@      0.02  0   0 F  0
 Reaction Xsec    43.0-/43 @ 1 =   0.284/, Out:   0.000#   6.333/  -0.006f


 Total SPIN, PARITY =    44.0 +,      5 chs,      0 cc.  Rmin & Coul turning =    6.6   12.9
   S-matrix    1 =    1.00000   0.00000 for L=   44, J=   44.0 channel on core I =   0.0 from L=   44,  Acc. loss =  0.0 D.
 Elastic phase shift   1 =    0.000   0.000 deg. for the L =   44, J =   44.0 channel.
0****** WARNING : ACCURACY LOSS IN ERWIN = 14.6 DIGITS, SO EXPECT ERRORS OF   0.0941 % OF UNITARITY

      44.0  0.99999963  0.00000314i: elastic S-matrix  @@      0.03  0   0 F  0
 Reaction Xsec    44.0+/44 @ 1 =   0.175/, Out:   0.000#   0.383   -0.383f


 Total SPIN, PARITY =    45.0 -,      5 chs,      0 cc.  Rmin & Coul turning =    6.8   13.2
   S-matrix    1 =    1.00000   0.00000 for L=   45, J=   45.0 channel on core I =   0.0 from L=   45,  Acc. loss =  0.0 D.
 Elastic phase shift   1 =    0.000   0.000 deg. for the L =   45, J =   45.0 channel.
0****** WARNING : ACCURACY LOSS IN ERWIN = 14.4 DIGITS, SO EXPECT ERRORS OF   0.0051 % OF UNITARITY

      45.0  0.99999978  0.00000191i: elastic S-matrix  @@      0.00  0   0 F  0
 Reaction Xsec    45.0-/45 @ 1 =   0.107/, Out:   0.000#   7.369/  -0.007f


 Total SPIN, PARITY =    46.0 +,      5 chs,      0 cc.  Rmin & Coul turning =    6.9   13.5
   S-matrix    1 =    1.00000   0.00000 for L=   46, J=   46.0 channel on core I =   0.0 from L=   46,  Acc. loss =  0.0 D.
 Elastic phase shift   1 =    0.000   0.000 deg. for the L =   46, J =   46.0 channel.
0****** WARNING : ACCURACY LOSS IN ERWIN = 15.3 DIGITS, SO EXPECT ERRORS OF   0.1208 % OF UNITARITY

      46.0  0.99999986  0.00000120i: elastic S-matrix  @@      0.03  0   0 F  0
 Reaction Xsec    46.0+/46 @ 1 =   0.066/, Out:   0.000#   0.465   -0.465f


 Total SPIN, PARITY =    47.0 -,      5 chs,      0 cc.  Rmin & Coul turning =    7.1   13.8
   S-matrix    1 =    1.00000   0.00000 for L=   47, J=   47.0 channel on core I =   0.0 from L=   47,  Acc. loss =  0.0 D.
 Elastic phase shift   1 =    0.000   0.000 deg. for the L =   47, J =   47.0 channel.
0****** WARNING : ACCURACY LOSS IN ERWIN = 14.4 DIGITS, SO EXPECT ERRORS OF   0.0342 % OF UNITARITY

      47.0  0.99999992  0.00000078i: elastic S-matrix  @@      0.00  0   0 F  0
 Reaction Xsec    47.0-/47 @ 1 =   0.040/, Out:   0.000#   2.187/  -0.002f


 Total SPIN, PARITY =    48.0 +,      5 chs,      0 cc.  Rmin & Coul turning =    7.2   14.0
   S-matrix    1 =    1.00000   0.00000 for L=   48, J=   48.0 channel on core I =   0.0 from L=   48,  Acc. loss =  0.0 D.
 Elastic phase shift   1 =    0.000   0.000 deg. for the L =   48, J =   48.0 channel.
      48.0  0.99999995  0.00000048i: elastic S-matrix  @@      0.03  0   0 F  0
 Reaction Xsec    48.0+/48 @ 1 =   0.025/, Out:   0.000#   1.273   -1.272f


 Total SPIN, PARITY =    49.0 -,      5 chs,      0 cc.  Rmin & Coul turning =    7.4   14.3
   S-matrix    1 =    1.00000   0.00000 for L=   49, J=   49.0 channel on core I =   0.0 from L=   49,  Acc. loss =  0.0 D.
 Elastic phase shift   1 =    0.000   0.000 deg. for the L =   49, J =   49.0 channel.
      49.0  0.99999997  0.00000034i: elastic S-matrix  @@      0.02  0   0 F  0
 Reaction Xsec    49.0-/49 @ 1 =   0.015/, Out:   0.000#   1.489   -1.489f


 Total SPIN, PARITY =    50.0 +,      5 chs,      0 cc.  Rmin & Coul turning =    7.5   14.6
   S-matrix    1 =    1.00000   0.00000 for L=   50, J=   50.0 channel on core I =   0.0 from L=   50,  Acc. loss =  0.0 D.
 Elastic phase shift   1 =    0.000   0.000 deg. for the L =   50, J =   50.0 channel.
0****** WARNING : ACCURACY LOSS IN ERWIN = 14.7 DIGITS, SO EXPECT ERRORS OF   0.0239 % OF UNITARITY

      50.0  0.99999998  0.00000025i: elastic S-matrix  @@      0.02  0   0 F  0
 Reaction Xsec    50.0+/50 @ 1 =   9.323#, Out:   0.000#   0.082   -0.082f


 Total SPIN, PARITY =    51.0 -,      5 chs,      0 cc.  Rmin & Coul turning =    7.7   14.9
   S-matrix    1 =    1.00000   0.00000 for L=   51, J=   51.0 channel on core I =   0.0 from L=   51,  Acc. loss =  0.0 D.
 Elastic phase shift   1 =    0.000   0.000 deg. for the L =   51, J =   51.0 channel.
      51.0  0.99999999  0.00000016i: elastic S-matrix  @@      0.03  0   0 F  0
 Reaction Xsec    51.0-/51 @ 1 =   5.707#, Out:   0.000#   2.493   -2.493f


 Total SPIN, PARITY =    52.0 +,      5 chs,      0 cc.  Rmin & Coul turning =    7.8   15.2
   S-matrix    1 =    1.00000   0.00000 for L=   52, J=   52.0 channel on core I =   0.0 from L=   52,  Acc. loss =  0.0 D.
 Elastic phase shift   1 =    0.000   0.000 deg. for the L =   52, J =   52.0 channel.
      52.0  0.99999999  0.00000014i: elastic S-matrix  @@      0.02  0   0 F  0
 Reaction Xsec    52.0+/52 @ 1 =   3.492#, Out:   0.000#   7.795   -7.795f


 Total SPIN, PARITY =    53.0 -,      5 chs,      0 cc.  Rmin & Coul turning =    8.0   15.5
   S-matrix    1 =    1.00000   0.00000 for L=   53, J=   53.0 channel on core I =   0.0 from L=   53,  Acc. loss =  0.0 D.
 Elastic phase shift   1 =    0.000   0.000 deg. for the L =   53, J =   53.0 channel.
0****** WARNING : ACCURACY LOSS IN ERWIN = 14.9 DIGITS, SO EXPECT ERRORS OF   0.7098 % OF UNITARITY

      53.0  1.00000000  0.00000012i: elastic S-matrix  @@      0.03  0   0 F  0
 Reaction Xsec    53.0-/53 @ 1 =   2.135#, Out:   0.000#   1.715   -1.715f


 Total SPIN, PARITY =    54.0 +,      5 chs,      0 cc.  Rmin & Coul turning =    8.1   15.8
   S-matrix    1 =    1.00000   0.00000 for L=   54, J=   54.0 channel on core I =   0.0 from L=   54,  Acc. loss =  0.0 D.
 Elastic phase shift   1 =    0.000   0.000 deg. for the L =   54, J =   54.0 channel.
0****** WARNING : ACCURACY LOSS IN ERWIN = 17.7 DIGITS, SO EXPECT ERRORS OF   1.4308 % OF UNITARITY

      54.0  1.00000000  0.00000007i: elastic S-matrix  @@      0.02  0   0 F  0
 Reaction Xsec    54.0+/54 @ 1 =   1.305#, Out:   0.000#  27.832  -27.832f


 Total SPIN, PARITY =    55.0 -,      5 chs,      0 cc.  Rmin & Coul turning =    8.2   16.1
   S-matrix    1 =    1.00000   0.00000 for L=   55, J=   55.0 channel on core I =   0.0 from L=   55,  Acc. loss =  0.0 D.
 Elastic phase shift   1 =    0.000   0.000 deg. for the L =   55, J =   55.0 channel.
0****** WARNING : ACCURACY LOSS IN ERWIN = 14.3 DIGITS, SO EXPECT ERRORS OF   1.2269 % OF UNITARITY

      55.0  1.00000000  0.00000008i: elastic S-matrix  @@      0.02  0   0 F  0
 Reaction Xsec    55.0-/55 @ 1 =   0.797#, Out:   0.000# 256.046 -256.046f


 Total SPIN, PARITY =    56.0 +,      5 chs,      0 cc.  Rmin & Coul turning =    8.4   16.4
   S-matrix    1 =    1.00000   0.00000 for L=   56, J=   56.0 channel on core I =   0.0 from L=   56,  Acc. loss =  0.0 D.
 Elastic phase shift   1 =    0.000   0.000 deg. for the L =   56, J =   56.0 channel.
   71236725364944.484        934863929091304.75        2.2204460492503131E-016
 Increase lower cutoff: eg CUTL. Continuing.
      56.0  1.00000000  0.00000009i: elastic S-matrix  @@      0.02  0   0 F  0
 Reaction Xsec    56.0+/56 @ 1 =   0.487#, Out:   0.000#******** ********f


 Total SPIN, PARITY =    57.0 -,      5 chs,      0 cc.  Rmin & Coul turning =    8.6   16.6
   S-matrix    1 =    1.00000   0.00000 for L=   57, J=   57.0 channel on core I =   0.0 from L=   57,  Acc. loss =  0.0 D.
 Elastic phase shift   1 =    0.000   0.000 deg. for the L =   57, J =   57.0 channel.
0****** WARNING : ACCURACY LOSS IN ERWIN = 14.9 DIGITS, SO EXPECT ERRORS OF 305.7258 % OF UNITARITY

   787827990311318.38        4589555628570821.0        2.2204460492503131E-016
 Increase lower cutoff: eg CUTL. Continuing.
      57.0  1.00000000  0.00000004i: elastic S-matrix  @@      0.02  0   0 F  0
 Reaction Xsec    57.0-/57 @ 1 =   0.297#, Out:   0.000#******** ********f


 Total SPIN, PARITY =    58.0 +,      5 chs,      0 cc.  Rmin & Coul turning =    8.7   16.9
   S-matrix    1 =    1.00000   0.00000 for L=   58, J=   58.0 channel on core I =   0.0 from L=   58,  Acc. loss =  0.0 D.
 Elastic phase shift   1 =    0.000   0.000 deg. for the L =   58, J =   58.0 channel.
0****** WARNING : ACCURACY LOSS IN ERWIN = 14.4 DIGITS, SO EXPECT ERRORS OF 206.9644 % OF UNITARITY

   270874609263684.50        3106948862599192.0        2.2204460492503131E-016
 Increase lower cutoff: eg CUTL. Continuing.
      58.0  1.00000000  0.00000005i: elastic S-matrix  @@      0.02  0   0 F  0
 Reaction Xsec    58.0+/58 @ 1 =   0.181#, Out:   0.000#******** ********f


 Total SPIN, PARITY =    59.0 -,      5 chs,      0 cc.  Rmin & Coul turning =    8.8   17.2
   S-matrix    1 =    1.00000   0.00000 for L=   59, J=   59.0 channel on core I =   0.0 from L=   59,  Acc. loss =  0.0 D.
 Elastic phase shift   1 =    0.000   0.000 deg. for the L =   59, J =   59.0 channel.
0****** WARNING : ACCURACY LOSS IN ERWIN = 14.3 DIGITS, SO EXPECT ERRORS OF1108.8652 % OF UNITARITY

   186558378166680.66        16646282790077804.        2.2204460492503131E-016
 Increase lower cutoff: eg CUTL. Continuing.
      59.0  1.00000000  0.00000007i: elastic S-matrix  @@      0.02  0   0 F  0
 Reaction Xsec    59.0-/59 @ 1 =   0.111#, Out:   0.000#******** ********f


 Total SPIN, PARITY =    60.0 +,      5 chs,      0 cc.  Rmin & Coul turning =    9.0   17.5
   S-matrix    1 =    1.00000   0.00000 for L=   60, J=   60.0 channel on core I =   0.0 from L=   60,  Acc. loss =  0.0 D.
 Elastic phase shift   1 =    0.000   0.000 deg. for the L =   60, J =   60.0 channel.
0****** WARNING : ACCURACY LOSS IN ERWIN = 14.9 DIGITS, SO EXPECT ERRORS OF2241.0479 % OF UNITARITY

   796678039704989.62        33642608368616400.        2.2204460492503131E-016
 Increase lower cutoff: eg CUTL. Continuing.
      60.0  1.00000000  0.00000003i: elastic S-matrix  @@      0.02  0   0 F  0
 Reaction Xsec    60.0+/60 @ 1 =   0.067#, Out:   0.000#******** ********f


 Total SPIN, PARITY =    61.0 -,      5 chs,      0 cc.  Rmin & Coul turning =    9.2   17.8
   S-matrix    1 =    1.00000   0.00000 for L=   61, J=   61.0 channel on core I =   0.0 from L=   61,  Acc. loss =  0.0 D.
 Elastic phase shift   1 =    0.000   0.000 deg. for the L =   61, J =   61.0 channel.
0****** WARNING : ACCURACY LOSS IN ERWIN = 14.5 DIGITS, SO EXPECT ERRORS OF********* % OF UNITARITY

   292743689460133.44        1.6075968034320538E+017   2.2204460492503131E-016
 Increase lower cutoff: eg CUTL. Continuing.
      61.0  1.00000000  0.00000002i: elastic S-matrix  @@      0.02  0   0 F  0
 Reaction Xsec    61.0-/61 @ 1 =   0.041#, Out:   0.000#******** ********f


 Total SPIN, PARITY =    62.0 +,      5 chs,      0 cc.  Rmin & Coul turning =    9.3   18.1
   S-matrix    1 =    1.00000   0.00000 for L=   62, J=   62.0 channel on core I =   0.0 from L=   62,  Acc. loss =  0.0 D.
 Elastic phase shift   1 =    0.000   0.000 deg. for the L =   62, J =   62.0 channel.
0****** WARNING : ACCURACY LOSS IN ERWIN = 19.1 DIGITS, SO EXPECT ERRORS OF3904.6885 % OF UNITARITY

   1.1497169986123436E+019   58617178746420936.        2.2204460492503131E-016
 Increase lower cutoff: eg CUTL. Continuing.
      62.0  1.00000000  0.00000006i: elastic S-matrix  @@      0.02  0   0 F  0
 Reaction Xsec    62.0+/62 @ 1 =   0.025#, Out:   0.000#******** ********f


 Total SPIN, PARITY =    63.0 -,      5 chs,      0 cc.  Rmin & Coul turning =    9.5   18.4
   S-matrix    1 =    1.00000   0.00000 for L=   63, J=   63.0 channel on core I =   0.0 from L=   63,  Acc. loss =  0.0 D.
 Elastic phase shift   1 =    0.000   0.000 deg. for the L =   63, J =   63.0 channel.
0****** WARNING : ACCURACY LOSS IN ERWIN = 14.8 DIGITS, SO EXPECT ERRORS OF6475.9071 % OF UNITARITY

   603735126339915.25        97216309180879008.        2.2204460492503131E-016
 Increase lower cutoff: eg CUTL. Continuing.
      63.0  1.00000000  0.00000003i: elastic S-matrix  @@      0.02  0   0 F  0
 Reaction Xsec    63.0-/63 @ 1 =   0.015#, Out:   0.000#******** ********f


 Total SPIN, PARITY =    64.0 +,      5 chs,      0 cc.  Rmin & Coul turning =    9.6   18.7
   S-matrix    1 =    1.00000  -0.00000 for L=   64, J=   64.0 channel on core I =   0.0 from L=   64,  Acc. loss =  0.0 D.
 Elastic phase shift   1 =   -0.000   0.000 deg. for the L =   64, J =   64.0 channel.
0****** WARNING : ACCURACY LOSS IN ERWIN = 15.2 DIGITS, SO EXPECT ERRORS OF********* % OF UNITARITY

   1480402560024712.0        3.5871328884000320E+017   2.2204460492503131E-016
 Increase lower cutoff: eg CUTL. Continuing.
      64.0  1.00000000 -0.00000000i: elastic S-matrix  @@      0.02  0   0 F  0
 Reaction Xsec    64.0+/64 @ 1 =   0.009#, Out:   0.000#******** ********f


 Total SPIN, PARITY =    65.0 -,      5 chs,      0 cc.  Rmin & Coul turning =    9.8   19.0
   S-matrix    1 =    1.00000   0.00000 for L=   65, J=   65.0 channel on core I =   0.0 from L=   65,  Acc. loss =  0.0 D.
 Elastic phase shift   1 =    0.000   0.000 deg. for the L =   65, J =   65.0 channel.
0****** WARNING : ACCURACY LOSS IN ERWIN = 19.4 DIGITS, SO EXPECT ERRORS OF6869.9205 % OF UNITARITY

   2.2627831222668685E+019   1.0313123826412501E+017   2.2204460492503131E-016
 Increase lower cutoff: eg CUTL. Continuing.
      65.0  1.00000000  0.00000003i: elastic S-matrix  @@      0.00  0   0 F  0
 Reaction Xsec    65.0-/65 @ 1 =   0.006#, Out:   0.000#******** ********f


 Total SPIN, PARITY =    66.0 +,      5 chs,      0 cc.  Rmin & Coul turning =    9.9   19.3
   S-matrix    1 =    1.00000   0.00000 for L=   66, J=   66.0 channel on core I =   0.0 from L=   66,  Acc. loss =  0.0 D.
 Elastic phase shift   1 =    0.000   0.000 deg. for the L =   66, J =   66.0 channel.
0****** WARNING : ACCURACY LOSS IN ERWIN = 14.6 DIGITS, SO EXPECT ERRORS OF********* % OF UNITARITY

   423803859438797.44        2.4882384615405187E+017   2.2204460492503131E-016
 Increase lower cutoff: eg CUTL. Continuing.
      66.0  1.00000000  0.00000004i: elastic S-matrix  @@      0.03  0   0 F  0
 Reaction Xsec    66.0+/66 @ 1 =   0.003#, Out:   0.000#******** ********f


 Total SPIN, PARITY =    67.0 -,      5 chs,      0 cc.  Rmin & Coul turning =   10.1   19.5
   S-matrix    1 =    1.00000  -0.00000 for L=   67, J=   67.0 channel on core I =   0.0 from L=   67,  Acc. loss =  0.0 D.
 Elastic phase shift   1 =   -0.000   0.000 deg. for the L =   67, J =   67.0 channel.
0****** WARNING : ACCURACY LOSS IN ERWIN = 14.4 DIGITS, SO EXPECT ERRORS OF********* % OF UNITARITY

   277249490763626.81        3.6997713029876422E+017   2.2204460492503131E-016
 Increase lower cutoff: eg CUTL. Continuing.
      67.0  1.00000000 -0.00000000i: elastic S-matrix  @@      0.00  0   0 F  0
 Reaction Xsec    67.0-/67 @ 1 =   0.002#, Out:   0.000#******** ********f


 Total SPIN, PARITY =    68.0 +,      5 chs,      0 cc.  Rmin & Coul turning =   10.2   19.8
   S-matrix    1 =    1.00000  -0.00000 for L=   68, J=   68.0 channel on core I =   0.0 from L=   68,  Acc. loss =  0.0 D.
 Elastic phase shift   1 =   -0.000   0.000 deg. for the L =   68, J =   68.0 channel.
0****** WARNING : ACCURACY LOSS IN ERWIN = 15.0 DIGITS, SO EXPECT ERRORS OF4732.8399 % OF UNITARITY

   958759969935064.88        71049387269552296.        2.2204460492503131E-016
 Increase lower cutoff: eg CUTL. Continuing.
      68.0  1.00000000 -0.00000001i: elastic S-matrix  @@      0.03  0   0 F  0
 Reaction Xsec    68.0+/68 @ 1 =   0.001#, Out:   0.000#******** ********f


 Total SPIN, PARITY =    69.0 -,      5 chs,      0 cc.  Rmin & Coul turning =   10.4   20.1
   S-matrix    1 =    1.00000   0.00000 for L=   69, J=   69.0 channel on core I =   0.0 from L=   69,  Acc. loss =  0.0 D.
 Elastic phase shift   1 =    0.000   0.000 deg. for the L =   69, J =   69.0 channel.
0****** WARNING : ACCURACY LOSS IN ERWIN = 15.3 DIGITS, SO EXPECT ERRORS OF5712.6156 % OF UNITARITY

   1829496965693284.5        85757778983577552.        2.2204460492503131E-016
 Increase lower cutoff: eg CUTL. Continuing.
      69.0  1.00000000  0.00000002i: elastic S-matrix  @@      0.02  0   0 F  0
 Reaction Xsec    69.0-/69 @ 1 =   0.001#, Out:   0.000#******** ********f


 Total SPIN, PARITY =    70.0 +,      5 chs,      0 cc.  Rmin & Coul turning =   10.5   20.4
   S-matrix    1 =    1.00000   0.00000 for L=   70, J=   70.0 channel on core I =   0.0 from L=   70,  Acc. loss =  0.0 D.
 Elastic phase shift   1 =    0.000   0.000 deg. for the L =   70, J =   70.0 channel.
0****** WARNING : ACCURACY LOSS IN ERWIN = 20.3 DIGITS, SO EXPECT ERRORS OF4623.9933 % OF UNITARITY

   1.9815623258186023E+020   69415381543305952.        2.2204460492503131E-016
 Increase lower cutoff: eg CUTL. Continuing.
      70.0  1.00000000  0.00000002i: elastic S-matrix  @@      0.03  0   0 F  0
 Reaction Xsec    70.0+/70 @ 1 =   0.000#, Out:   0.000#******** ********f


 Total SPIN, PARITY =    71.0 -,      5 chs,      0 cc.  Rmin & Coul turning =   10.7   20.7
   S-matrix    1 =    1.00000  -0.00000 for L=   71, J=   71.0 channel on core I =   0.0 from L=   71,  Acc. loss =  0.0 D.
 Elastic phase shift   1 =   -0.000   0.000 deg. for the L =   71, J =   71.0 channel.
0****** WARNING : ACCURACY LOSS IN ERWIN = 21.0 DIGITS, SO EXPECT ERRORS OF7368.9748 % OF UNITARITY

   9.6241592465149618E+020   1.1062304104927443E+017   2.2204460492503131E-016
 Increase lower cutoff: eg CUTL. Continuing.
      71.0  1.00000000 -0.00000003i: elastic S-matrix  @@      0.02  0   0 F  0
 Reaction Xsec    71.0-/71 @ 1 =   0.000#, Out:   0.000#******** ********f


 Total SPIN, PARITY =    72.0 +,      5 chs,      0 cc.  Rmin & Coul turning =   10.8   21.0
   S-matrix    1 =    1.00000  -0.00000 for L=   72, J=   72.0 channel on core I =   0.0 from L=   72,  Acc. loss =  0.0 D.
 Elastic phase shift   1 =   -0.000   0.000 deg. for the L =   72, J =   72.0 channel.
0****** WARNING : ACCURACY LOSS IN ERWIN = 22.1 DIGITS, SO EXPECT ERRORS OF********* % OF UNITARITY

   1.1794989334450561E+022   1.5423469743351606E+017   2.2204460492503131E-016
 Increase lower cutoff: eg CUTL. Continuing.
      72.0  1.00000000 -0.00000003i: elastic S-matrix  @@      0.02  0   0 F  0
 Reaction Xsec    72.0+/72 @ 1 =   0.000#, Out:   0.000#******** ********f


 Total SPIN, PARITY =    73.0 -,      5 chs,      0 cc.  Rmin & Coul turning =   11.0   21.3
   S-matrix    1 =    1.00000   0.00000 for L=   73, J=   73.0 channel on core I =   0.0 from L=   73,  Acc. loss =  0.0 D.
 Elastic phase shift   1 =    0.000   0.000 deg. for the L =   73, J =   73.0 channel.
0****** WARNING : ACCURACY LOSS IN ERWIN = 15.5 DIGITS, SO EXPECT ERRORS OF2778.0754 % OF UNITARITY

   2828839619051557.0        41704463815133832.        2.2204460492503131E-016
 Increase lower cutoff: eg CUTL. Continuing.
      73.0  1.00000000  0.00000001i: elastic S-matrix  @@      0.02  0   0 F  0
 Reaction Xsec    73.0-/73 @ 1 =   0.000#, Out:   0.000#******** ********f


 Total SPIN, PARITY =    74.0 +,      5 chs,      0 cc.  Rmin & Coul turning =   11.1   21.6
   S-matrix    1 =    1.00000  -0.00000 for L=   74, J=   74.0 channel on core I =   0.0 from L=   74,  Acc. loss =  0.0 D.
 Elastic phase shift   1 =   -0.000   0.000 deg. for the L =   74, J =   74.0 channel.
0****** WARNING : ACCURACY LOSS IN ERWIN = 15.2 DIGITS, SO EXPECT ERRORS OF3362.4051 % OF UNITARITY

   1584674030041849.2        50476421055184184.        2.2204460492503131E-016
 Increase lower cutoff: eg CUTL. Continuing.
      74.0  1.00000000 -0.00000000i: elastic S-matrix  @@      0.02  0   0 F  0
 Reaction Xsec    74.0+/74 @ 1 =   0.000#, Out:   0.000#******** ********f


 Total SPIN, PARITY =    75.0 -,      5 chs,      0 cc.  Rmin & Coul turning =   11.2   21.9
   S-matrix    1 =    1.00000  -0.00000 for L=   75, J=   75.0 channel on core I =   0.0 from L=   75,  Acc. loss =  0.0 D.
 Elastic phase shift   1 =   -0.000   0.000 deg. for the L =   75, J =   75.0 channel.
0****** WARNING : ACCURACY LOSS IN ERWIN = 15.1 DIGITS, SO EXPECT ERRORS OF2072.8587 % OF UNITARITY

   1160826200631052.2        31117751791987056.        2.2204460492503131E-016
 Increase lower cutoff: eg CUTL. Continuing.
      75.0  1.00000000 -0.00000004i: elastic S-matrix  @@      0.00  0   0 F  0
 Reaction Xsec    75.0-/75 @ 1 =   0.000#, Out:   0.000#******** ********f


 Total SPIN, PARITY =    76.0 +,      5 chs,      0 cc.  Rmin & Coul turning =   11.4   22.1
   S-matrix    1 =    1.00000  -0.00000 for L=   76, J=   76.0 channel on core I =   0.0 from L=   76,  Acc. loss =  0.0 D.
 Elastic phase shift   1 =   -0.000   0.000 deg. for the L =   76, J =   76.0 channel.
0****** WARNING : ACCURACY LOSS IN ERWIN = 22.0 DIGITS, SO EXPECT ERRORS OF2356.5415 % OF UNITARITY

   1.0162082197054645E+022   35376397768327128.        2.2204460492503131E-016
 Increase lower cutoff: eg CUTL. Continuing.
      76.0  1.00000000 -0.00000005i: elastic S-matrix  @@      0.03  0   0 F  0
 Reaction Xsec    76.0+/76 @ 1 =   0.000#, Out:   0.000#******** ********f


 Total SPIN, PARITY =    77.0 -,      5 chs,      0 cc.  Rmin & Coul turning =   11.6   22.4
   S-matrix    1 =    1.00000  -0.00000 for L=   77, J=   77.0 channel on core I =   0.0 from L=   77,  Acc. loss =  0.0 D.
 Elastic phase shift   1 =   -0.000   0.000 deg. for the L =   77, J =   77.0 channel.
0****** WARNING : ACCURACY LOSS IN ERWIN = 15.5 DIGITS, SO EXPECT ERRORS OF 572.8710 % OF UNITARITY

   2993152128601106.0        8599938098656806.0        2.2204460492503131E-016
 Increase lower cutoff: eg CUTL. Continuing.
      77.0  1.00000000 -0.00000001i: elastic S-matrix  @@      0.00  0   0 F  0
 Reaction Xsec    77.0-/77 @ 1 =   0.000#, Out:   0.000#******** ********f


 Total SPIN, PARITY =    78.0 +,      5 chs,      0 cc.  Rmin & Coul turning =   11.7   22.7
   S-matrix    1 =    1.00000  -0.00000 for L=   78, J=   78.0 channel on core I =   0.0 from L=   78,  Acc. loss =  0.0 D.
 Elastic phase shift   1 =   -0.000   0.000 deg. for the L =   78, J =   78.0 channel.
0****** WARNING : ACCURACY LOSS IN ERWIN = 15.4 DIGITS, SO EXPECT ERRORS OF 262.5796 % OF UNITARITY

   2655410946608800.5        3941844413139828.5        2.2204460492503131E-016
 Increase lower cutoff: eg CUTL. Continuing.
      78.0  1.00000000 -0.00000001i: elastic S-matrix  @@      0.02  0   0 F  0
 Reaction Xsec    78.0+/78 @ 1 =   0.000#, Out:   0.000#******** ********f


 Total SPIN, PARITY =    79.0 -,      5 chs,      0 cc.  Rmin & Coul turning =   11.9   23.0
   S-matrix    1 =    1.00000  -0.00000 for L=   79, J=   79.0 channel on core I =   0.0 from L=   79,  Acc. loss =  0.0 D.
 Elastic phase shift   1 =   -0.000   0.000 deg. for the L =   79, J =   79.0 channel.
0****** WARNING : ACCURACY LOSS IN ERWIN = 22.3 DIGITS, SO EXPECT ERRORS OF 320.2491 % OF UNITARITY

   2.0578063133806097E+022   4807578534974450.0        2.2204460492503131E-016
 Increase lower cutoff: eg CUTL. Continuing.
      79.0  1.00000000 -0.00000005i: elastic S-matrix  @@      0.02  0   0 F  0
 Reaction Xsec    79.0-/79 @ 1 =   0.000#, Out:   0.000#******** ********f


 Total SPIN, PARITY =    80.0 +,      5 chs,      0 cc.  Rmin & Coul turning =   12.0   23.3
   S-matrix    1 =    1.00000  -0.00000 for L=   80, J=   80.0 channel on core I =   0.0 from L=   80,  Acc. loss =  0.0 D.
 Elastic phase shift   1 =   -0.000   0.000 deg. for the L =   80, J =   80.0 channel.
0****** WARNING : ACCURACY LOSS IN ERWIN = 15.3 DIGITS, SO EXPECT ERRORS OF  74.5179 % OF UNITARITY

   1932936410339904.8        1118663118570464.6        2.2204460492503131E-016
 Increase lower cutoff: eg CUTL. Continuing.
      80.0  1.00000000 -0.00000007i: elastic S-matrix  @@      0.02  0   0 F  0
 Reaction Xsec    80.0+/80 @ 1 =   0.000#, Out:   0.000# 447.896 -447.896f

 Finished all CC sets @    2.10937500    
0CUMULATIVE REACTION cross section                 =  935.16633  <L> =    12.84  <L**2> =    189.6
0CUMULATIVE outgoing cross sections in partition 1 :    0.00000
0CUMULATIVE outgoing cross sections in partition 2 :***********
0Cumulative ABSORBTION by Imaginary Potentials     =***********  <L> =    64.82  <L**2> =   4206.1
   Fusion for specific 4He      M-states :************
0CUMULATIVE OUTGOING cross section                 =***********
 To convert to S-factors (MeV.mb = keV.b),  multiply by  2.0623E+02


 CROSS SECTIONS FOR OUTGOING 4He      & 4He      in state #   1 with spins & parities 0.0  + &  0.0  +;  0

     0.01 deg.: X-S =   2.2880E+13 mb/sr,
+                                         /R =   9.9992E-01
     1.00 deg.: X-S =   1.8680E+05 mb/sr,
+                                         /R =   8.1633E-01
     2.00 deg.: X-S =   3.4728E+04 mb/sr,
+                                         /R =   2.4278E+00
     3.00 deg.: X-S =   2.7364E+04 mb/sr,
+                                         /R =   9.6821E+00
     4.00 deg.: X-S =   2.1634E+04 mb/sr,
+                                         /R =   2.4184E+01
     5.00 deg.: X-S =   1.5571E+04 mb/sr,
+                                         /R =   4.2476E+01
     6.00 deg.: X-S =   1.0055E+04 mb/sr,
+                                         /R =   5.6847E+01
     7.00 deg.: X-S =  5715.944639 mb/sr,
+                                         /R =   5.9828E+01
     8.00 deg.: X-S =  2780.338905 mb/sr,
+                                         /R =   4.9608E+01
     9.00 deg.: X-S =  1144.179684 mb/sr,
+                                         /R =   3.2673E+01
    10.00 deg.: X-S =   493.650480 mb/sr,
+                                         /R =   2.1464E+01
    11.00 deg.: X-S =   439.966036 mb/sr,
+                                         /R =   2.7979E+01
    12.00 deg.: X-S =   631.702516 mb/sr,
+                                         /R =   5.6829E+01
    13.00 deg.: X-S =   822.803404 mb/sr,
+                                         /R =   1.0182E+02
    14.00 deg.: X-S =   891.380662 mb/sr,
+                                         /R =   1.4817E+02
    15.00 deg.: X-S =   819.491388 mb/sr,
+                                         /R =   1.7925E+02
    16.00 deg.: X-S =   652.273702 mb/sr,
+                                         /R =   1.8440E+02
    17.00 deg.: X-S =   455.164086 mb/sr,
+                                         /R =   1.6372E+02
    18.00 deg.: X-S =   282.407270 mb/sr,
+                                         /R =   1.2744E+02
    19.00 deg.: X-S =   162.172408 mb/sr,
+                                         /R =   9.0684E+01
    20.00 deg.: X-S =    96.582132 mb/sr,
+                                         /R =   6.6175E+01
    21.00 deg.: X-S =    70.840976 mb/sr,
+                                         /R =   5.8875E+01
    22.00 deg.: X-S =    64.825041 mb/sr,
+                                         /R =   6.4752E+01
    23.00 deg.: X-S =    62.139195 mb/sr,
+                                         /R =   7.3978E+01
    24.00 deg.: X-S =    54.375959 mb/sr,
+                                         /R =   7.6566E+01
    25.00 deg.: X-S =    40.830601 mb/sr,
+                                         /R =   6.7523E+01
    26.00 deg.: X-S =    25.453467 mb/sr,
+                                         /R =   4.9115E+01
    27.00 deg.: X-S =    13.174991 mb/sr,
+                                         /R =   2.9485E+01
    28.00 deg.: X-S =     7.207608 mb/sr,
+                                         /R =   1.8604E+01
    29.00 deg.: X-S =     8.006545 mb/sr,
+                                         /R =   2.3712E+01
    30.00 deg.: X-S =    13.719834 mb/sr,
+                                         /R =   4.6393E+01
    31.00 deg.: X-S =    21.457185 mb/sr,
+                                         /R =   8.2468E+01
    32.00 deg.: X-S =    28.619437 mb/sr,
+                                         /R =   1.2449E+02
    33.00 deg.: X-S =    33.749974 mb/sr,
+                                         /R =   1.6548E+02
    34.00 deg.: X-S =    36.717419 mb/sr,
+                                         /R =   2.0218E+02
    35.00 deg.: X-S =    38.348580 mb/sr,
+                                         /R =   2.3628E+02
    36.00 deg.: X-S =    39.802207 mb/sr,
+                                         /R =   2.7350E+02
    37.00 deg.: X-S =    41.988099 mb/sr,
+                                         /R =   3.2074E+02
    38.00 deg.: X-S =    45.235124 mb/sr,
+                                         /R =   3.8297E+02
    39.00 deg.: X-S =    49.265815 mb/sr,
+                                         /R =   4.6094E+02
    40.00 deg.: X-S =    53.409024 mb/sr,
+                                         /R =   5.5073E+02
    41.00 deg.: X-S =    56.914515 mb/sr,
+                                         /R =   6.4512E+02
    42.00 deg.: X-S =    59.231959 mb/sr,
+                                         /R =   7.3619E+02
    43.00 deg.: X-S =    60.163748 mb/sr,
+                                         /R =   8.1800E+02
    44.00 deg.: X-S =    59.867067 mb/sr,
+                                         /R =   8.8839E+02
    45.00 deg.: X-S =    58.738285 mb/sr,
+                                         /R =   9.4928E+02
    46.00 deg.: X-S =    57.244761 mb/sr,
+                                         /R =   1.0055E+03
    47.00 deg.: X-S =    55.771288 mb/sr,
+                                         /R =   1.0625E+03
    48.00 deg.: X-S =    54.527625 mb/sr,
+                                         /R =   1.1246E+03
    49.00 deg.: X-S =    53.532640 mb/sr,
+                                         /R =   1.1930E+03
    50.00 deg.: X-S =    52.662202 mb/sr,
+                                         /R =   1.2659E+03
    51.00 deg.: X-S =    51.730489 mb/sr,
+                                         /R =   1.3391E+03
    52.00 deg.: X-S =    50.570942 mb/sr,
+                                         /R =   1.4073E+03
    53.00 deg.: X-S =    49.091327 mb/sr,
+                                         /R =   1.4663E+03
    54.00 deg.: X-S =    47.291810 mb/sr,
+                                         /R =   1.5139E+03
    55.00 deg.: X-S =    45.249311 mb/sr,
+                                         /R =   1.5501E+03
    56.00 deg.: X-S =    43.081271 mb/sr,
+                                         /R =   1.5770E+03
    57.00 deg.: X-S =    40.905396 mb/sr,
+                                         /R =   1.5979E+03
    58.00 deg.: X-S =    38.809075 mb/sr,
+                                         /R =   1.6156E+03
    59.00 deg.: X-S =    36.835663 mb/sr,
+                                         /R =   1.6321E+03
    60.00 deg.: X-S =    34.987618 mb/sr,
+                                         /R =   1.6478E+03
    61.00 deg.: X-S =    33.241057 mb/sr,
+                                         /R =   1.6621E+03
    62.00 deg.: X-S =    31.563950 mb/sr,
+                                         /R =   1.6737E+03
    63.00 deg.: X-S =    29.930956 mb/sr,
+                                         /R =   1.6810E+03
    64.00 deg.: X-S =    28.330963 mb/sr,
+                                         /R =   1.6835E+03
    65.00 deg.: X-S =    26.766963 mb/sr,
+                                         /R =   1.6811E+03
    66.00 deg.: X-S =    25.250680 mb/sr,
+                                         /R =   1.6743E+03
    67.00 deg.: X-S =    23.795553 mb/sr,
+                                         /R =   1.6641E+03
    68.00 deg.: X-S =    22.411365 mb/sr,
+                                         /R =   1.6513E+03
    69.00 deg.: X-S =    21.102149 mb/sr,
+                                         /R =   1.6366E+03
    70.00 deg.: X-S =    19.867149 mb/sr,
+                                         /R =   1.6204E+03
    71.00 deg.: X-S =    18.703358 mb/sr,
+                                         /R =   1.6027E+03
    72.00 deg.: X-S =    17.607826 mb/sr,
+                                         /R =   1.5838E+03
    73.00 deg.: X-S =    16.578431 mb/sr,
+                                         /R =   1.5639E+03
    74.00 deg.: X-S =    15.612908 mb/sr,
+                                         /R =   1.5433E+03
    75.00 deg.: X-S =    14.707015 mb/sr,
+                                         /R =   1.5221E+03
    76.00 deg.: X-S =    13.853224 mb/sr,
+                                         /R =   1.4998E+03
    77.00 deg.: X-S =    13.041029 mb/sr,
+                                         /R =   1.4758E+03
    78.00 deg.: X-S =    12.259165 mb/sr,
+                                         /R =   1.4490E+03
    79.00 deg.: X-S =    11.499066 mb/sr,
+                                         /R =   1.4185E+03
    80.00 deg.: X-S =    10.758150 mb/sr,
+                                         /R =   1.3840E+03
    81.00 deg.: X-S =    10.041314 mb/sr,
+                                         /R =   1.3461E+03
    82.00 deg.: X-S =     9.359746 mb/sr,
+                                         /R =   1.3066E+03
    83.00 deg.: X-S =     8.727209 mb/sr,
+                                         /R =   1.2678E+03
    84.00 deg.: X-S =     8.155000 mb/sr,
+                                         /R =   1.2319E+03
    85.00 deg.: X-S =     7.647394 mb/sr,
+                                         /R =   1.2005E+03
    86.00 deg.: X-S =     7.199358 mb/sr,
+                                         /R =   1.1737E+03
    87.00 deg.: X-S =     6.797562 mb/sr,
+                                         /R =   1.1501E+03
    88.00 deg.: X-S =     6.424382 mb/sr,
+                                         /R =   1.1273E+03
    89.00 deg.: X-S =     6.063452 mb/sr,
+                                         /R =   1.1028E+03
    90.00 deg.: X-S =     5.704775 mb/sr,
+                                         /R =   1.0747E+03
    91.00 deg.: X-S =     5.347478 mb/sr,
+                                         /R =   1.0429E+03
    92.00 deg.: X-S =     4.999152 mb/sr,
+                                         /R =   1.0087E+03
    93.00 deg.: X-S =     4.672011 mb/sr,
+                                         /R =   9.7470E+02
    94.00 deg.: X-S =     4.377388 mb/sr,
+                                         /R =   9.4372E+02
    95.00 deg.: X-S =     4.120701 mb/sr,
+                                         /R =   9.1751E+02
    96.00 deg.: X-S =     3.898792 mb/sr,
+                                         /R =   8.9607E+02
    97.00 deg.: X-S =     3.700676 mb/sr,
+                                         /R =   8.7745E+02
    98.00 deg.: X-S =     3.511438 mb/sr,
+                                         /R =   8.5846E+02
    99.00 deg.: X-S =     3.317765 mb/sr,
+                                         /R =   8.3588E+02
   100.00 deg.: X-S =     3.112916 mb/sr,
+                                         /R =   8.0779E+02
   101.00 deg.: X-S =     2.899193 mb/sr,
+                                         /R =   7.7449E+02
   102.00 deg.: X-S =     2.686954 mb/sr,
+                                         /R =   7.3856E+02
   103.00 deg.: X-S =     2.490510 mb/sr,
+                                         /R =   7.0401E+02
   104.00 deg.: X-S =     2.322480 mb/sr,
+                                         /R =   6.7483E+02
   105.00 deg.: X-S =     2.188760 mb/sr,
+                                         /R =   6.5340E+02
   106.00 deg.: X-S =     2.086101 mb/sr,
+                                         /R =   6.3951E+02
   107.00 deg.: X-S =     2.003203 mb/sr,
+                                         /R =   6.3031E+02
   108.00 deg.: X-S =     1.924926 mb/sr,
+                                         /R =   6.2138E+02
   109.00 deg.: X-S =     1.837951 mb/sr,
+                                         /R =   6.0841E+02
   110.00 deg.: X-S =     1.735716 mb/sr,
+                                         /R =   5.8892E+02
   111.00 deg.: X-S =     1.620662 mb/sr,
+                                         /R =   5.6336E+02
   112.00 deg.: X-S =     1.502940 mb/sr,
+                                         /R =   5.3500E+02
   113.00 deg.: X-S =     1.396074 mb/sr,
+                                         /R =   5.0869E+02
   114.00 deg.: X-S =     1.311279 mb/sr,
+                                         /R =   4.8885E+02
   115.00 deg.: X-S =     1.252706 mb/sr,
+                                         /R =   4.7762E+02
   116.00 deg.: X-S =     1.215500 mb/sr,
+                                         /R =   4.7375E+02
   117.00 deg.: X-S =     1.187490 mb/sr,
+                                         /R =   4.7294E+02
   118.00 deg.: X-S =     1.153865 mb/sr,
+                                         /R =   4.6939E+02
   119.00 deg.: X-S =     1.103007 mb/sr,
+                                         /R =   4.5812E+02
   120.00 deg.: X-S =     1.031186 mb/sr,
+                                         /R =   4.3709E+02
   121.00 deg.: X-S =     0.944213 mb/sr,
+                                         /R =   4.0829E+02
   122.00 deg.: X-S =     0.855330 mb/sr,
+                                         /R =   3.7716E+02
   123.00 deg.: X-S =     0.780092 mb/sr,
+                                         /R =   3.5064E+02
   124.00 deg.: X-S =     0.730233 mb/sr,
+                                         /R =   3.3444E+02
   125.00 deg.: X-S =     0.708903 mb/sr,
+                                         /R =   3.3069E+02
   126.00 deg.: X-S =     0.709212 mb/sr,
+                                         /R =   3.3683E+02
   127.00 deg.: X-S =     0.716714 mb/sr,
+                                         /R =   3.4644E+02
   128.00 deg.: X-S =     0.714936 mb/sr,
+                                         /R =   3.5158E+02
   129.00 deg.: X-S =     0.691816 mb/sr,
+                                         /R =   3.4599E+02
   130.00 deg.: X-S =     0.644516 mb/sr,
+                                         /R =   3.2768E+02
   131.00 deg.: X-S =     0.580654 mb/sr,
+                                         /R =   3.0000E+02
   132.00 deg.: X-S =     0.515407 mb/sr,
+                                         /R =   2.7051E+02
   133.00 deg.: X-S =     0.465508 mb/sr,
+                                         /R =   2.4810E+02
   134.00 deg.: X-S =     0.442472 mb/sr,
+                                         /R =   2.3939E+02
   135.00 deg.: X-S =     0.447742 mb/sr,
+                                         /R =   2.4581E+02
   136.00 deg.: X-S =     0.471734 mb/sr,
+                                         /R =   2.6271E+02
   137.00 deg.: X-S =     0.497300 mb/sr,
+                                         /R =   2.8083E+02
   138.00 deg.: X-S =     0.506354 mb/sr,
+                                         /R =   2.8985E+02
   139.00 deg.: X-S =     0.487123 mb/sr,
+                                         /R =   2.8256E+02
   140.00 deg.: X-S =     0.439137 mb/sr,
+                                         /R =   2.5802E+02
   141.00 deg.: X-S =     0.373871 mb/sr,
+                                         /R =   2.2245E+02
   142.00 deg.: X-S =     0.310637 mb/sr,
+                                         /R =   1.8709E+02
   143.00 deg.: X-S =     0.269148 mb/sr,
+                                         /R =   1.6403E+02
   144.00 deg.: X-S =     0.261616 mb/sr,
+                                         /R =   1.6129E+02
   145.00 deg.: X-S =     0.287511 mb/sr,
+                                         /R =   1.7925E+02
   146.00 deg.: X-S =     0.333192 mb/sr,
+                                         /R =   2.0999E+02
   147.00 deg.: X-S =     0.376779 mb/sr,
+                                         /R =   2.3997E+02
   148.00 deg.: X-S =     0.396566 mb/sr,
+                                         /R =   2.5515E+02
   149.00 deg.: X-S =     0.379774 mb/sr,
+                                         /R =   2.4676E+02
   150.00 deg.: X-S =     0.328172 mb/sr,
+                                         /R =   2.1527E+02
   151.00 deg.: X-S =     0.258151 mb/sr,
+                                         /R =   1.7091E+02
   152.00 deg.: X-S =     0.194905 mb/sr,
+                                         /R =   1.3018E+02
   153.00 deg.: X-S =     0.162737 mb/sr,
+                                         /R =   1.0963E+02
   154.00 deg.: X-S =     0.175115 mb/sr,
+                                         /R =   1.1894E+02
   155.00 deg.: X-S =     0.228451 mb/sr,
+                                         /R =   1.5640E+02
   156.00 deg.: X-S =     0.302329 mb/sr,
+                                         /R =   2.0855E+02
   157.00 deg.: X-S =     0.366532 mb/sr,
+                                         /R =   2.5468E+02
   158.00 deg.: X-S =     0.392546 mb/sr,
+                                         /R =   2.7466E+02
   159.00 deg.: X-S =     0.365300 mb/sr,
+                                         /R =   2.5729E+02
   160.00 deg.: X-S =     0.290471 mb/sr,
+                                         /R =   2.0588E+02
   161.00 deg.: X-S =     0.194130 mb/sr,
+                                         /R =   1.3843E+02
   162.00 deg.: X-S =     0.114179 mb/sr,
+                                         /R =   8.1881E+01
   163.00 deg.: X-S =     0.086261 mb/sr,
+                                         /R =   6.2193E+01
   164.00 deg.: X-S =     0.129163 mb/sr,
+                                         /R =   9.3598E+01
   165.00 deg.: X-S =     0.235386 mb/sr,
+                                         /R =   1.7138E+02
   166.00 deg.: X-S =     0.371086 mb/sr,
+                                         /R =   2.7139E+02
   167.00 deg.: X-S =     0.486433 mb/sr,
+                                         /R =   3.5722E+02
   168.00 deg.: X-S =     0.533575 mb/sr,
+                                         /R =   3.9334E+02
   169.00 deg.: X-S =     0.486310 mb/sr,
+                                         /R =   3.5976E+02
   170.00 deg.: X-S =     0.354346 mb/sr,
+                                         /R =   2.6298E+02
   171.00 deg.: X-S =     0.186306 mb/sr,
+                                         /R =   1.3867E+02
   172.00 deg.: X-S =     0.059118 mb/sr,
+                                         /R =   4.4116E+01
   173.00 deg.: X-S =     0.055959 mb/sr,
+                                         /R =   4.1855E+01
   174.00 deg.: X-S =     0.239142 mb/sr,
+                                         /R =   1.7922E+02
   175.00 deg.: X-S =     0.626499 mb/sr,
+                                         /R =   4.7031E+02
   176.00 deg.: X-S =     1.179361 mb/sr,
+                                         /R =   8.8655E+02
   177.00 deg.: X-S =     1.806885 mb/sr,
+                                         /R =   1.3597E+03
   178.00 deg.: X-S =     2.386536 mb/sr,
+                                         /R =   1.7973E+03
   179.00 deg.: X-S =     2.795305 mb/sr,
+                                         /R =   2.1061E+03
   179.99 deg.: X-S =     2.942629 mb/sr,
+                                         /R =   2.2174E+03
                                           Integrated********** mb, over [   0.000, 180.000] at   250.0000 MeV 

 CROSS SECTIONS FOR OUTGOING n        & 7Be      in state #   1 with spins & parities 0.5  + &  1.5  -;  0

     0.00 deg.: X-S =   8.1521E+08 mb/sr,
+                                         REAC   7.9122E+09 mb
     1.00 deg.: X-S =   2.8911E+09 mb/sr,
     2.00 deg.: X-S =   3.0639E+09 mb/sr,
     3.00 deg.: X-S =   8.3820E+08 mb/sr,
     4.00 deg.: X-S =   1.2484E+09 mb/sr,
     5.00 deg.: X-S =   1.0619E+09 mb/sr,
     6.00 deg.: X-S =   6.5420E+08 mb/sr,
     7.00 deg.: X-S =   1.1050E+09 mb/sr,
     8.00 deg.: X-S =   6.8701E+08 mb/sr,
     9.00 deg.: X-S =   8.2438E+08 mb/sr,
    10.00 deg.: X-S =   9.4467E+08 mb/sr,
    11.00 deg.: X-S =   6.5665E+08 mb/sr,
    12.00 deg.: X-S =   9.3310E+08 mb/sr,
    13.00 deg.: X-S =   8.1129E+08 mb/sr,
    14.00 deg.: X-S =   7.4517E+08 mb/sr,
    15.00 deg.: X-S =   9.3398E+08 mb/sr,
    16.00 deg.: X-S =   7.5598E+08 mb/sr,
    17.00 deg.: X-S =   8.2800E+08 mb/sr,
    18.00 deg.: X-S =   8.8800E+08 mb/sr,
    19.00 deg.: X-S =   7.6314E+08 mb/sr,
    20.00 deg.: X-S =   8.6556E+08 mb/sr,
    21.00 deg.: X-S =   8.5293E+08 mb/sr,
    22.00 deg.: X-S =   7.8796E+08 mb/sr,
    23.00 deg.: X-S =   8.7589E+08 mb/sr,
    24.00 deg.: X-S =   8.3887E+08 mb/sr,
    25.00 deg.: X-S =   8.0289E+08 mb/sr,
    26.00 deg.: X-S =   8.8370E+08 mb/sr,
    27.00 deg.: X-S =   8.2199E+08 mb/sr,
    28.00 deg.: X-S =   8.0993E+08 mb/sr,
    29.00 deg.: X-S =   8.8569E+08 mb/sr,
    30.00 deg.: X-S =   7.8197E+08 mb/sr,
    31.00 deg.: X-S =   8.1994E+08 mb/sr,
    32.00 deg.: X-S =   8.5323E+08 mb/sr,
    33.00 deg.: X-S =   7.2582E+08 mb/sr,
    34.00 deg.: X-S =   8.2411E+08 mb/sr,
    35.00 deg.: X-S =   7.6520E+08 mb/sr,
    36.00 deg.: X-S =   6.7703E+08 mb/sr,
    37.00 deg.: X-S =   7.8981E+08 mb/sr,
    38.00 deg.: X-S =   6.3663E+08 mb/sr,
    39.00 deg.: X-S =   6.4299E+08 mb/sr,
    40.00 deg.: X-S =   6.9049E+08 mb/sr,
    41.00 deg.: X-S =   5.0999E+08 mb/sr,
    42.00 deg.: X-S =   6.0080E+08 mb/sr,
    43.00 deg.: X-S =   5.3818E+08 mb/sr,
    44.00 deg.: X-S =   4.1656E+08 mb/sr,
    45.00 deg.: X-S =   5.2204E+08 mb/sr,
    46.00 deg.: X-S =   3.7904E+08 mb/sr,
    47.00 deg.: X-S =   3.5282E+08 mb/sr,
    48.00 deg.: X-S =   4.0762E+08 mb/sr,
    49.00 deg.: X-S =   2.5557E+08 mb/sr,
    50.00 deg.: X-S =   2.9795E+08 mb/sr,
    51.00 deg.: X-S =   2.9005E+08 mb/sr,
    52.00 deg.: X-S =   1.7963E+08 mb/sr,
    53.00 deg.: X-S =   2.4578E+08 mb/sr,
    54.00 deg.: X-S =   2.0328E+08 mb/sr,
    55.00 deg.: X-S =   1.4240E+08 mb/sr,
    56.00 deg.: X-S =   2.1039E+08 mb/sr,
    57.00 deg.: X-S =   1.5944E+08 mb/sr,
    58.00 deg.: X-S =   1.3757E+08 mb/sr,
    59.00 deg.: X-S =   2.0539E+08 mb/sr,
    60.00 deg.: X-S =   1.5405E+08 mb/sr,
    61.00 deg.: X-S =   1.6491E+08 mb/sr,
    62.00 deg.: X-S =   2.2980E+08 mb/sr,
    63.00 deg.: X-S =   1.7936E+08 mb/sr,
    64.00 deg.: X-S =   2.1877E+08 mb/sr,
    65.00 deg.: X-S =   2.7340E+08 mb/sr,
    66.00 deg.: X-S =   2.2506E+08 mb/sr,
    67.00 deg.: X-S =   2.8601E+08 mb/sr,
    68.00 deg.: X-S =   3.2373E+08 mb/sr,
    69.00 deg.: X-S =   2.7610E+08 mb/sr,
    70.00 deg.: X-S =   3.5415E+08 mb/sr,
    71.00 deg.: X-S =   3.6556E+08 mb/sr,
    72.00 deg.: X-S =   3.2078E+08 mb/sr,
    73.00 deg.: X-S =   4.1323E+08 mb/sr,
    74.00 deg.: X-S =   3.8522E+08 mb/sr,
    75.00 deg.: X-S =   3.5852E+08 mb/sr,
    76.00 deg.: X-S =   4.5250E+08 mb/sr,
    77.00 deg.: X-S =   3.8232E+08 mb/sr,
    78.00 deg.: X-S =   3.9419E+08 mb/sr,
    79.00 deg.: X-S =   4.6511E+08 mb/sr,
    80.00 deg.: X-S =   3.7217E+08 mb/sr,
    81.00 deg.: X-S =   4.2921E+08 mb/sr,
    82.00 deg.: X-S =   4.5699E+08 mb/sr,
    83.00 deg.: X-S =   3.7339E+08 mb/sr,
    84.00 deg.: X-S =   4.6280E+08 mb/sr,
    85.00 deg.: X-S =   4.4440E+08 mb/sr,
    86.00 deg.: X-S =   3.9658E+08 mb/sr,
    87.00 deg.: X-S =   4.9643E+08 mb/sr,
    88.00 deg.: X-S =   4.4215E+08 mb/sr,
    89.00 deg.: X-S =   4.4407E+08 mb/sr,
    90.00 deg.: X-S =   5.3089E+08 mb/sr,
    91.00 deg.: X-S =   4.5799E+08 mb/sr,
    92.00 deg.: X-S =   5.1173E+08 mb/sr,
    93.00 deg.: X-S =   5.6199E+08 mb/sr,
    94.00 deg.: X-S =   4.9545E+08 mb/sr,
    95.00 deg.: X-S =   5.8649E+08 mb/sr,
    96.00 deg.: X-S =   5.8543E+08 mb/sr,
    97.00 deg.: X-S =   5.5362E+08 mb/sr,
    98.00 deg.: X-S =   6.4827E+08 mb/sr,
    99.00 deg.: X-S =   6.0486E+08 mb/sr,
   100.00 deg.: X-S =   6.2133E+08 mb/sr,
   101.00 deg.: X-S =   6.8251E+08 mb/sr,
   102.00 deg.: X-S =   6.2916E+08 mb/sr,
   103.00 deg.: X-S =   6.7795E+08 mb/sr,
   104.00 deg.: X-S =   6.9234E+08 mb/sr,
   105.00 deg.: X-S =   6.6005E+08 mb/sr,
   106.00 deg.: X-S =   7.0753E+08 mb/sr,
   107.00 deg.: X-S =   6.9459E+08 mb/sr,
   108.00 deg.: X-S =   6.8668E+08 mb/sr,
   109.00 deg.: X-S =   7.1353E+08 mb/sr,
   110.00 deg.: X-S =   7.0176E+08 mb/sr,
   111.00 deg.: X-S =   6.9740E+08 mb/sr,
   112.00 deg.: X-S =   7.1587E+08 mb/sr,
   113.00 deg.: X-S =   7.1023E+08 mb/sr,
   114.00 deg.: X-S =   6.9664E+08 mb/sr,
   115.00 deg.: X-S =   7.3059E+08 mb/sr,
   116.00 deg.: X-S =   7.0934E+08 mb/sr,
   117.00 deg.: X-S =   7.0547E+08 mb/sr,
   118.00 deg.: X-S =   7.5347E+08 mb/sr,
   119.00 deg.: X-S =   7.0136E+08 mb/sr,
   120.00 deg.: X-S =   7.4139E+08 mb/sr,
   121.00 deg.: X-S =   7.6712E+08 mb/sr,
   122.00 deg.: X-S =   7.0771E+08 mb/sr,
   123.00 deg.: X-S =   7.9828E+08 mb/sr,
   124.00 deg.: X-S =   7.6469E+08 mb/sr,
   125.00 deg.: X-S =   7.5109E+08 mb/sr,
   126.00 deg.: X-S =   8.4980E+08 mb/sr,
   127.00 deg.: X-S =   7.6392E+08 mb/sr,
   128.00 deg.: X-S =   8.3118E+08 mb/sr,
   129.00 deg.: X-S =   8.7489E+08 mb/sr,
   130.00 deg.: X-S =   7.9438E+08 mb/sr,
   131.00 deg.: X-S =   9.2004E+08 mb/sr,
   132.00 deg.: X-S =   8.8008E+08 mb/sr,
   133.00 deg.: X-S =   8.6939E+08 mb/sr,
   134.00 deg.: X-S =   9.8395E+08 mb/sr,
   135.00 deg.: X-S =   8.9577E+08 mb/sr,
   136.00 deg.: X-S =   9.6981E+08 mb/sr,
   137.00 deg.: X-S =   1.0124E+09 mb/sr,
   138.00 deg.: X-S =   9.4831E+08 mb/sr,
   139.00 deg.: X-S =   1.0563E+09 mb/sr,
   140.00 deg.: X-S =   1.0271E+09 mb/sr,
   141.00 deg.: X-S =   1.0323E+09 mb/sr,
   142.00 deg.: X-S =   1.1015E+09 mb/sr,
   143.00 deg.: X-S =   1.0609E+09 mb/sr,
   144.00 deg.: X-S =   1.1097E+09 mb/sr,
   145.00 deg.: X-S =   1.1144E+09 mb/sr,
   146.00 deg.: X-S =   1.1219E+09 mb/sr,
   147.00 deg.: X-S =   1.1411E+09 mb/sr,
   148.00 deg.: X-S =   1.1307E+09 mb/sr,
   149.00 deg.: X-S =   1.1771E+09 mb/sr,
   150.00 deg.: X-S =   1.1237E+09 mb/sr,
   151.00 deg.: X-S =   1.1732E+09 mb/sr,
   152.00 deg.: X-S =   1.1785E+09 mb/sr,
   153.00 deg.: X-S =   1.0973E+09 mb/sr,
   154.00 deg.: X-S =   1.2194E+09 mb/sr,
   155.00 deg.: X-S =   1.1103E+09 mb/sr,
   156.00 deg.: X-S =   1.1043E+09 mb/sr,
   157.00 deg.: X-S =   1.2144E+09 mb/sr,
   158.00 deg.: X-S =   1.0119E+09 mb/sr,
   159.00 deg.: X-S =   1.1421E+09 mb/sr,
   160.00 deg.: X-S =   1.1236E+09 mb/sr,
   161.00 deg.: X-S =   9.4497E+08 mb/sr,
   162.00 deg.: X-S =   1.1595E+09 mb/sr,
   163.00 deg.: X-S =   9.7185E+08 mb/sr,
   164.00 deg.: X-S =   9.3798E+08 mb/sr,
   165.00 deg.: X-S =   1.1049E+09 mb/sr,
   166.00 deg.: X-S =   8.2747E+08 mb/sr,
   167.00 deg.: X-S =   9.6399E+08 mb/sr,
   168.00 deg.: X-S =   9.7919E+08 mb/sr,
   169.00 deg.: X-S =   7.4974E+08 mb/sr,
   170.00 deg.: X-S =   9.8036E+08 mb/sr,
   171.00 deg.: X-S =   8.4484E+08 mb/sr,
   172.00 deg.: X-S =   7.6162E+08 mb/sr,
   173.00 deg.: X-S =   1.0018E+09 mb/sr,
   174.00 deg.: X-S =   8.0070E+08 mb/sr,
   175.00 deg.: X-S =   9.1856E+08 mb/sr,
   176.00 deg.: X-S =   1.2241E+09 mb/sr,
   177.00 deg.: X-S =   1.0691E+09 mb/sr,
   178.00 deg.: X-S =   1.9581E+09 mb/sr,
   179.00 deg.: X-S =   4.3629E+09 mb/sr,
   180.00 deg.: X-S =   5.7525E+09 mb/sr,
                                           Integrated********** mb, over [   0.000, 180.000] at   250.0000 MeV 
 Finished all xsecs @    2.12500000    

  The following files have been created:
   3:local copy of User input.            6:standard output.                   
   7:elastic  S-matrix elements.         12:transfer kernels.                  
  13:total cross sections/state.         16:tables of cross sections.          
  35:Astrophysics S-factors  / Ecm.      38:cross sections for each J/pi.      
  39:cross sections for each Ecm.        40:all cross sectns. for each Elab.   
  45:scat phase shift as E functions.    46:bs wave functions & ANC ratios.    
  56:Fusion for each Jtotal.             75:S-factors for lab energies.        
 201:Separate cross sections.           202:Separate cross sections.           

 PARAMETERS : MAXQRN   MFNL   MLOC  LMAX1 MCLIST
    ALLOWED :      4     25     10    100      6
    REQUIRED:      1      4     10     82      3


 ACCURACY ANALYSIS at   250.000 MeV :

  Elastic h*k = 0.173 so OK       compared with 0.200

   Real(S-el) > 0.01 first at J =       1.0
   Real(S-el) > 0.10 first at J =       1.0
   Real(S-el) > 0.50 first at J =      20.0
   Real(S-el) > 0.90 first at J =      22.0
   Real(S-el) > 0.99 first at J =      25.0
   R-turn =    23.30 fm    at J =      80.0

 Forward-angle excitation cut off below   0.113 deg by max JT =      80.0
                              and below   0.088 deg by max R.


 1: Recommended RNL: non-local width >  12.20 cf:  30.00 fm: OK      
    Recommended CENTRE: centration   ~   1.20 cf:   0.00 fm

 Total CPU  0 time =       2.14 seconds
