 FRESCO - FRES 3.4: Coupled Reaction Channels
 Assuming NAMELIST input.

 4He(4He,n)7Be  E=125 MeV  Q=-18.990  [he4_he4_n_be7]                            

   0.050  30.000   0.250   0.100  30.000   0.000   0.000   0.000   0.000   0.000

 Centre-of-mass Range is    602 * 0.0500 fm., Maximum at  30.00 fm., Interpolating NL forms every  0.25 fm.
 Non - locality width is    301 * 0.1000 fm., Maximum of  30.00 fm., Centred at  0.00 fm.
 2-Nucleon Separation of      0 * 0.2500 fm., Maximum of   0.00 fm., Minimum at  0.00 fm.
 Maximum single particle bins of 30.0000 fm.
               M,Mint =          601         601


 Range of total J is     0.0 <= J <=    80.0 (at least     0.0) and Absorbtion =>    -1.0000 mb.
 Dry Run = F, CC set limits =  0  0, Relativistic kinematics = a, Both/Far/Near Analyses =  1                     

 Cross Sections (and up to T0 for 0=projectile) for Theta from   0.0 to 180.0 in steps of  1.0 degrees, DGAM=0,  Coordinates = 0 (Mads)

 Lower Radial Cutoff = maximum of  3.00*L*h &       0.0 fm.,  Lower Cutoff for Couplings =   0.0  fm.


 Iterate Couplings between   1 and   1 times, to  0.000 % if sooner.                                          
  Block solved exactly =   0 chs., with Pade = 0 & Isocen =  =0, NOSOL = F, initwf =  0
  NL quadrature with   18 Gaussian points, Calculate multipoles up to    86 from   0
  M-transfers for lp+lt greater than or equal to  6, Angular Integration Cutoff below  2.7778 %


 Trace switches are :  CHANS =  1, LISTCC =  0, TRENEG =  0, CDETR =  0, SMATS =  2, XSTABL =  1, NLPL =  0

                       WAVES =  0, LAMPL =  0, VEFF =  0, KFUS =  0, WDISK =  0, BPM =  0, MELFIL =  0

                       CDCC =  0, NFUS =  0

 Using unit mass = 1.000000 amu and 1/fine-structure constant = 137.03599 ( 1.000000 * true ) with hc = 197.32705 MeV.fm,
  thus 2*amu/hbar^2 = 0.0478450 = 1/20.9008 and Coulomb constant = 0.1574855 so e^2 = 1.43997, and nuclear magneton= 0.1261183

 Now pre-scan input and save to file 3



 *********** PARTITION NUMBER  1 ******************************************************************************************

   PROJ=4He        MASS=  4.0000 Z=   2.0,        # STATES=    1T, TARG=4He      MASS=  4.0000 Z=   2.0,     Q-VALUE =   0.0000 MEV.

     1:  J= 0.0+ (B# 1), E=  0.0000, K= 0.0              Potl#  1       J= 0.0+ (B# 1), E=  0.0000, K= 0.0    


 *********** PARTITION NUMBER  2 ******************************************************************************************

   PROJ=n          MASS=  1.0000 Z=   0.0,        # STATES=    1T, TARG=7Be      MASS=  7.0000 Z=   4.0,     Q-VALUE = -18.9900 MEV.

     1:  J= 0.5+ (B# 1), E=  0.0000, K= 0.5              Potl#  2       J= 1.5- (B#-1), E=  0.0000, K= 0.5    
0****** WARNING : COMPARED WITH PARTITION  1, THIS PARTITION HAS TOTAL MASS & CHARGE EXCESSES  -0.02039 &   0.0000


 ************************************************************************************************************************************

 The following POTENTIALS are defined :

  KP#       TYPE      IT    SHAPE      at     V1        r1        a1        V2        r2        a2        A-in     A-used


                                            A#1       A#2        r0c       ac                                                h @ 1
    1    0=Coulomb       0=CHARGE (WS)  1     4.000     4.000    1.4000    0.0000    0.0000    0.0000     0.000    32.000   0.05000

    1    1=Volume        0=Woods-Saxon  2  120.0000    1.4000    0.5500   15.0000    1.4000    0.5500     0.000    32.000
   --------------------------------------------------------------------------------------------------------------------

                                            A#1       A#2        r0c       ac                                                h @ 2
    2    0=Coulomb       0=CHARGE (WS)  3     1.000     7.000    0.0000    0.0000    0.0000    0.0000     0.000    24.717   0.05000

    2    1=Volume        0=Woods-Saxon  4   48.0000    1.2000    0.6500    0.0000    1.2000    0.6500     0.000    24.717

    2    2=Surface       0=Woods-Saxon  5    0.0000    0.0000    0.0000    6.0000    1.3000    0.5000     0.000    24.717

    2    3=Projtl S.O.   0=Woods-Saxon  6    5.5000    1.0000    0.5000    0.0000    0.0000    0.0000     0.000    24.717
   --------------------------------------------------------------------------------------------------------------------

    3    1=Volume        0=Woods-Saxon  7   50.0000    1.2500    0.6500    0.0000    0.0000    0.0000     0.000    24.717

    3    3=Projtl S.O.   0=Woods-Saxon  8    6.0000    1.2500    0.6500    0.0000    0.0000    0.0000     0.000    24.717
   --------------------------------------------------------------------------------------------------------------------

    4    1=Volume        0=Woods-Saxon  9   50.0000    1.2500    0.6500    0.0000    0.0000    0.0000     0.000    24.717

    4    3=Projtl S.O.   0=Woods-Saxon 10    6.0000    1.2500    0.6500    0.0000    0.0000    0.0000     0.000    24.717


 ************************************************************************************************************************************

 The following SINGLE-PARTICLE FORM FACTORS are constructed :


 No.   P1 P2 IN KIND T N  L  S1 IA J/S  IB BIND XFER  BE    SC PC FIL AFRAC Adjust  to  Z  Mass   K     Norm    rms      D0     D   ANC/Gsp

    1:  2  1  1  0     1  0 0.5  1 0.5   0   3   0  20.5780  1  0  0 0.0000 VR  0.7477; 2. 3.000 0.8593 1.0000  2.579 -439.6-1093.5 11.0687

    2:  1  2  2  0     2  1 0.5  1 1.5   0   4   0   1.5870  1  0  0 0.0000 VR  0.7022; 2. 3.000 0.3608 1.0000  4.679   92.7  150.1-16.0626

 ************************************************************************************************************************************

 TWO-way COUPLING # 1 for partitions  2 <-  1 of KIND  7,   0 -1  5 -1 -1 & P1,P2 =    0.0000   0.0000 : for J <=    80.5 & R <  29.8 fm.


 data =  1  1  1  1  1.0000,  so  < [4He      #  1] / [n        #  1]  * Eigen-form #  1>  =   1.0000            BE = 20.578     1

 data =  2  1  1  2  1.0000,  so  < [7Be      #  1] / [4He      #  1]  * Eigen-form #  2>  =   1.0000            BE =  1.587     2
 KNT =   2, KNP =   1: NK,NG,loc=   1   1   1  11  T  T  F

     So FINITE-RANGE TRANSFER : IP1 = 0 (POST    ), IP2=-1 =COMPLEX     ,  for   1 pairs of bound states summed into   1 pairs
      The main coupling potential is that binding the transferred particle to the n        core.

          Using between n        & 4He      the potential No.   5, and subtracting optical potential No.  2

   A real*8 is            8  bytes
   NLL,NLN,NLO =         120         121         301
0File   9 needs RL =   72240    REAL*8 numbers, and NR =    88. i.e.    50.86 Megabytes
   File            9  RECL =      577920
0RECOMMENDED NON-LOCAL WIDTH IS GREATER THAN   12.20 FM.,  RECOMMENDED CENTRATION   1.20, after    0.34 secs.
0Relative non-local usages (rms) are
    0.000   0.000   0.000   0.000   0.000   0.000   0.000   0.000   0.000   0.000   0.000   0.000   0.000   0.000   0.000
    0.000   0.000   0.000   0.000   0.000   0.000   0.000   0.000   0.000   0.000   0.000   0.000   0.000   0.000   0.000
    0.000   0.000   0.000   0.000   0.000   0.000   0.000   0.000   0.000   0.000   0.000   0.000   0.000   0.000   0.000
    0.000   0.000   0.000   0.000   0.000   0.000   0.000   0.000   0.000   0.000   0.000   0.000   0.000   0.000   0.000
    0.000   0.000   0.000   0.000   0.000   0.000   0.000   0.000   0.000   0.000   0.000   0.000   0.000   0.000   0.000
    0.000   0.000   0.000   0.000   0.000   0.000   0.001   0.001   0.001   0.002   0.003   0.005   0.006   0.009   0.012
    0.014   0.022   0.028   0.039   0.052   0.063   0.096   0.120   0.167   0.223   0.266   0.398   0.493   0.674   0.885
    1.047   1.517   1.856   2.444   3.128   3.647   4.953   5.909   7.336   8.967  10.197  12.757  14.660  17.125  19.854
   21.876  25.543  28.263  31.490  34.978  37.503  41.815  44.994  48.622  52.516  55.287  59.928  63.315  67.084  71.071
   73.831  78.314  81.483  84.794  88.183  90.288  93.587  95.594  97.383  98.939  99.288 100.000  99.516  98.196  96.260
   93.695  90.783  87.201  82.652  77.504  71.954  66.183  60.433  54.899  49.518  44.395  39.665  35.425  31.793  28.839
   26.591  25.018  24.020  23.451  23.146  22.970  22.812  22.596  22.277  21.831  21.257  20.563  19.764  18.882  17.939
   16.955  15.951  14.944  13.950  12.979  12.042  11.144  10.292   9.486   8.729   8.021   7.361   6.747   6.177   5.650
    5.163   4.713   4.299   3.917   3.566   3.243   2.947   2.675   2.426   2.198   1.989   1.798   1.624   1.465   1.321
    1.189   1.070   0.961   0.863   0.774   0.694   0.621   0.556   0.497   0.444   0.396   0.353   0.315   0.280   0.250
    0.222   0.198   0.176   0.156   0.139   0.123   0.109   0.097   0.086   0.076   0.068   0.060   0.053   0.047   0.042
    0.037   0.033   0.029   0.026   0.023   0.020   0.018   0.016   0.014   0.012   0.011   0.010   0.009   0.008   0.007
    0.006   0.005   0.005   0.004   0.004   0.003   0.003   0.003   0.002   0.002   0.002   0.002   0.001   0.001   0.001
    0.001   0.001   0.001   0.001   0.001   0.001   0.000   0.000   0.000   0.000   0.000   0.000   0.000   0.000   0.000
    0.000   0.000   0.000   0.000   0.000   0.000   0.000   0.000   0.000   0.000   0.000   0.000   0.000   0.000   0.000
    0.000

 Incoming partition  1 in excitation state # 1,   Laboratory Energy given for partition  1 Nucleus 1 in Excitation pair 1

0Lab. ENERGY ranges :

   from    125.000     to   0.00000     in     0 intervals
   from    0.00000     to   0.00000     in     0 intervals
   from    0.00000     to   0.00000     in     0 intervals

 Largest real,imaginary parts of any form factor at R=   29.50 are   4.88E-02  2.46E-19 MeV
 Finished all Couplings @   0.359375000              10

 Symmetric Hamiltonian
1***********************************************************************************************************************************
************************************************************************************************************************************

        INCOMING 4He      ;    LABORATORY 4He      ENERGY =   125.00     MeV.

 ***********************************************************************************************************************************
 ***********************************************************************************************************************************


  NOTE: Coulomb excitation cut off below   0.160 deg by JTMAX, and below   0.176 deg by Rmax

 Allocate arrays for            2  channels, of which            2  need wfs.

 ######################################################################################################################
 #                                                                                                                    #
 # Total SPIN and PARITY =     0.0 +,      2 channels,    0 in 1st block.  Rmin & Coul turning =    0.0    0.1 fm.  #
 #                                                                                                                    #
 ######################################################################################################################



    C Projectl Target   #   EX.   (L  Proj) J  + Targ = Jtotal     E-cm      Re K     Re Eta     RM*K            CH
    1 4He      4He      #    1: I   0 0.0    0.0  0.0     0.0    62.50000   2.44553   0.11269   73.3660   0.23231  -0.44319 1 1 1   1
    2 n        7Be      #    1:     1 0.5    1.5  1.5     0.0    44.15571   1.35962   0.00000   40.7885  -0.49996   0.01387 2 1 2   1
   S-matrix    1 =   -0.12558  -0.15244 for L=    0, J=    0.0 channel on core I =   0.0 from L=    0,  Acc. loss =  0.0 D.
 Elastic phase shift   1 =  -64.741  46.467 deg. for the L =    0, J =    0.0 channel.
       0.0 -0.12557798 -0.15243978i: elastic S-matrix  @@      0.02  0   0 F  0
 Reaction Xsec     0.0+/ 0 @ 1 =   5.048 , Out:   0.000#   0.013/   5.048f

 Allocate arrays for            4  channels, of which            4  need wfs.

 Total SPIN, PARITY =     1.0 -,      4 chs,      0 cc.  Rmin & Coul turning =    0.2    0.6
   S-matrix    1 =   -0.17114  -0.10305 for L=    1, J=    1.0 channel on core I =   0.0 from L=    1,  Acc. loss =  0.0 D.
 Elastic phase shift   1 =  -74.474  46.140 deg. for the L =    1, J =    1.0 channel.
       1.0 -0.17114076 -0.10304704i: elastic S-matrix  @@      0.03  0   0 F  0
 Reaction Xsec     1.0-/ 1 @ 1 =  15.130 , Out:   0.000#   0.145/  15.130f

 Allocate arrays for            5  channels, of which            5  need wfs.

 Total SPIN, PARITY =     2.0 +,      5 chs,      0 cc.  Rmin & Coul turning =    0.3    1.0
   S-matrix    1 =   -0.19320  -0.05603 for L=    2, J=    2.0 channel on core I =   0.0 from L=    2,  Acc. loss =  0.0 D.
 Elastic phase shift   1 =  -81.914  45.941 deg. for the L =    2, J =    2.0 channel.
       2.0 -0.19320432 -0.05603201i: elastic S-matrix  @@      0.02  0   0 F  0
 Reaction Xsec     2.0+/ 2 @ 1 =  25.202 , Out:   0.000#   0.074/  25.202f


 Total SPIN, PARITY =     3.0 -,      5 chs,      0 cc.  Rmin & Coul turning =    0.5    1.5
   S-matrix    1 =   -0.20406   0.00095 for L=    3, J=    3.0 channel on core I =   0.0 from L=    3,  Acc. loss =  0.0 D.
 Elastic phase shift   1 =   89.866  45.531 deg. for the L =    3, J =    3.0 channel.
       3.0 -0.20406071  0.00095255i: elastic S-matrix  @@      0.03  0   0 F  0
 Reaction Xsec     3.0-/ 3 @ 1 =  35.239 , Out:   0.000#   0.195/  35.239f


 Total SPIN, PARITY =     4.0 +,      5 chs,      0 cc.  Rmin & Coul turning =    0.6    1.9
   S-matrix    1 =   -0.19299   0.07182 for L=    4, J=    4.0 channel on core I =   0.0 from L=    4,  Acc. loss =  0.0 D.
 Elastic phase shift   1 =   79.793  45.272 deg. for the L =    4, J =    4.0 channel.
       4.0 -0.19298643  0.07182284i: elastic S-matrix  @@      0.02  0   0 F  0
 Reaction Xsec     4.0+/ 4 @ 1 =  45.272 , Out:   0.000#   0.146/  45.272f


 Total SPIN, PARITY =     5.0 -,      5 chs,      0 cc.  Rmin & Coul turning =    0.8    2.3
   S-matrix    1 =   -0.14822   0.14945 for L=    5, J=    5.0 channel on core I =   0.0 from L=    5,  Acc. loss =  0.0 D.
 Elastic phase shift   1 =   67.382  44.644 deg. for the L =    5, J =    5.0 channel.
       5.0 -0.14821573  0.14944733i: elastic S-matrix  @@      0.03  0   0 F  0
 Reaction Xsec     5.0-/ 5 @ 1 =  55.223 , Out:   0.000#   0.088/  55.222f


 Total SPIN, PARITY =     6.0 +,      5 chs,      0 cc.  Rmin & Coul turning =    0.9    2.7
   S-matrix    1 =   -0.05703   0.20620 for L=    6, J=    6.0 channel on core I =   0.0 from L=    6,  Acc. loss =  0.0 D.
 Elastic phase shift   1 =   52.729  44.176 deg. for the L =    6, J =    6.0 channel.
       6.0 -0.05702568  0.20620389i: elastic S-matrix  @@      0.05  0   0 F  0
 Reaction Xsec     6.0+/ 6 @ 1 =  65.163 , Out:   0.000#   0.179/  65.162f


 Total SPIN, PARITY =     7.0 -,      5 chs,      0 cc.  Rmin & Coul turning =    1.1    3.1
   S-matrix    1 =    0.07724   0.20517 for L=    7, J=    7.0 channel on core I =   0.0 from L=    7,  Acc. loss =  0.0 D.
 Elastic phase shift   1 =   34.685  43.477 deg. for the L =    7, J =    7.0 channel.
       7.0  0.07724408  0.20516938i: elastic S-matrix  @@      0.03  0   0 F  0
 Reaction Xsec     7.0-/ 7 @ 1 =  75.007 , Out:   0.000#   0.171/  75.007f


 Total SPIN, PARITY =     8.0 +,      5 chs,      0 cc.  Rmin & Coul turning =    1.2    3.5
   S-matrix    1 =    0.20003   0.10809 for L=    8, J=    8.0 channel on core I =   0.0 from L=    8,  Acc. loss =  0.0 D.
 Elastic phase shift   1 =   14.193  42.433 deg. for the L =    8, J =    8.0 channel.
       8.0  0.20002639  0.10808979i: elastic S-matrix  @@      0.03  0   0 F  0
 Reaction Xsec     8.0+/ 8 @ 1 =  84.684 , Out:   0.000#   0.105/  84.684f


 Total SPIN, PARITY =     9.0 -,      5 chs,      0 cc.  Rmin & Coul turning =    1.4    3.9
   S-matrix    1 =    0.21105  -0.08436 for L=    9, J=    9.0 channel on core I =   0.0 from L=    9,  Acc. loss =  0.0 D.
 Elastic phase shift   1 =  -10.894  42.443 deg. for the L =    9, J =    9.0 channel.
       9.0  0.21104740 -0.08436402i: elastic S-matrix  @@      0.03  0   0 F  0
 Reaction Xsec     9.0-/ 9 @ 1 =  94.650 , Out:   0.000#   0.020/  94.650f


 Total SPIN, PARITY =    10.0 +,      5 chs,      0 cc.  Rmin & Coul turning =    1.5    4.3
   S-matrix    1 =    0.03541  -0.24419 for L=   10, J=   10.0 channel on core I =   0.0 from L=   10,  Acc. loss =  0.0 D.
 Elastic phase shift   1 =  -40.874  40.090 deg. for the L =   10, J =   10.0 channel.
      10.0  0.03541128 -0.24419346i: elastic S-matrix  @@      0.05  0   0 F  0
 Reaction Xsec    10.0+/10 @ 1 = 103.596 , Out:   0.000#   3.160# 103.596f


 Total SPIN, PARITY =    11.0 -,      5 chs,      0 cc.  Rmin & Coul turning =    1.7    4.7
   S-matrix    1 =   -0.19866  -0.13593 for L=   11, J=   11.0 channel on core I =   0.0 from L=   11,  Acc. loss =  0.0 D.
 Elastic phase shift   1 =  -72.809  40.799 deg. for the L =   11, J =   11.0 channel.
      11.0 -0.19865564 -0.13593167i: elastic S-matrix  @@      0.05  0   0 F  0
 Reaction Xsec    11.0-/11 @ 1 = 113.817 , Out:   0.000#   1.082# 113.817f


 Total SPIN, PARITY =    12.0 +,      5 chs,      0 cc.  Rmin & Coul turning =    1.8    5.2
   S-matrix    1 =   -0.08024   0.21834 for L=   12, J=   12.0 channel on core I =   0.0 from L=   12,  Acc. loss =  0.0 D.
 Elastic phase shift   1 =   55.089  41.779 deg. for the L =   12, J =   12.0 channel.
      12.0 -0.08023671  0.21834465i: elastic S-matrix  @@      0.05  0   0 F  0
 Reaction Xsec    12.0+/12 @ 1 = 124.217 , Out:   0.000#   0.094# 124.217f


 Total SPIN, PARITY =    13.0 -,      5 chs,      0 cc.  Rmin & Coul turning =    2.0    5.6
   S-matrix    1 =    0.33318   0.16402 for L=   13, J=   13.0 channel on core I =   0.0 from L=   13,  Acc. loss =  0.0 D.
 Elastic phase shift   1 =   13.105  28.378 deg. for the L =   13, J =   13.0 channel.
      13.0  0.33318388  0.16401825i: elastic S-matrix  @@      0.05  0   0 F  0
 Reaction Xsec    13.0-/13 @ 1 = 122.269 , Out:   0.000#   0.015# 122.269f


 Total SPIN, PARITY =    14.0 +,      5 chs,      0 cc.  Rmin & Coul turning =    2.1    6.0
   S-matrix    1 =    0.10500   0.22853 for L=   14, J=   14.0 channel on core I =   0.0 from L=   14,  Acc. loss =  0.0 D.
 Elastic phase shift   1 =   32.662  39.543 deg. for the L =   14, J =   14.0 channel.
      14.0  0.10499594  0.22853345i: elastic S-matrix  @@      0.03  0   0 F  0
 Reaction Xsec    14.0+/14 @ 1 = 142.700 , Out:   0.000#   0.003# 142.700f


 Total SPIN, PARITY =    15.0 -,      5 chs,      0 cc.  Rmin & Coul turning =    2.2    6.4
   S-matrix    1 =    0.73970   0.46039 for L=   15, J=   15.0 channel on core I =   0.0 from L=   15,  Acc. loss =  0.0 D.
 Elastic phase shift   1 =   15.949   3.948 deg. for the L =   15, J =   15.0 channel.
      15.0  0.73970435  0.46038660i: elastic S-matrix  @@      0.03  0   0 F  0
 Reaction Xsec    15.0-/15 @ 1 =  39.225 , Out:   0.000#   0.002#  39.225f


 Total SPIN, PARITY =    16.0 +,      5 chs,      0 cc.  Rmin & Coul turning =    2.4    6.8
   S-matrix    1 =    0.93796   0.21987 for L=   16, J=   16.0 channel on core I =   0.0 from L=   16,  Acc. loss =  0.0 D.
 Elastic phase shift   1 =    6.596   1.069 deg. for the L =   16, J =   16.0 channel.
      16.0  0.93796273  0.21987442i: elastic S-matrix  @@      0.05  0   0 F  0
 Reaction Xsec    16.0+/16 @ 1 =  12.460 , Out:   0.000#   0.001#  12.460f


 Total SPIN, PARITY =    17.0 -,      5 chs,      0 cc.  Rmin & Coul turning =    2.6    7.2
   S-matrix    1 =    0.97985   0.10370 for L=   17, J=   17.0 channel on core I =   0.0 from L=   17,  Acc. loss =  0.0 D.
 Elastic phase shift   1 =    3.021   0.424 deg. for the L =   17, J =   17.0 channel.
      17.0  0.97984582  0.10369536i: elastic S-matrix  @@      0.03  0   0 F  0
 Reaction Xsec    17.0-/17 @ 1 =   5.359 , Out:   0.000#   0.000#   5.359f


 Total SPIN, PARITY =    18.0 +,      5 chs,      0 cc.  Rmin & Coul turning =    2.7    7.6
   S-matrix    1 =    0.99212   0.04995 for L=   18, J=   18.0 channel on core I =   0.0 from L=   18,  Acc. loss =  0.0 D.
 Elastic phase shift   1 =    1.441   0.190 deg. for the L =   18, J =   18.0 channel.
      18.0  0.99211708  0.04994786i: elastic S-matrix  @@      0.03  0   0 F  0
 Reaction Xsec    18.0+/18 @ 1 =   2.567 , Out:   0.000#   0.000#   2.567f


 Total SPIN, PARITY =    19.0 -,      5 chs,      0 cc.  Rmin & Coul turning =    2.9    8.0
   S-matrix    1 =    0.99657   0.02435 for L=   19, J=   19.0 channel on core I =   0.0 from L=   19,  Acc. loss =  0.0 D.
 Elastic phase shift   1 =    0.700   0.090 deg. for the L =   19, J =   19.0 channel.
      19.0  0.99656626  0.02435429i: elastic S-matrix  @@      0.02  0   0 F  0
 Reaction Xsec    19.0-/19 @ 1 =   1.283 , Out:   0.000#   0.001#   1.283f


 Total SPIN, PARITY =    20.0 +,      5 chs,      0 cc.  Rmin & Coul turning =    3.0    8.4
   S-matrix    1 =    0.99841   0.01195 for L=   20, J=   20.0 channel on core I =   0.0 from L=   20,  Acc. loss =  0.0 D.
 Elastic phase shift   1 =    0.343   0.043 deg. for the L =   20, J =   20.0 channel.
      20.0  0.99841220  0.01194762i: elastic S-matrix  @@      0.03  0   0 F  0
 Reaction Xsec    20.0+/20 @ 1 =   0.653 , Out:   0.000#   0.001#   0.653f


 Total SPIN, PARITY =    21.0 -,      5 chs,      0 cc.  Rmin & Coul turning =    3.2    8.8
   S-matrix    1 =    0.99924   0.00588 for L=   21, J=   21.0 channel on core I =   0.0 from L=   21,  Acc. loss =  0.0 D.
 Elastic phase shift   1 =    0.169   0.021 deg. for the L =   21, J =   21.0 channel.
      21.0  0.99924222  0.00587768i: elastic S-matrix  @@      0.05  0   0 F  0
 Reaction Xsec    21.0-/21 @ 1 =   0.334 , Out:   0.000#   0.002#   0.334f


 Total SPIN, PARITY =    22.0 +,      5 chs,      0 cc.  Rmin & Coul turning =    3.3    9.2
   S-matrix    1 =    0.99963   0.00289 for L=   22, J=   22.0 channel on core I =   0.0 from L=   22,  Acc. loss =  0.0 D.
 Elastic phase shift   1 =    0.083   0.010 deg. for the L =   22, J =   22.0 channel.
      22.0  0.99963250  0.00289473i: elastic S-matrix  @@      0.02  0   0 F  0
 Reaction Xsec    22.0+/22 @ 1 =   0.172 , Out:   0.000#   0.022#   0.172f


 Total SPIN, PARITY =    23.0 -,      5 chs,      0 cc.  Rmin & Coul turning =    3.5    9.7
   S-matrix    1 =    0.99982   0.00143 for L=   23, J=   23.0 channel on core I =   0.0 from L=   23,  Acc. loss =  0.0 D.
 Elastic phase shift   1 =    0.041   0.005 deg. for the L =   23, J =   23.0 channel.
      23.0  0.99982037  0.00142596i: elastic S-matrix  @@      0.02  0   0 F  0
 Reaction Xsec    23.0-/23 @ 1 =   0.088 , Out:   0.000#   0.567#   0.088f


 Total SPIN, PARITY =    24.0 +,      5 chs,      0 cc.  Rmin & Coul turning =    3.6   10.1
   S-matrix    1 =    0.99991   0.00070 for L=   24, J=   24.0 channel on core I =   0.0 from L=   24,  Acc. loss =  0.0 D.
 Elastic phase shift   1 =    0.020   0.003 deg. for the L =   24, J =   24.0 channel.
      24.0  0.99991188  0.00070229i: elastic S-matrix  @@      0.05  0   0 F  0
 Reaction Xsec    24.0+/24 @ 1 =   0.045 , Out:   0.000#   0.058/   0.045f


 Total SPIN, PARITY =    25.0 -,      5 chs,      0 cc.  Rmin & Coul turning =    3.8   10.5
   S-matrix    1 =    0.99996   0.00035 for L=   25, J=   25.0 channel on core I =   0.0 from L=   25,  Acc. loss =  0.0 D.
 Elastic phase shift   1 =    0.010   0.001 deg. for the L =   25, J =   25.0 channel.
      25.0  0.99995671  0.00034575i: elastic S-matrix  @@      0.03  0   0 F  0
 Reaction Xsec    25.0-/25 @ 1 =   0.023 , Out:   0.000#   7.496#   0.023f


 Total SPIN, PARITY =    26.0 +,      5 chs,      0 cc.  Rmin & Coul turning =    3.9   10.9
   S-matrix    1 =    0.99998   0.00017 for L=   26, J=   26.0 channel on core I =   0.0 from L=   26,  Acc. loss =  0.0 D.
 Elastic phase shift   1 =    0.005   0.001 deg. for the L =   26, J =   26.0 channel.
      26.0  0.99997872  0.00017014i: elastic S-matrix  @@      0.02  0   0 F  0
 Reaction Xsec    26.0+/26 @ 1 =   0.012 , Out:   0.000#   1.043/   0.011f


 Total SPIN, PARITY =    27.0 -,      5 chs,      0 cc.  Rmin & Coul turning =    4.0   11.3
   S-matrix    1 =    0.99999   0.00008 for L=   27, J=   27.0 channel on core I =   0.0 from L=   27,  Acc. loss =  0.0 D.
 Elastic phase shift   1 =    0.002   0.000 deg. for the L =   27, J =   27.0 channel.
      27.0  0.99998954  0.00008369i: elastic S-matrix  @@      0.03  0   0 F  0
 Reaction Xsec    27.0-/27 @ 1 =   6.041/, Out:   0.000#   3.663/   0.002f


 Total SPIN, PARITY =    28.0 +,      5 chs,      0 cc.  Rmin & Coul turning =    4.2   11.7
   S-matrix    1 =    0.99999   0.00004 for L=   28, J=   28.0 channel on core I =   0.0 from L=   28,  Acc. loss =  0.0 D.
 Elastic phase shift   1 =    0.001   0.000 deg. for the L =   28, J =   28.0 channel.
0****** WARNING : ACCURACY LOSS IN ERWIN = 14.2 DIGITS, SO EXPECT ERRORS OF   0.0014 % OF UNITARITY

      28.0  0.99999486  0.00004116i: elastic S-matrix  @@      0.05  0   0 F  0
 Reaction Xsec    28.0+/28 @ 1 =   3.077/, Out:   0.000#   3.416/  -0.000f


 Total SPIN, PARITY =    29.0 -,      5 chs,      0 cc.  Rmin & Coul turning =    4.4   12.1
   S-matrix    1 =    1.00000   0.00002 for L=   29, J=   29.0 channel on core I =   0.0 from L=   29,  Acc. loss =  0.0 D.
 Elastic phase shift   1 =    0.001   0.000 deg. for the L =   29, J =   29.0 channel.
      29.0  0.99999748  0.00002024i: elastic S-matrix  @@      0.03  0   0 F  0
 Reaction Xsec    29.0-/29 @ 1 =   1.564/, Out:   0.000#   0.327   -0.325f


 Total SPIN, PARITY =    30.0 +,      5 chs,      0 cc.  Rmin & Coul turning =    4.5   12.5
   S-matrix    1 =    1.00000   0.00001 for L=   30, J=   30.0 channel on core I =   0.0 from L=   30,  Acc. loss =  0.0 D.
 Elastic phase shift   1 =    0.000   0.000 deg. for the L =   30, J =   30.0 channel.
0****** WARNING : ACCURACY LOSS IN ERWIN = 14.5 DIGITS, SO EXPECT ERRORS OF   0.0934 % OF UNITARITY

      30.0  0.99999876  0.00000996i: elastic S-matrix  @@      0.03  0   0 F  0
 Reaction Xsec    30.0+/30 @ 1 =   0.794/, Out:   0.000#   0.224   -0.223f


 Total SPIN, PARITY =    31.0 -,      5 chs,      0 cc.  Rmin & Coul turning =    4.7   12.9
   S-matrix    1 =    1.00000   0.00000 for L=   31, J=   31.0 channel on core I =   0.0 from L=   31,  Acc. loss =  0.0 D.
 Elastic phase shift   1 =    0.000   0.000 deg. for the L =   31, J =   31.0 channel.
      31.0  0.99999939  0.00000491i: elastic S-matrix  @@      0.02  0   0 F  0
 Reaction Xsec    31.0-/31 @ 1 =   0.402/, Out:   0.000#   5.535   -5.535f


 Total SPIN, PARITY =    32.0 +,      5 chs,      0 cc.  Rmin & Coul turning =    4.8   13.3
   S-matrix    1 =    1.00000   0.00000 for L=   32, J=   32.0 channel on core I =   0.0 from L=   32,  Acc. loss =  0.0 D.
 Elastic phase shift   1 =    0.000   0.000 deg. for the L =   32, J =   32.0 channel.
0****** WARNING : ACCURACY LOSS IN ERWIN = 14.6 DIGITS, SO EXPECT ERRORS OF   0.1218 % OF UNITARITY

      32.0  0.99999970  0.00000243i: elastic S-matrix  @@      0.03  0   0 F  0
 Reaction Xsec    32.0+/32 @ 1 =   0.204/, Out:   0.000#   2.892   -2.892f


 Total SPIN, PARITY =    33.0 -,      5 chs,      0 cc.  Rmin & Coul turning =    5.0   13.7
   S-matrix    1 =    1.00000   0.00000 for L=   33, J=   33.0 channel on core I =   0.0 from L=   33,  Acc. loss =  0.0 D.
 Elastic phase shift   1 =    0.000   0.000 deg. for the L =   33, J =   33.0 channel.
0****** WARNING : ACCURACY LOSS IN ERWIN = 15.1 DIGITS, SO EXPECT ERRORS OF   0.2394 % OF UNITARITY

      33.0  0.99999985  0.00000121i: elastic S-matrix  @@      0.03  0   0 F  0
 Reaction Xsec    33.0-/33 @ 1 =   0.103/, Out:   0.000#  90.435  -90.435f


 Total SPIN, PARITY =    34.0 +,      5 chs,      0 cc.  Rmin & Coul turning =    5.1   14.2
   S-matrix    1 =    1.00000   0.00000 for L=   34, J=   34.0 channel on core I =   0.0 from L=   34,  Acc. loss =  0.0 D.
 Elastic phase shift   1 =    0.000   0.000 deg. for the L =   34, J =   34.0 channel.
      34.0  0.99999993  0.00000061i: elastic S-matrix  @@      0.03  0   0 F  0
 Reaction Xsec    34.0+/34 @ 1 =   0.052/, Out:   0.000#2717.097 ********f


 Total SPIN, PARITY =    35.0 -,      5 chs,      0 cc.  Rmin & Coul turning =    5.2   14.6
   S-matrix    1 =    1.00000   0.00000 for L=   35, J=   35.0 channel on core I =   0.0 from L=   35,  Acc. loss =  0.0 D.
 Elastic phase shift   1 =    0.000   0.000 deg. for the L =   35, J =   35.0 channel.
0****** WARNING : ACCURACY LOSS IN ERWIN = 14.4 DIGITS, SO EXPECT ERRORS OF   0.9503 % OF UNITARITY

      35.0  0.99999996  0.00000031i: elastic S-matrix  @@      0.05  0   0 F  0
 Reaction Xsec    35.0-/35 @ 1 =   0.026/, Out:   0.000#  12.455  -12.455f


 Total SPIN, PARITY =    36.0 +,      5 chs,      0 cc.  Rmin & Coul turning =    5.4   15.0
   S-matrix    1 =    1.00000   0.00000 for L=   36, J=   36.0 channel on core I =   0.0 from L=   36,  Acc. loss =  0.0 D.
 Elastic phase shift   1 =    0.000   0.000 deg. for the L =   36, J =   36.0 channel.
      36.0  0.99999998  0.00000017i: elastic S-matrix  @@      0.03  0   0 F  0
 Reaction Xsec    36.0+/36 @ 1 =   0.013/, Out:   0.000#2495.190 ********f


 Total SPIN, PARITY =    37.0 -,      5 chs,      0 cc.  Rmin & Coul turning =    5.6   15.4
   S-matrix    1 =    1.00000   0.00000 for L=   37, J=   37.0 channel on core I =   0.0 from L=   37,  Acc. loss =  0.0 D.
 Elastic phase shift   1 =    0.000   0.000 deg. for the L =   37, J =   37.0 channel.
0****** WARNING : ACCURACY LOSS IN ERWIN = 14.2 DIGITS, SO EXPECT ERRORS OF  25.3477 % OF UNITARITY

   148818181978514.09        380519971245050.69        2.2204460492503131E-016
 Increase lower cutoff: eg CUTL. Continuing.
      37.0  0.99999999  0.00000010i: elastic S-matrix  @@      0.05  0   0 F  0
 Reaction Xsec    37.0-/37 @ 1 =   6.629#, Out:   0.000#9045.916 ********f


 Total SPIN, PARITY =    38.0 +,      5 chs,      0 cc.  Rmin & Coul turning =    5.7   15.8
   S-matrix    1 =    1.00000   0.00000 for L=   38, J=   38.0 channel on core I =   0.0 from L=   38,  Acc. loss =  0.0 D.
 Elastic phase shift   1 =    0.000   0.000 deg. for the L =   38, J =   38.0 channel.
0****** WARNING : ACCURACY LOSS IN ERWIN = 14.6 DIGITS, SO EXPECT ERRORS OF  39.0534 % OF UNITARITY

   439712375359337.25        586269458082780.75        2.2204460492503131E-016
 Increase lower cutoff: eg CUTL. Continuing.
      38.0  1.00000000  0.00000005i: elastic S-matrix  @@      0.03  0   0 F  0
 Reaction Xsec    38.0+/38 @ 1 =   3.331#, Out:   0.000#******** ********f


 Total SPIN, PARITY =    39.0 -,      5 chs,      0 cc.  Rmin & Coul turning =    5.9   16.2
   S-matrix    1 =    1.00000   0.00000 for L=   39, J=   39.0 channel on core I =   0.0 from L=   39,  Acc. loss =  0.0 D.
 Elastic phase shift   1 =    0.000   0.000 deg. for the L =   39, J =   39.0 channel.
0****** WARNING : ACCURACY LOSS IN ERWIN = 14.9 DIGITS, SO EXPECT ERRORS OF 317.0788 % OF UNITARITY

   863280635973176.62        4759985821977654.0        2.2204460492503131E-016
 Increase lower cutoff: eg CUTL. Continuing.
      39.0  1.00000000  0.00000004i: elastic S-matrix  @@      0.02  0   0 F  0
 Reaction Xsec    39.0-/39 @ 1 =   1.672#, Out:   0.000#******** ********f


 Total SPIN, PARITY =    40.0 +,      5 chs,      0 cc.  Rmin & Coul turning =    6.0   16.6
   S-matrix    1 =    1.00000   0.00000 for L=   40, J=   40.0 channel on core I =   0.0 from L=   40,  Acc. loss =  0.0 D.
 Elastic phase shift   1 =    0.000   0.000 deg. for the L =   40, J =   40.0 channel.
0****** WARNING : ACCURACY LOSS IN ERWIN = 14.3 DIGITS, SO EXPECT ERRORS OF  43.0261 % OF UNITARITY

   195919680935491.53        645907471913599.62        2.2204460492503131E-016
 Increase lower cutoff: eg CUTL. Continuing.
      40.0  1.00000000  0.00000003i: elastic S-matrix  @@      0.03  0   0 F  0
 Reaction Xsec    40.0+/40 @ 1 =   0.838#, Out:   0.000#******** ********f


 Total SPIN, PARITY =    41.0 -,      5 chs,      0 cc.  Rmin & Coul turning =    6.2   17.0
   S-matrix    1 =    1.00000   0.00000 for L=   41, J=   41.0 channel on core I =   0.0 from L=   41,  Acc. loss =  0.0 D.
 Elastic phase shift   1 =    0.000   0.000 deg. for the L =   41, J =   41.0 channel.
0****** WARNING : ACCURACY LOSS IN ERWIN = 14.8 DIGITS, SO EXPECT ERRORS OF 473.9928 % OF UNITARITY

   656652038800166.88        7115579667290189.0        2.2204460492503131E-016
 Increase lower cutoff: eg CUTL. Continuing.
      41.0  1.00000000  0.00000002i: elastic S-matrix  @@      0.00  0   0 F  0
 Reaction Xsec    41.0-/41 @ 1 =   0.420#, Out:   0.000#******** ********f


 Total SPIN, PARITY =    42.0 +,      5 chs,      0 cc.  Rmin & Coul turning =    6.3   17.4
   S-matrix    1 =    1.00000   0.00000 for L=   42, J=   42.0 channel on core I =   0.0 from L=   42,  Acc. loss =  0.0 D.
 Elastic phase shift   1 =    0.000   0.000 deg. for the L =   42, J =   42.0 channel.
0****** WARNING : ACCURACY LOSS IN ERWIN = 14.5 DIGITS, SO EXPECT ERRORS OF4337.8442 % OF UNITARITY

   330747087355486.62        65119711089138640.        2.2204460492503131E-016
 Increase lower cutoff: eg CUTL. Continuing.
      42.0  1.00000000  0.00000002i: elastic S-matrix  @@      0.03  0   0 F  0
 Reaction Xsec    42.0+/42 @ 1 =   0.210#, Out:   0.000#******** ********f


 Total SPIN, PARITY =    43.0 -,      5 chs,      0 cc.  Rmin & Coul turning =    6.5   17.8
   S-matrix    1 =    1.00000   0.00000 for L=   43, J=   43.0 channel on core I =   0.0 from L=   43,  Acc. loss =  0.0 D.
 Elastic phase shift   1 =    0.000   0.000 deg. for the L =   43, J =   43.0 channel.
0****** WARNING : ACCURACY LOSS IN ERWIN = 16.5 DIGITS, SO EXPECT ERRORS OF1901.0247 % OF UNITARITY

   30949930267895640.        28538180246861764.        2.2204460492503131E-016
 Increase lower cutoff: eg CUTL. Continuing.
      43.0  1.00000000  0.00000002i: elastic S-matrix  @@      0.02  0   0 F  0
 Reaction Xsec    43.0-/43 @ 1 =   0.105#, Out:   0.000#******** ********f


 Total SPIN, PARITY =    44.0 +,      5 chs,      0 cc.  Rmin & Coul turning =    6.6   18.2
   S-matrix    1 =    1.00000   0.00000 for L=   44, J=   44.0 channel on core I =   0.0 from L=   44,  Acc. loss =  0.0 D.
 Elastic phase shift   1 =    0.000   0.000 deg. for the L =   44, J =   44.0 channel.
0****** WARNING : ACCURACY LOSS IN ERWIN = 16.2 DIGITS, SO EXPECT ERRORS OF3848.5119 % OF UNITARITY

   17736535739612528.        57773856127250328.        2.2204460492503131E-016
 Increase lower cutoff: eg CUTL. Continuing.
      44.0  1.00000000  0.00000001i: elastic S-matrix  @@      0.02  0   0 F  0
 Reaction Xsec    44.0+/44 @ 1 =   0.053#, Out:   0.000#******** ********f


 Total SPIN, PARITY =    45.0 -,      5 chs,      0 cc.  Rmin & Coul turning =    6.8   18.7
   S-matrix    1 =    1.00000   0.00000 for L=   45, J=   45.0 channel on core I =   0.0 from L=   45,  Acc. loss =  0.0 D.
 Elastic phase shift   1 =    0.000   0.000 deg. for the L =   45, J =   45.0 channel.
0****** WARNING : ACCURACY LOSS IN ERWIN = 14.8 DIGITS, SO EXPECT ERRORS OF 498.0876 % OF UNITARITY

   623070748503225.50        7477289908099829.0        2.2204460492503131E-016
 Increase lower cutoff: eg CUTL. Continuing.
      45.0  1.00000000  0.00000000i: elastic S-matrix  @@      0.02  0   0 F  0
 Reaction Xsec    45.0-/45 @ 1 =   0.026#, Out:   0.000#******** ********f


 Total SPIN, PARITY =    46.0 +,      5 chs,      0 cc.  Rmin & Coul turning =    6.9   19.1
   S-matrix    1 =    1.00000   0.00000 for L=   46, J=   46.0 channel on core I =   0.0 from L=   46,  Acc. loss =  0.0 D.
 Elastic phase shift   1 =    0.000   0.000 deg. for the L =   46, J =   46.0 channel.
0****** WARNING : ACCURACY LOSS IN ERWIN = 15.4 DIGITS, SO EXPECT ERRORS OF 616.2200 % OF UNITARITY

   2331885521264940.5        9250693164593446.0        2.2204460492503131E-016
 Increase lower cutoff: eg CUTL. Continuing.
      46.0  1.00000000  0.00000001i: elastic S-matrix  @@      0.02  0   0 F  0
 Reaction Xsec    46.0+/46 @ 1 =   0.013#, Out:   0.000#******** ********f


 Total SPIN, PARITY =    47.0 -,      5 chs,      0 cc.  Rmin & Coul turning =    7.1   19.5
   S-matrix    1 =    1.00000   0.00000 for L=   47, J=   47.0 channel on core I =   0.0 from L=   47,  Acc. loss =  0.0 D.
 Elastic phase shift   1 =    0.000   0.000 deg. for the L =   47, J =   47.0 channel.
0****** WARNING : ACCURACY LOSS IN ERWIN = 14.7 DIGITS, SO EXPECT ERRORS OF 379.4775 % OF UNITARITY

   484831432337714.81        5696716012977682.0        2.2204460492503131E-016
 Increase lower cutoff: eg CUTL. Continuing.
      47.0  1.00000000  0.00000001i: elastic S-matrix  @@      0.02  0   0 F  0
 Reaction Xsec    47.0-/47 @ 1 =   0.007#, Out:   0.000#******** ********f


 Total SPIN, PARITY =    48.0 +,      5 chs,      0 cc.  Rmin & Coul turning =    7.2   19.9
   S-matrix    1 =    1.00000  -0.00000 for L=   48, J=   48.0 channel on core I =   0.0 from L=   48,  Acc. loss =  0.0 D.
 Elastic phase shift   1 =   -0.000   0.000 deg. for the L =   48, J =   48.0 channel.
0****** WARNING : ACCURACY LOSS IN ERWIN = 14.7 DIGITS, SO EXPECT ERRORS OF 163.2257 % OF UNITARITY

   456984594693150.69        2450344750440618.0        2.2204460492503131E-016
 Increase lower cutoff: eg CUTL. Continuing.
      48.0  1.00000000 -0.00000001i: elastic S-matrix  @@      0.03  0   0 F  0
 Reaction Xsec    48.0+/48 @ 1 =   0.003#, Out:   0.000#******** ********f


 Total SPIN, PARITY =    49.0 -,      5 chs,      0 cc.  Rmin & Coul turning =    7.4   20.3
   S-matrix    1 =    1.00000  -0.00000 for L=   49, J=   49.0 channel on core I =   0.0 from L=   49,  Acc. loss =  0.0 D.
 Elastic phase shift   1 =   -0.000   0.000 deg. for the L =   49, J =   49.0 channel.
0****** WARNING : ACCURACY LOSS IN ERWIN = 15.4 DIGITS, SO EXPECT ERRORS OF  98.7930 % OF UNITARITY

   2708047722226590.5        1483081057059118.0        2.2204460492503131E-016
 Increase lower cutoff: eg CUTL. Continuing.
      49.0  1.00000000 -0.00000000i: elastic S-matrix  @@      0.03  0   0 F  0
 Reaction Xsec    49.0-/49 @ 1 =   0.002#, Out:   0.000#3260.195 ********f


 Total SPIN, PARITY =    50.0 +,      5 chs,      0 cc.  Rmin & Coul turning =    7.5   20.7
   S-matrix    1 =    1.00000   0.00000 for L=   50, J=   50.0 channel on core I =   0.0 from L=   50,  Acc. loss =  0.0 D.
 Elastic phase shift   1 =    0.000   0.000 deg. for the L =   50, J =   50.0 channel.
0****** WARNING : ACCURACY LOSS IN ERWIN = 14.8 DIGITS, SO EXPECT ERRORS OF 100.0645 % OF UNITARITY

   637848099996567.88        1502167733661992.5        2.2204460492503131E-016
 Increase lower cutoff: eg CUTL. Continuing.
      50.0  1.00000000  0.00000001i: elastic S-matrix  @@      0.03  0   0 F  0
 Reaction Xsec    50.0+/50 @ 1 =   0.001#, Out:   0.000#******** ********f


 Total SPIN, PARITY =    51.0 -,      5 chs,      0 cc.  Rmin & Coul turning =    7.7   21.1
   S-matrix    1 =    1.00000  -0.00000 for L=   51, J=   51.0 channel on core I =   0.0 from L=   51,  Acc. loss =  0.0 D.
 Elastic phase shift   1 =   -0.000   0.000 deg. for the L =   51, J =   51.0 channel.
0****** WARNING : ACCURACY LOSS IN ERWIN = 14.6 DIGITS, SO EXPECT ERRORS OF 121.0710 % OF UNITARITY

   418632147925607.69        1817517576124610.8        2.2204460492503131E-016
 Increase lower cutoff: eg CUTL. Continuing.
      51.0  1.00000000 -0.00000000i: elastic S-matrix  @@      0.02  0   0 F  0
 Reaction Xsec    51.0-/51 @ 1 =   0.000#, Out:   0.000#******** ********f


 Total SPIN, PARITY =    52.0 +,      5 chs,      0 cc.  Rmin & Coul turning =    7.8   21.5
   S-matrix    1 =    1.00000  -0.00000 for L=   52, J=   52.0 channel on core I =   0.0 from L=   52,  Acc. loss =  0.0 D.
 Elastic phase shift   1 =   -0.000   0.000 deg. for the L =   52, J =   52.0 channel.
0****** WARNING : ACCURACY LOSS IN ERWIN = 15.5 DIGITS, SO EXPECT ERRORS OF  10.5005 % OF UNITARITY

   2960792241575339.5        157632982647671.47        2.2204460492503131E-016
 Increase lower cutoff: eg CUTL. Continuing.
      52.0  1.00000000 -0.00000002i: elastic S-matrix  @@      0.03  0   0 F  0
 Reaction Xsec    52.0+/52 @ 1 =   0.000#, Out:   0.000#  88.243  -88.243f


 Total SPIN, PARITY =    53.0 -,      5 chs,      0 cc.  Rmin & Coul turning =    8.0   21.9
   S-matrix    1 =    1.00000  -0.00000 for L=   53, J=   53.0 channel on core I =   0.0 from L=   53,  Acc. loss =  0.0 D.
 Elastic phase shift   1 =   -0.000   0.000 deg. for the L =   53, J =   53.0 channel.
0****** WARNING : ACCURACY LOSS IN ERWIN = 18.5 DIGITS, SO EXPECT ERRORS OF  12.6120 % OF UNITARITY

   3.1376104034486113E+018   189330849313025.50        2.2204460492503131E-016
 Increase lower cutoff: eg CUTL. Continuing.
      53.0  1.00000000 -0.00000001i: elastic S-matrix  @@      0.03  0   0 F  0
 Reaction Xsec    53.0-/53 @ 1 =   0.000#, Out:   0.000# 181.509 -181.509f


 Total SPIN, PARITY =    54.0 +,      5 chs,      0 cc.  Rmin & Coul turning =    8.1   22.3
   S-matrix    1 =    1.00000  -0.00000 for L=   54, J=   54.0 channel on core I =   0.0 from L=   54,  Acc. loss =  0.0 D.
 Elastic phase shift   1 =   -0.000   0.000 deg. for the L =   54, J =   54.0 channel.
0****** WARNING : ACCURACY LOSS IN ERWIN = 15.2 DIGITS, SO EXPECT ERRORS OF  15.8382 % OF UNITARITY

   1558378700655513.0        237762852474673.22        2.2204460492503131E-016
 Increase lower cutoff: eg CUTL. Continuing.
      54.0  1.00000000 -0.00000000i: elastic S-matrix  @@      0.05  0   0 F  0
 Reaction Xsec    54.0+/54 @ 1 =   0.000#, Out:   0.000# 171.677 -171.677f


 Total SPIN, PARITY =    55.0 -,      5 chs,      0 cc.  Rmin & Coul turning =    8.2   22.7
   S-matrix    1 =    1.00000  -0.00000 for L=   55, J=   55.0 channel on core I =   0.0 from L=   55,  Acc. loss =  0.0 D.
 Elastic phase shift   1 =   -0.000   0.000 deg. for the L =   55, J =   55.0 channel.
0****** WARNING : ACCURACY LOSS IN ERWIN = 15.0 DIGITS, SO EXPECT ERRORS OF   1.7106 % OF UNITARITY

      55.0  1.00000000 -0.00000001i: elastic S-matrix  @@      0.03  0   0 F  0
 Reaction Xsec    55.0-/55 @ 1 =   0.000#, Out:   0.000#   4.903   -4.903f


 Total SPIN, PARITY =    56.0 +,      5 chs,      0 cc.  Rmin & Coul turning =    8.4   23.1
   S-matrix    1 =    1.00000  -0.00000 for L=   56, J=   56.0 channel on core I =   0.0 from L=   56,  Acc. loss =  0.0 D.
 Elastic phase shift   1 =   -0.000   0.000 deg. for the L =   56, J =   56.0 channel.
0****** WARNING : ACCURACY LOSS IN ERWIN = 15.5 DIGITS, SO EXPECT ERRORS OF   2.1407 % OF UNITARITY

      56.0  1.00000000 -0.00000002i: elastic S-matrix  @@      0.02  0   0 F  0
 Reaction Xsec    56.0+/56 @ 1 =   0.000#, Out:   0.000#   2.349   -2.349f


 Total SPIN, PARITY =    57.0 -,      5 chs,      0 cc.  Rmin & Coul turning =    8.6   23.6
   S-matrix    1 =    1.00000  -0.00000 for L=   57, J=   57.0 channel on core I =   0.0 from L=   57,  Acc. loss =  0.0 D.
 Elastic phase shift   1 =   -0.000   0.000 deg. for the L =   57, J =   57.0 channel.
0****** WARNING : ACCURACY LOSS IN ERWIN = 15.1 DIGITS, SO EXPECT ERRORS OF   3.0646 % OF UNITARITY

      57.0  1.00000000 -0.00000002i: elastic S-matrix  @@      0.02  0   0 F  0
 Reaction Xsec    57.0-/57 @ 1 =   0.000#, Out:   0.000#   1.347   -1.347f


 Total SPIN, PARITY =    58.0 +,      5 chs,      0 cc.  Rmin & Coul turning =    8.7   24.0
   S-matrix    1 =    1.00000  -0.00000 for L=   58, J=   58.0 channel on core I =   0.0 from L=   58,  Acc. loss =  0.0 D.
 Elastic phase shift   1 =   -0.000   0.000 deg. for the L =   58, J =   58.0 channel.
0****** WARNING : ACCURACY LOSS IN ERWIN = 15.8 DIGITS, SO EXPECT ERRORS OF   0.3871 % OF UNITARITY

      58.0  1.00000000 -0.00000001i: elastic S-matrix  @@      0.02  0   0 F  0
 Reaction Xsec    58.0+/58 @ 1 =   0.000#, Out:   0.000#   0.037   -0.037f


 Total SPIN, PARITY =    59.0 -,      5 chs,      0 cc.  Rmin & Coul turning =    8.8   24.4
   S-matrix    1 =    1.00000  -0.00000 for L=   59, J=   59.0 channel on core I =   0.0 from L=   59,  Acc. loss =  0.0 D.
 Elastic phase shift   1 =   -0.000   0.000 deg. for the L =   59, J =   59.0 channel.
0****** WARNING : ACCURACY LOSS IN ERWIN = 15.5 DIGITS, SO EXPECT ERRORS OF   0.3864 % OF UNITARITY

      59.0  1.00000000 -0.00000001i: elastic S-matrix  @@      0.02  0   0 F  0
 Reaction Xsec    59.0-/59 @ 1 =   0.000#, Out:   0.000#   0.048   -0.048f


 Total SPIN, PARITY =    60.0 +,      5 chs,      0 cc.  Rmin & Coul turning =    9.0   24.8
   S-matrix    1 =    1.00000  -0.00000 for L=   60, J=   60.0 channel on core I =   0.0 from L=   60,  Acc. loss =  0.0 D.
 Elastic phase shift   1 =   -0.000   0.000 deg. for the L =   60, J =   60.0 channel.
0****** WARNING : ACCURACY LOSS IN ERWIN = 15.4 DIGITS, SO EXPECT ERRORS OF   0.1543 % OF UNITARITY

      60.0  1.00000000 -0.00000002i: elastic S-matrix  @@      0.02  0   0 F  0
 Reaction Xsec    60.0+/60 @ 1 =   0.000#, Out:   0.000#   0.024   -0.024f


 Total SPIN, PARITY =    61.0 -,      5 chs,      0 cc.  Rmin & Coul turning =    9.2   25.2
   S-matrix    1 =    1.00000  -0.00000 for L=   61, J=   61.0 channel on core I =   0.0 from L=   61,  Acc. loss =  0.0 D.
 Elastic phase shift   1 =   -0.000   0.000 deg. for the L =   61, J =   61.0 channel.
0****** WARNING : ACCURACY LOSS IN ERWIN = 15.6 DIGITS, SO EXPECT ERRORS OF   0.1313 % OF UNITARITY

      61.0  1.00000000 -0.00000003i: elastic S-matrix  @@      0.02  0   0 F  0
 Reaction Xsec    61.0-/61 @ 1 =   0.000#, Out:   0.000#   5.984/  -0.006f


 Total SPIN, PARITY =    62.0 +,      5 chs,      0 cc.  Rmin & Coul turning =    9.3   25.6
   S-matrix    1 =    1.00000  -0.00000 for L=   62, J=   62.0 channel on core I =   0.0 from L=   62,  Acc. loss =  0.0 D.
 Elastic phase shift   1 =   -0.000   0.000 deg. for the L =   62, J =   62.0 channel.
0****** WARNING : ACCURACY LOSS IN ERWIN = 15.4 DIGITS, SO EXPECT ERRORS OF   0.0166 % OF UNITARITY

      62.0  1.00000000 -0.00000003i: elastic S-matrix  @@      0.02  0   0 F  0
 Reaction Xsec    62.0+/62 @ 1 =   0.000#, Out:   0.000#   0.282/  -0.000f


 Total SPIN, PARITY =    63.0 -,      5 chs,      0 cc.  Rmin & Coul turning =    9.5   26.0
   S-matrix    1 =    1.00000  -0.00000 for L=   63, J=   63.0 channel on core I =   0.0 from L=   63,  Acc. loss =  0.0 D.
 Elastic phase shift   1 =   -0.000   0.000 deg. for the L =   63, J =   63.0 channel.
0****** WARNING : ACCURACY LOSS IN ERWIN = 18.6 DIGITS, SO EXPECT ERRORS OF   0.0094 % OF UNITARITY

      63.0  1.00000000 -0.00000002i: elastic S-matrix  @@      0.03  0   0 F  0
 Reaction Xsec    63.0-/63 @ 1 =   0.000#, Out:   0.000#   1.401#  -0.000f


 Total SPIN, PARITY =    64.0 +,      5 chs,      0 cc.  Rmin & Coul turning =    9.6   26.4
   S-matrix    1 =    1.00000  -0.00000 for L=   64, J=   64.0 channel on core I =   0.0 from L=   64,  Acc. loss =  0.0 D.
 Elastic phase shift   1 =   -0.000   0.000 deg. for the L =   64, J =   64.0 channel.
0****** WARNING : ACCURACY LOSS IN ERWIN = 15.5 DIGITS, SO EXPECT ERRORS OF   0.0039 % OF UNITARITY

      64.0  1.00000000 -0.00000001i: elastic S-matrix  @@      0.03  0   0 F  0
 Reaction Xsec    64.0+/64 @ 1 =   0.000#, Out:   0.000#   9.062#  -0.000f


 Total SPIN, PARITY =    65.0 -,      5 chs,      0 cc.  Rmin & Coul turning =    9.8   26.8
   S-matrix    1 =    1.00000  -0.00000 for L=   65, J=   65.0 channel on core I =   0.0 from L=   65,  Acc. loss =  0.0 D.
 Elastic phase shift   1 =   -0.000   0.000 deg. for the L =   65, J =   65.0 channel.
0****** WARNING : ACCURACY LOSS IN ERWIN = 15.3 DIGITS, SO EXPECT ERRORS OF   0.0004 % OF UNITARITY

      65.0  1.00000000 -0.00000001i: elastic S-matrix  @@      0.03  0   0 F  0
 Reaction Xsec    65.0-/65 @ 1 =   0.000#, Out:   0.000#   0.151#  -0.000f


 Total SPIN, PARITY =    66.0 +,      5 chs,      0 cc.  Rmin & Coul turning =    9.9   27.2
   S-matrix    1 =    1.00000  -0.00000 for L=   66, J=   66.0 channel on core I =   0.0 from L=   66,  Acc. loss =  0.0 D.
 Elastic phase shift   1 =   -0.000  -0.000 deg. for the L =   66, J =   66.0 channel.
0****** WARNING : ACCURACY LOSS IN ERWIN = 19.4 DIGITS, SO EXPECT ERRORS OF   0.0002 % OF UNITARITY

      66.0  1.00000000 -0.00000002i: elastic S-matrix  @@      0.03  0   0 F  0
 Reaction Xsec    66.0+/66 @ 1 =  -0.000#, Out:   0.000#   0.006#  -0.000f


 Total SPIN, PARITY =    67.0 -,      5 chs,      0 cc.  Rmin & Coul turning =   10.1   27.6
   S-matrix    1 =    1.00000  -0.00000 for L=   67, J=   67.0 channel on core I =   0.0 from L=   67,  Acc. loss =  0.0 D.
 Elastic phase shift   1 =   -0.000   0.000 deg. for the L =   67, J =   67.0 channel.
0****** WARNING : ACCURACY LOSS IN ERWIN = 15.7 DIGITS, SO EXPECT ERRORS OF   0.0001 % OF UNITARITY

      67.0  1.00000000 -0.00000002i: elastic S-matrix  @@      0.03  0   0 F  0
 Reaction Xsec    67.0-/67 @ 1 =   0.000#, Out:   0.000#   0.002#  -0.000f


 Total SPIN, PARITY =    68.0 +,      5 chs,      0 cc.  Rmin & Coul turning =   10.2   28.1
   S-matrix    1 =    1.00000  -0.00000 for L=   68, J=   68.0 channel on core I =   0.0 from L=   68,  Acc. loss =  0.0 D.
 Elastic phase shift   1 =   -0.000   0.000 deg. for the L =   68, J =   68.0 channel.
0****** WARNING : ACCURACY LOSS IN ERWIN = 15.1 DIGITS, SO EXPECT ERRORS OF   0.0000 % OF UNITARITY

      68.0  1.00000000 -0.00000003i: elastic S-matrix  @@      0.03  0   0 F  0
 Reaction Xsec    68.0+/68 @ 1 =   0.000#, Out:   0.000#   0.000#  -0.000f


 Total SPIN, PARITY =    69.0 -,      5 chs,      0 cc.  Rmin & Coul turning =   10.4   28.5
   S-matrix    1 =    1.00000  -0.00000 for L=   69, J=   69.0 channel on core I =   0.0 from L=   69,  Acc. loss =  0.0 D.
 Elastic phase shift   1 =   -0.000   0.000 deg. for the L =   69, J =   69.0 channel.
0****** WARNING : ACCURACY LOSS IN ERWIN = 15.8 DIGITS, SO EXPECT ERRORS OF   0.0000 % OF UNITARITY

      69.0  1.00000000 -0.00000002i: elastic S-matrix  @@      0.03  0   0 F  0
 Reaction Xsec    69.0-/69 @ 1 =   0.000#, Out:   0.000#   0.000#  -0.000f


 Total SPIN, PARITY =    70.0 +,      5 chs,      0 cc.  Rmin & Coul turning =   10.5   28.9
   S-matrix    1 =    1.00000  -0.00000 for L=   70, J=   70.0 channel on core I =   0.0 from L=   70,  Acc. loss =  0.0 D.
 Elastic phase shift   1 =   -0.000   0.000 deg. for the L =   70, J =   70.0 channel.
0****** WARNING : ACCURACY LOSS IN ERWIN = 15.2 DIGITS, SO EXPECT ERRORS OF   0.0000 % OF UNITARITY

      70.0  1.00000000 -0.00000002i: elastic S-matrix  @@      0.00  0   0 F  0
 Reaction Xsec    70.0+/70 @ 1 =   0.000#, Out:   0.000#   0.000#   0.000f


 Total SPIN, PARITY =    71.0 -,      5 chs,      0 cc.  Rmin & Coul turning =   10.7   29.3
   S-matrix    1 =    1.00000  -0.00000 for L=   71, J=   71.0 channel on core I =   0.0 from L=   71,  Acc. loss =  0.0 D.
 Elastic phase shift   1 =   -0.000   0.000 deg. for the L =   71, J =   71.0 channel.
0****** WARNING : ACCURACY LOSS IN ERWIN = 15.8 DIGITS, SO EXPECT ERRORS OF   0.0000 % OF UNITARITY

      71.0  1.00000000 -0.00000001i: elastic S-matrix  @@      0.02  0   0 F  0
 Reaction Xsec    71.0-/71 @ 1 =   0.000#, Out:   0.000#   0.000#  -0.000f


 Total SPIN, PARITY =    72.0 +,      5 chs,      0 cc.  Rmin & Coul turning =   10.8   29.7
   S-matrix    1 =    1.00000  -0.00000 for L=   72, J=   72.0 channel on core I =   0.0 from L=   72,  Acc. loss =  0.0 D.
 Elastic phase shift   1 =   -0.000   0.000 deg. for the L =   72, J =   72.0 channel.
0****** WARNING : ACCURACY LOSS IN ERWIN = 15.4 DIGITS, SO EXPECT ERRORS OF   0.0000 % OF UNITARITY

      72.0  1.00000000 -0.00000001i: elastic S-matrix  @@      0.02  0   0 F  0
 Reaction Xsec    72.0+/72 @ 1 =   0.000#, Out:   0.000#   0.000#  -0.000f


 Total SPIN, PARITY =    73.0 -,      5 chs,      0 cc.  Rmin & Coul turning =   11.0   30.1
   S-matrix    1 =    1.00000  -0.00000 for L=   73, J=   73.0 channel on core I =   0.0 from L=   73,  Acc. loss =  0.0 D.
 Elastic phase shift   1 =   -0.000  -0.000 deg. for the L =   73, J =   73.0 channel.
0****** WARNING : ACCURACY LOSS IN ERWIN = 14.8 DIGITS, SO EXPECT ERRORS OF   0.0000 % OF UNITARITY

      73.0  1.00000000 -0.00000000i: elastic S-matrix  @@      0.02  0   0 F  0
 Reaction Xsec    73.0-/73 @ 1 =  -0.000#, Out:   0.000#   0.000#  -0.000f


 Total SPIN, PARITY =    74.0 +,      5 chs,      0 cc.  Rmin & Coul turning =   11.1   30.5
   S-matrix    1 =    1.00000  -0.00000 for L=   74, J=   74.0 channel on core I =   0.0 from L=   74,  Acc. loss =  0.0 D.
 Elastic phase shift   1 =   -0.000   0.000 deg. for the L =   74, J =   74.0 channel.
      74.0  1.00000000 -0.00000000i: elastic S-matrix  @@      0.00  0   0 F  0
 Reaction Xsec    74.0+/74 @ 1 =   0.000#, Out:   0.000#   0.000#   0.000f


 Total SPIN, PARITY =    75.0 -,      5 chs,      0 cc.  Rmin & Coul turning =   11.2   30.9
   S-matrix    1 =    1.00000   0.00000 for L=   75, J=   75.0 channel on core I =   0.0 from L=   75,  Acc. loss =  0.0 D.
 Elastic phase shift   1 =    0.000   0.000 deg. for the L =   75, J =   75.0 channel.
      75.0  1.00000000  0.00000000i: elastic S-matrix  @@      0.02  0   0 F  0
 Reaction Xsec    75.0-/75 @ 1 =   0.000#, Out:   0.000#   0.000#  -0.000f


 Total SPIN, PARITY =    76.0 +,      5 chs,      0 cc.  Rmin & Coul turning =   11.4   31.3
   S-matrix    1 =    1.00000   0.00000 for L=   76, J=   76.0 channel on core I =   0.0 from L=   76,  Acc. loss =  0.0 D.
 Elastic phase shift   1 =    0.000   0.000 deg. for the L =   76, J =   76.0 channel.
      76.0  1.00000000  0.00000000i: elastic S-matrix  @@      0.02  0   0 F  0
 Reaction Xsec    76.0+/76 @ 1 =   0.000#, Out:   0.000#   0.000#   0.000f


 Total SPIN, PARITY =    77.0 -,      5 chs,      0 cc.  Rmin & Coul turning =   11.6   31.7
   S-matrix    1 =    1.00000   0.00000 for L=   77, J=   77.0 channel on core I =   0.0 from L=   77,  Acc. loss =  0.0 D.
 Elastic phase shift   1 =    0.000   0.000 deg. for the L =   77, J =   77.0 channel.
      77.0  1.00000000  0.00000000i: elastic S-matrix  @@      0.02  0   0 F  0
 Reaction Xsec    77.0-/77 @ 1 =   0.000#, Out:   0.000#   0.000#   0.000f


 Total SPIN, PARITY =    78.0 +,      5 chs,      0 cc.  Rmin & Coul turning =   11.7   32.1
   S-matrix    1 =    1.00000   0.00000 for L=   78, J=   78.0 channel on core I =   0.0 from L=   78,  Acc. loss =  0.0 D.
 Elastic phase shift   1 =    0.000  -0.000 deg. for the L =   78, J =   78.0 channel.
      78.0  1.00000000  0.00000000i: elastic S-matrix  @@      0.02  0   0 F  0
 Reaction Xsec    78.0+/78 @ 1 =  -0.000#, Out:   0.000#   0.000#  -0.000f


 Total SPIN, PARITY =    79.0 -,      5 chs,      0 cc.  Rmin & Coul turning =   11.9   32.6
   S-matrix    1 =    1.00000   0.00000 for L=   79, J=   79.0 channel on core I =   0.0 from L=   79,  Acc. loss =  0.0 D.
 Elastic phase shift   1 =    0.000   0.000 deg. for the L =   79, J =   79.0 channel.
      79.0  1.00000000  0.00000000i: elastic S-matrix  @@      0.00  0   0 F  0
 Reaction Xsec    79.0-/79 @ 1 =   0.000#, Out:   0.000#   0.000#  -0.000f


 Total SPIN, PARITY =    80.0 +,      5 chs,      0 cc.  Rmin & Coul turning =   12.0   33.0
   S-matrix    1 =    1.00000   0.00000 for L=   80, J=   80.0 channel on core I =   0.0 from L=   80,  Acc. loss =  0.0 D.
 Elastic phase shift   1 =    0.000   0.000 deg. for the L =   80, J =   80.0 channel.
      80.0  1.00000000  0.00000000i: elastic S-matrix  @@      0.03  0   0 F  0
 Reaction Xsec    80.0+/80 @ 1 =   0.000#, Out:   0.000#   0.000#  -0.000f

 Finished all CC sets @    2.50000000    
0CUMULATIVE REACTION cross section                 = 1169.45195  <L> =     9.76  <L**2> =    109.2
0CUMULATIVE outgoing cross sections in partition 1 :    0.00000
0CUMULATIVE outgoing cross sections in partition 2 :***********
0Cumulative ABSORBTION by Imaginary Potentials     =***********  <L> =    42.07  <L**2> =   1770.3
   Fusion for specific 4He      M-states :************
0CUMULATIVE OUTGOING cross section                 =***********
 To convert to S-factors (MeV.mb = keV.b),  multiply by  1.2688E+02


 CROSS SECTIONS FOR OUTGOING 4He      & 4He      in state #   1 with spins & parities 0.0  + &  0.0  +;  0

     0.01 deg.: X-S =   9.1525E+13 mb/sr,
+                                         /R =   9.9997E-01
     1.00 deg.: X-S =   7.6705E+05 mb/sr,
+                                         /R =   8.3801E-01
     2.00 deg.: X-S =   4.6771E+04 mb/sr,
+                                         /R =   8.1744E-01
     3.00 deg.: X-S =   2.0031E+04 mb/sr,
+                                         /R =   1.7718E+00
     4.00 deg.: X-S =   1.6120E+04 mb/sr,
+                                         /R =   4.5051E+00
     5.00 deg.: X-S =   1.3717E+04 mb/sr,
+                                         /R =   9.3549E+00
     6.00 deg.: X-S =   1.1232E+04 mb/sr,
+                                         /R =   1.5875E+01
     7.00 deg.: X-S =  8716.647362 mb/sr,
+                                         /R =   2.2809E+01
     8.00 deg.: X-S =  6368.670348 mb/sr,
+                                         /R =   2.8408E+01
     9.00 deg.: X-S =  4341.687605 mb/sr,
+                                         /R =   3.0995E+01
    10.00 deg.: X-S =  2721.328233 mb/sr,
+                                         /R =   2.9582E+01
    11.00 deg.: X-S =  1529.318638 mb/sr,
+                                         /R =   2.4313E+01
    12.00 deg.: X-S =   736.057586 mb/sr,
+                                         /R =   1.6554E+01
    13.00 deg.: X-S =   276.730466 mb/sr,
+                                         /R =   8.5615E+00
    14.00 deg.: X-S =    68.233967 mb/sr,
+                                         /R =   2.8355E+00
    15.00 deg.: X-S =    24.595528 mb/sr,
+                                         /R =   1.3449E+00
    16.00 deg.: X-S =    69.091548 mb/sr,
+                                         /R =   4.8832E+00
    17.00 deg.: X-S =   142.031259 mb/sr,
+                                         /R =   1.2772E+01
    18.00 deg.: X-S =   204.019054 mb/sr,
+                                         /R =   2.3017E+01
    19.00 deg.: X-S =   235.255966 mb/sr,
+                                         /R =   3.2888E+01
    20.00 deg.: X-S =   231.960890 mb/sr,
+                                         /R =   3.9733E+01
    21.00 deg.: X-S =   201.225325 mb/sr,
+                                         /R =   4.1809E+01
    22.00 deg.: X-S =   155.572396 mb/sr,
+                                         /R =   3.8849E+01
    23.00 deg.: X-S =   108.234776 mb/sr,
+                                         /R =   3.2214E+01
    24.00 deg.: X-S =    69.788663 mb/sr,
+                                         /R =   2.4567E+01
    25.00 deg.: X-S =    46.377715 mb/sr,
+                                         /R =   1.9174E+01
    26.00 deg.: X-S =    39.411767 mb/sr,
+                                         /R =   1.9012E+01
    27.00 deg.: X-S =    46.382260 mb/sr,
+                                         /R =   2.5951E+01
    28.00 deg.: X-S =    62.319919 mb/sr,
+                                         /R =   4.0215E+01
    29.00 deg.: X-S =    81.421810 mb/sr,
+                                         /R =   6.0283E+01
    30.00 deg.: X-S =    98.465595 mb/sr,
+                                         /R =   8.3239E+01
    31.00 deg.: X-S =   109.769836 mb/sr,
+                                         /R =   1.0547E+02
    32.00 deg.: X-S =   113.611537 mb/sr,
+                                         /R =   1.2355E+02
    33.00 deg.: X-S =   110.143859 mb/sr,
+                                         /R =   1.3502E+02
    34.00 deg.: X-S =   100.947737 mb/sr,
+                                         /R =   1.3896E+02
    35.00 deg.: X-S =    88.393415 mb/sr,
+                                         /R =   1.3616E+02
    36.00 deg.: X-S =    74.985201 mb/sr,
+                                         /R =   1.2881E+02
    37.00 deg.: X-S =    62.826217 mb/sr,
+                                         /R =   1.1998E+02
    38.00 deg.: X-S =    53.284668 mb/sr,
+                                         /R =   1.1278E+02
    39.00 deg.: X-S =    46.884208 mb/sr,
+                                         /R =   1.0966E+02
    40.00 deg.: X-S =    43.390844 mb/sr,
+                                         /R =   1.1186E+02
    41.00 deg.: X-S =    42.035314 mb/sr,
+                                         /R =   1.1912E+02
    42.00 deg.: X-S =    41.795846 mb/sr,
+                                         /R =   1.2987E+02
    43.00 deg.: X-S =    41.670283 mb/sr,
+                                         /R =   1.4164E+02
    44.00 deg.: X-S =    40.883929 mb/sr,
+                                         /R =   1.5167E+02
    45.00 deg.: X-S =    39.004095 mb/sr,
+                                         /R =   1.5759E+02
    46.00 deg.: X-S =    35.957640 mb/sr,
+                                         /R =   1.5789E+02
    47.00 deg.: X-S =    31.968638 mb/sr,
+                                         /R =   1.5226E+02
    48.00 deg.: X-S =    27.446369 mb/sr,
+                                         /R =   1.4151E+02
    49.00 deg.: X-S =    22.857976 mb/sr,
+                                         /R =   1.2735E+02
    50.00 deg.: X-S =    18.616329 mb/sr,
+                                         /R =   1.1188E+02
    51.00 deg.: X-S =    15.004087 mb/sr,
+                                         /R =   9.7096E+01
    52.00 deg.: X-S =    12.142812 mb/sr,
+                                         /R =   8.4478E+01
    53.00 deg.: X-S =    10.004312 mb/sr,
+                                         /R =   7.4706E+01
    54.00 deg.: X-S =     8.452594 mb/sr,
+                                         /R =   6.7645E+01
    55.00 deg.: X-S =     7.300292 mb/sr,
+                                         /R =   6.2520E+01
    56.00 deg.: X-S =     6.363416 mb/sr,
+                                         /R =   5.8235E+01
    57.00 deg.: X-S =     5.501938 mb/sr,
+                                         /R =   5.3731E+01
    58.00 deg.: X-S =     4.639638 mb/sr,
+                                         /R =   4.8286E+01
    59.00 deg.: X-S =     3.763007 mb/sr,
+                                         /R =   4.1682E+01
    60.00 deg.: X-S =     2.904224 mb/sr,
+                                         /R =   3.4195E+01
    61.00 deg.: X-S =     2.116271 mb/sr,
+                                         /R =   2.6455E+01
    62.00 deg.: X-S =     1.448657 mb/sr,
+                                         /R =   1.9203E+01
    63.00 deg.: X-S =     0.930422 mb/sr,
+                                         /R =   1.3064E+01
    64.00 deg.: X-S =     0.563744 mb/sr,
+                                         /R =   8.3748E+00
    65.00 deg.: X-S =     0.327863 mb/sr,
+                                         /R =   5.1477E+00
    66.00 deg.: X-S =     0.189970 mb/sr,
+                                         /R =   3.1490E+00
    67.00 deg.: X-S =     0.118172 mb/sr,
+                                         /R =   2.0660E+00
    68.00 deg.: X-S =     0.091695 mb/sr,
+                                         /R =   1.6891E+00
    69.00 deg.: X-S =     0.105036 mb/sr,
+                                         /R =   2.0366E+00
    70.00 deg.: X-S =     0.165205 mb/sr,
+                                         /R =   3.3686E+00
    71.00 deg.: X-S =     0.283612 mb/sr,
+                                         /R =   6.0757E+00
    72.00 deg.: X-S =     0.465983 mb/sr,
+                                         /R =   1.0479E+01
    73.00 deg.: X-S =     0.704251 mb/sr,
+                                         /R =   1.6609E+01
    74.00 deg.: X-S =     0.973653 mb/sr,
+                                         /R =   2.4061E+01
    75.00 deg.: X-S =     1.236504 mb/sr,
+                                         /R =   3.1992E+01
    76.00 deg.: X-S =     1.451833 mb/sr,
+                                         /R =   3.9295E+01
    77.00 deg.: X-S =     1.588053 mb/sr,
+                                         /R =   4.4928E+01
    78.00 deg.: X-S =     1.634634 mb/sr,
+                                         /R =   4.8302E+01
    79.00 deg.: X-S =     1.608764 mb/sr,
+                                         /R =   4.9612E+01
    80.00 deg.: X-S =     1.554260 mb/sr,
+                                         /R =   4.9986E+01
    81.00 deg.: X-S =     1.532197 mb/sr,
+                                         /R =   5.1351E+01
    82.00 deg.: X-S =     1.605152 mb/sr,
+                                         /R =   5.6020E+01
    83.00 deg.: X-S =     1.819072 mb/sr,
+                                         /R =   6.6064E+01
    84.00 deg.: X-S =     2.187774 mb/sr,
+                                         /R =   8.2623E+01
    85.00 deg.: X-S =     2.684737 mb/sr,
+                                         /R =   1.0536E+02
    86.00 deg.: X-S =     3.245200 mb/sr,
+                                         /R =   1.3226E+02
    87.00 deg.: X-S =     3.778889 mb/sr,
+                                         /R =   1.5983E+02
    88.00 deg.: X-S =     4.190832 mb/sr,
+                                         /R =   1.8384E+02
    89.00 deg.: X-S =     4.405343 mb/sr,
+                                         /R =   2.0030E+02
    90.00 deg.: X-S =     4.387015 mb/sr,
+                                         /R =   2.0662E+02
    91.00 deg.: X-S =     4.153000 mb/sr,
+                                         /R =   2.0248E+02
    92.00 deg.: X-S =     3.772739 mb/sr,
+                                         /R =   1.9030E+02
    93.00 deg.: X-S =     3.354371 mb/sr,
+                                         /R =   1.7495E+02
    94.00 deg.: X-S =     3.020452 mb/sr,
+                                         /R =   1.6279E+02
    95.00 deg.: X-S =     2.878542 mb/sr,
+                                         /R =   1.6023E+02
    96.00 deg.: X-S =     2.993811 mb/sr,
+                                         /R =   1.7202E+02
    97.00 deg.: X-S =     3.370717 mb/sr,
+                                         /R =   1.9980E+02
    98.00 deg.: X-S =     3.948823 mb/sr,
+                                         /R =   2.4135E+02
    99.00 deg.: X-S =     4.614504 mb/sr,
+                                         /R =   2.9065E+02
   100.00 deg.: X-S =     5.226382 mb/sr,
+                                         /R =   3.3906E+02
   101.00 deg.: X-S =     5.648744 mb/sr,
+                                         /R =   3.7725E+02
   102.00 deg.: X-S =     5.784993 mb/sr,
+                                         /R =   3.9753E+02
   103.00 deg.: X-S =     5.602820 mb/sr,
+                                         /R =   3.9595E+02
   104.00 deg.: X-S =     5.144520 mb/sr,
+                                         /R =   3.7371E+02
   105.00 deg.: X-S =     4.519340 mb/sr,
+                                         /R =   3.3729E+02
   106.00 deg.: X-S =     3.879074 mb/sr,
+                                         /R =   2.9729E+02
   107.00 deg.: X-S =     3.382355 mb/sr,
+                                         /R =   2.6607E+02
   108.00 deg.: X-S =     3.156063 mb/sr,
+                                         /R =   2.5470E+02
   109.00 deg.: X-S =     3.263311 mb/sr,
+                                         /R =   2.7006E+02
   110.00 deg.: X-S =     3.686103 mb/sr,
+                                         /R =   3.1267E+02
   111.00 deg.: X-S =     4.327461 mb/sr,
+                                         /R =   3.7607E+02
   112.00 deg.: X-S =     5.033085 mb/sr,
+                                         /R =   4.4791E+02
   113.00 deg.: X-S =     5.627820 mb/sr,
+                                         /R =   5.1265E+02
   114.00 deg.: X-S =     5.958378 mb/sr,
+                                         /R =   5.5533E+02
   115.00 deg.: X-S =     5.931937 mb/sr,
+                                         /R =   5.6542E+02
   116.00 deg.: X-S =     5.540950 mb/sr,
+                                         /R =   5.3991E+02
   117.00 deg.: X-S =     4.867602 mb/sr,
+                                         /R =   4.8466E+02
   118.00 deg.: X-S =     4.066190 mb/sr,
+                                         /R =   4.1353E+02
   119.00 deg.: X-S =     3.327111 mb/sr,
+                                         /R =   3.4547E+02
   120.00 deg.: X-S =     2.830795 mb/sr,
+                                         /R =   2.9998E+02
   121.00 deg.: X-S =     2.702692 mb/sr,
+                                         /R =   2.9217E+02
   122.00 deg.: X-S =     2.980478 mb/sr,
+                                         /R =   3.2856E+02
   123.00 deg.: X-S =     3.602002 mb/sr,
+                                         /R =   4.0476E+02
   124.00 deg.: X-S =     4.417609 mb/sr,
+                                         /R =   5.0580E+02
   125.00 deg.: X-S =     5.224564 mb/sr,
+                                         /R =   6.0929E+02
   126.00 deg.: X-S =     5.815783 mb/sr,
+                                         /R =   6.9054E+02
   127.00 deg.: X-S =     6.031238 mb/sr,
+                                         /R =   7.2883E+02
   128.00 deg.: X-S =     5.799403 mb/sr,
+                                         /R =   7.1298E+02
   129.00 deg.: X-S =     5.158124 mb/sr,
+                                         /R =   6.4491E+02
   130.00 deg.: X-S =     4.249031 mb/sr,
+                                         /R =   5.4007E+02
   131.00 deg.: X-S =     3.285962 mb/sr,
+                                         /R =   4.2443E+02
   132.00 deg.: X-S =     2.504300 mb/sr,
+                                         /R =   3.2860E+02
   133.00 deg.: X-S =     2.103104 mb/sr,
+                                         /R =   2.8023E+02
   134.00 deg.: X-S =     2.194118 mb/sr,
+                                         /R =   2.9677E+02
   135.00 deg.: X-S =     2.770556 mb/sr,
+                                         /R =   3.8026E+02
   136.00 deg.: X-S =     3.704162 mb/sr,
+                                         /R =   5.1571E+02
   137.00 deg.: X-S =     4.772382 mb/sr,
+                                         /R =   6.7376E+02
   138.00 deg.: X-S =     5.710103 mb/sr,
+                                         /R =   8.1716E+02
   139.00 deg.: X-S =     6.274132 mb/sr,
+                                         /R =   9.0983E+02
   140.00 deg.: X-S =     6.304968 mb/sr,
+                                         /R =   9.2615E+02
   141.00 deg.: X-S =     5.770445 mb/sr,
+                                         /R =   8.5832E+02
   142.00 deg.: X-S =     4.779624 mb/sr,
+                                         /R =   7.1966E+02
   143.00 deg.: X-S =     3.562183 mb/sr,
+                                         /R =   5.4275E+02
   144.00 deg.: X-S =     2.416822 mb/sr,
+                                         /R =   3.7250E+02
   145.00 deg.: X-S =     1.639994 mb/sr,
+                                         /R =   2.5561E+02
   146.00 deg.: X-S =     1.451665 mb/sr,
+                                         /R =   2.2872E+02
   147.00 deg.: X-S =     1.936317 mb/sr,
+                                         /R =   3.0830E+02
   148.00 deg.: X-S =     3.014559 mb/sr,
+                                         /R =   4.8489E+02
   149.00 deg.: X-S =     4.453982 mb/sr,
+                                         /R =   7.2351E+02
   150.00 deg.: X-S =     5.918691 mb/sr,
+                                         /R =   9.7064E+02
   151.00 deg.: X-S =     7.047468 mb/sr,
+                                         /R =   1.1664E+03
   152.00 deg.: X-S =     7.542942 mb/sr,
+                                         /R =   1.2595E+03
   153.00 deg.: X-S =     7.250480 mb/sr,
+                                         /R =   1.2211E+03
   154.00 deg.: X-S =     6.206767 mb/sr,
+                                         /R =   1.0539E+03
   155.00 deg.: X-S =     4.644234 mb/sr,
+                                         /R =   7.9487E+02
   156.00 deg.: X-S =     2.947357 mb/sr,
+                                         /R =   5.0828E+02
   157.00 deg.: X-S =     1.568221 mb/sr,
+                                         /R =   2.7242E+02
   158.00 deg.: X-S =     0.919098 mb/sr,
+                                         /R =   1.6077E+02
   159.00 deg.: X-S =     1.266437 mb/sr,
+                                         /R =   2.2300E+02
   160.00 deg.: X-S =     2.652088 mb/sr,
+                                         /R =   4.6995E+02
   161.00 deg.: X-S =     4.862875 mb/sr,
+                                         /R =   8.6688E+02
   162.00 deg.: X-S =     7.459799 mb/sr,
+                                         /R =   1.3374E+03
   163.00 deg.: X-S =     9.864954 mb/sr,
+                                         /R =   1.7781E+03
   164.00 deg.: X-S =    11.490714 mb/sr,
+                                         /R =   2.0817E+03
   165.00 deg.: X-S =    11.884809 mb/sr,
+                                         /R =   2.1633E+03
   166.00 deg.: X-S =    10.859309 mb/sr,
+                                         /R =   1.9855E+03
   167.00 deg.: X-S =     8.572738 mb/sr,
+                                         /R =   1.5739E+03
   168.00 deg.: X-S =     5.542711 mb/sr,
+                                         /R =   1.0215E+03
   169.00 deg.: X-S =     2.580173 mb/sr,
+                                         /R =   4.7719E+02
   170.00 deg.: X-S =     0.652724 mb/sr,
+                                         /R =   1.2111E+02
   171.00 deg.: X-S =     0.700302 mb/sr,
+                                         /R =   1.3031E+02
   172.00 deg.: X-S =     3.438114 mb/sr,
+                                         /R =   6.4142E+02
   173.00 deg.: X-S =     9.186502 mb/sr,
+                                         /R =   1.7178E+03
   174.00 deg.: X-S =    17.764168 mb/sr,
+                                         /R =   3.3283E+03
   175.00 deg.: X-S =    28.470075 mb/sr,
+                                         /R =   5.3431E+03
   176.00 deg.: X-S =    40.162654 mb/sr,
+                                         /R =   7.5478E+03
   177.00 deg.: X-S =    51.425816 mb/sr,
+                                         /R =   9.6748E+03
   178.00 deg.: X-S =    60.793679 mb/sr,
+                                         /R =   1.1446E+04
   179.00 deg.: X-S =    66.993525 mb/sr,
+                                         /R =   1.2619E+04
   179.99 deg.: X-S =    69.161733 mb/sr,
+                                         /R =   1.3029E+04
                                           Integrated********** mb, over [   0.000, 180.000] at   125.0000 MeV 

 CROSS SECTIONS FOR OUTGOING n        & 7Be      in state #   1 with spins & parities 0.5  + &  1.5  -;  0

     0.00 deg.: X-S =   3.9466E+07 mb/sr,
+                                         REAC   8.1970E+07 mb
     1.00 deg.: X-S =   6.8143E+07 mb/sr,
     2.00 deg.: X-S =   1.1982E+08 mb/sr,
     3.00 deg.: X-S =   1.3472E+08 mb/sr,
     4.00 deg.: X-S =   9.8997E+07 mb/sr,
     5.00 deg.: X-S =   5.2410E+07 mb/sr,
     6.00 deg.: X-S =   3.2768E+07 mb/sr,
     7.00 deg.: X-S =   3.6750E+07 mb/sr,
     8.00 deg.: X-S =   3.9301E+07 mb/sr,
     9.00 deg.: X-S =   3.0933E+07 mb/sr,
    10.00 deg.: X-S =   2.2203E+07 mb/sr,
    11.00 deg.: X-S =   2.1463E+07 mb/sr,
    12.00 deg.: X-S =   2.3743E+07 mb/sr,
    13.00 deg.: X-S =   2.1747E+07 mb/sr,
    14.00 deg.: X-S =   1.6982E+07 mb/sr,
    15.00 deg.: X-S =   1.5234E+07 mb/sr,
    16.00 deg.: X-S =   1.6735E+07 mb/sr,
    17.00 deg.: X-S =   1.6772E+07 mb/sr,
    18.00 deg.: X-S =   1.3924E+07 mb/sr,
    19.00 deg.: X-S =   1.1906E+07 mb/sr,
    20.00 deg.: X-S =   1.2809E+07 mb/sr,
    21.00 deg.: X-S =   1.3686E+07 mb/sr,
    22.00 deg.: X-S =   1.1974E+07 mb/sr,
    23.00 deg.: X-S =   9.9159E+06 mb/sr,
    24.00 deg.: X-S =   1.0344E+07 mb/sr,
    25.00 deg.: X-S =   1.1591E+07 mb/sr,
    26.00 deg.: X-S =   1.0651E+07 mb/sr,
    27.00 deg.: X-S =   8.6561E+06 mb/sr,
    28.00 deg.: X-S =   8.6870E+06 mb/sr,
    29.00 deg.: X-S =   1.0065E+07 mb/sr,
    30.00 deg.: X-S =   9.6908E+06 mb/sr,
    31.00 deg.: X-S =   7.8228E+06 mb/sr,
    32.00 deg.: X-S =   7.5170E+06 mb/sr,
    33.00 deg.: X-S =   8.8797E+06 mb/sr,
    34.00 deg.: X-S =   8.9334E+06 mb/sr,
    35.00 deg.: X-S =   7.2408E+06 mb/sr,
    36.00 deg.: X-S =   6.6563E+06 mb/sr,
    37.00 deg.: X-S =   7.9042E+06 mb/sr,
    38.00 deg.: X-S =   8.2787E+06 mb/sr,
    39.00 deg.: X-S =   6.8014E+06 mb/sr,
    40.00 deg.: X-S =   5.9979E+06 mb/sr,
    41.00 deg.: X-S =   7.0614E+06 mb/sr,
    42.00 deg.: X-S =   7.6663E+06 mb/sr,
    43.00 deg.: X-S =   6.4362E+06 mb/sr,
    44.00 deg.: X-S =   5.4752E+06 mb/sr,
    45.00 deg.: X-S =   6.3078E+06 mb/sr,
    46.00 deg.: X-S =   7.0641E+06 mb/sr,
    47.00 deg.: X-S =   6.1030E+06 mb/sr,
    48.00 deg.: X-S =   5.0472E+06 mb/sr,
    49.00 deg.: X-S =   5.6229E+06 mb/sr,
    50.00 deg.: X-S =   6.4607E+06 mb/sr,
    51.00 deg.: X-S =   5.7790E+06 mb/sr,
    52.00 deg.: X-S =   4.6910E+06 mb/sr,
    53.00 deg.: X-S =   5.0043E+06 mb/sr,
    54.00 deg.: X-S =   5.8614E+06 mb/sr,
    55.00 deg.: X-S =   5.4565E+06 mb/sr,
    56.00 deg.: X-S =   4.3972E+06 mb/sr,
    57.00 deg.: X-S =   4.4617E+06 mb/sr,
    58.00 deg.: X-S =   5.2840E+06 mb/sr,
    59.00 deg.: X-S =   5.1392E+06 mb/sr,
    60.00 deg.: X-S =   4.1646E+06 mb/sr,
    61.00 deg.: X-S =   4.0104E+06 mb/sr,
    62.00 deg.: X-S =   4.7526E+06 mb/sr,
    63.00 deg.: X-S =   4.8373E+06 mb/sr,
    64.00 deg.: X-S =   3.9938E+06 mb/sr,
    65.00 deg.: X-S =   3.6631E+06 mb/sr,
    66.00 deg.: X-S =   4.2901E+06 mb/sr,
    67.00 deg.: X-S =   4.5618E+06 mb/sr,
    68.00 deg.: X-S =   3.8818E+06 mb/sr,
    69.00 deg.: X-S =   3.4234E+06 mb/sr,
    70.00 deg.: X-S =   3.9110E+06 mb/sr,
    71.00 deg.: X-S =   4.3192E+06 mb/sr,
    72.00 deg.: X-S =   3.8192E+06 mb/sr,
    73.00 deg.: X-S =   3.2825E+06 mb/sr,
    74.00 deg.: X-S =   3.6179E+06 mb/sr,
    75.00 deg.: X-S =   4.1087E+06 mb/sr,
    76.00 deg.: X-S =   3.7900E+06 mb/sr,
    77.00 deg.: X-S =   3.2225E+06 mb/sr,
    78.00 deg.: X-S =   3.4034E+06 mb/sr,
    79.00 deg.: X-S =   3.9238E+06 mb/sr,
    80.00 deg.: X-S =   3.7763E+06 mb/sr,
    81.00 deg.: X-S =   3.2219E+06 mb/sr,
    82.00 deg.: X-S =   3.2556E+06 mb/sr,
    83.00 deg.: X-S =   3.7568E+06 mb/sr,
    84.00 deg.: X-S =   3.7629E+06 mb/sr,
    85.00 deg.: X-S =   3.2623E+06 mb/sr,
    86.00 deg.: X-S =   3.1643E+06 mb/sr,
    87.00 deg.: X-S =   3.6032E+06 mb/sr,
    88.00 deg.: X-S =   3.7411E+06 mb/sr,
    89.00 deg.: X-S =   3.3319E+06 mb/sr,
    90.00 deg.: X-S =   3.1248E+06 mb/sr,
    91.00 deg.: X-S =   3.4652E+06 mb/sr,
    92.00 deg.: X-S =   3.7092E+06 mb/sr,
    93.00 deg.: X-S =   3.4253E+06 mb/sr,
    94.00 deg.: X-S =   3.1382E+06 mb/sr,
    95.00 deg.: X-S =   3.3505E+06 mb/sr,
    96.00 deg.: X-S =   3.6703E+06 mb/sr,
    97.00 deg.: X-S =   3.5394E+06 mb/sr,
    98.00 deg.: X-S =   3.2072E+06 mb/sr,
    99.00 deg.: X-S =   3.2698E+06 mb/sr,
   100.00 deg.: X-S =   3.6293E+06 mb/sr,
   101.00 deg.: X-S =   3.6695E+06 mb/sr,
   102.00 deg.: X-S =   3.3315E+06 mb/sr,
   103.00 deg.: X-S =   3.2323E+06 mb/sr,
   104.00 deg.: X-S =   3.5901E+06 mb/sr,
   105.00 deg.: X-S =   3.8064E+06 mb/sr,
   106.00 deg.: X-S =   3.5039E+06 mb/sr,
   107.00 deg.: X-S =   3.2428E+06 mb/sr,
   108.00 deg.: X-S =   3.5552E+06 mb/sr,
   109.00 deg.: X-S =   3.9375E+06 mb/sr,
   110.00 deg.: X-S =   3.7100E+06 mb/sr,
   111.00 deg.: X-S =   3.3009E+06 mb/sr,
   112.00 deg.: X-S =   3.5265E+06 mb/sr,
   113.00 deg.: X-S =   4.0499E+06 mb/sr,
   114.00 deg.: X-S =   3.9318E+06 mb/sr,
   115.00 deg.: X-S =   3.4026E+06 mb/sr,
   116.00 deg.: X-S =   3.5080E+06 mb/sr,
   117.00 deg.: X-S =   4.1356E+06 mb/sr,
   118.00 deg.: X-S =   4.1530E+06 mb/sr,
   119.00 deg.: X-S =   3.5444E+06 mb/sr,
   120.00 deg.: X-S =   3.5082E+06 mb/sr,
   121.00 deg.: X-S =   4.1955E+06 mb/sr,
   122.00 deg.: X-S =   4.3651E+06 mb/sr,
   123.00 deg.: X-S =   3.7273E+06 mb/sr,
   124.00 deg.: X-S =   3.5427E+06 mb/sr,
   125.00 deg.: X-S =   4.2427E+06 mb/sr,
   126.00 deg.: X-S =   4.5725E+06 mb/sr,
   127.00 deg.: X-S =   3.9624E+06 mb/sr,
   128.00 deg.: X-S =   3.6378E+06 mb/sr,
   129.00 deg.: X-S =   4.3055E+06 mb/sr,
   130.00 deg.: X-S =   4.7968E+06 mb/sr,
   131.00 deg.: X-S =   4.2765E+06 mb/sr,
   132.00 deg.: X-S =   3.8344E+06 mb/sr,
   133.00 deg.: X-S =   4.4297E+06 mb/sr,
   134.00 deg.: X-S =   5.0798E+06 mb/sr,
   135.00 deg.: X-S =   4.7161E+06 mb/sr,
   136.00 deg.: X-S =   4.1926E+06 mb/sr,
   137.00 deg.: X-S =   4.6799E+06 mb/sr,
   138.00 deg.: X-S =   5.4827E+06 mb/sr,
   139.00 deg.: X-S =   5.3489E+06 mb/sr,
   140.00 deg.: X-S =   4.7937E+06 mb/sr,
   141.00 deg.: X-S =   5.1388E+06 mb/sr,
   142.00 deg.: X-S =   6.0830E+06 mb/sr,
   143.00 deg.: X-S =   6.2624E+06 mb/sr,
   144.00 deg.: X-S =   5.7413E+06 mb/sr,
   145.00 deg.: X-S =   5.9065E+06 mb/sr,
   146.00 deg.: X-S =   6.9715E+06 mb/sr,
   147.00 deg.: X-S =   7.5641E+06 mb/sr,
   148.00 deg.: X-S =   7.1660E+06 mb/sr,
   149.00 deg.: X-S =   7.1055E+06 mb/sr,
   150.00 deg.: X-S =   8.2562E+06 mb/sr,
   151.00 deg.: X-S =   9.3891E+06 mb/sr,
   152.00 deg.: X-S =   9.2415E+06 mb/sr,
   153.00 deg.: X-S =   8.8987E+06 mb/sr,
   154.00 deg.: X-S =   1.0079E+07 mb/sr,
   155.00 deg.: X-S =   1.1928E+07 mb/sr,
   156.00 deg.: X-S =   1.2229E+07 mb/sr,
   157.00 deg.: X-S =   1.1535E+07 mb/sr,
   158.00 deg.: X-S =   1.2656E+07 mb/sr,
   159.00 deg.: X-S =   1.5491E+07 mb/sr,
   160.00 deg.: X-S =   1.6582E+07 mb/sr,
   161.00 deg.: X-S =   1.5452E+07 mb/sr,
   162.00 deg.: X-S =   1.6360E+07 mb/sr,
   163.00 deg.: X-S =   2.0661E+07 mb/sr,
   164.00 deg.: X-S =   2.3236E+07 mb/sr,
   165.00 deg.: X-S =   2.1572E+07 mb/sr,
   166.00 deg.: X-S =   2.1924E+07 mb/sr,
   167.00 deg.: X-S =   2.8710E+07 mb/sr,
   168.00 deg.: X-S =   3.4540E+07 mb/sr,
   169.00 deg.: X-S =   3.2318E+07 mb/sr,
   170.00 deg.: X-S =   3.1066E+07 mb/sr,
   171.00 deg.: X-S =   4.3011E+07 mb/sr,
   172.00 deg.: X-S =   5.8468E+07 mb/sr,
   173.00 deg.: X-S =   5.7209E+07 mb/sr,
   174.00 deg.: X-S =   4.9303E+07 mb/sr,
   175.00 deg.: X-S =   7.5484E+07 mb/sr,
   176.00 deg.: X-S =   1.4646E+08 mb/sr,
   177.00 deg.: X-S =   2.0588E+08 mb/sr,
   178.00 deg.: X-S =   1.8971E+08 mb/sr,
   179.00 deg.: X-S =   1.1558E+08 mb/sr,
   180.00 deg.: X-S =   7.3441E+07 mb/sr,
                                           Integrated********** mb, over [   0.000, 180.000] at   125.0000 MeV 
 Finished all xsecs @    2.50000000    

  The following files have been created:
   3:local copy of User input.            6:standard output.                   
   7:elastic  S-matrix elements.         12:transfer kernels.                  
  13:total cross sections/state.         16:tables of cross sections.          
  35:Astrophysics S-factors  / Ecm.      38:cross sections for each J/pi.      
  39:cross sections for each Ecm.        40:all cross sectns. for each Elab.   
  45:scat phase shift as E functions.    46:bs wave functions & ANC ratios.    
  56:Fusion for each Jtotal.             75:S-factors for lab energies.        
 201:Separate cross sections.           202:Separate cross sections.           

 PARAMETERS : MAXQRN   MFNL   MLOC  LMAX1 MCLIST
    ALLOWED :      4     25     10    100      6
    REQUIRED:      1      4     10     82      3


 ACCURACY ANALYSIS at   125.000 MeV :

  Elastic h*k = 0.122 so OK       compared with 0.200

   Real(S-el) > 0.01 first at J =       7.0
   Real(S-el) > 0.10 first at J =       8.0
   Real(S-el) > 0.50 first at J =      15.0
   Real(S-el) > 0.90 first at J =      16.0
   Real(S-el) > 0.99 first at J =      18.0
   R-turn =    32.96 fm    at J =      80.0

 Forward-angle excitation cut off below   0.160 deg by max JT =      80.0
                              and below   0.176 deg by max R.


 1: Recommended RNL: non-local width >  12.20 cf:  30.00 fm: OK      
    Recommended CENTRE: centration   ~   1.20 cf:   0.00 fm

 Total CPU  0 time =       2.52 seconds
