 FRESCO - FRES 3.4: Coupled Reaction Channels
 Assuming NAMELIST input.

 4He(4He,n)7Be  E=280 MeV  Q=-18.990  [he4_he4_n_be7]                            

   0.050  30.000   0.250   0.100  30.000   0.000   0.000   0.000   0.000   0.000

 Centre-of-mass Range is    602 * 0.0500 fm., Maximum at  30.00 fm., Interpolating NL forms every  0.25 fm.
 Non - locality width is    301 * 0.1000 fm., Maximum of  30.00 fm., Centred at  0.00 fm.
 2-Nucleon Separation of      0 * 0.2500 fm., Maximum of   0.00 fm., Minimum at  0.00 fm.
 Maximum single particle bins of 30.0000 fm.
               M,Mint =          601         601


 Range of total J is     0.0 <= J <=    80.0 (at least     0.0) and Absorbtion =>    -1.0000 mb.
 Dry Run = F, CC set limits =  0  0, Relativistic kinematics = a, Both/Far/Near Analyses =  1                     

 Cross Sections (and up to T0 for 0=projectile) for Theta from   0.0 to 180.0 in steps of  1.0 degrees, DGAM=0,  Coordinates = 0 (Mads)

 Lower Radial Cutoff = maximum of  3.00*L*h &       0.0 fm.,  Lower Cutoff for Couplings =   0.0  fm.


 Iterate Couplings between   1 and   1 times, to  0.000 % if sooner.                                          
  Block solved exactly =   0 chs., with Pade = 0 & Isocen =  =0, NOSOL = F, initwf =  0
  NL quadrature with   18 Gaussian points, Calculate multipoles up to    86 from   0
  M-transfers for lp+lt greater than or equal to  6, Angular Integration Cutoff below  2.7778 %


 Trace switches are :  CHANS =  1, LISTCC =  0, TRENEG =  0, CDETR =  0, SMATS =  2, XSTABL =  1, NLPL =  0

                       WAVES =  0, LAMPL =  0, VEFF =  0, KFUS =  0, WDISK =  0, BPM =  0, MELFIL =  0

                       CDCC =  0, NFUS =  0

 Using unit mass = 1.000000 amu and 1/fine-structure constant = 137.03599 ( 1.000000 * true ) with hc = 197.32705 MeV.fm,
  thus 2*amu/hbar^2 = 0.0478450 = 1/20.9008 and Coulomb constant = 0.1574855 so e^2 = 1.43997, and nuclear magneton= 0.1261183

 Now pre-scan input and save to file 3



 *********** PARTITION NUMBER  1 ******************************************************************************************

   PROJ=4He        MASS=  4.0000 Z=   2.0,        # STATES=    1T, TARG=4He      MASS=  4.0000 Z=   2.0,     Q-VALUE =   0.0000 MEV.

     1:  J= 0.0+ (B# 1), E=  0.0000, K= 0.0              Potl#  1       J= 0.0+ (B# 1), E=  0.0000, K= 0.0    


 *********** PARTITION NUMBER  2 ******************************************************************************************

   PROJ=n          MASS=  1.0000 Z=   0.0,        # STATES=    1T, TARG=7Be      MASS=  7.0000 Z=   4.0,     Q-VALUE = -18.9900 MEV.

     1:  J= 0.5+ (B# 1), E=  0.0000, K= 0.5              Potl#  2       J= 1.5- (B#-1), E=  0.0000, K= 0.5    
0****** WARNING : COMPARED WITH PARTITION  1, THIS PARTITION HAS TOTAL MASS & CHARGE EXCESSES  -0.02039 &   0.0000


 ************************************************************************************************************************************

 The following POTENTIALS are defined :

  KP#       TYPE      IT    SHAPE      at     V1        r1        a1        V2        r2        a2        A-in     A-used


                                            A#1       A#2        r0c       ac                                                h @ 1
    1    0=Coulomb       0=CHARGE (WS)  1     4.000     4.000    1.4000    0.0000    0.0000    0.0000     0.000    32.000   0.05000

    1    1=Volume        0=Woods-Saxon  2  120.0000    1.4000    0.5500   15.0000    1.4000    0.5500     0.000    32.000
   --------------------------------------------------------------------------------------------------------------------

                                            A#1       A#2        r0c       ac                                                h @ 2
    2    0=Coulomb       0=CHARGE (WS)  3     1.000     7.000    0.0000    0.0000    0.0000    0.0000     0.000    24.717   0.05000

    2    1=Volume        0=Woods-Saxon  4   48.0000    1.2000    0.6500    0.0000    1.2000    0.6500     0.000    24.717

    2    2=Surface       0=Woods-Saxon  5    0.0000    0.0000    0.0000    6.0000    1.3000    0.5000     0.000    24.717

    2    3=Projtl S.O.   0=Woods-Saxon  6    5.5000    1.0000    0.5000    0.0000    0.0000    0.0000     0.000    24.717
   --------------------------------------------------------------------------------------------------------------------

    3    1=Volume        0=Woods-Saxon  7   50.0000    1.2500    0.6500    0.0000    0.0000    0.0000     0.000    24.717

    3    3=Projtl S.O.   0=Woods-Saxon  8    6.0000    1.2500    0.6500    0.0000    0.0000    0.0000     0.000    24.717
   --------------------------------------------------------------------------------------------------------------------

    4    1=Volume        0=Woods-Saxon  9   50.0000    1.2500    0.6500    0.0000    0.0000    0.0000     0.000    24.717

    4    3=Projtl S.O.   0=Woods-Saxon 10    6.0000    1.2500    0.6500    0.0000    0.0000    0.0000     0.000    24.717


 ************************************************************************************************************************************

 The following SINGLE-PARTICLE FORM FACTORS are constructed :


 No.   P1 P2 IN KIND T N  L  S1 IA J/S  IB BIND XFER  BE    SC PC FIL AFRAC Adjust  to  Z  Mass   K     Norm    rms      D0     D   ANC/Gsp

    1:  2  1  1  0     1  0 0.5  1 0.5   0   3   0  20.5780  1  0  0 0.0000 VR  0.7477; 2. 3.000 0.8593 1.0000  2.579 -439.6-1093.5 11.0687

    2:  1  2  2  0     2  1 0.5  1 1.5   0   4   0   1.5870  1  0  0 0.0000 VR  0.7022; 2. 3.000 0.3608 1.0000  4.679   92.7  150.1-16.0626

 ************************************************************************************************************************************

 TWO-way COUPLING # 1 for partitions  2 <-  1 of KIND  7,   0 -1  5 -1 -1 & P1,P2 =    0.0000   0.0000 : for J <=    80.5 & R <  29.8 fm.


 data =  1  1  1  1  1.0000,  so  < [4He      #  1] / [n        #  1]  * Eigen-form #  1>  =   1.0000            BE = 20.578     1

 data =  2  1  1  2  1.0000,  so  < [7Be      #  1] / [4He      #  1]  * Eigen-form #  2>  =   1.0000            BE =  1.587     2
 KNT =   2, KNP =   1: NK,NG,loc=   1   1   1  11  T  T  F

     So FINITE-RANGE TRANSFER : IP1 = 0 (POST    ), IP2=-1 =COMPLEX     ,  for   1 pairs of bound states summed into   1 pairs
      The main coupling potential is that binding the transferred particle to the n        core.

          Using between n        & 4He      the potential No.   5, and subtracting optical potential No.  2

   A real*8 is            8  bytes
   NLL,NLN,NLO =         120         121         301
0File   9 needs RL =   72240    REAL*8 numbers, and NR =    88. i.e.    50.86 Megabytes
   File            9  RECL =      577920
0RECOMMENDED NON-LOCAL WIDTH IS GREATER THAN   12.20 FM.,  RECOMMENDED CENTRATION   1.20, after    0.40 secs.
0Relative non-local usages (rms) are
    0.000   0.000   0.000   0.000   0.000   0.000   0.000   0.000   0.000   0.000   0.000   0.000   0.000   0.000   0.000
    0.000   0.000   0.000   0.000   0.000   0.000   0.000   0.000   0.000   0.000   0.000   0.000   0.000   0.000   0.000
    0.000   0.000   0.000   0.000   0.000   0.000   0.000   0.000   0.000   0.000   0.000   0.000   0.000   0.000   0.000
    0.000   0.000   0.000   0.000   0.000   0.000   0.000   0.000   0.000   0.000   0.000   0.000   0.000   0.000   0.000
    0.000   0.000   0.000   0.000   0.000   0.000   0.000   0.000   0.000   0.000   0.000   0.000   0.000   0.000   0.000
    0.000   0.000   0.000   0.000   0.000   0.000   0.001   0.001   0.001   0.002   0.003   0.005   0.006   0.009   0.012
    0.014   0.022   0.028   0.039   0.052   0.063   0.096   0.120   0.167   0.223   0.266   0.398   0.493   0.674   0.885
    1.047   1.517   1.856   2.444   3.128   3.647   4.953   5.909   7.336   8.967  10.197  12.757  14.660  17.125  19.854
   21.876  25.543  28.263  31.490  34.978  37.503  41.815  44.994  48.622  52.516  55.287  59.928  63.315  67.084  71.071
   73.831  78.314  81.483  84.794  88.183  90.288  93.587  95.594  97.383  98.939  99.288 100.000  99.516  98.196  96.260
   93.695  90.783  87.201  82.652  77.504  71.954  66.183  60.433  54.899  49.518  44.395  39.665  35.425  31.793  28.839
   26.591  25.018  24.020  23.451  23.146  22.970  22.812  22.596  22.277  21.831  21.257  20.563  19.764  18.882  17.939
   16.955  15.951  14.944  13.950  12.979  12.042  11.144  10.292   9.486   8.729   8.021   7.361   6.747   6.177   5.650
    5.163   4.713   4.299   3.917   3.566   3.243   2.947   2.675   2.426   2.198   1.989   1.798   1.624   1.465   1.321
    1.189   1.070   0.961   0.863   0.774   0.694   0.621   0.556   0.497   0.444   0.396   0.353   0.315   0.280   0.250
    0.222   0.198   0.176   0.156   0.139   0.123   0.109   0.097   0.086   0.076   0.068   0.060   0.053   0.047   0.042
    0.037   0.033   0.029   0.026   0.023   0.020   0.018   0.016   0.014   0.012   0.011   0.010   0.009   0.008   0.007
    0.006   0.005   0.005   0.004   0.004   0.003   0.003   0.003   0.002   0.002   0.002   0.002   0.001   0.001   0.001
    0.001   0.001   0.001   0.001   0.001   0.001   0.000   0.000   0.000   0.000   0.000   0.000   0.000   0.000   0.000
    0.000   0.000   0.000   0.000   0.000   0.000   0.000   0.000   0.000   0.000   0.000   0.000   0.000   0.000   0.000
    0.000

 Incoming partition  1 in excitation state # 1,   Laboratory Energy given for partition  1 Nucleus 1 in Excitation pair 1

0Lab. ENERGY ranges :

   from    280.000     to   0.00000     in     0 intervals
   from    0.00000     to   0.00000     in     0 intervals
   from    0.00000     to   0.00000     in     0 intervals

 Largest real,imaginary parts of any form factor at R=   29.50 are   4.88E-02  2.46E-19 MeV
 Finished all Couplings @   0.468750000              10

 Symmetric Hamiltonian
1***********************************************************************************************************************************
************************************************************************************************************************************

        INCOMING 4He      ;    LABORATORY 4He      ENERGY =   280.00     MeV.

 ***********************************************************************************************************************************
 ***********************************************************************************************************************************


  NOTE: Coulomb excitation cut off below   0.107 deg by JTMAX, and below   0.079 deg by Rmax

 Allocate arrays for            2  channels, of which            2  need wfs.

 ######################################################################################################################
 #                                                                                                                    #
 # Total SPIN and PARITY =     0.0 +,      2 channels,    0 in 1st block.  Rmin & Coul turning =    0.0    0.0 fm.  #
 #                                                                                                                    #
 ######################################################################################################################



    C Projectl Target   #   EX.   (L  Proj) J  + Targ = Jtotal     E-cm      Re K     Re Eta     RM*K            CH
    1 4He      4He      #    1: I   0 0.0    0.0  0.0     0.0   140.00000   3.66014   0.07529  109.8041  -0.28276  -0.41258 1 1 1   1
    2 n        7Be      #    1:     1 0.5    1.5  1.5     0.0   125.90403   2.29584   0.00000   68.8753   0.48742  -0.11167 2 1 2   1
   S-matrix    1 =    0.26453  -0.01521 for L=    0, J=    0.0 channel on core I =   0.0 from L=    0,  Acc. loss =  0.0 D.
 Elastic phase shift   1 =   -1.646  38.048 deg. for the L =    0, J =    0.0 channel.
       0.0  0.26453413 -0.01521470i: elastic S-matrix  @@      0.00  0   0 F  0
 Reaction Xsec     0.0+/ 0 @ 1 =   2.180 , Out:   0.000#   0.023#   2.180f

 Allocate arrays for            4  channels, of which            4  need wfs.

 Total SPIN, PARITY =     1.0 -,      4 chs,      0 cc.  Rmin & Coul turning =    0.2    0.4
   S-matrix    1 =    0.25429  -0.08190 for L=    1, J=    1.0 channel on core I =   0.0 from L=    1,  Acc. loss =  0.0 D.
 Elastic phase shift   1 =   -8.927  37.813 deg. for the L =    1, J =    1.0 channel.
       1.0  0.25428751 -0.08190273i: elastic S-matrix  @@      0.02  0   0 F  0
 Reaction Xsec     1.0-/ 1 @ 1 =   6.533 , Out:   0.000#   0.005#   6.533f

 Allocate arrays for            5  channels, of which            5  need wfs.

 Total SPIN, PARITY =     2.0 +,      5 chs,      0 cc.  Rmin & Coul turning =    0.3    0.7
   S-matrix    1 =    0.24062  -0.12206 for L=    2, J=    2.0 channel on core I =   0.0 from L=    2,  Acc. loss =  0.0 D.
 Elastic phase shift   1 =  -13.449  37.530 deg. for the L =    2, J =    2.0 channel.
       2.0  0.24062061 -0.12206316i: elastic S-matrix  @@      0.03  0   0 F  0
 Reaction Xsec     2.0+/ 2 @ 1 =  10.872 , Out:   0.000#   0.011#  10.872f


 Total SPIN, PARITY =     3.0 -,      5 chs,      0 cc.  Rmin & Coul turning =    0.5    1.0
   S-matrix    1 =    0.22330  -0.15597 for L=    3, J=    3.0 channel on core I =   0.0 from L=    3,  Acc. loss =  0.0 D.
 Elastic phase shift   1 =  -17.466  37.259 deg. for the L =    3, J =    3.0 channel.
       3.0  0.22330046 -0.15596638i: elastic S-matrix  @@      0.03  0   0 F  0
 Reaction Xsec     3.0-/ 3 @ 1 =  15.198 , Out:   0.000#   0.022#  15.198f


 Total SPIN, PARITY =     4.0 +,      5 chs,      0 cc.  Rmin & Coul turning =    0.6    1.2
   S-matrix    1 =    0.19799  -0.19109 for L=    4, J=    4.0 channel on core I =   0.0 from L=    4,  Acc. loss =  0.0 D.
 Elastic phase shift   1 =  -21.992  36.966 deg. for the L =    4, J =    4.0 channel.
       4.0  0.19799227 -0.19109375i: elastic S-matrix  @@      0.03  0   0 F  0
 Reaction Xsec     4.0+/ 4 @ 1 =  19.508 , Out:   0.000#   0.032#  19.508f


 Total SPIN, PARITY =     5.0 -,      5 chs,      0 cc.  Rmin & Coul turning =    0.8    1.5
   S-matrix    1 =    0.16087  -0.22729 for L=    5, J=    5.0 channel on core I =   0.0 from L=    5,  Acc. loss =  0.0 D.
 Elastic phase shift   1 =  -27.355  36.625 deg. for the L =    5, J =    5.0 channel.
       5.0  0.16087414 -0.22729094i: elastic S-matrix  @@      0.02  0   0 F  0
 Reaction Xsec     5.0-/ 5 @ 1 =  23.795 , Out:   0.000#   0.022#  23.795f


 Total SPIN, PARITY =     6.0 +,      5 chs,      0 cc.  Rmin & Coul turning =    0.9    1.8
   S-matrix    1 =    0.10845  -0.26070 for L=    6, J=    6.0 channel on core I =   0.0 from L=    6,  Acc. loss =  0.0 D.
 Elastic phase shift   1 =  -33.707  36.227 deg. for the L =    6, J =    6.0 channel.
       6.0  0.10844972 -0.26070218i: elastic S-matrix  @@      0.03  0   0 F  0
 Reaction Xsec     6.0+/ 6 @ 1 =  28.055 , Out:   0.000#   0.135#  28.055f


 Total SPIN, PARITY =     7.0 -,      5 chs,      0 cc.  Rmin & Coul turning =    1.1    2.1
   S-matrix    1 =    0.03826  -0.28443 for L=    7, J=    7.0 channel on core I =   0.0 from L=    7,  Acc. loss =  0.0 D.
 Elastic phase shift   1 =  -41.170  35.762 deg. for the L =    7, J =    7.0 channel.
       7.0  0.03825790 -0.28442589i: elastic S-matrix  @@      0.02  0   0 F  0
 Reaction Xsec     7.0-/ 7 @ 1 =  32.279 , Out:   0.000#   0.459#  32.279f


 Total SPIN, PARITY =     8.0 +,      5 chs,      0 cc.  Rmin & Coul turning =    1.2    2.3
   S-matrix    1 =   -0.04915  -0.28832 for L=    8, J=    8.0 channel on core I =   0.0 from L=    8,  Acc. loss =  0.0 D.
 Elastic phase shift   1 =  -49.837  35.219 deg. for the L =    8, J =    8.0 channel.
       8.0 -0.04915009 -0.28831986i: elastic S-matrix  @@      0.03  0   0 F  0
 Reaction Xsec     8.0+/ 8 @ 1 =  36.456 , Out:   0.000#   0.251#  36.456f


 Total SPIN, PARITY =     9.0 -,      5 chs,      0 cc.  Rmin & Coul turning =    1.4    2.6
   S-matrix    1 =   -0.14791  -0.25963 for L=    9, J=    9.0 channel on core I =   0.0 from L=    9,  Acc. loss =  0.0 D.
 Elastic phase shift   1 =  -59.835  34.606 deg. for the L =    9, J =    9.0 channel.
       9.0 -0.14790542 -0.25962520i: elastic S-matrix  @@      0.02  0   0 F  0
 Reaction Xsec     9.0-/ 9 @ 1 =  40.578 , Out:   0.000#   1.732#  40.578f


 Total SPIN, PARITY =    10.0 +,      5 chs,      0 cc.  Rmin & Coul turning =    1.5    2.9
   S-matrix    1 =   -0.24330  -0.18596 for L=   10, J=   10.0 channel on core I =   0.0 from L=   10,  Acc. loss =  0.0 D.
 Elastic phase shift   1 =  -71.304  33.902 deg. for the L =   10, J =   10.0 channel.
      10.0 -0.24330117 -0.18596142i: elastic S-matrix  @@      0.03  0   0 F  0
 Reaction Xsec    10.0+/10 @ 1 =  44.628 , Out:   0.000#   1.076#  44.628f


 Total SPIN, PARITY =    11.0 -,      5 chs,      0 cc.  Rmin & Coul turning =    1.7    3.2
   S-matrix    1 =   -0.30866  -0.06117 for L=   11, J=   11.0 channel on core I =   0.0 from L=   11,  Acc. loss =  0.0 D.
 Elastic phase shift   1 =  -84.395  33.124 deg. for the L =   11, J =   11.0 channel.
      11.0 -0.30866499 -0.06117132i: elastic S-matrix  @@      0.03  0   0 F  0
 Reaction Xsec    11.0-/11 @ 1 =  48.596 , Out:   0.000#   1.550#  48.596f


 Total SPIN, PARITY =    12.0 +,      5 chs,      0 cc.  Rmin & Coul turning =    1.8    3.4
   S-matrix    1 =   -0.30695   0.10418 for L=   12, J=   12.0 channel on core I =   0.0 from L=   12,  Acc. loss =  0.0 D.
 Elastic phase shift   1 =   80.626  32.273 deg. for the L =   12, J =   12.0 channel.
      12.0 -0.30695482  0.10418189i: elastic S-matrix  @@      0.02  0   0 F  0
 Reaction Xsec    12.0+/12 @ 1 =  52.466 , Out:   0.000#   2.828#  52.466f


 Total SPIN, PARITY =    13.0 -,      5 chs,      0 cc.  Rmin & Coul turning =    2.0    3.7
   S-matrix    1 =   -0.20209   0.26773 for L=   13, J=   13.0 channel on core I =   0.0 from L=   13,  Acc. loss =  0.0 D.
 Elastic phase shift   1 =   63.523  31.292 deg. for the L =   13, J =   13.0 channel.
      13.0 -0.20208959  0.26773107i: elastic S-matrix  @@      0.03  0   0 F  0
 Reaction Xsec    13.0-/13 @ 1 =  56.192 , Out:   0.000#   1.078#  56.192f


 Total SPIN, PARITY =    14.0 +,      5 chs,      0 cc.  Rmin & Coul turning =    2.1    4.0
   S-matrix    1 =    0.01241   0.34713 for L=   14, J=   14.0 channel on core I =   0.0 from L=   14,  Acc. loss =  0.0 D.
 Elastic phase shift   1 =   43.976  30.293 deg. for the L =   14, J =   14.0 channel.
      14.0  0.01240840  0.34713362i: elastic S-matrix  @@      0.03  0   0 F  0
 Reaction Xsec    14.0+/14 @ 1 =  59.801 , Out:   0.000#   0.018#  59.801f


 Total SPIN, PARITY =    15.0 -,      5 chs,      0 cc.  Rmin & Coul turning =    2.2    4.3
   S-matrix    1 =    0.26606   0.24354 for L=   15, J=   15.0 channel on core I =   0.0 from L=   15,  Acc. loss =  0.0 D.
 Elastic phase shift   1 =   21.235  29.213 deg. for the L =   15, J =   15.0 channel.
      15.0  0.26605736  0.24353867i: elastic S-matrix  @@      0.03  0   0 F  0
 Reaction Xsec    15.0-/15 @ 1 =  63.239 , Out:   0.000#   0.088#  63.239f


 Total SPIN, PARITY =    16.0 +,      5 chs,      0 cc.  Rmin & Coul turning =    2.4    4.5
   S-matrix    1 =    0.37476  -0.06556 for L=   16, J=   16.0 channel on core I =   0.0 from L=   16,  Acc. loss =  0.0 D.
 Elastic phase shift   1 =   -4.962  27.685 deg. for the L =   16, J =   16.0 channel.
      16.0  0.37475701 -0.06556335i: elastic S-matrix  @@      0.05  0   0 F  0
 Reaction Xsec    16.0+/16 @ 1 =  66.186 , Out:   0.000#   0.017#  66.186f


 Total SPIN, PARITY =    17.0 -,      5 chs,      0 cc.  Rmin & Coul turning =    2.6    4.8
   S-matrix    1 =    0.13115  -0.36953 for L=   17, J=   17.0 channel on core I =   0.0 from L=   17,  Acc. loss =  0.0 D.
 Elastic phase shift   1 =  -35.230  26.820 deg. for the L =   17, J =   17.0 channel.
      17.0  0.13114667 -0.36952924i: elastic S-matrix  @@      0.05  0   0 F  0
 Reaction Xsec    17.0-/17 @ 1 =  69.458 , Out:   0.000#   0.003#  69.458f


 Total SPIN, PARITY =    18.0 +,      5 chs,      0 cc.  Rmin & Coul turning =    2.7    5.1
   S-matrix    1 =   -0.35472  -0.19781 for L=   18, J=   18.0 channel on core I =   0.0 from L=   18,  Acc. loss =  0.0 D.
 Elastic phase shift   1 =  -75.427  25.813 deg. for the L =   18, J =   18.0 channel.
      18.0 -0.35471932 -0.19781093i: elastic S-matrix  @@      0.05  0   0 F  0
 Reaction Xsec    18.0+/18 @ 1 =  72.455 , Out:   0.000#   0.001#  72.455f


 Total SPIN, PARITY =    19.0 -,      5 chs,      0 cc.  Rmin & Coul turning =    2.9    5.3
   S-matrix    1 =   -0.30665   0.48663 for L=   19, J=   19.0 channel on core I =   0.0 from L=   19,  Acc. loss =  0.0 D.
 Elastic phase shift   1 =   61.109  15.844 deg. for the L =   19, J =   19.0 channel.
      19.0 -0.30665103  0.48662640i: elastic S-matrix  @@      0.06  0   0 F  0
 Reaction Xsec    19.0-/19 @ 1 =  61.200 , Out:   0.000#   0.003#  61.200f


 Total SPIN, PARITY =    20.0 +,      5 chs,      0 cc.  Rmin & Coul turning =    3.0    5.6
   S-matrix    1 =    0.29719   0.72281 for L=   20, J=   20.0 channel on core I =   0.0 from L=   20,  Acc. loss =  0.0 D.
 Elastic phase shift   1 =   33.825   7.062 deg. for the L =   20, J =   20.0 channel.
      20.0  0.29719086  0.72281180i: elastic S-matrix  @@      0.05  0   0 F  0
 Reaction Xsec    20.0+/20 @ 1 =  37.423 , Out:   0.000#   0.001#  37.423f


 Total SPIN, PARITY =    21.0 -,      5 chs,      0 cc.  Rmin & Coul turning =    3.2    5.9
   S-matrix    1 =    0.69819   0.55374 for L=   21, J=   21.0 channel on core I =   0.0 from L=   21,  Acc. loss =  0.0 D.
 Elastic phase shift   1 =   19.209   3.302 deg. for the L =   21, J =   21.0 channel.
      21.0  0.69819135  0.55373590i: elastic S-matrix  @@      0.06  0   0 F  0
 Reaction Xsec    21.0-/21 @ 1 =  20.763 , Out:   0.000#   0.000#  20.763f


 Total SPIN, PARITY =    22.0 +,      5 chs,      0 cc.  Rmin & Coul turning =    3.3    6.2
   S-matrix    1 =    0.87033   0.36061 for L=   22, J=   22.0 channel on core I =   0.0 from L=   22,  Acc. loss =  0.0 D.
 Elastic phase shift   1 =   11.253   1.709 deg. for the L =   22, J =   22.0 channel.
      22.0  0.87032994  0.36060747i: elastic S-matrix  @@      0.06  0   0 F  0
 Reaction Xsec    22.0+/22 @ 1 =  11.871 , Out:   0.000#   0.000#  11.871f


 Total SPIN, PARITY =    23.0 -,      5 chs,      0 cc.  Rmin & Coul turning =    3.5    6.4
   S-matrix    1 =    0.94073   0.22548 for L=   23, J=   23.0 channel on core I =   0.0 from L=   23,  Acc. loss =  0.0 D.
 Elastic phase shift   1 =    6.739   0.950 deg. for the L =   23, J =   23.0 channel.
      23.0  0.94073448  0.22548463i: elastic S-matrix  @@      0.03  0   0 F  0
 Reaction Xsec    23.0-/23 @ 1 =   7.073 , Out:   0.000#   0.000#   7.073f


 Total SPIN, PARITY =    24.0 +,      5 chs,      0 cc.  Rmin & Coul turning =    3.6    6.7
   S-matrix    1 =    0.97094   0.13969 for L=   24, J=   24.0 channel on core I =   0.0 from L=   24,  Acc. loss =  0.0 D.
 Elastic phase shift   1 =    4.093   0.552 deg. for the L =   24, J =   24.0 channel.
      24.0  0.97093566  0.13968555i: elastic S-matrix  @@      0.03  0   0 F  0
 Reaction Xsec    24.0+/24 @ 1 =   4.340 , Out:   0.000#   0.000#   4.340f


 Total SPIN, PARITY =    25.0 -,      5 chs,      0 cc.  Rmin & Coul turning =    3.8    7.0
   S-matrix    1 =    0.98481   0.08643 for L=   25, J=   25.0 channel on core I =   0.0 from L=   25,  Acc. loss =  0.0 D.
 Elastic phase shift   1 =    2.508   0.329 deg. for the L =   25, J =   25.0 channel.
      25.0  0.98480802  0.08643451i: elastic S-matrix  @@      0.00  0   0 F  0
 Reaction Xsec    25.0-/25 @ 1 =   2.713 , Out:   0.000#   0.000#   2.713f


 Total SPIN, PARITY =    26.0 +,      5 chs,      0 cc.  Rmin & Coul turning =    3.9    7.3
   S-matrix    1 =    0.99164   0.05352 for L=   26, J=   26.0 channel on core I =   0.0 from L=   26,  Acc. loss =  0.0 D.
 Elastic phase shift   1 =    1.545   0.199 deg. for the L =   26, J =   26.0 channel.
      26.0  0.99163600  0.05352328i: elastic S-matrix  @@      0.03  0   0 F  0
 Reaction Xsec    26.0+/26 @ 1 =   1.714 , Out:   0.000#   0.000#   1.714f


 Total SPIN, PARITY =    27.0 -,      5 chs,      0 cc.  Rmin & Coul turning =    4.0    7.5
   S-matrix    1 =    0.99521   0.03317 for L=   27, J=   27.0 channel on core I =   0.0 from L=   27,  Acc. loss =  0.0 D.
 Elastic phase shift   1 =    0.955   0.122 deg. for the L =   27, J =   27.0 channel.
0****** WARNING : ACCURACY LOSS IN ERWIN = 14.2 DIGITS, SO EXPECT ERRORS OF   0.0000 % OF UNITARITY

      27.0  0.99521144  0.03317317i: elastic S-matrix  @@      0.02  0   0 F  0
 Reaction Xsec    27.0-/27 @ 1 =   1.090 , Out:   0.000#   0.000#   1.090f


 Total SPIN, PARITY =    28.0 +,      5 chs,      0 cc.  Rmin & Coul turning =    4.2    7.8
   S-matrix    1 =    0.99718   0.02057 for L=   28, J=   28.0 channel on core I =   0.0 from L=   28,  Acc. loss =  0.0 D.
 Elastic phase shift   1 =    0.591   0.075 deg. for the L =   28, J =   28.0 channel.
0****** WARNING : ACCURACY LOSS IN ERWIN = 14.3 DIGITS, SO EXPECT ERRORS OF   0.0000 % OF UNITARITY

      28.0  0.99718127  0.02057353i: elastic S-matrix  @@      0.02  0   0 F  0
 Reaction Xsec    28.0+/28 @ 1 =   0.696 , Out:   0.000#   0.000#   0.696f


 Total SPIN, PARITY =    29.0 -,      5 chs,      0 cc.  Rmin & Coul turning =    4.4    8.1
   S-matrix    1 =    0.99831   0.01276 for L=   29, J=   29.0 channel on core I =   0.0 from L=   29,  Acc. loss =  0.0 D.
 Elastic phase shift   1 =    0.366   0.046 deg. for the L =   29, J =   29.0 channel.
      29.0  0.99830928  0.01276382i: elastic S-matrix  @@      0.02  0   0 F  0
 Reaction Xsec    29.0-/29 @ 1 =   0.445 , Out:   0.000#   0.000#   0.445f


 Total SPIN, PARITY =    30.0 +,      5 chs,      0 cc.  Rmin & Coul turning =    4.5    8.4
   S-matrix    1 =    0.99897   0.00792 for L=   30, J=   30.0 channel on core I =   0.0 from L=   30,  Acc. loss =  0.0 D.
 Elastic phase shift   1 =    0.227   0.029 deg. for the L =   30, J =   30.0 channel.
0****** WARNING : ACCURACY LOSS IN ERWIN = 15.2 DIGITS, SO EXPECT ERRORS OF   0.0000 % OF UNITARITY

      30.0  0.99897331  0.00791958i: elastic S-matrix  @@      0.02  0   0 F  0
 Reaction Xsec    30.0+/30 @ 1 =   0.285 , Out:   0.000#   0.000#   0.285f


 Total SPIN, PARITY =    31.0 -,      5 chs,      0 cc.  Rmin & Coul turning =    4.7    8.6
   S-matrix    1 =    0.99937   0.00491 for L=   31, J=   31.0 channel on core I =   0.0 from L=   31,  Acc. loss =  0.0 D.
 Elastic phase shift   1 =    0.141   0.018 deg. for the L =   31, J =   31.0 channel.
0****** WARNING : ACCURACY LOSS IN ERWIN = 14.6 DIGITS, SO EXPECT ERRORS OF   0.0000 % OF UNITARITY

      31.0  0.99937163  0.00491360i: elastic S-matrix  @@      0.02  0   0 F  0
 Reaction Xsec    31.0-/31 @ 1 =   0.182 , Out:   0.000#   0.000#   0.182f


 Total SPIN, PARITY =    32.0 +,      5 chs,      0 cc.  Rmin & Coul turning =    4.8    8.9
   S-matrix    1 =    0.99961   0.00305 for L=   32, J=   32.0 channel on core I =   0.0 from L=   32,  Acc. loss =  0.0 D.
 Elastic phase shift   1 =    0.087   0.011 deg. for the L =   32, J =   32.0 channel.
      32.0  0.99961354  0.00304810i: elastic S-matrix  @@      0.02  0   0 F  0
 Reaction Xsec    32.0+/32 @ 1 =   0.116 , Out:   0.000#   0.000#   0.116f


 Total SPIN, PARITY =    33.0 -,      5 chs,      0 cc.  Rmin & Coul turning =    5.0    9.2
   S-matrix    1 =    0.99976   0.00189 for L=   33, J=   33.0 channel on core I =   0.0 from L=   33,  Acc. loss =  0.0 D.
 Elastic phase shift   1 =    0.054   0.007 deg. for the L =   33, J =   33.0 channel.
0****** WARNING : ACCURACY LOSS IN ERWIN = 14.5 DIGITS, SO EXPECT ERRORS OF   0.0000 % OF UNITARITY

      33.0  0.99976161  0.00189045i: elastic S-matrix  @@      0.02  0   0 F  0
 Reaction Xsec    33.0-/33 @ 1 =   0.074 , Out:   0.000#   0.000#   0.074f


 Total SPIN, PARITY =    34.0 +,      5 chs,      0 cc.  Rmin & Coul turning =    5.1    9.4
   S-matrix    1 =    0.99985   0.00117 for L=   34, J=   34.0 channel on core I =   0.0 from L=   34,  Acc. loss =  0.0 D.
 Elastic phase shift   1 =    0.034   0.004 deg. for the L =   34, J =   34.0 channel.
      34.0  0.99985270  0.00117216i: elastic S-matrix  @@      0.02  0   0 F  0
 Reaction Xsec    34.0+/34 @ 1 =   0.047 , Out:   0.000#   0.002#   0.047f


 Total SPIN, PARITY =    35.0 -,      5 chs,      0 cc.  Rmin & Coul turning =    5.2    9.7
   S-matrix    1 =    0.99991   0.00073 for L=   35, J=   35.0 channel on core I =   0.0 from L=   35,  Acc. loss =  0.0 D.
 Elastic phase shift   1 =    0.021   0.003 deg. for the L =   35, J =   35.0 channel.
0****** WARNING : ACCURACY LOSS IN ERWIN = 14.8 DIGITS, SO EXPECT ERRORS OF   0.0000 % OF UNITARITY

      35.0  0.99990889  0.00072662i: elastic S-matrix  @@      0.02  0   0 F  0
 Reaction Xsec    35.0-/35 @ 1 =   0.030 , Out:   0.000#   0.000#   0.030f


 Total SPIN, PARITY =    36.0 +,      5 chs,      0 cc.  Rmin & Coul turning =    5.4   10.0
   S-matrix    1 =    0.99994   0.00045 for L=   36, J=   36.0 channel on core I =   0.0 from L=   36,  Acc. loss =  0.0 D.
 Elastic phase shift   1 =    0.013   0.002 deg. for the L =   36, J =   36.0 channel.
0****** WARNING : ACCURACY LOSS IN ERWIN = 14.4 DIGITS, SO EXPECT ERRORS OF   0.0000 % OF UNITARITY

      36.0  0.99994362  0.00045031i: elastic S-matrix  @@      0.02  0   0 F  0
 Reaction Xsec    36.0+/36 @ 1 =   0.019 , Out:   0.000#   0.003#   0.019f


 Total SPIN, PARITY =    37.0 -,      5 chs,      0 cc.  Rmin & Coul turning =    5.6   10.3
   S-matrix    1 =    0.99997   0.00028 for L=   37, J=   37.0 channel on core I =   0.0 from L=   37,  Acc. loss =  0.0 D.
 Elastic phase shift   1 =    0.008   0.001 deg. for the L =   37, J =   37.0 channel.
0****** WARNING : ACCURACY LOSS IN ERWIN = 15.2 DIGITS, SO EXPECT ERRORS OF   0.0000 % OF UNITARITY

      37.0  0.99996510  0.00027902i: elastic S-matrix  @@      0.02  0   0 F  0
 Reaction Xsec    37.0-/37 @ 1 =   0.012 , Out:   0.000#   0.002#   0.012f


 Total SPIN, PARITY =    38.0 +,      5 chs,      0 cc.  Rmin & Coul turning =    5.7   10.5
   S-matrix    1 =    0.99998   0.00017 for L=   38, J=   38.0 channel on core I =   0.0 from L=   38,  Acc. loss =  0.0 D.
 Elastic phase shift   1 =    0.005   0.001 deg. for the L =   38, J =   38.0 channel.
      38.0  0.99997840  0.00017287i: elastic S-matrix  @@      0.03  0   0 F  0
 Reaction Xsec    38.0+/38 @ 1 =   7.794/, Out:   0.000#   0.002#   0.008f


 Total SPIN, PARITY =    39.0 -,      5 chs,      0 cc.  Rmin & Coul turning =    5.9   10.8
   S-matrix    1 =    0.99999   0.00011 for L=   39, J=   39.0 channel on core I =   0.0 from L=   39,  Acc. loss =  0.0 D.
 Elastic phase shift   1 =    0.003   0.000 deg. for the L =   39, J =   39.0 channel.
0****** WARNING : ACCURACY LOSS IN ERWIN = 14.2 DIGITS, SO EXPECT ERRORS OF   0.0000 % OF UNITARITY

      39.0  0.99998663  0.00010708i: elastic S-matrix  @@      0.03  0   0 F  0
 Reaction Xsec    39.0-/39 @ 1 =   4.950/, Out:   0.000#   0.013#   0.005f


 Total SPIN, PARITY =    40.0 +,      5 chs,      0 cc.  Rmin & Coul turning =    6.0   11.1
   S-matrix    1 =    0.99999   0.00007 for L=   40, J=   40.0 channel on core I =   0.0 from L=   40,  Acc. loss =  0.0 D.
 Elastic phase shift   1 =    0.002   0.000 deg. for the L =   40, J =   40.0 channel.
0****** WARNING : ACCURACY LOSS IN ERWIN = 14.2 DIGITS, SO EXPECT ERRORS OF   0.0001 % OF UNITARITY

      40.0  0.99999173  0.00006636i: elastic S-matrix  @@      0.03  0   0 F  0
 Reaction Xsec    40.0+/40 @ 1 =   3.141/, Out:   0.000#   0.291#   0.003f


 Total SPIN, PARITY =    41.0 -,      5 chs,      0 cc.  Rmin & Coul turning =    6.2   11.4
   S-matrix    1 =    0.99999   0.00004 for L=   41, J=   41.0 channel on core I =   0.0 from L=   41,  Acc. loss =  0.0 D.
 Elastic phase shift   1 =    0.001   0.000 deg. for the L =   41, J =   41.0 channel.
0****** WARNING : ACCURACY LOSS IN ERWIN = 14.9 DIGITS, SO EXPECT ERRORS OF   0.0002 % OF UNITARITY

      41.0  0.99999488  0.00004113i: elastic S-matrix  @@      0.03  0   0 F  0
 Reaction Xsec    41.0-/41 @ 1 =   1.991/, Out:   0.000#   1.402#   0.002f


 Total SPIN, PARITY =    42.0 +,      5 chs,      0 cc.  Rmin & Coul turning =    6.3   11.6
   S-matrix    1 =    1.00000   0.00003 for L=   42, J=   42.0 channel on core I =   0.0 from L=   42,  Acc. loss =  0.0 D.
 Elastic phase shift   1 =    0.001   0.000 deg. for the L =   42, J =   42.0 channel.
      42.0  0.99999684  0.00002549i: elastic S-matrix  @@      0.03  0   0 F  0
 Reaction Xsec    42.0+/42 @ 1 =   1.261/, Out:   0.000#   0.043/   0.001f


 Total SPIN, PARITY =    43.0 -,      5 chs,      0 cc.  Rmin & Coul turning =    6.5   11.9
   S-matrix    1 =    1.00000   0.00002 for L=   43, J=   43.0 channel on core I =   0.0 from L=   43,  Acc. loss =  0.0 D.
 Elastic phase shift   1 =    0.000   0.000 deg. for the L =   43, J =   43.0 channel.
0****** WARNING : ACCURACY LOSS IN ERWIN = 14.3 DIGITS, SO EXPECT ERRORS OF   0.0028 % OF UNITARITY

      43.0  0.99999804  0.00001585i: elastic S-matrix  @@      0.02  0   0 F  0
 Reaction Xsec    43.0-/43 @ 1 =   0.798/, Out:   0.000#   0.062/   0.001f


 Total SPIN, PARITY =    44.0 +,      5 chs,      0 cc.  Rmin & Coul turning =    6.6   12.2
   S-matrix    1 =    1.00000   0.00001 for L=   44, J=   44.0 channel on core I =   0.0 from L=   44,  Acc. loss =  0.0 D.
 Elastic phase shift   1 =    0.000   0.000 deg. for the L =   44, J =   44.0 channel.
      44.0  0.99999879  0.00000985i: elastic S-matrix  @@      0.02  0   0 F  0
 Reaction Xsec    44.0+/44 @ 1 =   0.505/, Out:   0.000#   1.672/  -0.001f


 Total SPIN, PARITY =    45.0 -,      5 chs,      0 cc.  Rmin & Coul turning =    6.8   12.5
   S-matrix    1 =    1.00000   0.00001 for L=   45, J=   45.0 channel on core I =   0.0 from L=   45,  Acc. loss =  0.0 D.
 Elastic phase shift   1 =    0.000   0.000 deg. for the L =   45, J =   45.0 channel.
0****** WARNING : ACCURACY LOSS IN ERWIN = 14.3 DIGITS, SO EXPECT ERRORS OF   0.0002 % OF UNITARITY

      45.0  0.99999925  0.00000615i: elastic S-matrix  @@      0.02  0   0 F  0
 Reaction Xsec    45.0-/45 @ 1 =   0.319/, Out:   0.000#   0.041/   0.000f


 Total SPIN, PARITY =    46.0 +,      5 chs,      0 cc.  Rmin & Coul turning =    6.9   12.7
   S-matrix    1 =    1.00000   0.00000 for L=   46, J=   46.0 channel on core I =   0.0 from L=   46,  Acc. loss =  0.0 D.
 Elastic phase shift   1 =    0.000   0.000 deg. for the L =   46, J =   46.0 channel.
0****** WARNING : ACCURACY LOSS IN ERWIN = 14.7 DIGITS, SO EXPECT ERRORS OF   0.0100 % OF UNITARITY

      46.0  0.99999954  0.00000387i: elastic S-matrix  @@      0.02  0   0 F  0
 Reaction Xsec    46.0+/46 @ 1 =   0.202/, Out:   0.000#   0.177/   0.000f


 Total SPIN, PARITY =    47.0 -,      5 chs,      0 cc.  Rmin & Coul turning =    7.1   13.0
   S-matrix    1 =    1.00000   0.00000 for L=   47, J=   47.0 channel on core I =   0.0 from L=   47,  Acc. loss =  0.0 D.
 Elastic phase shift   1 =    0.000   0.000 deg. for the L =   47, J =   47.0 channel.
0****** WARNING : ACCURACY LOSS IN ERWIN = 14.8 DIGITS, SO EXPECT ERRORS OF   0.0018 % OF UNITARITY

      47.0  0.99999971  0.00000242i: elastic S-matrix  @@      0.02  0   0 F  0
 Reaction Xsec    47.0-/47 @ 1 =   0.127/, Out:   0.000#   2.100#   0.000f


 Total SPIN, PARITY =    48.0 +,      5 chs,      0 cc.  Rmin & Coul turning =    7.2   13.3
   S-matrix    1 =    1.00000   0.00000 for L=   48, J=   48.0 channel on core I =   0.0 from L=   48,  Acc. loss =  0.0 D.
 Elastic phase shift   1 =    0.000   0.000 deg. for the L =   48, J =   48.0 channel.
0****** WARNING : ACCURACY LOSS IN ERWIN = 14.5 DIGITS, SO EXPECT ERRORS OF   0.0113 % OF UNITARITY

      48.0  0.99999982  0.00000156i: elastic S-matrix  @@      0.02  0   0 F  0
 Reaction Xsec    48.0+/48 @ 1 =   0.080/, Out:   0.000#   4.345/  -0.004f


 Total SPIN, PARITY =    49.0 -,      5 chs,      0 cc.  Rmin & Coul turning =    7.4   13.5
   S-matrix    1 =    1.00000   0.00000 for L=   49, J=   49.0 channel on core I =   0.0 from L=   49,  Acc. loss =  0.0 D.
 Elastic phase shift   1 =    0.000   0.000 deg. for the L =   49, J =   49.0 channel.
      49.0  0.99999989  0.00000103i: elastic S-matrix  @@      0.02  0   0 F  0
 Reaction Xsec    49.0-/49 @ 1 =   0.051/, Out:   0.000#   6.547/  -0.006f


 Total SPIN, PARITY =    50.0 +,      5 chs,      0 cc.  Rmin & Coul turning =    7.5   13.8
   S-matrix    1 =    1.00000   0.00000 for L=   50, J=   50.0 channel on core I =   0.0 from L=   50,  Acc. loss =  0.0 D.
 Elastic phase shift   1 =    0.000   0.000 deg. for the L =   50, J =   50.0 channel.
0****** WARNING : ACCURACY LOSS IN ERWIN = 14.2 DIGITS, SO EXPECT ERRORS OF   0.0009 % OF UNITARITY

      50.0  0.99999993  0.00000065i: elastic S-matrix  @@      0.00  0   0 F  0
 Reaction Xsec    50.0+/50 @ 1 =   0.032/, Out:   0.000#   0.067/  -0.000f


 Total SPIN, PARITY =    51.0 -,      5 chs,      0 cc.  Rmin & Coul turning =    7.7   14.1
   S-matrix    1 =    1.00000   0.00000 for L=   51, J=   51.0 channel on core I =   0.0 from L=   51,  Acc. loss =  0.0 D.
 Elastic phase shift   1 =    0.000   0.000 deg. for the L =   51, J =   51.0 channel.
0****** WARNING : ACCURACY LOSS IN ERWIN = 14.4 DIGITS, SO EXPECT ERRORS OF   0.0521 % OF UNITARITY

      51.0  0.99999996  0.00000047i: elastic S-matrix  @@      0.02  0   0 F  0
 Reaction Xsec    51.0-/51 @ 1 =   0.020/, Out:   0.000#   0.016   -0.016f


 Total SPIN, PARITY =    52.0 +,      5 chs,      0 cc.  Rmin & Coul turning =    7.8   14.4
   S-matrix    1 =    1.00000   0.00000 for L=   52, J=   52.0 channel on core I =   0.0 from L=   52,  Acc. loss =  0.0 D.
 Elastic phase shift   1 =    0.000   0.000 deg. for the L =   52, J =   52.0 channel.
0****** WARNING : ACCURACY LOSS IN ERWIN = 14.4 DIGITS, SO EXPECT ERRORS OF   0.0153 % OF UNITARITY

      52.0  0.99999997  0.00000034i: elastic S-matrix  @@      0.02  0   0 F  0
 Reaction Xsec    52.0+/52 @ 1 =   0.013/, Out:   0.000#   6.203/  -0.006f


 Total SPIN, PARITY =    53.0 -,      5 chs,      0 cc.  Rmin & Coul turning =    8.0   14.6
   S-matrix    1 =    1.00000   0.00000 for L=   53, J=   53.0 channel on core I =   0.0 from L=   53,  Acc. loss =  0.0 D.
 Elastic phase shift   1 =    0.000   0.000 deg. for the L =   53, J =   53.0 channel.
0****** WARNING : ACCURACY LOSS IN ERWIN = 15.6 DIGITS, SO EXPECT ERRORS OF   0.0246 % OF UNITARITY

      53.0  0.99999998  0.00000022i: elastic S-matrix  @@      0.02  0   0 F  0
 Reaction Xsec    53.0-/53 @ 1 =   7.937#, Out:   0.000#   0.023   -0.023f


 Total SPIN, PARITY =    54.0 +,      5 chs,      0 cc.  Rmin & Coul turning =    8.1   14.9
   S-matrix    1 =    1.00000   0.00000 for L=   54, J=   54.0 channel on core I =   0.0 from L=   54,  Acc. loss =  0.0 D.
 Elastic phase shift   1 =    0.000   0.000 deg. for the L =   54, J =   54.0 channel.
0****** WARNING : ACCURACY LOSS IN ERWIN = 15.1 DIGITS, SO EXPECT ERRORS OF   0.1089 % OF UNITARITY

      54.0  0.99999999  0.00000020i: elastic S-matrix  @@      0.02  0   0 F  0
 Reaction Xsec    54.0+/54 @ 1 =   4.989#, Out:   0.000#   1.065   -1.065f


 Total SPIN, PARITY =    55.0 -,      5 chs,      0 cc.  Rmin & Coul turning =    8.2   15.2
   S-matrix    1 =    1.00000   0.00000 for L=   55, J=   55.0 channel on core I =   0.0 from L=   55,  Acc. loss =  0.0 D.
 Elastic phase shift   1 =    0.000   0.000 deg. for the L =   55, J =   55.0 channel.
      55.0  0.99999999  0.00000016i: elastic S-matrix  @@      0.03  0   0 F  0
 Reaction Xsec    55.0-/55 @ 1 =   3.134#, Out:   0.000#   2.521   -2.521f


 Total SPIN, PARITY =    56.0 +,      5 chs,      0 cc.  Rmin & Coul turning =    8.4   15.5
   S-matrix    1 =    1.00000   0.00000 for L=   56, J=   56.0 channel on core I =   0.0 from L=   56,  Acc. loss =  0.0 D.
 Elastic phase shift   1 =    0.000   0.000 deg. for the L =   56, J =   56.0 channel.
0****** WARNING : ACCURACY LOSS IN ERWIN = 15.0 DIGITS, SO EXPECT ERRORS OF   5.2470 % OF UNITARITY

      56.0  1.00000000  0.00000010i: elastic S-matrix  @@      0.03  0   0 F  0
 Reaction Xsec    56.0+/56 @ 1 =   1.968#, Out:   0.000#  10.201  -10.201f


 Total SPIN, PARITY =    57.0 -,      5 chs,      0 cc.  Rmin & Coul turning =    8.6   15.7
   S-matrix    1 =    1.00000   0.00000 for L=   57, J=   57.0 channel on core I =   0.0 from L=   57,  Acc. loss =  0.0 D.
 Elastic phase shift   1 =    0.000   0.000 deg. for the L =   57, J =   57.0 channel.
0****** WARNING : ACCURACY LOSS IN ERWIN = 14.5 DIGITS, SO EXPECT ERRORS OF  11.8353 % OF UNITARITY

   352569425976247.31        177671473833699.53        2.2204460492503131E-016
 Increase lower cutoff: eg CUTL. Continuing.
      57.0  1.00000000  0.00000012i: elastic S-matrix  @@      0.03  0   0 F  0
 Reaction Xsec    57.0-/57 @ 1 =   1.235#, Out:   0.000#2889.192 ********f


 Total SPIN, PARITY =    58.0 +,      5 chs,      0 cc.  Rmin & Coul turning =    8.7   16.0
   S-matrix    1 =    1.00000   0.00000 for L=   58, J=   58.0 channel on core I =   0.0 from L=   58,  Acc. loss =  0.0 D.
 Elastic phase shift   1 =    0.000   0.000 deg. for the L =   58, J =   58.0 channel.
0****** WARNING : ACCURACY LOSS IN ERWIN = 14.7 DIGITS, SO EXPECT ERRORS OF   4.5713 % OF UNITARITY

      58.0  1.00000000  0.00000011i: elastic S-matrix  @@      0.03  0   0 F  0
 Reaction Xsec    58.0+/58 @ 1 =   0.775#, Out:   0.000# 338.361 -338.361f


 Total SPIN, PARITY =    59.0 -,      5 chs,      0 cc.  Rmin & Coul turning =    8.8   16.3
   S-matrix    1 =    1.00000   0.00000 for L=   59, J=   59.0 channel on core I =   0.0 from L=   59,  Acc. loss =  0.0 D.
 Elastic phase shift   1 =    0.000   0.000 deg. for the L =   59, J =   59.0 channel.
      59.0  1.00000000  0.00000006i: elastic S-matrix  @@      0.03  0   0 F  0
 Reaction Xsec    59.0-/59 @ 1 =   0.486#, Out:   0.000#******** ********f


 Total SPIN, PARITY =    60.0 +,      5 chs,      0 cc.  Rmin & Coul turning =    9.0   16.5
   S-matrix    1 =    1.00000   0.00000 for L=   60, J=   60.0 channel on core I =   0.0 from L=   60,  Acc. loss =  0.0 D.
 Elastic phase shift   1 =    0.000   0.000 deg. for the L =   60, J =   60.0 channel.
0****** WARNING : ACCURACY LOSS IN ERWIN = 14.2 DIGITS, SO EXPECT ERRORS OF  32.1396 % OF UNITARITY

   153794319401165.16        482478891937537.94        2.2204460492503131E-016
 Increase lower cutoff: eg CUTL. Continuing.
      60.0  1.00000000  0.00000008i: elastic S-matrix  @@      0.02  0   0 F  0
 Reaction Xsec    60.0+/60 @ 1 =   0.305#, Out:   0.000#******** ********f


 Total SPIN, PARITY =    61.0 -,      5 chs,      0 cc.  Rmin & Coul turning =    9.2   16.8
   S-matrix    1 =    1.00000   0.00000 for L=   61, J=   61.0 channel on core I =   0.0 from L=   61,  Acc. loss =  0.0 D.
 Elastic phase shift   1 =    0.000   0.000 deg. for the L =   61, J =   61.0 channel.
0****** WARNING : ACCURACY LOSS IN ERWIN = 15.0 DIGITS, SO EXPECT ERRORS OF 387.6410 % OF UNITARITY

   983565407012485.12        5819265583118158.0        2.2204460492503131E-016
 Increase lower cutoff: eg CUTL. Continuing.
      61.0  1.00000000  0.00000009i: elastic S-matrix  @@      0.03  0   0 F  0
 Reaction Xsec    61.0-/61 @ 1 =   0.191#, Out:   0.000#******** ********f


 Total SPIN, PARITY =    62.0 +,      5 chs,      0 cc.  Rmin & Coul turning =    9.3   17.1
   S-matrix    1 =    1.00000   0.00000 for L=   62, J=   62.0 channel on core I =   0.0 from L=   62,  Acc. loss =  0.0 D.
 Elastic phase shift   1 =    0.000   0.000 deg. for the L =   62, J =   62.0 channel.
0****** WARNING : ACCURACY LOSS IN ERWIN = 14.2 DIGITS, SO EXPECT ERRORS OF 228.5051 % OF UNITARITY

   154353016239114.59        3430318491223186.0        2.2204460492503131E-016
 Increase lower cutoff: eg CUTL. Continuing.
      62.0  1.00000000  0.00000004i: elastic S-matrix  @@      0.03  0   0 F  0
 Reaction Xsec    62.0+/62 @ 1 =   0.120#, Out:   0.000#******** ********f


 Total SPIN, PARITY =    63.0 -,      5 chs,      0 cc.  Rmin & Coul turning =    9.5   17.4
   S-matrix    1 =    1.00000   0.00000 for L=   63, J=   63.0 channel on core I =   0.0 from L=   63,  Acc. loss =  0.0 D.
 Elastic phase shift   1 =    0.000   0.000 deg. for the L =   63, J =   63.0 channel.
0****** WARNING : ACCURACY LOSS IN ERWIN = 14.8 DIGITS, SO EXPECT ERRORS OF 494.2782 % OF UNITARITY

   591477695428590.88        7420103872114236.0        2.2204460492503131E-016
 Increase lower cutoff: eg CUTL. Continuing.
      63.0  1.00000000  0.00000004i: elastic S-matrix  @@      0.03  0   0 F  0
 Reaction Xsec    63.0-/63 @ 1 =   0.075#, Out:   0.000#******** ********f


 Total SPIN, PARITY =    64.0 +,      5 chs,      0 cc.  Rmin & Coul turning =    9.6   17.6
   S-matrix    1 =    1.00000   0.00000 for L=   64, J=   64.0 channel on core I =   0.0 from L=   64,  Acc. loss =  0.0 D.
 Elastic phase shift   1 =    0.000   0.000 deg. for the L =   64, J =   64.0 channel.
0****** WARNING : ACCURACY LOSS IN ERWIN = 14.5 DIGITS, SO EXPECT ERRORS OF2757.2849 % OF UNITARITY

   342257870593132.25        41392356847846080.        2.2204460492503131E-016
 Increase lower cutoff: eg CUTL. Continuing.
      64.0  1.00000000  0.00000008i: elastic S-matrix  @@      0.03  0   0 F  0
 Reaction Xsec    64.0+/64 @ 1 =   0.047#, Out:   0.000#******** ********f


 Total SPIN, PARITY =    65.0 -,      5 chs,      0 cc.  Rmin & Coul turning =    9.8   17.9
   S-matrix    1 =    1.00000   0.00000 for L=   65, J=   65.0 channel on core I =   0.0 from L=   65,  Acc. loss =  0.0 D.
 Elastic phase shift   1 =    0.000   0.000 deg. for the L =   65, J =   65.0 channel.
0****** WARNING : ACCURACY LOSS IN ERWIN = 14.3 DIGITS, SO EXPECT ERRORS OF1066.4602 % OF UNITARITY

   186926402733449.09        16009699375543340.        2.2204460492503131E-016
 Increase lower cutoff: eg CUTL. Continuing.
      65.0  1.00000000  0.00000004i: elastic S-matrix  @@      0.05  0   0 F  0
 Reaction Xsec    65.0-/65 @ 1 =   0.029#, Out:   0.000#******** ********f


 Total SPIN, PARITY =    66.0 +,      5 chs,      0 cc.  Rmin & Coul turning =    9.9   18.2
   S-matrix    1 =    1.00000   0.00000 for L=   66, J=   66.0 channel on core I =   0.0 from L=   66,  Acc. loss =  0.0 D.
 Elastic phase shift   1 =    0.000   0.000 deg. for the L =   66, J =   66.0 channel.
0****** WARNING : ACCURACY LOSS IN ERWIN = 15.1 DIGITS, SO EXPECT ERRORS OF3522.7474 % OF UNITARITY

   1138553039089717.0        52883479780055752.        2.2204460492503131E-016
 Increase lower cutoff: eg CUTL. Continuing.
      66.0  1.00000000  0.00000001i: elastic S-matrix  @@      0.03  0   0 F  0
 Reaction Xsec    66.0+/66 @ 1 =   0.018#, Out:   0.000#******** ********f


 Total SPIN, PARITY =    67.0 -,      5 chs,      0 cc.  Rmin & Coul turning =   10.1   18.5
   S-matrix    1 =    1.00000   0.00000 for L=   67, J=   67.0 channel on core I =   0.0 from L=   67,  Acc. loss =  0.0 D.
 Elastic phase shift   1 =    0.000   0.000 deg. for the L =   67, J =   67.0 channel.
0****** WARNING : ACCURACY LOSS IN ERWIN = 14.6 DIGITS, SO EXPECT ERRORS OF7710.4620 % OF UNITARITY

   404721167251266.50        1.1574944607967542E+017   2.2204460492503131E-016
 Increase lower cutoff: eg CUTL. Continuing.
      67.0  1.00000000  0.00000005i: elastic S-matrix  @@      0.02  0   0 F  0
 Reaction Xsec    67.0-/67 @ 1 =   0.011#, Out:   0.000#******** ********f


 Total SPIN, PARITY =    68.0 +,      5 chs,      0 cc.  Rmin & Coul turning =   10.2   18.7
   S-matrix    1 =    1.00000   0.00000 for L=   68, J=   68.0 channel on core I =   0.0 from L=   68,  Acc. loss =  0.0 D.
 Elastic phase shift   1 =    0.000   0.000 deg. for the L =   68, J =   68.0 channel.
0****** WARNING : ACCURACY LOSS IN ERWIN = 15.2 DIGITS, SO EXPECT ERRORS OF1933.3075 % OF UNITARITY

   1705151624148660.8        29022809359272896.        2.2204460492503131E-016
 Increase lower cutoff: eg CUTL. Continuing.
      68.0  1.00000000  0.00000005i: elastic S-matrix  @@      0.03  0   0 F  0
 Reaction Xsec    68.0+/68 @ 1 =   0.007#, Out:   0.000#******** ********f


 Total SPIN, PARITY =    69.0 -,      5 chs,      0 cc.  Rmin & Coul turning =   10.4   19.0
   S-matrix    1 =    1.00000  -0.00000 for L=   69, J=   69.0 channel on core I =   0.0 from L=   69,  Acc. loss =  0.0 D.
 Elastic phase shift   1 =   -0.000   0.000 deg. for the L =   69, J =   69.0 channel.
0****** WARNING : ACCURACY LOSS IN ERWIN = 15.2 DIGITS, SO EXPECT ERRORS OF4661.0511 % OF UNITARITY

   1631222215412067.2        69971693982954920.        2.2204460492503131E-016
 Increase lower cutoff: eg CUTL. Continuing.
      69.0  1.00000000 -0.00000000i: elastic S-matrix  @@      0.02  0   0 F  0
 Reaction Xsec    69.0-/69 @ 1 =   0.004#, Out:   0.000#******** ********f


 Total SPIN, PARITY =    70.0 +,      5 chs,      0 cc.  Rmin & Coul turning =   10.5   19.3
   S-matrix    1 =    1.00000   0.00000 for L=   70, J=   70.0 channel on core I =   0.0 from L=   70,  Acc. loss =  0.0 D.
 Elastic phase shift   1 =    0.000   0.000 deg. for the L =   70, J =   70.0 channel.
0****** WARNING : ACCURACY LOSS IN ERWIN = 15.5 DIGITS, SO EXPECT ERRORS OF4087.0620 % OF UNITARITY

   2820283409065135.0        61354969093147032.        2.2204460492503131E-016
 Increase lower cutoff: eg CUTL. Continuing.
      70.0  1.00000000  0.00000001i: elastic S-matrix  @@      0.03  0   0 F  0
 Reaction Xsec    70.0+/70 @ 1 =   0.003#, Out:   0.000#******** ********f


 Total SPIN, PARITY =    71.0 -,      5 chs,      0 cc.  Rmin & Coul turning =   10.7   19.6
   S-matrix    1 =    1.00000   0.00000 for L=   71, J=   71.0 channel on core I =   0.0 from L=   71,  Acc. loss =  0.0 D.
 Elastic phase shift   1 =    0.000   0.000 deg. for the L =   71, J =   71.0 channel.
0****** WARNING : ACCURACY LOSS IN ERWIN = 14.8 DIGITS, SO EXPECT ERRORS OF********* % OF UNITARITY

   632595308068973.00        1.7493885756104426E+017   2.2204460492503131E-016
 Increase lower cutoff: eg CUTL. Continuing.
      71.0  1.00000000  0.00000004i: elastic S-matrix  @@      0.02  0   0 F  0
 Reaction Xsec    71.0-/71 @ 1 =   0.002#, Out:   0.000#******** ********f


 Total SPIN, PARITY =    72.0 +,      5 chs,      0 cc.  Rmin & Coul turning =   10.8   19.8
   S-matrix    1 =    1.00000   0.00000 for L=   72, J=   72.0 channel on core I =   0.0 from L=   72,  Acc. loss =  0.0 D.
 Elastic phase shift   1 =    0.000   0.000 deg. for the L =   72, J =   72.0 channel.
0****** WARNING : ACCURACY LOSS IN ERWIN = 14.6 DIGITS, SO EXPECT ERRORS OF********* % OF UNITARITY

   397925071705553.38        2.3758064766174192E+017   2.2204460492503131E-016
 Increase lower cutoff: eg CUTL. Continuing.
      72.0  1.00000000  0.00000001i: elastic S-matrix  @@      0.02  0   0 F  0
 Reaction Xsec    72.0+/72 @ 1 =   0.001#, Out:   0.000#******** ********f


 Total SPIN, PARITY =    73.0 -,      5 chs,      0 cc.  Rmin & Coul turning =   11.0   20.1
   S-matrix    1 =    1.00000  -0.00000 for L=   73, J=   73.0 channel on core I =   0.0 from L=   73,  Acc. loss =  0.0 D.
 Elastic phase shift   1 =   -0.000   0.000 deg. for the L =   73, J =   73.0 channel.
0****** WARNING : ACCURACY LOSS IN ERWIN = 15.2 DIGITS, SO EXPECT ERRORS OF5116.4216 % OF UNITARITY

   1413931177971844.8        76807714188145456.        2.2204460492503131E-016
 Increase lower cutoff: eg CUTL. Continuing.
      73.0  1.00000000 -0.00000003i: elastic S-matrix  @@      0.02  0   0 F  0
 Reaction Xsec    73.0-/73 @ 1 =   0.001#, Out:   0.000#******** ********f


 Total SPIN, PARITY =    74.0 +,      5 chs,      0 cc.  Rmin & Coul turning =   11.1   20.4
   S-matrix    1 =    1.00000   0.00000 for L=   74, J=   74.0 channel on core I =   0.0 from L=   74,  Acc. loss =  0.0 D.
 Elastic phase shift   1 =    0.000   0.000 deg. for the L =   74, J =   74.0 channel.
0****** WARNING : ACCURACY LOSS IN ERWIN = 20.5 DIGITS, SO EXPECT ERRORS OF9124.8315 % OF UNITARITY

   2.8693235566889301E+020   1.3698195986916664E+017   2.2204460492503131E-016
 Increase lower cutoff: eg CUTL. Continuing.
      74.0  1.00000000  0.00000001i: elastic S-matrix  @@      0.02  0   0 F  0
 Reaction Xsec    74.0+/74 @ 1 =   0.000#, Out:   0.000#******** ********f


 Total SPIN, PARITY =    75.0 -,      5 chs,      0 cc.  Rmin & Coul turning =   11.2   20.6
   S-matrix    1 =    1.00000   0.00000 for L=   75, J=   75.0 channel on core I =   0.0 from L=   75,  Acc. loss =  0.0 D.
 Elastic phase shift   1 =    0.000   0.000 deg. for the L =   75, J =   75.0 channel.
0****** WARNING : ACCURACY LOSS IN ERWIN = 15.3 DIGITS, SO EXPECT ERRORS OF6035.3607 % OF UNITARITY

   1999217998059479.8        90602827611082976.        2.2204460492503131E-016
 Increase lower cutoff: eg CUTL. Continuing.
      75.0  1.00000000  0.00000003i: elastic S-matrix  @@      0.02  0   0 F  0
 Reaction Xsec    75.0-/75 @ 1 =   0.000#, Out:   0.000#******** ********f


 Total SPIN, PARITY =    76.0 +,      5 chs,      0 cc.  Rmin & Coul turning =   11.4   20.9
   S-matrix    1 =    1.00000  -0.00000 for L=   76, J=   76.0 channel on core I =   0.0 from L=   76,  Acc. loss =  0.0 D.
 Elastic phase shift   1 =   -0.000   0.000 deg. for the L =   76, J =   76.0 channel.
0****** WARNING : ACCURACY LOSS IN ERWIN = 15.6 DIGITS, SO EXPECT ERRORS OF********* % OF UNITARITY

   4163780179875478.5        1.6626862824899030E+017   2.2204460492503131E-016
 Increase lower cutoff: eg CUTL. Continuing.
      76.0  1.00000000 -0.00000002i: elastic S-matrix  @@      0.00  0   0 F  0
 Reaction Xsec    76.0+/76 @ 1 =   0.000#, Out:   0.000#******** ********f


 Total SPIN, PARITY =    77.0 -,      5 chs,      0 cc.  Rmin & Coul turning =   11.6   21.2
   S-matrix    1 =    1.00000  -0.00000 for L=   77, J=   77.0 channel on core I =   0.0 from L=   77,  Acc. loss =  0.0 D.
 Elastic phase shift   1 =   -0.000   0.000 deg. for the L =   77, J =   77.0 channel.
0****** WARNING : ACCURACY LOSS IN ERWIN = 15.4 DIGITS, SO EXPECT ERRORS OF2785.9639 % OF UNITARITY

   2696254909167196.0        41822887235672040.        2.2204460492503131E-016
 Increase lower cutoff: eg CUTL. Continuing.
      77.0  1.00000000 -0.00000005i: elastic S-matrix  @@      0.02  0   0 F  0
 Reaction Xsec    77.0-/77 @ 1 =   0.000#, Out:   0.000#******** ********f


 Total SPIN, PARITY =    78.0 +,      5 chs,      0 cc.  Rmin & Coul turning =   11.7   21.5
   S-matrix    1 =    1.00000  -0.00000 for L=   78, J=   78.0 channel on core I =   0.0 from L=   78,  Acc. loss =  0.0 D.
 Elastic phase shift   1 =   -0.000   0.000 deg. for the L =   78, J =   78.0 channel.
0****** WARNING : ACCURACY LOSS IN ERWIN = 22.3 DIGITS, SO EXPECT ERRORS OF1449.7232 % OF UNITARITY

   2.0659668447644499E+022   21763242195853632.        2.2204460492503131E-016
 Increase lower cutoff: eg CUTL. Continuing.
      78.0  1.00000000 -0.00000001i: elastic S-matrix  @@      0.02  0   0 F  0
 Reaction Xsec    78.0+/78 @ 1 =   0.000#, Out:   0.000#******** ********f


 Total SPIN, PARITY =    79.0 -,      5 chs,      0 cc.  Rmin & Coul turning =   11.9   21.7
   S-matrix    1 =    1.00000   0.00000 for L=   79, J=   79.0 channel on core I =   0.0 from L=   79,  Acc. loss =  0.0 D.
 Elastic phase shift   1 =    0.000   0.000 deg. for the L =   79, J =   79.0 channel.
0****** WARNING : ACCURACY LOSS IN ERWIN = 14.9 DIGITS, SO EXPECT ERRORS OF2091.2286 % OF UNITARITY

   784712228931215.12        31393521092086624.        2.2204460492503131E-016
 Increase lower cutoff: eg CUTL. Continuing.
      79.0  1.00000000  0.00000001i: elastic S-matrix  @@      0.02  0   0 F  0
 Reaction Xsec    79.0-/79 @ 1 =   0.000#, Out:   0.000#******** ********f


 Total SPIN, PARITY =    80.0 +,      5 chs,      0 cc.  Rmin & Coul turning =   12.0   22.0
   S-matrix    1 =    1.00000  -0.00000 for L=   80, J=   80.0 channel on core I =   0.0 from L=   80,  Acc. loss =  0.0 D.
 Elastic phase shift   1 =   -0.000   0.000 deg. for the L =   80, J =   80.0 channel.
0****** WARNING : ACCURACY LOSS IN ERWIN = 15.3 DIGITS, SO EXPECT ERRORS OF 557.4067 % OF UNITARITY

   1853169875154340.8        8367789356238273.0        2.2204460492503131E-016
 Increase lower cutoff: eg CUTL. Continuing.
      80.0  1.00000000 -0.00000003i: elastic S-matrix  @@      0.00  0   0 F  0
 Reaction Xsec    80.0+/80 @ 1 =   0.000#, Out:   0.000#******** ********f

 Finished all CC sets @    2.42187500    
0CUMULATIVE REACTION cross section                 =  898.59193  <L> =    13.43  <L**2> =    207.8
0CUMULATIVE outgoing cross sections in partition 1 :    0.00000
0CUMULATIVE outgoing cross sections in partition 2 :***********
0Cumulative ABSORBTION by Imaginary Potentials     =***********  <L> =    71.95  <L**2> =   5184.1
   Fusion for specific 4He      M-states :************
0CUMULATIVE OUTGOING cross section                 =***********
 To convert to S-factors (MeV.mb = keV.b),  multiply by  2.2469E+02


 CROSS SECTIONS FOR OUTGOING 4He      & 4He      in state #   1 with spins & parities 0.0  + &  0.0  +;  0

     0.01 deg.: X-S =   1.8240E+13 mb/sr,
+                                         /R =   9.9991E-01
     1.00 deg.: X-S =   1.5223E+05 mb/sr,
+                                         /R =   8.3449E-01
     2.00 deg.: X-S =   3.7332E+04 mb/sr,
+                                         /R =   3.2739E+00
     3.00 deg.: X-S =   3.0281E+04 mb/sr,
+                                         /R =   1.3440E+01
     4.00 deg.: X-S =   2.3438E+04 mb/sr,
+                                         /R =   3.2867E+01
     5.00 deg.: X-S =   1.6323E+04 mb/sr,
+                                         /R =   5.5857E+01
     6.00 deg.: X-S =   1.0099E+04 mb/sr,
+                                         /R =   7.1618E+01
     7.00 deg.: X-S =  5439.410943 mb/sr,
+                                         /R =   7.1418E+01
     8.00 deg.: X-S =  2491.494748 mb/sr,
+                                         /R =   5.5764E+01
     9.00 deg.: X-S =  1007.415428 mb/sr,
+                                         /R =   3.6086E+01
    10.00 deg.: X-S =   530.799280 mb/sr,
+                                         /R =   2.8951E+01
    11.00 deg.: X-S =   577.274739 mb/sr,
+                                         /R =   4.6050E+01
    12.00 deg.: X-S =   764.434663 mb/sr,
+                                         /R =   8.6264E+01
    13.00 deg.: X-S =   869.801136 mb/sr,
+                                         /R =   1.3502E+02
    14.00 deg.: X-S =   822.873539 mb/sr,
+                                         /R =   1.7158E+02
    15.00 deg.: X-S =   655.954439 mb/sr,
+                                         /R =   1.7998E+02
    16.00 deg.: X-S =   443.631522 mb/sr,
+                                         /R =   1.5732E+02
    17.00 deg.: X-S =   254.390304 mb/sr,
+                                         /R =   1.1478E+02
    18.00 deg.: X-S =   125.544826 mb/sr,
+                                         /R =   7.1069E+01
    19.00 deg.: X-S =    60.693211 mb/sr,
+                                         /R =   4.2572E+01
    20.00 deg.: X-S =    41.387851 mb/sr,
+                                         /R =   3.5572E+01
    21.00 deg.: X-S =    42.834592 mb/sr,
+                                         /R =   4.4656E+01
    22.00 deg.: X-S =    45.916566 mb/sr,
+                                         /R =   5.7533E+01
    23.00 deg.: X-S =    42.225606 mb/sr,
+                                         /R =   6.3059E+01
    24.00 deg.: X-S =    32.772631 mb/sr,
+                                         /R =   5.7887E+01
    25.00 deg.: X-S =    23.291298 mb/sr,
+                                         /R =   4.8316E+01
    26.00 deg.: X-S =    19.331248 mb/sr,
+                                         /R =   4.6791E+01
    27.00 deg.: X-S =    23.260412 mb/sr,
+                                         /R =   6.5300E+01
    28.00 deg.: X-S =    33.764671 mb/sr,
+                                         /R =   1.0932E+02
    29.00 deg.: X-S =    47.205799 mb/sr,
+                                         /R =   1.7537E+02
    30.00 deg.: X-S =    59.649932 mb/sr,
+                                         /R =   2.5302E+02
    31.00 deg.: X-S =    68.491951 mb/sr,
+                                         /R =   3.3021E+02
    32.00 deg.: X-S =    73.108459 mb/sr,
+                                         /R =   3.9891E+02
    33.00 deg.: X-S =    74.543487 mb/sr,
+                                         /R =   4.5849E+02
    34.00 deg.: X-S =    74.621596 mb/sr,
+                                         /R =   5.1542E+02
    35.00 deg.: X-S =    74.997705 mb/sr,
+                                         /R =   5.7965E+02
    36.00 deg.: X-S =    76.533145 mb/sr,
+                                         /R =   6.5968E+02
    37.00 deg.: X-S =    79.151187 mb/sr,
+                                         /R =   7.5843E+02
    38.00 deg.: X-S =    82.098434 mb/sr,
+                                         /R =   8.7188E+02
    39.00 deg.: X-S =    84.404391 mb/sr,
+                                         /R =   9.9060E+02
    40.00 deg.: X-S =    85.313460 mb/sr,
+                                         /R =   1.1035E+03
    41.00 deg.: X-S =    84.534664 mb/sr,
+                                         /R =   1.2020E+03
    42.00 deg.: X-S =    82.262955 mb/sr,
+                                         /R =   1.2825E+03
    43.00 deg.: X-S =    79.021538 mb/sr,
+                                         /R =   1.3477E+03
    44.00 deg.: X-S =    75.426172 mb/sr,
+                                         /R =   1.4040E+03
    45.00 deg.: X-S =    71.973793 mb/sr,
+                                         /R =   1.4591E+03
    46.00 deg.: X-S =    68.922550 mb/sr,
+                                         /R =   1.5185E+03
    47.00 deg.: X-S =    66.281080 mb/sr,
+                                         /R =   1.5839E+03
    48.00 deg.: X-S =    63.882552 mb/sr,
+                                         /R =   1.6527E+03
    49.00 deg.: X-S =    61.496603 mb/sr,
+                                         /R =   1.7191E+03
    50.00 deg.: X-S =    58.931985 mb/sr,
+                                         /R =   1.7770E+03
    51.00 deg.: X-S =    56.098435 mb/sr,
+                                         /R =   1.8215E+03
    52.00 deg.: X-S =    53.018313 mb/sr,
+                                         /R =   1.8507E+03
    53.00 deg.: X-S =    49.797692 mb/sr,
+                                         /R =   1.8658E+03
    54.00 deg.: X-S =    46.577294 mb/sr,
+                                         /R =   1.8703E+03
    55.00 deg.: X-S =    43.484624 mb/sr,
+                                         /R =   1.8686E+03
    56.00 deg.: X-S =    40.602343 mb/sr,
+                                         /R =   1.8644E+03
    57.00 deg.: X-S =    37.958489 mb/sr,
+                                         /R =   1.8600E+03
    58.00 deg.: X-S =    35.535575 mb/sr,
+                                         /R =   1.8557E+03
    59.00 deg.: X-S =    33.290424 mb/sr,
+                                         /R =   1.8502E+03
    60.00 deg.: X-S =    31.175545 mb/sr,
+                                         /R =   1.8418E+03
    61.00 deg.: X-S =    29.155059 mb/sr,
+                                         /R =   1.8287E+03
    62.00 deg.: X-S =    27.211992 mb/sr,
+                                         /R =   1.8100E+03
    63.00 deg.: X-S =    25.347338 mb/sr,
+                                         /R =   1.7858E+03
    64.00 deg.: X-S =    23.573695 mb/sr,
+                                         /R =   1.7572E+03
    65.00 deg.: X-S =    21.907023 mb/sr,
+                                         /R =   1.7258E+03
    66.00 deg.: X-S =    20.359519 mb/sr,
+                                         /R =   1.6934E+03
    67.00 deg.: X-S =    18.935304 mb/sr,
+                                         /R =   1.6610E+03
    68.00 deg.: X-S =    17.629313 mb/sr,
+                                         /R =   1.6294E+03
    69.00 deg.: X-S =    16.428808 mb/sr,
+                                         /R =   1.5983E+03
    70.00 deg.: X-S =    15.316533 mb/sr,
+                                         /R =   1.5670E+03
    71.00 deg.: X-S =    14.274438 mb/sr,
+                                         /R =   1.5344E+03
    72.00 deg.: X-S =    13.287093 mb/sr,
+                                         /R =   1.4992E+03
    73.00 deg.: X-S =    12.344190 mb/sr,
+                                         /R =   1.4607E+03
    74.00 deg.: X-S =    11.441730 mb/sr,
+                                         /R =   1.4187E+03
    75.00 deg.: X-S =    10.581715 mb/sr,
+                                         /R =   1.3737E+03
    76.00 deg.: X-S =     9.770458 mb/sr,
+                                         /R =   1.3269E+03
    77.00 deg.: X-S =     9.015913 mb/sr,
+                                         /R =   1.2799E+03
    78.00 deg.: X-S =     8.324704 mb/sr,
+                                         /R =   1.2343E+03
    79.00 deg.: X-S =     7.699633 mb/sr,
+                                         /R =   1.1914E+03
    80.00 deg.: X-S =     7.138395 mb/sr,
+                                         /R =   1.1519E+03
    81.00 deg.: X-S =     6.633870 mb/sr,
+                                         /R =   1.1156E+03
    82.00 deg.: X-S =     6.175883 mb/sr,
+                                         /R =   1.0815E+03
    83.00 deg.: X-S =     5.753805 mb/sr,
+                                         /R =   1.0485E+03
    84.00 deg.: X-S =     5.359099 mb/sr,
+                                         /R =   1.0155E+03
    85.00 deg.: X-S =     4.986953 mb/sr,
+                                         /R =   9.8202E+02
    86.00 deg.: X-S =     4.636468 mb/sr,
+                                         /R =   9.4814E+02
    87.00 deg.: X-S =     4.309393 mb/sr,
+                                         /R =   9.1457E+02
    88.00 deg.: X-S =     4.008008 mb/sr,
+                                         /R =   8.8220E+02
    89.00 deg.: X-S =     3.733042 mb/sr,
+                                         /R =   8.5165E+02
    90.00 deg.: X-S =     3.482450 mb/sr,
+                                         /R =   8.2296E+02
    91.00 deg.: X-S =     3.251531 mb/sr,
+                                         /R =   7.9544E+02
    92.00 deg.: X-S =     3.034307 mb/sr,
+                                         /R =   7.6798E+02
    93.00 deg.: X-S =     2.825565 mb/sr,
+                                         /R =   7.3945E+02
    94.00 deg.: X-S =     2.622671 mb/sr,
+                                         /R =   7.0926E+02
    95.00 deg.: X-S =     2.426379 mb/sr,
+                                         /R =   6.7769E+02
    96.00 deg.: X-S =     2.240292 mb/sr,
+                                         /R =   6.4588E+02
    97.00 deg.: X-S =     2.069202 mb/sr,
+                                         /R =   6.1543E+02
    98.00 deg.: X-S =     1.916942 mb/sr,
+                                         /R =   5.8787E+02
    99.00 deg.: X-S =     1.784650 mb/sr,
+                                         /R =   5.6401E+02
   100.00 deg.: X-S =     1.670151 mb/sr,
+                                         /R =   5.4366E+02
   101.00 deg.: X-S =     1.568695 mb/sr,
+                                         /R =   5.2567E+02
   102.00 deg.: X-S =     1.474699 mb/sr,
+                                         /R =   5.0847E+02
   103.00 deg.: X-S =     1.383756 mb/sr,
+                                         /R =   4.9067E+02
   104.00 deg.: X-S =     1.294087 mb/sr,
+                                         /R =   4.7168E+02
   105.00 deg.: X-S =     1.206830 mb/sr,
+                                         /R =   4.5192E+02
   106.00 deg.: X-S =     1.125061 mb/sr,
+                                         /R =   4.3264E+02
   107.00 deg.: X-S =     1.051991 mb/sr,
+                                         /R =   4.1522E+02
   108.00 deg.: X-S =     0.989170 mb/sr,
+                                         /R =   4.0055E+02
   109.00 deg.: X-S =     0.935476 mb/sr,
+                                         /R =   3.8844E+02
   110.00 deg.: X-S =     0.887315 mb/sr,
+                                         /R =   3.7765E+02
   111.00 deg.: X-S =     0.839988 mb/sr,
+                                         /R =   3.6627E+02
   112.00 deg.: X-S =     0.789625 mb/sr,
+                                         /R =   3.5259E+02
   113.00 deg.: X-S =     0.734852 mb/sr,
+                                         /R =   3.3588E+02
   114.00 deg.: X-S =     0.677434 mb/sr,
+                                         /R =   3.1680E+02
   115.00 deg.: X-S =     0.621600 mb/sr,
+                                         /R =   2.9729E+02
   116.00 deg.: X-S =     0.572303 mb/sr,
+                                         /R =   2.7981E+02
   117.00 deg.: X-S =     0.533131 mb/sr,
+                                         /R =   2.6635E+02
   118.00 deg.: X-S =     0.504757 mb/sr,
+                                         /R =   2.5757E+02
   119.00 deg.: X-S =     0.484584 mb/sr,
+                                         /R =   2.5247E+02
   120.00 deg.: X-S =     0.467770 mb/sr,
+                                         /R =   2.4872E+02
   121.00 deg.: X-S =     0.449193 mb/sr,
+                                         /R =   2.4365E+02
   122.00 deg.: X-S =     0.425554 mb/sr,
+                                         /R =   2.3539E+02
   123.00 deg.: X-S =     0.396697 mb/sr,
+                                         /R =   2.2367E+02
   124.00 deg.: X-S =     0.365591 mb/sr,
+                                         /R =   2.1003E+02
   125.00 deg.: X-S =     0.336948 mb/sr,
+                                         /R =   1.9717E+02
   126.00 deg.: X-S =     0.315077 mb/sr,
+                                         /R =   1.8771E+02
   127.00 deg.: X-S =     0.301883 mb/sr,
+                                         /R =   1.8304E+02
   128.00 deg.: X-S =     0.295890 mb/sr,
+                                         /R =   1.8253E+02
   129.00 deg.: X-S =     0.292731 mb/sr,
+                                         /R =   1.8364E+02
   130.00 deg.: X-S =     0.286937 mb/sr,
+                                         /R =   1.8300E+02
   131.00 deg.: X-S =     0.274280 mb/sr,
+                                         /R =   1.7776E+02
   132.00 deg.: X-S =     0.253650 mb/sr,
+                                         /R =   1.6700E+02
   133.00 deg.: X-S =     0.227659 mb/sr,
+                                         /R =   1.5220E+02
   134.00 deg.: X-S =     0.201646 mb/sr,
+                                         /R =   1.3685E+02
   135.00 deg.: X-S =     0.181474 mb/sr,
+                                         /R =   1.2498E+02
   136.00 deg.: X-S =     0.171020 mb/sr,
+                                         /R =   1.1947E+02
   137.00 deg.: X-S =     0.170445 mb/sr,
+                                         /R =   1.2074E+02
   138.00 deg.: X-S =     0.176011 mb/sr,
+                                         /R =   1.2639E+02
   139.00 deg.: X-S =     0.181570 mb/sr,
+                                         /R =   1.3211E+02
   140.00 deg.: X-S =     0.181142 mb/sr,
+                                         /R =   1.3351E+02
   141.00 deg.: X-S =     0.171507 mb/sr,
+                                         /R =   1.2800E+02
   142.00 deg.: X-S =     0.153678 mb/sr,
+                                         /R =   1.1610E+02
   143.00 deg.: X-S =     0.132586 mb/sr,
+                                         /R =   1.0136E+02
   144.00 deg.: X-S =     0.115034 mb/sr,
+                                         /R =   8.8962E+01
   145.00 deg.: X-S =     0.106748 mb/sr,
+                                         /R =   8.3482E+01
   146.00 deg.: X-S =     0.109766 mb/sr,
+                                         /R =   8.6777E+01
   147.00 deg.: X-S =     0.121321 mb/sr,
+                                         /R =   9.6925E+01
   148.00 deg.: X-S =     0.134784 mb/sr,
+                                         /R =   1.0878E+02
   149.00 deg.: X-S =     0.142351 mb/sr,
+                                         /R =   1.1603E+02
   150.00 deg.: X-S =     0.138404 mb/sr,
+                                         /R =   1.1389E+02
   151.00 deg.: X-S =     0.122118 mb/sr,
+                                         /R =   1.0141E+02
   152.00 deg.: X-S =     0.098134 mb/sr,
+                                         /R =   8.2222E+01
   153.00 deg.: X-S =     0.074890 mb/sr,
+                                         /R =   6.3285E+01
   154.00 deg.: X-S =     0.061186 mb/sr,
+                                         /R =   5.2132E+01
   155.00 deg.: X-S =     0.062370 mb/sr,
+                                         /R =   5.3561E+01
   156.00 deg.: X-S =     0.077756 mb/sr,
+                                         /R =   6.7283E+01
   157.00 deg.: X-S =     0.100498 mb/sr,
+                                         /R =   8.7595E+01
   158.00 deg.: X-S =     0.120127 mb/sr,
+                                         /R =   1.0543E+02
   159.00 deg.: X-S =     0.126879 mb/sr,
+                                         /R =   1.1210E+02
   160.00 deg.: X-S =     0.116055 mb/sr,
+                                         /R =   1.0319E+02
   161.00 deg.: X-S =     0.090557 mb/sr,
+                                         /R =   8.1000E+01
   162.00 deg.: X-S =     0.060331 mb/sr,
+                                         /R =   5.4271E+01
   163.00 deg.: X-S =     0.038700 mb/sr,
+                                         /R =   3.5001E+01
   164.00 deg.: X-S =     0.036856 mb/sr,
+                                         /R =   3.3502E+01
   165.00 deg.: X-S =     0.058677 mb/sr,
+                                         /R =   5.3591E+01
   166.00 deg.: X-S =     0.098139 mb/sr,
+                                         /R =   9.0032E+01
   167.00 deg.: X-S =     0.140676 mb/sr,
+                                         /R =   1.2959E+02
   168.00 deg.: X-S =     0.168391 mb/sr,
+                                         /R =   1.5571E+02
   169.00 deg.: X-S =     0.167424 mb/sr,
+                                         /R =   1.5537E+02
   170.00 deg.: X-S =     0.134727 mb/sr,
+                                         /R =   1.2542E+02
   171.00 deg.: X-S =     0.081465 mb/sr,
+                                         /R =   7.6060E+01
   172.00 deg.: X-S =     0.031283 mb/sr,
+                                         /R =   2.9284E+01
   173.00 deg.: X-S =     0.013504 mb/sr,
+                                         /R =   1.2670E+01
   174.00 deg.: X-S =     0.053219 mb/sr,
+                                         /R =   5.0031E+01
   175.00 deg.: X-S =     0.161590 mb/sr,
+                                         /R =   1.5216E+02
   176.00 deg.: X-S =     0.329849 mb/sr,
+                                         /R =   3.1103E+02
   177.00 deg.: X-S =     0.529438 mb/sr,
+                                         /R =   4.9977E+02
   178.00 deg.: X-S =     0.718688 mb/sr,
+                                         /R =   6.7893E+02
   179.00 deg.: X-S =     0.854198 mb/sr,
+                                         /R =   8.0732E+02
   179.99 deg.: X-S =     0.903385 mb/sr,
+                                         /R =   8.5394E+02
                                           Integrated********** mb, over [   0.000, 180.000] at   280.0000 MeV 

 CROSS SECTIONS FOR OUTGOING n        & 7Be      in state #   1 with spins & parities 0.5  + &  1.5  -;  0

     0.00 deg.: X-S =   8.6034E+09 mb/sr,
+                                         REAC   1.6684E+09 mb
     1.00 deg.: X-S =   5.3526E+09 mb/sr,
     2.00 deg.: X-S =   1.7108E+09 mb/sr,
     3.00 deg.: X-S =   1.4559E+09 mb/sr,
     4.00 deg.: X-S =   1.0241E+09 mb/sr,
     5.00 deg.: X-S =   7.5497E+08 mb/sr,
     6.00 deg.: X-S =   8.0417E+08 mb/sr,
     7.00 deg.: X-S =   5.1824E+08 mb/sr,
     8.00 deg.: X-S =   6.0896E+08 mb/sr,
     9.00 deg.: X-S =   4.8430E+08 mb/sr,
    10.00 deg.: X-S =   4.2712E+08 mb/sr,
    11.00 deg.: X-S =   4.8359E+08 mb/sr,
    12.00 deg.: X-S =   3.3476E+08 mb/sr,
    13.00 deg.: X-S =   4.2007E+08 mb/sr,
    14.00 deg.: X-S =   3.3923E+08 mb/sr,
    15.00 deg.: X-S =   3.1762E+08 mb/sr,
    16.00 deg.: X-S =   3.6108E+08 mb/sr,
    17.00 deg.: X-S =   2.5606E+08 mb/sr,
    18.00 deg.: X-S =   3.2907E+08 mb/sr,
    19.00 deg.: X-S =   2.6242E+08 mb/sr,
    20.00 deg.: X-S =   2.5632E+08 mb/sr,
    21.00 deg.: X-S =   2.8480E+08 mb/sr,
    22.00 deg.: X-S =   2.0712E+08 mb/sr,
    23.00 deg.: X-S =   2.6616E+08 mb/sr,
    24.00 deg.: X-S =   2.0934E+08 mb/sr,
    25.00 deg.: X-S =   2.1245E+08 mb/sr,
    26.00 deg.: X-S =   2.2710E+08 mb/sr,
    27.00 deg.: X-S =   1.7229E+08 mb/sr,
    28.00 deg.: X-S =   2.1621E+08 mb/sr,
    29.00 deg.: X-S =   1.6960E+08 mb/sr,
    30.00 deg.: X-S =   1.7780E+08 mb/sr,
    31.00 deg.: X-S =   1.8102E+08 mb/sr,
    32.00 deg.: X-S =   1.4547E+08 mb/sr,
    33.00 deg.: X-S =   1.7472E+08 mb/sr,
    34.00 deg.: X-S =   1.3813E+08 mb/sr,
    35.00 deg.: X-S =   1.4811E+08 mb/sr,
    36.00 deg.: X-S =   1.4316E+08 mb/sr,
    37.00 deg.: X-S =   1.2177E+08 mb/sr,
    38.00 deg.: X-S =   1.3913E+08 mb/sr,
    39.00 deg.: X-S =   1.1085E+08 mb/sr,
    40.00 deg.: X-S =   1.2026E+08 mb/sr,
    41.00 deg.: X-S =   1.1120E+08 mb/sr,
    42.00 deg.: X-S =   9.7950E+07 mb/sr,
    43.00 deg.: X-S =   1.0817E+08 mb/sr,
    44.00 deg.: X-S =   8.5741E+07 mb/sr,
    45.00 deg.: X-S =   9.3424E+07 mb/sr,
    46.00 deg.: X-S =   8.4658E+07 mb/sr,
    47.00 deg.: X-S =   7.3958E+07 mb/sr,
    48.00 deg.: X-S =   8.2482E+07 mb/sr,
    49.00 deg.: X-S =   6.3604E+07 mb/sr,
    50.00 deg.: X-S =   6.9434E+07 mb/sr,
    51.00 deg.: X-S =   6.4740E+07 mb/sr,
    52.00 deg.: X-S =   5.2483E+07 mb/sr,
    53.00 deg.: X-S =   6.3981E+07 mb/sr,
    54.00 deg.: X-S =   4.6728E+07 mb/sr,
    55.00 deg.: X-S =   5.1341E+07 mb/sr,
    56.00 deg.: X-S =   5.2832E+07 mb/sr,
    57.00 deg.: X-S =   3.6749E+07 mb/sr,
    58.00 deg.: X-S =   5.4228E+07 mb/sr,
    59.00 deg.: X-S =   3.6876E+07 mb/sr,
    60.00 deg.: X-S =   4.1633E+07 mb/sr,
    61.00 deg.: X-S =   4.9346E+07 mb/sr,
    62.00 deg.: X-S =   2.9053E+07 mb/sr,
    63.00 deg.: X-S =   5.4040E+07 mb/sr,
    64.00 deg.: X-S =   3.4983E+07 mb/sr,
    65.00 deg.: X-S =   4.2277E+07 mb/sr,
    66.00 deg.: X-S =   5.4724E+07 mb/sr,
    67.00 deg.: X-S =   3.1575E+07 mb/sr,
    68.00 deg.: X-S =   6.4980E+07 mb/sr,
    69.00 deg.: X-S =   4.2975E+07 mb/sr,
    70.00 deg.: X-S =   5.6115E+07 mb/sr,
    71.00 deg.: X-S =   7.1338E+07 mb/sr,
    72.00 deg.: X-S =   4.7711E+07 mb/sr,
    73.00 deg.: X-S =   9.0038E+07 mb/sr,
    74.00 deg.: X-S =   6.4426E+07 mb/sr,
    75.00 deg.: X-S =   8.6101E+07 mb/sr,
    76.00 deg.: X-S =   1.0207E+08 mb/sr,
    77.00 deg.: X-S =   7.9962E+07 mb/sr,
    78.00 deg.: X-S =   1.2992E+08 mb/sr,
    79.00 deg.: X-S =   1.0039E+08 mb/sr,
    80.00 deg.: X-S =   1.3038E+08 mb/sr,
    81.00 deg.: X-S =   1.4432E+08 mb/sr,
    82.00 deg.: X-S =   1.2425E+08 mb/sr,
    83.00 deg.: X-S =   1.7728E+08 mb/sr,
    84.00 deg.: X-S =   1.4352E+08 mb/sr,
    85.00 deg.: X-S =   1.7828E+08 mb/sr,
    86.00 deg.: X-S =   1.8625E+08 mb/sr,
    87.00 deg.: X-S =   1.6791E+08 mb/sr,
    88.00 deg.: X-S =   2.1722E+08 mb/sr,
    89.00 deg.: X-S =   1.7933E+08 mb/sr,
    90.00 deg.: X-S =   2.1455E+08 mb/sr,
    91.00 deg.: X-S =   2.1281E+08 mb/sr,
    92.00 deg.: X-S =   1.9686E+08 mb/sr,
    93.00 deg.: X-S =   2.3674E+08 mb/sr,
    94.00 deg.: X-S =   1.9603E+08 mb/sr,
    95.00 deg.: X-S =   2.2965E+08 mb/sr,
    96.00 deg.: X-S =   2.1651E+08 mb/sr,
    97.00 deg.: X-S =   2.0512E+08 mb/sr,
    98.00 deg.: X-S =   2.3323E+08 mb/sr,
    99.00 deg.: X-S =   1.9208E+08 mb/sr,
   100.00 deg.: X-S =   2.2421E+08 mb/sr,
   101.00 deg.: X-S =   2.0049E+08 mb/sr,
   102.00 deg.: X-S =   1.9557E+08 mb/sr,
   103.00 deg.: X-S =   2.1218E+08 mb/sr,
   104.00 deg.: X-S =   1.7290E+08 mb/sr,
   105.00 deg.: X-S =   2.0345E+08 mb/sr,
   106.00 deg.: X-S =   1.7166E+08 mb/sr,
   107.00 deg.: X-S =   1.7288E+08 mb/sr,
   108.00 deg.: X-S =   1.7945E+08 mb/sr,
   109.00 deg.: X-S =   1.4351E+08 mb/sr,
   110.00 deg.: X-S =   1.7092E+08 mb/sr,
   111.00 deg.: X-S =   1.3506E+08 mb/sr,
   112.00 deg.: X-S =   1.3976E+08 mb/sr,
   113.00 deg.: X-S =   1.3898E+08 mb/sr,
   114.00 deg.: X-S =   1.0762E+08 mb/sr,
   115.00 deg.: X-S =   1.2991E+08 mb/sr,
   116.00 deg.: X-S =   9.5676E+07 mb/sr,
   117.00 deg.: X-S =   1.0060E+08 mb/sr,
   118.00 deg.: X-S =   9.6754E+07 mb/sr,
   119.00 deg.: X-S =   7.1506E+07 mb/sr,
   120.00 deg.: X-S =   8.7812E+07 mb/sr,
   121.00 deg.: X-S =   6.1120E+07 mb/sr,
   122.00 deg.: X-S =   6.3975E+07 mb/sr,
   123.00 deg.: X-S =   6.1489E+07 mb/sr,
   124.00 deg.: X-S =   4.3220E+07 mb/sr,
   125.00 deg.: X-S =   5.4004E+07 mb/sr,
   126.00 deg.: X-S =   3.7787E+07 mb/sr,
   127.00 deg.: X-S =   3.7491E+07 mb/sr,
   128.00 deg.: X-S =   3.8435E+07 mb/sr,
   129.00 deg.: X-S =   2.5876E+07 mb/sr,
   130.00 deg.: X-S =   3.2153E+07 mb/sr,
   131.00 deg.: X-S =   2.4543E+07 mb/sr,
   132.00 deg.: X-S =   2.1020E+07 mb/sr,
   133.00 deg.: X-S =   2.4304E+07 mb/sr,
   134.00 deg.: X-S =   1.4731E+07 mb/sr,
   135.00 deg.: X-S =   1.7847E+07 mb/sr,
   136.00 deg.: X-S =   1.4168E+07 mb/sr,
   137.00 deg.: X-S =   9.3106E+06 mb/sr,
   138.00 deg.: X-S =   1.2565E+07 mb/sr,
   139.00 deg.: X-S =   4.9507E+06 mb/sr,
   140.00 deg.: X-S =   7.7827E+06 mb/sr,
   141.00 deg.: X-S =   4.5648E+06 mb/sr,
   142.00 deg.: X-S =   3.8193E+06 mb/sr,
   143.00 deg.: X-S =   6.4703E+06 mb/sr,
   144.00 deg.: X-S =   3.4556E+06 mb/sr,
   145.00 deg.: X-S =   1.1953E+07 mb/sr,
   146.00 deg.: X-S =   8.8991E+06 mb/sr,
   147.00 deg.: X-S =   2.0384E+07 mb/sr,
   148.00 deg.: X-S =   2.5428E+07 mb/sr,
   149.00 deg.: X-S =   3.0612E+07 mb/sr,
   150.00 deg.: X-S =   5.2915E+07 mb/sr,
   151.00 deg.: X-S =   5.1159E+07 mb/sr,
   152.00 deg.: X-S =   8.0585E+07 mb/sr,
   153.00 deg.: X-S =   9.3102E+07 mb/sr,
   154.00 deg.: X-S =   1.0557E+08 mb/sr,
   155.00 deg.: X-S =   1.4738E+08 mb/sr,
   156.00 deg.: X-S =   1.4607E+08 mb/sr,
   157.00 deg.: X-S =   1.9135E+08 mb/sr,
   158.00 deg.: X-S =   2.1390E+08 mb/sr,
   159.00 deg.: X-S =   2.2633E+08 mb/sr,
   160.00 deg.: X-S =   2.8603E+08 mb/sr,
   161.00 deg.: X-S =   2.8064E+08 mb/sr,
   162.00 deg.: X-S =   3.3319E+08 mb/sr,
   163.00 deg.: X-S =   3.6177E+08 mb/sr,
   164.00 deg.: X-S =   3.6631E+08 mb/sr,
   165.00 deg.: X-S =   4.3634E+08 mb/sr,
   166.00 deg.: X-S =   4.2129E+08 mb/sr,
   167.00 deg.: X-S =   4.7731E+08 mb/sr,
   168.00 deg.: X-S =   5.0439E+08 mb/sr,
   169.00 deg.: X-S =   5.0532E+08 mb/sr,
   170.00 deg.: X-S =   5.8648E+08 mb/sr,
   171.00 deg.: X-S =   5.6612E+08 mb/sr,
   172.00 deg.: X-S =   6.5141E+08 mb/sr,
   173.00 deg.: X-S =   6.9329E+08 mb/sr,
   174.00 deg.: X-S =   7.3724E+08 mb/sr,
   175.00 deg.: X-S =   9.1755E+08 mb/sr,
   176.00 deg.: X-S =   9.9686E+08 mb/sr,
   177.00 deg.: X-S =   1.3472E+09 mb/sr,
   178.00 deg.: X-S =   2.2779E+09 mb/sr,
   179.00 deg.: X-S =   4.0334E+09 mb/sr,
   180.00 deg.: X-S =   5.1861E+09 mb/sr,
                                           Integrated********** mb, over [   0.000, 180.000] at   280.0000 MeV 
 Finished all xsecs @    2.43750000    

  The following files have been created:
   3:local copy of User input.            6:standard output.                   
   7:elastic  S-matrix elements.         12:transfer kernels.                  
  13:total cross sections/state.         16:tables of cross sections.          
  35:Astrophysics S-factors  / Ecm.      38:cross sections for each J/pi.      
  39:cross sections for each Ecm.        40:all cross sectns. for each Elab.   
  45:scat phase shift as E functions.    46:bs wave functions & ANC ratios.    
  56:Fusion for each Jtotal.             75:S-factors for lab energies.        
 201:Separate cross sections.           202:Separate cross sections.           

 PARAMETERS : MAXQRN   MFNL   MLOC  LMAX1 MCLIST
    ALLOWED :      4     25     10    100      6
    REQUIRED:      1      4     10     82      3


 ACCURACY ANALYSIS at   280.000 MeV :

  Elastic h*k = 0.183 so OK       compared with 0.200

   Real(S-el) > 0.01 first at J =       1.0
   Real(S-el) > 0.10 first at J =       1.0
   Real(S-el) > 0.50 first at J =      21.0
   Real(S-el) > 0.90 first at J =      23.0
   Real(S-el) > 0.99 first at J =      26.0
   R-turn =    22.01 fm    at J =      80.0

 Forward-angle excitation cut off below   0.107 deg by max JT =      80.0
                              and below   0.079 deg by max R.


 1: Recommended RNL: non-local width >  12.20 cf:  30.00 fm: OK      
    Recommended CENTRE: centration   ~   1.20 cf:   0.00 fm

 Total CPU  0 time =       2.45 seconds
