 FRESCO - FRES 3.4: Coupled Reaction Channels
 Assuming NAMELIST input.

 4He(4He,n)7Be  E=155 MeV  Q=-18.990  [he4_he4_n_be7]                            

   0.050  30.000   0.250   0.100  30.000   0.000   0.000   0.000   0.000   0.000

 Centre-of-mass Range is    602 * 0.0500 fm., Maximum at  30.00 fm., Interpolating NL forms every  0.25 fm.
 Non - locality width is    301 * 0.1000 fm., Maximum of  30.00 fm., Centred at  0.00 fm.
 2-Nucleon Separation of      0 * 0.2500 fm., Maximum of   0.00 fm., Minimum at  0.00 fm.
 Maximum single particle bins of 30.0000 fm.
               M,Mint =          601         601


 Range of total J is     0.0 <= J <=    80.0 (at least     0.0) and Absorbtion =>    -1.0000 mb.
 Dry Run = F, CC set limits =  0  0, Relativistic kinematics = a, Both/Far/Near Analyses =  1                     

 Cross Sections (and up to T0 for 0=projectile) for Theta from   0.0 to 180.0 in steps of  1.0 degrees, DGAM=0,  Coordinates = 0 (Mads)

 Lower Radial Cutoff = maximum of  3.00*L*h &       0.0 fm.,  Lower Cutoff for Couplings =   0.0  fm.


 Iterate Couplings between   1 and   1 times, to  0.000 % if sooner.                                          
  Block solved exactly =   0 chs., with Pade = 0 & Isocen =  =0, NOSOL = F, initwf =  0
  NL quadrature with   18 Gaussian points, Calculate multipoles up to    86 from   0
  M-transfers for lp+lt greater than or equal to  6, Angular Integration Cutoff below  2.7778 %


 Trace switches are :  CHANS =  1, LISTCC =  0, TRENEG =  0, CDETR =  0, SMATS =  2, XSTABL =  1, NLPL =  0

                       WAVES =  0, LAMPL =  0, VEFF =  0, KFUS =  0, WDISK =  0, BPM =  0, MELFIL =  0

                       CDCC =  0, NFUS =  0

 Using unit mass = 1.000000 amu and 1/fine-structure constant = 137.03599 ( 1.000000 * true ) with hc = 197.32705 MeV.fm,
  thus 2*amu/hbar^2 = 0.0478450 = 1/20.9008 and Coulomb constant = 0.1574855 so e^2 = 1.43997, and nuclear magneton= 0.1261183

 Now pre-scan input and save to file 3



 *********** PARTITION NUMBER  1 ******************************************************************************************

   PROJ=4He        MASS=  4.0000 Z=   2.0,        # STATES=    1T, TARG=4He      MASS=  4.0000 Z=   2.0,     Q-VALUE =   0.0000 MEV.

     1:  J= 0.0+ (B# 1), E=  0.0000, K= 0.0              Potl#  1       J= 0.0+ (B# 1), E=  0.0000, K= 0.0    


 *********** PARTITION NUMBER  2 ******************************************************************************************

   PROJ=n          MASS=  1.0000 Z=   0.0,        # STATES=    1T, TARG=7Be      MASS=  7.0000 Z=   4.0,     Q-VALUE = -18.9900 MEV.

     1:  J= 0.5+ (B# 1), E=  0.0000, K= 0.5              Potl#  2       J= 1.5- (B#-1), E=  0.0000, K= 0.5    
0****** WARNING : COMPARED WITH PARTITION  1, THIS PARTITION HAS TOTAL MASS & CHARGE EXCESSES  -0.02039 &   0.0000


 ************************************************************************************************************************************

 The following POTENTIALS are defined :

  KP#       TYPE      IT    SHAPE      at     V1        r1        a1        V2        r2        a2        A-in     A-used


                                            A#1       A#2        r0c       ac                                                h @ 1
    1    0=Coulomb       0=CHARGE (WS)  1     4.000     4.000    1.4000    0.0000    0.0000    0.0000     0.000    32.000   0.05000

    1    1=Volume        0=Woods-Saxon  2  120.0000    1.4000    0.5500   15.0000    1.4000    0.5500     0.000    32.000
   --------------------------------------------------------------------------------------------------------------------

                                            A#1       A#2        r0c       ac                                                h @ 2
    2    0=Coulomb       0=CHARGE (WS)  3     1.000     7.000    0.0000    0.0000    0.0000    0.0000     0.000    24.717   0.05000

    2    1=Volume        0=Woods-Saxon  4   48.0000    1.2000    0.6500    0.0000    1.2000    0.6500     0.000    24.717

    2    2=Surface       0=Woods-Saxon  5    0.0000    0.0000    0.0000    6.0000    1.3000    0.5000     0.000    24.717

    2    3=Projtl S.O.   0=Woods-Saxon  6    5.5000    1.0000    0.5000    0.0000    0.0000    0.0000     0.000    24.717
   --------------------------------------------------------------------------------------------------------------------

    3    1=Volume        0=Woods-Saxon  7   50.0000    1.2500    0.6500    0.0000    0.0000    0.0000     0.000    24.717

    3    3=Projtl S.O.   0=Woods-Saxon  8    6.0000    1.2500    0.6500    0.0000    0.0000    0.0000     0.000    24.717
   --------------------------------------------------------------------------------------------------------------------

    4    1=Volume        0=Woods-Saxon  9   50.0000    1.2500    0.6500    0.0000    0.0000    0.0000     0.000    24.717

    4    3=Projtl S.O.   0=Woods-Saxon 10    6.0000    1.2500    0.6500    0.0000    0.0000    0.0000     0.000    24.717


 ************************************************************************************************************************************

 The following SINGLE-PARTICLE FORM FACTORS are constructed :


 No.   P1 P2 IN KIND T N  L  S1 IA J/S  IB BIND XFER  BE    SC PC FIL AFRAC Adjust  to  Z  Mass   K     Norm    rms      D0     D   ANC/Gsp

    1:  2  1  1  0     1  0 0.5  1 0.5   0   3   0  20.5780  1  0  0 0.0000 VR  0.7477; 2. 3.000 0.8593 1.0000  2.579 -439.6-1093.5 11.0687

    2:  1  2  2  0     2  1 0.5  1 1.5   0   4   0   1.5870  1  0  0 0.0000 VR  0.7022; 2. 3.000 0.3608 1.0000  4.679   92.7  150.1-16.0626

 ************************************************************************************************************************************

 TWO-way COUPLING # 1 for partitions  2 <-  1 of KIND  7,   0 -1  5 -1 -1 & P1,P2 =    0.0000   0.0000 : for J <=    80.5 & R <  29.8 fm.


 data =  1  1  1  1  1.0000,  so  < [4He      #  1] / [n        #  1]  * Eigen-form #  1>  =   1.0000            BE = 20.578     1

 data =  2  1  1  2  1.0000,  so  < [7Be      #  1] / [4He      #  1]  * Eigen-form #  2>  =   1.0000            BE =  1.587     2
 KNT =   2, KNP =   1: NK,NG,loc=   1   1   1  11  T  T  F

     So FINITE-RANGE TRANSFER : IP1 = 0 (POST    ), IP2=-1 =COMPLEX     ,  for   1 pairs of bound states summed into   1 pairs
      The main coupling potential is that binding the transferred particle to the n        core.

          Using between n        & 4He      the potential No.   5, and subtracting optical potential No.  2

   A real*8 is            8  bytes
   NLL,NLN,NLO =         120         121         301
0File   9 needs RL =   72240    REAL*8 numbers, and NR =    88. i.e.    50.86 Megabytes
   File            9  RECL =      577920
0RECOMMENDED NON-LOCAL WIDTH IS GREATER THAN   12.20 FM.,  RECOMMENDED CENTRATION   1.20, after    0.54 secs.
0Relative non-local usages (rms) are
    0.000   0.000   0.000   0.000   0.000   0.000   0.000   0.000   0.000   0.000   0.000   0.000   0.000   0.000   0.000
    0.000   0.000   0.000   0.000   0.000   0.000   0.000   0.000   0.000   0.000   0.000   0.000   0.000   0.000   0.000
    0.000   0.000   0.000   0.000   0.000   0.000   0.000   0.000   0.000   0.000   0.000   0.000   0.000   0.000   0.000
    0.000   0.000   0.000   0.000   0.000   0.000   0.000   0.000   0.000   0.000   0.000   0.000   0.000   0.000   0.000
    0.000   0.000   0.000   0.000   0.000   0.000   0.000   0.000   0.000   0.000   0.000   0.000   0.000   0.000   0.000
    0.000   0.000   0.000   0.000   0.000   0.000   0.001   0.001   0.001   0.002   0.003   0.005   0.006   0.009   0.012
    0.014   0.022   0.028   0.039   0.052   0.063   0.096   0.120   0.167   0.223   0.266   0.398   0.493   0.674   0.885
    1.047   1.517   1.856   2.444   3.128   3.647   4.953   5.909   7.336   8.967  10.197  12.757  14.660  17.125  19.854
   21.876  25.543  28.263  31.490  34.978  37.503  41.815  44.994  48.622  52.516  55.287  59.928  63.315  67.084  71.071
   73.831  78.314  81.483  84.794  88.183  90.288  93.587  95.594  97.383  98.939  99.288 100.000  99.516  98.196  96.260
   93.695  90.783  87.201  82.652  77.504  71.954  66.183  60.433  54.899  49.518  44.395  39.665  35.425  31.793  28.839
   26.591  25.018  24.020  23.451  23.146  22.970  22.812  22.596  22.277  21.831  21.257  20.563  19.764  18.882  17.939
   16.955  15.951  14.944  13.950  12.979  12.042  11.144  10.292   9.486   8.729   8.021   7.361   6.747   6.177   5.650
    5.163   4.713   4.299   3.917   3.566   3.243   2.947   2.675   2.426   2.198   1.989   1.798   1.624   1.465   1.321
    1.189   1.070   0.961   0.863   0.774   0.694   0.621   0.556   0.497   0.444   0.396   0.353   0.315   0.280   0.250
    0.222   0.198   0.176   0.156   0.139   0.123   0.109   0.097   0.086   0.076   0.068   0.060   0.053   0.047   0.042
    0.037   0.033   0.029   0.026   0.023   0.020   0.018   0.016   0.014   0.012   0.011   0.010   0.009   0.008   0.007
    0.006   0.005   0.005   0.004   0.004   0.003   0.003   0.003   0.002   0.002   0.002   0.002   0.001   0.001   0.001
    0.001   0.001   0.001   0.001   0.001   0.001   0.000   0.000   0.000   0.000   0.000   0.000   0.000   0.000   0.000
    0.000   0.000   0.000   0.000   0.000   0.000   0.000   0.000   0.000   0.000   0.000   0.000   0.000   0.000   0.000
    0.000

 Incoming partition  1 in excitation state # 1,   Laboratory Energy given for partition  1 Nucleus 1 in Excitation pair 1

0Lab. ENERGY ranges :

   from    155.000     to   0.00000     in     0 intervals
   from    0.00000     to   0.00000     in     0 intervals
   from    0.00000     to   0.00000     in     0 intervals

 Largest real,imaginary parts of any form factor at R=   29.50 are   4.88E-02  2.46E-19 MeV
 Finished all Couplings @   0.578125000              10

 Symmetric Hamiltonian
1***********************************************************************************************************************************
************************************************************************************************************************************

        INCOMING 4He      ;    LABORATORY 4He      ENERGY =   155.00     MeV.

 ***********************************************************************************************************************************
 ***********************************************************************************************************************************


  NOTE: Coulomb excitation cut off below   0.144 deg by JTMAX, and below   0.142 deg by Rmax

 Allocate arrays for            2  channels, of which            2  need wfs.

 ######################################################################################################################
 #                                                                                                                    #
 # Total SPIN and PARITY =     0.0 +,      2 channels,    0 in 1st block.  Rmin & Coul turning =    0.0    0.1 fm.  #
 #                                                                                                                    #
 ######################################################################################################################



    C Projectl Target   #   EX.   (L  Proj) J  + Targ = Jtotal     E-cm      Re K     Re Eta     RM*K            CH
    1 4He      4He      #    1: I   0 0.0    0.0  0.0     0.0    77.50000   2.72323   0.10120   81.6969   0.26498   0.42438 1 1 1   1
    2 n        7Be      #    1:     1 0.5    1.5  1.5     0.0    59.67305   1.58056   0.00000   47.4169  -0.47565  -0.15450 2 1 2   1
   S-matrix    1 =   -0.20652   0.05024 for L=    0, J=    0.0 channel on core I =   0.0 from L=    0,  Acc. loss =  0.0 D.
 Elastic phase shift   1 =   83.163  44.364 deg. for the L =    0, J =    0.0 channel.
       0.0 -0.20652040  0.05024283i: elastic S-matrix  @@      0.02  0   0 F  0
 Reaction Xsec     0.0+/ 0 @ 1 =   4.045 , Out:   0.000#   6.954#   4.045f

 Allocate arrays for            4  channels, of which            4  need wfs.

 Total SPIN, PARITY =     1.0 -,      4 chs,      0 cc.  Rmin & Coul turning =    0.2    0.6
   S-matrix    1 =   -0.18292   0.11210 for L=    1, J=    1.0 channel on core I =   0.0 from L=    1,  Acc. loss =  0.0 D.
 Elastic phase shift   1 =   74.249  44.097 deg. for the L =    1, J =    1.0 channel.
       1.0 -0.18292053  0.11210113i: elastic S-matrix  @@      0.03  0   0 F  0
 Reaction Xsec     1.0-/ 1 @ 1 =  12.124 , Out:   0.000#   0.011/  12.124f

 Allocate arrays for            5  channels, of which            5  need wfs.

 Total SPIN, PARITY =     2.0 +,      5 chs,      0 cc.  Rmin & Coul turning =    0.3    0.9
   S-matrix    1 =   -0.15527   0.15091 for L=    2, J=    2.0 channel on core I =   0.0 from L=    2,  Acc. loss =  0.0 D.
 Elastic phase shift   1 =   67.908  43.833 deg. for the L =    2, J =    2.0 channel.
       2.0 -0.15526788  0.15091199i: elastic S-matrix  @@      0.02  0   0 F  0
 Reaction Xsec     2.0+/ 2 @ 1 =  20.188 , Out:   0.000#   0.021/  20.188f


 Total SPIN, PARITY =     3.0 -,      5 chs,      0 cc.  Rmin & Coul turning =    0.5    1.3
   S-matrix    1 =   -0.11629   0.18539 for L=    3, J=    3.0 channel on core I =   0.0 from L=    3,  Acc. loss =  0.0 D.
 Elastic phase shift   1 =   61.050  43.527 deg. for the L =    3, J =    3.0 channel.
       3.0 -0.11629305  0.18539457i: elastic S-matrix  @@      0.03  0   0 F  0
 Reaction Xsec     3.0-/ 3 @ 1 =  28.233 , Out:   0.000#   0.011/  28.233f


 Total SPIN, PARITY =     4.0 +,      5 chs,      0 cc.  Rmin & Coul turning =    0.6    1.7
   S-matrix    1 =   -0.05990   0.21335 for L=    4, J=    4.0 channel on core I =   0.0 from L=    4,  Acc. loss =  0.0 D.
 Elastic phase shift   1 =   52.841  43.169 deg. for the L =    4, J =    4.0 channel.
       4.0 -0.05989666  0.21334900i: elastic S-matrix  @@      0.03  0   0 F  0
 Reaction Xsec     4.0+/ 4 @ 1 =  36.254 , Out:   0.000#   0.026/  36.254f


 Total SPIN, PARITY =     5.0 -,      5 chs,      0 cc.  Rmin & Coul turning =    0.8    2.0
   S-matrix    1 =    0.01765   0.22426 for L=    5, J=    5.0 channel on core I =   0.0 from L=    5,  Acc. loss =  0.0 D.
 Elastic phase shift   1 =   42.750  42.739 deg. for the L =    5, J =    5.0 channel.
       5.0  0.01764651  0.22426016i: elastic S-matrix  @@      0.03  0   0 F  0
 Reaction Xsec     5.0-/ 5 @ 1 =  44.241 , Out:   0.000#   9.604#  44.241f


 Total SPIN, PARITY =     6.0 +,      5 chs,      0 cc.  Rmin & Coul turning =    0.9    2.4
   S-matrix    1 =    0.10951   0.20194 for L=    6, J=    6.0 channel on core I =   0.0 from L=    6,  Acc. loss =  0.0 D.
 Elastic phase shift   1 =   30.764  42.138 deg. for the L =    6, J =    6.0 channel.
       6.0  0.10951105  0.20193720i: elastic S-matrix  @@      0.03  0   0 F  0
 Reaction Xsec     6.0+/ 6 @ 1 =  52.165 , Out:   0.000#   9.036#  52.165f


 Total SPIN, PARITY =     7.0 -,      5 chs,      0 cc.  Rmin & Coul turning =    1.1    2.8
   S-matrix    1 =    0.19651   0.12728 for L=    7, J=    7.0 channel on core I =   0.0 from L=    7,  Acc. loss =  0.0 D.
 Elastic phase shift   1 =   16.466  41.593 deg. for the L =    7, J =    7.0 channel.
       7.0  0.19650860  0.12728294i: elastic S-matrix  @@      0.05  0   0 F  0
 Reaction Xsec     7.0-/ 7 @ 1 =  60.060 , Out:   0.000#   0.011/  60.060f


 Total SPIN, PARITY =     8.0 +,      5 chs,      0 cc.  Rmin & Coul turning =    1.2    3.2
   S-matrix    1 =    0.24142  -0.00322 for L=    8, J=    8.0 channel on core I =   0.0 from L=    8,  Acc. loss =  0.0 D.
 Elastic phase shift   1 =   -0.382  40.712 deg. for the L =    8, J =    8.0 channel.
       8.0  0.24142006 -0.00322253i: elastic S-matrix  @@      0.03  0   0 F  0
 Reaction Xsec     8.0+/ 8 @ 1 =  67.818 , Out:   0.000#   0.018/  67.818f


 Total SPIN, PARITY =     9.0 -,      5 chs,      0 cc.  Rmin & Coul turning =    1.4    3.5
   S-matrix    1 =    0.19059  -0.15775 for L=    9, J=    9.0 channel on core I =   0.0 from L=    9,  Acc. loss =  0.0 D.
 Elastic phase shift   1 =  -19.807  40.014 deg. for the L =    9, J =    9.0 channel.
       9.0  0.19058522 -0.15774886i: elastic S-matrix  @@      0.03  0   0 F  0
 Reaction Xsec     9.0-/ 9 @ 1 =  75.562 , Out:   0.000#   0.014/  75.562f


 Total SPIN, PARITY =    10.0 +,      5 chs,      0 cc.  Rmin & Coul turning =    1.5    3.9
   S-matrix    1 =    0.01516  -0.25382 for L=   10, J=   10.0 channel on core I =   0.0 from L=   10,  Acc. loss =  0.0 D.
 Elastic phase shift   1 =  -43.291  39.229 deg. for the L =   10, J =   10.0 channel.
      10.0  0.01515769 -0.25381810i: elastic S-matrix  @@      0.05  0   0 F  0
 Reaction Xsec    10.0+/10 @ 1 =  83.210 , Out:   0.000#   1.408#  83.210f


 Total SPIN, PARITY =    11.0 -,      5 chs,      0 cc.  Rmin & Coul turning =    1.7    4.3
   S-matrix    1 =   -0.20512  -0.17363 for L=   11, J=   11.0 channel on core I =   0.0 from L=   11,  Acc. loss =  0.0 D.
 Elastic phase shift   1 =  -69.877  37.644 deg. for the L =   11, J =   11.0 channel.
      11.0 -0.20512121 -0.17362930i: elastic S-matrix  @@      0.05  0   0 F  0
 Reaction Xsec    11.0-/11 @ 1 =  90.397 , Out:   0.000#   0.635#  90.397f


 Total SPIN, PARITY =    12.0 +,      5 chs,      0 cc.  Rmin & Coul turning =    1.8    4.6
   S-matrix    1 =   -0.24000   0.10292 for L=   12, J=   12.0 channel on core I =   0.0 from L=   12,  Acc. loss =  0.0 D.
 Elastic phase shift   1 =   78.394  38.466 deg. for the L =   12, J =   12.0 channel.
      12.0 -0.23999734  0.10291878i: elastic S-matrix  @@      0.05  0   0 F  0
 Reaction Xsec    12.0+/12 @ 1 =  98.684 , Out:   0.000#   0.144#  98.684f


 Total SPIN, PARITY =    13.0 -,      5 chs,      0 cc.  Rmin & Coul turning =    2.0    5.0
   S-matrix    1 =    0.09121   0.27460 for L=   13, J=   13.0 channel on core I =   0.0 from L=   13,  Acc. loss =  0.0 D.
 Elastic phase shift   1 =   35.812  35.527 deg. for the L =   13, J =   13.0 channel.
      13.0  0.09121437  0.27459911i: elastic S-matrix  @@      0.05  0   0 F  0
 Reaction Xsec    13.0-/13 @ 1 = 104.802 , Out:   0.000#   0.027# 104.802f


 Total SPIN, PARITY =    14.0 +,      5 chs,      0 cc.  Rmin & Coul turning =    2.1    5.4
   S-matrix    1 =    0.32012  -0.02042 for L=   14, J=   14.0 channel on core I =   0.0 from L=   14,  Acc. loss =  0.0 D.
 Elastic phase shift   1 =   -1.825  32.573 deg. for the L =   14, J =   14.0 channel.
      14.0  0.32012456 -0.02042306i: elastic S-matrix  @@      0.05  0   0 F  0
 Reaction Xsec    14.0+/14 @ 1 = 110.210 , Out:   0.000#   0.004# 110.210f


 Total SPIN, PARITY =    15.0 -,      5 chs,      0 cc.  Rmin & Coul turning =    2.2    5.7
   S-matrix    1 =   -0.11222   0.15577 for L=   15, J=   15.0 channel on core I =   0.0 from L=   15,  Acc. loss =  0.0 D.
 Elastic phase shift   1 =   62.885  47.278 deg. for the L =   15, J =   15.0 channel.
      15.0 -0.11222078  0.15577441i: elastic S-matrix  @@      0.03  0   0 F  0
 Reaction Xsec    15.0-/15 @ 1 = 126.483 , Out:   0.000#   0.000# 126.483f


 Total SPIN, PARITY =    16.0 +,      5 chs,      0 cc.  Rmin & Coul turning =    2.4    6.1
   S-matrix    1 =    0.54503   0.59231 for L=   16, J=   16.0 channel on core I =   0.0 from L=   16,  Acc. loss =  0.0 D.
 Elastic phase shift   1 =   23.690   6.217 deg. for the L =   16, J =   16.0 channel.
      16.0  0.54502616  0.59231414i: elastic S-matrix  @@      0.03  0   0 F  0
 Reaction Xsec    16.0+/16 @ 1 =  49.224 , Out:   0.000#   0.000#  49.224f


 Total SPIN, PARITY =    17.0 -,      5 chs,      0 cc.  Rmin & Coul turning =    2.6    6.5
   S-matrix    1 =    0.87768   0.33449 for L=   17, J=   17.0 channel on core I =   0.0 from L=   17,  Acc. loss =  0.0 D.
 Elastic phase shift   1 =   10.431   1.795 deg. for the L =   17, J =   17.0 channel.
      17.0  0.87767771  0.33449201i: elastic S-matrix  @@      0.03  0   0 F  0
 Reaction Xsec    17.0-/17 @ 1 =  17.466 , Out:   0.000#   0.000#  17.466f


 Total SPIN, PARITY =    18.0 +,      5 chs,      0 cc.  Rmin & Coul turning =    2.7    6.8
   S-matrix    1 =    0.95935   0.17148 for L=   18, J=   18.0 channel on core I =   0.0 from L=   18,  Acc. loss =  0.0 D.
 Elastic phase shift   1 =    5.067   0.738 deg. for the L =   18, J =   18.0 channel.
      18.0  0.95934845  0.17148138i: elastic S-matrix  @@      0.03  0   0 F  0
 Reaction Xsec    18.0+/18 @ 1 =   7.875 , Out:   0.000#   0.000#   7.875f


 Total SPIN, PARITY =    19.0 -,      5 chs,      0 cc.  Rmin & Coul turning =    2.9    7.2
   S-matrix    1 =    0.98395   0.08859 for L=   19, J=   19.0 channel on core I =   0.0 from L=   19,  Acc. loss =  0.0 D.
 Elastic phase shift   1 =    2.572   0.348 deg. for the L =   19, J =   19.0 channel.
      19.0  0.98395030  0.08858933i: elastic S-matrix  @@      0.02  0   0 F  0
 Reaction Xsec    19.0-/19 @ 1 =   3.964 , Out:   0.000#   0.000#   3.964f


 Total SPIN, PARITY =    20.0 +,      5 chs,      0 cc.  Rmin & Coul turning =    3.0    7.6
   S-matrix    1 =    0.99288   0.04624 for L=   20, J=   20.0 channel on core I =   0.0 from L=   20,  Acc. loss =  0.0 D.
 Elastic phase shift   1 =    1.333   0.174 deg. for the L =   20, J =   20.0 channel.
      20.0  0.99287624  0.04623863i: elastic S-matrix  @@      0.03  0   0 F  0
 Reaction Xsec    20.0+/20 @ 1 =   2.094 , Out:   0.000#   0.000#   2.094f


 Total SPIN, PARITY =    21.0 -,      5 chs,      0 cc.  Rmin & Coul turning =    3.2    7.9
   S-matrix    1 =    0.99659   0.02429 for L=   21, J=   21.0 channel on core I =   0.0 from L=   21,  Acc. loss =  0.0 D.
 Elastic phase shift   1 =    0.698   0.089 deg. for the L =   21, J =   21.0 channel.
0****** WARNING : ACCURACY LOSS IN ERWIN = 14.2 DIGITS, SO EXPECT ERRORS OF   0.0000 % OF UNITARITY

      21.0  0.99659302  0.02428827i: elastic S-matrix  @@      0.03  0   0 F  0
 Reaction Xsec    21.0-/21 @ 1 =   1.132 , Out:   0.000#   0.000#   1.132f


 Total SPIN, PARITY =    22.0 +,      5 chs,      0 cc.  Rmin & Coul turning =    3.3    8.3
   S-matrix    1 =    0.99830   0.01280 for L=   22, J=   22.0 channel on core I =   0.0 from L=   22,  Acc. loss =  0.0 D.
 Elastic phase shift   1 =    0.367   0.046 deg. for the L =   22, J =   22.0 channel.
0****** WARNING : ACCURACY LOSS IN ERWIN = 14.2 DIGITS, SO EXPECT ERRORS OF   0.0000 % OF UNITARITY

      22.0  0.99829620  0.01280207i: elastic S-matrix  @@      0.03  0   0 F  0
 Reaction Xsec    22.0+/22 @ 1 =   0.618 , Out:   0.000#   0.000#   0.618f


 Total SPIN, PARITY =    23.0 -,      5 chs,      0 cc.  Rmin & Coul turning =    3.5    8.7
   S-matrix    1 =    0.99913   0.00676 for L=   23, J=   23.0 channel on core I =   0.0 from L=   23,  Acc. loss =  0.0 D.
 Elastic phase shift   1 =    0.194   0.024 deg. for the L =   23, J =   23.0 channel.
      23.0  0.99912606  0.00675901i: elastic S-matrix  @@      0.03  0   0 F  0
 Reaction Xsec    23.0-/23 @ 1 =   0.339 , Out:   0.000#   0.000#   0.339f


 Total SPIN, PARITY =    24.0 +,      5 chs,      0 cc.  Rmin & Coul turning =    3.6    9.0
   S-matrix    1 =    0.99955   0.00357 for L=   24, J=   24.0 channel on core I =   0.0 from L=   24,  Acc. loss =  0.0 D.
 Elastic phase shift   1 =    0.102   0.013 deg. for the L =   24, J =   24.0 channel.
0****** WARNING : ACCURACY LOSS IN ERWIN = 14.2 DIGITS, SO EXPECT ERRORS OF   0.0000 % OF UNITARITY

      24.0  0.99954548  0.00357082i: elastic S-matrix  @@      0.02  0   0 F  0
 Reaction Xsec    24.0+/24 @ 1 =   0.186 , Out:   0.000#   0.005#   0.186f


 Total SPIN, PARITY =    25.0 -,      5 chs,      0 cc.  Rmin & Coul turning =    3.8    9.4
   S-matrix    1 =    0.99976   0.00189 for L=   25, J=   25.0 channel on core I =   0.0 from L=   25,  Acc. loss =  0.0 D.
 Elastic phase shift   1 =    0.054   0.007 deg. for the L =   25, J =   25.0 channel.
      25.0  0.99976188  0.00188664i: elastic S-matrix  @@      0.03  0   0 F  0
 Reaction Xsec    25.0-/25 @ 1 =   0.102 , Out:   0.000#   0.065#   0.102f


 Total SPIN, PARITY =    26.0 +,      5 chs,      0 cc.  Rmin & Coul turning =    3.9    9.8
   S-matrix    1 =    0.99987   0.00100 for L=   26, J=   26.0 channel on core I =   0.0 from L=   26,  Acc. loss =  0.0 D.
 Elastic phase shift   1 =    0.029   0.004 deg. for the L =   26, J =   26.0 channel.
0****** WARNING : ACCURACY LOSS IN ERWIN = 15.0 DIGITS, SO EXPECT ERRORS OF   0.0000 % OF UNITARITY

      26.0  0.99987479  0.00099661i: elastic S-matrix  @@      0.05  0   0 F  0
 Reaction Xsec    26.0+/26 @ 1 =   0.056 , Out:   0.000#   0.796#   0.056f


 Total SPIN, PARITY =    27.0 -,      5 chs,      0 cc.  Rmin & Coul turning =    4.0   10.1
   S-matrix    1 =    0.99993   0.00053 for L=   27, J=   27.0 channel on core I =   0.0 from L=   27,  Acc. loss =  0.0 D.
 Elastic phase shift   1 =    0.015   0.002 deg. for the L =   27, J =   27.0 channel.
      27.0  0.99993404  0.00052628i: elastic S-matrix  @@      0.05  0   0 F  0
 Reaction Xsec    27.0-/27 @ 1 =   0.031 , Out:   0.000#   1.075#   0.031f


 Total SPIN, PARITY =    28.0 +,      5 chs,      0 cc.  Rmin & Coul turning =    4.2   10.5
   S-matrix    1 =    0.99997   0.00028 for L=   28, J=   28.0 channel on core I =   0.0 from L=   28,  Acc. loss =  0.0 D.
 Elastic phase shift   1 =    0.008   0.001 deg. for the L =   28, J =   28.0 channel.
0****** WARNING : ACCURACY LOSS IN ERWIN = 14.2 DIGITS, SO EXPECT ERRORS OF   0.0004 % OF UNITARITY

      28.0  0.99996524  0.00027780i: elastic S-matrix  @@      0.05  0   0 F  0
 Reaction Xsec    28.0+/28 @ 1 =   0.017 , Out:   0.000#   1.275#   0.017f


 Total SPIN, PARITY =    29.0 -,      5 chs,      0 cc.  Rmin & Coul turning =    4.4   10.9
   S-matrix    1 =    0.99998   0.00015 for L=   29, J=   29.0 channel on core I =   0.0 from L=   29,  Acc. loss =  0.0 D.
 Elastic phase shift   1 =    0.004   0.001 deg. for the L =   29, J =   29.0 channel.
      29.0  0.99998167  0.00014660i: elastic S-matrix  @@      0.05  0   0 F  0
 Reaction Xsec    29.0-/29 @ 1 =   9.156/, Out:   0.000#   0.078/   0.009f


 Total SPIN, PARITY =    30.0 +,      5 chs,      0 cc.  Rmin & Coul turning =    4.5   11.2
   S-matrix    1 =    0.99999   0.00008 for L=   30, J=   30.0 channel on core I =   0.0 from L=   30,  Acc. loss =  0.0 D.
 Elastic phase shift   1 =    0.002   0.000 deg. for the L =   30, J =   30.0 channel.
      30.0  0.99999034  0.00007733i: elastic S-matrix  @@      0.06  0   0 F  0
 Reaction Xsec    30.0+/30 @ 1 =   4.991/, Out:   0.000#   0.818/   0.004f


 Total SPIN, PARITY =    31.0 -,      5 chs,      0 cc.  Rmin & Coul turning =    4.7   11.6
   S-matrix    1 =    0.99999   0.00004 for L=   31, J=   31.0 channel on core I =   0.0 from L=   31,  Acc. loss =  0.0 D.
 Elastic phase shift   1 =    0.001   0.000 deg. for the L =   31, J =   31.0 channel.
      31.0  0.99999491  0.00004079i: elastic S-matrix  @@      0.05  0   0 F  0
 Reaction Xsec    31.0-/31 @ 1 =   2.717/, Out:   0.000#   8.170/  -0.005f


 Total SPIN, PARITY =    32.0 +,      5 chs,      0 cc.  Rmin & Coul turning =    4.8   12.0
   S-matrix    1 =    1.00000   0.00002 for L=   32, J=   32.0 channel on core I =   0.0 from L=   32,  Acc. loss =  0.0 D.
 Elastic phase shift   1 =    0.001   0.000 deg. for the L =   32, J =   32.0 channel.
      32.0  0.99999732  0.00002153i: elastic S-matrix  @@      0.03  0   0 F  0
 Reaction Xsec    32.0+/32 @ 1 =   1.476/, Out:   0.000#   0.454/   0.001f


 Total SPIN, PARITY =    33.0 -,      5 chs,      0 cc.  Rmin & Coul turning =    5.0   12.3
   S-matrix    1 =    1.00000   0.00001 for L=   33, J=   33.0 channel on core I =   0.0 from L=   33,  Acc. loss =  0.0 D.
 Elastic phase shift   1 =    0.000   0.000 deg. for the L =   33, J =   33.0 channel.
0****** WARNING : ACCURACY LOSS IN ERWIN = 14.1 DIGITS, SO EXPECT ERRORS OF   0.0124 % OF UNITARITY

      33.0  0.99999859  0.00001136i: elastic S-matrix  @@      0.03  0   0 F  0
 Reaction Xsec    33.0-/33 @ 1 =   0.801/, Out:   0.000#   0.011   -0.010f


 Total SPIN, PARITY =    34.0 +,      5 chs,      0 cc.  Rmin & Coul turning =    5.1   12.7
   S-matrix    1 =    1.00000   0.00001 for L=   34, J=   34.0 channel on core I =   0.0 from L=   34,  Acc. loss =  0.0 D.
 Elastic phase shift   1 =    0.000   0.000 deg. for the L =   34, J =   34.0 channel.
      34.0  0.99999926  0.00000601i: elastic S-matrix  @@      0.03  0   0 F  0
 Reaction Xsec    34.0+/34 @ 1 =   0.434/, Out:   0.000#  10.786  -10.786f


 Total SPIN, PARITY =    35.0 -,      5 chs,      0 cc.  Rmin & Coul turning =    5.2   13.1
   S-matrix    1 =    1.00000   0.00000 for L=   35, J=   35.0 channel on core I =   0.0 from L=   35,  Acc. loss =  0.0 D.
 Elastic phase shift   1 =    0.000   0.000 deg. for the L =   35, J =   35.0 channel.
0****** WARNING : ACCURACY LOSS IN ERWIN = 14.3 DIGITS, SO EXPECT ERRORS OF   0.0302 % OF UNITARITY

      35.0  0.99999961  0.00000320i: elastic S-matrix  @@      0.03  0   0 F  0
 Reaction Xsec    35.0-/35 @ 1 =   0.235/, Out:   0.000#   0.056   -0.056f


 Total SPIN, PARITY =    36.0 +,      5 chs,      0 cc.  Rmin & Coul turning =    5.4   13.4
   S-matrix    1 =    1.00000   0.00000 for L=   36, J=   36.0 channel on core I =   0.0 from L=   36,  Acc. loss =  0.0 D.
 Elastic phase shift   1 =    0.000   0.000 deg. for the L =   36, J =   36.0 channel.
0****** WARNING : ACCURACY LOSS IN ERWIN = 14.2 DIGITS, SO EXPECT ERRORS OF   0.2583 % OF UNITARITY

      36.0  0.99999979  0.00000170i: elastic S-matrix  @@      0.02  0   0 F  0
 Reaction Xsec    36.0+/36 @ 1 =   0.127/, Out:   0.000#   1.006   -1.006f


 Total SPIN, PARITY =    37.0 -,      5 chs,      0 cc.  Rmin & Coul turning =    5.6   13.8
   S-matrix    1 =    1.00000   0.00000 for L=   37, J=   37.0 channel on core I =   0.0 from L=   37,  Acc. loss =  0.0 D.
 Elastic phase shift   1 =    0.000   0.000 deg. for the L =   37, J =   37.0 channel.
      37.0  0.99999989  0.00000093i: elastic S-matrix  @@      0.03  0   0 F  0
 Reaction Xsec    37.0-/37 @ 1 =   0.069/, Out:   0.000#  10.896  -10.896f


 Total SPIN, PARITY =    38.0 +,      5 chs,      0 cc.  Rmin & Coul turning =    5.7   14.2
   S-matrix    1 =    1.00000   0.00000 for L=   38, J=   38.0 channel on core I =   0.0 from L=   38,  Acc. loss =  0.0 D.
 Elastic phase shift   1 =    0.000   0.000 deg. for the L =   38, J =   38.0 channel.
0****** WARNING : ACCURACY LOSS IN ERWIN = 14.2 DIGITS, SO EXPECT ERRORS OF   0.1346 % OF UNITARITY

      38.0  0.99999994  0.00000051i: elastic S-matrix  @@      0.02  0   0 F  0
 Reaction Xsec    38.0+/38 @ 1 =   0.037/, Out:   0.000#   0.853   -0.853f


 Total SPIN, PARITY =    39.0 -,      5 chs,      0 cc.  Rmin & Coul turning =    5.9   14.5
   S-matrix    1 =    1.00000   0.00000 for L=   39, J=   39.0 channel on core I =   0.0 from L=   39,  Acc. loss =  0.0 D.
 Elastic phase shift   1 =    0.000   0.000 deg. for the L =   39, J =   39.0 channel.
0****** WARNING : ACCURACY LOSS IN ERWIN = 14.6 DIGITS, SO EXPECT ERRORS OF   0.9627 % OF UNITARITY

      39.0  0.99999997  0.00000028i: elastic S-matrix  @@      0.03  0   0 F  0
 Reaction Xsec    39.0-/39 @ 1 =   0.020/, Out:   0.000# 967.509 -967.509f


 Total SPIN, PARITY =    40.0 +,      5 chs,      0 cc.  Rmin & Coul turning =    6.0   14.9
   S-matrix    1 =    1.00000   0.00000 for L=   40, J=   40.0 channel on core I =   0.0 from L=   40,  Acc. loss =  0.0 D.
 Elastic phase shift   1 =    0.000   0.000 deg. for the L =   40, J =   40.0 channel.
0****** WARNING : ACCURACY LOSS IN ERWIN = 14.8 DIGITS, SO EXPECT ERRORS OF   3.8712 % OF UNITARITY

      40.0  0.99999998  0.00000018i: elastic S-matrix  @@      0.03  0   0 F  0
 Reaction Xsec    40.0+/40 @ 1 =   0.011/, Out:   0.000#1318.829 ********f


 Total SPIN, PARITY =    41.0 -,      5 chs,      0 cc.  Rmin & Coul turning =    6.2   15.3
   S-matrix    1 =    1.00000   0.00000 for L=   41, J=   41.0 channel on core I =   0.0 from L=   41,  Acc. loss =  0.0 D.
 Elastic phase shift   1 =    0.000   0.000 deg. for the L =   41, J =   41.0 channel.
0****** WARNING : ACCURACY LOSS IN ERWIN = 14.3 DIGITS, SO EXPECT ERRORS OF  13.9288 % OF UNITARITY

   192865801261176.31        209098746666657.09        2.2204460492503131E-016
 Increase lower cutoff: eg CUTL. Continuing.
      41.0  0.99999999  0.00000011i: elastic S-matrix  @@      0.02  0   0 F  0
 Reaction Xsec    41.0-/41 @ 1 =   5.793#, Out:   0.000# 991.831 -991.831f


 Total SPIN, PARITY =    42.0 +,      5 chs,      0 cc.  Rmin & Coul turning =    6.3   15.6
   S-matrix    1 =    1.00000   0.00000 for L=   42, J=   42.0 channel on core I =   0.0 from L=   42,  Acc. loss =  0.0 D.
 Elastic phase shift   1 =    0.000   0.000 deg. for the L =   42, J =   42.0 channel.
0****** WARNING : ACCURACY LOSS IN ERWIN = 14.9 DIGITS, SO EXPECT ERRORS OF 662.3873 % OF UNITARITY

   870349045406525.12        9943757131829838.0        2.2204460492503131E-016
 Increase lower cutoff: eg CUTL. Continuing.
      42.0  1.00000000  0.00000006i: elastic S-matrix  @@      0.02  0   0 F  0
 Reaction Xsec    42.0+/42 @ 1 =   3.115#, Out:   0.000#******** ********f


 Total SPIN, PARITY =    43.0 -,      5 chs,      0 cc.  Rmin & Coul turning =    6.5   16.0
   S-matrix    1 =    1.00000   0.00000 for L=   43, J=   43.0 channel on core I =   0.0 from L=   43,  Acc. loss =  0.0 D.
 Elastic phase shift   1 =    0.000   0.000 deg. for the L =   43, J =   43.0 channel.
0****** WARNING : ACCURACY LOSS IN ERWIN = 14.2 DIGITS, SO EXPECT ERRORS OF 646.5455 % OF UNITARITY

   157193414063103.12        9705939996196292.0        2.2204460492503131E-016
 Increase lower cutoff: eg CUTL. Continuing.
      43.0  1.00000000  0.00000006i: elastic S-matrix  @@      0.03  0   0 F  0
 Reaction Xsec    43.0-/43 @ 1 =   1.673#, Out:   0.000#******** ********f


 Total SPIN, PARITY =    44.0 +,      5 chs,      0 cc.  Rmin & Coul turning =    6.6   16.4
   S-matrix    1 =    1.00000   0.00000 for L=   44, J=   44.0 channel on core I =   0.0 from L=   44,  Acc. loss =  0.0 D.
 Elastic phase shift   1 =    0.000   0.000 deg. for the L =   44, J =   44.0 channel.
0****** WARNING : ACCURACY LOSS IN ERWIN = 14.5 DIGITS, SO EXPECT ERRORS OF2470.9056 % OF UNITARITY

   291486562622526.94        37093232329243032.        2.2204460492503131E-016
 Increase lower cutoff: eg CUTL. Continuing.
      44.0  1.00000000  0.00000005i: elastic S-matrix  @@      0.02  0   0 F  0
 Reaction Xsec    44.0+/44 @ 1 =   0.898#, Out:   0.000#******** ********f


 Total SPIN, PARITY =    45.0 -,      5 chs,      0 cc.  Rmin & Coul turning =    6.8   16.7
   S-matrix    1 =    1.00000   0.00000 for L=   45, J=   45.0 channel on core I =   0.0 from L=   45,  Acc. loss =  0.0 D.
 Elastic phase shift   1 =    0.000   0.000 deg. for the L =   45, J =   45.0 channel.
   110064155291093.06        8569905918880478.0        2.2204460492503131E-016
 Increase lower cutoff: eg CUTL. Continuing.
      45.0  1.00000000  0.00000002i: elastic S-matrix  @@      0.03  0   0 F  0
 Reaction Xsec    45.0-/45 @ 1 =   0.482#, Out:   0.000#******** ********f


 Total SPIN, PARITY =    46.0 +,      5 chs,      0 cc.  Rmin & Coul turning =    6.9   17.1
   S-matrix    1 =    1.00000   0.00000 for L=   46, J=   46.0 channel on core I =   0.0 from L=   46,  Acc. loss =  0.0 D.
 Elastic phase shift   1 =    0.000   0.000 deg. for the L =   46, J =   46.0 channel.
0****** WARNING : ACCURACY LOSS IN ERWIN = 14.8 DIGITS, SO EXPECT ERRORS OF1485.2367 % OF UNITARITY

   676761480490656.62        22296371073483132.        2.2204460492503131E-016
 Increase lower cutoff: eg CUTL. Continuing.
      46.0  1.00000000  0.00000003i: elastic S-matrix  @@      0.03  0   0 F  0
 Reaction Xsec    46.0+/46 @ 1 =   0.258#, Out:   0.000#******** ********f


 Total SPIN, PARITY =    47.0 -,      5 chs,      0 cc.  Rmin & Coul turning =    7.1   17.5
   S-matrix    1 =    1.00000   0.00000 for L=   47, J=   47.0 channel on core I =   0.0 from L=   47,  Acc. loss =  0.0 D.
 Elastic phase shift   1 =    0.000   0.000 deg. for the L =   47, J =   47.0 channel.
0****** WARNING : ACCURACY LOSS IN ERWIN = 14.9 DIGITS, SO EXPECT ERRORS OF1021.6824 % OF UNITARITY

   727083680040629.12        15337495560836078.        2.2204460492503131E-016
 Increase lower cutoff: eg CUTL. Continuing.
      47.0  1.00000000  0.00000003i: elastic S-matrix  @@      0.03  0   0 F  0
 Reaction Xsec    47.0-/47 @ 1 =   0.138#, Out:   0.000#******** ********f


 Total SPIN, PARITY =    48.0 +,      5 chs,      0 cc.  Rmin & Coul turning =    7.2   17.8
   S-matrix    1 =    1.00000   0.00000 for L=   48, J=   48.0 channel on core I =   0.0 from L=   48,  Acc. loss =  0.0 D.
 Elastic phase shift   1 =    0.000   0.000 deg. for the L =   48, J =   48.0 channel.
0****** WARNING : ACCURACY LOSS IN ERWIN = 15.1 DIGITS, SO EXPECT ERRORS OF1221.5082 % OF UNITARITY

   1329649325263169.5        18337279722668812.        2.2204460492503131E-016
 Increase lower cutoff: eg CUTL. Continuing.
      48.0  1.00000000  0.00000001i: elastic S-matrix  @@      0.03  0   0 F  0
 Reaction Xsec    48.0+/48 @ 1 =   0.074#, Out:   0.000#******** ********f


 Total SPIN, PARITY =    49.0 -,      5 chs,      0 cc.  Rmin & Coul turning =    7.4   18.2
   S-matrix    1 =    1.00000   0.00000 for L=   49, J=   49.0 channel on core I =   0.0 from L=   49,  Acc. loss =  0.0 D.
 Elastic phase shift   1 =    0.000   0.000 deg. for the L =   49, J =   49.0 channel.
0****** WARNING : ACCURACY LOSS IN ERWIN = 15.1 DIGITS, SO EXPECT ERRORS OF1035.9519 % OF UNITARITY

   1193204749063062.2        15551709123592828.        2.2204460492503131E-016
 Increase lower cutoff: eg CUTL. Continuing.
      49.0  1.00000000  0.00000001i: elastic S-matrix  @@      0.02  0   0 F  0
 Reaction Xsec    49.0-/49 @ 1 =   0.040#, Out:   0.000#******** ********f


 Total SPIN, PARITY =    50.0 +,      5 chs,      0 cc.  Rmin & Coul turning =    7.5   18.6
   S-matrix    1 =    1.00000   0.00000 for L=   50, J=   50.0 channel on core I =   0.0 from L=   50,  Acc. loss =  0.0 D.
 Elastic phase shift   1 =    0.000   0.000 deg. for the L =   50, J =   50.0 channel.
0****** WARNING : ACCURACY LOSS IN ERWIN = 17.7 DIGITS, SO EXPECT ERRORS OF1550.7106 % OF UNITARITY

   4.6264553907162618E+017   23279265910899820.        2.2204460492503131E-016
 Increase lower cutoff: eg CUTL. Continuing.
      50.0  1.00000000  0.00000002i: elastic S-matrix  @@      0.03  0   0 F  0
 Reaction Xsec    50.0+/50 @ 1 =   0.021#, Out:   0.000#******** ********f


 Total SPIN, PARITY =    51.0 -,      5 chs,      0 cc.  Rmin & Coul turning =    7.7   18.9
   S-matrix    1 =    1.00000   0.00000 for L=   51, J=   51.0 channel on core I =   0.0 from L=   51,  Acc. loss =  0.0 D.
 Elastic phase shift   1 =    0.000   0.000 deg. for the L =   51, J =   51.0 channel.
0****** WARNING : ACCURACY LOSS IN ERWIN = 15.4 DIGITS, SO EXPECT ERRORS OF3183.3562 % OF UNITARITY

   2569900701571919.5        47788539293662360.        2.2204460492503131E-016
 Increase lower cutoff: eg CUTL. Continuing.
      51.0  1.00000000  0.00000001i: elastic S-matrix  @@      0.03  0   0 F  0
 Reaction Xsec    51.0-/51 @ 1 =   0.011#, Out:   0.000#******** ********f


 Total SPIN, PARITY =    52.0 +,      5 chs,      0 cc.  Rmin & Coul turning =    7.8   19.3
   S-matrix    1 =    1.00000  -0.00000 for L=   52, J=   52.0 channel on core I =   0.0 from L=   52,  Acc. loss =  0.0 D.
 Elastic phase shift   1 =   -0.000   0.000 deg. for the L =   52, J =   52.0 channel.
0****** WARNING : ACCURACY LOSS IN ERWIN = 15.0 DIGITS, SO EXPECT ERRORS OF 620.8672 % OF UNITARITY

   1065769540233501.1        9320457839344186.0        2.2204460492503131E-016
 Increase lower cutoff: eg CUTL. Continuing.
      52.0  1.00000000 -0.00000001i: elastic S-matrix  @@      0.02  0   0 F  0
 Reaction Xsec    52.0+/52 @ 1 =   0.006#, Out:   0.000#******** ********f


 Total SPIN, PARITY =    53.0 -,      5 chs,      0 cc.  Rmin & Coul turning =    8.0   19.7
   S-matrix    1 =    1.00000   0.00000 for L=   53, J=   53.0 channel on core I =   0.0 from L=   53,  Acc. loss =  0.0 D.
 Elastic phase shift   1 =    0.000   0.000 deg. for the L =   53, J =   53.0 channel.
0****** WARNING : ACCURACY LOSS IN ERWIN = 15.1 DIGITS, SO EXPECT ERRORS OF 825.3186 % OF UNITARITY

   1272568428425239.0        12389681873480802.        2.2204460492503131E-016
 Increase lower cutoff: eg CUTL. Continuing.
      53.0  1.00000000  0.00000001i: elastic S-matrix  @@      0.03  0   0 F  0
 Reaction Xsec    53.0-/53 @ 1 =   0.003#, Out:   0.000#******** ********f


 Total SPIN, PARITY =    54.0 +,      5 chs,      0 cc.  Rmin & Coul turning =    8.1   20.0
   S-matrix    1 =    1.00000   0.00000 for L=   54, J=   54.0 channel on core I =   0.0 from L=   54,  Acc. loss =  0.0 D.
 Elastic phase shift   1 =    0.000   0.000 deg. for the L =   54, J =   54.0 channel.
0****** WARNING : ACCURACY LOSS IN ERWIN = 15.1 DIGITS, SO EXPECT ERRORS OF1603.8031 % OF UNITARITY

   1207322759728819.0        24076290095823320.        2.2204460492503131E-016
 Increase lower cutoff: eg CUTL. Continuing.
      54.0  1.00000000  0.00000001i: elastic S-matrix  @@      0.02  0   0 F  0
 Reaction Xsec    54.0+/54 @ 1 =   0.002#, Out:   0.000#******** ********f


 Total SPIN, PARITY =    55.0 -,      5 chs,      0 cc.  Rmin & Coul turning =    8.2   20.4
   S-matrix    1 =    1.00000  -0.00000 for L=   55, J=   55.0 channel on core I =   0.0 from L=   55,  Acc. loss =  0.0 D.
 Elastic phase shift   1 =   -0.000   0.000 deg. for the L =   55, J =   55.0 channel.
0****** WARNING : ACCURACY LOSS IN ERWIN = 15.1 DIGITS, SO EXPECT ERRORS OF 385.2063 % OF UNITARITY

   1385683149634987.8        5782717121793168.0        2.2204460492503131E-016
 Increase lower cutoff: eg CUTL. Continuing.
      55.0  1.00000000 -0.00000001i: elastic S-matrix  @@      0.03  0   0 F  0
 Reaction Xsec    55.0-/55 @ 1 =   0.001#, Out:   0.000#******** ********f


 Total SPIN, PARITY =    56.0 +,      5 chs,      0 cc.  Rmin & Coul turning =    8.4   20.8
   S-matrix    1 =    1.00000  -0.00000 for L=   56, J=   56.0 channel on core I =   0.0 from L=   56,  Acc. loss =  0.0 D.
 Elastic phase shift   1 =   -0.000   0.000 deg. for the L =   56, J =   56.0 channel.
0****** WARNING : ACCURACY LOSS IN ERWIN = 15.1 DIGITS, SO EXPECT ERRORS OF 772.9858 % OF UNITARITY

   1142099489304895.0        11604061753463242.        2.2204460492503131E-016
 Increase lower cutoff: eg CUTL. Continuing.
      56.0  1.00000000 -0.00000002i: elastic S-matrix  @@      0.02  0   0 F  0
 Reaction Xsec    56.0+/56 @ 1 =   0.000#, Out:   0.000#******** ********f


 Total SPIN, PARITY =    57.0 -,      5 chs,      0 cc.  Rmin & Coul turning =    8.6   21.2
   S-matrix    1 =    1.00000   0.00000 for L=   57, J=   57.0 channel on core I =   0.0 from L=   57,  Acc. loss =  0.0 D.
 Elastic phase shift   1 =    0.000   0.000 deg. for the L =   57, J =   57.0 channel.
0****** WARNING : ACCURACY LOSS IN ERWIN = 17.5 DIGITS, SO EXPECT ERRORS OF1309.3206 % OF UNITARITY

   3.0878121487944365E+017   19655518873052244.        2.2204460492503131E-016
 Increase lower cutoff: eg CUTL. Continuing.
      57.0  1.00000000  0.00000000i: elastic S-matrix  @@      0.03  0   0 F  0
 Reaction Xsec    57.0-/57 @ 1 =   0.000#, Out:   0.000#******** ********f


 Total SPIN, PARITY =    58.0 +,      5 chs,      0 cc.  Rmin & Coul turning =    8.7   21.5
   S-matrix    1 =    1.00000   0.00000 for L=   58, J=   58.0 channel on core I =   0.0 from L=   58,  Acc. loss =  0.0 D.
 Elastic phase shift   1 =    0.000   0.000 deg. for the L =   58, J =   58.0 channel.
0****** WARNING : ACCURACY LOSS IN ERWIN = 18.8 DIGITS, SO EXPECT ERRORS OF 224.8588 % OF UNITARITY

   6.7567445216106404E+018   3375579897632847.0        2.2204460492503131E-016
 Increase lower cutoff: eg CUTL. Continuing.
      58.0  1.00000000  0.00000000i: elastic S-matrix  @@      0.03  0   0 F  0
 Reaction Xsec    58.0+/58 @ 1 =   0.000#, Out:   0.000#******** ********f


 Total SPIN, PARITY =    59.0 -,      5 chs,      0 cc.  Rmin & Coul turning =    8.8   21.9
   S-matrix    1 =    1.00000  -0.00000 for L=   59, J=   59.0 channel on core I =   0.0 from L=   59,  Acc. loss =  0.0 D.
 Elastic phase shift   1 =   -0.000   0.000 deg. for the L =   59, J =   59.0 channel.
0****** WARNING : ACCURACY LOSS IN ERWIN = 15.6 DIGITS, SO EXPECT ERRORS OF 326.8916 % OF UNITARITY

   4103796039785147.0        4907296284828280.0        2.2204460492503131E-016
 Increase lower cutoff: eg CUTL. Continuing.
      59.0  1.00000000 -0.00000002i: elastic S-matrix  @@      0.03  0   0 F  0
 Reaction Xsec    59.0-/59 @ 1 =   0.000#, Out:   0.000#******** ********f


 Total SPIN, PARITY =    60.0 +,      5 chs,      0 cc.  Rmin & Coul turning =    9.0   22.3
   S-matrix    1 =    1.00000  -0.00000 for L=   60, J=   60.0 channel on core I =   0.0 from L=   60,  Acc. loss =  0.0 D.
 Elastic phase shift   1 =   -0.000   0.000 deg. for the L =   60, J =   60.0 channel.
0****** WARNING : ACCURACY LOSS IN ERWIN = 15.2 DIGITS, SO EXPECT ERRORS OF 231.9548 % OF UNITARITY

   1440827774616705.8        3482105351904212.0        2.2204460492503131E-016
 Increase lower cutoff: eg CUTL. Continuing.
      60.0  1.00000000 -0.00000003i: elastic S-matrix  @@      0.02  0   0 F  0
 Reaction Xsec    60.0+/60 @ 1 =   0.000#, Out:   0.000#6500.512 ********f


 Total SPIN, PARITY =    61.0 -,      5 chs,      0 cc.  Rmin & Coul turning =    9.2   22.6
   S-matrix    1 =    1.00000  -0.00000 for L=   61, J=   61.0 channel on core I =   0.0 from L=   61,  Acc. loss =  0.0 D.
 Elastic phase shift   1 =   -0.000   0.000 deg. for the L =   61, J =   61.0 channel.
0****** WARNING : ACCURACY LOSS IN ERWIN = 14.9 DIGITS, SO EXPECT ERRORS OF 265.2271 % OF UNITARITY

   779942905732418.50        3981588494638007.0        2.2204460492503131E-016
 Increase lower cutoff: eg CUTL. Continuing.
      61.0  1.00000000 -0.00000001i: elastic S-matrix  @@      0.03  0   0 F  0
 Reaction Xsec    61.0-/61 @ 1 =   0.000#, Out:   0.000#******** ********f


 Total SPIN, PARITY =    62.0 +,      5 chs,      0 cc.  Rmin & Coul turning =    9.3   23.0
   S-matrix    1 =    1.00000  -0.00000 for L=   62, J=   62.0 channel on core I =   0.0 from L=   62,  Acc. loss =  0.0 D.
 Elastic phase shift   1 =   -0.000   0.000 deg. for the L =   62, J =   62.0 channel.
0****** WARNING : ACCURACY LOSS IN ERWIN = 15.1 DIGITS, SO EXPECT ERRORS OF  43.0429 % OF UNITARITY

   1319377518151216.5        646160300873410.62        2.2204460492503131E-016
 Increase lower cutoff: eg CUTL. Continuing.
      62.0  1.00000000 -0.00000000i: elastic S-matrix  @@      0.03  0   0 F  0
 Reaction Xsec    62.0+/62 @ 1 =   0.000#, Out:   0.000# 301.919 -301.919f


 Total SPIN, PARITY =    63.0 -,      5 chs,      0 cc.  Rmin & Coul turning =    9.5   23.4
   S-matrix    1 =    1.00000  -0.00000 for L=   63, J=   63.0 channel on core I =   0.0 from L=   63,  Acc. loss =  0.0 D.
 Elastic phase shift   1 =   -0.000   0.000 deg. for the L =   63, J =   63.0 channel.
0****** WARNING : ACCURACY LOSS IN ERWIN = 15.4 DIGITS, SO EXPECT ERRORS OF  24.7587 % OF UNITARITY

   2302839615576163.0        371677770606587.25        2.2204460492503131E-016
 Increase lower cutoff: eg CUTL. Continuing.
      63.0  1.00000000 -0.00000002i: elastic S-matrix  @@      0.03  0   0 F  0
 Reaction Xsec    63.0-/63 @ 1 =   0.000#, Out:   0.000#  48.484  -48.484f


 Total SPIN, PARITY =    64.0 +,      5 chs,      0 cc.  Rmin & Coul turning =    9.6   23.7
   S-matrix    1 =    1.00000  -0.00000 for L=   64, J=   64.0 channel on core I =   0.0 from L=   64,  Acc. loss =  0.0 D.
 Elastic phase shift   1 =   -0.000   0.000 deg. for the L =   64, J =   64.0 channel.
0****** WARNING : ACCURACY LOSS IN ERWIN = 15.5 DIGITS, SO EXPECT ERRORS OF  22.6682 % OF UNITARITY

   3351602328718447.0        340294777518822.19        2.2204460492503131E-016
 Increase lower cutoff: eg CUTL. Continuing.
      64.0  1.00000000 -0.00000004i: elastic S-matrix  @@      0.02  0   0 F  0
 Reaction Xsec    64.0+/64 @ 1 =   0.000#, Out:   0.000# 507.867 -507.867f


 Total SPIN, PARITY =    65.0 -,      5 chs,      0 cc.  Rmin & Coul turning =    9.8   24.1
   S-matrix    1 =    1.00000  -0.00000 for L=   65, J=   65.0 channel on core I =   0.0 from L=   65,  Acc. loss =  0.0 D.
 Elastic phase shift   1 =   -0.000   0.000 deg. for the L =   65, J =   65.0 channel.
0****** WARNING : ACCURACY LOSS IN ERWIN = 15.5 DIGITS, SO EXPECT ERRORS OF   3.4345 % OF UNITARITY

      65.0  1.00000000 -0.00000003i: elastic S-matrix  @@      0.03  0   0 F  0
 Reaction Xsec    65.0-/65 @ 1 =   0.000#, Out:   0.000#   2.130   -2.130f


 Total SPIN, PARITY =    66.0 +,      5 chs,      0 cc.  Rmin & Coul turning =    9.9   24.5
   S-matrix    1 =    1.00000  -0.00000 for L=   66, J=   66.0 channel on core I =   0.0 from L=   66,  Acc. loss =  0.0 D.
 Elastic phase shift   1 =   -0.000   0.000 deg. for the L =   66, J =   66.0 channel.
0****** WARNING : ACCURACY LOSS IN ERWIN = 15.3 DIGITS, SO EXPECT ERRORS OF   2.9974 % OF UNITARITY

      66.0  1.00000000 -0.00000002i: elastic S-matrix  @@      0.02  0   0 F  0
 Reaction Xsec    66.0+/66 @ 1 =   0.000#, Out:   0.000#   1.157   -1.157f


 Total SPIN, PARITY =    67.0 -,      5 chs,      0 cc.  Rmin & Coul turning =   10.1   24.8
   S-matrix    1 =    1.00000  -0.00000 for L=   67, J=   67.0 channel on core I =   0.0 from L=   67,  Acc. loss =  0.0 D.
 Elastic phase shift   1 =   -0.000   0.000 deg. for the L =   67, J =   67.0 channel.
0****** WARNING : ACCURACY LOSS IN ERWIN = 15.6 DIGITS, SO EXPECT ERRORS OF   1.1338 % OF UNITARITY

      67.0  1.00000000 -0.00000001i: elastic S-matrix  @@      0.03  0   0 F  0
 Reaction Xsec    67.0-/67 @ 1 =   0.000#, Out:   0.000#   0.295   -0.295f


 Total SPIN, PARITY =    68.0 +,      5 chs,      0 cc.  Rmin & Coul turning =   10.2   25.2
   S-matrix    1 =    1.00000  -0.00000 for L=   68, J=   68.0 channel on core I =   0.0 from L=   68,  Acc. loss =  0.0 D.
 Elastic phase shift   1 =   -0.000   0.000 deg. for the L =   68, J =   68.0 channel.
0****** WARNING : ACCURACY LOSS IN ERWIN = 15.5 DIGITS, SO EXPECT ERRORS OF   0.1166 % OF UNITARITY

      68.0  1.00000000 -0.00000003i: elastic S-matrix  @@      0.02  0   0 F  0
 Reaction Xsec    68.0+/68 @ 1 =   0.000#, Out:   0.000#   2.913/  -0.003f


 Total SPIN, PARITY =    69.0 -,      5 chs,      0 cc.  Rmin & Coul turning =   10.4   25.6
   S-matrix    1 =    1.00000  -0.00000 for L=   69, J=   69.0 channel on core I =   0.0 from L=   69,  Acc. loss =  0.0 D.
 Elastic phase shift   1 =   -0.000   0.000 deg. for the L =   69, J =   69.0 channel.
0****** WARNING : ACCURACY LOSS IN ERWIN = 15.5 DIGITS, SO EXPECT ERRORS OF   0.0885 % OF UNITARITY

      69.0  1.00000000 -0.00000004i: elastic S-matrix  @@      0.02  0   0 F  0
 Reaction Xsec    69.0-/69 @ 1 =   0.000#, Out:   0.000#   5.602/  -0.006f


 Total SPIN, PARITY =    70.0 +,      5 chs,      0 cc.  Rmin & Coul turning =   10.5   25.9
   S-matrix    1 =    1.00000  -0.00000 for L=   70, J=   70.0 channel on core I =   0.0 from L=   70,  Acc. loss =  0.0 D.
 Elastic phase shift   1 =   -0.000   0.000 deg. for the L =   70, J =   70.0 channel.
0****** WARNING : ACCURACY LOSS IN ERWIN = 19.4 DIGITS, SO EXPECT ERRORS OF   0.0101 % OF UNITARITY

      70.0  1.00000000 -0.00000004i: elastic S-matrix  @@      0.03  0   0 F  0
 Reaction Xsec    70.0+/70 @ 1 =   0.000#, Out:   0.000#   0.023/  -0.000f


 Total SPIN, PARITY =    71.0 -,      5 chs,      0 cc.  Rmin & Coul turning =   10.7   26.3
   S-matrix    1 =    1.00000  -0.00000 for L=   71, J=   71.0 channel on core I =   0.0 from L=   71,  Acc. loss =  0.0 D.
 Elastic phase shift   1 =   -0.000   0.000 deg. for the L =   71, J =   71.0 channel.
0****** WARNING : ACCURACY LOSS IN ERWIN = 20.0 DIGITS, SO EXPECT ERRORS OF   0.0069 % OF UNITARITY

      71.0  1.00000000 -0.00000003i: elastic S-matrix  @@      0.05  0   0 F  0
 Reaction Xsec    71.0-/71 @ 1 =   0.000#, Out:   0.000#   7.469#  -0.000f


 Total SPIN, PARITY =    72.0 +,      5 chs,      0 cc.  Rmin & Coul turning =   10.8   26.7
   S-matrix    1 =    1.00000  -0.00000 for L=   72, J=   72.0 channel on core I =   0.0 from L=   72,  Acc. loss =  0.0 D.
 Elastic phase shift   1 =   -0.000   0.000 deg. for the L =   72, J =   72.0 channel.
0****** WARNING : ACCURACY LOSS IN ERWIN = 15.7 DIGITS, SO EXPECT ERRORS OF   0.0101 % OF UNITARITY

      72.0  1.00000000 -0.00000002i: elastic S-matrix  @@      0.03  0   0 F  0
 Reaction Xsec    72.0+/72 @ 1 =   0.000#, Out:   0.000#   0.051/  -0.000f


 Total SPIN, PARITY =    73.0 -,      5 chs,      0 cc.  Rmin & Coul turning =   11.0   27.0
   S-matrix    1 =    1.00000  -0.00000 for L=   73, J=   73.0 channel on core I =   0.0 from L=   73,  Acc. loss =  0.0 D.
 Elastic phase shift   1 =   -0.000   0.000 deg. for the L =   73, J =   73.0 channel.
0****** WARNING : ACCURACY LOSS IN ERWIN = 15.4 DIGITS, SO EXPECT ERRORS OF   0.0011 % OF UNITARITY

      73.0  1.00000000 -0.00000002i: elastic S-matrix  @@      0.02  0   0 F  0
 Reaction Xsec    73.0-/73 @ 1 =   0.000#, Out:   0.000#   0.428#  -0.000f


 Total SPIN, PARITY =    74.0 +,      5 chs,      0 cc.  Rmin & Coul turning =   11.1   27.4
   S-matrix    1 =    1.00000  -0.00000 for L=   74, J=   74.0 channel on core I =   0.0 from L=   74,  Acc. loss =  0.0 D.
 Elastic phase shift   1 =   -0.000   0.000 deg. for the L =   74, J =   74.0 channel.
0****** WARNING : ACCURACY LOSS IN ERWIN = 15.4 DIGITS, SO EXPECT ERRORS OF   0.0008 % OF UNITARITY

      74.0  1.00000000 -0.00000002i: elastic S-matrix  @@      0.03  0   0 F  0
 Reaction Xsec    74.0+/74 @ 1 =   0.000#, Out:   0.000#   0.426#  -0.000f


 Total SPIN, PARITY =    75.0 -,      5 chs,      0 cc.  Rmin & Coul turning =   11.2   27.8
   S-matrix    1 =    1.00000  -0.00000 for L=   75, J=   75.0 channel on core I =   0.0 from L=   75,  Acc. loss =  0.0 D.
 Elastic phase shift   1 =   -0.000   0.000 deg. for the L =   75, J =   75.0 channel.
0****** WARNING : ACCURACY LOSS IN ERWIN = 15.3 DIGITS, SO EXPECT ERRORS OF   0.0002 % OF UNITARITY

      75.0  1.00000000 -0.00000003i: elastic S-matrix  @@      0.03  0   0 F  0
 Reaction Xsec    75.0-/75 @ 1 =   0.000#, Out:   0.000#   0.005#  -0.000f


 Total SPIN, PARITY =    76.0 +,      5 chs,      0 cc.  Rmin & Coul turning =   11.4   28.1
   S-matrix    1 =    1.00000  -0.00000 for L=   76, J=   76.0 channel on core I =   0.0 from L=   76,  Acc. loss =  0.0 D.
 Elastic phase shift   1 =   -0.000   0.000 deg. for the L =   76, J =   76.0 channel.
0****** WARNING : ACCURACY LOSS IN ERWIN = 15.2 DIGITS, SO EXPECT ERRORS OF   0.0001 % OF UNITARITY

      76.0  1.00000000 -0.00000004i: elastic S-matrix  @@      0.03  0   0 F  0
 Reaction Xsec    76.0+/76 @ 1 =   0.000#, Out:   0.000#   0.007#  -0.000f


 Total SPIN, PARITY =    77.0 -,      5 chs,      0 cc.  Rmin & Coul turning =   11.6   28.5
   S-matrix    1 =    1.00000  -0.00000 for L=   77, J=   77.0 channel on core I =   0.0 from L=   77,  Acc. loss =  0.0 D.
 Elastic phase shift   1 =   -0.000   0.000 deg. for the L =   77, J =   77.0 channel.
0****** WARNING : ACCURACY LOSS IN ERWIN = 15.4 DIGITS, SO EXPECT ERRORS OF   0.0000 % OF UNITARITY

      77.0  1.00000000 -0.00000003i: elastic S-matrix  @@      0.03  0   0 F  0
 Reaction Xsec    77.0-/77 @ 1 =   0.000#, Out:   0.000#   0.000#  -0.000f


 Total SPIN, PARITY =    78.0 +,      5 chs,      0 cc.  Rmin & Coul turning =   11.7   28.9
   S-matrix    1 =    1.00000  -0.00000 for L=   78, J=   78.0 channel on core I =   0.0 from L=   78,  Acc. loss =  0.0 D.
 Elastic phase shift   1 =   -0.000  -0.000 deg. for the L =   78, J =   78.0 channel.
0****** WARNING : ACCURACY LOSS IN ERWIN = 15.3 DIGITS, SO EXPECT ERRORS OF   0.0000 % OF UNITARITY

      78.0  1.00000000 -0.00000003i: elastic S-matrix  @@      0.05  0   0 F  0
 Reaction Xsec    78.0+/78 @ 1 =  -0.000#, Out:   0.000#   0.000#  -0.000f


 Total SPIN, PARITY =    79.0 -,      5 chs,      0 cc.  Rmin & Coul turning =   11.9   29.2
   S-matrix    1 =    1.00000  -0.00000 for L=   79, J=   79.0 channel on core I =   0.0 from L=   79,  Acc. loss =  0.0 D.
 Elastic phase shift   1 =   -0.000   0.000 deg. for the L =   79, J =   79.0 channel.
0****** WARNING : ACCURACY LOSS IN ERWIN = 15.9 DIGITS, SO EXPECT ERRORS OF   0.0000 % OF UNITARITY

      79.0  1.00000000 -0.00000002i: elastic S-matrix  @@      0.02  0   0 F  0
 Reaction Xsec    79.0-/79 @ 1 =   0.000#, Out:   0.000#   0.000#  -0.000f


 Total SPIN, PARITY =    80.0 +,      5 chs,      0 cc.  Rmin & Coul turning =   12.0   29.6
   S-matrix    1 =    1.00000  -0.00000 for L=   80, J=   80.0 channel on core I =   0.0 from L=   80,  Acc. loss =  0.0 D.
 Elastic phase shift   1 =   -0.000  -0.000 deg. for the L =   80, J =   80.0 channel.
0****** WARNING : ACCURACY LOSS IN ERWIN = 15.4 DIGITS, SO EXPECT ERRORS OF   0.0000 % OF UNITARITY

      80.0  1.00000000 -0.00000001i: elastic S-matrix  @@      0.02  0   0 F  0
 Reaction Xsec    80.0+/80 @ 1 =  -0.000#, Out:   0.000#   0.000#  -0.000f

 Finished all CC sets @    3.01562500    
0CUMULATIVE REACTION cross section                 = 1097.60007  <L> =    10.63  <L**2> =    129.6
0CUMULATIVE outgoing cross sections in partition 1 :    0.00000
0CUMULATIVE outgoing cross sections in partition 2 :***********
0Cumulative ABSORBTION by Imaginary Potentials     =***********  <L> =    45.20  <L**2> =   2049.3
   Fusion for specific 4He      M-states :************
0CUMULATIVE OUTGOING cross section                 =***********
 To convert to S-factors (MeV.mb = keV.b),  multiply by  1.4637E+02


 CROSS SECTIONS FOR OUTGOING 4He      & 4He      in state #   1 with spins & parities 0.0  + &  0.0  +;  0

     0.01 deg.: X-S =   5.9524E+13 mb/sr,
+                                         /R =   9.9996E-01
     1.00 deg.: X-S =   4.8462E+05 mb/sr,
+                                         /R =   8.1408E-01
     2.00 deg.: X-S =   3.5848E+04 mb/sr,
+                                         /R =   9.6336E-01
     3.00 deg.: X-S =   2.0167E+04 mb/sr,
+                                         /R =   2.7429E+00
     4.00 deg.: X-S =   1.6838E+04 mb/sr,
+                                         /R =   7.2355E+00
     5.00 deg.: X-S =   1.3825E+04 mb/sr,
+                                         /R =   1.4498E+01
     6.00 deg.: X-S =   1.0650E+04 mb/sr,
+                                         /R =   2.3145E+01
     7.00 deg.: X-S =  7616.057236 mb/sr,
+                                         /R =   3.0643E+01
     8.00 deg.: X-S =  4994.368059 mb/sr,
+                                         /R =   3.4255E+01
     9.00 deg.: X-S =  2939.050986 mb/sr,
+                                         /R =   3.2261E+01
    10.00 deg.: X-S =  1491.072038 mb/sr,
+                                         /R =   2.4922E+01
    11.00 deg.: X-S =   601.473136 mb/sr,
+                                         /R =   1.4703E+01
    12.00 deg.: X-S =   162.105712 mb/sr,
+                                         /R =   5.6058E+00
    13.00 deg.: X-S =    37.833108 mb/sr,
+                                         /R =   1.7997E+00
    14.00 deg.: X-S =    94.968007 mb/sr,
+                                         /R =   6.0681E+00
    15.00 deg.: X-S =   222.088098 mb/sr,
+                                         /R =   1.8673E+01
    16.00 deg.: X-S =   341.403019 mb/sr,
+                                         /R =   3.7101E+01
    17.00 deg.: X-S =   410.960719 mb/sr,
+                                         /R =   5.6821E+01
    18.00 deg.: X-S =   419.658354 mb/sr,
+                                         /R =   7.2799E+01
    19.00 deg.: X-S =   377.954649 mb/sr,
+                                         /R =   8.1241E+01
    20.00 deg.: X-S =   307.307208 mb/sr,
+                                         /R =   8.0938E+01
    21.00 deg.: X-S =   230.825890 mb/sr,
+                                         /R =   7.3742E+01
    22.00 deg.: X-S =   166.709899 mb/sr,
+                                         /R =   6.4011E+01
    23.00 deg.: X-S =   125.017309 mb/sr,
+                                         /R =   5.7212E+01
    24.00 deg.: X-S =   107.448012 mb/sr,
+                                         /R =   5.8159E+01
    25.00 deg.: X-S =   109.257353 mb/sr,
+                                         /R =   6.9454E+01
    26.00 deg.: X-S =   122.203175 mb/sr,
+                                         /R =   9.0643E+01
    27.00 deg.: X-S =   137.517491 mb/sr,
+                                         /R =   1.1830E+02
    28.00 deg.: X-S =   148.183344 mb/sr,
+                                         /R =   1.4703E+02
    29.00 deg.: X-S =   150.167640 mb/sr,
+                                         /R =   1.7095E+02
    30.00 deg.: X-S =   142.605741 mb/sr,
+                                         /R =   1.8536E+02
    31.00 deg.: X-S =   127.181861 mb/sr,
+                                         /R =   1.8790E+02
    32.00 deg.: X-S =   107.070993 mb/sr,
+                                         /R =   1.7903E+02
    33.00 deg.: X-S =    85.810873 mb/sr,
+                                         /R =   1.6174E+02
    34.00 deg.: X-S =    66.388714 mb/sr,
+                                         /R =   1.4052E+02
    35.00 deg.: X-S =    50.700051 mb/sr,
+                                         /R =   1.2008E+02
    36.00 deg.: X-S =    39.407424 mb/sr,
+                                         /R =   1.0409E+02
    37.00 deg.: X-S =    32.125462 mb/sr,
+                                         /R =   9.4331E+01
    38.00 deg.: X-S =    27.801778 mb/sr,
+                                         /R =   9.0477E+01
    39.00 deg.: X-S =    25.151437 mb/sr,
+                                         /R =   9.0457E+01
    40.00 deg.: X-S =    23.027323 mb/sr,
+                                         /R =   9.1275E+01
    41.00 deg.: X-S =    20.654668 mb/sr,
+                                         /R =   8.9995E+01
    42.00 deg.: X-S =    17.709015 mb/sr,
+                                         /R =   8.4608E+01
    43.00 deg.: X-S =    14.259878 mb/sr,
+                                         /R =   7.4528E+01
    44.00 deg.: X-S =    10.629358 mb/sr,
+                                         /R =   6.0633E+01
    45.00 deg.: X-S =     7.223538 mb/sr,
+                                         /R =   4.4875E+01
    46.00 deg.: X-S =     4.387016 mb/sr,
+                                         /R =   2.9620E+01
    47.00 deg.: X-S =     2.312769 mb/sr,
+                                         /R =   1.6937E+01
    48.00 deg.: X-S =     1.017659 mb/sr,
+                                         /R =   8.0678E+00
    49.00 deg.: X-S =     0.374322 mb/sr,
+                                         /R =   3.2067E+00
    50.00 deg.: X-S =     0.177293 mb/sr,
+                                         /R =   1.6383E+00
    51.00 deg.: X-S =     0.216739 mb/sr,
+                                         /R =   2.1566E+00
    52.00 deg.: X-S =     0.336756 mb/sr,
+                                         /R =   3.6023E+00
    53.00 deg.: X-S =     0.464188 mb/sr,
+                                         /R =   5.3297E+00
    54.00 deg.: X-S =     0.605163 mb/sr,
+                                         /R =   7.4466E+00
    55.00 deg.: X-S =     0.816514 mb/sr,
+                                         /R =   1.0752E+01
    56.00 deg.: X-S =     1.165573 mb/sr,
+                                         /R =   1.6401E+01
    57.00 deg.: X-S =     1.693269 mb/sr,
+                                         /R =   2.5426E+01
    58.00 deg.: X-S =     2.392272 mb/sr,
+                                         /R =   3.8282E+01
    59.00 deg.: X-S =     3.205662 mb/sr,
+                                         /R =   5.4597E+01
    60.00 deg.: X-S =     4.044469 mb/sr,
+                                         /R =   7.3222E+01
    61.00 deg.: X-S =     4.816474 mb/sr,
+                                         /R =   9.2577E+01
    62.00 deg.: X-S =     5.455683 mb/sr,
+                                         /R =   1.1120E+02
    63.00 deg.: X-S =     5.942344 mb/sr,
+                                         /R =   1.2829E+02
    64.00 deg.: X-S =     6.307080 mb/sr,
+                                         /R =   1.4407E+02
    65.00 deg.: X-S =     6.618120 mb/sr,
+                                         /R =   1.5977E+02
    66.00 deg.: X-S =     6.956147 mb/sr,
+                                         /R =   1.7730E+02
    67.00 deg.: X-S =     7.385142 mb/sr,
+                                         /R =   1.9853E+02
    68.00 deg.: X-S =     7.928783 mb/sr,
+                                         /R =   2.2457E+02
    69.00 deg.: X-S =     8.560101 mb/sr,
+                                         /R =   2.5521E+02
    70.00 deg.: X-S =     9.207850 mb/sr,
+                                         /R =   2.8868E+02
    71.00 deg.: X-S =     9.777754 mb/sr,
+                                         /R =   3.2207E+02
    72.00 deg.: X-S =    10.182113 mb/sr,
+                                         /R =   3.5206E+02
    73.00 deg.: X-S =    10.368541 mb/sr,
+                                         /R =   3.7598E+02
    74.00 deg.: X-S =    10.338781 mb/sr,
+                                         /R =   3.9284E+02
    75.00 deg.: X-S =    10.151383 mb/sr,
+                                         /R =   4.0384E+02
    76.00 deg.: X-S =     9.906882 mb/sr,
+                                         /R =   4.1229E+02
    77.00 deg.: X-S =     9.719462 mb/sr,
+                                         /R =   4.2280E+02
    78.00 deg.: X-S =     9.683260 mb/sr,
+                                         /R =   4.3995E+02
    79.00 deg.: X-S =     9.843362 mb/sr,
+                                         /R =   4.6675E+02
    80.00 deg.: X-S =    10.180342 mb/sr,
+                                         /R =   5.0342E+02
    81.00 deg.: X-S =    10.613463 mb/sr,
+                                         /R =   5.4693E+02
    82.00 deg.: X-S =    11.022236 mb/sr,
+                                         /R =   5.9148E+02
    83.00 deg.: X-S =    11.280628 mb/sr,
+                                         /R =   6.2993E+02
    84.00 deg.: X-S =    11.294260 mb/sr,
+                                         /R =   6.5584E+02
    85.00 deg.: X-S =    11.029814 mb/sr,
+                                         /R =   6.6558E+02
    86.00 deg.: X-S =    10.527805 mb/sr,
+                                         /R =   6.5974E+02
    87.00 deg.: X-S =     9.894465 mb/sr,
+                                         /R =   6.4349E+02
    88.00 deg.: X-S =     9.274387 mb/sr,
+                                         /R =   6.2556E+02
    89.00 deg.: X-S =     8.811209 mb/sr,
+                                         /R =   6.1600E+02
    90.00 deg.: X-S =     8.607205 mb/sr,
+                                         /R =   6.2331E+02
    91.00 deg.: X-S =     8.693311 mb/sr,
+                                         /R =   6.5171E+02
    92.00 deg.: X-S =     9.018412 mb/sr,
+                                         /R =   6.9946E+02
    93.00 deg.: X-S =     9.461472 mb/sr,
+                                         /R =   7.5876E+02
    94.00 deg.: X-S =     9.863655 mb/sr,
+                                         /R =   8.1742E+02
    95.00 deg.: X-S =    10.071885 mb/sr,
+                                         /R =   8.6205E+02
    96.00 deg.: X-S =     9.981829 mb/sr,
+                                         /R =   8.8187E+02
    97.00 deg.: X-S =     9.568208 mb/sr,
+                                         /R =   8.7208E+02
    98.00 deg.: X-S =     8.893645 mb/sr,
+                                         /R =   8.3579E+02
    99.00 deg.: X-S =     8.093117 mb/sr,
+                                         /R =   7.8379E+02
   100.00 deg.: X-S =     7.337892 mb/sr,
+                                         /R =   7.3196E+02
   101.00 deg.: X-S =     6.788680 mb/sr,
+                                         /R =   6.9712E+02
   102.00 deg.: X-S =     6.550930 mb/sr,
+                                         /R =   6.9217E+02
   103.00 deg.: X-S =     6.644845 mb/sr,
+                                         /R =   7.2204E+02
   104.00 deg.: X-S =     6.998759 mb/sr,
+                                         /R =   7.8172E+02
   105.00 deg.: X-S =     7.468116 mb/sr,
+                                         /R =   8.5699E+02
   106.00 deg.: X-S =     7.875123 mb/sr,
+                                         /R =   9.2801E+02
   107.00 deg.: X-S =     8.058281 mb/sr,
+                                         /R =   9.7467E+02
   108.00 deg.: X-S =     7.918038 mb/sr,
+                                         /R =   9.8253E+02
   109.00 deg.: X-S =     7.445670 mb/sr,
+                                         /R =   9.4743E+02
   110.00 deg.: X-S =     6.727018 mb/sr,
+                                         /R =   8.7736E+02
   111.00 deg.: X-S =     5.919641 mb/sr,
+                                         /R =   7.9099E+02
   112.00 deg.: X-S =     5.209409 mb/sr,
+                                         /R =   7.1283E+02
   113.00 deg.: X-S =     4.758439 mb/sr,
+                                         /R =   6.6648E+02
   114.00 deg.: X-S =     4.658924 mb/sr,
+                                         /R =   6.6765E+02
   115.00 deg.: X-S =     4.905974 mb/sr,
+                                         /R =   7.1902E+02
   116.00 deg.: X-S =     5.397452 mb/sr,
+                                         /R =   8.0867E+02
   117.00 deg.: X-S =     5.961295 mb/sr,
+                                         /R =   9.1265E+02
   118.00 deg.: X-S =     6.403094 mb/sr,
+                                         /R =   1.0013E+03
   119.00 deg.: X-S =     6.560825 mb/sr,
+                                         /R =   1.0475E+03
   120.00 deg.: X-S =     6.351372 mb/sr,
+                                         /R =   1.0349E+03
   121.00 deg.: X-S =     5.795538 mb/sr,
+                                         /R =   9.6334E+02
   122.00 deg.: X-S =     5.014034 mb/sr,
+                                         /R =   8.4989E+02
   123.00 deg.: X-S =     4.195030 mb/sr,
+                                         /R =   7.2482E+02
   124.00 deg.: X-S =     3.541894 mb/sr,
+                                         /R =   6.2355E+02
   125.00 deg.: X-S =     3.215544 mb/sr,
+                                         /R =   5.7659E+02
   126.00 deg.: X-S =     3.287664 mb/sr,
+                                         /R =   6.0022E+02
   127.00 deg.: X-S =     3.718315 mb/sr,
+                                         /R =   6.9089E+02
   128.00 deg.: X-S =     4.364850 mb/sr,
+                                         /R =   8.2511E+02
   129.00 deg.: X-S =     5.020346 mb/sr,
+                                         /R =   9.6513E+02
   130.00 deg.: X-S =     5.471305 mb/sr,
+                                         /R =   1.0693E+03
   131.00 deg.: X-S =     5.558707 mb/sr,
+                                         /R =   1.1040E+03
   132.00 deg.: X-S =     5.225090 mb/sr,
+                                         /R =   1.0542E+03
   133.00 deg.: X-S =     4.533878 mb/sr,
+                                         /R =   9.2888E+02
   134.00 deg.: X-S =     3.654665 mb/sr,
+                                         /R =   7.6007E+02
   135.00 deg.: X-S =     2.817685 mb/sr,
+                                         /R =   5.9464E+02
   136.00 deg.: X-S =     2.249525 mb/sr,
+                                         /R =   4.8156E+02
   137.00 deg.: X-S =     2.107850 mb/sr,
+                                         /R =   4.5756E+02
   138.00 deg.: X-S =     2.433745 mb/sr,
+                                         /R =   5.3553E+02
   139.00 deg.: X-S =     3.135836 mb/sr,
+                                         /R =   6.9920E+02
   140.00 deg.: X-S =     4.011841 mb/sr,
+                                         /R =   9.0612E+02
   141.00 deg.: X-S =     4.802682 mb/sr,
+                                         /R =   1.0984E+03
   142.00 deg.: X-S =     5.264924 mb/sr,
+                                         /R =   1.2189E+03
   143.00 deg.: X-S =     5.241529 mb/sr,
+                                         /R =   1.2280E+03
   144.00 deg.: X-S =     4.710671 mb/sr,
+                                         /R =   1.1164E+03
   145.00 deg.: X-S =     3.797772 mb/sr,
+                                         /R =   9.1014E+02
   146.00 deg.: X-S =     2.745796 mb/sr,
+                                         /R =   6.6520E+02
   147.00 deg.: X-S =     1.850480 mb/sr,
+                                         /R =   4.5303E+02
   148.00 deg.: X-S =     1.377415 mb/sr,
+                                         /R =   3.4067E+02
   149.00 deg.: X-S =     1.483813 mb/sr,
+                                         /R =   3.7061E+02
   150.00 deg.: X-S =     2.167525 mb/sr,
+                                         /R =   5.4656E+02
   151.00 deg.: X-S =     3.259217 mb/sr,
+                                         /R =   8.2943E+02
   152.00 deg.: X-S =     4.462203 mb/sr,
+                                         /R =   1.1457E+03
   153.00 deg.: X-S =     5.431165 mb/sr,
+                                         /R =   1.4064E+03
   154.00 deg.: X-S =     5.869539 mb/sr,
+                                         /R =   1.5325E+03
   155.00 deg.: X-S =     5.618957 mb/sr,
+                                         /R =   1.4787E+03
   156.00 deg.: X-S =     4.714830 mb/sr,
+                                         /R =   1.2502E+03
   157.00 deg.: X-S =     3.390144 mb/sr,
+                                         /R =   9.0550E+02
   158.00 deg.: X-S =     2.022924 mb/sr,
+                                         /R =   5.4408E+02
   159.00 deg.: X-S =     1.038325 mb/sr,
+                                         /R =   2.8112E+02
   160.00 deg.: X-S =     0.789640 mb/sr,
+                                         /R =   2.1515E+02
   161.00 deg.: X-S =     1.450104 mb/sr,
+                                         /R =   3.9747E+02
   162.00 deg.: X-S =     2.946645 mb/sr,
+                                         /R =   8.1228E+02
   163.00 deg.: X-S =     4.957521 mb/sr,
+                                         /R =   1.3740E+03
   164.00 deg.: X-S =     6.980062 mb/sr,
+                                         /R =   1.9443E+03
   165.00 deg.: X-S =     8.456229 mb/sr,
+                                         /R =   2.3667E+03
   166.00 deg.: X-S =     8.927272 mb/sr,
+                                         /R =   2.5097E+03
   167.00 deg.: X-S =     8.178764 mb/sr,
+                                         /R =   2.3088E+03
   168.00 deg.: X-S =     6.336759 mb/sr,
+                                         /R =   1.7957E+03
   169.00 deg.: X-S =     3.885402 mb/sr,
+                                         /R =   1.1049E+03
   170.00 deg.: X-S =     1.594124 mb/sr,
+                                         /R =   4.5478E+02
   171.00 deg.: X-S =     0.364498 mb/sr,
+                                         /R =   1.0429E+02
   172.00 deg.: X-S =     1.027533 mb/sr,
+                                         /R =   2.9475E+02
   173.00 deg.: X-S =     4.136480 mb/sr,
+                                         /R =   1.1893E+03
   174.00 deg.: X-S =     9.804174 mb/sr,
+                                         /R =   2.8244E+03
   175.00 deg.: X-S =    17.626187 mb/sr,
+                                         /R =   5.0863E+03
   176.00 deg.: X-S =    26.713037 mb/sr,
+                                         /R =   7.7191E+03
   177.00 deg.: X-S =    35.830363 mb/sr,
+                                         /R =   1.0365E+04
   178.00 deg.: X-S =    43.621045 mb/sr,
+                                         /R =   1.2628E+04
   179.00 deg.: X-S =    48.863632 mb/sr,
+                                         /R =   1.4152E+04
   179.99 deg.: X-S =    50.711738 mb/sr,
+                                         /R =   1.4690E+04
                                           Integrated********** mb, over [   0.000, 180.000] at   155.0000 MeV 

 CROSS SECTIONS FOR OUTGOING n        & 7Be      in state #   1 with spins & parities 0.5  + &  1.5  -;  0

     0.00 deg.: X-S =   6.4724E+07 mb/sr,
+                                         REAC   1.4469E+08 mb
     1.00 deg.: X-S =   1.2267E+08 mb/sr,
     2.00 deg.: X-S =   2.1030E+08 mb/sr,
     3.00 deg.: X-S =   2.0397E+08 mb/sr,
     4.00 deg.: X-S =   1.2027E+08 mb/sr,
     5.00 deg.: X-S =   6.0246E+07 mb/sr,
     6.00 deg.: X-S =   5.4287E+07 mb/sr,
     7.00 deg.: X-S =   5.7893E+07 mb/sr,
     8.00 deg.: X-S =   4.6518E+07 mb/sr,
     9.00 deg.: X-S =   3.4951E+07 mb/sr,
    10.00 deg.: X-S =   3.2833E+07 mb/sr,
    11.00 deg.: X-S =   3.2856E+07 mb/sr,
    12.00 deg.: X-S =   2.9721E+07 mb/sr,
    13.00 deg.: X-S =   2.6171E+07 mb/sr,
    14.00 deg.: X-S =   2.5401E+07 mb/sr,
    15.00 deg.: X-S =   2.5941E+07 mb/sr,
    16.00 deg.: X-S =   2.4756E+07 mb/sr,
    17.00 deg.: X-S =   2.3082E+07 mb/sr,
    18.00 deg.: X-S =   2.3557E+07 mb/sr,
    19.00 deg.: X-S =   2.4044E+07 mb/sr,
    20.00 deg.: X-S =   2.2399E+07 mb/sr,
    21.00 deg.: X-S =   2.1644E+07 mb/sr,
    22.00 deg.: X-S =   2.2786E+07 mb/sr,
    23.00 deg.: X-S =   2.1990E+07 mb/sr,
    24.00 deg.: X-S =   1.9616E+07 mb/sr,
    25.00 deg.: X-S =   1.9829E+07 mb/sr,
    26.00 deg.: X-S =   2.0739E+07 mb/sr,
    27.00 deg.: X-S =   1.8328E+07 mb/sr,
    28.00 deg.: X-S =   1.5996E+07 mb/sr,
    29.00 deg.: X-S =   1.7197E+07 mb/sr,
    30.00 deg.: X-S =   1.7258E+07 mb/sr,
    31.00 deg.: X-S =   1.3787E+07 mb/sr,
    32.00 deg.: X-S =   1.2492E+07 mb/sr,
    33.00 deg.: X-S =   1.4431E+07 mb/sr,
    34.00 deg.: X-S =   1.3411E+07 mb/sr,
    35.00 deg.: X-S =   9.9805E+06 mb/sr,
    36.00 deg.: X-S =   1.0320E+07 mb/sr,
    37.00 deg.: X-S =   1.2358E+07 mb/sr,
    38.00 deg.: X-S =   1.0577E+07 mb/sr,
    39.00 deg.: X-S =   8.2976E+06 mb/sr,
    40.00 deg.: X-S =   9.9510E+06 mb/sr,
    41.00 deg.: X-S =   1.1514E+07 mb/sr,
    42.00 deg.: X-S =   9.8231E+06 mb/sr,
    43.00 deg.: X-S =   8.9629E+06 mb/sr,
    44.00 deg.: X-S =   1.0985E+07 mb/sr,
    45.00 deg.: X-S =   1.2210E+07 mb/sr,
    46.00 deg.: X-S =   1.1182E+07 mb/sr,
    47.00 deg.: X-S =   1.0926E+07 mb/sr,
    48.00 deg.: X-S =   1.2829E+07 mb/sr,
    49.00 deg.: X-S =   1.4260E+07 mb/sr,
    50.00 deg.: X-S =   1.3373E+07 mb/sr,
    51.00 deg.: X-S =   1.2869E+07 mb/sr,
    52.00 deg.: X-S =   1.5089E+07 mb/sr,
    53.00 deg.: X-S =   1.6572E+07 mb/sr,
    54.00 deg.: X-S =   1.4744E+07 mb/sr,
    55.00 deg.: X-S =   1.4252E+07 mb/sr,
    56.00 deg.: X-S =   1.7211E+07 mb/sr,
    57.00 deg.: X-S =   1.7658E+07 mb/sr,
    58.00 deg.: X-S =   1.4677E+07 mb/sr,
    59.00 deg.: X-S =   1.5207E+07 mb/sr,
    60.00 deg.: X-S =   1.8360E+07 mb/sr,
    61.00 deg.: X-S =   1.6886E+07 mb/sr,
    62.00 deg.: X-S =   1.3773E+07 mb/sr,
    63.00 deg.: X-S =   1.5815E+07 mb/sr,
    64.00 deg.: X-S =   1.8036E+07 mb/sr,
    65.00 deg.: X-S =   1.4847E+07 mb/sr,
    66.00 deg.: X-S =   1.2852E+07 mb/sr,
    67.00 deg.: X-S =   1.5926E+07 mb/sr,
    68.00 deg.: X-S =   1.6428E+07 mb/sr,
    69.00 deg.: X-S =   1.2503E+07 mb/sr,
    70.00 deg.: X-S =   1.2222E+07 mb/sr,
    71.00 deg.: X-S =   1.5366E+07 mb/sr,
    72.00 deg.: X-S =   1.4053E+07 mb/sr,
    73.00 deg.: X-S =   1.0443E+07 mb/sr,
    74.00 deg.: X-S =   1.1725E+07 mb/sr,
    75.00 deg.: X-S =   1.4084E+07 mb/sr,
    76.00 deg.: X-S =   1.1423E+07 mb/sr,
    77.00 deg.: X-S =   8.8545E+06 mb/sr,
    78.00 deg.: X-S =   1.1155E+07 mb/sr,
    79.00 deg.: X-S =   1.2327E+07 mb/sr,
    80.00 deg.: X-S =   9.0422E+06 mb/sr,
    81.00 deg.: X-S =   7.8443E+06 mb/sr,
    82.00 deg.: X-S =   1.0630E+07 mb/sr,
    83.00 deg.: X-S =   1.0623E+07 mb/sr,
    84.00 deg.: X-S =   7.3599E+06 mb/sr,
    85.00 deg.: X-S =   7.6355E+06 mb/sr,
    86.00 deg.: X-S =   1.0496E+07 mb/sr,
    87.00 deg.: X-S =   9.3616E+06 mb/sr,
    88.00 deg.: X-S =   6.6452E+06 mb/sr,
    89.00 deg.: X-S =   8.3976E+06 mb/sr,
    90.00 deg.: X-S =   1.0709E+07 mb/sr,
    91.00 deg.: X-S =   8.4630E+06 mb/sr,
    92.00 deg.: X-S =   6.9223E+06 mb/sr,
    93.00 deg.: X-S =   9.7104E+06 mb/sr,
    94.00 deg.: X-S =   1.0533E+07 mb/sr,
    95.00 deg.: X-S =   7.6829E+06 mb/sr,
    96.00 deg.: X-S =   7.7950E+06 mb/sr,
    97.00 deg.: X-S =   1.0400E+07 mb/sr,
    98.00 deg.: X-S =   9.3049E+06 mb/sr,
    99.00 deg.: X-S =   6.9666E+06 mb/sr,
   100.00 deg.: X-S =   8.3371E+06 mb/sr,
   101.00 deg.: X-S =   9.5116E+06 mb/sr,
   102.00 deg.: X-S =   7.2860E+06 mb/sr,
   103.00 deg.: X-S =   6.2520E+06 mb/sr,
   104.00 deg.: X-S =   7.7813E+06 mb/sr,
   105.00 deg.: X-S =   7.3947E+06 mb/sr,
   106.00 deg.: X-S =   5.3328E+06 mb/sr,
   107.00 deg.: X-S =   5.4513E+06 mb/sr,
   108.00 deg.: X-S =   6.4226E+06 mb/sr,
   109.00 deg.: X-S =   5.3236E+06 mb/sr,
   110.00 deg.: X-S =   4.1154E+06 mb/sr,
   111.00 deg.: X-S =   4.8387E+06 mb/sr,
   112.00 deg.: X-S =   5.3320E+06 mb/sr,
   113.00 deg.: X-S =   4.3075E+06 mb/sr,
   114.00 deg.: X-S =   3.9246E+06 mb/sr,
   115.00 deg.: X-S =   4.9411E+06 mb/sr,
   116.00 deg.: X-S =   5.2816E+06 mb/sr,
   117.00 deg.: X-S =   4.5478E+06 mb/sr,
   118.00 deg.: X-S =   4.7464E+06 mb/sr,
   119.00 deg.: X-S =   5.9770E+06 mb/sr,
   120.00 deg.: X-S =   6.2151E+06 mb/sr,
   121.00 deg.: X-S =   5.6471E+06 mb/sr,
   122.00 deg.: X-S =   6.3126E+06 mb/sr,
   123.00 deg.: X-S =   7.6130E+06 mb/sr,
   124.00 deg.: X-S =   7.5150E+06 mb/sr,
   125.00 deg.: X-S =   7.1038E+06 mb/sr,
   126.00 deg.: X-S =   8.2093E+06 mb/sr,
   127.00 deg.: X-S =   9.1857E+06 mb/sr,
   128.00 deg.: X-S =   8.6315E+06 mb/sr,
   129.00 deg.: X-S =   8.6533E+06 mb/sr,
   130.00 deg.: X-S =   9.9437E+06 mb/sr,
   131.00 deg.: X-S =   1.0153E+07 mb/sr,
   132.00 deg.: X-S =   9.4751E+06 mb/sr,
   133.00 deg.: X-S =   1.0141E+07 mb/sr,
   134.00 deg.: X-S =   1.1018E+07 mb/sr,
   135.00 deg.: X-S =   1.0396E+07 mb/sr,
   136.00 deg.: X-S =   1.0186E+07 mb/sr,
   137.00 deg.: X-S =   1.1209E+07 mb/sr,
   138.00 deg.: X-S =   1.1086E+07 mb/sr,
   139.00 deg.: X-S =   1.0091E+07 mb/sr,
   140.00 deg.: X-S =   1.0643E+07 mb/sr,
   141.00 deg.: X-S =   1.1331E+07 mb/sr,
   142.00 deg.: X-S =   1.0110E+07 mb/sr,
   143.00 deg.: X-S =   9.3534E+06 mb/sr,
   144.00 deg.: X-S =   1.0427E+07 mb/sr,
   145.00 deg.: X-S =   1.0287E+07 mb/sr,
   146.00 deg.: X-S =   8.3876E+06 mb/sr,
   147.00 deg.: X-S =   8.1746E+06 mb/sr,
   148.00 deg.: X-S =   9.4384E+06 mb/sr,
   149.00 deg.: X-S =   8.5607E+06 mb/sr,
   150.00 deg.: X-S =   6.4357E+06 mb/sr,
   151.00 deg.: X-S =   6.8507E+06 mb/sr,
   152.00 deg.: X-S =   8.3979E+06 mb/sr,
   153.00 deg.: X-S =   7.1228E+06 mb/sr,
   154.00 deg.: X-S =   4.9722E+06 mb/sr,
   155.00 deg.: X-S =   6.2675E+06 mb/sr,
   156.00 deg.: X-S =   8.5254E+06 mb/sr,
   157.00 deg.: X-S =   6.9466E+06 mb/sr,
   158.00 deg.: X-S =   4.7836E+06 mb/sr,
   159.00 deg.: X-S =   7.5258E+06 mb/sr,
   160.00 deg.: X-S =   1.0858E+07 mb/sr,
   161.00 deg.: X-S =   8.5355E+06 mb/sr,
   162.00 deg.: X-S =   6.4428E+06 mb/sr,
   163.00 deg.: X-S =   1.1504E+07 mb/sr,
   164.00 deg.: X-S =   1.5746E+07 mb/sr,
   165.00 deg.: X-S =   1.1945E+07 mb/sr,
   166.00 deg.: X-S =   1.0559E+07 mb/sr,
   167.00 deg.: X-S =   1.8609E+07 mb/sr,
   168.00 deg.: X-S =   2.3340E+07 mb/sr,
   169.00 deg.: X-S =   1.8389E+07 mb/sr,
   170.00 deg.: X-S =   1.8171E+07 mb/sr,
   171.00 deg.: X-S =   2.9261E+07 mb/sr,
   172.00 deg.: X-S =   3.7762E+07 mb/sr,
   173.00 deg.: X-S =   3.4805E+07 mb/sr,
   174.00 deg.: X-S =   3.1502E+07 mb/sr,
   175.00 deg.: X-S =   4.8582E+07 mb/sr,
   176.00 deg.: X-S =   9.4321E+07 mb/sr,
   177.00 deg.: X-S =   1.3646E+08 mb/sr,
   178.00 deg.: X-S =   1.1900E+08 mb/sr,
   179.00 deg.: X-S =   4.5140E+07 mb/sr,
   180.00 deg.: X-S =   1.4662E+06 mb/sr,
                                           Integrated********** mb, over [   0.000, 180.000] at   155.0000 MeV 
 Finished all xsecs @    3.03125000    

  The following files have been created:
   3:local copy of User input.            6:standard output.                   
   7:elastic  S-matrix elements.         12:transfer kernels.                  
  13:total cross sections/state.         16:tables of cross sections.          
  35:Astrophysics S-factors  / Ecm.      38:cross sections for each J/pi.      
  39:cross sections for each Ecm.        40:all cross sectns. for each Elab.   
  45:scat phase shift as E functions.    46:bs wave functions & ANC ratios.    
  56:Fusion for each Jtotal.             75:S-factors for lab energies.        
 201:Separate cross sections.           202:Separate cross sections.           

 PARAMETERS : MAXQRN   MFNL   MLOC  LMAX1 MCLIST
    ALLOWED :      4     25     10    100      6
    REQUIRED:      1      4     10     82      3


 ACCURACY ANALYSIS at   155.000 MeV :

  Elastic h*k = 0.136 so OK       compared with 0.200

   Real(S-el) > 0.01 first at J =       5.0
   Real(S-el) > 0.10 first at J =       6.0
   Real(S-el) > 0.50 first at J =      16.0
   Real(S-el) > 0.90 first at J =      18.0
   Real(S-el) > 0.99 first at J =      20.0
   R-turn =    29.60 fm    at J =      80.0

 Forward-angle excitation cut off below   0.144 deg by max JT =      80.0
                              and below   0.142 deg by max R.


 1: Recommended RNL: non-local width >  12.20 cf:  30.00 fm: OK      
    Recommended CENTRE: centration   ~   1.20 cf:   0.00 fm

 Total CPU  0 time =       3.05 seconds
