 FRESCO - FRES 3.4: Coupled Reaction Channels
 Assuming NAMELIST input.

 4He(4He,n)7Be  E=365 MeV  Q=-18.990  [he4_he4_n_be7]                            

   0.050  30.000   0.250   0.100  30.000   0.000   0.000   0.000   0.000   0.000

 Centre-of-mass Range is    602 * 0.0500 fm., Maximum at  30.00 fm., Interpolating NL forms every  0.25 fm.
 Non - locality width is    301 * 0.1000 fm., Maximum of  30.00 fm., Centred at  0.00 fm.
 2-Nucleon Separation of      0 * 0.2500 fm., Maximum of   0.00 fm., Minimum at  0.00 fm.
 Maximum single particle bins of 30.0000 fm.
               M,Mint =          601         601


 Range of total J is     0.0 <= J <=    80.0 (at least     0.0) and Absorbtion =>    -1.0000 mb.
 Dry Run = F, CC set limits =  0  0, Relativistic kinematics = a, Both/Far/Near Analyses =  1                     

 Cross Sections (and up to T0 for 0=projectile) for Theta from   0.0 to 180.0 in steps of  1.0 degrees, DGAM=0,  Coordinates = 0 (Mads)

 Lower Radial Cutoff = maximum of  3.00*L*h &       0.0 fm.,  Lower Cutoff for Couplings =   0.0  fm.


 Iterate Couplings between   1 and   1 times, to  0.000 % if sooner.                                          
  Block solved exactly =   0 chs., with Pade = 0 & Isocen =  =0, NOSOL = F, initwf =  0
  NL quadrature with   18 Gaussian points, Calculate multipoles up to    86 from   0
  M-transfers for lp+lt greater than or equal to  6, Angular Integration Cutoff below  2.7778 %


 Trace switches are :  CHANS =  1, LISTCC =  0, TRENEG =  0, CDETR =  0, SMATS =  2, XSTABL =  1, NLPL =  0

                       WAVES =  0, LAMPL =  0, VEFF =  0, KFUS =  0, WDISK =  0, BPM =  0, MELFIL =  0

                       CDCC =  0, NFUS =  0

 Using unit mass = 1.000000 amu and 1/fine-structure constant = 137.03599 ( 1.000000 * true ) with hc = 197.32705 MeV.fm,
  thus 2*amu/hbar^2 = 0.0478450 = 1/20.9008 and Coulomb constant = 0.1574855 so e^2 = 1.43997, and nuclear magneton= 0.1261183

 Now pre-scan input and save to file 3



 *********** PARTITION NUMBER  1 ******************************************************************************************

   PROJ=4He        MASS=  4.0000 Z=   2.0,        # STATES=    1T, TARG=4He      MASS=  4.0000 Z=   2.0,     Q-VALUE =   0.0000 MEV.

     1:  J= 0.0+ (B# 1), E=  0.0000, K= 0.0              Potl#  1       J= 0.0+ (B# 1), E=  0.0000, K= 0.0    


 *********** PARTITION NUMBER  2 ******************************************************************************************

   PROJ=n          MASS=  1.0000 Z=   0.0,        # STATES=    1T, TARG=7Be      MASS=  7.0000 Z=   4.0,     Q-VALUE = -18.9900 MEV.

     1:  J= 0.5+ (B# 1), E=  0.0000, K= 0.5              Potl#  2       J= 1.5- (B#-1), E=  0.0000, K= 0.5    
0****** WARNING : COMPARED WITH PARTITION  1, THIS PARTITION HAS TOTAL MASS & CHARGE EXCESSES  -0.02039 &   0.0000


 ************************************************************************************************************************************

 The following POTENTIALS are defined :

  KP#       TYPE      IT    SHAPE      at     V1        r1        a1        V2        r2        a2        A-in     A-used


                                            A#1       A#2        r0c       ac                                                h @ 1
    1    0=Coulomb       0=CHARGE (WS)  1     4.000     4.000    1.4000    0.0000    0.0000    0.0000     0.000    32.000   0.05000

    1    1=Volume        0=Woods-Saxon  2  120.0000    1.4000    0.5500   15.0000    1.4000    0.5500     0.000    32.000
   --------------------------------------------------------------------------------------------------------------------

                                            A#1       A#2        r0c       ac                                                h @ 2
    2    0=Coulomb       0=CHARGE (WS)  3     1.000     7.000    0.0000    0.0000    0.0000    0.0000     0.000    24.717   0.05000

    2    1=Volume        0=Woods-Saxon  4   48.0000    1.2000    0.6500    0.0000    1.2000    0.6500     0.000    24.717

    2    2=Surface       0=Woods-Saxon  5    0.0000    0.0000    0.0000    6.0000    1.3000    0.5000     0.000    24.717

    2    3=Projtl S.O.   0=Woods-Saxon  6    5.5000    1.0000    0.5000    0.0000    0.0000    0.0000     0.000    24.717
   --------------------------------------------------------------------------------------------------------------------

    3    1=Volume        0=Woods-Saxon  7   50.0000    1.2500    0.6500    0.0000    0.0000    0.0000     0.000    24.717

    3    3=Projtl S.O.   0=Woods-Saxon  8    6.0000    1.2500    0.6500    0.0000    0.0000    0.0000     0.000    24.717
   --------------------------------------------------------------------------------------------------------------------

    4    1=Volume        0=Woods-Saxon  9   50.0000    1.2500    0.6500    0.0000    0.0000    0.0000     0.000    24.717

    4    3=Projtl S.O.   0=Woods-Saxon 10    6.0000    1.2500    0.6500    0.0000    0.0000    0.0000     0.000    24.717


 ************************************************************************************************************************************

 The following SINGLE-PARTICLE FORM FACTORS are constructed :


 No.   P1 P2 IN KIND T N  L  S1 IA J/S  IB BIND XFER  BE    SC PC FIL AFRAC Adjust  to  Z  Mass   K     Norm    rms      D0     D   ANC/Gsp

    1:  2  1  1  0     1  0 0.5  1 0.5   0   3   0  20.5780  1  0  0 0.0000 VR  0.7477; 2. 3.000 0.8593 1.0000  2.579 -439.6-1093.5 11.0687

    2:  1  2  2  0     2  1 0.5  1 1.5   0   4   0   1.5870  1  0  0 0.0000 VR  0.7022; 2. 3.000 0.3608 1.0000  4.679   92.7  150.1-16.0626

 ************************************************************************************************************************************

 TWO-way COUPLING # 1 for partitions  2 <-  1 of KIND  7,   0 -1  5 -1 -1 & P1,P2 =    0.0000   0.0000 : for J <=    80.5 & R <  29.8 fm.


 data =  1  1  1  1  1.0000,  so  < [4He      #  1] / [n        #  1]  * Eigen-form #  1>  =   1.0000            BE = 20.578     1

 data =  2  1  1  2  1.0000,  so  < [7Be      #  1] / [4He      #  1]  * Eigen-form #  2>  =   1.0000            BE =  1.587     2
 KNT =   2, KNP =   1: NK,NG,loc=   1   1   1  11  T  T  F

     So FINITE-RANGE TRANSFER : IP1 = 0 (POST    ), IP2=-1 =COMPLEX     ,  for   1 pairs of bound states summed into   1 pairs
      The main coupling potential is that binding the transferred particle to the n        core.

          Using between n        & 4He      the potential No.   5, and subtracting optical potential No.  2

   A real*8 is            8  bytes
   NLL,NLN,NLO =         120         121         301
0File   9 needs RL =   72240    REAL*8 numbers, and NR =    88. i.e.    50.86 Megabytes
   File            9  RECL =      577920
0RECOMMENDED NON-LOCAL WIDTH IS GREATER THAN   12.20 FM.,  RECOMMENDED CENTRATION   1.20, after    0.50 secs.
0Relative non-local usages (rms) are
    0.000   0.000   0.000   0.000   0.000   0.000   0.000   0.000   0.000   0.000   0.000   0.000   0.000   0.000   0.000
    0.000   0.000   0.000   0.000   0.000   0.000   0.000   0.000   0.000   0.000   0.000   0.000   0.000   0.000   0.000
    0.000   0.000   0.000   0.000   0.000   0.000   0.000   0.000   0.000   0.000   0.000   0.000   0.000   0.000   0.000
    0.000   0.000   0.000   0.000   0.000   0.000   0.000   0.000   0.000   0.000   0.000   0.000   0.000   0.000   0.000
    0.000   0.000   0.000   0.000   0.000   0.000   0.000   0.000   0.000   0.000   0.000   0.000   0.000   0.000   0.000
    0.000   0.000   0.000   0.000   0.000   0.000   0.001   0.001   0.001   0.002   0.003   0.005   0.006   0.009   0.012
    0.014   0.022   0.028   0.039   0.052   0.063   0.096   0.120   0.167   0.223   0.266   0.398   0.493   0.674   0.885
    1.047   1.517   1.856   2.444   3.128   3.647   4.953   5.909   7.336   8.967  10.197  12.757  14.660  17.125  19.854
   21.876  25.543  28.263  31.490  34.978  37.503  41.815  44.994  48.622  52.516  55.287  59.928  63.315  67.084  71.071
   73.831  78.314  81.483  84.794  88.183  90.288  93.587  95.594  97.383  98.939  99.288 100.000  99.516  98.196  96.260
   93.695  90.783  87.201  82.652  77.504  71.954  66.183  60.433  54.899  49.518  44.395  39.665  35.425  31.793  28.839
   26.591  25.018  24.020  23.451  23.146  22.970  22.812  22.596  22.277  21.831  21.257  20.563  19.764  18.882  17.939
   16.955  15.951  14.944  13.950  12.979  12.042  11.144  10.292   9.486   8.729   8.021   7.361   6.747   6.177   5.650
    5.163   4.713   4.299   3.917   3.566   3.243   2.947   2.675   2.426   2.198   1.989   1.798   1.624   1.465   1.321
    1.189   1.070   0.961   0.863   0.774   0.694   0.621   0.556   0.497   0.444   0.396   0.353   0.315   0.280   0.250
    0.222   0.198   0.176   0.156   0.139   0.123   0.109   0.097   0.086   0.076   0.068   0.060   0.053   0.047   0.042
    0.037   0.033   0.029   0.026   0.023   0.020   0.018   0.016   0.014   0.012   0.011   0.010   0.009   0.008   0.007
    0.006   0.005   0.005   0.004   0.004   0.003   0.003   0.003   0.002   0.002   0.002   0.002   0.001   0.001   0.001
    0.001   0.001   0.001   0.001   0.001   0.001   0.000   0.000   0.000   0.000   0.000   0.000   0.000   0.000   0.000
    0.000   0.000   0.000   0.000   0.000   0.000   0.000   0.000   0.000   0.000   0.000   0.000   0.000   0.000   0.000
    0.000

 Incoming partition  1 in excitation state # 1,   Laboratory Energy given for partition  1 Nucleus 1 in Excitation pair 1

0Lab. ENERGY ranges :

   from    365.000     to   0.00000     in     0 intervals
   from    0.00000     to   0.00000     in     0 intervals
   from    0.00000     to   0.00000     in     0 intervals

 Largest real,imaginary parts of any form factor at R=   29.50 are   4.88E-02  2.46E-19 MeV
 Finished all Couplings @   0.531250000              10

 Symmetric Hamiltonian
1***********************************************************************************************************************************
************************************************************************************************************************************

        INCOMING 4He      ;    LABORATORY 4He      ENERGY =   365.00     MeV.

 ***********************************************************************************************************************************
 ***********************************************************************************************************************************


 Accuracy analysis at   365.000 MeV in ch.  1:  Elastic h*k = 0.209 so NOT OK   compared with 0.200


  NOTE: Coulomb excitation cut off below   0.094 deg by JTMAX, and below   0.060 deg by Rmax

 Allocate arrays for            2  channels, of which            2  need wfs.

 ######################################################################################################################
 #                                                                                                                    #
 # Total SPIN and PARITY =     0.0 +,      2 channels,    0 in 1st block.  Rmin & Coul turning =    0.0    0.0 fm.  #
 #                                                                                                                    #
 ######################################################################################################################



    C Projectl Target   #   EX.   (L  Proj) J  + Targ = Jtotal     E-cm      Re K     Re Eta     RM*K            CH
    1 4He      4He      #    1: I   0 0.0    0.0  0.0     0.0   182.50000   4.17893   0.06595  125.3678   0.32147   0.38313 1 1 1   1
    2 n        7Be      #    1:     1 0.5    1.5  1.5     0.0   172.34773   2.68612   0.00000   80.5836   0.23329  -0.44228 2 1 2   1
   S-matrix    1 =    0.08092  -0.28281 for L=    0, J=    0.0 channel on core I =   0.0 from L=    0,  Acc. loss =  0.0 D.
 Elastic phase shift   1 =  -37.016  35.055 deg. for the L =    0, J =    0.0 channel.
       0.0  0.08092167 -0.28280724i: elastic S-matrix  @@      0.02  0   0 F  0
 Reaction Xsec     0.0+/ 0 @ 1 =   1.643 , Out:   0.000#   0.006#   1.643f

 Allocate arrays for            4  channels, of which            4  need wfs.

 Total SPIN, PARITY =     1.0 -,      4 chs,      0 cc.  Rmin & Coul turning =    0.2    0.4
   S-matrix    1 =    0.01041  -0.29632 for L=    1, J=    1.0 channel on core I =   0.0 from L=    1,  Acc. loss =  0.0 D.
 Elastic phase shift   1 =  -43.994  34.827 deg. for the L =    1, J =    1.0 channel.
       1.0  0.01040513 -0.29631856i: elastic S-matrix  @@      0.02  0   0 F  0
 Reaction Xsec     1.0-/ 1 @ 1 =   4.922 , Out:   0.000#   0.001#   4.922f

 Allocate arrays for            5  channels, of which            5  need wfs.

 Total SPIN, PARITY =     2.0 +,      5 chs,      0 cc.  Rmin & Coul turning =    0.3    0.6
   S-matrix    1 =   -0.03363  -0.29769 for L=    2, J=    2.0 channel on core I =   0.0 from L=    2,  Acc. loss =  0.0 D.
 Elastic phase shift   1 =  -48.223  34.531 deg. for the L =    2, J =    2.0 channel.
       2.0 -0.03363113 -0.29768852i: elastic S-matrix  @@      0.03  0   0 F  0
 Reaction Xsec     2.0+/ 2 @ 1 =   8.187 , Out:   0.000#   0.001#   8.187f


 Total SPIN, PARITY =     3.0 -,      5 chs,      0 cc.  Rmin & Coul turning =    0.5    0.8
   S-matrix    1 =   -0.06855  -0.29461 for L=    3, J=    3.0 channel on core I =   0.0 from L=    3,  Acc. loss =  0.0 D.
 Elastic phase shift   1 =  -51.549  34.255 deg. for the L =    3, J =    3.0 channel.
       3.0 -0.06854812 -0.29461446i: elastic S-matrix  @@      0.05  0   0 F  0
 Reaction Xsec     3.0-/ 3 @ 1 =  11.440 , Out:   0.000#   0.002#  11.440f


 Total SPIN, PARITY =     4.0 +,      5 chs,      0 cc.  Rmin & Coul turning =    0.6    1.1
   S-matrix    1 =   -0.10479  -0.28700 for L=    4, J=    4.0 channel on core I =   0.0 from L=    4,  Acc. loss =  0.0 D.
 Elastic phase shift   1 =  -55.029  33.967 deg. for the L =    4, J =    4.0 channel.
       4.0 -0.10479204 -0.28700410i: elastic S-matrix  @@      0.03  0   0 F  0
 Reaction Xsec     4.0+/ 4 @ 1 =  14.679 , Out:   0.000#   0.002#  14.679f


 Total SPIN, PARITY =     5.0 -,      5 chs,      0 cc.  Rmin & Coul turning =    0.8    1.3
   S-matrix    1 =   -0.14508  -0.27272 for L=    5, J=    5.0 channel on core I =   0.0 from L=    5,  Acc. loss =  0.0 D.
 Elastic phase shift   1 =  -59.006  33.653 deg. for the L =    5, J =    5.0 channel.
       5.0 -0.14508112 -0.27271771i: elastic S-matrix  @@      0.05  0   0 F  0
 Reaction Xsec     5.0-/ 5 @ 1 =  17.900 , Out:   0.000#   0.005#  17.900f


 Total SPIN, PARITY =     6.0 +,      5 chs,      0 cc.  Rmin & Coul turning =    0.9    1.6
   S-matrix    1 =   -0.18946  -0.24882 for L=    6, J=    6.0 channel on core I =   0.0 from L=    6,  Acc. loss =  0.0 D.
 Elastic phase shift   1 =  -63.644  33.300 deg. for the L =    6, J =    6.0 channel.
       6.0 -0.18946134 -0.24881676i: elastic S-matrix  @@      0.03  0   0 F  0
 Reaction Xsec     6.0+/ 6 @ 1 =  21.099 , Out:   0.000#   0.001#  21.099f


 Total SPIN, PARITY =     7.0 -,      5 chs,      0 cc.  Rmin & Coul turning =    1.1    1.8
   S-matrix    1 =   -0.23598  -0.21187 for L=    7, J=    7.0 channel on core I =   0.0 from L=    7,  Acc. loss =  0.0 D.
 Elastic phase shift   1 =  -69.041  32.900 deg. for the L =    7, J =    7.0 channel.
       7.0 -0.23597690 -0.21186888i: elastic S-matrix  @@      0.03  0   0 F  0
 Reaction Xsec     7.0-/ 7 @ 1 =  24.270 , Out:   0.000#   0.132#  24.270f


 Total SPIN, PARITY =     8.0 +,      5 chs,      0 cc.  Rmin & Coul turning =    1.2    2.0
   S-matrix    1 =   -0.28058  -0.15834 for L=    8, J=    8.0 channel on core I =   0.0 from L=    8,  Acc. loss =  0.0 D.
 Elastic phase shift   1 =  -75.281  32.448 deg. for the L =    8, J =    8.0 channel.
       8.0 -0.28057871 -0.15834146i: elastic S-matrix  @@      0.05  0   0 F  0
 Reaction Xsec     8.0+/ 8 @ 1 =  27.408 , Out:   0.000#   0.598#  27.408f


 Total SPIN, PARITY =     9.0 -,      5 chs,      0 cc.  Rmin & Coul turning =    1.4    2.3
   S-matrix    1 =   -0.31663  -0.08553 for L=    9, J=    9.0 channel on core I =   0.0 from L=    9,  Acc. loss =  0.0 D.
 Elastic phase shift   1 =  -82.442  31.937 deg. for the L =    9, J =    9.0 channel.
       9.0 -0.31662964 -0.08552933i: elastic S-matrix  @@      0.03  0   0 F  0
 Reaction Xsec     9.0-/ 9 @ 1 =  30.503 , Out:   0.000#   2.030#  30.503f


 Total SPIN, PARITY =    10.0 +,      5 chs,      0 cc.  Rmin & Coul turning =    1.5    2.5
   S-matrix    1 =   -0.33452   0.00710 for L=   10, J=   10.0 channel on core I =   0.0 from L=   10,  Acc. loss =  0.0 D.
 Elastic phase shift   1 =   89.392  31.365 deg. for the L =   10, J =   10.0 channel.
      10.0 -0.33451936  0.00710403i: elastic S-matrix  @@      0.03  0   0 F  0
 Reaction Xsec    10.0+/10 @ 1 =  33.549 , Out:   0.000#   3.898#  33.549f


 Total SPIN, PARITY =    11.0 -,      5 chs,      0 cc.  Rmin & Coul turning =    1.7    2.8
   S-matrix    1 =   -0.32199   0.11571 for L=   11, J=   11.0 channel on core I =   0.0 from L=   11,  Acc. loss =  0.0 D.
 Elastic phase shift   1 =   80.117  30.725 deg. for the L =   11, J =   11.0 channel.
      11.0 -0.32199398  0.11571108i: elastic S-matrix  @@      0.05  0   0 F  0
 Reaction Xsec    11.0-/11 @ 1 =  36.532 , Out:   0.000#   7.431#  36.532f


 Total SPIN, PARITY =    12.0 +,      5 chs,      0 cc.  Rmin & Coul turning =    1.8    3.0
   S-matrix    1 =   -0.26570   0.22900 for L=   12, J=   12.0 channel on core I =   0.0 from L=   12,  Acc. loss =  0.0 D.
 Elastic phase shift   1 =   69.622  30.013 deg. for the L =   12, J =   12.0 channel.
      12.0 -0.26570239  0.22899529i: elastic S-matrix  @@      0.05  0   0 F  0
 Reaction Xsec    12.0+/12 @ 1 =  39.440 , Out:   0.000#   0.011/  39.440f


 Total SPIN, PARITY =    13.0 -,      5 chs,      0 cc.  Rmin & Coul turning =    2.0    3.2
   S-matrix    1 =   -0.15527   0.32533 for L=   13, J=   13.0 channel on core I =   0.0 from L=   13,  Acc. loss =  0.0 D.
 Elastic phase shift   1 =   57.757  29.230 deg. for the L =   13, J =   13.0 channel.
      13.0 -0.15526910  0.32532750i: elastic S-matrix  @@      0.05  0   0 F  0
 Reaction Xsec    13.0-/13 @ 1 =  42.260 , Out:   0.000#   5.435#  42.260f


 Total SPIN, PARITY =    14.0 +,      5 chs,      0 cc.  Rmin & Coul turning =    2.1    3.5
   S-matrix    1 =    0.00853   0.37150 for L=   14, J=   14.0 channel on core I =   0.0 from L=   14,  Acc. loss =  0.0 D.
 Elastic phase shift   1 =   44.342  28.359 deg. for the L =   14, J =   14.0 channel.
      14.0  0.00853041  0.37150492i: elastic S-matrix  @@      0.05  0   0 F  0
 Reaction Xsec    14.0+/14 @ 1 =  44.966 , Out:   0.000#   0.296#  44.966f


 Total SPIN, PARITY =    15.0 -,      5 chs,      0 cc.  Rmin & Coul turning =    2.2    3.7
   S-matrix    1 =    0.20155   0.32716 for L=   15, J=   15.0 channel on core I =   0.0 from L=   15,  Acc. loss =  0.0 D.
 Elastic phase shift   1 =   29.182  27.400 deg. for the L =   15, J =   15.0 channel.
      15.0  0.20155125  0.32715801i: elastic S-matrix  @@      0.03  0   0 F  0
 Reaction Xsec    15.0-/15 @ 1 =  47.533 , Out:   0.000#   1.319#  47.533f


 Total SPIN, PARITY =    16.0 +,      5 chs,      0 cc.  Rmin & Coul turning =    2.4    4.0
   S-matrix    1 =    0.36420   0.16172 for L=   16, J=   16.0 channel on core I =   0.0 from L=   16,  Acc. loss =  0.0 D.
 Elastic phase shift   1 =   11.972  26.358 deg. for the L =   16, J =   16.0 channel.
      16.0  0.36419897  0.16172257i: elastic S-matrix  @@      0.03  0   0 F  0
 Reaction Xsec    16.0+/16 @ 1 =  49.939 , Out:   0.000#   0.213#  49.939f


 Total SPIN, PARITY =    17.0 -,      5 chs,      0 cc.  Rmin & Coul turning =    2.6    4.2
   S-matrix    1 =    0.40111  -0.10953 for L=   17, J=   17.0 channel on core I =   0.0 from L=   17,  Acc. loss =  0.0 D.
 Elastic phase shift   1 =   -7.636  25.140 deg. for the L =   17, J =   17.0 channel.
      17.0  0.40111385 -0.10952699i: elastic S-matrix  @@      0.05  0   0 F  0
 Reaction Xsec    17.0-/17 @ 1 =  52.078 , Out:   0.000#   0.029#  52.078f


 Total SPIN, PARITY =    18.0 +,      5 chs,      0 cc.  Rmin & Coul turning =    2.7    4.4
   S-matrix    1 =    0.21972  -0.37726 for L=   18, J=   18.0 channel on core I =   0.0 from L=   18,  Acc. loss =  0.0 D.
 Elastic phase shift   1 =  -29.891  23.743 deg. for the L =   18, J =   18.0 channel.
      18.0  0.21972491 -0.37726070i: elastic S-matrix  @@      0.02  0   0 F  0
 Reaction Xsec    18.0+/18 @ 1 =  53.874 , Out:   0.000#   0.004#  53.874f


 Total SPIN, PARITY =    19.0 -,      5 chs,      0 cc.  Rmin & Coul turning =    2.9    4.7
   S-matrix    1 =   -0.16652  -0.42762 for L=   19, J=   19.0 channel on core I =   0.0 from L=   19,  Acc. loss =  0.0 D.
 Elastic phase shift   1 =  -55.638  22.315 deg. for the L =   19, J =   19.0 channel.
      19.0 -0.16651645 -0.42761578i: elastic S-matrix  @@      0.02  0   0 F  0
 Reaction Xsec    19.0-/19 @ 1 =  55.385 , Out:   0.000#   0.002#  55.385f


 Total SPIN, PARITY =    20.0 +,      5 chs,      0 cc.  Rmin & Coul turning =    3.0    4.9
   S-matrix    1 =   -0.50008  -0.07048 for L=   20, J=   20.0 channel on core I =   0.0 from L=   20,  Acc. loss =  0.0 D.
 Elastic phase shift   1 =  -85.989  19.571 deg. for the L =   20, J =   20.0 channel.
      20.0 -0.50007820 -0.07048421i: elastic S-matrix  @@      0.02  0   0 F  0
 Reaction Xsec    20.0+/20 @ 1 =  54.946 , Out:   0.000#   0.005#  54.946f


 Total SPIN, PARITY =    21.0 -,      5 chs,      0 cc.  Rmin & Coul turning =    3.2    5.2
   S-matrix    1 =   -0.37232   0.49557 for L=   21, J=   21.0 channel on core I =   0.0 from L=   21,  Acc. loss =  0.0 D.
 Elastic phase shift   1 =   63.459  13.702 deg. for the L =   21, J =   21.0 channel.
      21.0 -0.37231634  0.49556636i: elastic S-matrix  @@      0.02  0   0 F  0
 Reaction Xsec    21.0-/21 @ 1 =  47.635 , Out:   0.000#   0.001#  47.635f


 Total SPIN, PARITY =    22.0 +,      5 chs,      0 cc.  Rmin & Coul turning =    3.3    5.4
   S-matrix    1 =    0.12586   0.74932 for L=   22, J=   22.0 channel on core I =   0.0 from L=   22,  Acc. loss =  0.0 D.
 Elastic phase shift   1 =   40.233   7.869 deg. for the L =   22, J =   22.0 channel.
      22.0  0.12586250  0.74932219i: elastic S-matrix  @@      0.02  0   0 F  0
 Reaction Xsec    22.0+/22 @ 1 =  34.217 , Out:   0.000#   0.001#  34.217f


 Total SPIN, PARITY =    23.0 -,      5 chs,      0 cc.  Rmin & Coul turning =    3.5    5.6
   S-matrix    1 =    0.54732   0.66263 for L=   23, J=   23.0 channel on core I =   0.0 from L=   23,  Acc. loss =  0.0 D.
 Elastic phase shift   1 =   25.222   4.339 deg. for the L =   23, J =   23.0 channel.
      23.0  0.54732134  0.66263169i: elastic S-matrix  @@      0.02  0   0 F  0
 Reaction Xsec    23.0-/23 @ 1 =  22.098 , Out:   0.000#   0.001#  22.098f


 Total SPIN, PARITY =    24.0 +,      5 chs,      0 cc.  Rmin & Coul turning =    3.6    5.9
   S-matrix    1 =    0.77880   0.48454 for L=   24, J=   24.0 channel on core I =   0.0 from L=   24,  Acc. loss =  0.0 D.
 Elastic phase shift   1 =   15.944   2.475 deg. for the L =   24, J =   24.0 channel.
      24.0  0.77880460  0.48453560i: elastic S-matrix  @@      0.02  0   0 F  0
 Reaction Xsec    24.0+/24 @ 1 =  13.988 , Out:   0.000#   0.000#  13.988f


 Total SPIN, PARITY =    25.0 -,      5 chs,      0 cc.  Rmin & Coul turning =    3.8    6.1
   S-matrix    1 =    0.89039   0.33090 for L=   25, J=   25.0 channel on core I =   0.0 from L=   25,  Acc. loss =  0.0 D.
 Elastic phase shift   1 =   10.193   1.473 deg. for the L =   25, J =   25.0 channel.
      25.0  0.89039474  0.33089710i: elastic S-matrix  @@      0.02  0   0 F  0
 Reaction Xsec    25.0-/25 @ 1 =   8.964 , Out:   0.000#   0.000#   8.964f


 Total SPIN, PARITY =    26.0 +,      5 chs,      0 cc.  Rmin & Coul turning =    3.9    6.4
   S-matrix    1 =    0.94346   0.22051 for L=   26, J=   26.0 channel on core I =   0.0 from L=   26,  Acc. loss =  0.0 D.
 Elastic phase shift   1 =    6.578   0.906 deg. for the L =   26, J =   26.0 channel.
      26.0  0.94345510  0.22051184i: elastic S-matrix  @@      0.02  0   0 F  0
 Reaction Xsec    26.0+/26 @ 1 =   5.841 , Out:   0.000#   0.000#   5.841f


 Total SPIN, PARITY =    27.0 -,      5 chs,      0 cc.  Rmin & Coul turning =    4.0    6.6
   S-matrix    1 =    0.96942   0.14569 for L=   27, J=   27.0 channel on core I =   0.0 from L=   27,  Acc. loss =  0.0 D.
 Elastic phase shift   1 =    4.273   0.570 deg. for the L =   27, J =   27.0 channel.
      27.0  0.96942054  0.14568758i: elastic S-matrix  @@      0.03  0   0 F  0
 Reaction Xsec    27.0-/27 @ 1 =   3.859 , Out:   0.000#   0.000#   3.859f


 Total SPIN, PARITY =    28.0 +,      5 chs,      0 cc.  Rmin & Coul turning =    4.2    6.8
   S-matrix    1 =    0.98270   0.09598 for L=   28, J=   28.0 channel on core I =   0.0 from L=   28,  Acc. loss =  0.0 D.
 Elastic phase shift   1 =    2.789   0.364 deg. for the L =   28, J =   28.0 channel.
      28.0  0.98269665  0.09597664i: elastic S-matrix  @@      0.03  0   0 F  0
 Reaction Xsec    28.0+/28 @ 1 =   2.573 , Out:   0.000#   0.000#   2.573f


 Total SPIN, PARITY =    29.0 -,      5 chs,      0 cc.  Rmin & Coul turning =    4.4    7.1
   S-matrix    1 =    0.98982   0.06318 for L=   29, J=   29.0 channel on core I =   0.0 from L=   29,  Acc. loss =  0.0 D.
 Elastic phase shift   1 =    1.826   0.235 deg. for the L =   29, J =   29.0 channel.
0****** WARNING : ACCURACY LOSS IN ERWIN = 14.4 DIGITS, SO EXPECT ERRORS OF   0.0000 % OF UNITARITY

      29.0  0.98981706  0.06317610i: elastic S-matrix  @@      0.03  0   0 F  0
 Reaction Xsec    29.0-/29 @ 1 =   1.727 , Out:   0.000#   0.000#   1.727f


 Total SPIN, PARITY =    30.0 +,      5 chs,      0 cc.  Rmin & Coul turning =    4.5    7.3
   S-matrix    1 =    0.99381   0.04158 for L=   30, J=   30.0 channel on core I =   0.0 from L=   30,  Acc. loss =  0.0 D.
 Elastic phase shift   1 =    1.198   0.153 deg. for the L =   30, J =   30.0 channel.
      30.0  0.99381494  0.04157920i: elastic S-matrix  @@      0.03  0   0 F  0
 Reaction Xsec    30.0+/30 @ 1 =   1.164 , Out:   0.000#   0.000#   1.164f


 Total SPIN, PARITY =    31.0 -,      5 chs,      0 cc.  Rmin & Coul turning =    4.7    7.6
   S-matrix    1 =    0.99615   0.02737 for L=   31, J=   31.0 channel on core I =   0.0 from L=   31,  Acc. loss =  0.0 D.
 Elastic phase shift   1 =    0.787   0.100 deg. for the L =   31, J =   31.0 channel.
0****** WARNING : ACCURACY LOSS IN ERWIN = 14.3 DIGITS, SO EXPECT ERRORS OF   0.0000 % OF UNITARITY

      31.0  0.99615176  0.02736564i: elastic S-matrix  @@      0.03  0   0 F  0
 Reaction Xsec    31.0-/31 @ 1 =   0.786 , Out:   0.000#   0.000#   0.786f


 Total SPIN, PARITY =    32.0 +,      5 chs,      0 cc.  Rmin & Coul turning =    4.8    7.8
   S-matrix    1 =    0.99756   0.01801 for L=   32, J=   32.0 channel on core I =   0.0 from L=   32,  Acc. loss =  0.0 D.
 Elastic phase shift   1 =    0.517   0.065 deg. for the L =   32, J =   32.0 channel.
      32.0  0.99756336  0.01801096i: elastic S-matrix  @@      0.05  0   0 F  0
 Reaction Xsec    32.0+/32 @ 1 =   0.531 , Out:   0.000#   0.000#   0.531f


 Total SPIN, PARITY =    33.0 -,      5 chs,      0 cc.  Rmin & Coul turning =    5.0    8.0
   S-matrix    1 =    0.99844   0.01185 for L=   33, J=   33.0 channel on core I =   0.0 from L=   33,  Acc. loss =  0.0 D.
 Elastic phase shift   1 =    0.340   0.043 deg. for the L =   33, J =   33.0 channel.
      33.0  0.99843801  0.01185338i: elastic S-matrix  @@      0.03  0   0 F  0
 Reaction Xsec    33.0-/33 @ 1 =   0.359 , Out:   0.000#   0.000#   0.359f


 Total SPIN, PARITY =    34.0 +,      5 chs,      0 cc.  Rmin & Coul turning =    5.1    8.3
   S-matrix    1 =    0.99899   0.00780 for L=   34, J=   34.0 channel on core I =   0.0 from L=   34,  Acc. loss =  0.0 D.
 Elastic phase shift   1 =    0.224   0.028 deg. for the L =   34, J =   34.0 channel.
0****** WARNING : ACCURACY LOSS IN ERWIN = 14.3 DIGITS, SO EXPECT ERRORS OF   0.0000 % OF UNITARITY

      34.0  0.99899018  0.00780005i: elastic S-matrix  @@      0.03  0   0 F  0
 Reaction Xsec    34.0+/34 @ 1 =   0.243 , Out:   0.000#   0.000#   0.243f


 Total SPIN, PARITY =    35.0 -,      5 chs,      0 cc.  Rmin & Coul turning =    5.2    8.5
   S-matrix    1 =    0.99934   0.00513 for L=   35, J=   35.0 channel on core I =   0.0 from L=   35,  Acc. loss =  0.0 D.
 Elastic phase shift   1 =    0.147   0.018 deg. for the L =   35, J =   35.0 channel.
0****** WARNING : ACCURACY LOSS IN ERWIN = 14.6 DIGITS, SO EXPECT ERRORS OF   0.0000 % OF UNITARITY

      35.0  0.99934344  0.00513192i: elastic S-matrix  @@      0.05  0   0 F  0
 Reaction Xsec    35.0-/35 @ 1 =   0.164 , Out:   0.000#   0.000#   0.164f


 Total SPIN, PARITY =    36.0 +,      5 chs,      0 cc.  Rmin & Coul turning =    5.4    8.7
   S-matrix    1 =    0.99957   0.00338 for L=   36, J=   36.0 channel on core I =   0.0 from L=   36,  Acc. loss =  0.0 D.
 Elastic phase shift   1 =    0.097   0.012 deg. for the L =   36, J =   36.0 channel.
0****** WARNING : ACCURACY LOSS IN ERWIN = 14.5 DIGITS, SO EXPECT ERRORS OF   0.0000 % OF UNITARITY

      36.0  0.99957152  0.00337578i: elastic S-matrix  @@      0.03  0   0 F  0
 Reaction Xsec    36.0+/36 @ 1 =   0.111 , Out:   0.000#   0.000#   0.111f


 Total SPIN, PARITY =    37.0 -,      5 chs,      0 cc.  Rmin & Coul turning =    5.6    9.0
   S-matrix    1 =    0.99972   0.00222 for L=   37, J=   37.0 channel on core I =   0.0 from L=   37,  Acc. loss =  0.0 D.
 Elastic phase shift   1 =    0.064   0.008 deg. for the L =   37, J =   37.0 channel.
0****** WARNING : ACCURACY LOSS IN ERWIN = 14.3 DIGITS, SO EXPECT ERRORS OF   0.0000 % OF UNITARITY

      37.0  0.99971969  0.00222014i: elastic S-matrix  @@      0.03  0   0 F  0
 Reaction Xsec    37.0-/37 @ 1 =   0.075 , Out:   0.000#   0.000#   0.075f


 Total SPIN, PARITY =    38.0 +,      5 chs,      0 cc.  Rmin & Coul turning =    5.7    9.2
   S-matrix    1 =    0.99982   0.00146 for L=   38, J=   38.0 channel on core I =   0.0 from L=   38,  Acc. loss =  0.0 D.
 Elastic phase shift   1 =    0.042   0.005 deg. for the L =   38, J =   38.0 channel.
0****** WARNING : ACCURACY LOSS IN ERWIN = 15.0 DIGITS, SO EXPECT ERRORS OF   0.0000 % OF UNITARITY

      38.0  0.99981635  0.00145975i: elastic S-matrix  @@      0.03  0   0 F  0
 Reaction Xsec    38.0+/38 @ 1 =   0.051 , Out:   0.000#   0.000#   0.051f


 Total SPIN, PARITY =    39.0 -,      5 chs,      0 cc.  Rmin & Coul turning =    5.9    9.5
   S-matrix    1 =    0.99988   0.00096 for L=   39, J=   39.0 channel on core I =   0.0 from L=   39,  Acc. loss =  0.0 D.
 Elastic phase shift   1 =    0.027   0.003 deg. for the L =   39, J =   39.0 channel.
0****** WARNING : ACCURACY LOSS IN ERWIN = 14.8 DIGITS, SO EXPECT ERRORS OF   0.0000 % OF UNITARITY

      39.0  0.99987956  0.00095962i: elastic S-matrix  @@      0.03  0   0 F  0
 Reaction Xsec    39.0-/39 @ 1 =   0.034 , Out:   0.000#   0.000#   0.034f


 Total SPIN, PARITY =    40.0 +,      5 chs,      0 cc.  Rmin & Coul turning =    6.0    9.7
   S-matrix    1 =    0.99992   0.00063 for L=   40, J=   40.0 channel on core I =   0.0 from L=   40,  Acc. loss =  0.0 D.
 Elastic phase shift   1 =    0.018   0.002 deg. for the L =   40, J =   40.0 channel.
0****** WARNING : ACCURACY LOSS IN ERWIN = 15.1 DIGITS, SO EXPECT ERRORS OF   0.0000 % OF UNITARITY

      40.0  0.99992098  0.00063070i: elastic S-matrix  @@      0.03  0   0 F  0
 Reaction Xsec    40.0+/40 @ 1 =   0.023 , Out:   0.000#   0.000#   0.023f


 Total SPIN, PARITY =    41.0 -,      5 chs,      0 cc.  Rmin & Coul turning =    6.2    9.9
   S-matrix    1 =    0.99995   0.00041 for L=   41, J=   41.0 channel on core I =   0.0 from L=   41,  Acc. loss =  0.0 D.
 Elastic phase shift   1 =    0.012   0.001 deg. for the L =   41, J =   41.0 channel.
0****** WARNING : ACCURACY LOSS IN ERWIN = 14.6 DIGITS, SO EXPECT ERRORS OF   0.0000 % OF UNITARITY

      41.0  0.99994814  0.00041444i: elastic S-matrix  @@      0.03  0   0 F  0
 Reaction Xsec    41.0-/41 @ 1 =   0.015 , Out:   0.000#   0.000#   0.015f


 Total SPIN, PARITY =    42.0 +,      5 chs,      0 cc.  Rmin & Coul turning =    6.3   10.2
   S-matrix    1 =    0.99997   0.00027 for L=   42, J=   42.0 channel on core I =   0.0 from L=   42,  Acc. loss =  0.0 D.
 Elastic phase shift   1 =    0.008   0.001 deg. for the L =   42, J =   42.0 channel.
0****** WARNING : ACCURACY LOSS IN ERWIN = 14.5 DIGITS, SO EXPECT ERRORS OF   0.0000 % OF UNITARITY

      42.0  0.99996596  0.00027234i: elastic S-matrix  @@      0.03  0   0 F  0
 Reaction Xsec    42.0+/42 @ 1 =   0.010 , Out:   0.000#   0.002#   0.010f


 Total SPIN, PARITY =    43.0 -,      5 chs,      0 cc.  Rmin & Coul turning =    6.5   10.4
   S-matrix    1 =    0.99998   0.00018 for L=   43, J=   43.0 channel on core I =   0.0 from L=   43,  Acc. loss =  0.0 D.
 Elastic phase shift   1 =    0.005   0.001 deg. for the L =   43, J =   43.0 channel.
0****** WARNING : ACCURACY LOSS IN ERWIN = 17.4 DIGITS, SO EXPECT ERRORS OF   0.0001 % OF UNITARITY

      43.0  0.99997766  0.00017891i: elastic S-matrix  @@      0.03  0   0 F  0
 Reaction Xsec    43.0-/43 @ 1 =   6.989/, Out:   0.000#   0.000#   0.007f


 Total SPIN, PARITY =    44.0 +,      5 chs,      0 cc.  Rmin & Coul turning =    6.6   10.7
   S-matrix    1 =    0.99999   0.00012 for L=   44, J=   44.0 channel on core I =   0.0 from L=   44,  Acc. loss =  0.0 D.
 Elastic phase shift   1 =    0.003   0.000 deg. for the L =   44, J =   44.0 channel.
      44.0  0.99998534  0.00011756i: elastic S-matrix  @@      0.02  0   0 F  0
 Reaction Xsec    44.0+/44 @ 1 =   4.693/, Out:   0.000#   0.003#   0.005f


 Total SPIN, PARITY =    45.0 -,      5 chs,      0 cc.  Rmin & Coul turning =    6.8   10.9
   S-matrix    1 =    0.99999   0.00008 for L=   45, J=   45.0 channel on core I =   0.0 from L=   45,  Acc. loss =  0.0 D.
 Elastic phase shift   1 =    0.002   0.000 deg. for the L =   45, J =   45.0 channel.
0****** WARNING : ACCURACY LOSS IN ERWIN = 14.7 DIGITS, SO EXPECT ERRORS OF   0.0000 % OF UNITARITY

      45.0  0.99999038  0.00007727i: elastic S-matrix  @@      0.02  0   0 F  0
 Reaction Xsec    45.0-/45 @ 1 =   3.149/, Out:   0.000#   0.000#   0.003f


 Total SPIN, PARITY =    46.0 +,      5 chs,      0 cc.  Rmin & Coul turning =    6.9   11.1
   S-matrix    1 =    0.99999   0.00005 for L=   46, J=   46.0 channel on core I =   0.0 from L=   46,  Acc. loss =  0.0 D.
 Elastic phase shift   1 =    0.001   0.000 deg. for the L =   46, J =   46.0 channel.
0****** WARNING : ACCURACY LOSS IN ERWIN = 14.3 DIGITS, SO EXPECT ERRORS OF   0.0000 % OF UNITARITY

      46.0  0.99999369  0.00005077i: elastic S-matrix  @@      0.02  0   0 F  0
 Reaction Xsec    46.0+/46 @ 1 =   2.112/, Out:   0.000#   0.003#   0.002f


 Total SPIN, PARITY =    47.0 -,      5 chs,      0 cc.  Rmin & Coul turning =    7.1   11.4
   S-matrix    1 =    1.00000   0.00003 for L=   47, J=   47.0 channel on core I =   0.0 from L=   47,  Acc. loss =  0.0 D.
 Elastic phase shift   1 =    0.001   0.000 deg. for the L =   47, J =   47.0 channel.
0****** WARNING : ACCURACY LOSS IN ERWIN = 15.3 DIGITS, SO EXPECT ERRORS OF   0.0000 % OF UNITARITY

      47.0  0.99999586  0.00003343i: elastic S-matrix  @@      0.02  0   0 F  0
 Reaction Xsec    47.0-/47 @ 1 =   1.415/, Out:   0.000#   0.000#   0.001f


 Total SPIN, PARITY =    48.0 +,      5 chs,      0 cc.  Rmin & Coul turning =    7.2   11.6
   S-matrix    1 =    1.00000   0.00002 for L=   48, J=   48.0 channel on core I =   0.0 from L=   48,  Acc. loss =  0.0 D.
 Elastic phase shift   1 =    0.001   0.000 deg. for the L =   48, J =   48.0 channel.
0****** WARNING : ACCURACY LOSS IN ERWIN = 15.2 DIGITS, SO EXPECT ERRORS OF   0.0000 % OF UNITARITY

      48.0  0.99999728  0.00002200i: elastic S-matrix  @@      0.02  0   0 F  0
 Reaction Xsec    48.0+/48 @ 1 =   0.948/, Out:   0.000#   0.001#   0.001f


 Total SPIN, PARITY =    49.0 -,      5 chs,      0 cc.  Rmin & Coul turning =    7.4   11.9
   S-matrix    1 =    1.00000   0.00001 for L=   49, J=   49.0 channel on core I =   0.0 from L=   49,  Acc. loss =  0.0 D.
 Elastic phase shift   1 =    0.000   0.000 deg. for the L =   49, J =   49.0 channel.
0****** WARNING : ACCURACY LOSS IN ERWIN = 14.4 DIGITS, SO EXPECT ERRORS OF   0.0001 % OF UNITARITY

      49.0  0.99999822  0.00001450i: elastic S-matrix  @@      0.02  0   0 F  0
 Reaction Xsec    49.0-/49 @ 1 =   0.634/, Out:   0.000#   0.061#   0.001f


 Total SPIN, PARITY =    50.0 +,      5 chs,      0 cc.  Rmin & Coul turning =    7.5   12.1
   S-matrix    1 =    1.00000   0.00001 for L=   50, J=   50.0 channel on core I =   0.0 from L=   50,  Acc. loss =  0.0 D.
 Elastic phase shift   1 =    0.000   0.000 deg. for the L =   50, J =   50.0 channel.
0****** WARNING : ACCURACY LOSS IN ERWIN = 15.2 DIGITS, SO EXPECT ERRORS OF   0.0000 % OF UNITARITY

      50.0  0.99999883  0.00000962i: elastic S-matrix  @@      0.02  0   0 F  0
 Reaction Xsec    50.0+/50 @ 1 =   0.424/, Out:   0.000#   0.001#   0.000f


 Total SPIN, PARITY =    51.0 -,      5 chs,      0 cc.  Rmin & Coul turning =    7.7   12.3
   S-matrix    1 =    1.00000   0.00001 for L=   51, J=   51.0 channel on core I =   0.0 from L=   51,  Acc. loss =  0.0 D.
 Elastic phase shift   1 =    0.000   0.000 deg. for the L =   51, J =   51.0 channel.
0****** WARNING : ACCURACY LOSS IN ERWIN = 14.3 DIGITS, SO EXPECT ERRORS OF   0.0000 % OF UNITARITY

      51.0  0.99999923  0.00000635i: elastic S-matrix  @@      0.02  0   0 F  0
 Reaction Xsec    51.0-/51 @ 1 =   0.284/, Out:   0.000#   0.052#   0.000f


 Total SPIN, PARITY =    52.0 +,      5 chs,      0 cc.  Rmin & Coul turning =    7.8   12.6
   S-matrix    1 =    1.00000   0.00000 for L=   52, J=   52.0 channel on core I =   0.0 from L=   52,  Acc. loss =  0.0 D.
 Elastic phase shift   1 =    0.000   0.000 deg. for the L =   52, J =   52.0 channel.
0****** WARNING : ACCURACY LOSS IN ERWIN = 14.4 DIGITS, SO EXPECT ERRORS OF   0.0000 % OF UNITARITY

      52.0  0.99999950  0.00000425i: elastic S-matrix  @@      0.02  0   0 F  0
 Reaction Xsec    52.0+/52 @ 1 =   0.190/, Out:   0.000#   0.005#   0.000f


 Total SPIN, PARITY =    53.0 -,      5 chs,      0 cc.  Rmin & Coul turning =    8.0   12.8
   S-matrix    1 =    1.00000   0.00000 for L=   53, J=   53.0 channel on core I =   0.0 from L=   53,  Acc. loss =  0.0 D.
 Elastic phase shift   1 =    0.000   0.000 deg. for the L =   53, J =   53.0 channel.
0****** WARNING : ACCURACY LOSS IN ERWIN = 14.5 DIGITS, SO EXPECT ERRORS OF   0.0001 % OF UNITARITY

      53.0  0.99999967  0.00000288i: elastic S-matrix  @@      0.03  0   0 F  0
 Reaction Xsec    53.0-/53 @ 1 =   0.127/, Out:   0.000#   0.035#   0.000f


 Total SPIN, PARITY =    54.0 +,      5 chs,      0 cc.  Rmin & Coul turning =    8.1   13.1
   S-matrix    1 =    1.00000   0.00000 for L=   54, J=   54.0 channel on core I =   0.0 from L=   54,  Acc. loss =  0.0 D.
 Elastic phase shift   1 =    0.000   0.000 deg. for the L =   54, J =   54.0 channel.
0****** WARNING : ACCURACY LOSS IN ERWIN = 15.6 DIGITS, SO EXPECT ERRORS OF   0.0004 % OF UNITARITY

      54.0  0.99999978  0.00000192i: elastic S-matrix  @@      0.03  0   0 F  0
 Reaction Xsec    54.0+/54 @ 1 =   0.084/, Out:   0.000#   0.618#   0.000f


 Total SPIN, PARITY =    55.0 -,      5 chs,      0 cc.  Rmin & Coul turning =    8.2   13.3
   S-matrix    1 =    1.00000   0.00000 for L=   55, J=   55.0 channel on core I =   0.0 from L=   55,  Acc. loss =  0.0 D.
 Elastic phase shift   1 =    0.000   0.000 deg. for the L =   55, J =   55.0 channel.
0****** WARNING : ACCURACY LOSS IN ERWIN = 15.5 DIGITS, SO EXPECT ERRORS OF   0.0000 % OF UNITARITY

      55.0  0.99999986  0.00000135i: elastic S-matrix  @@      0.05  0   0 F  0
 Reaction Xsec    55.0-/55 @ 1 =   0.056/, Out:   0.000#   0.011#   0.000f


 Total SPIN, PARITY =    56.0 +,      5 chs,      0 cc.  Rmin & Coul turning =    8.4   13.5
   S-matrix    1 =    1.00000   0.00000 for L=   56, J=   56.0 channel on core I =   0.0 from L=   56,  Acc. loss =  0.0 D.
 Elastic phase shift   1 =    0.000   0.000 deg. for the L =   56, J =   56.0 channel.
0****** WARNING : ACCURACY LOSS IN ERWIN = 14.4 DIGITS, SO EXPECT ERRORS OF   0.0011 % OF UNITARITY

      56.0  0.99999991  0.00000096i: elastic S-matrix  @@      0.02  0   0 F  0
 Reaction Xsec    56.0+/56 @ 1 =   0.038/, Out:   0.000#   0.022/   0.000f


 Total SPIN, PARITY =    57.0 -,      5 chs,      0 cc.  Rmin & Coul turning =    8.6   13.8
   S-matrix    1 =    1.00000   0.00000 for L=   57, J=   57.0 channel on core I =   0.0 from L=   57,  Acc. loss =  0.0 D.
 Elastic phase shift   1 =    0.000   0.000 deg. for the L =   57, J =   57.0 channel.
0****** WARNING : ACCURACY LOSS IN ERWIN = 15.2 DIGITS, SO EXPECT ERRORS OF   0.0049 % OF UNITARITY

      57.0  0.99999994  0.00000065i: elastic S-matrix  @@      0.02  0   0 F  0
 Reaction Xsec    57.0-/57 @ 1 =   0.025/, Out:   0.000#   0.028/  -0.000f


 Total SPIN, PARITY =    58.0 +,      5 chs,      0 cc.  Rmin & Coul turning =    8.7   14.0
   S-matrix    1 =    1.00000   0.00000 for L=   58, J=   58.0 channel on core I =   0.0 from L=   58,  Acc. loss =  0.0 D.
 Elastic phase shift   1 =    0.000   0.000 deg. for the L =   58, J =   58.0 channel.
0****** WARNING : ACCURACY LOSS IN ERWIN = 14.6 DIGITS, SO EXPECT ERRORS OF   0.0033 % OF UNITARITY

      58.0  0.99999996  0.00000053i: elastic S-matrix  @@      0.03  0   0 F  0
 Reaction Xsec    58.0+/58 @ 1 =   0.017/, Out:   0.000#   0.016/   0.000f


 Total SPIN, PARITY =    59.0 -,      5 chs,      0 cc.  Rmin & Coul turning =    8.8   14.3
   S-matrix    1 =    1.00000   0.00000 for L=   59, J=   59.0 channel on core I =   0.0 from L=   59,  Acc. loss =  0.0 D.
 Elastic phase shift   1 =    0.000   0.000 deg. for the L =   59, J =   59.0 channel.
      59.0  0.99999997  0.00000040i: elastic S-matrix  @@      0.00  0   0 F  0
 Reaction Xsec    59.0-/59 @ 1 =   0.011/, Out:   0.000#   1.574/  -0.002f


 Total SPIN, PARITY =    60.0 +,      5 chs,      0 cc.  Rmin & Coul turning =    9.0   14.5
   S-matrix    1 =    1.00000   0.00000 for L=   60, J=   60.0 channel on core I =   0.0 from L=   60,  Acc. loss =  0.0 D.
 Elastic phase shift   1 =    0.000   0.000 deg. for the L =   60, J =   60.0 channel.
0****** WARNING : ACCURACY LOSS IN ERWIN = 16.5 DIGITS, SO EXPECT ERRORS OF   0.0112 % OF UNITARITY

      60.0  0.99999998  0.00000028i: elastic S-matrix  @@      0.02  0   0 F  0
 Reaction Xsec    60.0+/60 @ 1 =   7.399#, Out:   0.000#   0.036   -0.036f


 Total SPIN, PARITY =    61.0 -,      5 chs,      0 cc.  Rmin & Coul turning =    9.2   14.7
   S-matrix    1 =    1.00000   0.00000 for L=   61, J=   61.0 channel on core I =   0.0 from L=   61,  Acc. loss =  0.0 D.
 Elastic phase shift   1 =    0.000   0.000 deg. for the L =   61, J =   61.0 channel.
0****** WARNING : ACCURACY LOSS IN ERWIN = 15.9 DIGITS, SO EXPECT ERRORS OF   0.0793 % OF UNITARITY

      61.0  0.99999999  0.00000028i: elastic S-matrix  @@      0.02  0   0 F  0
 Reaction Xsec    61.0-/61 @ 1 =   4.923#, Out:   0.000#   7.351/  -0.007f


 Total SPIN, PARITY =    62.0 +,      5 chs,      0 cc.  Rmin & Coul turning =    9.3   15.0
   S-matrix    1 =    1.00000   0.00000 for L=   62, J=   62.0 channel on core I =   0.0 from L=   62,  Acc. loss =  0.0 D.
 Elastic phase shift   1 =    0.000   0.000 deg. for the L =   62, J =   62.0 channel.
      62.0  0.99999999  0.00000022i: elastic S-matrix  @@      0.02  0   0 F  0
 Reaction Xsec    62.0+/62 @ 1 =   3.274#, Out:   0.000#   0.103   -0.103f


 Total SPIN, PARITY =    63.0 -,      5 chs,      0 cc.  Rmin & Coul turning =    9.5   15.2
   S-matrix    1 =    1.00000   0.00000 for L=   63, J=   63.0 channel on core I =   0.0 from L=   63,  Acc. loss =  0.0 D.
 Elastic phase shift   1 =    0.000   0.000 deg. for the L =   63, J =   63.0 channel.
0****** WARNING : ACCURACY LOSS IN ERWIN = 15.1 DIGITS, SO EXPECT ERRORS OF   0.0601 % OF UNITARITY

      63.0  1.00000000  0.00000015i: elastic S-matrix  @@      0.02  0   0 F  0
 Reaction Xsec    63.0-/63 @ 1 =   2.177#, Out:   0.000#   0.044   -0.044f


 Total SPIN, PARITY =    64.0 +,      5 chs,      0 cc.  Rmin & Coul turning =    9.6   15.4
   S-matrix    1 =    1.00000   0.00000 for L=   64, J=   64.0 channel on core I =   0.0 from L=   64,  Acc. loss =  0.0 D.
 Elastic phase shift   1 =    0.000   0.000 deg. for the L =   64, J =   64.0 channel.
0****** WARNING : ACCURACY LOSS IN ERWIN = 20.0 DIGITS, SO EXPECT ERRORS OF   0.1141 % OF UNITARITY

      64.0  1.00000000  0.00000019i: elastic S-matrix  @@      0.02  0   0 F  0
 Reaction Xsec    64.0+/64 @ 1 =   1.447#, Out:   0.000#   1.653   -1.653f


 Total SPIN, PARITY =    65.0 -,      5 chs,      0 cc.  Rmin & Coul turning =    9.8   15.7
   S-matrix    1 =    1.00000   0.00000 for L=   65, J=   65.0 channel on core I =   0.0 from L=   65,  Acc. loss =  0.0 D.
 Elastic phase shift   1 =    0.000   0.000 deg. for the L =   65, J =   65.0 channel.
0****** WARNING : ACCURACY LOSS IN ERWIN = 14.8 DIGITS, SO EXPECT ERRORS OF   0.0769 % OF UNITARITY

      65.0  1.00000000  0.00000016i: elastic S-matrix  @@      0.02  0   0 F  0
 Reaction Xsec    65.0-/65 @ 1 =   0.961#, Out:   0.000#   0.146   -0.146f


 Total SPIN, PARITY =    66.0 +,      5 chs,      0 cc.  Rmin & Coul turning =    9.9   15.9
   S-matrix    1 =    1.00000   0.00000 for L=   66, J=   66.0 channel on core I =   0.0 from L=   66,  Acc. loss =  0.0 D.
 Elastic phase shift   1 =    0.000   0.000 deg. for the L =   66, J =   66.0 channel.
0****** WARNING : ACCURACY LOSS IN ERWIN = 19.4 DIGITS, SO EXPECT ERRORS OF   0.6429 % OF UNITARITY

      66.0  1.00000000  0.00000010i: elastic S-matrix  @@      0.02  0   0 F  0
 Reaction Xsec    66.0+/66 @ 1 =   0.639#, Out:   0.000#   0.144   -0.144f


 Total SPIN, PARITY =    67.0 -,      5 chs,      0 cc.  Rmin & Coul turning =   10.1   16.2
   S-matrix    1 =    1.00000   0.00000 for L=   67, J=   67.0 channel on core I =   0.0 from L=   67,  Acc. loss =  0.0 D.
 Elastic phase shift   1 =    0.000   0.000 deg. for the L =   67, J =   67.0 channel.
0****** WARNING : ACCURACY LOSS IN ERWIN = 14.6 DIGITS, SO EXPECT ERRORS OF   1.7534 % OF UNITARITY

      67.0  1.00000000  0.00000015i: elastic S-matrix  @@      0.02  0   0 F  0
 Reaction Xsec    67.0-/67 @ 1 =   0.424#, Out:   0.000#  53.370  -53.370f


 Total SPIN, PARITY =    68.0 +,      5 chs,      0 cc.  Rmin & Coul turning =   10.2   16.4
   S-matrix    1 =    1.00000   0.00000 for L=   68, J=   68.0 channel on core I =   0.0 from L=   68,  Acc. loss =  0.0 D.
 Elastic phase shift   1 =    0.000   0.000 deg. for the L =   68, J =   68.0 channel.
0****** WARNING : ACCURACY LOSS IN ERWIN = 14.8 DIGITS, SO EXPECT ERRORS OF   0.6331 % OF UNITARITY

      68.0  1.00000000  0.00000014i: elastic S-matrix  @@      0.03  0   0 F  0
 Reaction Xsec    68.0+/68 @ 1 =   0.281#, Out:   0.000#   4.269   -4.269f


 Total SPIN, PARITY =    69.0 -,      5 chs,      0 cc.  Rmin & Coul turning =   10.4   16.6
   S-matrix    1 =    1.00000   0.00000 for L=   69, J=   69.0 channel on core I =   0.0 from L=   69,  Acc. loss =  0.0 D.
 Elastic phase shift   1 =    0.000   0.000 deg. for the L =   69, J =   69.0 channel.
0****** WARNING : ACCURACY LOSS IN ERWIN = 14.3 DIGITS, SO EXPECT ERRORS OF   1.4792 % OF UNITARITY

      69.0  1.00000000  0.00000007i: elastic S-matrix  @@      0.02  0   0 F  0
 Reaction Xsec    69.0-/69 @ 1 =   0.187#, Out:   0.000#  95.865  -95.865f


 Total SPIN, PARITY =    70.0 +,      5 chs,      0 cc.  Rmin & Coul turning =   10.5   16.9
   S-matrix    1 =    1.00000   0.00000 for L=   70, J=   70.0 channel on core I =   0.0 from L=   70,  Acc. loss =  0.0 D.
 Elastic phase shift   1 =    0.000   0.000 deg. for the L =   70, J =   70.0 channel.
0****** WARNING : ACCURACY LOSS IN ERWIN = 14.6 DIGITS, SO EXPECT ERRORS OF   0.4069 % OF UNITARITY

      70.0  1.00000000  0.00000011i: elastic S-matrix  @@      0.00  0   0 F  0
 Reaction Xsec    70.0+/70 @ 1 =   0.124#, Out:   0.000#  10.270  -10.270f


 Total SPIN, PARITY =    71.0 -,      5 chs,      0 cc.  Rmin & Coul turning =   10.7   17.1
   S-matrix    1 =    1.00000   0.00000 for L=   71, J=   71.0 channel on core I =   0.0 from L=   71,  Acc. loss =  0.0 D.
 Elastic phase shift   1 =    0.000   0.000 deg. for the L =   71, J =   71.0 channel.
      71.0  1.00000000  0.00000013i: elastic S-matrix  @@      0.02  0   0 F  0
 Reaction Xsec    71.0-/71 @ 1 =   0.082#, Out:   0.000# 832.305 -832.305f


 Total SPIN, PARITY =    72.0 +,      5 chs,      0 cc.  Rmin & Coul turning =   10.8   17.4
   S-matrix    1 =    1.00000   0.00000 for L=   72, J=   72.0 channel on core I =   0.0 from L=   72,  Acc. loss =  0.0 D.
 Elastic phase shift   1 =    0.000   0.000 deg. for the L =   72, J =   72.0 channel.
0****** WARNING : ACCURACY LOSS IN ERWIN = 14.5 DIGITS, SO EXPECT ERRORS OF  18.9821 % OF UNITARITY

   315139501863477.56        284959573567457.75        2.2204460492503131E-016
 Increase lower cutoff: eg CUTL. Continuing.
      72.0  1.00000000  0.00000005i: elastic S-matrix  @@      0.02  0   0 F  0
 Reaction Xsec    72.0+/72 @ 1 =   0.054#, Out:   0.000# 657.424 -657.424f


 Total SPIN, PARITY =    73.0 -,      5 chs,      0 cc.  Rmin & Coul turning =   11.0   17.6
   S-matrix    1 =    1.00000   0.00000 for L=   73, J=   73.0 channel on core I =   0.0 from L=   73,  Acc. loss =  0.0 D.
 Elastic phase shift   1 =    0.000   0.000 deg. for the L =   73, J =   73.0 channel.
0****** WARNING : ACCURACY LOSS IN ERWIN = 14.7 DIGITS, SO EXPECT ERRORS OF  17.6862 % OF UNITARITY

   533210410328417.00        265504644318130.91        2.2204460492503131E-016
 Increase lower cutoff: eg CUTL. Continuing.
      73.0  1.00000000  0.00000006i: elastic S-matrix  @@      0.02  0   0 F  0
 Reaction Xsec    73.0-/73 @ 1 =   0.036#, Out:   0.000# 194.775 -194.775f


 Total SPIN, PARITY =    74.0 +,      5 chs,      0 cc.  Rmin & Coul turning =   11.1   17.8
   S-matrix    1 =    1.00000   0.00000 for L=   74, J=   74.0 channel on core I =   0.0 from L=   74,  Acc. loss =  0.0 D.
 Elastic phase shift   1 =    0.000   0.000 deg. for the L =   74, J =   74.0 channel.
0****** WARNING : ACCURACY LOSS IN ERWIN = 15.6 DIGITS, SO EXPECT ERRORS OF  74.7908 % OF UNITARITY

   3826206273397698.0        1122759999866721.6        2.2204460492503131E-016
 Increase lower cutoff: eg CUTL. Continuing.
      74.0  1.00000000  0.00000011i: elastic S-matrix  @@      0.00  0   0 F  0
 Reaction Xsec    74.0+/74 @ 1 =   0.024#, Out:   0.000#******** ********f


 Total SPIN, PARITY =    75.0 -,      5 chs,      0 cc.  Rmin & Coul turning =   11.2   18.1
   S-matrix    1 =    1.00000   0.00000 for L=   75, J=   75.0 channel on core I =   0.0 from L=   75,  Acc. loss =  0.0 D.
 Elastic phase shift   1 =    0.000   0.000 deg. for the L =   75, J =   75.0 channel.
0****** WARNING : ACCURACY LOSS IN ERWIN = 15.3 DIGITS, SO EXPECT ERRORS OF  95.0717 % OF UNITARITY

   1874887635257677.2        1427216681584295.0        2.2204460492503131E-016
 Increase lower cutoff: eg CUTL. Continuing.
      75.0  1.00000000  0.00000005i: elastic S-matrix  @@      0.02  0   0 F  0
 Reaction Xsec    75.0-/75 @ 1 =   0.016#, Out:   0.000#******** ********f


 Total SPIN, PARITY =    76.0 +,      5 chs,      0 cc.  Rmin & Coul turning =   11.4   18.3
   S-matrix    1 =    1.00000   0.00000 for L=   76, J=   76.0 channel on core I =   0.0 from L=   76,  Acc. loss =  0.0 D.
 Elastic phase shift   1 =    0.000   0.000 deg. for the L =   76, J =   76.0 channel.
0****** WARNING : ACCURACY LOSS IN ERWIN = 14.9 DIGITS, SO EXPECT ERRORS OF 424.0080 % OF UNITARITY

   725519355710440.62        6365207997656559.0        2.2204460492503131E-016
 Increase lower cutoff: eg CUTL. Continuing.
      76.0  1.00000000  0.00000002i: elastic S-matrix  @@      0.02  0   0 F  0
 Reaction Xsec    76.0+/76 @ 1 =   0.010#, Out:   0.000#******** ********f


 Total SPIN, PARITY =    77.0 -,      5 chs,      0 cc.  Rmin & Coul turning =   11.6   18.6
   S-matrix    1 =    1.00000   0.00000 for L=   77, J=   77.0 channel on core I =   0.0 from L=   77,  Acc. loss =  0.0 D.
 Elastic phase shift   1 =    0.000   0.000 deg. for the L =   77, J =   77.0 channel.
0****** WARNING : ACCURACY LOSS IN ERWIN = 15.2 DIGITS, SO EXPECT ERRORS OF 211.7303 % OF UNITARITY

   1560101171808388.2        3178494772484712.5        2.2204460492503131E-016
 Increase lower cutoff: eg CUTL. Continuing.
      77.0  1.00000000  0.00000008i: elastic S-matrix  @@      0.02  0   0 F  0
 Reaction Xsec    77.0-/77 @ 1 =   0.007#, Out:   0.000#******** ********f


 Total SPIN, PARITY =    78.0 +,      5 chs,      0 cc.  Rmin & Coul turning =   11.7   18.8
   S-matrix    1 =    1.00000   0.00000 for L=   78, J=   78.0 channel on core I =   0.0 from L=   78,  Acc. loss =  0.0 D.
 Elastic phase shift   1 =    0.000   0.000 deg. for the L =   78, J =   78.0 channel.
0****** WARNING : ACCURACY LOSS IN ERWIN = 15.2 DIGITS, SO EXPECT ERRORS OF 179.3123 % OF UNITARITY

   1682183477114374.5        2691836559044695.5        2.2204460492503131E-016
 Increase lower cutoff: eg CUTL. Continuing.
      78.0  1.00000000  0.00000007i: elastic S-matrix  @@      0.00  0   0 F  0
 Reaction Xsec    78.0+/78 @ 1 =   0.005#, Out:   0.000#8198.432 ********f


 Total SPIN, PARITY =    79.0 -,      5 chs,      0 cc.  Rmin & Coul turning =   11.9   19.0
   S-matrix    1 =    1.00000  -0.00000 for L=   79, J=   79.0 channel on core I =   0.0 from L=   79,  Acc. loss =  0.0 D.
 Elastic phase shift   1 =   -0.000   0.000 deg. for the L =   79, J =   79.0 channel.
0****** WARNING : ACCURACY LOSS IN ERWIN = 21.8 DIGITS, SO EXPECT ERRORS OF 677.5771 % OF UNITARITY

   6.1132680752757777E+021   10171785997424238.        2.2204460492503131E-016
 Increase lower cutoff: eg CUTL. Continuing.
      79.0  1.00000000 -0.00000001i: elastic S-matrix  @@      0.02  0   0 F  0
 Reaction Xsec    79.0-/79 @ 1 =   0.003#, Out:   0.000#******** ********f


 Total SPIN, PARITY =    80.0 +,      5 chs,      0 cc.  Rmin & Coul turning =   12.0   19.3
   S-matrix    1 =    1.00000   0.00000 for L=   80, J=   80.0 channel on core I =   0.0 from L=   80,  Acc. loss =  0.0 D.
 Elastic phase shift   1 =    0.000   0.000 deg. for the L =   80, J =   80.0 channel.
0****** WARNING : ACCURACY LOSS IN ERWIN = 15.2 DIGITS, SO EXPECT ERRORS OF 305.1951 % OF UNITARITY

   1762646981568493.2        4581588351008821.0        2.2204460492503131E-016
 Increase lower cutoff: eg CUTL. Continuing.
      80.0  1.00000000  0.00000002i: elastic S-matrix  @@      0.02  0   0 F  0
 Reaction Xsec    80.0+/80 @ 1 =   0.002#, Out:   0.000#******** ********f

 Finished all CC sets @    2.50000000    
0CUMULATIVE REACTION cross section                 =  817.04514  <L> =    14.95  <L**2> =    258.5
0CUMULATIVE outgoing cross sections in partition 1 :    0.00000
0CUMULATIVE outgoing cross sections in partition 2 :***********
0Cumulative ABSORBTION by Imaginary Potentials     =***********  <L> =    78.98  <L**2> =   6238.1
   Fusion for specific 4He      M-states :************
0CUMULATIVE OUTGOING cross section                 =***********
 To convert to S-factors (MeV.mb = keV.b),  multiply by  2.7619E+02


 CROSS SECTIONS FOR OUTGOING 4He      & 4He      in state #   1 with spins & parities 0.0  + &  0.0  +;  0

     0.01 deg.: X-S =   1.0733E+13 mb/sr,
+                                         /R =   9.9987E-01
     1.00 deg.: X-S =   9.9620E+04 mb/sr,
+                                         /R =   9.2797E-01
     2.00 deg.: X-S =   4.4558E+04 mb/sr,
+                                         /R =   6.6400E+00
     3.00 deg.: X-S =   3.6576E+04 mb/sr,
+                                         /R =   2.7586E+01
     4.00 deg.: X-S =   2.6478E+04 mb/sr,
+                                         /R =   6.3092E+01
     5.00 deg.: X-S =   1.6704E+04 mb/sr,
+                                         /R =   9.7130E+01
     6.00 deg.: X-S =  9023.125828 mb/sr,
+                                         /R =   1.0874E+02
     7.00 deg.: X-S =  4036.964954 mb/sr,
+                                         /R =   9.0070E+01
     8.00 deg.: X-S =  1463.520668 mb/sr,
+                                         /R =   5.5662E+01
     9.00 deg.: X-S =   546.758040 mb/sr,
+                                         /R =   3.3281E+01
    10.00 deg.: X-S =   460.625743 mb/sr,
+                                         /R =   4.2693E+01
    11.00 deg.: X-S =   586.556957 mb/sr,
+                                         /R =   7.9510E+01
    12.00 deg.: X-S =   612.868802 mb/sr,
+                                         /R =   1.1752E+02
    13.00 deg.: X-S =   485.675348 mb/sr,
+                                         /R =   1.2812E+02
    14.00 deg.: X-S =   287.561580 mb/sr,
+                                         /R =   1.0189E+02
    15.00 deg.: X-S =   120.701119 mb/sr,
+                                         /R =   5.6276E+01
    16.00 deg.: X-S =    39.617235 mb/sr,
+                                         /R =   2.3874E+01
    17.00 deg.: X-S =    39.907692 mb/sr,
+                                         /R =   3.0598E+01
    18.00 deg.: X-S =    82.599121 mb/sr,
+                                         /R =   7.9456E+01
    19.00 deg.: X-S =   126.555354 mb/sr,
+                                         /R =   1.5085E+02
    20.00 deg.: X-S =   149.344890 mb/sr,
+                                         /R =   2.1812E+02
    21.00 deg.: X-S =   150.663819 mb/sr,
+                                         /R =   2.6691E+02
    22.00 deg.: X-S =   143.324544 mb/sr,
+                                         /R =   3.0517E+02
    23.00 deg.: X-S =   141.004502 mb/sr,
+                                         /R =   3.5783E+02
    24.00 deg.: X-S =   150.076701 mb/sr,
+                                         /R =   4.5045E+02
    25.00 deg.: X-S =   168.139444 mb/sr,
+                                         /R =   5.9270E+02
    26.00 deg.: X-S =   187.635918 mb/sr,
+                                         /R =   7.7177E+02
    27.00 deg.: X-S =   201.036232 mb/sr,
+                                         /R =   9.5904E+02
    28.00 deg.: X-S =   204.509515 mb/sr,
+                                         /R =   1.1252E+03
    29.00 deg.: X-S =   198.773733 mb/sr,
+                                         /R =   1.2548E+03
    30.00 deg.: X-S =   187.587387 mb/sr,
+                                         /R =   1.3521E+03
    31.00 deg.: X-S =   175.305725 mb/sr,
+                                         /R =   1.4362E+03
    32.00 deg.: X-S =   164.902900 mb/sr,
+                                         /R =   1.5290E+03
    33.00 deg.: X-S =   157.204313 mb/sr,
+                                         /R =   1.6431E+03
    34.00 deg.: X-S =   151.293058 mb/sr,
+                                         /R =   1.7758E+03
    35.00 deg.: X-S =   145.543510 mb/sr,
+                                         /R =   1.9115E+03
    36.00 deg.: X-S =   138.632415 mb/sr,
+                                         /R =   2.0306E+03
    37.00 deg.: X-S =   130.094322 mb/sr,
+                                         /R =   2.1183E+03
    38.00 deg.: X-S =   120.323643 mb/sr,
+                                         /R =   2.1714E+03
    39.00 deg.: X-S =   110.195388 mb/sr,
+                                         /R =   2.1977E+03
    40.00 deg.: X-S =   100.585869 mb/sr,
+                                         /R =   2.2109E+03
    41.00 deg.: X-S =    92.028974 mb/sr,
+                                         /R =   2.2236E+03
    42.00 deg.: X-S =    84.612391 mb/sr,
+                                         /R =   2.2417E+03
    43.00 deg.: X-S =    78.084812 mb/sr,
+                                         /R =   2.2630E+03
    44.00 deg.: X-S =    72.066267 mb/sr,
+                                         /R =   2.2796E+03
    45.00 deg.: X-S =    66.244614 mb/sr,
+                                         /R =   2.2821E+03
    46.00 deg.: X-S =    60.483022 mb/sr,
+                                         /R =   2.2645E+03
    47.00 deg.: X-S =    54.822717 mb/sr,
+                                         /R =   2.2263E+03
    48.00 deg.: X-S =    49.412377 mb/sr,
+                                         /R =   2.1723E+03
    49.00 deg.: X-S =    44.415087 mb/sr,
+                                         /R =   2.1099E+03
    50.00 deg.: X-S =    39.936666 mb/sr,
+                                         /R =   2.0464E+03
    51.00 deg.: X-S =    35.997016 mb/sr,
+                                         /R =   1.9862E+03
    52.00 deg.: X-S =    32.542406 mb/sr,
+                                         /R =   1.9304E+03
    53.00 deg.: X-S =    29.481225 mb/sr,
+                                         /R =   1.8771E+03
    54.00 deg.: X-S =    26.722095 mb/sr,
+                                         /R =   1.8234E+03
    55.00 deg.: X-S =    24.199115 mb/sr,
+                                         /R =   1.7670E+03
    56.00 deg.: X-S =    21.878866 mb/sr,
+                                         /R =   1.7072E+03
    57.00 deg.: X-S =    19.752574 mb/sr,
+                                         /R =   1.6447E+03
    58.00 deg.: X-S =    17.821518 mb/sr,
+                                         /R =   1.5814E+03
    59.00 deg.: X-S =    16.083793 mb/sr,
+                                         /R =   1.5190E+03
    60.00 deg.: X-S =    14.527400 mb/sr,
+                                         /R =   1.4584E+03
    61.00 deg.: X-S =    13.130509 mb/sr,
+                                         /R =   1.3995E+03
    62.00 deg.: X-S =    11.866676 mb/sr,
+                                         /R =   1.3412E+03
    63.00 deg.: X-S =    10.711456 mb/sr,
+                                         /R =   1.2824E+03
    64.00 deg.: X-S =     9.647346 mb/sr,
+                                         /R =   1.2220E+03
    65.00 deg.: X-S =     8.665470 mb/sr,
+                                         /R =   1.1601E+03
    66.00 deg.: X-S =     7.764123 mb/sr,
+                                         /R =   1.0974E+03
    67.00 deg.: X-S =     6.945411 mb/sr,
+                                         /R =   1.0353E+03
    68.00 deg.: X-S =     6.211564 mb/sr,
+                                         /R =   9.7559E+02
    69.00 deg.: X-S =     5.562197 mb/sr,
+                                         /R =   9.1956E+02
    70.00 deg.: X-S =     4.993134 mb/sr,
+                                         /R =   8.6808E+02
    71.00 deg.: X-S =     4.496721 mb/sr,
+                                         /R =   8.2136E+02
    72.00 deg.: X-S =     4.063088 mb/sr,
+                                         /R =   7.7903E+02
    73.00 deg.: X-S =     3.681732 mb/sr,
+                                         /R =   7.4033E+02
    74.00 deg.: X-S =     3.342879 mb/sr,
+                                         /R =   7.0436E+02
    75.00 deg.: X-S =     3.038337 mb/sr,
+                                         /R =   6.7026E+02
    76.00 deg.: X-S =     2.761788 mb/sr,
+                                         /R =   6.3735E+02
    77.00 deg.: X-S =     2.508669 mb/sr,
+                                         /R =   6.0515E+02
    78.00 deg.: X-S =     2.275817 mb/sr,
+                                         /R =   5.7338E+02
    79.00 deg.: X-S =     2.061068 mb/sr,
+                                         /R =   5.4195E+02
    80.00 deg.: X-S =     1.862918 mb/sr,
+                                         /R =   5.1084E+02
    81.00 deg.: X-S =     1.680306 mb/sr,
+                                         /R =   4.8016E+02
    82.00 deg.: X-S =     1.512503 mb/sr,
+                                         /R =   4.5008E+02
    83.00 deg.: X-S =     1.359044 mb/sr,
+                                         /R =   4.2084E+02
    84.00 deg.: X-S =     1.219680 mb/sr,
+                                         /R =   3.9275E+02
    85.00 deg.: X-S =     1.094289 mb/sr,
+                                         /R =   3.6617E+02
    86.00 deg.: X-S =     0.982740 mb/sr,
+                                         /R =   3.4150E+02
    87.00 deg.: X-S =     0.884709 mb/sr,
+                                         /R =   3.1906E+02
    88.00 deg.: X-S =     0.799527 mb/sr,
+                                         /R =   2.9905E+02
    89.00 deg.: X-S =     0.726075 mb/sr,
+                                         /R =   2.8148E+02
    90.00 deg.: X-S =     0.662795 mb/sr,
+                                         /R =   2.6616E+02
    91.00 deg.: X-S =     0.607809 mb/sr,
+                                         /R =   2.5267E+02
    92.00 deg.: X-S =     0.559149 mb/sr,
+                                         /R =   2.4048E+02
    93.00 deg.: X-S =     0.515004 mb/sr,
+                                         /R =   2.2902E+02
    94.00 deg.: X-S =     0.473941 mb/sr,
+                                         /R =   2.1780E+02
    95.00 deg.: X-S =     0.435018 mb/sr,
+                                         /R =   2.0647E+02
    96.00 deg.: X-S =     0.397792 mb/sr,
+                                         /R =   1.9488E+02
    97.00 deg.: X-S =     0.362209 mb/sr,
+                                         /R =   1.8307E+02
    98.00 deg.: X-S =     0.328447 mb/sr,
+                                         /R =   1.7116E+02
    99.00 deg.: X-S =     0.296765 mb/sr,
+                                         /R =   1.5937E+02
   100.00 deg.: X-S =     0.267410 mb/sr,
+                                         /R =   1.4792E+02
   101.00 deg.: X-S =     0.240571 mb/sr,
+                                         /R =   1.3699E+02
   102.00 deg.: X-S =     0.216390 mb/sr,
+                                         /R =   1.2679E+02
   103.00 deg.: X-S =     0.194966 mb/sr,
+                                         /R =   1.1748E+02
   104.00 deg.: X-S =     0.176356 mb/sr,
+                                         /R =   1.0923E+02
   105.00 deg.: X-S =     0.160518 mb/sr,
+                                         /R =   1.0214E+02
   106.00 deg.: X-S =     0.147262 mb/sr,
+                                         /R =   9.6229E+01
   107.00 deg.: X-S =     0.136224 mb/sr,
+                                         /R =   9.1367E+01
   108.00 deg.: X-S =     0.126891 mb/sr,
+                                         /R =   8.7314E+01
   109.00 deg.: X-S =     0.118673 mb/sr,
+                                         /R =   8.3737E+01
   110.00 deg.: X-S =     0.111024 mb/sr,
+                                         /R =   8.0296E+01
   111.00 deg.: X-S =     0.103552 mb/sr,
+                                         /R =   7.6728E+01
   112.00 deg.: X-S =     0.096076 mb/sr,
+                                         /R =   7.2901E+01
   113.00 deg.: X-S =     0.088603 mb/sr,
+                                         /R =   6.8817E+01
   114.00 deg.: X-S =     0.081258 mb/sr,
+                                         /R =   6.4573E+01
   115.00 deg.: X-S =     0.074194 mb/sr,
+                                         /R =   6.0299E+01
   116.00 deg.: X-S =     0.067513 mb/sr,
+                                         /R =   5.6090E+01
   117.00 deg.: X-S =     0.061242 mb/sr,
+                                         /R =   5.1991E+01
   118.00 deg.: X-S =     0.055373 mb/sr,
+                                         /R =   4.8015E+01
   119.00 deg.: X-S =     0.049920 mb/sr,
+                                         /R =   4.4196E+01
   120.00 deg.: X-S =     0.044961 mb/sr,
+                                         /R =   4.0624E+01
   121.00 deg.: X-S =     0.040629 mb/sr,
+                                         /R =   3.7450E+01
   122.00 deg.: X-S =     0.037063 mb/sr,
+                                         /R =   3.4837E+01
   123.00 deg.: X-S =     0.034327 mb/sr,
+                                         /R =   3.2889E+01
   124.00 deg.: X-S =     0.032346 mb/sr,
+                                         /R =   3.1577E+01
   125.00 deg.: X-S =     0.030897 mb/sr,
+                                         /R =   3.0723E+01
   126.00 deg.: X-S =     0.029674 mb/sr,
+                                         /R =   3.0041E+01
   127.00 deg.: X-S =     0.028382 mb/sr,
+                                         /R =   2.9243E+01
   128.00 deg.: X-S =     0.026843 mb/sr,
+                                         /R =   2.8138E+01
   129.00 deg.: X-S =     0.025041 mb/sr,
+                                         /R =   2.6694E+01
   130.00 deg.: X-S =     0.023101 mb/sr,
+                                         /R =   2.5035E+01
   131.00 deg.: X-S =     0.021207 mb/sr,
+                                         /R =   2.3355E+01
   132.00 deg.: X-S =     0.019498 mb/sr,
+                                         /R =   2.1813E+01
   133.00 deg.: X-S =     0.018003 mb/sr,
+                                         /R =   2.0453E+01
   134.00 deg.: X-S =     0.016639 mb/sr,
+                                         /R =   1.9189E+01
   135.00 deg.: X-S =     0.015274 mb/sr,
+                                         /R =   1.7874E+01
   136.00 deg.: X-S =     0.013823 mb/sr,
+                                         /R =   1.6409E+01
   137.00 deg.: X-S =     0.012316 mb/sr,
+                                         /R =   1.4825E+01
   138.00 deg.: X-S =     0.010904 mb/sr,
+                                         /R =   1.3305E+01
   139.00 deg.: X-S =     0.009793 mb/sr,
+                                         /R =   1.2109E+01
   140.00 deg.: X-S =     0.009136 mb/sr,
+                                         /R =   1.1442E+01
   141.00 deg.: X-S =     0.008942 mb/sr,
+                                         /R =   1.1340E+01
   142.00 deg.: X-S =     0.009050 mb/sr,
+                                         /R =   1.1619E+01
   143.00 deg.: X-S =     0.009191 mb/sr,
+                                         /R =   1.1940E+01
   144.00 deg.: X-S =     0.009101 mb/sr,
+                                         /R =   1.1960E+01
   145.00 deg.: X-S =     0.008643 mb/sr,
+                                         /R =   1.1486E+01
   146.00 deg.: X-S =     0.007872 mb/sr,
+                                         /R =   1.0575E+01
   147.00 deg.: X-S =     0.006996 mb/sr,
+                                         /R =   9.4984E+00
   148.00 deg.: X-S =     0.006274 mb/sr,
+                                         /R =   8.6047E+00
   149.00 deg.: X-S =     0.005871 mb/sr,
+                                         /R =   8.1322E+00
   150.00 deg.: X-S =     0.005776 mb/sr,
+                                         /R =   8.0759E+00
   151.00 deg.: X-S =     0.005798 mb/sr,
+                                         /R =   8.1823E+00
   152.00 deg.: X-S =     0.005676 mb/sr,
+                                         /R =   8.0816E+00
   153.00 deg.: X-S =     0.005220 mb/sr,
+                                         /R =   7.4953E+00
   154.00 deg.: X-S =     0.004429 mb/sr,
+                                         /R =   6.4125E+00
   155.00 deg.: X-S =     0.003517 mb/sr,
+                                         /R =   5.1322E+00
   156.00 deg.: X-S =     0.002814 mb/sr,
+                                         /R =   4.1382E+00
   157.00 deg.: X-S =     0.002604 mb/sr,
+                                         /R =   3.8563E+00
   158.00 deg.: X-S =     0.002961 mb/sr,
+                                         /R =   4.4155E+00
   159.00 deg.: X-S =     0.003691 mb/sr,
+                                         /R =   5.5411E+00
   160.00 deg.: X-S =     0.004402 mb/sr,
+                                         /R =   6.6516E+00
   161.00 deg.: X-S =     0.004690 mb/sr,
+                                         /R =   7.1290E+00
   162.00 deg.: X-S =     0.004343 mb/sr,
+                                         /R =   6.6386E+00
   163.00 deg.: X-S =     0.003470 mb/sr,
+                                         /R =   5.3325E+00
   164.00 deg.: X-S =     0.002471 mb/sr,
+                                         /R =   3.8176E+00
   165.00 deg.: X-S =     0.001856 mb/sr,
+                                         /R =   2.8806E+00
   166.00 deg.: X-S =     0.001979 mb/sr,
+                                         /R =   3.0847E+00
   167.00 deg.: X-S =     0.002835 mb/sr,
+                                         /R =   4.4373E+00
   168.00 deg.: X-S =     0.004016 mb/sr,
+                                         /R =   6.3104E+00
   169.00 deg.: X-S =     0.004877 mb/sr,
+                                         /R =   7.6913E+00
   170.00 deg.: X-S =     0.004853 mb/sr,
+                                         /R =   7.6766E+00
   171.00 deg.: X-S =     0.003780 mb/sr,
+                                         /R =   5.9968E+00
   172.00 deg.: X-S =     0.002081 mb/sr,
+                                         /R =   3.3108E+00
   173.00 deg.: X-S =     0.000686 mb/sr,
+                                         /R =   1.0937E+00
   174.00 deg.: X-S =     0.000696 mb/sr,
+                                         /R =   1.1114E+00
   175.00 deg.: X-S =     0.002920 mb/sr,
+                                         /R =   4.6723E+00
   176.00 deg.: X-S =     0.007466 mb/sr,
+                                         /R =   1.1964E+01
   177.00 deg.: X-S =     0.013577 mb/sr,
+                                         /R =   2.1778E+01
   178.00 deg.: X-S =     0.019794 mb/sr,
+                                         /R =   3.1776E+01
   179.00 deg.: X-S =     0.024430 mb/sr,
+                                         /R =   3.9235E+01
   179.99 deg.: X-S =     0.026144 mb/sr,
+                                         /R =   4.1994E+01
                                           Integrated********** mb, over [   0.000, 180.000] at   365.0000 MeV 

 CROSS SECTIONS FOR OUTGOING n        & 7Be      in state #   1 with spins & parities 0.5  + &  1.5  -;  0

     0.00 deg.: X-S =   5.0823E+07 mb/sr,
+                                         REAC   6.4247E+06 mb
     1.00 deg.: X-S =   3.6650E+07 mb/sr,
     2.00 deg.: X-S =   1.5148E+07 mb/sr,
     3.00 deg.: X-S =   9.4048E+06 mb/sr,
     4.00 deg.: X-S =   7.8406E+06 mb/sr,
     5.00 deg.: X-S =   5.4121E+06 mb/sr,
     6.00 deg.: X-S =   5.2889E+06 mb/sr,
     7.00 deg.: X-S =   3.9141E+06 mb/sr,
     8.00 deg.: X-S =   3.8915E+06 mb/sr,
     9.00 deg.: X-S =   3.2032E+06 mb/sr,
    10.00 deg.: X-S =   2.9838E+06 mb/sr,
    11.00 deg.: X-S =   2.7979E+06 mb/sr,
    12.00 deg.: X-S =   2.3766E+06 mb/sr,
    13.00 deg.: X-S =   2.4939E+06 mb/sr,
    14.00 deg.: X-S =   1.9979E+06 mb/sr,
    15.00 deg.: X-S =   2.2004E+06 mb/sr,
    16.00 deg.: X-S =   1.7943E+06 mb/sr,
    17.00 deg.: X-S =   1.8980E+06 mb/sr,
    18.00 deg.: X-S =   1.7001E+06 mb/sr,
    19.00 deg.: X-S =   1.6128E+06 mb/sr,
    20.00 deg.: X-S =   1.6417E+06 mb/sr,
    21.00 deg.: X-S =   1.3868E+06 mb/sr,
    22.00 deg.: X-S =   1.5580E+06 mb/sr,
    23.00 deg.: X-S =   1.2477E+06 mb/sr,
    24.00 deg.: X-S =   1.4220E+06 mb/sr,
    25.00 deg.: X-S =   1.1900E+06 mb/sr,
    26.00 deg.: X-S =   1.2465E+06 mb/sr,
    27.00 deg.: X-S =   1.1764E+06 mb/sr,
    28.00 deg.: X-S =   1.0717E+06 mb/sr,
    29.00 deg.: X-S =   1.1572E+06 mb/sr,
    30.00 deg.: X-S =   9.3939E+05 mb/sr,
    31.00 deg.: X-S =   1.0963E+06 mb/sr,
    32.00 deg.: X-S =   8.6941E+05 mb/sr,
    33.00 deg.: X-S =   9.8773E+05 mb/sr,
    34.00 deg.: X-S =   8.5070E+05 mb/sr,
    35.00 deg.: X-S =   8.5472E+05 mb/sr,
    36.00 deg.: X-S =   8.5033E+05 mb/sr,
    37.00 deg.: X-S =   7.3365E+05 mb/sr,
    38.00 deg.: X-S =   8.3319E+05 mb/sr,
    39.00 deg.: X-S =   6.5323E+05 mb/sr,
    40.00 deg.: X-S =   7.8011E+05 mb/sr,
    41.00 deg.: X-S =   6.2086E+05 mb/sr,
    42.00 deg.: X-S =   6.9514E+05 mb/sr,
    43.00 deg.: X-S =   6.2181E+05 mb/sr,
    44.00 deg.: X-S =   6.0017E+05 mb/sr,
    45.00 deg.: X-S =   6.2935E+05 mb/sr,
    46.00 deg.: X-S =   5.2170E+05 mb/sr,
    47.00 deg.: X-S =   6.1908E+05 mb/sr,
    48.00 deg.: X-S =   4.7745E+05 mb/sr,
    49.00 deg.: X-S =   5.7993E+05 mb/sr,
    50.00 deg.: X-S =   4.6891E+05 mb/sr,
    51.00 deg.: X-S =   5.1765E+05 mb/sr,
    52.00 deg.: X-S =   4.8216E+05 mb/sr,
    53.00 deg.: X-S =   4.5025E+05 mb/sr,
    54.00 deg.: X-S =   4.9557E+05 mb/sr,
    55.00 deg.: X-S =   3.9830E+05 mb/sr,
    56.00 deg.: X-S =   4.9039E+05 mb/sr,
    57.00 deg.: X-S =   3.7483E+05 mb/sr,
    58.00 deg.: X-S =   4.5929E+05 mb/sr,
    59.00 deg.: X-S =   3.7929E+05 mb/sr,
    60.00 deg.: X-S =   4.0925E+05 mb/sr,
    61.00 deg.: X-S =   3.9832E+05 mb/sr,
    62.00 deg.: X-S =   3.5728E+05 mb/sr,
    63.00 deg.: X-S =   4.1280E+05 mb/sr,
    64.00 deg.: X-S =   3.2146E+05 mb/sr,
    65.00 deg.: X-S =   4.0769E+05 mb/sr,
    66.00 deg.: X-S =   3.1159E+05 mb/sr,
    67.00 deg.: X-S =   3.7943E+05 mb/sr,
    68.00 deg.: X-S =   3.2452E+05 mb/sr,
    69.00 deg.: X-S =   3.3728E+05 mb/sr,
    70.00 deg.: X-S =   3.4637E+05 mb/sr,
    71.00 deg.: X-S =   2.9788E+05 mb/sr,
    72.00 deg.: X-S =   3.6023E+05 mb/sr,
    73.00 deg.: X-S =   2.7628E+05 mb/sr,
    74.00 deg.: X-S =   3.5501E+05 mb/sr,
    75.00 deg.: X-S =   2.7839E+05 mb/sr,
    76.00 deg.: X-S =   3.3074E+05 mb/sr,
    77.00 deg.: X-S =   2.9846E+05 mb/sr,
    78.00 deg.: X-S =   2.9788E+05 mb/sr,
    79.00 deg.: X-S =   3.2276E+05 mb/sr,
    80.00 deg.: X-S =   2.7135E+05 mb/sr,
    81.00 deg.: X-S =   3.3691E+05 mb/sr,
    82.00 deg.: X-S =   2.6275E+05 mb/sr,
    83.00 deg.: X-S =   3.3311E+05 mb/sr,
    84.00 deg.: X-S =   2.7465E+05 mb/sr,
    85.00 deg.: X-S =   3.1364E+05 mb/sr,
    86.00 deg.: X-S =   2.9974E+05 mb/sr,
    87.00 deg.: X-S =   2.8910E+05 mb/sr,
    88.00 deg.: X-S =   3.2491E+05 mb/sr,
    89.00 deg.: X-S =   2.7262E+05 mb/sr,
    90.00 deg.: X-S =   3.3805E+05 mb/sr,
    91.00 deg.: X-S =   2.7304E+05 mb/sr,
    92.00 deg.: X-S =   3.3406E+05 mb/sr,
    93.00 deg.: X-S =   2.9056E+05 mb/sr,
    94.00 deg.: X-S =   3.1703E+05 mb/sr,
    95.00 deg.: X-S =   3.1696E+05 mb/sr,
    96.00 deg.: X-S =   2.9768E+05 mb/sr,
    97.00 deg.: X-S =   3.4013E+05 mb/sr,
    98.00 deg.: X-S =   2.8761E+05 mb/sr,
    99.00 deg.: X-S =   3.5027E+05 mb/sr,
   100.00 deg.: X-S =   2.9336E+05 mb/sr,
   101.00 deg.: X-S =   3.4469E+05 mb/sr,
   102.00 deg.: X-S =   3.1338E+05 mb/sr,
   103.00 deg.: X-S =   3.2877E+05 mb/sr,
   104.00 deg.: X-S =   3.3905E+05 mb/sr,
   105.00 deg.: X-S =   3.1293E+05 mb/sr,
   106.00 deg.: X-S =   3.5930E+05 mb/sr,
   107.00 deg.: X-S =   3.0714E+05 mb/sr,
   108.00 deg.: X-S =   3.6611E+05 mb/sr,
   109.00 deg.: X-S =   3.1597E+05 mb/sr,
   110.00 deg.: X-S =   3.5833E+05 mb/sr,
   111.00 deg.: X-S =   3.3641E+05 mb/sr,
   112.00 deg.: X-S =   3.4193E+05 mb/sr,
   113.00 deg.: X-S =   3.5953E+05 mb/sr,
   114.00 deg.: X-S =   3.2680E+05 mb/sr,
   115.00 deg.: X-S =   3.7493E+05 mb/sr,
   116.00 deg.: X-S =   3.2164E+05 mb/sr,
   117.00 deg.: X-S =   3.7589E+05 mb/sr,
   118.00 deg.: X-S =   3.2963E+05 mb/sr,
   119.00 deg.: X-S =   3.6261E+05 mb/sr,
   120.00 deg.: X-S =   3.4683E+05 mb/sr,
   121.00 deg.: X-S =   3.4197E+05 mb/sr,
   122.00 deg.: X-S =   3.6425E+05 mb/sr,
   123.00 deg.: X-S =   3.2399E+05 mb/sr,
   124.00 deg.: X-S =   3.7250E+05 mb/sr,
   125.00 deg.: X-S =   3.1678E+05 mb/sr,
   126.00 deg.: X-S =   3.6652E+05 mb/sr,
   127.00 deg.: X-S =   3.2267E+05 mb/sr,
   128.00 deg.: X-S =   3.4809E+05 mb/sr,
   129.00 deg.: X-S =   3.3731E+05 mb/sr,
   130.00 deg.: X-S =   3.2482E+05 mb/sr,
   131.00 deg.: X-S =   3.5217E+05 mb/sr,
   132.00 deg.: X-S =   3.0655E+05 mb/sr,
   133.00 deg.: X-S =   3.5870E+05 mb/sr,
   134.00 deg.: X-S =   3.0085E+05 mb/sr,
   135.00 deg.: X-S =   3.5237E+05 mb/sr,
   136.00 deg.: X-S =   3.0988E+05 mb/sr,
   137.00 deg.: X-S =   3.3473E+05 mb/sr,
   138.00 deg.: X-S =   3.2943E+05 mb/sr,
   139.00 deg.: X-S =   3.1305E+05 mb/sr,
   140.00 deg.: X-S =   3.5052E+05 mb/sr,
   141.00 deg.: X-S =   2.9764E+05 mb/sr,
   142.00 deg.: X-S =   3.6309E+05 mb/sr,
   143.00 deg.: X-S =   2.9755E+05 mb/sr,
   144.00 deg.: X-S =   3.6061E+05 mb/sr,
   145.00 deg.: X-S =   3.1614E+05 mb/sr,
   146.00 deg.: X-S =   3.4393E+05 mb/sr,
   147.00 deg.: X-S =   3.4846E+05 mb/sr,
   148.00 deg.: X-S =   3.2231E+05 mb/sr,
   149.00 deg.: X-S =   3.8232E+05 mb/sr,
   150.00 deg.: X-S =   3.1024E+05 mb/sr,
   151.00 deg.: X-S =   4.0348E+05 mb/sr,
   152.00 deg.: X-S =   3.2076E+05 mb/sr,
   153.00 deg.: X-S =   4.0323E+05 mb/sr,
   154.00 deg.: X-S =   3.5820E+05 mb/sr,
   155.00 deg.: X-S =   3.8451E+05 mb/sr,
   156.00 deg.: X-S =   4.1426E+05 mb/sr,
   157.00 deg.: X-S =   3.6297E+05 mb/sr,
   158.00 deg.: X-S =   4.7047E+05 mb/sr,
   159.00 deg.: X-S =   3.6134E+05 mb/sr,
   160.00 deg.: X-S =   5.0696E+05 mb/sr,
   161.00 deg.: X-S =   3.9906E+05 mb/sr,
   162.00 deg.: X-S =   5.1387E+05 mb/sr,
   163.00 deg.: X-S =   4.8197E+05 mb/sr,
   164.00 deg.: X-S =   5.0011E+05 mb/sr,
   165.00 deg.: X-S =   5.9787E+05 mb/sr,
   166.00 deg.: X-S =   4.9482E+05 mb/sr,
   167.00 deg.: X-S =   7.2112E+05 mb/sr,
   168.00 deg.: X-S =   5.4071E+05 mb/sr,
   169.00 deg.: X-S =   8.2636E+05 mb/sr,
   170.00 deg.: X-S =   6.8304E+05 mb/sr,
   171.00 deg.: X-S =   9.0778E+05 mb/sr,
   172.00 deg.: X-S =   9.6395E+05 mb/sr,
   173.00 deg.: X-S =   1.0020E+06 mb/sr,
   174.00 deg.: X-S =   1.4424E+06 mb/sr,
   175.00 deg.: X-S =   1.2269E+06 mb/sr,
   176.00 deg.: X-S =   2.3173E+06 mb/sr,
   177.00 deg.: X-S =   1.9566E+06 mb/sr,
   178.00 deg.: X-S =   4.9426E+06 mb/sr,
   179.00 deg.: X-S =   8.1745E+06 mb/sr,
   180.00 deg.: X-S =   7.1268E+06 mb/sr,
                                           Integrated********** mb, over [   0.000, 180.000] at   365.0000 MeV 
 Finished all xsecs @    2.51562500    

  The following files have been created:
   3:local copy of User input.            6:standard output.                   
   7:elastic  S-matrix elements.         12:transfer kernels.                  
  13:total cross sections/state.         16:tables of cross sections.          
  35:Astrophysics S-factors  / Ecm.      38:cross sections for each J/pi.      
  39:cross sections for each Ecm.        40:all cross sectns. for each Elab.   
  45:scat phase shift as E functions.    46:bs wave functions & ANC ratios.    
  56:Fusion for each Jtotal.             75:S-factors for lab energies.        
 201:Separate cross sections.           202:Separate cross sections.           

 PARAMETERS : MAXQRN   MFNL   MLOC  LMAX1 MCLIST
    ALLOWED :      4     25     10    100      6
    REQUIRED:      1      4     10     82      3


 ACCURACY ANALYSIS at   365.000 MeV :

  Elastic h*k = 0.209 so NOT OK   compared with 0.200

   Real(S-el) > 0.01 first at J =       1.0
   Real(S-el) > 0.10 first at J =      15.0
   Real(S-el) > 0.50 first at J =      23.0
   Real(S-el) > 0.90 first at J =      26.0
   Real(S-el) > 0.99 first at J =      30.0
   R-turn =    19.28 fm    at J =      80.0

 Forward-angle excitation cut off below   0.094 deg by max JT =      80.0
                              and below   0.060 deg by max R.


 1: Recommended RNL: non-local width >  12.20 cf:  30.00 fm: OK      
    Recommended CENTRE: centration   ~   1.20 cf:   0.00 fm

 Total CPU  0 time =       2.52 seconds
