 FRESCO - FRES 3.4: Coupled Reaction Channels
 Assuming NAMELIST input.

 4He(4He,n)7Be  E=230 MeV  Q=-18.990  [he4_he4_n_be7]                            

   0.050  30.000   0.250   0.100  30.000   0.000   0.000   0.000   0.000   0.000

 Centre-of-mass Range is    602 * 0.0500 fm., Maximum at  30.00 fm., Interpolating NL forms every  0.25 fm.
 Non - locality width is    301 * 0.1000 fm., Maximum of  30.00 fm., Centred at  0.00 fm.
 2-Nucleon Separation of      0 * 0.2500 fm., Maximum of   0.00 fm., Minimum at  0.00 fm.
 Maximum single particle bins of 30.0000 fm.
               M,Mint =          601         601


 Range of total J is     0.0 <= J <=    80.0 (at least     0.0) and Absorbtion =>    -1.0000 mb.
 Dry Run = F, CC set limits =  0  0, Relativistic kinematics = a, Both/Far/Near Analyses =  1                     

 Cross Sections (and up to T0 for 0=projectile) for Theta from   0.0 to 180.0 in steps of  1.0 degrees, DGAM=0,  Coordinates = 0 (Mads)

 Lower Radial Cutoff = maximum of  3.00*L*h &       0.0 fm.,  Lower Cutoff for Couplings =   0.0  fm.


 Iterate Couplings between   1 and   1 times, to  0.000 % if sooner.                                          
  Block solved exactly =   0 chs., with Pade = 0 & Isocen =  =0, NOSOL = F, initwf =  0
  NL quadrature with   18 Gaussian points, Calculate multipoles up to    86 from   0
  M-transfers for lp+lt greater than or equal to  6, Angular Integration Cutoff below  2.7778 %


 Trace switches are :  CHANS =  1, LISTCC =  0, TRENEG =  0, CDETR =  0, SMATS =  2, XSTABL =  1, NLPL =  0

                       WAVES =  0, LAMPL =  0, VEFF =  0, KFUS =  0, WDISK =  0, BPM =  0, MELFIL =  0

                       CDCC =  0, NFUS =  0

 Using unit mass = 1.000000 amu and 1/fine-structure constant = 137.03599 ( 1.000000 * true ) with hc = 197.32705 MeV.fm,
  thus 2*amu/hbar^2 = 0.0478450 = 1/20.9008 and Coulomb constant = 0.1574855 so e^2 = 1.43997, and nuclear magneton= 0.1261183

 Now pre-scan input and save to file 3



 *********** PARTITION NUMBER  1 ******************************************************************************************

   PROJ=4He        MASS=  4.0000 Z=   2.0,        # STATES=    1T, TARG=4He      MASS=  4.0000 Z=   2.0,     Q-VALUE =   0.0000 MEV.

     1:  J= 0.0+ (B# 1), E=  0.0000, K= 0.0              Potl#  1       J= 0.0+ (B# 1), E=  0.0000, K= 0.0    


 *********** PARTITION NUMBER  2 ******************************************************************************************

   PROJ=n          MASS=  1.0000 Z=   0.0,        # STATES=    1T, TARG=7Be      MASS=  7.0000 Z=   4.0,     Q-VALUE = -18.9900 MEV.

     1:  J= 0.5+ (B# 1), E=  0.0000, K= 0.5              Potl#  2       J= 1.5- (B#-1), E=  0.0000, K= 0.5    
0****** WARNING : COMPARED WITH PARTITION  1, THIS PARTITION HAS TOTAL MASS & CHARGE EXCESSES  -0.02039 &   0.0000


 ************************************************************************************************************************************

 The following POTENTIALS are defined :

  KP#       TYPE      IT    SHAPE      at     V1        r1        a1        V2        r2        a2        A-in     A-used


                                            A#1       A#2        r0c       ac                                                h @ 1
    1    0=Coulomb       0=CHARGE (WS)  1     4.000     4.000    1.4000    0.0000    0.0000    0.0000     0.000    32.000   0.05000

    1    1=Volume        0=Woods-Saxon  2  120.0000    1.4000    0.5500   15.0000    1.4000    0.5500     0.000    32.000
   --------------------------------------------------------------------------------------------------------------------

                                            A#1       A#2        r0c       ac                                                h @ 2
    2    0=Coulomb       0=CHARGE (WS)  3     1.000     7.000    0.0000    0.0000    0.0000    0.0000     0.000    24.717   0.05000

    2    1=Volume        0=Woods-Saxon  4   48.0000    1.2000    0.6500    0.0000    1.2000    0.6500     0.000    24.717

    2    2=Surface       0=Woods-Saxon  5    0.0000    0.0000    0.0000    6.0000    1.3000    0.5000     0.000    24.717

    2    3=Projtl S.O.   0=Woods-Saxon  6    5.5000    1.0000    0.5000    0.0000    0.0000    0.0000     0.000    24.717
   --------------------------------------------------------------------------------------------------------------------

    3    1=Volume        0=Woods-Saxon  7   50.0000    1.2500    0.6500    0.0000    0.0000    0.0000     0.000    24.717

    3    3=Projtl S.O.   0=Woods-Saxon  8    6.0000    1.2500    0.6500    0.0000    0.0000    0.0000     0.000    24.717
   --------------------------------------------------------------------------------------------------------------------

    4    1=Volume        0=Woods-Saxon  9   50.0000    1.2500    0.6500    0.0000    0.0000    0.0000     0.000    24.717

    4    3=Projtl S.O.   0=Woods-Saxon 10    6.0000    1.2500    0.6500    0.0000    0.0000    0.0000     0.000    24.717


 ************************************************************************************************************************************

 The following SINGLE-PARTICLE FORM FACTORS are constructed :


 No.   P1 P2 IN KIND T N  L  S1 IA J/S  IB BIND XFER  BE    SC PC FIL AFRAC Adjust  to  Z  Mass   K     Norm    rms      D0     D   ANC/Gsp

    1:  2  1  1  0     1  0 0.5  1 0.5   0   3   0  20.5780  1  0  0 0.0000 VR  0.7477; 2. 3.000 0.8593 1.0000  2.579 -439.6-1093.5 11.0687

    2:  1  2  2  0     2  1 0.5  1 1.5   0   4   0   1.5870  1  0  0 0.0000 VR  0.7022; 2. 3.000 0.3608 1.0000  4.679   92.7  150.1-16.0626

 ************************************************************************************************************************************

 TWO-way COUPLING # 1 for partitions  2 <-  1 of KIND  7,   0 -1  5 -1 -1 & P1,P2 =    0.0000   0.0000 : for J <=    80.5 & R <  29.8 fm.


 data =  1  1  1  1  1.0000,  so  < [4He      #  1] / [n        #  1]  * Eigen-form #  1>  =   1.0000            BE = 20.578     1

 data =  2  1  1  2  1.0000,  so  < [7Be      #  1] / [4He      #  1]  * Eigen-form #  2>  =   1.0000            BE =  1.587     2
 KNT =   2, KNP =   1: NK,NG,loc=   1   1   1  11  T  T  F

     So FINITE-RANGE TRANSFER : IP1 = 0 (POST    ), IP2=-1 =COMPLEX     ,  for   1 pairs of bound states summed into   1 pairs
      The main coupling potential is that binding the transferred particle to the n        core.

          Using between n        & 4He      the potential No.   5, and subtracting optical potential No.  2

   A real*8 is            8  bytes
   NLL,NLN,NLO =         120         121         301
0File   9 needs RL =   72240    REAL*8 numbers, and NR =    88. i.e.    50.86 Megabytes
   File            9  RECL =      577920
0RECOMMENDED NON-LOCAL WIDTH IS GREATER THAN   12.20 FM.,  RECOMMENDED CENTRATION   1.20, after    0.43 secs.
0Relative non-local usages (rms) are
    0.000   0.000   0.000   0.000   0.000   0.000   0.000   0.000   0.000   0.000   0.000   0.000   0.000   0.000   0.000
    0.000   0.000   0.000   0.000   0.000   0.000   0.000   0.000   0.000   0.000   0.000   0.000   0.000   0.000   0.000
    0.000   0.000   0.000   0.000   0.000   0.000   0.000   0.000   0.000   0.000   0.000   0.000   0.000   0.000   0.000
    0.000   0.000   0.000   0.000   0.000   0.000   0.000   0.000   0.000   0.000   0.000   0.000   0.000   0.000   0.000
    0.000   0.000   0.000   0.000   0.000   0.000   0.000   0.000   0.000   0.000   0.000   0.000   0.000   0.000   0.000
    0.000   0.000   0.000   0.000   0.000   0.000   0.001   0.001   0.001   0.002   0.003   0.005   0.006   0.009   0.012
    0.014   0.022   0.028   0.039   0.052   0.063   0.096   0.120   0.167   0.223   0.266   0.398   0.493   0.674   0.885
    1.047   1.517   1.856   2.444   3.128   3.647   4.953   5.909   7.336   8.967  10.197  12.757  14.660  17.125  19.854
   21.876  25.543  28.263  31.490  34.978  37.503  41.815  44.994  48.622  52.516  55.287  59.928  63.315  67.084  71.071
   73.831  78.314  81.483  84.794  88.183  90.288  93.587  95.594  97.383  98.939  99.288 100.000  99.516  98.196  96.260
   93.695  90.783  87.201  82.652  77.504  71.954  66.183  60.433  54.899  49.518  44.395  39.665  35.425  31.793  28.839
   26.591  25.018  24.020  23.451  23.146  22.970  22.812  22.596  22.277  21.831  21.257  20.563  19.764  18.882  17.939
   16.955  15.951  14.944  13.950  12.979  12.042  11.144  10.292   9.486   8.729   8.021   7.361   6.747   6.177   5.650
    5.163   4.713   4.299   3.917   3.566   3.243   2.947   2.675   2.426   2.198   1.989   1.798   1.624   1.465   1.321
    1.189   1.070   0.961   0.863   0.774   0.694   0.621   0.556   0.497   0.444   0.396   0.353   0.315   0.280   0.250
    0.222   0.198   0.176   0.156   0.139   0.123   0.109   0.097   0.086   0.076   0.068   0.060   0.053   0.047   0.042
    0.037   0.033   0.029   0.026   0.023   0.020   0.018   0.016   0.014   0.012   0.011   0.010   0.009   0.008   0.007
    0.006   0.005   0.005   0.004   0.004   0.003   0.003   0.003   0.002   0.002   0.002   0.002   0.001   0.001   0.001
    0.001   0.001   0.001   0.001   0.001   0.001   0.000   0.000   0.000   0.000   0.000   0.000   0.000   0.000   0.000
    0.000   0.000   0.000   0.000   0.000   0.000   0.000   0.000   0.000   0.000   0.000   0.000   0.000   0.000   0.000
    0.000

 Incoming partition  1 in excitation state # 1,   Laboratory Energy given for partition  1 Nucleus 1 in Excitation pair 1

0Lab. ENERGY ranges :

   from    230.000     to   0.00000     in     0 intervals
   from    0.00000     to   0.00000     in     0 intervals
   from    0.00000     to   0.00000     in     0 intervals

 Largest real,imaginary parts of any form factor at R=   29.50 are   4.88E-02  2.46E-19 MeV
 Finished all Couplings @   0.484375000              10

 Symmetric Hamiltonian
1***********************************************************************************************************************************
************************************************************************************************************************************

        INCOMING 4He      ;    LABORATORY 4He      ENERGY =   230.00     MeV.

 ***********************************************************************************************************************************
 ***********************************************************************************************************************************


  NOTE: Coulomb excitation cut off below   0.118 deg by JTMAX, and below   0.096 deg by Rmax

 Allocate arrays for            2  channels, of which            2  need wfs.

 ######################################################################################################################
 #                                                                                                                    #
 # Total SPIN and PARITY =     0.0 +,      2 channels,    0 in 1st block.  Rmin & Coul turning =    0.0    0.1 fm.  #
 #                                                                                                                    #
 ######################################################################################################################



    C Projectl Target   #   EX.   (L  Proj) J  + Targ = Jtotal     E-cm      Re K     Re Eta     RM*K            CH
    1 4He      4He      #    1: I   0 0.0    0.0  0.0     0.0   115.00000   3.31728   0.08307   99.5185   0.49895   0.03541 1 1 1   1
    2 n        7Be      #    1:     1 0.5    1.5  1.5     0.0    99.11090   2.03696   0.00000   61.1089  -0.06770  -0.49546 2 1 2   1
   S-matrix    1 =    0.15267   0.19242 for L=    0, J=    0.0 channel on core I =   0.0 from L=    0,  Acc. loss =  0.0 D.
 Elastic phase shift   1 =   25.786  40.220 deg. for the L =    0, J =    0.0 channel.
       0.0  0.15266504  0.19241679i: elastic S-matrix  @@      0.02  0   0 F  0
 Reaction Xsec     0.0+/ 0 @ 1 =   2.683 , Out:   0.000#   0.064#   2.683f

 Allocate arrays for            4  channels, of which            4  need wfs.

 Total SPIN, PARITY =     1.0 -,      4 chs,      0 cc.  Rmin & Coul turning =    0.2    0.5
   S-matrix    1 =    0.19979   0.14635 for L=    1, J=    1.0 channel on core I =   0.0 from L=    1,  Acc. loss =  0.0 D.
 Elastic phase shift   1 =   18.112  39.984 deg. for the L =    1, J =    1.0 channel.
       1.0  0.19978787  0.14634791i: elastic S-matrix  @@      0.02  0   0 F  0
 Reaction Xsec     1.0-/ 1 @ 1 =   8.039 , Out:   0.000#   0.138#   8.039f

 Allocate arrays for            5  channels, of which            5  need wfs.

 Total SPIN, PARITY =     2.0 +,      5 chs,      0 cc.  Rmin & Coul turning =    0.3    0.8
   S-matrix    1 =    0.22427   0.11073 for L=    2, J=    2.0 channel on core I =   0.0 from L=    2,  Acc. loss =  0.0 D.
 Elastic phase shift   1 =   13.139  39.701 deg. for the L =    2, J =    2.0 channel.
       2.0  0.22427084  0.11073279i: elastic S-matrix  @@      0.02  0   0 F  0
 Reaction Xsec     2.0+/ 2 @ 1 =  13.381 , Out:   0.000#   0.210#  13.381f


 Total SPIN, PARITY =     3.0 -,      5 chs,      0 cc.  Rmin & Coul turning =    0.5    1.1
   S-matrix    1 =    0.24179   0.07277 for L=    3, J=    3.0 channel on core I =   0.0 from L=    3,  Acc. loss =  0.0 D.
 Elastic phase shift   1 =    8.375  39.429 deg. for the L =    3, J =    3.0 channel.
       3.0  0.24178905  0.07276941i: elastic S-matrix  @@      0.03  0   0 F  0
 Reaction Xsec     3.0-/ 3 @ 1 =  18.710 , Out:   0.000#   0.303#  18.710f


 Total SPIN, PARITY =     4.0 +,      5 chs,      0 cc.  Rmin & Coul turning =    0.6    1.4
   S-matrix    1 =    0.25403   0.02499 for L=    4, J=    4.0 channel on core I =   0.0 from L=    4,  Acc. loss =  0.0 D.
 Elastic phase shift   1 =    2.809  39.119 deg. for the L =    4, J =    4.0 channel.
       4.0  0.25402858  0.02498741i: elastic S-matrix  @@      0.02  0   0 F  0
 Reaction Xsec     4.0+/ 4 @ 1 =  24.020 , Out:   0.000#   0.240#  24.020f


 Total SPIN, PARITY =     5.0 -,      5 chs,      0 cc.  Rmin & Coul turning =    0.8    1.7
   S-matrix    1 =    0.25628  -0.03471 for L=    5, J=    5.0 channel on core I =   0.0 from L=    5,  Acc. loss =  0.0 D.
 Elastic phase shift   1 =   -3.856  38.744 deg. for the L =    5, J =    5.0 channel.
       5.0  0.25627803 -0.03470576i: elastic S-matrix  @@      0.03  0   0 F  0
 Reaction Xsec     5.0-/ 5 @ 1 =  29.303 , Out:   0.000#   0.181#  29.303f


 Total SPIN, PARITY =     6.0 +,      5 chs,      0 cc.  Rmin & Coul turning =    0.9    2.0
   S-matrix    1 =    0.24063  -0.10523 for L=    6, J=    6.0 channel on core I =   0.0 from L=    6,  Acc. loss =  0.0 D.
 Elastic phase shift   1 =  -11.811  38.302 deg. for the L =    6, J =    6.0 channel.
       6.0  0.24062607 -0.10523360i: elastic S-matrix  @@      0.02  0   0 F  0
 Reaction Xsec     6.0+/ 6 @ 1 =  34.553 , Out:   0.000#   0.515#  34.553f


 Total SPIN, PARITY =     7.0 -,      5 chs,      0 cc.  Rmin & Coul turning =    1.1    2.3
   S-matrix    1 =    0.19782  -0.18025 for L=    7, J=    7.0 channel on core I =   0.0 from L=    7,  Acc. loss =  0.0 D.
 Elastic phase shift   1 =  -21.170  37.763 deg. for the L =    7, J =    7.0 channel.
       7.0  0.19781558 -0.18024754i: elastic S-matrix  @@      0.02  0   0 F  0
 Reaction Xsec     7.0-/ 7 @ 1 =  39.756 , Out:   0.000#   1.213#  39.756f


 Total SPIN, PARITY =     8.0 +,      5 chs,      0 cc.  Rmin & Coul turning =    1.2    2.6
   S-matrix    1 =    0.11916  -0.24596 for L=    8, J=    8.0 channel on core I =   0.0 from L=    8,  Acc. loss =  0.0 D.
 Elastic phase shift   1 =  -32.075  37.161 deg. for the L =    8, J =    8.0 channel.
       8.0  0.11916339 -0.24596222i: elastic S-matrix  @@      0.02  0   0 F  0
 Reaction Xsec     8.0+/ 8 @ 1 =  44.907 , Out:   0.000#   0.346#  44.907f


 Total SPIN, PARITY =     9.0 -,      5 chs,      0 cc.  Rmin & Coul turning =    1.4    2.9
   S-matrix    1 =    0.00268  -0.28016 for L=    9, J=    9.0 channel on core I =   0.0 from L=    9,  Acc. loss =  0.0 D.
 Elastic phase shift   1 =  -44.726  36.451 deg. for the L =    9, J =    9.0 channel.
       9.0  0.00268234 -0.28015561i: elastic S-matrix  @@      0.02  0   0 F  0
 Reaction Xsec     9.0-/ 9 @ 1 =  49.985 , Out:   0.000#   1.902#  49.985f


 Total SPIN, PARITY =    10.0 +,      5 chs,      0 cc.  Rmin & Coul turning =    1.5    3.2
   S-matrix    1 =   -0.13747  -0.25315 for L=   10, J=   10.0 channel on core I =   0.0 from L=   10,  Acc. loss =  0.0 D.
 Elastic phase shift   1 =  -59.252  35.655 deg. for the L =   10, J =   10.0 channel.
      10.0 -0.13746737 -0.25314574i: elastic S-matrix  @@      0.03  0   0 F  0
 Reaction Xsec    10.0+/10 @ 1 =  54.977 , Out:   0.000#   0.264#  54.977f


 Total SPIN, PARITY =    11.0 -,      5 chs,      0 cc.  Rmin & Coul turning =    1.7    3.5
   S-matrix    1 =   -0.26196  -0.13887 for L=   11, J=   11.0 channel on core I =   0.0 from L=   11,  Acc. loss =  0.0 D.
 Elastic phase shift   1 =  -76.036  34.828 deg. for the L =   11, J =   11.0 channel.
      11.0 -0.26195828 -0.13886940i: elastic S-matrix  @@      0.00  0   0 F  0
 Reaction Xsec    11.0-/11 @ 1 =  59.890 , Out:   0.000#   0.188#  59.890f


 Total SPIN, PARITY =    12.0 +,      5 chs,      0 cc.  Rmin & Coul turning =    1.8    3.8
   S-matrix    1 =   -0.30196   0.05737 for L=   12, J=   12.0 channel on core I =   0.0 from L=   12,  Acc. loss =  0.0 D.
 Elastic phase shift   1 =   84.622  33.797 deg. for the L =   12, J =   12.0 channel.
      12.0 -0.30196394  0.05736584i: elastic S-matrix  @@      0.03  0   0 F  0
 Reaction Xsec    12.0+/12 @ 1 =  64.629 , Out:   0.000#   0.590#  64.629f


 Total SPIN, PARITY =    13.0 -,      5 chs,      0 cc.  Rmin & Coul turning =    2.0    4.1
   S-matrix    1 =   -0.18199   0.26060 for L=   13, J=   13.0 channel on core I =   0.0 from L=   13,  Acc. loss =  0.0 D.
 Elastic phase shift   1 =   62.464  32.835 deg. for the L =   13, J =   13.0 channel.
      13.0 -0.18198592  0.26060041i: elastic S-matrix  @@      0.02  0   0 F  0
 Reaction Xsec    13.0-/13 @ 1 =  69.294 , Out:   0.000#   0.260#  69.294f


 Total SPIN, PARITY =    14.0 +,      5 chs,      0 cc.  Rmin & Coul turning =    2.1    4.4
   S-matrix    1 =    0.10041   0.31191 for L=   14, J=   14.0 channel on core I =   0.0 from L=   14,  Acc. loss =  0.0 D.
 Elastic phase shift   1 =   36.078  31.963 deg. for the L =   14, J =   14.0 channel.
      14.0  0.10041219  0.31191436i: elastic S-matrix  @@      0.02  0   0 F  0
 Reaction Xsec    14.0+/14 @ 1 =  73.901 , Out:   0.000#   0.002#  73.901f


 Total SPIN, PARITY =    15.0 -,      5 chs,      0 cc.  Rmin & Coul turning =    2.2    4.7
   S-matrix    1 =    0.34441   0.06598 for L=   15, J=   15.0 channel on core I =   0.0 from L=   15,  Acc. loss =  0.0 D.
 Elastic phase shift   1 =    5.422  30.020 deg. for the L =   15, J =   15.0 channel.
      15.0  0.34440977  0.06597543i: elastic S-matrix  @@      0.05  0   0 F  0
 Reaction Xsec    15.0-/15 @ 1 =  77.618 , Out:   0.000#   0.007#  77.618f


 Total SPIN, PARITY =    16.0 +,      5 chs,      0 cc.  Rmin & Coul turning =    2.4    5.0
   S-matrix    1 =    0.17834  -0.29761 for L=   16, J=   16.0 channel on core I =   0.0 from L=   16,  Acc. loss =  0.0 D.
 Elastic phase shift   1 =  -29.534  30.326 deg. for the L =   16, J =   16.0 channel.
      16.0  0.17834229 -0.29760935i: elastic S-matrix  @@      0.03  0   0 F  0
 Reaction Xsec    16.0+/16 @ 1 =  82.870 , Out:   0.000#   0.002#  82.870f


 Total SPIN, PARITY =    17.0 -,      5 chs,      0 cc.  Rmin & Coul turning =    2.6    5.3
   S-matrix    1 =   -0.33740  -0.05492 for L=   17, J=   17.0 channel on core I =   0.0 from L=   17,  Acc. loss =  0.0 D.
 Elastic phase shift   1 =  -85.378  30.751 deg. for the L =   17, J =   17.0 channel.
      17.0 -0.33739771 -0.05491866i: elastic S-matrix  @@      0.02  0   0 F  0
 Reaction Xsec    17.0-/17 @ 1 =  88.244 , Out:   0.000#   0.000#  88.244f


 Total SPIN, PARITY =    18.0 +,      5 chs,      0 cc.  Rmin & Coul turning =    2.7    5.6
   S-matrix    1 =   -0.00500   0.64983 for L=   18, J=   18.0 channel on core I =   0.0 from L=   18,  Acc. loss =  0.0 D.
 Elastic phase shift   1 =   45.221  12.348 deg. for the L =   18, J =   18.0 channel.
      18.0 -0.00500391  0.64982560i: elastic S-matrix  @@      0.02  0   0 F  0
 Reaction Xsec    18.0+/18 @ 1 =  61.023 , Out:   0.000#   0.001#  61.023f


 Total SPIN, PARITY =    19.0 -,      5 chs,      0 cc.  Rmin & Coul turning =    2.9    5.9
   S-matrix    1 =    0.59831   0.61173 for L=   19, J=   19.0 channel on core I =   0.0 from L=   19,  Acc. loss =  0.0 D.
 Elastic phase shift   1 =   22.818   4.465 deg. for the L =   19, J =   19.0 channel.
      19.0  0.59830995  0.61172910i: elastic S-matrix  @@      0.03  0   0 F  0
 Reaction Xsec    19.0-/19 @ 1 =  29.818 , Out:   0.000#   0.000#  29.818f


 Total SPIN, PARITY =    20.0 +,      5 chs,      0 cc.  Rmin & Coul turning =    3.0    6.2
   S-matrix    1 =    0.84921   0.38771 for L=   20, J=   20.0 channel on core I =   0.0 from L=   20,  Acc. loss =  0.0 D.
 Elastic phase shift   1 =   12.270   1.970 deg. for the L =   20, J =   20.0 channel.
      20.0  0.84921441  0.38771479i: elastic S-matrix  @@      0.00  0   0 F  0
 Reaction Xsec    20.0+/20 @ 1 =  15.042 , Out:   0.000#   0.000#  15.042f


 Total SPIN, PARITY =    21.0 -,      5 chs,      0 cc.  Rmin & Coul turning =    3.2    6.5
   S-matrix    1 =    0.93829   0.22957 for L=   21, J=   21.0 channel on core I =   0.0 from L=   21,  Acc. loss =  0.0 D.
 Elastic phase shift   1 =    6.874   0.992 deg. for the L =   21, J =   21.0 channel.
      21.0  0.93829300  0.22957025i: elastic S-matrix  @@      0.03  0   0 F  0
 Reaction Xsec    21.0-/21 @ 1 =   8.213 , Out:   0.000#   0.000#   8.213f


 Total SPIN, PARITY =    22.0 +,      5 chs,      0 cc.  Rmin & Coul turning =    3.3    6.8
   S-matrix    1 =    0.97218   0.13464 for L=   22, J=   22.0 channel on core I =   0.0 from L=   22,  Acc. loss =  0.0 D.
 Elastic phase shift   1 =    3.943   0.536 deg. for the L =   22, J =   22.0 channel.
      22.0  0.97218006  0.13464425i: elastic S-matrix  @@      0.03  0   0 F  0
 Reaction Xsec    22.0+/22 @ 1 =   4.720 , Out:   0.000#   0.000#   4.720f


 Total SPIN, PARITY =    23.0 -,      5 chs,      0 cc.  Rmin & Coul turning =    3.5    7.1
   S-matrix    1 =    0.98638   0.07907 for L=   23, J=   23.0 channel on core I =   0.0 from L=   23,  Acc. loss =  0.0 D.
 Elastic phase shift   1 =    2.291   0.301 deg. for the L =   23, J =   23.0 channel.
      23.0  0.98637770  0.07906597i: elastic S-matrix  @@      0.03  0   0 F  0
 Reaction Xsec    23.0-/23 @ 1 =   2.792 , Out:   0.000#   0.000#   2.792f


 Total SPIN, PARITY =    24.0 +,      5 chs,      0 cc.  Rmin & Coul turning =    3.6    7.4
   S-matrix    1 =    0.99289   0.04654 for L=   24, J=   24.0 channel on core I =   0.0 from L=   24,  Acc. loss =  0.0 D.
 Elastic phase shift   1 =    1.342   0.173 deg. for the L =   24, J =   24.0 channel.
      24.0  0.99289229  0.04654477i: elastic S-matrix  @@      0.05  0   0 F  0
 Reaction Xsec    24.0+/24 @ 1 =   1.678 , Out:   0.000#   0.000#   1.678f


 Total SPIN, PARITY =    25.0 -,      5 chs,      0 cc.  Rmin & Coul turning =    3.8    7.7
   S-matrix    1 =    0.99612   0.02745 for L=   25, J=   25.0 channel on core I =   0.0 from L=   25,  Acc. loss =  0.0 D.
 Elastic phase shift   1 =    0.789   0.100 deg. for the L =   25, J =   25.0 channel.
      25.0  0.99611999  0.02745270i: elastic S-matrix  @@      0.05  0   0 F  0
 Reaction Xsec    25.0-/25 @ 1 =   1.018 , Out:   0.000#   0.000#   1.018f


 Total SPIN, PARITY =    26.0 +,      5 chs,      0 cc.  Rmin & Coul turning =    3.9    8.0
   S-matrix    1 =    0.99782   0.01621 for L=   26, J=   26.0 channel on core I =   0.0 from L=   26,  Acc. loss =  0.0 D.
 Elastic phase shift   1 =    0.465   0.059 deg. for the L =   26, J =   26.0 channel.
      26.0  0.99781697  0.01621105i: elastic S-matrix  @@      0.05  0   0 F  0
 Reaction Xsec    26.0+/26 @ 1 =   0.620 , Out:   0.000#   0.000#   0.620f


 Total SPIN, PARITY =    27.0 -,      5 chs,      0 cc.  Rmin & Coul turning =    4.0    8.3
   S-matrix    1 =    0.99875   0.00958 for L=   27, J=   27.0 channel on core I =   0.0 from L=   27,  Acc. loss =  0.0 D.
 Elastic phase shift   1 =    0.275   0.035 deg. for the L =   27, J =   27.0 channel.
0****** WARNING : ACCURACY LOSS IN ERWIN = 14.2 DIGITS, SO EXPECT ERRORS OF   0.0000 % OF UNITARITY

      27.0  0.99874783  0.00957855i: elastic S-matrix  @@      0.05  0   0 F  0
 Reaction Xsec    27.0-/27 @ 1 =   0.379 , Out:   0.000#   0.000#   0.379f


 Total SPIN, PARITY =    28.0 +,      5 chs,      0 cc.  Rmin & Coul turning =    4.2    8.6
   S-matrix    1 =    0.99927   0.00566 for L=   28, J=   28.0 channel on core I =   0.0 from L=   28,  Acc. loss =  0.0 D.
 Elastic phase shift   1 =    0.162   0.020 deg. for the L =   28, J =   28.0 channel.
0****** WARNING : ACCURACY LOSS IN ERWIN = 14.3 DIGITS, SO EXPECT ERRORS OF   0.0000 % OF UNITARITY

      28.0  0.99927318  0.00566085i: elastic S-matrix  @@      0.05  0   0 F  0
 Reaction Xsec    28.0+/28 @ 1 =   0.231 , Out:   0.000#   0.000#   0.231f


 Total SPIN, PARITY =    29.0 -,      5 chs,      0 cc.  Rmin & Coul turning =    4.4    8.9
   S-matrix    1 =    0.99958   0.00335 for L=   29, J=   29.0 channel on core I =   0.0 from L=   29,  Acc. loss =  0.0 D.
 Elastic phase shift   1 =    0.096   0.012 deg. for the L =   29, J =   29.0 channel.
      29.0  0.99957510  0.00334541i: elastic S-matrix  @@      0.06  0   0 F  0
 Reaction Xsec    29.0-/29 @ 1 =   0.141 , Out:   0.000#   0.001#   0.141f


 Total SPIN, PARITY =    30.0 +,      5 chs,      0 cc.  Rmin & Coul turning =    4.5    9.2
   S-matrix    1 =    0.99975   0.00198 for L=   30, J=   30.0 channel on core I =   0.0 from L=   30,  Acc. loss =  0.0 D.
 Elastic phase shift   1 =    0.057   0.007 deg. for the L =   30, J =   30.0 channel.
      30.0  0.99975057  0.00197671i: elastic S-matrix  @@      0.03  0   0 F  0
 Reaction Xsec    30.0+/30 @ 1 =   0.086 , Out:   0.000#   0.006#   0.086f


 Total SPIN, PARITY =    31.0 -,      5 chs,      0 cc.  Rmin & Coul turning =    4.7    9.5
   S-matrix    1 =    0.99985   0.00117 for L=   31, J=   31.0 channel on core I =   0.0 from L=   31,  Acc. loss =  0.0 D.
 Elastic phase shift   1 =    0.033   0.004 deg. for the L =   31, J =   31.0 channel.
0****** WARNING : ACCURACY LOSS IN ERWIN = 14.6 DIGITS, SO EXPECT ERRORS OF   0.0000 % OF UNITARITY

      31.0  0.99985323  0.00116767i: elastic S-matrix  @@      0.02  0   0 F  0
 Reaction Xsec    31.0-/31 @ 1 =   0.053 , Out:   0.000#   0.057#   0.053f


 Total SPIN, PARITY =    32.0 +,      5 chs,      0 cc.  Rmin & Coul turning =    4.8    9.8
   S-matrix    1 =    0.99991   0.00069 for L=   32, J=   32.0 channel on core I =   0.0 from L=   32,  Acc. loss =  0.0 D.
 Elastic phase shift   1 =    0.020   0.002 deg. for the L =   32, J =   32.0 channel.
0****** WARNING : ACCURACY LOSS IN ERWIN = 14.3 DIGITS, SO EXPECT ERRORS OF   0.0000 % OF UNITARITY

      32.0  0.99991354  0.00068957i: elastic S-matrix  @@      0.02  0   0 F  0
 Reaction Xsec    32.0+/32 @ 1 =   0.032 , Out:   0.000#   0.021#   0.032f


 Total SPIN, PARITY =    33.0 -,      5 chs,      0 cc.  Rmin & Coul turning =    5.0   10.1
   S-matrix    1 =    0.99995   0.00041 for L=   33, J=   33.0 channel on core I =   0.0 from L=   33,  Acc. loss =  0.0 D.
 Elastic phase shift   1 =    0.012   0.001 deg. for the L =   33, J =   33.0 channel.
0****** WARNING : ACCURACY LOSS IN ERWIN = 14.4 DIGITS, SO EXPECT ERRORS OF   0.0000 % OF UNITARITY

      33.0  0.99994903  0.00040711i: elastic S-matrix  @@      0.02  0   0 F  0
 Reaction Xsec    33.0-/33 @ 1 =   0.019 , Out:   0.000#   0.002#   0.019f


 Total SPIN, PARITY =    34.0 +,      5 chs,      0 cc.  Rmin & Coul turning =    5.1   10.4
   S-matrix    1 =    0.99997   0.00024 for L=   34, J=   34.0 channel on core I =   0.0 from L=   34,  Acc. loss =  0.0 D.
 Elastic phase shift   1 =    0.007   0.001 deg. for the L =   34, J =   34.0 channel.
0****** WARNING : ACCURACY LOSS IN ERWIN = 14.3 DIGITS, SO EXPECT ERRORS OF   0.0002 % OF UNITARITY

      34.0  0.99996995  0.00024028i: elastic S-matrix  @@      0.02  0   0 F  0
 Reaction Xsec    34.0+/34 @ 1 =   0.012 , Out:   0.000#   0.585#   0.012f


 Total SPIN, PARITY =    35.0 -,      5 chs,      0 cc.  Rmin & Coul turning =    5.2   10.7
   S-matrix    1 =    0.99998   0.00014 for L=   35, J=   35.0 channel on core I =   0.0 from L=   35,  Acc. loss =  0.0 D.
 Elastic phase shift   1 =    0.004   0.001 deg. for the L =   35, J =   35.0 channel.
0****** WARNING : ACCURACY LOSS IN ERWIN = 14.4 DIGITS, SO EXPECT ERRORS OF   0.0000 % OF UNITARITY

      35.0  0.99998228  0.00014181i: elastic S-matrix  @@      0.02  0   0 F  0
 Reaction Xsec    35.0-/35 @ 1 =   7.178/, Out:   0.000#   0.100#   0.007f


 Total SPIN, PARITY =    36.0 +,      5 chs,      0 cc.  Rmin & Coul turning =    5.4   11.0
   S-matrix    1 =    0.99999   0.00008 for L=   36, J=   36.0 channel on core I =   0.0 from L=   36,  Acc. loss =  0.0 D.
 Elastic phase shift   1 =    0.002   0.000 deg. for the L =   36, J =   36.0 channel.
0****** WARNING : ACCURACY LOSS IN ERWIN = 14.2 DIGITS, SO EXPECT ERRORS OF   0.0006 % OF UNITARITY

      36.0  0.99998956  0.00008367i: elastic S-matrix  @@      0.00  0   0 F  0
 Reaction Xsec    36.0+/36 @ 1 =   4.352/, Out:   0.000#   1.670#   0.004f


 Total SPIN, PARITY =    37.0 -,      5 chs,      0 cc.  Rmin & Coul turning =    5.6   11.3
   S-matrix    1 =    0.99999   0.00005 for L=   37, J=   37.0 channel on core I =   0.0 from L=   37,  Acc. loss =  0.0 D.
 Elastic phase shift   1 =    0.001   0.000 deg. for the L =   37, J =   37.0 channel.
      37.0  0.99999384  0.00004938i: elastic S-matrix  @@      0.03  0   0 F  0
 Reaction Xsec    37.0-/37 @ 1 =   2.635/, Out:   0.000#   0.015/   0.003f


 Total SPIN, PARITY =    38.0 +,      5 chs,      0 cc.  Rmin & Coul turning =    5.7   11.6
   S-matrix    1 =    1.00000   0.00003 for L=   38, J=   38.0 channel on core I =   0.0 from L=   38,  Acc. loss =  0.0 D.
 Elastic phase shift   1 =    0.001   0.000 deg. for the L =   38, J =   38.0 channel.
0****** WARNING : ACCURACY LOSS IN ERWIN = 15.2 DIGITS, SO EXPECT ERRORS OF   0.0000 % OF UNITARITY

      38.0  0.99999637  0.00002916i: elastic S-matrix  @@      0.02  0   0 F  0
 Reaction Xsec    38.0+/38 @ 1 =   1.594/, Out:   0.000#   1.811#   0.002f


 Total SPIN, PARITY =    39.0 -,      5 chs,      0 cc.  Rmin & Coul turning =    5.9   11.9
   S-matrix    1 =    1.00000   0.00002 for L=   39, J=   39.0 channel on core I =   0.0 from L=   39,  Acc. loss =  0.0 D.
 Elastic phase shift   1 =    0.000   0.000 deg. for the L =   39, J =   39.0 channel.
0****** WARNING : ACCURACY LOSS IN ERWIN = 14.8 DIGITS, SO EXPECT ERRORS OF   0.0014 % OF UNITARITY

      39.0  0.99999786  0.00001722i: elastic S-matrix  @@      0.02  0   0 F  0
 Reaction Xsec    39.0-/39 @ 1 =   0.964/, Out:   0.000#   1.741#   0.001f


 Total SPIN, PARITY =    40.0 +,      5 chs,      0 cc.  Rmin & Coul turning =    6.0   12.2
   S-matrix    1 =    1.00000   0.00001 for L=   40, J=   40.0 channel on core I =   0.0 from L=   40,  Acc. loss =  0.0 D.
 Elastic phase shift   1 =    0.000   0.000 deg. for the L =   40, J =   40.0 channel.
0****** WARNING : ACCURACY LOSS IN ERWIN = 14.3 DIGITS, SO EXPECT ERRORS OF   0.0076 % OF UNITARITY

      40.0  0.99999874  0.00001020i: elastic S-matrix  @@      0.02  0   0 F  0
 Reaction Xsec    40.0+/40 @ 1 =   0.582/, Out:   0.000#   0.579/   0.000f


 Total SPIN, PARITY =    41.0 -,      5 chs,      0 cc.  Rmin & Coul turning =    6.2   12.5
   S-matrix    1 =    1.00000   0.00001 for L=   41, J=   41.0 channel on core I =   0.0 from L=   41,  Acc. loss =  0.0 D.
 Elastic phase shift   1 =    0.000   0.000 deg. for the L =   41, J =   41.0 channel.
      41.0  0.99999926  0.00000605i: elastic S-matrix  @@      0.02  0   0 F  0
 Reaction Xsec    41.0-/41 @ 1 =   0.351/, Out:   0.000#   0.035   -0.035f


 Total SPIN, PARITY =    42.0 +,      5 chs,      0 cc.  Rmin & Coul turning =    6.3   12.8
   S-matrix    1 =    1.00000   0.00000 for L=   42, J=   42.0 channel on core I =   0.0 from L=   42,  Acc. loss =  0.0 D.
 Elastic phase shift   1 =    0.000   0.000 deg. for the L =   42, J =   42.0 channel.
      42.0  0.99999956  0.00000360i: elastic S-matrix  @@      0.02  0   0 F  0
 Reaction Xsec    42.0+/42 @ 1 =   0.212/, Out:   0.000#   0.055   -0.055f


 Total SPIN, PARITY =    43.0 -,      5 chs,      0 cc.  Rmin & Coul turning =    6.5   13.1
   S-matrix    1 =    1.00000   0.00000 for L=   43, J=   43.0 channel on core I =   0.0 from L=   43,  Acc. loss =  0.0 D.
 Elastic phase shift   1 =    0.000   0.000 deg. for the L =   43, J =   43.0 channel.
0****** WARNING : ACCURACY LOSS IN ERWIN = 15.9 DIGITS, SO EXPECT ERRORS OF   0.1394 % OF UNITARITY

      43.0  0.99999974  0.00000218i: elastic S-matrix  @@      0.02  0   0 F  0
 Reaction Xsec    43.0-/43 @ 1 =   0.127/, Out:   0.000#   0.206   -0.206f


 Total SPIN, PARITY =    44.0 +,      5 chs,      0 cc.  Rmin & Coul turning =    6.6   13.4
   S-matrix    1 =    1.00000   0.00000 for L=   44, J=   44.0 channel on core I =   0.0 from L=   44,  Acc. loss =  0.0 D.
 Elastic phase shift   1 =    0.000   0.000 deg. for the L =   44, J =   44.0 channel.
      44.0  0.99999985  0.00000131i: elastic S-matrix  @@      0.02  0   0 F  0
 Reaction Xsec    44.0+/44 @ 1 =   0.077/, Out:   0.000#  31.497  -31.497f


 Total SPIN, PARITY =    45.0 -,      5 chs,      0 cc.  Rmin & Coul turning =    6.8   13.7
   S-matrix    1 =    1.00000   0.00000 for L=   45, J=   45.0 channel on core I =   0.0 from L=   45,  Acc. loss =  0.0 D.
 Elastic phase shift   1 =    0.000   0.000 deg. for the L =   45, J =   45.0 channel.
0****** WARNING : ACCURACY LOSS IN ERWIN = 14.5 DIGITS, SO EXPECT ERRORS OF   0.2008 % OF UNITARITY

      45.0  0.99999991  0.00000080i: elastic S-matrix  @@      0.02  0   0 F  0
 Reaction Xsec    45.0-/45 @ 1 =   0.046/, Out:   0.000#   1.050   -1.050f


 Total SPIN, PARITY =    46.0 +,      5 chs,      0 cc.  Rmin & Coul turning =    6.9   14.0
   S-matrix    1 =    1.00000   0.00000 for L=   46, J=   46.0 channel on core I =   0.0 from L=   46,  Acc. loss =  0.0 D.
 Elastic phase shift   1 =    0.000   0.000 deg. for the L =   46, J =   46.0 channel.
      46.0  0.99999995  0.00000053i: elastic S-matrix  @@      0.02  0   0 F  0
 Reaction Xsec    46.0+/46 @ 1 =   0.028/, Out:   0.000#   4.717   -4.717f


 Total SPIN, PARITY =    47.0 -,      5 chs,      0 cc.  Rmin & Coul turning =    7.1   14.3
   S-matrix    1 =    1.00000   0.00000 for L=   47, J=   47.0 channel on core I =   0.0 from L=   47,  Acc. loss =  0.0 D.
 Elastic phase shift   1 =    0.000   0.000 deg. for the L =   47, J =   47.0 channel.
      47.0  0.99999997  0.00000033i: elastic S-matrix  @@      0.02  0   0 F  0
 Reaction Xsec    47.0-/47 @ 1 =   0.017/, Out:   0.000#   3.789   -3.789f


 Total SPIN, PARITY =    48.0 +,      5 chs,      0 cc.  Rmin & Coul turning =    7.2   14.6
   S-matrix    1 =    1.00000   0.00000 for L=   48, J=   48.0 channel on core I =   0.0 from L=   48,  Acc. loss =  0.0 D.
 Elastic phase shift   1 =    0.000   0.000 deg. for the L =   48, J =   48.0 channel.
      48.0  0.99999998  0.00000022i: elastic S-matrix  @@      0.02  0   0 F  0
 Reaction Xsec    48.0+/48 @ 1 =   9.991#, Out:   0.000#  58.144  -58.144f


 Total SPIN, PARITY =    49.0 -,      5 chs,      0 cc.  Rmin & Coul turning =    7.4   14.9
   S-matrix    1 =    1.00000   0.00000 for L=   49, J=   49.0 channel on core I =   0.0 from L=   49,  Acc. loss =  0.0 D.
 Elastic phase shift   1 =    0.000   0.000 deg. for the L =   49, J =   49.0 channel.
0****** WARNING : ACCURACY LOSS IN ERWIN = 14.7 DIGITS, SO EXPECT ERRORS OF   3.0467 % OF UNITARITY

      49.0  0.99999999  0.00000018i: elastic S-matrix  @@      0.02  0   0 F  0
 Reaction Xsec    49.0-/49 @ 1 =   5.992#, Out:   0.000#  45.284  -45.284f


 Total SPIN, PARITY =    50.0 +,      5 chs,      0 cc.  Rmin & Coul turning =    7.5   15.2
   S-matrix    1 =    1.00000   0.00000 for L=   50, J=   50.0 channel on core I =   0.0 from L=   50,  Acc. loss =  0.0 D.
 Elastic phase shift   1 =    0.000   0.000 deg. for the L =   50, J =   50.0 channel.
0****** WARNING : ACCURACY LOSS IN ERWIN = 15.4 DIGITS, SO EXPECT ERRORS OF   0.7847 % OF UNITARITY

      50.0  0.99999999  0.00000012i: elastic S-matrix  @@      0.02  0   0 F  0
 Reaction Xsec    50.0+/50 @ 1 =   3.592#, Out:   0.000#   0.429   -0.429f


 Total SPIN, PARITY =    51.0 -,      5 chs,      0 cc.  Rmin & Coul turning =    7.7   15.5
   S-matrix    1 =    1.00000   0.00000 for L=   51, J=   51.0 channel on core I =   0.0 from L=   51,  Acc. loss =  0.0 D.
 Elastic phase shift   1 =    0.000   0.000 deg. for the L =   51, J =   51.0 channel.
0****** WARNING : ACCURACY LOSS IN ERWIN = 14.5 DIGITS, SO EXPECT ERRORS OF   0.3603 % OF UNITARITY

      51.0  1.00000000  0.00000009i: elastic S-matrix  @@      0.02  0   0 F  0
 Reaction Xsec    51.0-/51 @ 1 =   2.152#, Out:   0.000#  20.941  -20.941f


 Total SPIN, PARITY =    52.0 +,      5 chs,      0 cc.  Rmin & Coul turning =    7.8   15.9
   S-matrix    1 =    1.00000   0.00000 for L=   52, J=   52.0 channel on core I =   0.0 from L=   52,  Acc. loss =  0.0 D.
 Elastic phase shift   1 =    0.000   0.000 deg. for the L =   52, J =   52.0 channel.
0****** WARNING : ACCURACY LOSS IN ERWIN = 14.4 DIGITS, SO EXPECT ERRORS OF   1.0848 % OF UNITARITY

      52.0  1.00000000  0.00000010i: elastic S-matrix  @@      0.02  0   0 F  0
 Reaction Xsec    52.0+/52 @ 1 =   1.288#, Out:   0.000# 216.480 -216.480f


 Total SPIN, PARITY =    53.0 -,      5 chs,      0 cc.  Rmin & Coul turning =    8.0   16.2
   S-matrix    1 =    1.00000   0.00000 for L=   53, J=   53.0 channel on core I =   0.0 from L=   53,  Acc. loss =  0.0 D.
 Elastic phase shift   1 =    0.000   0.000 deg. for the L =   53, J =   53.0 channel.
0****** WARNING : ACCURACY LOSS IN ERWIN = 15.4 DIGITS, SO EXPECT ERRORS OF   1.5003 % OF UNITARITY

      53.0  1.00000000  0.00000007i: elastic S-matrix  @@      0.03  0   0 F  0
 Reaction Xsec    53.0-/53 @ 1 =   0.771#, Out:   0.000#  10.165  -10.165f


 Total SPIN, PARITY =    54.0 +,      5 chs,      0 cc.  Rmin & Coul turning =    8.1   16.5
   S-matrix    1 =    1.00000   0.00000 for L=   54, J=   54.0 channel on core I =   0.0 from L=   54,  Acc. loss =  0.0 D.
 Elastic phase shift   1 =    0.000   0.000 deg. for the L =   54, J =   54.0 channel.
0****** WARNING : ACCURACY LOSS IN ERWIN = 14.8 DIGITS, SO EXPECT ERRORS OF   0.2627 % OF UNITARITY

      54.0  1.00000000  0.00000005i: elastic S-matrix  @@      0.03  0   0 F  0
 Reaction Xsec    54.0+/54 @ 1 =   0.461#, Out:   0.000#  13.156  -13.156f


 Total SPIN, PARITY =    55.0 -,      5 chs,      0 cc.  Rmin & Coul turning =    8.2   16.8
   S-matrix    1 =    1.00000   0.00000 for L=   55, J=   55.0 channel on core I =   0.0 from L=   55,  Acc. loss =  0.0 D.
 Elastic phase shift   1 =    0.000   0.000 deg. for the L =   55, J =   55.0 channel.
0****** WARNING : ACCURACY LOSS IN ERWIN = 14.6 DIGITS, SO EXPECT ERRORS OF 116.8398 % OF UNITARITY

   368266951214922.38        1753998732341326.5        2.2204460492503131E-016
 Increase lower cutoff: eg CUTL. Continuing.
      55.0  1.00000000  0.00000007i: elastic S-matrix  @@      0.02  0   0 F  0
 Reaction Xsec    55.0-/55 @ 1 =   0.276#, Out:   0.000#******** ********f


 Total SPIN, PARITY =    56.0 +,      5 chs,      0 cc.  Rmin & Coul turning =    8.4   17.1
   S-matrix    1 =    1.00000   0.00000 for L=   56, J=   56.0 channel on core I =   0.0 from L=   56,  Acc. loss =  0.0 D.
 Elastic phase shift   1 =    0.000   0.000 deg. for the L =   56, J =   56.0 channel.
0****** WARNING : ACCURACY LOSS IN ERWIN = 14.5 DIGITS, SO EXPECT ERRORS OF1006.4898 % OF UNITARITY

   317792810134141.31        15109423221064098.        2.2204460492503131E-016
 Increase lower cutoff: eg CUTL. Continuing.
      56.0  1.00000000  0.00000005i: elastic S-matrix  @@      0.02  0   0 F  0
 Reaction Xsec    56.0+/56 @ 1 =   0.165#, Out:   0.000#******** ********f


 Total SPIN, PARITY =    57.0 -,      5 chs,      0 cc.  Rmin & Coul turning =    8.6   17.4
   S-matrix    1 =    1.00000   0.00000 for L=   57, J=   57.0 channel on core I =   0.0 from L=   57,  Acc. loss =  0.0 D.
 Elastic phase shift   1 =    0.000   0.000 deg. for the L =   57, J =   57.0 channel.
0****** WARNING : ACCURACY LOSS IN ERWIN = 14.3 DIGITS, SO EXPECT ERRORS OF3051.3887 % OF UNITARITY

   209643749442490.75        45807442938194536.        2.2204460492503131E-016
 Increase lower cutoff: eg CUTL. Continuing.
      57.0  1.00000000  0.00000002i: elastic S-matrix  @@      0.02  0   0 F  0
 Reaction Xsec    57.0-/57 @ 1 =   0.098#, Out:   0.000#******** ********f


 Total SPIN, PARITY =    58.0 +,      5 chs,      0 cc.  Rmin & Coul turning =    8.7   17.7
   S-matrix    1 =    1.00000   0.00000 for L=   58, J=   58.0 channel on core I =   0.0 from L=   58,  Acc. loss =  0.0 D.
 Elastic phase shift   1 =    0.000   0.000 deg. for the L =   58, J =   58.0 channel.
0****** WARNING : ACCURACY LOSS IN ERWIN = 19.1 DIGITS, SO EXPECT ERRORS OF1428.2260 % OF UNITARITY

   1.2109907226708296E+019   21440526649616468.        2.2204460492503131E-016
 Increase lower cutoff: eg CUTL. Continuing.
      58.0  1.00000000  0.00000005i: elastic S-matrix  @@      0.05  0   0 F  0
 Reaction Xsec    58.0+/58 @ 1 =   0.059#, Out:   0.000#******** ********f


 Total SPIN, PARITY =    59.0 -,      5 chs,      0 cc.  Rmin & Coul turning =    8.8   18.0
   S-matrix    1 =    1.00000   0.00000 for L=   59, J=   59.0 channel on core I =   0.0 from L=   59,  Acc. loss =  0.0 D.
 Elastic phase shift   1 =    0.000   0.000 deg. for the L =   59, J =   59.0 channel.
0****** WARNING : ACCURACY LOSS IN ERWIN = 14.8 DIGITS, SO EXPECT ERRORS OF5874.8537 % OF UNITARITY

   662222779235130.88        88193296326983792.        2.2204460492503131E-016
 Increase lower cutoff: eg CUTL. Continuing.
      59.0  1.00000000  0.00000005i: elastic S-matrix  @@      0.05  0   0 F  0
 Reaction Xsec    59.0-/59 @ 1 =   0.035#, Out:   0.000#******** ********f


 Total SPIN, PARITY =    60.0 +,      5 chs,      0 cc.  Rmin & Coul turning =    9.0   18.3
   S-matrix    1 =    1.00000   0.00000 for L=   60, J=   60.0 channel on core I =   0.0 from L=   60,  Acc. loss =  0.0 D.
 Elastic phase shift   1 =    0.000   0.000 deg. for the L =   60, J =   60.0 channel.
0****** WARNING : ACCURACY LOSS IN ERWIN = 14.8 DIGITS, SO EXPECT ERRORS OF9398.5600 % OF UNITARITY

   594876501757199.12        1.4109117114779938E+017   2.2204460492503131E-016
 Increase lower cutoff: eg CUTL. Continuing.
      60.0  1.00000000  0.00000001i: elastic S-matrix  @@      0.03  0   0 F  0
 Reaction Xsec    60.0+/60 @ 1 =   0.021#, Out:   0.000#******** ********f


 Total SPIN, PARITY =    61.0 -,      5 chs,      0 cc.  Rmin & Coul turning =    9.2   18.6
   S-matrix    1 =    1.00000   0.00000 for L=   61, J=   61.0 channel on core I =   0.0 from L=   61,  Acc. loss =  0.0 D.
 Elastic phase shift   1 =    0.000   0.000 deg. for the L =   61, J =   61.0 channel.
0****** WARNING : ACCURACY LOSS IN ERWIN = 15.0 DIGITS, SO EXPECT ERRORS OF********* % OF UNITARITY

   986064034918697.25        5.3487026164428499E+017   2.2204460492503131E-016
 Increase lower cutoff: eg CUTL. Continuing.
      61.0  1.00000000  0.00000002i: elastic S-matrix  @@      0.03  0   0 F  0
 Reaction Xsec    61.0-/61 @ 1 =   0.012#, Out:   0.000#******** ********f


 Total SPIN, PARITY =    62.0 +,      5 chs,      0 cc.  Rmin & Coul turning =    9.3   18.9
   S-matrix    1 =    1.00000   0.00000 for L=   62, J=   62.0 channel on core I =   0.0 from L=   62,  Acc. loss =  0.0 D.
 Elastic phase shift   1 =    0.000   0.000 deg. for the L =   62, J =   62.0 channel.
0****** WARNING : ACCURACY LOSS IN ERWIN = 14.8 DIGITS, SO EXPECT ERRORS OF********* % OF UNITARITY

   623397516572744.12        1.5973816236582781E+017   2.2204460492503131E-016
 Increase lower cutoff: eg CUTL. Continuing.
      62.0  1.00000000  0.00000004i: elastic S-matrix  @@      0.00  0   0 F  0
 Reaction Xsec    62.0+/62 @ 1 =   0.007#, Out:   0.000#******** ********f


 Total SPIN, PARITY =    63.0 -,      5 chs,      0 cc.  Rmin & Coul turning =    9.5   19.2
   S-matrix    1 =    1.00000   0.00000 for L=   63, J=   63.0 channel on core I =   0.0 from L=   63,  Acc. loss =  0.0 D.
 Elastic phase shift   1 =    0.000   0.000 deg. for the L =   63, J =   63.0 channel.
0****** WARNING : ACCURACY LOSS IN ERWIN = 20.2 DIGITS, SO EXPECT ERRORS OF********* % OF UNITARITY

   1.7051756642054544E+020   2.0622364938940771E+017   2.2204460492503131E-016
 Increase lower cutoff: eg CUTL. Continuing.
      63.0  1.00000000  0.00000001i: elastic S-matrix  @@      0.03  0   0 F  0
 Reaction Xsec    63.0-/63 @ 1 =   0.004#, Out:   0.000#******** ********f


 Total SPIN, PARITY =    64.0 +,      5 chs,      0 cc.  Rmin & Coul turning =    9.6   19.5
   S-matrix    1 =    1.00000  -0.00000 for L=   64, J=   64.0 channel on core I =   0.0 from L=   64,  Acc. loss =  0.0 D.
 Elastic phase shift   1 =   -0.000   0.000 deg. for the L =   64, J =   64.0 channel.
0****** WARNING : ACCURACY LOSS IN ERWIN = 15.2 DIGITS, SO EXPECT ERRORS OF********* % OF UNITARITY

   1655464264684526.5        5.4837281674911859E+017   2.2204460492503131E-016
 Increase lower cutoff: eg CUTL. Continuing.
      64.0  1.00000000 -0.00000001i: elastic S-matrix  @@      0.00  0   0 F  0
 Reaction Xsec    64.0+/64 @ 1 =   0.003#, Out:   0.000#******** ********f


 Total SPIN, PARITY =    65.0 -,      5 chs,      0 cc.  Rmin & Coul turning =    9.8   19.8
   S-matrix    1 =    1.00000   0.00000 for L=   65, J=   65.0 channel on core I =   0.0 from L=   65,  Acc. loss =  0.0 D.
 Elastic phase shift   1 =    0.000   0.000 deg. for the L =   65, J =   65.0 channel.
0****** WARNING : ACCURACY LOSS IN ERWIN = 15.0 DIGITS, SO EXPECT ERRORS OF8401.7303 % OF UNITARITY

   1058860909911624.1        1.2612676423361394E+017   2.2204460492503131E-016
 Increase lower cutoff: eg CUTL. Continuing.
      65.0  1.00000000  0.00000001i: elastic S-matrix  @@      0.02  0   0 F  0
 Reaction Xsec    65.0-/65 @ 1 =   0.002#, Out:   0.000#******** ********f


 Total SPIN, PARITY =    66.0 +,      5 chs,      0 cc.  Rmin & Coul turning =    9.9   20.1
   S-matrix    1 =    1.00000   0.00000 for L=   66, J=   66.0 channel on core I =   0.0 from L=   66,  Acc. loss =  0.0 D.
 Elastic phase shift   1 =    0.000   0.000 deg. for the L =   66, J =   66.0 channel.
0****** WARNING : ACCURACY LOSS IN ERWIN = 19.3 DIGITS, SO EXPECT ERRORS OF********* % OF UNITARITY

   1.8003449693781332E+019   2.2266889936529555E+017   2.2204460492503131E-016
 Increase lower cutoff: eg CUTL. Continuing.
      66.0  1.00000000  0.00000002i: elastic S-matrix  @@      0.02  0   0 F  0
 Reaction Xsec    66.0+/66 @ 1 =   0.001#, Out:   0.000#******** ********f


 Total SPIN, PARITY =    67.0 -,      5 chs,      0 cc.  Rmin & Coul turning =   10.1   20.4
   S-matrix    1 =    1.00000  -0.00000 for L=   67, J=   67.0 channel on core I =   0.0 from L=   67,  Acc. loss =  0.0 D.
 Elastic phase shift   1 =   -0.000   0.000 deg. for the L =   67, J =   67.0 channel.
0****** WARNING : ACCURACY LOSS IN ERWIN = 19.8 DIGITS, SO EXPECT ERRORS OF********* % OF UNITARITY

   6.7870514399966069E+019   2.8796391003732608E+017   2.2204460492503131E-016
 Increase lower cutoff: eg CUTL. Continuing.
      67.0  1.00000000 -0.00000001i: elastic S-matrix  @@      0.02  0   0 F  0
 Reaction Xsec    67.0-/67 @ 1 =   0.001#, Out:   0.000#******** ********f


 Total SPIN, PARITY =    68.0 +,      5 chs,      0 cc.  Rmin & Coul turning =   10.2   20.7
   S-matrix    1 =    1.00000  -0.00000 for L=   68, J=   68.0 channel on core I =   0.0 from L=   68,  Acc. loss =  0.0 D.
 Elastic phase shift   1 =   -0.000   0.000 deg. for the L =   68, J =   68.0 channel.
0****** WARNING : ACCURACY LOSS IN ERWIN = 15.5 DIGITS, SO EXPECT ERRORS OF2811.3493 % OF UNITARITY

   3228937580692520.0        42203972479700560.        2.2204460492503131E-016
 Increase lower cutoff: eg CUTL. Continuing.
      68.0  1.00000000 -0.00000003i: elastic S-matrix  @@      0.02  0   0 F  0
 Reaction Xsec    68.0+/68 @ 1 =   0.000#, Out:   0.000#******** ********f


 Total SPIN, PARITY =    69.0 -,      5 chs,      0 cc.  Rmin & Coul turning =   10.4   21.0
   S-matrix    1 =    1.00000   0.00000 for L=   69, J=   69.0 channel on core I =   0.0 from L=   69,  Acc. loss =  0.0 D.
 Elastic phase shift   1 =    0.000   0.000 deg. for the L =   69, J =   69.0 channel.
0****** WARNING : ACCURACY LOSS IN ERWIN = 15.4 DIGITS, SO EXPECT ERRORS OF2545.4342 % OF UNITARITY

   2255208129211237.0        38212054577448088.        2.2204460492503131E-016
 Increase lower cutoff: eg CUTL. Continuing.
      69.0  1.00000000  0.00000001i: elastic S-matrix  @@      0.00  0   0 F  0
 Reaction Xsec    69.0-/69 @ 1 =   0.000#, Out:   0.000#******** ********f


 Total SPIN, PARITY =    70.0 +,      5 chs,      0 cc.  Rmin & Coul turning =   10.5   21.3
   S-matrix    1 =    1.00000   0.00000 for L=   70, J=   70.0 channel on core I =   0.0 from L=   70,  Acc. loss =  0.0 D.
 Elastic phase shift   1 =    0.000   0.000 deg. for the L =   70, J =   70.0 channel.
0****** WARNING : ACCURACY LOSS IN ERWIN = 15.6 DIGITS, SO EXPECT ERRORS OF1906.7768 % OF UNITARITY

   4423947505318114.5        28624531355455280.        2.2204460492503131E-016
 Increase lower cutoff: eg CUTL. Continuing.
      70.0  1.00000000  0.00000001i: elastic S-matrix  @@      0.02  0   0 F  0
 Reaction Xsec    70.0+/70 @ 1 =   0.000#, Out:   0.000#******** ********f


 Total SPIN, PARITY =    71.0 -,      5 chs,      0 cc.  Rmin & Coul turning =   10.7   21.6
   S-matrix    1 =    1.00000  -0.00000 for L=   71, J=   71.0 channel on core I =   0.0 from L=   71,  Acc. loss =  0.0 D.
 Elastic phase shift   1 =   -0.000   0.000 deg. for the L =   71, J =   71.0 channel.
0****** WARNING : ACCURACY LOSS IN ERWIN = 15.4 DIGITS, SO EXPECT ERRORS OF2999.5345 % OF UNITARITY

   2762304938291264.0        45029007727031992.        2.2204460492503131E-016
 Increase lower cutoff: eg CUTL. Continuing.
      71.0  1.00000000 -0.00000003i: elastic S-matrix  @@      0.02  0   0 F  0
 Reaction Xsec    71.0-/71 @ 1 =   0.000#, Out:   0.000#******** ********f


 Total SPIN, PARITY =    72.0 +,      5 chs,      0 cc.  Rmin & Coul turning =   10.8   21.9
   S-matrix    1 =    1.00000  -0.00000 for L=   72, J=   72.0 channel on core I =   0.0 from L=   72,  Acc. loss =  0.0 D.
 Elastic phase shift   1 =   -0.000   0.000 deg. for the L =   72, J =   72.0 channel.
0****** WARNING : ACCURACY LOSS IN ERWIN = 15.2 DIGITS, SO EXPECT ERRORS OF3293.3551 % OF UNITARITY

   1453962966975753.8        49439842826031272.        2.2204460492503131E-016
 Increase lower cutoff: eg CUTL. Continuing.
      72.0  1.00000000 -0.00000004i: elastic S-matrix  @@      0.02  0   0 F  0
 Reaction Xsec    72.0+/72 @ 1 =   0.000#, Out:   0.000#******** ********f


 Total SPIN, PARITY =    73.0 -,      5 chs,      0 cc.  Rmin & Coul turning =   11.0   22.2
   S-matrix    1 =    1.00000  -0.00000 for L=   73, J=   73.0 channel on core I =   0.0 from L=   73,  Acc. loss =  0.0 D.
 Elastic phase shift   1 =   -0.000   0.000 deg. for the L =   73, J =   73.0 channel.
0****** WARNING : ACCURACY LOSS IN ERWIN = 15.1 DIGITS, SO EXPECT ERRORS OF 721.2871 % OF UNITARITY

   1316083920384993.0        10827960312716584.        2.2204460492503131E-016
 Increase lower cutoff: eg CUTL. Continuing.
      73.0  1.00000000 -0.00000001i: elastic S-matrix  @@      0.00  0   0 F  0
 Reaction Xsec    73.0-/73 @ 1 =   0.000#, Out:   0.000#******** ********f


 Total SPIN, PARITY =    74.0 +,      5 chs,      0 cc.  Rmin & Coul turning =   11.1   22.5
   S-matrix    1 =    1.00000  -0.00000 for L=   74, J=   74.0 channel on core I =   0.0 from L=   74,  Acc. loss =  0.0 D.
 Elastic phase shift   1 =   -0.000   0.000 deg. for the L =   74, J =   74.0 channel.
0****** WARNING : ACCURACY LOSS IN ERWIN = 15.6 DIGITS, SO EXPECT ERRORS OF 745.4555 % OF UNITARITY

   4009474082178353.0        11190776431412812.        2.2204460492503131E-016
 Increase lower cutoff: eg CUTL. Continuing.
      74.0  1.00000000 -0.00000000i: elastic S-matrix  @@      0.03  0   0 F  0
 Reaction Xsec    74.0+/74 @ 1 =   0.000#, Out:   0.000#******** ********f


 Total SPIN, PARITY =    75.0 -,      5 chs,      0 cc.  Rmin & Coul turning =   11.2   22.8
   S-matrix    1 =    1.00000  -0.00000 for L=   75, J=   75.0 channel on core I =   0.0 from L=   75,  Acc. loss =  0.0 D.
 Elastic phase shift   1 =   -0.000   0.000 deg. for the L =   75, J =   75.0 channel.
0****** WARNING : ACCURACY LOSS IN ERWIN = 15.6 DIGITS, SO EXPECT ERRORS OF 340.5904 % OF UNITARITY

   3689392712263116.5        5112942886786444.0        2.2204460492503131E-016
 Increase lower cutoff: eg CUTL. Continuing.
      75.0  1.00000000 -0.00000003i: elastic S-matrix  @@      0.00  0   0 F  0
 Reaction Xsec    75.0-/75 @ 1 =   0.000#, Out:   0.000#******** ********f


 Total SPIN, PARITY =    76.0 +,      5 chs,      0 cc.  Rmin & Coul turning =   11.4   23.1
   S-matrix    1 =    1.00000  -0.00000 for L=   76, J=   76.0 channel on core I =   0.0 from L=   76,  Acc. loss =  0.0 D.
 Elastic phase shift   1 =   -0.000   0.000 deg. for the L =   76, J =   76.0 channel.
0****** WARNING : ACCURACY LOSS IN ERWIN = 22.3 DIGITS, SO EXPECT ERRORS OF 441.8747 % OF UNITARITY

   1.8489698860826565E+022   6633422436899029.0        2.2204460492503131E-016
 Increase lower cutoff: eg CUTL. Continuing.
      76.0  1.00000000 -0.00000006i: elastic S-matrix  @@      0.02  0   0 F  0
 Reaction Xsec    76.0+/76 @ 1 =   0.000#, Out:   0.000#******** ********f


 Total SPIN, PARITY =    77.0 -,      5 chs,      0 cc.  Rmin & Coul turning =   11.6   23.4
   S-matrix    1 =    1.00000  -0.00000 for L=   77, J=   77.0 channel on core I =   0.0 from L=   77,  Acc. loss =  0.0 D.
 Elastic phase shift   1 =   -0.000   0.000 deg. for the L =   77, J =   77.0 channel.
0****** WARNING : ACCURACY LOSS IN ERWIN = 15.8 DIGITS, SO EXPECT ERRORS OF  75.3184 % OF UNITARITY

   6527002727482896.0        1130680398177435.5        2.2204460492503131E-016
 Increase lower cutoff: eg CUTL. Continuing.
      77.0  1.00000000 -0.00000004i: elastic S-matrix  @@      0.02  0   0 F  0
 Reaction Xsec    77.0-/77 @ 1 =   0.000#, Out:   0.000# 390.674 -390.674f


 Total SPIN, PARITY =    78.0 +,      5 chs,      0 cc.  Rmin & Coul turning =   11.7   23.7
   S-matrix    1 =    1.00000  -0.00000 for L=   78, J=   78.0 channel on core I =   0.0 from L=   78,  Acc. loss =  0.0 D.
 Elastic phase shift   1 =   -0.000   0.000 deg. for the L =   78, J =   78.0 channel.
0****** WARNING : ACCURACY LOSS IN ERWIN = 15.3 DIGITS, SO EXPECT ERRORS OF  36.6294 % OF UNITARITY

   2196916845983733.8        549879888364999.94        2.2204460492503131E-016
 Increase lower cutoff: eg CUTL. Continuing.
      78.0  1.00000000 -0.00000002i: elastic S-matrix  @@      0.02  0   0 F  0
 Reaction Xsec    78.0+/78 @ 1 =   0.000#, Out:   0.000#1154.585 ********f


 Total SPIN, PARITY =    79.0 -,      5 chs,      0 cc.  Rmin & Coul turning =   11.9   24.0
   S-matrix    1 =    1.00000  -0.00000 for L=   79, J=   79.0 channel on core I =   0.0 from L=   79,  Acc. loss =  0.0 D.
 Elastic phase shift   1 =   -0.000   0.000 deg. for the L =   79, J =   79.0 channel.
0****** WARNING : ACCURACY LOSS IN ERWIN = 15.5 DIGITS, SO EXPECT ERRORS OF  37.9240 % OF UNITARITY

   3119007164929239.5        569315397083327.00        2.2204460492503131E-016
 Increase lower cutoff: eg CUTL. Continuing.
      79.0  1.00000000 -0.00000002i: elastic S-matrix  @@      0.02  0   0 F  0
 Reaction Xsec    79.0-/79 @ 1 =   0.000#, Out:   0.000# 541.980 -541.980f


 Total SPIN, PARITY =    80.0 +,      5 chs,      0 cc.  Rmin & Coul turning =   12.0   24.3
   S-matrix    1 =    1.00000  -0.00000 for L=   80, J=   80.0 channel on core I =   0.0 from L=   80,  Acc. loss =  0.0 D.
 Elastic phase shift   1 =   -0.000   0.000 deg. for the L =   80, J =   80.0 channel.
0****** WARNING : ACCURACY LOSS IN ERWIN = 15.2 DIGITS, SO EXPECT ERRORS OF   6.6986 % OF UNITARITY

      80.0  1.00000000 -0.00000006i: elastic S-matrix  @@      0.00  0   0 F  0
 Reaction Xsec    80.0+/80 @ 1 =   0.000#, Out:   0.000#   8.090   -8.090f

 Finished all CC sets @    2.17187500    
0CUMULATIVE REACTION cross section                 =  962.65491  <L> =    12.42  <L**2> =    177.3
0CUMULATIVE outgoing cross sections in partition 1 :    0.00000
0CUMULATIVE outgoing cross sections in partition 2 :***********
0Cumulative ABSORBTION by Imaginary Potentials     =***********  <L> =    62.27  <L**2> =   3883.0
   Fusion for specific 4He      M-states :************
0CUMULATIVE OUTGOING cross section                 =***********
 To convert to S-factors (MeV.mb = keV.b),  multiply by  1.9381E+02


 CROSS SECTIONS FOR OUTGOING 4He      & 4He      in state #   1 with spins & parities 0.0  + &  0.0  +;  0

     0.01 deg.: X-S =   2.7033E+13 mb/sr,
+                                         /R =   9.9993E-01
     1.00 deg.: X-S =   2.1854E+05 mb/sr,
+                                         /R =   8.0835E-01
     2.00 deg.: X-S =   3.3300E+04 mb/sr,
+                                         /R =   1.9704E+00
     3.00 deg.: X-S =   2.5409E+04 mb/sr,
+                                         /R =   7.6094E+00
     4.00 deg.: X-S =   2.0376E+04 mb/sr,
+                                         /R =   1.9279E+01
     5.00 deg.: X-S =   1.5013E+04 mb/sr,
+                                         /R =   3.4664E+01
     6.00 deg.: X-S =  9994.976199 mb/sr,
+                                         /R =   4.7827E+01
     7.00 deg.: X-S =  5904.331814 mb/sr,
+                                         /R =   5.2307E+01
     8.00 deg.: X-S =  3004.116296 mb/sr,
+                                         /R =   4.5368E+01
     9.00 deg.: X-S =  1271.053085 mb/sr,
+                                         /R =   3.0721E+01
    10.00 deg.: X-S =   482.797350 mb/sr,
+                                         /R =   1.7768E+01
    11.00 deg.: X-S =   322.817911 mb/sr,
+                                         /R =   1.7376E+01
    12.00 deg.: X-S =   476.273290 mb/sr,
+                                         /R =   3.6265E+01
    13.00 deg.: X-S =   697.159726 mb/sr,
+                                         /R =   7.3023E+01
    14.00 deg.: X-S =   838.370486 mb/sr,
+                                         /R =   1.1795E+02
    15.00 deg.: X-S =   847.959039 mb/sr,
+                                         /R =   1.5698E+02
    16.00 deg.: X-S =   742.966491 mb/sr,
+                                         /R =   1.7778E+02
    17.00 deg.: X-S =   574.951157 mb/sr,
+                                         /R =   1.7504E+02
    18.00 deg.: X-S =   399.325939 mb/sr,
+                                         /R =   1.5253E+02
    19.00 deg.: X-S =   255.676574 mb/sr,
+                                         /R =   1.2101E+02
    20.00 deg.: X-S =   160.716736 mb/sr,
+                                         /R =   9.3204E+01
    21.00 deg.: X-S =   111.280512 mb/sr,
+                                         /R =   7.8279E+01
    22.00 deg.: X-S =    92.665038 mb/sr,
+                                         /R =   7.8344E+01
    23.00 deg.: X-S =    87.667932 mb/sr,
+                                         /R =   8.8339E+01
    24.00 deg.: X-S =    83.118589 mb/sr,
+                                         /R =   9.9062E+01
    25.00 deg.: X-S =    72.656786 mb/sr,
+                                         /R =   1.0170E+02
    26.00 deg.: X-S =    56.183100 mb/sr,
+                                         /R =   9.1759E+01
    27.00 deg.: X-S =    37.357042 mb/sr,
+                                         /R =   7.0763E+01
    28.00 deg.: X-S =    20.689642 mb/sr,
+                                         /R =   4.5201E+01
    29.00 deg.: X-S =     9.377375 mb/sr,
+                                         /R =   2.3506E+01
    30.00 deg.: X-S =     4.378033 mb/sr,
+                                         /R =   1.2530E+01
    31.00 deg.: X-S =     4.632770 mb/sr,
+                                         /R =   1.5071E+01
    32.00 deg.: X-S =     7.974014 mb/sr,
+                                         /R =   2.9358E+01
    33.00 deg.: X-S =    12.171138 mb/sr,
+                                         /R =   5.0511E+01
    34.00 deg.: X-S =    15.693531 mb/sr,
+                                         /R =   7.3140E+01
    35.00 deg.: X-S =    18.001729 mb/sr,
+                                         /R =   9.3880E+01
    36.00 deg.: X-S =    19.400886 mb/sr,
+                                         /R =   1.1283E+02
    37.00 deg.: X-S =    20.633999 mb/sr,
+                                         /R =   1.3341E+02
    38.00 deg.: X-S =    22.431634 mb/sr,
+                                         /R =   1.6074E+02
    39.00 deg.: X-S =    25.188784 mb/sr,
+                                         /R =   1.9947E+02
    40.00 deg.: X-S =    28.848748 mb/sr,
+                                         /R =   2.5178E+02
    41.00 deg.: X-S =    32.981699 mb/sr,
+                                         /R =   3.1642E+02
    42.00 deg.: X-S =    36.982936 mb/sr,
+                                         /R =   3.8905E+02
    43.00 deg.: X-S =    40.295005 mb/sr,
+                                         /R =   4.6371E+02
    44.00 deg.: X-S =    42.573770 mb/sr,
+                                         /R =   5.3473E+02
    45.00 deg.: X-S =    43.756193 mb/sr,
+                                         /R =   5.9854E+02
    46.00 deg.: X-S =    44.028982 mb/sr,
+                                         /R =   6.5455E+02
    47.00 deg.: X-S =    43.728693 mb/sr,
+                                         /R =   7.0511E+02
    48.00 deg.: X-S =    43.217872 mb/sr,
+                                         /R =   7.5441E+02
    49.00 deg.: X-S =    42.778939 mb/sr,
+                                         /R =   8.0692E+02
    50.00 deg.: X-S =    42.552970 mb/sr,
+                                         /R =   8.6579E+02
    51.00 deg.: X-S =    42.531482 mb/sr,
+                                         /R =   9.3184E+02
    52.00 deg.: X-S =    42.592441 mb/sr,
+                                         /R =   1.0032E+03
    53.00 deg.: X-S =    42.561266 mb/sr,
+                                         /R =   1.0760E+03
    54.00 deg.: X-S =    42.274840 mb/sr,
+                                         /R =   1.1454E+03
    55.00 deg.: X-S =    41.630381 mb/sr,
+                                         /R =   1.2070E+03
    56.00 deg.: X-S =    40.608746 mb/sr,
+                                         /R =   1.2582E+03
    57.00 deg.: X-S =    39.270573 mb/sr,
+                                         /R =   1.2984E+03
    58.00 deg.: X-S =    37.731143 mb/sr,
+                                         /R =   1.3295E+03
    59.00 deg.: X-S =    36.124261 mb/sr,
+                                         /R =   1.3547E+03
    60.00 deg.: X-S =    34.566558 mb/sr,
+                                         /R =   1.3779E+03
    61.00 deg.: X-S =    33.131682 mb/sr,
+                                         /R =   1.4022E+03
    62.00 deg.: X-S =    31.839829 mb/sr,
+                                         /R =   1.4290E+03
    63.00 deg.: X-S =    30.663288 mb/sr,
+                                         /R =   1.4576E+03
    64.00 deg.: X-S =    29.544375 mb/sr,
+                                         /R =   1.4860E+03
    65.00 deg.: X-S =    28.419217 mb/sr,
+                                         /R =   1.5107E+03
    66.00 deg.: X-S =    27.240020 mb/sr,
+                                         /R =   1.5287E+03
    67.00 deg.: X-S =    25.989597 mb/sr,
+                                         /R =   1.5383E+03
    68.00 deg.: X-S =    24.684785 mb/sr,
+                                         /R =   1.5395E+03
    69.00 deg.: X-S =    23.368811 mb/sr,
+                                         /R =   1.5341E+03
    70.00 deg.: X-S =    22.095961 mb/sr,
+                                         /R =   1.5254E+03
    71.00 deg.: X-S =    20.913937 mb/sr,
+                                         /R =   1.5169E+03
    72.00 deg.: X-S =    19.849606 mb/sr,
+                                         /R =   1.5112E+03
    73.00 deg.: X-S =    18.902405 mb/sr,
+                                         /R =   1.5092E+03
    74.00 deg.: X-S =    18.046919 mb/sr,
+                                         /R =   1.5099E+03
    75.00 deg.: X-S =    17.243225 mb/sr,
+                                         /R =   1.5104E+03
    76.00 deg.: X-S =    16.451100 mb/sr,
+                                         /R =   1.5075E+03
    77.00 deg.: X-S =    15.643156 mb/sr,
+                                         /R =   1.4984E+03
    78.00 deg.: X-S =    14.812602 mb/sr,
+                                         /R =   1.4819E+03
    79.00 deg.: X-S =    13.973402 mb/sr,
+                                         /R =   1.4589E+03
    80.00 deg.: X-S =    13.153274 mb/sr,
+                                         /R =   1.4322E+03
    81.00 deg.: X-S =    12.382377 mb/sr,
+                                         /R =   1.4050E+03
    82.00 deg.: X-S =    11.681903 mb/sr,
+                                         /R =   1.3803E+03
    83.00 deg.: X-S =    11.056697 mb/sr,
+                                         /R =   1.3595E+03
    84.00 deg.: X-S =    10.494319 mb/sr,
+                                         /R =   1.3418E+03
    85.00 deg.: X-S =     9.970563 mb/sr,
+                                         /R =   1.3248E+03
    86.00 deg.: X-S =     9.459153 mb/sr,
+                                         /R =   1.3052E+03
    87.00 deg.: X-S =     8.941882 mb/sr,
+                                         /R =   1.2805E+03
    88.00 deg.: X-S =     8.415393 mb/sr,
+                                         /R =   1.2498E+03
    89.00 deg.: X-S =     7.892061 mb/sr,
+                                         /R =   1.2149E+03
    90.00 deg.: X-S =     7.394794 mb/sr,
+                                         /R =   1.1791E+03
    91.00 deg.: X-S =     6.947788 mb/sr,
+                                         /R =   1.1468E+03
    92.00 deg.: X-S =     6.566732 mb/sr,
+                                         /R =   1.1214E+03
    93.00 deg.: X-S =     6.252126 mb/sr,
+                                         /R =   1.1040E+03
    94.00 deg.: X-S =     5.988264 mb/sr,
+                                         /R =   1.0927E+03
    95.00 deg.: X-S =     5.748319 mb/sr,
+                                         /R =   1.0833E+03
    96.00 deg.: X-S =     5.503620 mb/sr,
+                                         /R =   1.0706E+03
    97.00 deg.: X-S =     5.233680 mb/sr,
+                                         /R =   1.0503E+03
    98.00 deg.: X-S =     4.933274 mb/sr,
+                                         /R =   1.0208E+03
    99.00 deg.: X-S =     4.613968 mb/sr,
+                                         /R =   9.8389E+02
   100.00 deg.: X-S =     4.299466 mb/sr,
+                                         /R =   9.4433E+02
   101.00 deg.: X-S =     4.016484 mb/sr,
+                                         /R =   9.0816E+02
   102.00 deg.: X-S =     3.784541 mb/sr,
+                                         /R =   8.8047E+02
   103.00 deg.: X-S =     3.608445 mb/sr,
+                                         /R =   8.6335E+02
   104.00 deg.: X-S =     3.476265 mb/sr,
+                                         /R =   8.5494E+02
   105.00 deg.: X-S =     3.363562 mb/sr,
+                                         /R =   8.4988E+02
   106.00 deg.: X-S =     3.242341 mb/sr,
+                                         /R =   8.4129E+02
   107.00 deg.: X-S =     3.091422 mb/sr,
+                                         /R =   8.2331E+02
   108.00 deg.: X-S =     2.904365 mb/sr,
+                                         /R =   7.9355E+02
   109.00 deg.: X-S =     2.691968 mb/sr,
+                                         /R =   7.5423E+02
   110.00 deg.: X-S =     2.478351 mb/sr,
+                                         /R =   7.1173E+02
   111.00 deg.: X-S =     2.291996 mb/sr,
+                                         /R =   6.7434E+02
   112.00 deg.: X-S =     2.155021 mb/sr,
+                                         /R =   6.4929E+02
   113.00 deg.: X-S =     2.074674 mb/sr,
+                                         /R =   6.3984E+02
   114.00 deg.: X-S =     2.040219 mb/sr,
+                                         /R =   6.4377E+02
   115.00 deg.: X-S =     2.026442 mb/sr,
+                                         /R =   6.5395E+02
   116.00 deg.: X-S =     2.002574 mb/sr,
+                                         /R =   6.6064E+02
   117.00 deg.: X-S =     1.943395 mb/sr,
+                                         /R =   6.5511E+02
   118.00 deg.: X-S =     1.838426 mb/sr,
+                                         /R =   6.3300E+02
   119.00 deg.: X-S =     1.695783 mb/sr,
+                                         /R =   5.9613E+02
   120.00 deg.: X-S =     1.539177 mb/sr,
+                                         /R =   5.5221E+02
   121.00 deg.: X-S =     1.399118 mb/sr,
+                                         /R =   5.1207E+02
   122.00 deg.: X-S =     1.301484 mb/sr,
+                                         /R =   4.8574E+02
   123.00 deg.: X-S =     1.257706 mb/sr,
+                                         /R =   4.7848E+02
   124.00 deg.: X-S =     1.260232 mb/sr,
+                                         /R =   4.8852E+02
   125.00 deg.: X-S =     1.285063 mb/sr,
+                                         /R =   5.0738E+02
   126.00 deg.: X-S =     1.300513 mb/sr,
+                                         /R =   5.2279E+02
   127.00 deg.: X-S =     1.279027 mb/sr,
+                                         /R =   5.2328E+02
   128.00 deg.: X-S =     1.207688 mb/sr,
+                                         /R =   5.0267E+02
   129.00 deg.: X-S =     1.093430 mb/sr,
+                                         /R =   4.6285E+02
   130.00 deg.: X-S =     0.960881 mb/sr,
+                                         /R =   4.1349E+02
   131.00 deg.: X-S =     0.843470 mb/sr,
+                                         /R =   3.6885E+02
   132.00 deg.: X-S =     0.770979 mb/sr,
+                                         /R =   3.4250E+02
   133.00 deg.: X-S =     0.758120 mb/sr,
+                                         /R =   3.4200E+02
   134.00 deg.: X-S =     0.798450 mb/sr,
+                                         /R =   3.6563E+02
   135.00 deg.: X-S =     0.866084 mb/sr,
+                                         /R =   4.0245E+02
   136.00 deg.: X-S =     0.924778 mb/sr,
+                                         /R =   4.3591E+02
   137.00 deg.: X-S =     0.941204 mb/sr,
+                                         /R =   4.4987E+02
   138.00 deg.: X-S =     0.897552 mb/sr,
+                                         /R =   4.3487E+02
   139.00 deg.: X-S =     0.798724 mb/sr,
+                                         /R =   3.9214E+02
   140.00 deg.: X-S =     0.671209 mb/sr,
+                                         /R =   3.3381E+02
   141.00 deg.: X-S =     0.553797 mb/sr,
+                                         /R =   2.7889E+02
   142.00 deg.: X-S =     0.483303 mb/sr,
+                                         /R =   2.4637E+02
   143.00 deg.: X-S =     0.480519 mb/sr,
+                                         /R =   2.4787E+02
   144.00 deg.: X-S =     0.541657 mb/sr,
+                                         /R =   2.8265E+02
   145.00 deg.: X-S =     0.638746 mb/sr,
+                                         /R =   3.3705E+02
   146.00 deg.: X-S =     0.729210 mb/sr,
+                                         /R =   3.8898E+02
   147.00 deg.: X-S =     0.771422 mb/sr,
+                                         /R =   4.1585E+02
   148.00 deg.: X-S =     0.740633 mb/sr,
+                                         /R =   4.0333E+02
   149.00 deg.: X-S =     0.639304 mb/sr,
+                                         /R =   3.5159E+02
   150.00 deg.: X-S =     0.497662 mb/sr,
+                                         /R =   2.7631E+02
   151.00 deg.: X-S =     0.363751 mb/sr,
+                                         /R =   2.0383E+02
   152.00 deg.: X-S =     0.286148 mb/sr,
+                                         /R =   1.6177E+02
   153.00 deg.: X-S =     0.295466 mb/sr,
+                                         /R =   1.6847E+02
   154.00 deg.: X-S =     0.391493 mb/sr,
+                                         /R =   2.2507E+02
   155.00 deg.: X-S =     0.541194 mb/sr,
+                                         /R =   3.1360E+02
   156.00 deg.: X-S =     0.688989 mb/sr,
+                                         /R =   4.0227E+02
   157.00 deg.: X-S =     0.776312 mb/sr,
+                                         /R =   4.5656E+02
   158.00 deg.: X-S =     0.763738 mb/sr,
+                                         /R =   4.5230E+02
   159.00 deg.: X-S =     0.647597 mb/sr,
+                                         /R =   3.8607E+02
   160.00 deg.: X-S =     0.464448 mb/sr,
+                                         /R =   2.7863E+02
   161.00 deg.: X-S =     0.280775 mb/sr,
+                                         /R =   1.6946E+02
   162.00 deg.: X-S =     0.170512 mb/sr,
+                                         /R =   1.0350E+02
   163.00 deg.: X-S =     0.187677 mb/sr,
+                                         /R =   1.1453E+02
   164.00 deg.: X-S =     0.343793 mb/sr,
+                                         /R =   2.1086E+02
   165.00 deg.: X-S =     0.598872 mb/sr,
+                                         /R =   3.6906E+02
   166.00 deg.: X-S =     0.870617 mb/sr,
+                                         /R =   5.3892E+02
   167.00 deg.: X-S =     1.060452 mb/sr,
+                                         /R =   6.5914E+02
   168.00 deg.: X-S =     1.088875 mb/sr,
+                                         /R =   6.7940E+02
   169.00 deg.: X-S =     0.928680 mb/sr,
+                                         /R =   5.8149E+02
   170.00 deg.: X-S =     0.624255 mb/sr,
+                                         /R =   3.9213E+02
   171.00 deg.: X-S =     0.288792 mb/sr,
+                                         /R =   1.8193E+02
   172.00 deg.: X-S =     0.077923 mb/sr,
+                                         /R =   4.9218E+01
   173.00 deg.: X-S =     0.145906 mb/sr,
+                                         /R =   9.2368E+01
   174.00 deg.: X-S =     0.596688 mb/sr,
+                                         /R =   3.7849E+02
   175.00 deg.: X-S =     1.444738 mb/sr,
+                                         /R =   9.1797E+02
   176.00 deg.: X-S =     2.598540 mb/sr,
+                                         /R =   1.6533E+03
   177.00 deg.: X-S =     3.873412 mb/sr,
+                                         /R =   2.4671E+03
   178.00 deg.: X-S =     5.031792 mb/sr,
+                                         /R =   3.2074E+03
   179.00 deg.: X-S =     5.840754 mb/sr,
+                                         /R =   3.7247E+03
   179.99 deg.: X-S =     6.130984 mb/sr,
+                                         /R =   3.9104E+03
                                           Integrated********** mb, over [   0.000, 180.000] at   230.0000 MeV 

 CROSS SECTIONS FOR OUTGOING n        & 7Be      in state #   1 with spins & parities 0.5  + &  1.5  -;  0

     0.00 deg.: X-S =   2.9289E+09 mb/sr,
+                                         REAC   5.6464E+09 mb
     1.00 deg.: X-S =   3.7466E+09 mb/sr,
     2.00 deg.: X-S =   3.7373E+09 mb/sr,
     3.00 deg.: X-S =   1.8466E+09 mb/sr,
     4.00 deg.: X-S =   1.1448E+09 mb/sr,
     5.00 deg.: X-S =   1.5043E+09 mb/sr,
     6.00 deg.: X-S =   1.0871E+09 mb/sr,
     7.00 deg.: X-S =   9.5779E+08 mb/sr,
     8.00 deg.: X-S =   1.2048E+09 mb/sr,
     9.00 deg.: X-S =   9.4392E+08 mb/sr,
    10.00 deg.: X-S =   9.6925E+08 mb/sr,
    11.00 deg.: X-S =   1.1240E+09 mb/sr,
    12.00 deg.: X-S =   9.2918E+08 mb/sr,
    13.00 deg.: X-S =   1.0213E+09 mb/sr,
    14.00 deg.: X-S =   1.0914E+09 mb/sr,
    15.00 deg.: X-S =   9.5481E+08 mb/sr,
    16.00 deg.: X-S =   1.0645E+09 mb/sr,
    17.00 deg.: X-S =   1.0664E+09 mb/sr,
    18.00 deg.: X-S =   9.8842E+08 mb/sr,
    19.00 deg.: X-S =   1.0784E+09 mb/sr,
    20.00 deg.: X-S =   1.0389E+09 mb/sr,
    21.00 deg.: X-S =   1.0107E+09 mb/sr,
    22.00 deg.: X-S =   1.0568E+09 mb/sr,
    23.00 deg.: X-S =   1.0060E+09 mb/sr,
    24.00 deg.: X-S =   1.0069E+09 mb/sr,
    25.00 deg.: X-S =   1.0012E+09 mb/sr,
    26.00 deg.: X-S =   9.6494E+08 mb/sr,
    27.00 deg.: X-S =   9.6663E+08 mb/sr,
    28.00 deg.: X-S =   9.1881E+08 mb/sr,
    29.00 deg.: X-S =   9.1062E+08 mb/sr,
    30.00 deg.: X-S =   8.8525E+08 mb/sr,
    31.00 deg.: X-S =   8.1979E+08 mb/sr,
    32.00 deg.: X-S =   8.3548E+08 mb/sr,
    33.00 deg.: X-S =   7.6709E+08 mb/sr,
    34.00 deg.: X-S =   7.1347E+08 mb/sr,
    35.00 deg.: X-S =   7.3284E+08 mb/sr,
    36.00 deg.: X-S =   6.2574E+08 mb/sr,
    37.00 deg.: X-S =   6.0470E+08 mb/sr,
    38.00 deg.: X-S =   6.0223E+08 mb/sr,
    39.00 deg.: X-S =   4.8006E+08 mb/sr,
    40.00 deg.: X-S =   4.9312E+08 mb/sr,
    41.00 deg.: X-S =   4.5341E+08 mb/sr,
    42.00 deg.: X-S =   3.4681E+08 mb/sr,
    43.00 deg.: X-S =   3.7727E+08 mb/sr,
    44.00 deg.: X-S =   3.0519E+08 mb/sr,
    45.00 deg.: X-S =   2.3488E+08 mb/sr,
    46.00 deg.: X-S =   2.6084E+08 mb/sr,
    47.00 deg.: X-S =   1.7824E+08 mb/sr,
    48.00 deg.: X-S =   1.4561E+08 mb/sr,
    49.00 deg.: X-S =   1.5544E+08 mb/sr,
    50.00 deg.: X-S =   8.6603E+07 mb/sr,
    51.00 deg.: X-S =   7.8394E+07 mb/sr,
    52.00 deg.: X-S =   7.6490E+07 mb/sr,
    53.00 deg.: X-S =   3.4152E+07 mb/sr,
    54.00 deg.: X-S =   3.5856E+07 mb/sr,
    55.00 deg.: X-S =   3.5206E+07 mb/sr,
    56.00 deg.: X-S =   1.7788E+07 mb/sr,
    57.00 deg.: X-S =   2.3352E+07 mb/sr,
    58.00 deg.: X-S =   3.3264E+07 mb/sr,
    59.00 deg.: X-S =   3.3242E+07 mb/sr,
    60.00 deg.: X-S =   4.3521E+07 mb/sr,
    61.00 deg.: X-S =   6.4419E+07 mb/sr,
    62.00 deg.: X-S =   7.7508E+07 mb/sr,
    63.00 deg.: X-S =   9.1781E+07 mb/sr,
    64.00 deg.: X-S =   1.2052E+08 mb/sr,
    65.00 deg.: X-S =   1.4632E+08 mb/sr,
    66.00 deg.: X-S =   1.5765E+08 mb/sr,
    67.00 deg.: X-S =   1.9577E+08 mb/sr,
    68.00 deg.: X-S =   2.3070E+08 mb/sr,
    69.00 deg.: X-S =   2.3071E+08 mb/sr,
    70.00 deg.: X-S =   2.8572E+08 mb/sr,
    71.00 deg.: X-S =   3.1742E+08 mb/sr,
    72.00 deg.: X-S =   3.0561E+08 mb/sr,
    73.00 deg.: X-S =   3.8328E+08 mb/sr,
    74.00 deg.: X-S =   3.9387E+08 mb/sr,
    75.00 deg.: X-S =   3.8158E+08 mb/sr,
    76.00 deg.: X-S =   4.7669E+08 mb/sr,
    77.00 deg.: X-S =   4.5324E+08 mb/sr,
    78.00 deg.: X-S =   4.5755E+08 mb/sr,
    79.00 deg.: X-S =   5.5216E+08 mb/sr,
    80.00 deg.: X-S =   4.9571E+08 mb/sr,
    81.00 deg.: X-S =   5.2752E+08 mb/sr,
    82.00 deg.: X-S =   5.9933E+08 mb/sr,
    83.00 deg.: X-S =   5.2458E+08 mb/sr,
    84.00 deg.: X-S =   5.8071E+08 mb/sr,
    85.00 deg.: X-S =   6.1529E+08 mb/sr,
    86.00 deg.: X-S =   5.4112E+08 mb/sr,
    87.00 deg.: X-S =   6.0649E+08 mb/sr,
    88.00 deg.: X-S =   6.0407E+08 mb/sr,
    89.00 deg.: X-S =   5.4228E+08 mb/sr,
    90.00 deg.: X-S =   6.0040E+08 mb/sr,
    91.00 deg.: X-S =   5.7241E+08 mb/sr,
    92.00 deg.: X-S =   5.2354E+08 mb/sr,
    93.00 deg.: X-S =   5.6633E+08 mb/sr,
    94.00 deg.: X-S =   5.2575E+08 mb/sr,
    95.00 deg.: X-S =   4.8387E+08 mb/sr,
    96.00 deg.: X-S =   5.1366E+08 mb/sr,
    97.00 deg.: X-S =   4.6760E+08 mb/sr,
    98.00 deg.: X-S =   4.2848E+08 mb/sr,
    99.00 deg.: X-S =   4.5232E+08 mb/sr,
   100.00 deg.: X-S =   4.0188E+08 mb/sr,
   101.00 deg.: X-S =   3.6696E+08 mb/sr,
   102.00 deg.: X-S =   3.8987E+08 mb/sr,
   103.00 deg.: X-S =   3.3474E+08 mb/sr,
   104.00 deg.: X-S =   3.0890E+08 mb/sr,
   105.00 deg.: X-S =   3.3170E+08 mb/sr,
   106.00 deg.: X-S =   2.7383E+08 mb/sr,
   107.00 deg.: X-S =   2.6094E+08 mb/sr,
   108.00 deg.: X-S =   2.8254E+08 mb/sr,
   109.00 deg.: X-S =   2.2581E+08 mb/sr,
   110.00 deg.: X-S =   2.2668E+08 mb/sr,
   111.00 deg.: X-S =   2.4696E+08 mb/sr,
   112.00 deg.: X-S =   1.9469E+08 mb/sr,
   113.00 deg.: X-S =   2.0823E+08 mb/sr,
   114.00 deg.: X-S =   2.2875E+08 mb/sr,
   115.00 deg.: X-S =   1.8188E+08 mb/sr,
   116.00 deg.: X-S =   2.0745E+08 mb/sr,
   117.00 deg.: X-S =   2.3007E+08 mb/sr,
   118.00 deg.: X-S =   1.8727E+08 mb/sr,
   119.00 deg.: X-S =   2.2600E+08 mb/sr,
   120.00 deg.: X-S =   2.5107E+08 mb/sr,
   121.00 deg.: X-S =   2.0985E+08 mb/sr,
   122.00 deg.: X-S =   2.6488E+08 mb/sr,
   123.00 deg.: X-S =   2.8960E+08 mb/sr,
   124.00 deg.: X-S =   2.4815E+08 mb/sr,
   125.00 deg.: X-S =   3.2371E+08 mb/sr,
   126.00 deg.: X-S =   3.4107E+08 mb/sr,
   127.00 deg.: X-S =   3.0073E+08 mb/sr,
   128.00 deg.: X-S =   3.9979E+08 mb/sr,
   129.00 deg.: X-S =   3.9921E+08 mb/sr,
   130.00 deg.: X-S =   3.6669E+08 mb/sr,
   131.00 deg.: X-S =   4.8752E+08 mb/sr,
   132.00 deg.: X-S =   4.5813E+08 mb/sr,
   133.00 deg.: X-S =   4.4563E+08 mb/sr,
   134.00 deg.: X-S =   5.7877E+08 mb/sr,
   135.00 deg.: X-S =   5.1470E+08 mb/sr,
   136.00 deg.: X-S =   5.3665E+08 mb/sr,
   137.00 deg.: X-S =   6.6466E+08 mb/sr,
   138.00 deg.: X-S =   5.6975E+08 mb/sr,
   139.00 deg.: X-S =   6.3689E+08 mb/sr,
   140.00 deg.: X-S =   7.3775E+08 mb/sr,
   141.00 deg.: X-S =   6.2709E+08 mb/sr,
   142.00 deg.: X-S =   7.4018E+08 mb/sr,
   143.00 deg.: X-S =   7.9349E+08 mb/sr,
   144.00 deg.: X-S =   6.9043E+08 mb/sr,
   145.00 deg.: X-S =   8.3628E+08 mb/sr,
   146.00 deg.: X-S =   8.3053E+08 mb/sr,
   147.00 deg.: X-S =   7.5960E+08 mb/sr,
   148.00 deg.: X-S =   9.1161E+08 mb/sr,
   149.00 deg.: X-S =   8.5013E+08 mb/sr,
   150.00 deg.: X-S =   8.2732E+08 mb/sr,
   151.00 deg.: X-S =   9.5224E+08 mb/sr,
   152.00 deg.: X-S =   8.5466E+08 mb/sr,
   153.00 deg.: X-S =   8.7868E+08 mb/sr,
   154.00 deg.: X-S =   9.4897E+08 mb/sr,
   155.00 deg.: X-S =   8.4522E+08 mb/sr,
   156.00 deg.: X-S =   8.9498E+08 mb/sr,
   157.00 deg.: X-S =   9.0184E+08 mb/sr,
   158.00 deg.: X-S =   8.1913E+08 mb/sr,
   159.00 deg.: X-S =   8.6154E+08 mb/sr,
   160.00 deg.: X-S =   8.2090E+08 mb/sr,
   161.00 deg.: X-S =   7.6937E+08 mb/sr,
   162.00 deg.: X-S =   7.7609E+08 mb/sr,
   163.00 deg.: X-S =   7.2132E+08 mb/sr,
   164.00 deg.: X-S =   6.8779E+08 mb/sr,
   165.00 deg.: X-S =   6.5243E+08 mb/sr,
   166.00 deg.: X-S =   6.1534E+08 mb/sr,
   167.00 deg.: X-S =   5.7166E+08 mb/sr,
   168.00 deg.: X-S =   5.1560E+08 mb/sr,
   169.00 deg.: X-S =   5.0660E+08 mb/sr,
   170.00 deg.: X-S =   4.2964E+08 mb/sr,
   171.00 deg.: X-S =   3.8987E+08 mb/sr,
   172.00 deg.: X-S =   3.9214E+08 mb/sr,
   173.00 deg.: X-S =   2.8166E+08 mb/sr,
   174.00 deg.: X-S =   2.8844E+08 mb/sr,
   175.00 deg.: X-S =   2.7455E+08 mb/sr,
   176.00 deg.: X-S =   1.5085E+08 mb/sr,
   177.00 deg.: X-S =   2.2928E+08 mb/sr,
   178.00 deg.: X-S =   2.4067E+08 mb/sr,
   179.00 deg.: X-S =   7.6567E+07 mb/sr,
   180.00 deg.: X-S =   9.5114E+06 mb/sr,
                                           Integrated********** mb, over [   0.000, 180.000] at   230.0000 MeV 
 Finished all xsecs @    2.18750000    

  The following files have been created:
   3:local copy of User input.            6:standard output.                   
   7:elastic  S-matrix elements.         12:transfer kernels.                  
  13:total cross sections/state.         16:tables of cross sections.          
  35:Astrophysics S-factors  / Ecm.      38:cross sections for each J/pi.      
  39:cross sections for each Ecm.        40:all cross sectns. for each Elab.   
  45:scat phase shift as E functions.    46:bs wave functions & ANC ratios.    
  56:Fusion for each Jtotal.             75:S-factors for lab energies.        
 201:Separate cross sections.           202:Separate cross sections.           

 PARAMETERS : MAXQRN   MFNL   MLOC  LMAX1 MCLIST
    ALLOWED :      4     25     10    100      6
    REQUIRED:      1      4     10     82      3


 ACCURACY ANALYSIS at   230.000 MeV :

  Elastic h*k = 0.166 so OK       compared with 0.200

   Real(S-el) > 0.01 first at J =       1.0
   Real(S-el) > 0.10 first at J =       1.0
   Real(S-el) > 0.50 first at J =      19.0
   Real(S-el) > 0.90 first at J =      21.0
   Real(S-el) > 0.99 first at J =      24.0
   R-turn =    24.29 fm    at J =      80.0

 Forward-angle excitation cut off below   0.118 deg by max JT =      80.0
                              and below   0.096 deg by max R.


 1: Recommended RNL: non-local width >  12.20 cf:  30.00 fm: OK      
    Recommended CENTRE: centration   ~   1.20 cf:   0.00 fm

 Total CPU  0 time =       2.20 seconds
