 FRESCO - FRES 3.4: Coupled Reaction Channels
 Assuming NAMELIST input.

 4He(4He,n)7Be  E=345 MeV  Q=-18.990  [he4_he4_n_be7]                            

   0.050  30.000   0.250   0.100  30.000   0.000   0.000   0.000   0.000   0.000

 Centre-of-mass Range is    602 * 0.0500 fm., Maximum at  30.00 fm., Interpolating NL forms every  0.25 fm.
 Non - locality width is    301 * 0.1000 fm., Maximum of  30.00 fm., Centred at  0.00 fm.
 2-Nucleon Separation of      0 * 0.2500 fm., Maximum of   0.00 fm., Minimum at  0.00 fm.
 Maximum single particle bins of 30.0000 fm.
               M,Mint =          601         601


 Range of total J is     0.0 <= J <=    80.0 (at least     0.0) and Absorbtion =>    -1.0000 mb.
 Dry Run = F, CC set limits =  0  0, Relativistic kinematics = a, Both/Far/Near Analyses =  1                     

 Cross Sections (and up to T0 for 0=projectile) for Theta from   0.0 to 180.0 in steps of  1.0 degrees, DGAM=0,  Coordinates = 0 (Mads)

 Lower Radial Cutoff = maximum of  3.00*L*h &       0.0 fm.,  Lower Cutoff for Couplings =   0.0  fm.


 Iterate Couplings between   1 and   1 times, to  0.000 % if sooner.                                          
  Block solved exactly =   0 chs., with Pade = 0 & Isocen =  =0, NOSOL = F, initwf =  0
  NL quadrature with   18 Gaussian points, Calculate multipoles up to    86 from   0
  M-transfers for lp+lt greater than or equal to  6, Angular Integration Cutoff below  2.7778 %


 Trace switches are :  CHANS =  1, LISTCC =  0, TRENEG =  0, CDETR =  0, SMATS =  2, XSTABL =  1, NLPL =  0

                       WAVES =  0, LAMPL =  0, VEFF =  0, KFUS =  0, WDISK =  0, BPM =  0, MELFIL =  0

                       CDCC =  0, NFUS =  0

 Using unit mass = 1.000000 amu and 1/fine-structure constant = 137.03599 ( 1.000000 * true ) with hc = 197.32705 MeV.fm,
  thus 2*amu/hbar^2 = 0.0478450 = 1/20.9008 and Coulomb constant = 0.1574855 so e^2 = 1.43997, and nuclear magneton= 0.1261183

 Now pre-scan input and save to file 3



 *********** PARTITION NUMBER  1 ******************************************************************************************

   PROJ=4He        MASS=  4.0000 Z=   2.0,        # STATES=    1T, TARG=4He      MASS=  4.0000 Z=   2.0,     Q-VALUE =   0.0000 MEV.

     1:  J= 0.0+ (B# 1), E=  0.0000, K= 0.0              Potl#  1       J= 0.0+ (B# 1), E=  0.0000, K= 0.0    


 *********** PARTITION NUMBER  2 ******************************************************************************************

   PROJ=n          MASS=  1.0000 Z=   0.0,        # STATES=    1T, TARG=7Be      MASS=  7.0000 Z=   4.0,     Q-VALUE = -18.9900 MEV.

     1:  J= 0.5+ (B# 1), E=  0.0000, K= 0.5              Potl#  2       J= 1.5- (B#-1), E=  0.0000, K= 0.5    
0****** WARNING : COMPARED WITH PARTITION  1, THIS PARTITION HAS TOTAL MASS & CHARGE EXCESSES  -0.02039 &   0.0000


 ************************************************************************************************************************************

 The following POTENTIALS are defined :

  KP#       TYPE      IT    SHAPE      at     V1        r1        a1        V2        r2        a2        A-in     A-used


                                            A#1       A#2        r0c       ac                                                h @ 1
    1    0=Coulomb       0=CHARGE (WS)  1     4.000     4.000    1.4000    0.0000    0.0000    0.0000     0.000    32.000   0.05000

    1    1=Volume        0=Woods-Saxon  2  120.0000    1.4000    0.5500   15.0000    1.4000    0.5500     0.000    32.000
   --------------------------------------------------------------------------------------------------------------------

                                            A#1       A#2        r0c       ac                                                h @ 2
    2    0=Coulomb       0=CHARGE (WS)  3     1.000     7.000    0.0000    0.0000    0.0000    0.0000     0.000    24.717   0.05000

    2    1=Volume        0=Woods-Saxon  4   48.0000    1.2000    0.6500    0.0000    1.2000    0.6500     0.000    24.717

    2    2=Surface       0=Woods-Saxon  5    0.0000    0.0000    0.0000    6.0000    1.3000    0.5000     0.000    24.717

    2    3=Projtl S.O.   0=Woods-Saxon  6    5.5000    1.0000    0.5000    0.0000    0.0000    0.0000     0.000    24.717
   --------------------------------------------------------------------------------------------------------------------

    3    1=Volume        0=Woods-Saxon  7   50.0000    1.2500    0.6500    0.0000    0.0000    0.0000     0.000    24.717

    3    3=Projtl S.O.   0=Woods-Saxon  8    6.0000    1.2500    0.6500    0.0000    0.0000    0.0000     0.000    24.717
   --------------------------------------------------------------------------------------------------------------------

    4    1=Volume        0=Woods-Saxon  9   50.0000    1.2500    0.6500    0.0000    0.0000    0.0000     0.000    24.717

    4    3=Projtl S.O.   0=Woods-Saxon 10    6.0000    1.2500    0.6500    0.0000    0.0000    0.0000     0.000    24.717


 ************************************************************************************************************************************

 The following SINGLE-PARTICLE FORM FACTORS are constructed :


 No.   P1 P2 IN KIND T N  L  S1 IA J/S  IB BIND XFER  BE    SC PC FIL AFRAC Adjust  to  Z  Mass   K     Norm    rms      D0     D   ANC/Gsp

    1:  2  1  1  0     1  0 0.5  1 0.5   0   3   0  20.5780  1  0  0 0.0000 VR  0.7477; 2. 3.000 0.8593 1.0000  2.579 -439.6-1093.5 11.0687

    2:  1  2  2  0     2  1 0.5  1 1.5   0   4   0   1.5870  1  0  0 0.0000 VR  0.7022; 2. 3.000 0.3608 1.0000  4.679   92.7  150.1-16.0626

 ************************************************************************************************************************************

 TWO-way COUPLING # 1 for partitions  2 <-  1 of KIND  7,   0 -1  5 -1 -1 & P1,P2 =    0.0000   0.0000 : for J <=    80.5 & R <  29.8 fm.


 data =  1  1  1  1  1.0000,  so  < [4He      #  1] / [n        #  1]  * Eigen-form #  1>  =   1.0000            BE = 20.578     1

 data =  2  1  1  2  1.0000,  so  < [7Be      #  1] / [4He      #  1]  * Eigen-form #  2>  =   1.0000            BE =  1.587     2
 KNT =   2, KNP =   1: NK,NG,loc=   1   1   1  11  T  T  F

     So FINITE-RANGE TRANSFER : IP1 = 0 (POST    ), IP2=-1 =COMPLEX     ,  for   1 pairs of bound states summed into   1 pairs
      The main coupling potential is that binding the transferred particle to the n        core.

          Using between n        & 4He      the potential No.   5, and subtracting optical potential No.  2

   A real*8 is            8  bytes
   NLL,NLN,NLO =         120         121         301
0File   9 needs RL =   72240    REAL*8 numbers, and NR =    88. i.e.    50.86 Megabytes
   File            9  RECL =      577920
0RECOMMENDED NON-LOCAL WIDTH IS GREATER THAN   12.20 FM.,  RECOMMENDED CENTRATION   1.20, after    0.48 secs.
0Relative non-local usages (rms) are
    0.000   0.000   0.000   0.000   0.000   0.000   0.000   0.000   0.000   0.000   0.000   0.000   0.000   0.000   0.000
    0.000   0.000   0.000   0.000   0.000   0.000   0.000   0.000   0.000   0.000   0.000   0.000   0.000   0.000   0.000
    0.000   0.000   0.000   0.000   0.000   0.000   0.000   0.000   0.000   0.000   0.000   0.000   0.000   0.000   0.000
    0.000   0.000   0.000   0.000   0.000   0.000   0.000   0.000   0.000   0.000   0.000   0.000   0.000   0.000   0.000
    0.000   0.000   0.000   0.000   0.000   0.000   0.000   0.000   0.000   0.000   0.000   0.000   0.000   0.000   0.000
    0.000   0.000   0.000   0.000   0.000   0.000   0.001   0.001   0.001   0.002   0.003   0.005   0.006   0.009   0.012
    0.014   0.022   0.028   0.039   0.052   0.063   0.096   0.120   0.167   0.223   0.266   0.398   0.493   0.674   0.885
    1.047   1.517   1.856   2.444   3.128   3.647   4.953   5.909   7.336   8.967  10.197  12.757  14.660  17.125  19.854
   21.876  25.543  28.263  31.490  34.978  37.503  41.815  44.994  48.622  52.516  55.287  59.928  63.315  67.084  71.071
   73.831  78.314  81.483  84.794  88.183  90.288  93.587  95.594  97.383  98.939  99.288 100.000  99.516  98.196  96.260
   93.695  90.783  87.201  82.652  77.504  71.954  66.183  60.433  54.899  49.518  44.395  39.665  35.425  31.793  28.839
   26.591  25.018  24.020  23.451  23.146  22.970  22.812  22.596  22.277  21.831  21.257  20.563  19.764  18.882  17.939
   16.955  15.951  14.944  13.950  12.979  12.042  11.144  10.292   9.486   8.729   8.021   7.361   6.747   6.177   5.650
    5.163   4.713   4.299   3.917   3.566   3.243   2.947   2.675   2.426   2.198   1.989   1.798   1.624   1.465   1.321
    1.189   1.070   0.961   0.863   0.774   0.694   0.621   0.556   0.497   0.444   0.396   0.353   0.315   0.280   0.250
    0.222   0.198   0.176   0.156   0.139   0.123   0.109   0.097   0.086   0.076   0.068   0.060   0.053   0.047   0.042
    0.037   0.033   0.029   0.026   0.023   0.020   0.018   0.016   0.014   0.012   0.011   0.010   0.009   0.008   0.007
    0.006   0.005   0.005   0.004   0.004   0.003   0.003   0.003   0.002   0.002   0.002   0.002   0.001   0.001   0.001
    0.001   0.001   0.001   0.001   0.001   0.001   0.000   0.000   0.000   0.000   0.000   0.000   0.000   0.000   0.000
    0.000   0.000   0.000   0.000   0.000   0.000   0.000   0.000   0.000   0.000   0.000   0.000   0.000   0.000   0.000
    0.000

 Incoming partition  1 in excitation state # 1,   Laboratory Energy given for partition  1 Nucleus 1 in Excitation pair 1

0Lab. ENERGY ranges :

   from    345.000     to   0.00000     in     0 intervals
   from    0.00000     to   0.00000     in     0 intervals
   from    0.00000     to   0.00000     in     0 intervals

 Largest real,imaginary parts of any form factor at R=   29.50 are   4.88E-02  2.46E-19 MeV
 Finished all Couplings @   0.515625000              10

 Symmetric Hamiltonian
1***********************************************************************************************************************************
************************************************************************************************************************************

        INCOMING 4He      ;    LABORATORY 4He      ENERGY =   345.00     MeV.

 ***********************************************************************************************************************************
 ***********************************************************************************************************************************


 Accuracy analysis at   345.000 MeV in ch.  1:  Elastic h*k = 0.203 so NOT OK   compared with 0.200


  NOTE: Coulomb excitation cut off below   0.097 deg by JTMAX, and below   0.064 deg by Rmax

 Allocate arrays for            2  channels, of which            2  need wfs.

 ######################################################################################################################
 #                                                                                                                    #
 # Total SPIN and PARITY =     0.0 +,      2 channels,    0 in 1st block.  Rmin & Coul turning =    0.0    0.0 fm.  #
 #                                                                                                                    #
 ######################################################################################################################



    C Projectl Target   #   EX.   (L  Proj) J  + Targ = Jtotal     E-cm      Re K     Re Eta     RM*K            CH
    1 4He      4He      #    1: I   0 0.0    0.0  0.0     0.0   172.50000   4.06282   0.06783  121.8847  -0.43363  -0.24920 1 1 1   1
    2 n        7Be      #    1:     1 0.5    1.5  1.5     0.0   161.31986   2.59876   0.00000   77.9628  -0.42256   0.26737 2 1 2   1
   S-matrix    1 =    0.14673  -0.24743 for L=    0, J=    0.0 channel on core I =   0.0 from L=    0,  Acc. loss =  0.0 D.
 Elastic phase shift   1 =  -29.666  35.694 deg. for the L =    0, J =    0.0 channel.
       0.0  0.14672727 -0.24743064i: elastic S-matrix  @@      0.02  0   0 F  0
 Reaction Xsec     0.0+/ 0 @ 1 =   1.746 , Out:   0.000#   0.009#   1.746f

 Allocate arrays for            4  channels, of which            4  need wfs.

 Total SPIN, PARITY =     1.0 -,      4 chs,      0 cc.  Rmin & Coul turning =    0.2    0.4
   S-matrix    1 =    0.08298  -0.27784 for L=    1, J=    1.0 channel on core I =   0.0 from L=    1,  Acc. loss =  0.0 D.
 Elastic phase shift   1 =  -36.686  35.466 deg. for the L =    1, J =    1.0 channel.
       1.0  0.08297844 -0.27784208i: elastic S-matrix  @@      0.02  0   0 F  0
 Reaction Xsec     1.0-/ 1 @ 1 =   5.230 , Out:   0.000#   0.001#   5.230f

 Allocate arrays for            5  channels, of which            5  need wfs.

 Total SPIN, PARITY =     2.0 +,      5 chs,      0 cc.  Rmin & Coul turning =    0.3    0.6
   S-matrix    1 =    0.04134  -0.29002 for L=    2, J=    2.0 channel on core I =   0.0 from L=    2,  Acc. loss =  0.0 D.
 Elastic phase shift   1 =  -40.944  35.172 deg. for the L =    2, J =    2.0 channel.
       2.0  0.04134214 -0.29002033i: elastic S-matrix  @@      0.03  0   0 F  0
 Reaction Xsec     2.0+/ 2 @ 1 =   8.700 , Out:   0.000#   0.001#   8.700f


 Total SPIN, PARITY =     3.0 -,      5 chs,      0 cc.  Rmin & Coul turning =    0.5    0.9
   S-matrix    1 =    0.00637  -0.29569 for L=    3, J=    3.0 channel on core I =   0.0 from L=    3,  Acc. loss =  0.0 D.
 Elastic phase shift   1 =  -44.383  34.899 deg. for the L =    3, J =    3.0 channel.
       3.0  0.00636934 -0.29569177i: elastic S-matrix  @@      0.02  0   0 F  0
 Reaction Xsec     3.0-/ 3 @ 1 =  12.157 , Out:   0.000#   0.003#  12.157f


 Total SPIN, PARITY =     4.0 +,      5 chs,      0 cc.  Rmin & Coul turning =    0.6    1.1
   S-matrix    1 =   -0.03174  -0.29705 for L=    4, J=    4.0 channel on core I =   0.0 from L=    4,  Acc. loss =  0.0 D.
 Elastic phase shift   1 =  -48.049  34.612 deg. for the L =    4, J =    4.0 channel.
       4.0 -0.03173553 -0.29705156i: elastic S-matrix  @@      0.03  0   0 F  0
 Reaction Xsec     4.0+/ 4 @ 1 =  15.600 , Out:   0.000#   0.003#  15.600f


 Total SPIN, PARITY =     5.0 -,      5 chs,      0 cc.  Rmin & Coul turning =    0.8    1.4
   S-matrix    1 =   -0.07595  -0.29236 for L=    5, J=    5.0 channel on core I =   0.0 from L=    5,  Acc. loss =  0.0 D.
 Elastic phase shift   1 =  -52.282  34.295 deg. for the L =    5, J =    5.0 channel.
       5.0 -0.07595347 -0.29235897i: elastic S-matrix  @@      0.02  0   0 F  0
 Reaction Xsec     5.0-/ 5 @ 1 =  19.025 , Out:   0.000#   0.009#  19.025f


 Total SPIN, PARITY =     6.0 +,      5 chs,      0 cc.  Rmin & Coul turning =    0.9    1.6
   S-matrix    1 =   -0.12677  -0.27839 for L=    6, J=    6.0 channel on core I =   0.0 from L=    6,  Acc. loss =  0.0 D.
 Elastic phase shift   1 =  -57.242  33.934 deg. for the L =    6, J =    6.0 channel.
       6.0 -0.12676977 -0.27838541i: elastic S-matrix  @@      0.03  0   0 F  0
 Reaction Xsec     6.0+/ 6 @ 1 =  22.427 , Out:   0.000#   0.005#  22.427f


 Total SPIN, PARITY =     7.0 -,      5 chs,      0 cc.  Rmin & Coul turning =    1.1    1.9
   S-matrix    1 =   -0.18265  -0.25086 for L=    7, J=    7.0 channel on core I =   0.0 from L=    7,  Acc. loss =  0.0 D.
 Elastic phase shift   1 =  -63.029  33.524 deg. for the L =    7, J =    7.0 channel.
       7.0 -0.18265105 -0.25085524i: elastic S-matrix  @@      0.02  0   0 F  0
 Reaction Xsec     7.0-/ 7 @ 1 =  25.800 , Out:   0.000#   0.125#  25.800f


 Total SPIN, PARITY =     8.0 +,      5 chs,      0 cc.  Rmin & Coul turning =    1.2    2.1
   S-matrix    1 =   -0.23973  -0.20499 for L=    8, J=    8.0 channel on core I =   0.0 from L=    8,  Acc. loss =  0.0 D.
 Elastic phase shift   1 =  -69.733  33.056 deg. for the L =    8, J =    8.0 channel.
       8.0 -0.23972636 -0.20498777i: elastic S-matrix  @@      0.02  0   0 F  0
 Reaction Xsec     8.0+/ 8 @ 1 =  29.136 , Out:   0.000#   0.453#  29.136f


 Total SPIN, PARITY =     9.0 -,      5 chs,      0 cc.  Rmin & Coul turning =    1.4    2.4
   S-matrix    1 =   -0.29091  -0.13648 for L=    9, J=    9.0 channel on core I =   0.0 from L=    9,  Acc. loss =  0.0 D.
 Elastic phase shift   1 =  -77.433  32.524 deg. for the L =    9, J =    9.0 channel.
       9.0 -0.29090581 -0.13647802i: elastic S-matrix  @@      0.03  0   0 F  0
 Reaction Xsec     9.0-/ 9 @ 1 =  32.428 , Out:   0.000#   1.823#  32.428f


 Total SPIN, PARITY =    10.0 +,      5 chs,      0 cc.  Rmin & Coul turning =    1.5    2.6
   S-matrix    1 =   -0.32524  -0.04309 for L=   10, J=   10.0 channel on core I =   0.0 from L=   10,  Acc. loss =  0.0 D.
 Elastic phase shift   1 =  -86.227  31.928 deg. for the L =   10, J =   10.0 channel.
      10.0 -0.32524441 -0.04308641i: elastic S-matrix  @@      0.02  0   0 F  0
 Reaction Xsec    10.0+/10 @ 1 =  35.666 , Out:   0.000#   3.124#  35.666f


 Total SPIN, PARITY =    11.0 -,      5 chs,      0 cc.  Rmin & Coul turning =    1.7    2.8
   S-matrix    1 =   -0.32796   0.07242 for L=   11, J=   11.0 channel on core I =   0.0 from L=   11,  Acc. loss =  0.0 D.
 Elastic phase shift   1 =   83.774  31.257 deg. for the L =   11, J =   11.0 channel.
      11.0 -0.32795536  0.07241553i: elastic S-matrix  @@      0.03  0   0 F  0
 Reaction Xsec    11.0-/11 @ 1 =  38.837 , Out:   0.000#   5.922#  38.837f


 Total SPIN, PARITY =    12.0 +,      5 chs,      0 cc.  Rmin & Coul turning =    1.8    3.1
   S-matrix    1 =   -0.28196   0.19826 for L=   12, J=   12.0 channel on core I =   0.0 from L=   12,  Acc. loss =  0.0 D.
 Elastic phase shift   1 =   72.444  30.514 deg. for the L =   12, J =   12.0 channel.
      12.0 -0.28195915  0.19825999i: elastic S-matrix  @@      0.03  0   0 F  0
 Reaction Xsec    12.0+/12 @ 1 =  41.928 , Out:   0.000#   8.845#  41.928f


 Total SPIN, PARITY =    13.0 -,      5 chs,      0 cc.  Rmin & Coul turning =    2.0    3.3
   S-matrix    1 =   -0.17305   0.30959 for L=   13, J=   13.0 channel on core I =   0.0 from L=   13,  Acc. loss =  0.0 D.
 Elastic phase shift   1 =   59.602  29.695 deg. for the L =   13, J =   13.0 channel.
      13.0 -0.17305009  0.30959208i: elastic S-matrix  @@      0.05  0   0 F  0
 Reaction Xsec    13.0-/13 @ 1 =  44.923 , Out:   0.000#   4.092#  44.923f


 Total SPIN, PARITY =    14.0 +,      5 chs,      0 cc.  Rmin & Coul turning =    2.1    3.6
   S-matrix    1 =   -0.00070   0.36620 for L=   14, J=   14.0 channel on core I =   0.0 from L=   14,  Acc. loss =  0.0 D.
 Elastic phase shift   1 =   45.055  28.779 deg. for the L =   14, J =   14.0 channel.
      14.0 -0.00069749  0.36620026i: elastic S-matrix  @@      0.05  0   0 F  0
 Reaction Xsec    14.0+/14 @ 1 =  47.792 , Out:   0.000#   0.168#  47.792f


 Total SPIN, PARITY =    15.0 -,      5 chs,      0 cc.  Rmin & Coul turning =    2.2    3.8
   S-matrix    1 =    0.20577   0.31843 for L=   15, J=   15.0 channel on core I =   0.0 from L=   15,  Acc. loss =  0.0 D.
 Elastic phase shift   1 =   28.565  27.785 deg. for the L =   15, J =   15.0 channel.
      15.0  0.20576887  0.31843123i: elastic S-matrix  @@      0.08  0   0 F  0
 Reaction Xsec    15.0-/15 @ 1 =  50.520 , Out:   0.000#   0.782#  50.520f


 Total SPIN, PARITY =    16.0 +,      5 chs,      0 cc.  Rmin & Coul turning =    2.4    4.1
   S-matrix    1 =    0.37131   0.13128 for L=   16, J=   16.0 channel on core I =   0.0 from L=   16,  Acc. loss =  0.0 D.
 Elastic phase shift   1 =    9.736  26.695 deg. for the L =   16, J =   16.0 channel.
      16.0  0.37130892  0.13127790i: elastic S-matrix  @@      0.06  0   0 F  0
 Reaction Xsec    16.0+/16 @ 1 =  53.065 , Out:   0.000#   0.130#  53.065f


 Total SPIN, PARITY =    17.0 -,      5 chs,      0 cc.  Rmin & Coul turning =    2.6    4.3
   S-matrix    1 =    0.37816  -0.16468 for L=   17, J=   17.0 channel on core I =   0.0 from L=   17,  Acc. loss =  0.0 D.
 Elastic phase shift   1 =  -11.766  25.371 deg. for the L =   17, J =   17.0 channel.
      17.0  0.37815844 -0.16468047i: elastic S-matrix  @@      0.06  0   0 F  0
 Reaction Xsec    17.0-/17 @ 1 =  55.281 , Out:   0.000#   0.017#  55.281f


 Total SPIN, PARITY =    18.0 +,      5 chs,      0 cc.  Rmin & Coul turning =    2.7    4.6
   S-matrix    1 =    0.12960  -0.41299 for L=   18, J=   18.0 channel on core I =   0.0 from L=   18,  Acc. loss =  0.0 D.
 Elastic phase shift   1 =  -36.289  23.989 deg. for the L =   18, J =   18.0 channel.
      18.0  0.12959837 -0.41299217i: elastic S-matrix  @@      0.06  0   0 F  0
 Reaction Xsec    18.0+/18 @ 1 =  57.226 , Out:   0.000#   0.002#  57.226f


 Total SPIN, PARITY =    19.0 -,      5 chs,      0 cc.  Rmin & Coul turning =    2.9    4.8
   S-matrix    1 =   -0.29886  -0.34440 for L=   19, J=   19.0 channel on core I =   0.0 from L=   19,  Acc. loss =  0.0 D.
 Elastic phase shift   1 =  -65.475  22.497 deg. for the L =   19, J =   19.0 channel.
      19.0 -0.29885838 -0.34439524i: elastic S-matrix  @@      0.06  0   0 F  0
 Reaction Xsec    19.0-/19 @ 1 =  58.793 , Out:   0.000#   0.003#  58.793f


 Total SPIN, PARITY =    20.0 +,      5 chs,      0 cc.  Rmin & Coul turning =    3.0    5.1
   S-matrix    1 =   -0.50344   0.16962 for L=   20, J=   20.0 channel on core I =   0.0 from L=   20,  Acc. loss =  0.0 D.
 Elastic phase shift   1 =   80.690  18.121 deg. for the L =   20, J =   20.0 channel.
      20.0 -0.50343723  0.16961902i: elastic S-matrix  @@      0.06  0   0 F  0
 Reaction Xsec    20.0+/20 @ 1 =  56.010 , Out:   0.000#   0.004#  56.010f


 Total SPIN, PARITY =    21.0 -,      5 chs,      0 cc.  Rmin & Coul turning =    3.2    5.3
   S-matrix    1 =   -0.14399   0.66686 for L=   21, J=   21.0 channel on core I =   0.0 from L=   21,  Acc. loss =  0.0 D.
 Elastic phase shift   1 =   51.092  10.955 deg. for the L =   21, J =   21.0 channel.
      21.0 -0.14398706  0.66685649i: elastic S-matrix  @@      0.08  0   0 F  0
 Reaction Xsec    21.0-/21 @ 1 =  43.749 , Out:   0.000#   0.001#  43.749f


 Total SPIN, PARITY =    22.0 +,      5 chs,      0 cc.  Rmin & Coul turning =    3.3    5.6
   S-matrix    1 =    0.37459   0.72486 for L=   22, J=   22.0 channel on core I =   0.0 from L=   22,  Acc. loss =  0.0 D.
 Elastic phase shift   1 =   31.336   5.828 deg. for the L =   22, J =   22.0 channel.
      22.0  0.37458847  0.72485876i: elastic S-matrix  @@      0.09  0   0 F  0
 Reaction Xsec    22.0+/22 @ 1 =  28.628 , Out:   0.000#   0.001#  28.628f


 Total SPIN, PARITY =    23.0 -,      5 chs,      0 cc.  Rmin & Coul turning =    3.5    5.8
   S-matrix    1 =    0.69913   0.55963 for L=   23, J=   23.0 channel on core I =   0.0 from L=   23,  Acc. loss =  0.0 D.
 Elastic phase shift   1 =   19.338   3.161 deg. for the L =   23, J =   23.0 channel.
      23.0  0.69913468  0.55962572i: elastic S-matrix  @@      0.06  0   0 F  0
 Reaction Xsec    23.0-/23 @ 1 =  17.714 , Out:   0.000#   0.000#  17.714f


 Total SPIN, PARITY =    24.0 +,      5 chs,      0 cc.  Rmin & Coul turning =    3.6    6.0
   S-matrix    1 =    0.85633   0.38504 for L=   24, J=   24.0 channel on core I =   0.0 from L=   24,  Acc. loss =  0.0 D.
 Elastic phase shift   1 =   12.105   1.806 deg. for the L =   24, J =   24.0 channel.
      24.0  0.85633307  0.38503600i: elastic S-matrix  @@      0.09  0   0 F  0
 Reaction Xsec    24.0+/24 @ 1 =  11.046 , Out:   0.000#   0.000#  11.046f


 Total SPIN, PARITY =    25.0 -,      5 chs,      0 cc.  Rmin & Coul turning =    3.8    6.3
   S-matrix    1 =    0.92877   0.25486 for L=   25, J=   25.0 channel on core I =   0.0 from L=   25,  Acc. loss =  0.0 D.
 Elastic phase shift   1 =    7.672   1.077 deg. for the L =   25, J =   25.0 channel.
      25.0  0.92876832  0.25485607i: elastic S-matrix  @@      0.06  0   0 F  0
 Reaction Xsec    25.0-/25 @ 1 =   7.031 , Out:   0.000#   0.000#   7.031f


 Total SPIN, PARITY =    26.0 +,      5 chs,      0 cc.  Rmin & Coul turning =    3.9    6.5
   S-matrix    1 =    0.96286   0.16654 for L=   26, J=   26.0 channel on core I =   0.0 from L=   26,  Acc. loss =  0.0 D.
 Elastic phase shift   1 =    4.906   0.662 deg. for the L =   26, J =   26.0 channel.
      26.0  0.96285877  0.16653877i: elastic S-matrix  @@      0.09  0   0 F  0
 Reaction Xsec    26.0+/26 @ 1 =   4.556 , Out:   0.000#   0.000#   4.556f


 Total SPIN, PARITY =    27.0 -,      5 chs,      0 cc.  Rmin & Coul turning =    4.0    6.8
   S-matrix    1 =    0.97964   0.10839 for L=   27, J=   27.0 channel on core I =   0.0 from L=   27,  Acc. loss =  0.0 D.
 Elastic phase shift   1 =    3.157   0.415 deg. for the L =   27, J =   27.0 channel.
      27.0  0.97963689  0.10839427i: elastic S-matrix  @@      0.05  0   0 F  0
 Reaction Xsec    27.0-/27 @ 1 =   2.990 , Out:   0.000#   0.000#   2.990f


 Total SPIN, PARITY =    28.0 +,      5 chs,      0 cc.  Rmin & Coul turning =    4.2    7.0
   S-matrix    1 =    0.98833   0.07048 for L=   28, J=   28.0 channel on core I =   0.0 from L=   28,  Acc. loss =  0.0 D.
 Elastic phase shift   1 =    2.039   0.264 deg. for the L =   28, J =   28.0 channel.
      28.0  0.98833014  0.07048001i: elastic S-matrix  @@      0.03  0   0 F  0
 Reaction Xsec    28.0+/28 @ 1 =   1.978 , Out:   0.000#   0.000#   1.978f


 Total SPIN, PARITY =    29.0 -,      5 chs,      0 cc.  Rmin & Coul turning =    4.4    7.3
   S-matrix    1 =    0.99307   0.04582 for L=   29, J=   29.0 channel on core I =   0.0 from L=   29,  Acc. loss =  0.0 D.
 Elastic phase shift   1 =    1.321   0.169 deg. for the L =   29, J =   29.0 channel.
      29.0  0.99306695  0.04582432i: elastic S-matrix  @@      0.03  0   0 F  0
 Reaction Xsec    29.0-/29 @ 1 =   1.316 , Out:   0.000#   0.000#   1.316f


 Total SPIN, PARITY =    30.0 +,      5 chs,      0 cc.  Rmin & Coul turning =    4.5    7.5
   S-matrix    1 =    0.99577   0.02980 for L=   30, J=   30.0 channel on core I =   0.0 from L=   30,  Acc. loss =  0.0 D.
 Elastic phase shift   1 =    0.857   0.109 deg. for the L =   30, J =   30.0 channel.
      30.0  0.99576624  0.02979780i: elastic S-matrix  @@      0.03  0   0 F  0
 Reaction Xsec    30.0+/30 @ 1 =   0.878 , Out:   0.000#   0.000#   0.878f


 Total SPIN, PARITY =    31.0 -,      5 chs,      0 cc.  Rmin & Coul turning =    4.7    7.8
   S-matrix    1 =    0.99736   0.01938 for L=   31, J=   31.0 channel on core I =   0.0 from L=   31,  Acc. loss =  0.0 D.
 Elastic phase shift   1 =    0.557   0.070 deg. for the L =   31, J =   31.0 channel.
      31.0  0.99736235  0.01937834i: elastic S-matrix  @@      0.02  0   0 F  0
 Reaction Xsec    31.0-/31 @ 1 =   0.587 , Out:   0.000#   0.000#   0.587f


 Total SPIN, PARITY =    32.0 +,      5 chs,      0 cc.  Rmin & Coul turning =    4.8    8.0
   S-matrix    1 =    0.99833   0.01260 for L=   32, J=   32.0 channel on core I =   0.0 from L=   32,  Acc. loss =  0.0 D.
 Elastic phase shift   1 =    0.362   0.045 deg. for the L =   32, J =   32.0 channel.
0****** WARNING : ACCURACY LOSS IN ERWIN = 14.2 DIGITS, SO EXPECT ERRORS OF   0.0000 % OF UNITARITY

      32.0  0.99833352  0.01260244i: elastic S-matrix  @@      0.03  0   0 F  0
 Reaction Xsec    32.0+/32 @ 1 =   0.392 , Out:   0.000#   0.000#   0.392f


 Total SPIN, PARITY =    33.0 -,      5 chs,      0 cc.  Rmin & Coul turning =    5.0    8.3
   S-matrix    1 =    0.99894   0.00820 for L=   33, J=   33.0 channel on core I =   0.0 from L=   33,  Acc. loss =  0.0 D.
 Elastic phase shift   1 =    0.235   0.030 deg. for the L =   33, J =   33.0 channel.
      33.0  0.99893700  0.00819517i: elastic S-matrix  @@      0.03  0   0 F  0
 Reaction Xsec    33.0-/33 @ 1 =   0.262 , Out:   0.000#   0.000#   0.262f


 Total SPIN, PARITY =    34.0 +,      5 chs,      0 cc.  Rmin & Coul turning =    5.1    8.5
   S-matrix    1 =    0.99932   0.00533 for L=   34, J=   34.0 channel on core I =   0.0 from L=   34,  Acc. loss =  0.0 D.
 Elastic phase shift   1 =    0.153   0.019 deg. for the L =   34, J =   34.0 channel.
0****** WARNING : ACCURACY LOSS IN ERWIN = 14.4 DIGITS, SO EXPECT ERRORS OF   0.0000 % OF UNITARITY

      34.0  0.99931762  0.00532845i: elastic S-matrix  @@      0.02  0   0 F  0
 Reaction Xsec    34.0+/34 @ 1 =   0.175 , Out:   0.000#   0.000#   0.175f


 Total SPIN, PARITY =    35.0 -,      5 chs,      0 cc.  Rmin & Coul turning =    5.2    8.8
   S-matrix    1 =    0.99956   0.00346 for L=   35, J=   35.0 channel on core I =   0.0 from L=   35,  Acc. loss =  0.0 D.
 Elastic phase shift   1 =    0.099   0.012 deg. for the L =   35, J =   35.0 channel.
0****** WARNING : ACCURACY LOSS IN ERWIN = 14.5 DIGITS, SO EXPECT ERRORS OF   0.0000 % OF UNITARITY

      35.0  0.99956013  0.00346385i: elastic S-matrix  @@      0.05  0   0 F  0
 Reaction Xsec    35.0-/35 @ 1 =   0.117 , Out:   0.000#   0.000#   0.117f


 Total SPIN, PARITY =    36.0 +,      5 chs,      0 cc.  Rmin & Coul turning =    5.4    9.0
   S-matrix    1 =    0.99972   0.00225 for L=   36, J=   36.0 channel on core I =   0.0 from L=   36,  Acc. loss =  0.0 D.
 Elastic phase shift   1 =    0.065   0.008 deg. for the L =   36, J =   36.0 channel.
      36.0  0.99971570  0.00225125i: elastic S-matrix  @@      0.03  0   0 F  0
 Reaction Xsec    36.0+/36 @ 1 =   0.078 , Out:   0.000#   0.000#   0.078f


 Total SPIN, PARITY =    37.0 -,      5 chs,      0 cc.  Rmin & Coul turning =    5.6    9.2
   S-matrix    1 =    0.99982   0.00146 for L=   37, J=   37.0 channel on core I =   0.0 from L=   37,  Acc. loss =  0.0 D.
 Elastic phase shift   1 =    0.042   0.005 deg. for the L =   37, J =   37.0 channel.
0****** WARNING : ACCURACY LOSS IN ERWIN = 14.4 DIGITS, SO EXPECT ERRORS OF   0.0000 % OF UNITARITY

      37.0  0.99981595  0.00146284i: elastic S-matrix  @@      0.05  0   0 F  0
 Reaction Xsec    37.0-/37 @ 1 =   0.052 , Out:   0.000#   0.000#   0.052f


 Total SPIN, PARITY =    38.0 +,      5 chs,      0 cc.  Rmin & Coul turning =    5.7    9.5
   S-matrix    1 =    0.99988   0.00095 for L=   38, J=   38.0 channel on core I =   0.0 from L=   38,  Acc. loss =  0.0 D.
 Elastic phase shift   1 =    0.027   0.003 deg. for the L =   38, J =   38.0 channel.
0****** WARNING : ACCURACY LOSS IN ERWIN = 14.6 DIGITS, SO EXPECT ERRORS OF   0.0000 % OF UNITARITY

      38.0  0.99988073  0.00095029i: elastic S-matrix  @@      0.06  0   0 F  0
 Reaction Xsec    38.0+/38 @ 1 =   0.035 , Out:   0.000#   0.000#   0.035f


 Total SPIN, PARITY =    39.0 -,      5 chs,      0 cc.  Rmin & Coul turning =    5.9    9.7
   S-matrix    1 =    0.99992   0.00062 for L=   39, J=   39.0 channel on core I =   0.0 from L=   39,  Acc. loss =  0.0 D.
 Elastic phase shift   1 =    0.018   0.002 deg. for the L =   39, J =   39.0 channel.
0****** WARNING : ACCURACY LOSS IN ERWIN = 15.2 DIGITS, SO EXPECT ERRORS OF   0.0000 % OF UNITARITY

      39.0  0.99992267  0.00061723i: elastic S-matrix  @@      0.08  0   0 F  0
 Reaction Xsec    39.0-/39 @ 1 =   0.023 , Out:   0.000#   0.000#   0.023f


 Total SPIN, PARITY =    40.0 +,      5 chs,      0 cc.  Rmin & Coul turning =    6.0   10.0
   S-matrix    1 =    0.99995   0.00040 for L=   40, J=   40.0 channel on core I =   0.0 from L=   40,  Acc. loss =  0.0 D.
 Elastic phase shift   1 =    0.011   0.001 deg. for the L =   40, J =   40.0 channel.
0****** WARNING : ACCURACY LOSS IN ERWIN = 14.5 DIGITS, SO EXPECT ERRORS OF   0.0000 % OF UNITARITY

      40.0  0.99994984  0.00040081i: elastic S-matrix  @@      0.05  0   0 F  0
 Reaction Xsec    40.0+/40 @ 1 =   0.015 , Out:   0.000#   0.000#   0.015f


 Total SPIN, PARITY =    41.0 -,      5 chs,      0 cc.  Rmin & Coul turning =    6.2   10.2
   S-matrix    1 =    0.99997   0.00026 for L=   41, J=   41.0 channel on core I =   0.0 from L=   41,  Acc. loss =  0.0 D.
 Elastic phase shift   1 =    0.007   0.001 deg. for the L =   41, J =   41.0 channel.
0****** WARNING : ACCURACY LOSS IN ERWIN = 15.6 DIGITS, SO EXPECT ERRORS OF   0.0000 % OF UNITARITY

      41.0  0.99996747  0.00026024i: elastic S-matrix  @@      0.03  0   0 F  0
 Reaction Xsec    41.0-/41 @ 1 =   0.010 , Out:   0.000#   0.000#   0.010f


 Total SPIN, PARITY =    42.0 +,      5 chs,      0 cc.  Rmin & Coul turning =    6.3   10.5
   S-matrix    1 =    0.99998   0.00017 for L=   42, J=   42.0 channel on core I =   0.0 from L=   42,  Acc. loss =  0.0 D.
 Elastic phase shift   1 =    0.005   0.001 deg. for the L =   42, J =   42.0 channel.
0****** WARNING : ACCURACY LOSS IN ERWIN = 14.3 DIGITS, SO EXPECT ERRORS OF   0.0000 % OF UNITARITY

      42.0  0.99997890  0.00016899i: elastic S-matrix  @@      0.02  0   0 F  0
 Reaction Xsec    42.0+/42 @ 1 =   6.822/, Out:   0.000#   0.007#   0.007f


 Total SPIN, PARITY =    43.0 -,      5 chs,      0 cc.  Rmin & Coul turning =    6.5   10.7
   S-matrix    1 =    0.99999   0.00011 for L=   43, J=   43.0 channel on core I =   0.0 from L=   43,  Acc. loss =  0.0 D.
 Elastic phase shift   1 =    0.003   0.000 deg. for the L =   43, J =   43.0 channel.
0****** WARNING : ACCURACY LOSS IN ERWIN = 14.3 DIGITS, SO EXPECT ERRORS OF   0.0000 % OF UNITARITY

      43.0  0.99998632  0.00010970i: elastic S-matrix  @@      0.02  0   0 F  0
 Reaction Xsec    43.0-/43 @ 1 =   4.530/, Out:   0.000#   0.001#   0.005f


 Total SPIN, PARITY =    44.0 +,      5 chs,      0 cc.  Rmin & Coul turning =    6.6   11.0
   S-matrix    1 =    0.99999   0.00007 for L=   44, J=   44.0 channel on core I =   0.0 from L=   44,  Acc. loss =  0.0 D.
 Elastic phase shift   1 =    0.002   0.000 deg. for the L =   44, J =   44.0 channel.
0****** WARNING : ACCURACY LOSS IN ERWIN = 29.0 DIGITS, SO EXPECT ERRORS OF********* % OF UNITARITY

   1.0298835710988809E+029   6.2140726709647822E+020   2.2204460492503131E-016
 Increase lower cutoff: eg CUTL. Continuing.
      44.0  0.99999113  0.00007125i: elastic S-matrix  @@      0.03  0   0 F  0
 Reaction Xsec    44.0+/44 @ 1 =   3.005/, Out:   0.000#   0.040#   0.003f


 Total SPIN, PARITY =    45.0 -,      5 chs,      0 cc.  Rmin & Coul turning =    6.8   11.2
   S-matrix    1 =    0.99999   0.00005 for L=   45, J=   45.0 channel on core I =   0.0 from L=   45,  Acc. loss =  0.0 D.
 Elastic phase shift   1 =    0.001   0.000 deg. for the L =   45, J =   45.0 channel.
0****** WARNING : ACCURACY LOSS IN ERWIN = 16.6 DIGITS, SO EXPECT ERRORS OF   0.0000 % OF UNITARITY

      45.0  0.99999425  0.00004630i: elastic S-matrix  @@      0.02  0   0 F  0
 Reaction Xsec    45.0-/45 @ 1 =   1.992/, Out:   0.000#   0.002#   0.002f


 Total SPIN, PARITY =    46.0 +,      5 chs,      0 cc.  Rmin & Coul turning =    6.9   11.5
   S-matrix    1 =    1.00000   0.00003 for L=   46, J=   46.0 channel on core I =   0.0 from L=   46,  Acc. loss =  0.0 D.
 Elastic phase shift   1 =    0.001   0.000 deg. for the L =   46, J =   46.0 channel.
      46.0  0.99999627  0.00003007i: elastic S-matrix  @@      0.03  0   0 F  0
 Reaction Xsec    46.0+/46 @ 1 =   1.320/, Out:   0.000#   0.056#   0.001f


 Total SPIN, PARITY =    47.0 -,      5 chs,      0 cc.  Rmin & Coul turning =    7.1   11.7
   S-matrix    1 =    1.00000   0.00002 for L=   47, J=   47.0 channel on core I =   0.0 from L=   47,  Acc. loss =  0.0 D.
 Elastic phase shift   1 =    0.001   0.000 deg. for the L =   47, J =   47.0 channel.
      47.0  0.99999758  0.00001961i: elastic S-matrix  @@      0.02  0   0 F  0
 Reaction Xsec    47.0-/47 @ 1 =   0.874/, Out:   0.000#   0.001#   0.001f


 Total SPIN, PARITY =    48.0 +,      5 chs,      0 cc.  Rmin & Coul turning =    7.2   12.0
   S-matrix    1 =    1.00000   0.00001 for L=   48, J=   48.0 channel on core I =   0.0 from L=   48,  Acc. loss =  0.0 D.
 Elastic phase shift   1 =    0.000   0.000 deg. for the L =   48, J =   48.0 channel.
0****** WARNING : ACCURACY LOSS IN ERWIN = 14.9 DIGITS, SO EXPECT ERRORS OF   0.0001 % OF UNITARITY

      48.0  0.99999843  0.00001277i: elastic S-matrix  @@      0.03  0   0 F  0
 Reaction Xsec    48.0+/48 @ 1 =   0.578/, Out:   0.000#   0.066#   0.001f


 Total SPIN, PARITY =    49.0 -,      5 chs,      0 cc.  Rmin & Coul turning =    7.4   12.2
   S-matrix    1 =    1.00000   0.00001 for L=   49, J=   49.0 channel on core I =   0.0 from L=   49,  Acc. loss =  0.0 D.
 Elastic phase shift   1 =    0.000   0.000 deg. for the L =   49, J =   49.0 channel.
0****** WARNING : ACCURACY LOSS IN ERWIN = 15.1 DIGITS, SO EXPECT ERRORS OF   0.0000 % OF UNITARITY

      49.0  0.99999899  0.00000834i: elastic S-matrix  @@      0.02  0   0 F  0
 Reaction Xsec    49.0-/49 @ 1 =   0.382/, Out:   0.000#   0.583#   0.000f


 Total SPIN, PARITY =    50.0 +,      5 chs,      0 cc.  Rmin & Coul turning =    7.5   12.4
   S-matrix    1 =    1.00000   0.00001 for L=   50, J=   50.0 channel on core I =   0.0 from L=   50,  Acc. loss =  0.0 D.
 Elastic phase shift   1 =    0.000   0.000 deg. for the L =   50, J =   50.0 channel.
0****** WARNING : ACCURACY LOSS IN ERWIN = 14.9 DIGITS, SO EXPECT ERRORS OF   0.0000 % OF UNITARITY

      50.0  0.99999934  0.00000551i: elastic S-matrix  @@      0.02  0   0 F  0
 Reaction Xsec    50.0+/50 @ 1 =   0.253/, Out:   0.000#   0.025#   0.000f


 Total SPIN, PARITY =    51.0 -,      5 chs,      0 cc.  Rmin & Coul turning =    7.7   12.7
   S-matrix    1 =    1.00000   0.00000 for L=   51, J=   51.0 channel on core I =   0.0 from L=   51,  Acc. loss =  0.0 D.
 Elastic phase shift   1 =    0.000   0.000 deg. for the L =   51, J =   51.0 channel.
0****** WARNING : ACCURACY LOSS IN ERWIN = 14.2 DIGITS, SO EXPECT ERRORS OF   0.0004 % OF UNITARITY

      51.0  0.99999957  0.00000360i: elastic S-matrix  @@      0.02  0   0 F  0
 Reaction Xsec    51.0-/51 @ 1 =   0.167/, Out:   0.000#   0.773#   0.000f


 Total SPIN, PARITY =    52.0 +,      5 chs,      0 cc.  Rmin & Coul turning =    7.8   12.9
   S-matrix    1 =    1.00000   0.00000 for L=   52, J=   52.0 channel on core I =   0.0 from L=   52,  Acc. loss =  0.0 D.
 Elastic phase shift   1 =    0.000   0.000 deg. for the L =   52, J =   52.0 channel.
0****** WARNING : ACCURACY LOSS IN ERWIN = 14.6 DIGITS, SO EXPECT ERRORS OF   0.0003 % OF UNITARITY

      52.0  0.99999972  0.00000241i: elastic S-matrix  @@      0.03  0   0 F  0
 Reaction Xsec    52.0+/52 @ 1 =   0.110/, Out:   0.000#   0.845#   0.000f


 Total SPIN, PARITY =    53.0 -,      5 chs,      0 cc.  Rmin & Coul turning =    8.0   13.2
   S-matrix    1 =    1.00000   0.00000 for L=   53, J=   53.0 channel on core I =   0.0 from L=   53,  Acc. loss =  0.0 D.
 Elastic phase shift   1 =    0.000   0.000 deg. for the L =   53, J =   53.0 channel.
      53.0  0.99999982  0.00000165i: elastic S-matrix  @@      0.03  0   0 F  0
 Reaction Xsec    53.0-/53 @ 1 =   0.073/, Out:   0.000#   3.004#   0.000f


 Total SPIN, PARITY =    54.0 +,      5 chs,      0 cc.  Rmin & Coul turning =    8.1   13.4
   S-matrix    1 =    1.00000   0.00000 for L=   54, J=   54.0 channel on core I =   0.0 from L=   54,  Acc. loss =  0.0 D.
 Elastic phase shift   1 =    0.000   0.000 deg. for the L =   54, J =   54.0 channel.
0****** WARNING : ACCURACY LOSS IN ERWIN = 14.9 DIGITS, SO EXPECT ERRORS OF   0.0014 % OF UNITARITY

      54.0  0.99999988  0.00000109i: elastic S-matrix  @@      0.03  0   0 F  0
 Reaction Xsec    54.0+/54 @ 1 =   0.048/, Out:   0.000#   4.491#   0.000f


 Total SPIN, PARITY =    55.0 -,      5 chs,      0 cc.  Rmin & Coul turning =    8.2   13.7
   S-matrix    1 =    1.00000   0.00000 for L=   55, J=   55.0 channel on core I =   0.0 from L=   55,  Acc. loss =  0.0 D.
 Elastic phase shift   1 =    0.000   0.000 deg. for the L =   55, J =   55.0 channel.
0****** WARNING : ACCURACY LOSS IN ERWIN = 14.2 DIGITS, SO EXPECT ERRORS OF   0.0004 % OF UNITARITY

      55.0  0.99999993  0.00000079i: elastic S-matrix  @@      0.02  0   0 F  0
 Reaction Xsec    55.0-/55 @ 1 =   0.032/, Out:   0.000#   1.889#   0.000f


 Total SPIN, PARITY =    56.0 +,      5 chs,      0 cc.  Rmin & Coul turning =    8.4   13.9
   S-matrix    1 =    1.00000   0.00000 for L=   56, J=   56.0 channel on core I =   0.0 from L=   56,  Acc. loss =  0.0 D.
 Elastic phase shift   1 =    0.000   0.000 deg. for the L =   56, J =   56.0 channel.
0****** WARNING : ACCURACY LOSS IN ERWIN = 15.7 DIGITS, SO EXPECT ERRORS OF   0.0094 % OF UNITARITY

      56.0  0.99999995  0.00000058i: elastic S-matrix  @@      0.03  0   0 F  0
 Reaction Xsec    56.0+/56 @ 1 =   0.021/, Out:   0.000#   0.268/  -0.000f


 Total SPIN, PARITY =    57.0 -,      5 chs,      0 cc.  Rmin & Coul turning =    8.6   14.2
   S-matrix    1 =    1.00000   0.00000 for L=   57, J=   57.0 channel on core I =   0.0 from L=   57,  Acc. loss =  0.0 D.
 Elastic phase shift   1 =    0.000   0.000 deg. for the L =   57, J =   57.0 channel.
0****** WARNING : ACCURACY LOSS IN ERWIN = 14.5 DIGITS, SO EXPECT ERRORS OF   0.0034 % OF UNITARITY

      57.0  0.99999997  0.00000039i: elastic S-matrix  @@      0.03  0   0 F  0
 Reaction Xsec    57.0-/57 @ 1 =   0.014/, Out:   0.000#   6.579/  -0.007f


 Total SPIN, PARITY =    58.0 +,      5 chs,      0 cc.  Rmin & Coul turning =    8.7   14.4
   S-matrix    1 =    1.00000   0.00000 for L=   58, J=   58.0 channel on core I =   0.0 from L=   58,  Acc. loss =  0.0 D.
 Elastic phase shift   1 =    0.000   0.000 deg. for the L =   58, J =   58.0 channel.
0****** WARNING : ACCURACY LOSS IN ERWIN = 14.5 DIGITS, SO EXPECT ERRORS OF   0.0107 % OF UNITARITY

      58.0  0.99999998  0.00000034i: elastic S-matrix  @@      0.03  0   0 F  0
 Reaction Xsec    58.0+/58 @ 1 =   9.019#, Out:   0.000#   0.228/  -0.000f


 Total SPIN, PARITY =    59.0 -,      5 chs,      0 cc.  Rmin & Coul turning =    8.8   14.7
   S-matrix    1 =    1.00000   0.00000 for L=   59, J=   59.0 channel on core I =   0.0 from L=   59,  Acc. loss =  0.0 D.
 Elastic phase shift   1 =    0.000   0.000 deg. for the L =   59, J =   59.0 channel.
0****** WARNING : ACCURACY LOSS IN ERWIN = 14.9 DIGITS, SO EXPECT ERRORS OF   0.0894 % OF UNITARITY

      59.0  0.99999999  0.00000027i: elastic S-matrix  @@      0.02  0   0 F  0
 Reaction Xsec    59.0-/59 @ 1 =   5.933#, Out:   0.000#   0.038   -0.038f


 Total SPIN, PARITY =    60.0 +,      5 chs,      0 cc.  Rmin & Coul turning =    9.0   14.9
   S-matrix    1 =    1.00000   0.00000 for L=   60, J=   60.0 channel on core I =   0.0 from L=   60,  Acc. loss =  0.0 D.
 Elastic phase shift   1 =    0.000   0.000 deg. for the L =   60, J =   60.0 channel.
0****** WARNING : ACCURACY LOSS IN ERWIN = 15.2 DIGITS, SO EXPECT ERRORS OF   0.1118 % OF UNITARITY

      60.0  0.99999999  0.00000018i: elastic S-matrix  @@      0.03  0   0 F  0
 Reaction Xsec    60.0+/60 @ 1 =   3.902#, Out:   0.000#   0.052   -0.052f


 Total SPIN, PARITY =    61.0 -,      5 chs,      0 cc.  Rmin & Coul turning =    9.2   15.2
   S-matrix    1 =    1.00000   0.00000 for L=   61, J=   61.0 channel on core I =   0.0 from L=   61,  Acc. loss =  0.0 D.
 Elastic phase shift   1 =    0.000   0.000 deg. for the L =   61, J =   61.0 channel.
0****** WARNING : ACCURACY LOSS IN ERWIN = 14.8 DIGITS, SO EXPECT ERRORS OF   0.4287 % OF UNITARITY

      61.0  0.99999999  0.00000020i: elastic S-matrix  @@      0.03  0   0 F  0
 Reaction Xsec    61.0-/61 @ 1 =   2.565#, Out:   0.000#   2.370   -2.370f


 Total SPIN, PARITY =    62.0 +,      5 chs,      0 cc.  Rmin & Coul turning =    9.3   15.4
   S-matrix    1 =    1.00000   0.00000 for L=   62, J=   62.0 channel on core I =   0.0 from L=   62,  Acc. loss =  0.0 D.
 Elastic phase shift   1 =    0.000   0.000 deg. for the L =   62, J =   62.0 channel.
      62.0  1.00000000  0.00000018i: elastic S-matrix  @@      0.02  0   0 F  0
 Reaction Xsec    62.0+/62 @ 1 =   1.685#, Out:   0.000#   2.833   -2.833f


 Total SPIN, PARITY =    63.0 -,      5 chs,      0 cc.  Rmin & Coul turning =    9.5   15.6
   S-matrix    1 =    1.00000   0.00000 for L=   63, J=   63.0 channel on core I =   0.0 from L=   63,  Acc. loss =  0.0 D.
 Elastic phase shift   1 =    0.000   0.000 deg. for the L =   63, J =   63.0 channel.
      63.0  1.00000000  0.00000011i: elastic S-matrix  @@      0.08  0   0 F  0
 Reaction Xsec    63.0-/63 @ 1 =   1.107#, Out:   0.000#   3.335   -3.335f


 Total SPIN, PARITY =    64.0 +,      5 chs,      0 cc.  Rmin & Coul turning =    9.6   15.9
   S-matrix    1 =    1.00000   0.00000 for L=   64, J=   64.0 channel on core I =   0.0 from L=   64,  Acc. loss =  0.0 D.
 Elastic phase shift   1 =    0.000   0.000 deg. for the L =   64, J =   64.0 channel.
0****** WARNING : ACCURACY LOSS IN ERWIN = 14.6 DIGITS, SO EXPECT ERRORS OF   2.9788 % OF UNITARITY

      64.0  1.00000000  0.00000014i: elastic S-matrix  @@      0.06  0   0 F  0
 Reaction Xsec    64.0+/64 @ 1 =   0.727#, Out:   0.000#  33.146  -33.146f


 Total SPIN, PARITY =    65.0 -,      5 chs,      0 cc.  Rmin & Coul turning =    9.8   16.1
   S-matrix    1 =    1.00000   0.00000 for L=   65, J=   65.0 channel on core I =   0.0 from L=   65,  Acc. loss =  0.0 D.
 Elastic phase shift   1 =    0.000   0.000 deg. for the L =   65, J =   65.0 channel.
      65.0  1.00000000  0.00000014i: elastic S-matrix  @@      0.06  0   0 F  0
 Reaction Xsec    65.0-/65 @ 1 =   0.477#, Out:   0.000#  43.951  -43.951f


 Total SPIN, PARITY =    66.0 +,      5 chs,      0 cc.  Rmin & Coul turning =    9.9   16.4
   S-matrix    1 =    1.00000   0.00000 for L=   66, J=   66.0 channel on core I =   0.0 from L=   66,  Acc. loss =  0.0 D.
 Elastic phase shift   1 =    0.000   0.000 deg. for the L =   66, J =   66.0 channel.
0****** WARNING : ACCURACY LOSS IN ERWIN = 14.2 DIGITS, SO EXPECT ERRORS OF   4.2867 % OF UNITARITY

      66.0  1.00000000  0.00000007i: elastic S-matrix  @@      0.06  0   0 F  0
 Reaction Xsec    66.0+/66 @ 1 =   0.313#, Out:   0.000# 998.640 -998.640f


 Total SPIN, PARITY =    67.0 -,      5 chs,      0 cc.  Rmin & Coul turning =   10.1   16.6
   S-matrix    1 =    1.00000   0.00000 for L=   67, J=   67.0 channel on core I =   0.0 from L=   67,  Acc. loss =  0.0 D.
 Elastic phase shift   1 =    0.000   0.000 deg. for the L =   67, J =   67.0 channel.
0****** WARNING : ACCURACY LOSS IN ERWIN = 15.4 DIGITS, SO EXPECT ERRORS OF   4.7743 % OF UNITARITY

      67.0  1.00000000  0.00000010i: elastic S-matrix  @@      0.08  0   0 F  0
 Reaction Xsec    67.0-/67 @ 1 =   0.205#, Out:   0.000#3341.689 ********f


 Total SPIN, PARITY =    68.0 +,      5 chs,      0 cc.  Rmin & Coul turning =   10.2   16.9
   S-matrix    1 =    1.00000   0.00000 for L=   68, J=   68.0 channel on core I =   0.0 from L=   68,  Acc. loss =  0.0 D.
 Elastic phase shift   1 =    0.000   0.000 deg. for the L =   68, J =   68.0 channel.
0****** WARNING : ACCURACY LOSS IN ERWIN = 14.2 DIGITS, SO EXPECT ERRORS OF   0.4446 % OF UNITARITY

      68.0  1.00000000  0.00000012i: elastic S-matrix  @@      0.03  0   0 F  0
 Reaction Xsec    68.0+/68 @ 1 =   0.135#, Out:   0.000# 238.043 -238.043f


 Total SPIN, PARITY =    69.0 -,      5 chs,      0 cc.  Rmin & Coul turning =   10.4   17.1
   S-matrix    1 =    1.00000   0.00000 for L=   69, J=   69.0 channel on core I =   0.0 from L=   69,  Acc. loss =  0.0 D.
 Elastic phase shift   1 =    0.000   0.000 deg. for the L =   69, J =   69.0 channel.
0****** WARNING : ACCURACY LOSS IN ERWIN = 15.7 DIGITS, SO EXPECT ERRORS OF   9.3366 % OF UNITARITY

   5034908183920427.0        140160352739231.06        2.2204460492503131E-016
 Increase lower cutoff: eg CUTL. Continuing.
      69.0  1.00000000  0.00000006i: elastic S-matrix  @@      0.03  0   0 F  0
 Reaction Xsec    69.0-/69 @ 1 =   0.088#, Out:   0.000# 300.621 -300.621f


 Total SPIN, PARITY =    70.0 +,      5 chs,      0 cc.  Rmin & Coul turning =   10.5   17.4
   S-matrix    1 =    1.00000   0.00000 for L=   70, J=   70.0 channel on core I =   0.0 from L=   70,  Acc. loss =  0.0 D.
 Elastic phase shift   1 =    0.000   0.000 deg. for the L =   70, J =   70.0 channel.
0****** WARNING : ACCURACY LOSS IN ERWIN = 14.2 DIGITS, SO EXPECT ERRORS OF  18.0128 % OF UNITARITY

   157510386946979.88        270408692072251.97        2.2204460492503131E-016
 Increase lower cutoff: eg CUTL. Continuing.
      70.0  1.00000000  0.00000006i: elastic S-matrix  @@      0.05  0   0 F  0
 Reaction Xsec    70.0+/70 @ 1 =   0.058#, Out:   0.000#5941.087 ********f


 Total SPIN, PARITY =    71.0 -,      5 chs,      0 cc.  Rmin & Coul turning =   10.7   17.6
   S-matrix    1 =    1.00000   0.00000 for L=   71, J=   71.0 channel on core I =   0.0 from L=   71,  Acc. loss =  0.0 D.
 Elastic phase shift   1 =    0.000   0.000 deg. for the L =   71, J =   71.0 channel.
0****** WARNING : ACCURACY LOSS IN ERWIN = 14.5 DIGITS, SO EXPECT ERRORS OF 123.4080 % OF UNITARITY

   340094445299085.44        1852600829500913.0        2.2204460492503131E-016
 Increase lower cutoff: eg CUTL. Continuing.
      71.0  1.00000000  0.00000011i: elastic S-matrix  @@      0.03  0   0 F  0
 Reaction Xsec    71.0-/71 @ 1 =   0.038#, Out:   0.000#******** ********f


 Total SPIN, PARITY =    72.0 +,      5 chs,      0 cc.  Rmin & Coul turning =   10.8   17.9
   S-matrix    1 =    1.00000   0.00000 for L=   72, J=   72.0 channel on core I =   0.0 from L=   72,  Acc. loss =  0.0 D.
 Elastic phase shift   1 =    0.000   0.000 deg. for the L =   72, J =   72.0 channel.
0****** WARNING : ACCURACY LOSS IN ERWIN = 14.5 DIGITS, SO EXPECT ERRORS OF 252.8763 % OF UNITARITY

   349951985649129.12        3796179092338326.5        2.2204460492503131E-016
 Increase lower cutoff: eg CUTL. Continuing.
      72.0  1.00000000  0.00000005i: elastic S-matrix  @@      0.05  0   0 F  0
 Reaction Xsec    72.0+/72 @ 1 =   0.025#, Out:   0.000#******** ********f


 Total SPIN, PARITY =    73.0 -,      5 chs,      0 cc.  Rmin & Coul turning =   11.0   18.1
   S-matrix    1 =    1.00000   0.00000 for L=   73, J=   73.0 channel on core I =   0.0 from L=   73,  Acc. loss =  0.0 D.
 Elastic phase shift   1 =    0.000   0.000 deg. for the L =   73, J =   73.0 channel.
0****** WARNING : ACCURACY LOSS IN ERWIN = 15.0 DIGITS, SO EXPECT ERRORS OF 153.2512 % OF UNITARITY

   1011826199085159.1        2300606081228957.5        2.2204460492503131E-016
 Increase lower cutoff: eg CUTL. Continuing.
      73.0  1.00000000  0.00000002i: elastic S-matrix  @@      0.03  0   0 F  0
 Reaction Xsec    73.0-/73 @ 1 =   0.016#, Out:   0.000#******** ********f


 Total SPIN, PARITY =    74.0 +,      5 chs,      0 cc.  Rmin & Coul turning =   11.1   18.4
   S-matrix    1 =    1.00000   0.00000 for L=   74, J=   74.0 channel on core I =   0.0 from L=   74,  Acc. loss =  0.0 D.
 Elastic phase shift   1 =    0.000   0.000 deg. for the L =   74, J =   74.0 channel.
0****** WARNING : ACCURACY LOSS IN ERWIN = 14.4 DIGITS, SO EXPECT ERRORS OF 535.0053 % OF UNITARITY

   263661847505501.00        8031498626718836.0        2.2204460492503131E-016
 Increase lower cutoff: eg CUTL. Continuing.
      74.0  1.00000000  0.00000008i: elastic S-matrix  @@      0.05  0   0 F  0
 Reaction Xsec    74.0+/74 @ 1 =   0.011#, Out:   0.000#******** ********f


 Total SPIN, PARITY =    75.0 -,      5 chs,      0 cc.  Rmin & Coul turning =   11.2   18.6
   S-matrix    1 =    1.00000   0.00000 for L=   75, J=   75.0 channel on core I =   0.0 from L=   75,  Acc. loss =  0.0 D.
 Elastic phase shift   1 =    0.000   0.000 deg. for the L =   75, J =   75.0 channel.
0****** WARNING : ACCURACY LOSS IN ERWIN = 21.5 DIGITS, SO EXPECT ERRORS OF 561.8506 % OF UNITARITY

   3.1350262536369283E+021   8434500428573774.0        2.2204460492503131E-016
 Increase lower cutoff: eg CUTL. Continuing.
      75.0  1.00000000  0.00000007i: elastic S-matrix  @@      0.03  0   0 F  0
 Reaction Xsec    75.0-/75 @ 1 =   0.007#, Out:   0.000#******** ********f


 Total SPIN, PARITY =    76.0 +,      5 chs,      0 cc.  Rmin & Coul turning =   11.4   18.8
   S-matrix    1 =    1.00000  -0.00000 for L=   76, J=   76.0 channel on core I =   0.0 from L=   76,  Acc. loss =  0.0 D.
 Elastic phase shift   1 =   -0.000   0.000 deg. for the L =   76, J =   76.0 channel.
0****** WARNING : ACCURACY LOSS IN ERWIN = 14.8 DIGITS, SO EXPECT ERRORS OF2105.9188 % OF UNITARITY

   604215798698408.12        31614050180878220.        2.2204460492503131E-016
 Increase lower cutoff: eg CUTL. Continuing.
      76.0  1.00000000 -0.00000000i: elastic S-matrix  @@      0.05  0   0 F  0
 Reaction Xsec    76.0+/76 @ 1 =   0.005#, Out:   0.000#******** ********f


 Total SPIN, PARITY =    77.0 -,      5 chs,      0 cc.  Rmin & Coul turning =   11.6   19.1
   S-matrix    1 =    1.00000   0.00000 for L=   77, J=   77.0 channel on core I =   0.0 from L=   77,  Acc. loss =  0.0 D.
 Elastic phase shift   1 =    0.000   0.000 deg. for the L =   77, J =   77.0 channel.
0****** WARNING : ACCURACY LOSS IN ERWIN = 14.6 DIGITS, SO EXPECT ERRORS OF 866.7985 % OF UNITARITY

   411379482166330.12        13012377322331284.        2.2204460492503131E-016
 Increase lower cutoff: eg CUTL. Continuing.
      77.0  1.00000000  0.00000002i: elastic S-matrix  @@      0.02  0   0 F  0
 Reaction Xsec    77.0-/77 @ 1 =   0.003#, Out:   0.000#******** ********f


 Total SPIN, PARITY =    78.0 +,      5 chs,      0 cc.  Rmin & Coul turning =   11.7   19.3
   S-matrix    1 =    1.00000   0.00000 for L=   78, J=   78.0 channel on core I =   0.0 from L=   78,  Acc. loss =  0.0 D.
 Elastic phase shift   1 =    0.000   0.000 deg. for the L =   78, J =   78.0 channel.
0****** WARNING : ACCURACY LOSS IN ERWIN = 14.6 DIGITS, SO EXPECT ERRORS OF 698.5233 % OF UNITARITY

   422127346578674.19        10486230902920406.        2.2204460492503131E-016
 Increase lower cutoff: eg CUTL. Continuing.
      78.0  1.00000000  0.00000007i: elastic S-matrix  @@      0.03  0   0 F  0
 Reaction Xsec    78.0+/78 @ 1 =   0.002#, Out:   0.000#******** ********f


 Total SPIN, PARITY =    79.0 -,      5 chs,      0 cc.  Rmin & Coul turning =   11.9   19.6
   S-matrix    1 =    1.00000   0.00000 for L=   79, J=   79.0 channel on core I =   0.0 from L=   79,  Acc. loss =  0.0 D.
 Elastic phase shift   1 =    0.000   0.000 deg. for the L =   79, J =   79.0 channel.
0****** WARNING : ACCURACY LOSS IN ERWIN = 15.4 DIGITS, SO EXPECT ERRORS OF2060.5380 % OF UNITARITY

   2599484590603077.5        30932794005291388.        2.2204460492503131E-016
 Increase lower cutoff: eg CUTL. Continuing.
      79.0  1.00000000  0.00000001i: elastic S-matrix  @@      0.02  0   0 F  0
 Reaction Xsec    79.0-/79 @ 1 =   0.001#, Out:   0.000#******** ********f


 Total SPIN, PARITY =    80.0 +,      5 chs,      0 cc.  Rmin & Coul turning =   12.0   19.8
   S-matrix    1 =    1.00000  -0.00000 for L=   80, J=   80.0 channel on core I =   0.0 from L=   80,  Acc. loss =  0.0 D.
 Elastic phase shift   1 =   -0.000   0.000 deg. for the L =   80, J =   80.0 channel.
0****** WARNING : ACCURACY LOSS IN ERWIN = 22.5 DIGITS, SO EXPECT ERRORS OF 866.2838 % OF UNITARITY

   2.9140060568840453E+022   13004650723788176.        2.2204460492503131E-016
 Increase lower cutoff: eg CUTL. Continuing.
      80.0  1.00000000 -0.00000003i: elastic S-matrix  @@      0.00  0   0 F  0
 Reaction Xsec    80.0+/80 @ 1 =   0.001#, Out:   0.000#******** ********f

 Finished all CC sets @    3.60937500    
0CUMULATIVE REACTION cross section                 =  833.94556  <L> =    14.61  <L**2> =    246.7
0CUMULATIVE outgoing cross sections in partition 1 :    0.00000
0CUMULATIVE outgoing cross sections in partition 2 :***********
0Cumulative ABSORBTION by Imaginary Potentials     =***********  <L> =    77.18  <L**2> =   5960.4
   Fusion for specific 4He      M-states :************
0CUMULATIVE OUTGOING cross section                 =***********
 To convert to S-factors (MeV.mb = keV.b),  multiply by  2.6417E+02


 CROSS SECTIONS FOR OUTGOING 4He      & 4He      in state #   1 with spins & parities 0.0  + &  0.0  +;  0

     0.01 deg.: X-S =   1.2014E+13 mb/sr,
+                                         /R =   9.9988E-01
     1.00 deg.: X-S =   1.0813E+05 mb/sr,
+                                         /R =   8.9989E-01
     2.00 deg.: X-S =   4.3061E+04 mb/sr,
+                                         /R =   5.7329E+00
     3.00 deg.: X-S =   3.5468E+04 mb/sr,
+                                         /R =   2.3900E+01
     4.00 deg.: X-S =   2.6121E+04 mb/sr,
+                                         /R =   5.5609E+01
     5.00 deg.: X-S =   1.6900E+04 mb/sr,
+                                         /R =   8.7799E+01
     6.00 deg.: X-S =  9462.892554 mb/sr,
+                                         /R =   1.0188E+02
     7.00 deg.: X-S =  4459.736640 mb/sr,
+                                         /R =   8.8896E+01
     8.00 deg.: X-S =  1736.340156 mb/sr,
+                                         /R =   5.8999E+01
     9.00 deg.: X-S =   664.807915 mb/sr,
+                                         /R =   3.6153E+01
    10.00 deg.: X-S =   495.009723 mb/sr,
+                                         /R =   4.0989E+01
    11.00 deg.: X-S =   618.125145 mb/sr,
+                                         /R =   7.4859E+01
    12.00 deg.: X-S =   686.285908 mb/sr,
+                                         /R =   1.1758E+02
    13.00 deg.: X-S =   598.151842 mb/sr,
+                                         /R =   1.4097E+02
    14.00 deg.: X-S =   405.745072 mb/sr,
+                                         /R =   1.2844E+02
    15.00 deg.: X-S =   207.814290 mb/sr,
+                                         /R =   8.6565E+01
    16.00 deg.: X-S =    75.828257 mb/sr,
+                                         /R =   4.0825E+01
    17.00 deg.: X-S =    27.877153 mb/sr,
+                                         /R =   1.9095E+01
    18.00 deg.: X-S =    40.171184 mb/sr,
+                                         /R =   3.4524E+01
    19.00 deg.: X-S =    74.333960 mb/sr,
+                                         /R =   7.9159E+01
    20.00 deg.: X-S =   100.935816 mb/sr,
+                                         /R =   1.3170E+02
    21.00 deg.: X-S =   109.524749 mb/sr,
+                                         /R =   1.7335E+02
    22.00 deg.: X-S =   105.619150 mb/sr,
+                                         /R =   2.0091E+02
    23.00 deg.: X-S =   101.081597 mb/sr,
+                                         /R =   2.2918E+02
    24.00 deg.: X-S =   104.983230 mb/sr,
+                                         /R =   2.8152E+02
    25.00 deg.: X-S =   119.200058 mb/sr,
+                                         /R =   3.7540E+02
    26.00 deg.: X-S =   139.205799 mb/sr,
+                                         /R =   5.1154E+02
    27.00 deg.: X-S =   157.903089 mb/sr,
+                                         /R =   6.7299E+02
    28.00 deg.: X-S =   169.644302 mb/sr,
+                                         /R =   8.3390E+02
    29.00 deg.: X-S =   172.458629 mb/sr,
+                                         /R =   9.7265E+02
    30.00 deg.: X-S =   167.983632 mb/sr,
+                                         /R =   1.0817E+03
    31.00 deg.: X-S =   159.814328 mb/sr,
+                                         /R =   1.1697E+03
    32.00 deg.: X-S =   151.476345 mb/sr,
+                                         /R =   1.2548E+03
    33.00 deg.: X-S =   145.024232 mb/sr,
+                                         /R =   1.3542E+03
    34.00 deg.: X-S =   140.683891 mb/sr,
+                                         /R =   1.4752E+03
    35.00 deg.: X-S =   137.377018 mb/sr,
+                                         /R =   1.6120E+03
    36.00 deg.: X-S =   133.637278 mb/sr,
+                                         /R =   1.7488E+03
    37.00 deg.: X-S =   128.412173 mb/sr,
+                                         /R =   1.8680E+03
    38.00 deg.: X-S =   121.447949 mb/sr,
+                                         /R =   1.9581E+03
    39.00 deg.: X-S =   113.221694 mb/sr,
+                                         /R =   2.0174E+03
    40.00 deg.: X-S =   104.583696 mb/sr,
+                                         /R =   2.0537E+03
    41.00 deg.: X-S =    96.343121 mb/sr,
+                                         /R =   2.0797E+03
    42.00 deg.: X-S =    88.982910 mb/sr,
+                                         /R =   2.1062E+03
    43.00 deg.: X-S =    82.581404 mb/sr,
+                                         /R =   2.1382E+03
    44.00 deg.: X-S =    76.911957 mb/sr,
+                                         /R =   2.1736E+03
    45.00 deg.: X-S =    71.629577 mb/sr,
+                                         /R =   2.2046E+03
    46.00 deg.: X-S =    66.446438 mb/sr,
+                                         /R =   2.2226E+03
    47.00 deg.: X-S =    61.231821 mb/sr,
+                                         /R =   2.2215E+03
    48.00 deg.: X-S =    56.020721 mb/sr,
+                                         /R =   2.2003E+03
    49.00 deg.: X-S =    50.955251 mb/sr,
+                                         /R =   2.1626E+03
    50.00 deg.: X-S =    46.201310 mb/sr,
+                                         /R =   2.1151E+03
    51.00 deg.: X-S =    41.879521 mb/sr,
+                                         /R =   2.0645E+03
    52.00 deg.: X-S =    38.032245 mb/sr,
+                                         /R =   2.0156E+03
    53.00 deg.: X-S =    34.628249 mb/sr,
+                                         /R =   1.9698E+03
    54.00 deg.: X-S =    31.591995 mb/sr,
+                                         /R =   1.9259E+03
    55.00 deg.: X-S =    28.839375 mb/sr,
+                                         /R =   1.8814E+03
    56.00 deg.: X-S =    26.304907 mb/sr,
+                                         /R =   1.8338E+03
    57.00 deg.: X-S =    23.953137 mb/sr,
+                                         /R =   1.7819E+03
    58.00 deg.: X-S =    21.775047 mb/sr,
+                                         /R =   1.7263E+03
    59.00 deg.: X-S =    19.775624 mb/sr,
+                                         /R =   1.6686E+03
    60.00 deg.: X-S =    17.960104 mb/sr,
+                                         /R =   1.6109E+03
    61.00 deg.: X-S =    16.324605 mb/sr,
+                                         /R =   1.5545E+03
    62.00 deg.: X-S =    14.853516 mb/sr,
+                                         /R =   1.4999E+03
    63.00 deg.: X-S =    13.522815 mb/sr,
+                                         /R =   1.4464E+03
    64.00 deg.: X-S =    12.306472 mb/sr,
+                                         /R =   1.3927E+03
    65.00 deg.: X-S =    11.182696 mb/sr,
+                                         /R =   1.3375E+03
    66.00 deg.: X-S =    10.137741 mb/sr,
+                                         /R =   1.2801E+03
    67.00 deg.: X-S =     9.166420 mb/sr,
+                                         /R =   1.2208E+03
    68.00 deg.: X-S =     8.269855 mb/sr,
+                                         /R =   1.1604E+03
    69.00 deg.: X-S =     7.451813 mb/sr,
+                                         /R =   1.1006E+03
    70.00 deg.: X-S =     6.715148 mb/sr,
+                                         /R =   1.0430E+03
    71.00 deg.: X-S =     6.059454 mb/sr,
+                                         /R =   9.8884E+02
    72.00 deg.: X-S =     5.480335 mb/sr,
+                                         /R =   9.3876E+02
    73.00 deg.: X-S =     4.970096 mb/sr,
+                                         /R =   8.9287E+02
    74.00 deg.: X-S =     4.519272 mb/sr,
+                                         /R =   8.5074E+02
    75.00 deg.: X-S =     4.118259 mb/sr,
+                                         /R =   8.1166E+02
    76.00 deg.: X-S =     3.758529 mb/sr,
+                                         /R =   7.7493E+02
    77.00 deg.: X-S =     3.433194 mb/sr,
+                                         /R =   7.3990E+02
    78.00 deg.: X-S =     3.136977 mb/sr,
+                                         /R =   7.0611E+02
    79.00 deg.: X-S =     2.865837 mb/sr,
+                                         /R =   6.7324E+02
    80.00 deg.: X-S =     2.616538 mb/sr,
+                                         /R =   6.4102E+02
    81.00 deg.: X-S =     2.386388 mb/sr,
+                                         /R =   6.0925E+02
    82.00 deg.: X-S =     2.173185 mb/sr,
+                                         /R =   5.7775E+02
    83.00 deg.: X-S =     1.975310 mb/sr,
+                                         /R =   5.4647E+02
    84.00 deg.: X-S =     1.791809 mb/sr,
+                                         /R =   5.1548E+02
    85.00 deg.: X-S =     1.622377 mb/sr,
+                                         /R =   4.8502E+02
    86.00 deg.: X-S =     1.467159 mb/sr,
+                                         /R =   4.5550E+02
    87.00 deg.: X-S =     1.326425 mb/sr,
+                                         /R =   4.2737E+02
    88.00 deg.: X-S =     1.200244 mb/sr,
+                                         /R =   4.0108E+02
    89.00 deg.: X-S =     1.088253 mb/sr,
+                                         /R =   3.7692E+02
    90.00 deg.: X-S =     0.989585 mb/sr,
+                                         /R =   3.5503E+02
    91.00 deg.: X-S =     0.902958 mb/sr,
+                                         /R =   3.3536E+02
    92.00 deg.: X-S =     0.826861 mb/sr,
+                                         /R =   3.1772E+02
    93.00 deg.: X-S =     0.759739 mb/sr,
+                                         /R =   3.0185E+02
    94.00 deg.: X-S =     0.700104 mb/sr,
+                                         /R =   2.8744E+02
    95.00 deg.: X-S =     0.646575 mb/sr,
+                                         /R =   2.7417E+02
    96.00 deg.: X-S =     0.597869 mb/sr,
+                                         /R =   2.6168E+02
    97.00 deg.: X-S =     0.552795 mb/sr,
+                                         /R =   2.4961E+02
    98.00 deg.: X-S =     0.510310 mb/sr,
+                                         /R =   2.3759E+02
    99.00 deg.: X-S =     0.469625 mb/sr,
+                                         /R =   2.2532E+02
   100.00 deg.: X-S =     0.430338 mb/sr,
+                                         /R =   2.1267E+02
   101.00 deg.: X-S =     0.392483 mb/sr,
+                                         /R =   1.9967E+02
   102.00 deg.: X-S =     0.356486 mb/sr,
+                                         /R =   1.8661E+02
   103.00 deg.: X-S =     0.322991 mb/sr,
+                                         /R =   1.7388E+02
   104.00 deg.: X-S =     0.292625 mb/sr,
+                                         /R =   1.6193E+02
   105.00 deg.: X-S =     0.265769 mb/sr,
+                                         /R =   1.5109E+02
   106.00 deg.: X-S =     0.242426 mb/sr,
+                                         /R =   1.4153E+02
   107.00 deg.: X-S =     0.222255 mb/sr,
+                                         /R =   1.3318E+02
   108.00 deg.: X-S =     0.204711 mb/sr,
+                                         /R =   1.2585E+02
   109.00 deg.: X-S =     0.189235 mb/sr,
+                                         /R =   1.1929E+02
   110.00 deg.: X-S =     0.175414 mb/sr,
+                                         /R =   1.1334E+02
   111.00 deg.: X-S =     0.163028 mb/sr,
+                                         /R =   1.0792E+02
   112.00 deg.: X-S =     0.151985 mb/sr,
+                                         /R =   1.0303E+02
   113.00 deg.: X-S =     0.142181 mb/sr,
+                                         /R =   9.8660E+01
   114.00 deg.: X-S =     0.133379 mb/sr,
+                                         /R =   9.4695E+01
   115.00 deg.: X-S =     0.125186 mb/sr,
+                                         /R =   9.0896E+01
   116.00 deg.: X-S =     0.117133 mb/sr,
+                                         /R =   8.6943E+01
   117.00 deg.: X-S =     0.108835 mb/sr,
+                                         /R =   8.2548E+01
   118.00 deg.: X-S =     0.100150 mb/sr,
+                                         /R =   7.7587E+01
   119.00 deg.: X-S =     0.091259 mb/sr,
+                                         /R =   7.2183E+01
   120.00 deg.: X-S =     0.082601 mb/sr,
+                                         /R =   6.6678E+01
   121.00 deg.: X-S =     0.074699 mb/sr,
+                                         /R =   6.1515E+01
   122.00 deg.: X-S =     0.067950 mb/sr,
+                                         /R =   5.7061E+01
   123.00 deg.: X-S =     0.062466 mb/sr,
+                                         /R =   5.3470E+01
   124.00 deg.: X-S =     0.058054 mb/sr,
+                                         /R =   5.0634E+01
   125.00 deg.: X-S =     0.054320 mb/sr,
+                                         /R =   4.8256E+01
   126.00 deg.: X-S =     0.050870 mb/sr,
+                                         /R =   4.6011E+01
   127.00 deg.: X-S =     0.047486 mb/sr,
+                                         /R =   4.3713E+01
   128.00 deg.: X-S =     0.044204 mb/sr,
+                                         /R =   4.1397E+01
   129.00 deg.: X-S =     0.041249 mb/sr,
+                                         /R =   3.9286E+01
   130.00 deg.: X-S =     0.038871 mb/sr,
+                                         /R =   3.7636E+01
   131.00 deg.: X-S =     0.037155 mb/sr,
+                                         /R =   3.6558E+01
   132.00 deg.: X-S =     0.035921 mb/sr,
+                                         /R =   3.5904E+01
   133.00 deg.: X-S =     0.034769 mb/sr,
+                                         /R =   3.5290E+01
   134.00 deg.: X-S =     0.033239 mb/sr,
+                                         /R =   3.4247E+01
   135.00 deg.: X-S =     0.031034 mb/sr,
+                                         /R =   3.2447E+01
   136.00 deg.: X-S =     0.028175 mb/sr,
+                                         /R =   2.9882E+01
   137.00 deg.: X-S =     0.025013 mb/sr,
+                                         /R =   2.6900E+01
   138.00 deg.: X-S =     0.022081 mb/sr,
+                                         /R =   2.4071E+01
   139.00 deg.: X-S =     0.019858 mb/sr,
+                                         /R =   2.1936E+01
   140.00 deg.: X-S =     0.018545 mb/sr,
+                                         /R =   2.0752E+01
   141.00 deg.: X-S =     0.017975 mb/sr,
+                                         /R =   2.0367E+01
   142.00 deg.: X-S =     0.017697 mb/sr,
+                                         /R =   2.0299E+01
   143.00 deg.: X-S =     0.017205 mb/sr,
+                                         /R =   1.9969E+01
   144.00 deg.: X-S =     0.016191 mb/sr,
+                                         /R =   1.9010E+01
   145.00 deg.: X-S =     0.014704 mb/sr,
+                                         /R =   1.7458E+01
   146.00 deg.: X-S =     0.013125 mb/sr,
+                                         /R =   1.5752E+01
   147.00 deg.: X-S =     0.011969 mb/sr,
+                                         /R =   1.4517E+01
   148.00 deg.: X-S =     0.011606 mb/sr,
+                                         /R =   1.4221E+01
   149.00 deg.: X-S =     0.012039 mb/sr,
+                                         /R =   1.4897E+01
   150.00 deg.: X-S =     0.012863 mb/sr,
+                                         /R =   1.6069E+01
   151.00 deg.: X-S =     0.013435 mb/sr,
+                                         /R =   1.6938E+01
   152.00 deg.: X-S =     0.013176 mb/sr,
+                                         /R =   1.6760E+01
   153.00 deg.: X-S =     0.011874 mb/sr,
+                                         /R =   1.5234E+01
   154.00 deg.: X-S =     0.009818 mb/sr,
+                                         /R =   1.2700E+01
   155.00 deg.: X-S =     0.007693 mb/sr,
+                                         /R =   1.0030E+01
   156.00 deg.: X-S =     0.006269 mb/sr,
+                                         /R =   8.2355E+00
   157.00 deg.: X-S =     0.006026 mb/sr,
+                                         /R =   7.9736E+00
   158.00 deg.: X-S =     0.006896 mb/sr,
+                                         /R =   9.1890E+00
   159.00 deg.: X-S =     0.008268 mb/sr,
+                                         /R =   1.1090E+01
   160.00 deg.: X-S =     0.009260 mb/sr,
+                                         /R =   1.2499E+01
   161.00 deg.: X-S =     0.009158 mb/sr,
+                                         /R =   1.2437E+01
   162.00 deg.: X-S =     0.007803 mb/sr,
+                                         /R =   1.0657E+01
   163.00 deg.: X-S =     0.005724 mb/sr,
+                                         /R =   7.8589E+00
   164.00 deg.: X-S =     0.003937 mb/sr,
+                                         /R =   5.4338E+00
   165.00 deg.: X-S =     0.003473 mb/sr,
+                                         /R =   4.8150E+00
   166.00 deg.: X-S =     0.004829 mb/sr,
+                                         /R =   6.7257E+00
   167.00 deg.: X-S =     0.007642 mb/sr,
+                                         /R =   1.0687E+01
   168.00 deg.: X-S =     0.010736 mb/sr,
+                                         /R =   1.5072E+01
   169.00 deg.: X-S =     0.012603 mb/sr,
+                                         /R =   1.7755E+01
   170.00 deg.: X-S =     0.012111 mb/sr,
+                                         /R =   1.7118E+01
   171.00 deg.: X-S =     0.009162 mb/sr,
+                                         /R =   1.2987E+01
   172.00 deg.: X-S =     0.004955 mb/sr,
+                                         /R =   7.0412E+00
   173.00 deg.: X-S =     0.001703 mb/sr,
+                                         /R =   2.4257E+00
   174.00 deg.: X-S =     0.001851 mb/sr,
+                                         /R =   2.6411E+00
   175.00 deg.: X-S =     0.007067 mb/sr,
+                                         /R =   1.0103E+01
   176.00 deg.: X-S =     0.017428 mb/sr,
+                                         /R =   2.4950E+01
   177.00 deg.: X-S =     0.031138 mb/sr,
+                                         /R =   4.4625E+01
   178.00 deg.: X-S =     0.044954 mb/sr,
+                                         /R =   6.4473E+01
   179.00 deg.: X-S =     0.055193 mb/sr,
+                                         /R =   7.9194E+01
   179.99 deg.: X-S =     0.058969 mb/sr,
+                                         /R =   8.4625E+01
                                           Integrated********** mb, over [   0.000, 180.000] at   345.0000 MeV 

 CROSS SECTIONS FOR OUTGOING n        & 7Be      in state #   1 with spins & parities 0.5  + &  1.5  -;  0

     0.00 deg.: X-S =   1.5665E+05 mb/sr,
+                                         REAC   1.9466E+07 mb
     1.00 deg.: X-S =   3.4270E+07 mb/sr,
     2.00 deg.: X-S =   3.9411E+07 mb/sr,
     3.00 deg.: X-S =   1.1801E+07 mb/sr,
     4.00 deg.: X-S =   1.3930E+07 mb/sr,
     5.00 deg.: X-S =   9.4372E+06 mb/sr,
     6.00 deg.: X-S =   8.2823E+06 mb/sr,
     7.00 deg.: X-S =   7.7562E+06 mb/sr,
     8.00 deg.: X-S =   6.2252E+06 mb/sr,
     9.00 deg.: X-S =   6.5693E+06 mb/sr,
    10.00 deg.: X-S =   5.3058E+06 mb/sr,
    11.00 deg.: X-S =   5.7403E+06 mb/sr,
    12.00 deg.: X-S =   4.8193E+06 mb/sr,
    13.00 deg.: X-S =   5.1608E+06 mb/sr,
    14.00 deg.: X-S =   4.5308E+06 mb/sr,
    15.00 deg.: X-S =   4.7270E+06 mb/sr,
    16.00 deg.: X-S =   4.3695E+06 mb/sr,
    17.00 deg.: X-S =   4.3596E+06 mb/sr,
    18.00 deg.: X-S =   4.3010E+06 mb/sr,
    19.00 deg.: X-S =   4.0322E+06 mb/sr,
    20.00 deg.: X-S =   4.2700E+06 mb/sr,
    21.00 deg.: X-S =   3.7742E+06 mb/sr,
    22.00 deg.: X-S =   4.1982E+06 mb/sr,
    23.00 deg.: X-S =   3.6374E+06 mb/sr,
    24.00 deg.: X-S =   4.0222E+06 mb/sr,
    25.00 deg.: X-S =   3.6417E+06 mb/sr,
    26.00 deg.: X-S =   3.7399E+06 mb/sr,
    27.00 deg.: X-S =   3.7367E+06 mb/sr,
    28.00 deg.: X-S =   3.4264E+06 mb/sr,
    29.00 deg.: X-S =   3.8084E+06 mb/sr,
    30.00 deg.: X-S =   3.1986E+06 mb/sr,
    31.00 deg.: X-S =   3.7368E+06 mb/sr,
    32.00 deg.: X-S =   3.1406E+06 mb/sr,
    33.00 deg.: X-S =   3.4752E+06 mb/sr,
    34.00 deg.: X-S =   3.2342E+06 mb/sr,
    35.00 deg.: X-S =   3.0953E+06 mb/sr,
    36.00 deg.: X-S =   3.3495E+06 mb/sr,
    37.00 deg.: X-S =   2.7549E+06 mb/sr,
    38.00 deg.: X-S =   3.3178E+06 mb/sr,
    39.00 deg.: X-S =   2.5949E+06 mb/sr,
    40.00 deg.: X-S =   3.0495E+06 mb/sr,
    41.00 deg.: X-S =   2.6303E+06 mb/sr,
    42.00 deg.: X-S =   2.6093E+06 mb/sr,
    43.00 deg.: X-S =   2.7261E+06 mb/sr,
    44.00 deg.: X-S =   2.1821E+06 mb/sr,
    45.00 deg.: X-S =   2.6879E+06 mb/sr,
    46.00 deg.: X-S =   1.9405E+06 mb/sr,
    47.00 deg.: X-S =   2.4088E+06 mb/sr,
    48.00 deg.: X-S =   1.9146E+06 mb/sr,
    49.00 deg.: X-S =   1.9542E+06 mb/sr,
    50.00 deg.: X-S =   1.9700E+06 mb/sr,
    51.00 deg.: X-S =   1.5136E+06 mb/sr,
    52.00 deg.: X-S =   1.9167E+06 mb/sr,
    53.00 deg.: X-S =   1.2549E+06 mb/sr,
    54.00 deg.: X-S =   1.6581E+06 mb/sr,
    55.00 deg.: X-S =   1.2010E+06 mb/sr,
    56.00 deg.: X-S =   1.2608E+06 mb/sr,
    57.00 deg.: X-S =   1.2281E+06 mb/sr,
    58.00 deg.: X-S =   8.9089E+05 mb/sr,
    59.00 deg.: X-S =   1.1764E+06 mb/sr,
    60.00 deg.: X-S =   6.8032E+05 mb/sr,
    61.00 deg.: X-S =   9.7621E+05 mb/sr,
    62.00 deg.: X-S =   6.3546E+05 mb/sr,
    63.00 deg.: X-S =   6.8758E+05 mb/sr,
    64.00 deg.: X-S =   6.5335E+05 mb/sr,
    65.00 deg.: X-S =   4.3549E+05 mb/sr,
    66.00 deg.: X-S =   6.1742E+05 mb/sr,
    67.00 deg.: X-S =   3.0658E+05 mb/sr,
    68.00 deg.: X-S =   4.8638E+05 mb/sr,
    69.00 deg.: X-S =   2.9233E+05 mb/sr,
    70.00 deg.: X-S =   3.1048E+05 mb/sr,
    71.00 deg.: X-S =   3.1350E+05 mb/sr,
    72.00 deg.: X-S =   1.7599E+05 mb/sr,
    73.00 deg.: X-S =   2.9279E+05 mb/sr,
    74.00 deg.: X-S =   1.3241E+05 mb/sr,
    75.00 deg.: X-S =   2.1326E+05 mb/sr,
    76.00 deg.: X-S =   1.5982E+05 mb/sr,
    77.00 deg.: X-S =   1.2114E+05 mb/sr,
    78.00 deg.: X-S =   1.9425E+05 mb/sr,
    79.00 deg.: X-S =   7.9701E+04 mb/sr,
    80.00 deg.: X-S =   1.8406E+05 mb/sr,
    81.00 deg.: X-S =   1.1481E+05 mb/sr,
    82.00 deg.: X-S =   1.3141E+05 mb/sr,
    83.00 deg.: X-S =   1.9424E+05 mb/sr,
    84.00 deg.: X-S =   8.8545E+04 mb/sr,
    85.00 deg.: X-S =   2.5451E+05 mb/sr,
    86.00 deg.: X-S =   1.1334E+05 mb/sr,
    87.00 deg.: X-S =   2.5376E+05 mb/sr,
    88.00 deg.: X-S =   2.1866E+05 mb/sr,
    89.00 deg.: X-S =   2.0948E+05 mb/sr,
    90.00 deg.: X-S =   3.5594E+05 mb/sr,
    91.00 deg.: X-S =   1.8925E+05 mb/sr,
    92.00 deg.: X-S =   4.4942E+05 mb/sr,
    93.00 deg.: X-S =   2.5759E+05 mb/sr,
    94.00 deg.: X-S =   4.5776E+05 mb/sr,
    95.00 deg.: X-S =   4.1908E+05 mb/sr,
    96.00 deg.: X-S =   4.1338E+05 mb/sr,
    97.00 deg.: X-S =   6.0651E+05 mb/sr,
    98.00 deg.: X-S =   4.0264E+05 mb/sr,
    99.00 deg.: X-S =   7.2970E+05 mb/sr,
   100.00 deg.: X-S =   4.9760E+05 mb/sr,
   101.00 deg.: X-S =   7.4862E+05 mb/sr,
   102.00 deg.: X-S =   6.9425E+05 mb/sr,
   103.00 deg.: X-S =   7.0944E+05 mb/sr,
   104.00 deg.: X-S =   9.1114E+05 mb/sr,
   105.00 deg.: X-S =   7.0975E+05 mb/sr,
   106.00 deg.: X-S =   1.0531E+06 mb/sr,
   107.00 deg.: X-S =   8.1979E+05 mb/sr,
   108.00 deg.: X-S =   1.0874E+06 mb/sr,
   109.00 deg.: X-S =   1.0259E+06 mb/sr,
   110.00 deg.: X-S =   1.0679E+06 mb/sr,
   111.00 deg.: X-S =   1.2435E+06 mb/sr,
   112.00 deg.: X-S =   1.0878E+06 mb/sr,
   113.00 deg.: X-S =   1.3877E+06 mb/sr,
   114.00 deg.: X-S =   1.2026E+06 mb/sr,
   115.00 deg.: X-S =   1.4390E+06 mb/sr,
   116.00 deg.: X-S =   1.3894E+06 mb/sr,
   117.00 deg.: X-S =   1.4503E+06 mb/sr,
   118.00 deg.: X-S =   1.5737E+06 mb/sr,
   119.00 deg.: X-S =   1.4942E+06 mb/sr,
   120.00 deg.: X-S =   1.6952E+06 mb/sr,
   121.00 deg.: X-S =   1.5993E+06 mb/sr,
   122.00 deg.: X-S =   1.7531E+06 mb/sr,
   123.00 deg.: X-S =   1.7341E+06 mb/sr,
   124.00 deg.: X-S =   1.7920E+06 mb/sr,
   125.00 deg.: X-S =   1.8453E+06 mb/sr,
   126.00 deg.: X-S =   1.8502E+06 mb/sr,
   127.00 deg.: X-S =   1.9102E+06 mb/sr,
   128.00 deg.: X-S =   1.9216E+06 mb/sr,
   129.00 deg.: X-S =   1.9503E+06 mb/sr,
   130.00 deg.: X-S =   1.9690E+06 mb/sr,
   131.00 deg.: X-S =   1.9970E+06 mb/sr,
   132.00 deg.: X-S =   1.9712E+06 mb/sr,
   133.00 deg.: X-S =   2.0474E+06 mb/sr,
   134.00 deg.: X-S =   1.9507E+06 mb/sr,
   135.00 deg.: X-S =   2.0615E+06 mb/sr,
   136.00 deg.: X-S =   1.9514E+06 mb/sr,
   137.00 deg.: X-S =   2.0055E+06 mb/sr,
   138.00 deg.: X-S =   1.9875E+06 mb/sr,
   139.00 deg.: X-S =   1.8960E+06 mb/sr,
   140.00 deg.: X-S =   2.0190E+06 mb/sr,
   141.00 deg.: X-S =   1.7967E+06 mb/sr,
   142.00 deg.: X-S =   1.9840E+06 mb/sr,
   143.00 deg.: X-S =   1.7651E+06 mb/sr,
   144.00 deg.: X-S =   1.8595E+06 mb/sr,
   145.00 deg.: X-S =   1.7994E+06 mb/sr,
   146.00 deg.: X-S =   1.6918E+06 mb/sr,
   147.00 deg.: X-S =   1.8378E+06 mb/sr,
   148.00 deg.: X-S =   1.5671E+06 mb/sr,
   149.00 deg.: X-S =   1.8116E+06 mb/sr,
   150.00 deg.: X-S =   1.5463E+06 mb/sr,
   151.00 deg.: X-S =   1.7061E+06 mb/sr,
   152.00 deg.: X-S =   1.6219E+06 mb/sr,
   153.00 deg.: X-S =   1.5771E+06 mb/sr,
   154.00 deg.: X-S =   1.7316E+06 mb/sr,
   155.00 deg.: X-S =   1.5126E+06 mb/sr,
   156.00 deg.: X-S =   1.8127E+06 mb/sr,
   157.00 deg.: X-S =   1.5753E+06 mb/sr,
   158.00 deg.: X-S =   1.8514E+06 mb/sr,
   159.00 deg.: X-S =   1.7724E+06 mb/sr,
   160.00 deg.: X-S =   1.8938E+06 mb/sr,
   161.00 deg.: X-S =   2.0685E+06 mb/sr,
   162.00 deg.: X-S =   2.0187E+06 mb/sr,
   163.00 deg.: X-S =   2.4228E+06 mb/sr,
   164.00 deg.: X-S =   2.3045E+06 mb/sr,
   165.00 deg.: X-S =   2.8230E+06 mb/sr,
   166.00 deg.: X-S =   2.8130E+06 mb/sr,
   167.00 deg.: X-S =   3.3023E+06 mb/sr,
   168.00 deg.: X-S =   3.5952E+06 mb/sr,
   169.00 deg.: X-S =   3.9523E+06 mb/sr,
   170.00 deg.: X-S =   4.7146E+06 mb/sr,
   171.00 deg.: X-S =   4.9529E+06 mb/sr,
   172.00 deg.: X-S =   6.3041E+06 mb/sr,
   173.00 deg.: X-S =   6.6596E+06 mb/sr,
   174.00 deg.: X-S =   8.7256E+06 mb/sr,
   175.00 deg.: X-S =   9.9334E+06 mb/sr,
   176.00 deg.: X-S =   1.3162E+07 mb/sr,
   177.00 deg.: X-S =   1.7991E+07 mb/sr,
   178.00 deg.: X-S =   2.5510E+07 mb/sr,
   179.00 deg.: X-S =   6.9231E+07 mb/sr,
   180.00 deg.: X-S =   1.0573E+08 mb/sr,
                                           Integrated********** mb, over [   0.000, 180.000] at   345.0000 MeV 
 Finished all xsecs @    3.62500000    

  The following files have been created:
   3:local copy of User input.            6:standard output.                   
   7:elastic  S-matrix elements.         12:transfer kernels.                  
  13:total cross sections/state.         16:tables of cross sections.          
  35:Astrophysics S-factors  / Ecm.      38:cross sections for each J/pi.      
  39:cross sections for each Ecm.        40:all cross sectns. for each Elab.   
  45:scat phase shift as E functions.    46:bs wave functions & ANC ratios.    
  56:Fusion for each Jtotal.             75:S-factors for lab energies.        
 201:Separate cross sections.           202:Separate cross sections.           

 PARAMETERS : MAXQRN   MFNL   MLOC  LMAX1 MCLIST
    ALLOWED :      4     25     10    100      6
    REQUIRED:      1      4     10     82      3


 ACCURACY ANALYSIS at   345.000 MeV :

  Elastic h*k = 0.203 so NOT OK   compared with 0.200

   Real(S-el) > 0.01 first at J =       1.0
   Real(S-el) > 0.10 first at J =      15.0
   Real(S-el) > 0.50 first at J =      23.0
   Real(S-el) > 0.90 first at J =      25.0
   Real(S-el) > 0.99 first at J =      29.0
   R-turn =    19.83 fm    at J =      80.0

 Forward-angle excitation cut off below   0.097 deg by max JT =      80.0
                              and below   0.064 deg by max R.


 1: Recommended RNL: non-local width >  12.20 cf:  30.00 fm: OK      
    Recommended CENTRE: centration   ~   1.20 cf:   0.00 fm

 Total CPU  0 time =       3.64 seconds
