 FRESCO - FRES 3.4: Coupled Reaction Channels
 Assuming NAMELIST input.

 Test reaction with generated potential                                          

   0.040  50.000   0.500   0.000   0.000   0.000   0.000   0.000   0.000   0.000

 Centre-of-mass Range is   1252 * 0.0400 fm., Maximum at  50.00 fm., Interpolating NL forms every  0.52 fm.
 Non - locality width is      4 * 0.0400 fm., Maximum of   0.12 fm., Centred at  0.00 fm.
 2-Nucleon Separation of      0 * 0.5200 fm., Maximum of   0.00 fm., Minimum at  0.00 fm.
 Maximum single particle bins of 49.9200 fm.
               M,Mint =         1251        1249


 Range of total J is     0.0 <= J <=   150.0 (at least     0.0) and Absorbtion =>     0.1000 mb.
 Dry Run = F, CC set limits =  0  0, Relativistic kinematics =  , Both/Far/Near Analyses =  1                     

 Cross Sections (and up to T0 for 0=projectile) for Theta from   0.0 to 180.0 in steps of  1.0 degrees, DGAM=0,  Coordinates = 0 (Mads)

 Lower Radial Cutoff = maximum of -1.60*L*h &       0.0 fm.,  Lower Cutoff for Couplings =   0.0  fm.


 Iterate Couplings between   0 and   0 times, to  0.000 % if sooner.                                          
  Block solved exactly =   0 chs., with Pade = 0 & Isocen =  =0, NOSOL = F, initwf =  0
  NL quadrature with   18 Gaussian points, Calculate multipoles up to   156 from   0
  M-transfers for lp+lt greater than or equal to  6, Angular Integration Cutoff below  2.7778 %


 Trace switches are :  CHANS =  0, LISTCC =  0, TRENEG =  0, CDETR =  0, SMATS =  0, XSTABL =  0, NLPL =  0

                       WAVES =  0, LAMPL =  0, VEFF =  0, KFUS =  0, WDISK =  0, BPM =  0, MELFIL =  0

                       CDCC =  0, NFUS =  0

 Using unit mass = 1.000000 amu and 1/fine-structure constant = 137.03599 ( 1.000000 * true ) with hc = 197.32705 MeV.fm,
  thus 2*amu/hbar^2 = 0.0478450 = 1/20.9008 and Coulomb constant = 0.1574855 so e^2 = 1.43997, and nuclear magneton= 0.1261183

 Now pre-scan input and save to file 3



 *********** PARTITION NUMBER  1 ******************************************************************************************

   PROJ=4He        MASS=  4.0000 Z=   2.0,        # STATES=    1T, TARG=p        MASS=  1.0000 Z=   1.0,     Q-VALUE =   0.0000 MEV.

     1:  J= 0.0+ (B# 1), E=  0.0000, K= 0.0              Potl#  1       J= 0.5+ (B# 1), E=  0.0000, K= 0.5    


 ************************************************************************************************************************************

 The following POTENTIALS are defined :

  KP#       TYPE      IT    SHAPE      at     V1        r1        a1        V2        r2        a2        A-in     A-used


                                            A#1       A#2        r0c       ac                                                h @ 1
    1    0=Coulomb       0=CHARGE (WS)  1     1.000     1.000    3.2343    0.0000    0.0000    0.0000     0.000     8.000   0.04000

    1    1=Volume        0=Woods-Saxon  2   70.0000    1.2500    0.6500   15.0000    1.2500    0.6500     0.000     8.000

    1    2=Surface       0=Woods-Saxon  3    0.0000    0.0000    0.0000    5.0000    1.3000    0.6500     0.000     8.000

    1    3=Projtl S.O.   0=Woods-Saxon  4    0.0000    1.0000    0.6500    0.0000    0.0000    0.0000     0.000     8.000

 Incoming partition  1 in excitation state # 1,   Laboratory Energy given for partition  1 Nucleus 1 in Excitation pair 1

0Lab. ENERGY ranges :

   from    90.0000     to   0.00000     in     0 intervals
   from    0.00000     to   0.00000     in     0 intervals
   from    0.00000     to   0.00000     in     0 intervals

 Largest real,imaginary parts of any form factor at R=   49.60 are   2.90E-02  7.91E-31 MeV
 Finished all Couplings @    0.00000000               4

 Symmetric Hamiltonian
1***********************************************************************************************************************************
************************************************************************************************************************************

        INCOMING 4He      ;    LABORATORY 4He      ENERGY =   90.000     MeV.

 ***********************************************************************************************************************************
 ***********************************************************************************************************************************


  NOTE: Coulomb excitation cut off below   0.051 deg by JTMAX, and below   0.183 deg by Rmax

 Allocate arrays for            1  channels, of which            1  need wfs.
 Reaction Xsec     7.5-/ 7 @ 1 =   0.445 , Out:   0.000#
 Reaction Xsec     8.5+/ 8 @ 1 =   0.100 , Out:   0.000#
 Reaction Xsec     8.5-/ 9 @ 1 =   0.020 , Out:   0.000#
 Finished all CC sets @    0.00000000    
0CUMULATIVE REACTION cross section                 =  724.68637  <L> =     2.48  <L**2> =      7.5
0CUMULATIVE outgoing cross sections in partition 1 :    0.00000
0Cumulative ABSORBTION by Imaginary Potentials     =  724.68637  <L> =     2.48  <L**2> =      7.5
   Fusion for specific 4He      M-states :  724.686366
0CUMULATIVE OUTGOING cross section                 =    0.00000
 To convert to S-factors (MeV.mb = keV.b),  multiply by  2.7319E+01


 CROSS SECTIONS FOR OUTGOING 4He      & p        in state #   1 with spins & parities 0.0  + &  0.5  +;  0

     0.01 deg.: X-S =   2.7587E+14 mb/sr,
+                                         /R =   1.0000E+00
     1.00 deg.: X-S =   2.7163E+06 mb/sr,
+                                         /R =   9.8456E-01
     2.00 deg.: X-S =   1.6436E+05 mb/sr,
+                                         /R =   9.5304E-01
     3.00 deg.: X-S =   3.1442E+04 mb/sr,
+                                         /R =   9.2276E-01
     4.00 deg.: X-S =  9861.680795 mb/sr,
+                                         /R =   9.1438E-01
     5.00 deg.: X-S =  4212.901853 mb/sr,
+                                         /R =   9.5324E-01
     6.00 deg.: X-S =  2279.514459 mb/sr,
+                                         /R =   1.0689E+00
     7.00 deg.: X-S =  1490.965955 mb/sr,
+                                         /R =   1.2944E+00
     8.00 deg.: X-S =  1124.993861 mb/sr,
+                                         /R =   1.6649E+00
     9.00 deg.: X-S =   935.837461 mb/sr,
+                                         /R =   2.2165E+00
    10.00 deg.: X-S =   827.648706 mb/sr,
+                                         /R =   2.9849E+00
    11.00 deg.: X-S =   759.043007 mb/sr,
+                                         /R =   4.0037E+00
    12.00 deg.: X-S =   710.704787 mb/sr,
+                                         /R =   5.3031E+00
    13.00 deg.: X-S =   673.061348 mb/sr,
+                                         /R =   6.9086E+00
    14.00 deg.: X-S =   641.148559 mb/sr,
+                                         /R =   8.8397E+00
    15.00 deg.: X-S =   612.309119 mb/sr,
+                                         /R =   1.1109E+01
    16.00 deg.: X-S =   585.095830 mb/sr,
+                                         /R =   1.3720E+01
    17.00 deg.: X-S =   558.721453 mb/sr,
+                                         /R =   1.6669E+01
    18.00 deg.: X-S =   532.770280 mb/sr,
+                                         /R =   1.9942E+01
    19.00 deg.: X-S =   507.040992 mb/sr,
+                                         /R =   2.3517E+01
    20.00 deg.: X-S =   481.458082 mb/sr,
+                                         /R =   2.7362E+01
    21.00 deg.: X-S =   456.020362 mb/sr,
+                                         /R =   3.1435E+01
    22.00 deg.: X-S =   430.770188 mb/sr,
+                                         /R =   3.5690E+01
    23.00 deg.: X-S =   405.774582 mb/sr,
+                                         /R =   4.0069E+01
    24.00 deg.: X-S =   381.113369 mb/sr,
+                                         /R =   4.4511E+01
    25.00 deg.: X-S =   356.871574 mb/sr,
+                                         /R =   4.8951E+01
    26.00 deg.: X-S =   333.134445 mb/sr,
+                                         /R =   5.3318E+01
    27.00 deg.: X-S =   309.984157 mb/sr,
+                                         /R =   5.7542E+01
    28.00 deg.: X-S =   287.497618 mb/sr,
+                                         /R =   6.1551E+01
    29.00 deg.: X-S =   265.745011 mb/sr,
+                                         /R =   6.5278E+01
    30.00 deg.: X-S =   244.788849 mb/sr,
+                                         /R =   6.8656E+01
    31.00 deg.: X-S =   224.683399 mb/sr,
+                                         /R =   7.1625E+01
    32.00 deg.: X-S =   205.474379 mb/sr,
+                                         /R =   7.4133E+01
    33.00 deg.: X-S =   187.198862 mb/sr,
+                                         /R =   7.6133E+01
    34.00 deg.: X-S =   169.885340 mb/sr,
+                                         /R =   7.7589E+01
    35.00 deg.: X-S =   153.553918 mb/sr,
+                                         /R =   7.8475E+01
    36.00 deg.: X-S =   138.216613 mb/sr,
+                                         /R =   7.8775E+01
    37.00 deg.: X-S =   123.877731 mb/sr,
+                                         /R =   7.8487E+01
    38.00 deg.: X-S =   110.534319 mb/sr,
+                                         /R =   7.7619E+01
    39.00 deg.: X-S =    98.176662 mb/sr,
+                                         /R =   7.6189E+01
    40.00 deg.: X-S =    86.788822 mb/sr,
+                                         /R =   7.4229E+01
    41.00 deg.: X-S =    76.349212 mb/sr,
+                                         /R =   7.1781E+01
    42.00 deg.: X-S =    66.831182 mb/sr,
+                                         /R =   6.8896E+01
    43.00 deg.: X-S =    58.203617 mb/sr,
+                                         /R =   6.5638E+01
    44.00 deg.: X-S =    50.431538 mb/sr,
+                                         /R =   6.2073E+01
    45.00 deg.: X-S =    43.476699 mb/sr,
+                                         /R =   5.8280E+01
    46.00 deg.: X-S =    37.298170 mb/sr,
+                                         /R =   5.4338E+01
    47.00 deg.: X-S =    31.852896 mb/sr,
+                                         /R =   5.0333E+01
    48.00 deg.: X-S =    27.096247 mb/sr,
+                                         /R =   4.6351E+01
    49.00 deg.: X-S =    22.982527 mb/sr,
+                                         /R =   4.2482E+01
    50.00 deg.: X-S =    19.465461 mb/sr,
+                                         /R =   3.8811E+01
    51.00 deg.: X-S =    16.498639 mb/sr,
+                                         /R =   3.5423E+01
    52.00 deg.: X-S =    14.035937 mb/sr,
+                                         /R =   3.2397E+01
    53.00 deg.: X-S =    12.031889 mb/sr,
+                                         /R =   2.9809E+01
    54.00 deg.: X-S =    10.442023 mb/sr,
+                                         /R =   2.7725E+01
    55.00 deg.: X-S =     9.223166 mb/sr,
+                                         /R =   2.6206E+01
    56.00 deg.: X-S =     8.333697 mb/sr,
+                                         /R =   2.5303E+01
    57.00 deg.: X-S =     7.733774 mb/sr,
+                                         /R =   2.5058E+01
    58.00 deg.: X-S =     7.385517 mb/sr,
+                                         /R =   2.5502E+01
    59.00 deg.: X-S =     7.253157 mb/sr,
+                                         /R =   2.6655E+01
    60.00 deg.: X-S =     7.303152 mb/sr,
+                                         /R =   2.8529E+01
    61.00 deg.: X-S =     7.504267 mb/sr,
+                                         /R =   3.1123E+01
    62.00 deg.: X-S =     7.827630 mb/sr,
+                                         /R =   3.4426E+01
    63.00 deg.: X-S =     8.246752 mb/sr,
+                                         /R =   3.8417E+01
    64.00 deg.: X-S =     8.737527 mb/sr,
+                                         /R =   4.3065E+01
    65.00 deg.: X-S =     9.278209 mb/sr,
+                                         /R =   4.8332E+01
    66.00 deg.: X-S =     9.849363 mb/sr,
+                                         /R =   5.4168E+01
    67.00 deg.: X-S =    10.433805 mb/sr,
+                                         /R =   6.0520E+01
    68.00 deg.: X-S =    11.016514 mb/sr,
+                                         /R =   6.7327E+01
    69.00 deg.: X-S =    11.584547 mb/sr,
+                                         /R =   7.4523E+01
    70.00 deg.: X-S =    12.126927 mb/sr,
+                                         /R =   8.2038E+01
    71.00 deg.: X-S =    12.634532 mb/sr,
+                                         /R =   8.9800E+01
    72.00 deg.: X-S =    13.099970 mb/sr,
+                                         /R =   9.7734E+01
    73.00 deg.: X-S =    13.517454 mb/sr,
+                                         /R =   1.0577E+02
    74.00 deg.: X-S =    13.882672 mb/sr,
+                                         /R =   1.1382E+02
    75.00 deg.: X-S =    14.192652 mb/sr,
+                                         /R =   1.2183E+02
    76.00 deg.: X-S =    14.445633 mb/sr,
+                                         /R =   1.2972E+02
    77.00 deg.: X-S =    14.640932 mb/sr,
+                                         /R =   1.3743E+02
    78.00 deg.: X-S =    14.778817 mb/sr,
+                                         /R =   1.4489E+02
    79.00 deg.: X-S =    14.860381 mb/sr,
+                                         /R =   1.5205E+02
    80.00 deg.: X-S =    14.887422 mb/sr,
+                                         /R =   1.5885E+02
    81.00 deg.: X-S =    14.862331 mb/sr,
+                                         /R =   1.6526E+02
    82.00 deg.: X-S =    14.787979 mb/sr,
+                                         /R =   1.7123E+02
    83.00 deg.: X-S =    14.667620 mb/sr,
+                                         /R =   1.7673E+02
    84.00 deg.: X-S =    14.504793 mb/sr,
+                                         /R =   1.8174E+02
    85.00 deg.: X-S =    14.303237 mb/sr,
+                                         /R =   1.8624E+02
    86.00 deg.: X-S =    14.066812 mb/sr,
+                                         /R =   1.9021E+02
    87.00 deg.: X-S =    13.799426 mb/sr,
+                                         /R =   1.9365E+02
    88.00 deg.: X-S =    13.504973 mb/sr,
+                                         /R =   1.9655E+02
    89.00 deg.: X-S =    13.187276 mb/sr,
+                                         /R =   1.9893E+02
    90.00 deg.: X-S =    12.850040 mb/sr,
+                                         /R =   2.0079E+02
    91.00 deg.: X-S =    12.496809 mb/sr,
+                                         /R =   2.0215E+02
    92.00 deg.: X-S =    12.130935 mb/sr,
+                                         /R =   2.0302E+02
    93.00 deg.: X-S =    11.755550 mb/sr,
+                                         /R =   2.0342E+02
    94.00 deg.: X-S =    11.373547 mb/sr,
+                                         /R =   2.0338E+02
    95.00 deg.: X-S =    10.987561 mb/sr,
+                                         /R =   2.0292E+02
    96.00 deg.: X-S =    10.599965 mb/sr,
+                                         /R =   2.0207E+02
    97.00 deg.: X-S =    10.212865 mb/sr,
+                                         /R =   2.0085E+02
    98.00 deg.: X-S =     9.828101 mb/sr,
+                                         /R =   1.9929E+02
    99.00 deg.: X-S =     9.447249 mb/sr,
+                                         /R =   1.9742E+02
   100.00 deg.: X-S =     9.071635 mb/sr,
+                                         /R =   1.9526E+02
   101.00 deg.: X-S =     8.702344 mb/sr,
+                                         /R =   1.9282E+02
   102.00 deg.: X-S =     8.340235 mb/sr,
+                                         /R =   1.9015E+02
   103.00 deg.: X-S =     7.985957 mb/sr,
+                                         /R =   1.8724E+02
   104.00 deg.: X-S =     7.639972 mb/sr,
+                                         /R =   1.8413E+02
   105.00 deg.: X-S =     7.302570 mb/sr,
+                                         /R =   1.8082E+02
   106.00 deg.: X-S =     6.973893 mb/sr,
+                                         /R =   1.7733E+02
   107.00 deg.: X-S =     6.653958 mb/sr,
+                                         /R =   1.7366E+02
   108.00 deg.: X-S =     6.342678 mb/sr,
+                                         /R =   1.6983E+02
   109.00 deg.: X-S =     6.039881 mb/sr,
+                                         /R =   1.6583E+02
   110.00 deg.: X-S =     5.745339 mb/sr,
+                                         /R =   1.6169E+02
   111.00 deg.: X-S =     5.458781 mb/sr,
+                                         /R =   1.5739E+02
   112.00 deg.: X-S =     5.179918 mb/sr,
+                                         /R =   1.5294E+02
   113.00 deg.: X-S =     4.908462 mb/sr,
+                                         /R =   1.4834E+02
   114.00 deg.: X-S =     4.644141 mb/sr,
+                                         /R =   1.4361E+02
   115.00 deg.: X-S =     4.386716 mb/sr,
+                                         /R =   1.3873E+02
   116.00 deg.: X-S =     4.135995 mb/sr,
+                                         /R =   1.3371E+02
   117.00 deg.: X-S =     3.891848 mb/sr,
+                                         /R =   1.2856E+02
   118.00 deg.: X-S =     3.654215 mb/sr,
+                                         /R =   1.2330E+02
   119.00 deg.: X-S =     3.423114 mb/sr,
+                                         /R =   1.1792E+02
   120.00 deg.: X-S =     3.198650 mb/sr,
+                                         /R =   1.1246E+02
   121.00 deg.: X-S =     2.981018 mb/sr,
+                                         /R =   1.0692E+02
   122.00 deg.: X-S =     2.770507 mb/sr,
+                                         /R =   1.0133E+02
   123.00 deg.: X-S =     2.567498 mb/sr,
+                                         /R =   9.5721E+01
   124.00 deg.: X-S =     2.372465 mb/sr,
+                                         /R =   9.0124E+01
   125.00 deg.: X-S =     2.185971 mb/sr,
+                                         /R =   8.4579E+01
   126.00 deg.: X-S =     2.008660 mb/sr,
+                                         /R =   7.9128E+01
   127.00 deg.: X-S =     1.841256 mb/sr,
+                                         /R =   7.3821E+01
   128.00 deg.: X-S =     1.684549 mb/sr,
+                                         /R =   6.8711E+01
   129.00 deg.: X-S =     1.539389 mb/sr,
+                                         /R =   6.3856E+01
   130.00 deg.: X-S =     1.406673 mb/sr,
+                                         /R =   5.9319E+01
   131.00 deg.: X-S =     1.287331 mb/sr,
+                                         /R =   5.5167E+01
   132.00 deg.: X-S =     1.182318 mb/sr,
+                                         /R =   5.1470E+01
   133.00 deg.: X-S =     1.092594 mb/sr,
+                                         /R =   4.8300E+01
   134.00 deg.: X-S =     1.019116 mb/sr,
+                                         /R =   4.5733E+01
   135.00 deg.: X-S =     0.962817 mb/sr,
+                                         /R =   4.3844E+01
   136.00 deg.: X-S =     0.924594 mb/sr,
+                                         /R =   4.2709E+01
   137.00 deg.: X-S =     0.905293 mb/sr,
+                                         /R =   4.2404E+01
   138.00 deg.: X-S =     0.905695 mb/sr,
+                                         /R =   4.3002E+01
   139.00 deg.: X-S =     0.926499 mb/sr,
+                                         /R =   4.4576E+01
   140.00 deg.: X-S =     0.968311 mb/sr,
+                                         /R =   4.7191E+01
   141.00 deg.: X-S =     1.031630 mb/sr,
+                                         /R =   5.0911E+01
   142.00 deg.: X-S =     1.116836 mb/sr,
+                                         /R =   5.5792E+01
   143.00 deg.: X-S =     1.224177 mb/sr,
+                                         /R =   6.1883E+01
   144.00 deg.: X-S =     1.353766 mb/sr,
+                                         /R =   6.9226E+01
   145.00 deg.: X-S =     1.505562 mb/sr,
+                                         /R =   7.7853E+01
   146.00 deg.: X-S =     1.679375 mb/sr,
+                                         /R =   8.7788E+01
   147.00 deg.: X-S =     1.874852 mb/sr,
+                                         /R =   9.9041E+01
   148.00 deg.: X-S =     2.091476 mb/sr,
+                                         /R =   1.1161E+02
   149.00 deg.: X-S =     2.328566 mb/sr,
+                                         /R =   1.2550E+02
   150.00 deg.: X-S =     2.585275 mb/sr,
+                                         /R =   1.4066E+02
   151.00 deg.: X-S =     2.860590 mb/sr,
+                                         /R =   1.5708E+02
   152.00 deg.: X-S =     3.153340 mb/sr,
+                                         /R =   1.7470E+02
   153.00 deg.: X-S =     3.462196 mb/sr,
+                                         /R =   1.9345E+02
   154.00 deg.: X-S =     3.785679 mb/sr,
+                                         /R =   2.1328E+02
   155.00 deg.: X-S =     4.122172 mb/sr,
+                                         /R =   2.3407E+02
   156.00 deg.: X-S =     4.469923 mb/sr,
+                                         /R =   2.5575E+02
   157.00 deg.: X-S =     4.827062 mb/sr,
+                                         /R =   2.7820E+02
   158.00 deg.: X-S =     5.191613 mb/sr,
+                                         /R =   3.0129E+02
   159.00 deg.: X-S =     5.561505 mb/sr,
+                                         /R =   3.2491E+02
   160.00 deg.: X-S =     5.934588 mb/sr,
+                                         /R =   3.4890E+02
   161.00 deg.: X-S =     6.308650 mb/sr,
+                                         /R =   3.7312E+02
   162.00 deg.: X-S =     6.681433 mb/sr,
+                                         /R =   3.9742E+02
   163.00 deg.: X-S =     7.050652 mb/sr,
+                                         /R =   4.2164E+02
   164.00 deg.: X-S =     7.414007 mb/sr,
+                                         /R =   4.4562E+02
   165.00 deg.: X-S =     7.769210 mb/sr,
+                                         /R =   4.6919E+02
   166.00 deg.: X-S =     8.113994 mb/sr,
+                                         /R =   4.9220E+02
   167.00 deg.: X-S =     8.446139 mb/sr,
+                                         /R =   5.1447E+02
   168.00 deg.: X-S =     8.763485 mb/sr,
+                                         /R =   5.3584E+02
   169.00 deg.: X-S =     9.063951 mb/sr,
+                                         /R =   5.5616E+02
   170.00 deg.: X-S =     9.345553 mb/sr,
+                                         /R =   5.7528E+02
   171.00 deg.: X-S =     9.606417 mb/sr,
+                                         /R =   5.9306E+02
   172.00 deg.: X-S =     9.844800 mb/sr,
+                                         /R =   6.0936E+02
   173.00 deg.: X-S =    10.059098 mb/sr,
+                                         /R =   6.2405E+02
   174.00 deg.: X-S =    10.247866 mb/sr,
+                                         /R =   6.3702E+02
   175.00 deg.: X-S =    10.409823 mb/sr,
+                                         /R =   6.4817E+02
   176.00 deg.: X-S =    10.543868 mb/sr,
+                                         /R =   6.5742E+02
   177.00 deg.: X-S =    10.649088 mb/sr,
+                                         /R =   6.6469E+02
   178.00 deg.: X-S =    10.724764 mb/sr,
+                                         /R =   6.6992E+02
   179.00 deg.: X-S =    10.770378 mb/sr,
+                                         /R =   6.7308E+02
   179.99 deg.: X-S =    10.785616 mb/sr,
+                                         /R =   6.7413E+02
                                           Integrated********** mb, over [   0.000, 180.000] at    90.0000 MeV 
 Finished all xsecs @    1.56250000E-02

  The following files have been created:
   3:local copy of User input.            6:standard output.                   
  13:total cross sections/state.         39:cross sections for each Ecm.       
  40:all cross sectns. for each Elab.    56:Fusion for each Jtotal.            

 PARAMETERS : MAXQRN   MFNL   MLOC  LMAX1 MCLIST
    ALLOWED :      1      1      4    170      6
    REQUIRED:      0      0      4     10      3


 ACCURACY ANALYSIS at    90.000 MeV :

  Elastic h*k = 0.033 so OK       compared with 0.200

   Real(S-el) > 0.01 first at J =       0.5
   Real(S-el) > 0.10 first at J =       0.5
   Real(S-el) > 0.50 first at J =       3.5
   Real(S-el) > 0.90 first at J =       3.5
   Real(S-el) > 0.99 first at J =       5.5
   R-turn =    10.30 fm    at J =       8.5

 Forward-angle excitation cut off below   0.845 deg by max JT =       8.5
                              and below   0.183 deg by max R.

 Total CPU  0 time =       0.02 seconds
