 FRESCO - FRES 3.4: Coupled Reaction Channels
 Assuming NAMELIST input.

 Test reaction with generated potential                                          

   0.040  50.000   0.500   0.000   0.000   0.000   0.000   0.000   0.000   0.000

 Centre-of-mass Range is   1252 * 0.0400 fm., Maximum at  50.00 fm., Interpolating NL forms every  0.52 fm.
 Non - locality width is      4 * 0.0400 fm., Maximum of   0.12 fm., Centred at  0.00 fm.
 2-Nucleon Separation of      0 * 0.5200 fm., Maximum of   0.00 fm., Minimum at  0.00 fm.
 Maximum single particle bins of 49.9200 fm.
               M,Mint =         1251        1249


 Range of total J is     0.0 <= J <=   150.0 (at least     0.0) and Absorbtion =>     0.1000 mb.
 Dry Run = F, CC set limits =  0  0, Relativistic kinematics =  , Both/Far/Near Analyses =  1                     

 Cross Sections (and up to T0 for 0=projectile) for Theta from   0.0 to 180.0 in steps of  1.0 degrees, DGAM=0,  Coordinates = 0 (Mads)

 Lower Radial Cutoff = maximum of -1.60*L*h &       0.0 fm.,  Lower Cutoff for Couplings =   0.0  fm.


 Iterate Couplings between   0 and   0 times, to  0.000 % if sooner.                                          
  Block solved exactly =   0 chs., with Pade = 0 & Isocen =  =0, NOSOL = F, initwf =  0
  NL quadrature with   18 Gaussian points, Calculate multipoles up to   156 from   0
  M-transfers for lp+lt greater than or equal to  6, Angular Integration Cutoff below  2.7778 %


 Trace switches are :  CHANS =  0, LISTCC =  0, TRENEG =  0, CDETR =  0, SMATS =  0, XSTABL =  0, NLPL =  0

                       WAVES =  0, LAMPL =  0, VEFF =  0, KFUS =  0, WDISK =  0, BPM =  0, MELFIL =  0

                       CDCC =  0, NFUS =  0

 Using unit mass = 1.000000 amu and 1/fine-structure constant = 137.03599 ( 1.000000 * true ) with hc = 197.32705 MeV.fm,
  thus 2*amu/hbar^2 = 0.0478450 = 1/20.9008 and Coulomb constant = 0.1574855 so e^2 = 1.43997, and nuclear magneton= 0.1261183

 Now pre-scan input and save to file 3



 *********** PARTITION NUMBER  1 ******************************************************************************************

   PROJ=4He        MASS=  4.0000 Z=   2.0,        # STATES=    1T, TARG=p        MASS=  1.0000 Z=   1.0,     Q-VALUE =   0.0000 MEV.

     1:  J= 0.0+ (B# 1), E=  0.0000, K= 0.0              Potl#  1       J= 0.5+ (B# 1), E=  0.0000, K= 0.5    


 ************************************************************************************************************************************

 The following POTENTIALS are defined :

  KP#       TYPE      IT    SHAPE      at     V1        r1        a1        V2        r2        a2        A-in     A-used


                                            A#1       A#2        r0c       ac                                                h @ 1
    1    0=Coulomb       0=CHARGE (WS)  1     1.000     1.000    3.2343    0.0000    0.0000    0.0000     0.000     8.000   0.04000

    1    1=Volume        0=Woods-Saxon  2   70.0000    1.2500    0.6500   15.0000    1.2500    0.6500     0.000     8.000

    1    2=Surface       0=Woods-Saxon  3    0.0000    0.0000    0.0000    5.0000    1.3000    0.6500     0.000     8.000

    1    3=Projtl S.O.   0=Woods-Saxon  4    0.0000    1.0000    0.6500    0.0000    0.0000    0.0000     0.000     8.000

 Incoming partition  1 in excitation state # 1,   Laboratory Energy given for partition  1 Nucleus 1 in Excitation pair 1

0Lab. ENERGY ranges :

   from    40.0000     to   0.00000     in     0 intervals
   from    0.00000     to   0.00000     in     0 intervals
   from    0.00000     to   0.00000     in     0 intervals

 Largest real,imaginary parts of any form factor at R=   49.60 are   2.90E-02  7.91E-31 MeV
 Finished all Couplings @    3.12500000E-02           4

 Symmetric Hamiltonian
1***********************************************************************************************************************************
************************************************************************************************************************************

        INCOMING 4He      ;    LABORATORY 4He      ENERGY =   40.000     MeV.

 ***********************************************************************************************************************************
 ***********************************************************************************************************************************


  NOTE: Coulomb excitation cut off below   0.076 deg by JTMAX, and below   0.413 deg by Rmax

 Allocate arrays for            1  channels, of which            1  need wfs.
 Reaction Xsec     5.5-/ 5 @ 1 =   0.777 , Out:   0.000#
 Reaction Xsec     6.5+/ 6 @ 1 =   0.099 , Out:   0.000#
 Finished all CC sets @    3.12500000E-02
0CUMULATIVE REACTION cross section                 =  902.30816  <L> =     1.80  <L**2> =      4.1
0CUMULATIVE outgoing cross sections in partition 1 :    0.00000
0Cumulative ABSORBTION by Imaginary Potentials     =  902.30816  <L> =     1.80  <L**2> =      4.1
   Fusion for specific 4He      M-states : 1620.484308
0CUMULATIVE OUTGOING cross section                 =    0.00000
 To convert to S-factors (MeV.mb = keV.b),  multiply by  1.4958E+01


 CROSS SECTIONS FOR OUTGOING 4He      & p        in state #   1 with spins & parities 0.0  + &  0.5  +;  0

     0.01 deg.: X-S =   1.3966E+15 mb/sr,
+                                         /R =   1.0000E+00
     1.00 deg.: X-S =   1.3883E+07 mb/sr,
+                                         /R =   9.9399E-01
     2.00 deg.: X-S =   8.5675E+05 mb/sr,
+                                         /R =   9.8132E-01
     3.00 deg.: X-S =   1.6668E+05 mb/sr,
+                                         /R =   9.6625E-01
     4.00 deg.: X-S =   5.1993E+04 mb/sr,
+                                         /R =   9.5226E-01
     5.00 deg.: X-S =   2.1097E+04 mb/sr,
+                                         /R =   9.4293E-01
     6.00 deg.: X-S =   1.0171E+04 mb/sr,
+                                         /R =   9.4207E-01
     7.00 deg.: X-S =  5562.032506 mb/sr,
+                                         /R =   9.5383E-01
     8.00 deg.: X-S =  3361.291103 mb/sr,
+                                         /R =   9.8261E-01
     9.00 deg.: X-S =  2208.052190 mb/sr,
+                                         /R =   1.0330E+00
    10.00 deg.: X-S =  1558.012663 mb/sr,
+                                         /R =   1.1099E+00
    11.00 deg.: X-S =  1169.085549 mb/sr,
+                                         /R =   1.2181E+00
    12.00 deg.: X-S =   924.278770 mb/sr,
+                                         /R =   1.3623E+00
    13.00 deg.: X-S =   763.138066 mb/sr,
+                                         /R =   1.5473E+00
    14.00 deg.: X-S =   652.651669 mb/sr,
+                                         /R =   1.7774E+00
    15.00 deg.: X-S =   573.939524 mb/sr,
+                                         /R =   2.0568E+00
    16.00 deg.: X-S =   515.771007 mb/sr,
+                                         /R =   2.3890E+00
    17.00 deg.: X-S =   471.236615 mb/sr,
+                                         /R =   2.7770E+00
    18.00 deg.: X-S =   435.959691 mb/sr,
+                                         /R =   3.2234E+00
    19.00 deg.: X-S =   407.096979 mb/sr,
+                                         /R =   3.7297E+00
    20.00 deg.: X-S =   382.760410 mb/sr,
+                                         /R =   4.2968E+00
    21.00 deg.: X-S =   361.672176 mb/sr,
+                                         /R =   4.9247E+00
    22.00 deg.: X-S =   342.953297 mb/sr,
+                                         /R =   5.6126E+00
    23.00 deg.: X-S =   325.990790 mb/sr,
+                                         /R =   6.3586E+00
    24.00 deg.: X-S =   310.352341 mb/sr,
+                                         /R =   7.1599E+00
    25.00 deg.: X-S =   295.730392 mb/sr,
+                                         /R =   8.0127E+00
    26.00 deg.: X-S =   281.904799 mb/sr,
+                                         /R =   8.9123E+00
    27.00 deg.: X-S =   268.717478 mb/sr,
+                                         /R =   9.8531E+00
    28.00 deg.: X-S =   256.054911 mb/sr,
+                                         /R =   1.0829E+01
    29.00 deg.: X-S =   243.835896 mb/sr,
+                                         /R =   1.1831E+01
    30.00 deg.: X-S =   232.002853 mb/sr,
+                                         /R =   1.2853E+01
    31.00 deg.: X-S =   220.515577 mb/sr,
+                                         /R =   1.3886E+01
    32.00 deg.: X-S =   209.346690 mb/sr,
+                                         /R =   1.4920E+01
    33.00 deg.: X-S =   198.478288 mb/sr,
+                                         /R =   1.5945E+01
    34.00 deg.: X-S =   187.899462 mb/sr,
+                                         /R =   1.6951E+01
    35.00 deg.: X-S =   177.604421 mb/sr,
+                                         /R =   1.7929E+01
    36.00 deg.: X-S =   167.591083 mb/sr,
+                                         /R =   1.8868E+01
    37.00 deg.: X-S =   157.859988 mb/sr,
+                                         /R =   1.9757E+01
    38.00 deg.: X-S =   148.413475 mb/sr,
+                                         /R =   2.0586E+01
    39.00 deg.: X-S =   139.255031 mb/sr,
+                                         /R =   2.1347E+01
    40.00 deg.: X-S =   130.388801 mb/sr,
+                                         /R =   2.2028E+01
    41.00 deg.: X-S =   121.819197 mb/sr,
+                                         /R =   2.2623E+01
    42.00 deg.: X-S =   113.550597 mb/sr,
+                                         /R =   2.3123E+01
    43.00 deg.: X-S =   105.587111 mb/sr,
+                                         /R =   2.3521E+01
    44.00 deg.: X-S =    97.932405 mb/sr,
+                                         /R =   2.3810E+01
    45.00 deg.: X-S =    90.589563 mb/sr,
+                                         /R =   2.3987E+01
    46.00 deg.: X-S =    83.560983 mb/sr,
+                                         /R =   2.4046E+01
    47.00 deg.: X-S =    76.848309 mb/sr,
+                                         /R =   2.3987E+01
    48.00 deg.: X-S =    70.452377 mb/sr,
+                                         /R =   2.3806E+01
    49.00 deg.: X-S =    64.373188 mb/sr,
+                                         /R =   2.3504E+01
    50.00 deg.: X-S =    58.609889 mb/sr,
+                                         /R =   2.3083E+01
    51.00 deg.: X-S =    53.160775 mb/sr,
+                                         /R =   2.2546E+01
    52.00 deg.: X-S =    48.023299 mb/sr,
+                                         /R =   2.1896E+01
    53.00 deg.: X-S =    43.194088 mb/sr,
+                                         /R =   2.1138E+01
    54.00 deg.: X-S =    38.668969 mb/sr,
+                                         /R =   2.0281E+01
    55.00 deg.: X-S =    34.443006 mb/sr,
+                                         /R =   1.9331E+01
    56.00 deg.: X-S =    30.510534 mb/sr,
+                                         /R =   1.8299E+01
    57.00 deg.: X-S =    26.865202 mb/sr,
+                                         /R =   1.7194E+01
    58.00 deg.: X-S =    23.500017 mb/sr,
+                                         /R =   1.6028E+01
    59.00 deg.: X-S =    20.407394 mb/sr,
+                                         /R =   1.4814E+01
    60.00 deg.: X-S =    17.579205 mb/sr,
+                                         /R =   1.3565E+01
    61.00 deg.: X-S =    15.006829 mb/sr,
+                                         /R =   1.2294E+01
    62.00 deg.: X-S =    12.681203 mb/sr,
+                                         /R =   1.1017E+01
    63.00 deg.: X-S =    10.592878 mb/sr,
+                                         /R =   9.7474E+00
    64.00 deg.: X-S =     8.732066 mb/sr,
+                                         /R =   8.5014E+00
    65.00 deg.: X-S =     7.088695 mb/sr,
+                                         /R =   7.2940E+00
    66.00 deg.: X-S =     5.652456 mb/sr,
+                                         /R =   6.1406E+00
    67.00 deg.: X-S =     4.412859 mb/sr,
+                                         /R =   5.0561E+00
    68.00 deg.: X-S =     3.359274 mb/sr,
+                                         /R =   4.0553E+00
    69.00 deg.: X-S =     2.480984 mb/sr,
+                                         /R =   3.1526E+00
    70.00 deg.: X-S =     1.767225 mb/sr,
+                                         /R =   2.3615E+00
    71.00 deg.: X-S =     1.207235 mb/sr,
+                                         /R =   1.6949E+00
    72.00 deg.: X-S =     0.790291 mb/sr,
+                                         /R =   1.1647E+00
    73.00 deg.: X-S =     0.505750 mb/sr,
+                                         /R =   7.8167E-01
    74.00 deg.: X-S =     0.343088 mb/sr,
+                                         /R =   5.5564E-01
    75.00 deg.: X-S =     0.291931 mb/sr,
+                                         /R =   4.9500E-01
    76.00 deg.: X-S =     0.342094 mb/sr,
+                                         /R =   6.0681E-01
    77.00 deg.: X-S =     0.483606 mb/sr,
+                                         /R =   8.9666E-01
    78.00 deg.: X-S =     0.706742 mb/sr,
+                                         /R =   1.3686E+00
    79.00 deg.: X-S =     1.002047 mb/sr,
+                                         /R =   2.0252E+00
    80.00 deg.: X-S =     1.360362 mb/sr,
+                                         /R =   2.8672E+00
    81.00 deg.: X-S =     1.772846 mb/sr,
+                                         /R =   3.8939E+00
    82.00 deg.: X-S =     2.230993 mb/sr,
+                                         /R =   5.1028E+00
    83.00 deg.: X-S =     2.726651 mb/sr,
+                                         /R =   6.4897E+00
    84.00 deg.: X-S =     3.252037 mb/sr,
+                                         /R =   8.0489E+00
    85.00 deg.: X-S =     3.799752 mb/sr,
+                                         /R =   9.7729E+00
    86.00 deg.: X-S =     4.362789 mb/sr,
+                                         /R =   1.1653E+01
    87.00 deg.: X-S =     4.934544 mb/sr,
+                                         /R =   1.3678E+01
    88.00 deg.: X-S =     5.508825 mb/sr,
+                                         /R =   1.5837E+01
    89.00 deg.: X-S =     6.079855 mb/sr,
+                                         /R =   1.8117E+01
    90.00 deg.: X-S =     6.642275 mb/sr,
+                                         /R =   2.0502E+01
    91.00 deg.: X-S =     7.191148 mb/sr,
+                                         /R =   2.2977E+01
    92.00 deg.: X-S =     7.721962 mb/sr,
+                                         /R =   2.5527E+01
    93.00 deg.: X-S =     8.230622 mb/sr,
+                                         /R =   2.8133E+01
    94.00 deg.: X-S =     8.713452 mb/sr,
+                                         /R =   3.0778E+01
    95.00 deg.: X-S =     9.167191 mb/sr,
+                                         /R =   3.3442E+01
    96.00 deg.: X-S =     9.588984 mb/sr,
+                                         /R =   3.6108E+01
    97.00 deg.: X-S =     9.976379 mb/sr,
+                                         /R =   3.8756E+01
    98.00 deg.: X-S =    10.327316 mb/sr,
+                                         /R =   4.1366E+01
    99.00 deg.: X-S =    10.640120 mb/sr,
+                                         /R =   4.3920E+01
   100.00 deg.: X-S =    10.913487 mb/sr,
+                                         /R =   4.6400E+01
   101.00 deg.: X-S =    11.146476 mb/sr,
+                                         /R =   4.8786E+01
   102.00 deg.: X-S =    11.338496 mb/sr,
+                                         /R =   5.1062E+01
   103.00 deg.: X-S =    11.489290 mb/sr,
+                                         /R =   5.3212E+01
   104.00 deg.: X-S =    11.598923 mb/sr,
+                                         /R =   5.5218E+01
   105.00 deg.: X-S =    11.667767 mb/sr,
+                                         /R =   5.7068E+01
   106.00 deg.: X-S =    11.696484 mb/sr,
+                                         /R =   5.8747E+01
   107.00 deg.: X-S =    11.686009 mb/sr,
+                                         /R =   6.0244E+01
   108.00 deg.: X-S =    11.637534 mb/sr,
+                                         /R =   6.1550E+01
   109.00 deg.: X-S =    11.552492 mb/sr,
+                                         /R =   6.2655E+01
   110.00 deg.: X-S =    11.432536 mb/sr,
+                                         /R =   6.3553E+01
   111.00 deg.: X-S =    11.279523 mb/sr,
+                                         /R =   6.4239E+01
   112.00 deg.: X-S =    11.095492 mb/sr,
+                                         /R =   6.4711E+01
   113.00 deg.: X-S =    10.882648 mb/sr,
+                                         /R =   6.4968E+01
   114.00 deg.: X-S =    10.643344 mb/sr,
+                                         /R =   6.5010E+01
   115.00 deg.: X-S =    10.380058 mb/sr,
+                                         /R =   6.4841E+01
   116.00 deg.: X-S =    10.095375 mb/sr,
+                                         /R =   6.4467E+01
   117.00 deg.: X-S =     9.791970 mb/sr,
+                                         /R =   6.3895E+01
   118.00 deg.: X-S =     9.472585 mb/sr,
+                                         /R =   6.3135E+01
   119.00 deg.: X-S =     9.140015 mb/sr,
+                                         /R =   6.2196E+01
   120.00 deg.: X-S =     8.797084 mb/sr,
+                                         /R =   6.1094E+01
   121.00 deg.: X-S =     8.446630 mb/sr,
+                                         /R =   5.9842E+01
   122.00 deg.: X-S =     8.091487 mb/sr,
+                                         /R =   5.8458E+01
   123.00 deg.: X-S =     7.734466 mb/sr,
+                                         /R =   5.6959E+01
   124.00 deg.: X-S =     7.378338 mb/sr,
+                                         /R =   5.5365E+01
   125.00 deg.: X-S =     7.025819 mb/sr,
+                                         /R =   5.3697E+01
   126.00 deg.: X-S =     6.679552 mb/sr,
+                                         /R =   5.1976E+01
   127.00 deg.: X-S =     6.342096 mb/sr,
+                                         /R =   5.0227E+01
   128.00 deg.: X-S =     6.015905 mb/sr,
+                                         /R =   4.8471E+01
   129.00 deg.: X-S =     5.703323 mb/sr,
+                                         /R =   4.6732E+01
   130.00 deg.: X-S =     5.406563 mb/sr,
+                                         /R =   4.5036E+01
   131.00 deg.: X-S =     5.127700 mb/sr,
+                                         /R =   4.3406E+01
   132.00 deg.: X-S =     4.868660 mb/sr,
+                                         /R =   4.1866E+01
   133.00 deg.: X-S =     4.631210 mb/sr,
+                                         /R =   4.0441E+01
   134.00 deg.: X-S =     4.416947 mb/sr,
+                                         /R =   3.9153E+01
   135.00 deg.: X-S =     4.227293 mb/sr,
+                                         /R =   3.8024E+01
   136.00 deg.: X-S =     4.063489 mb/sr,
+                                         /R =   3.7076E+01
   137.00 deg.: X-S =     3.926585 mb/sr,
+                                         /R =   3.6330E+01
   138.00 deg.: X-S =     3.817443 mb/sr,
+                                         /R =   3.5803E+01
   139.00 deg.: X-S =     3.736726 mb/sr,
+                                         /R =   3.5512E+01
   140.00 deg.: X-S =     3.684902 mb/sr,
+                                         /R =   3.5474E+01
   141.00 deg.: X-S =     3.662240 mb/sr,
+                                         /R =   3.5700E+01
   142.00 deg.: X-S =     3.668811 mb/sr,
+                                         /R =   3.6203E+01
   143.00 deg.: X-S =     3.704492 mb/sr,
+                                         /R =   3.6991E+01
   144.00 deg.: X-S =     3.768965 mb/sr,
+                                         /R =   3.8070E+01
   145.00 deg.: X-S =     3.861722 mb/sr,
+                                         /R =   3.9445E+01
   146.00 deg.: X-S =     3.982070 mb/sr,
+                                         /R =   4.1118E+01
   147.00 deg.: X-S =     4.129138 mb/sr,
+                                         /R =   4.3087E+01
   148.00 deg.: X-S =     4.301882 mb/sr,
+                                         /R =   4.5348E+01
   149.00 deg.: X-S =     4.499095 mb/sr,
+                                         /R =   4.7896E+01
   150.00 deg.: X-S =     4.719412 mb/sr,
+                                         /R =   5.0722E+01
   151.00 deg.: X-S =     4.961325 mb/sr,
+                                         /R =   5.3815E+01
   152.00 deg.: X-S =     5.223189 mb/sr,
+                                         /R =   5.7159E+01
   153.00 deg.: X-S =     5.503236 mb/sr,
+                                         /R =   6.0741E+01
   154.00 deg.: X-S =     5.799585 mb/sr,
+                                         /R =   6.4540E+01
   155.00 deg.: X-S =     6.110256 mb/sr,
+                                         /R =   6.8536E+01
   156.00 deg.: X-S =     6.433180 mb/sr,
+                                         /R =   7.2708E+01
   157.00 deg.: X-S =     6.766219 mb/sr,
+                                         /R =   7.7029E+01
   158.00 deg.: X-S =     7.107172 mb/sr,
+                                         /R =   8.1474E+01
   159.00 deg.: X-S =     7.453794 mb/sr,
+                                         /R =   8.6016E+01
   160.00 deg.: X-S =     7.803810 mb/sr,
+                                         /R =   9.0625E+01
   161.00 deg.: X-S =     8.154928 mb/sr,
+                                         /R =   9.5272E+01
   162.00 deg.: X-S =     8.504855 mb/sr,
+                                         /R =   9.9927E+01
   163.00 deg.: X-S =     8.851309 mb/sr,
+                                         /R =   1.0456E+02
   164.00 deg.: X-S =     9.192037 mb/sr,
+                                         /R =   1.0913E+02
   165.00 deg.: X-S =     9.524826 mb/sr,
+                                         /R =   1.1362E+02
   166.00 deg.: X-S =     9.847519 mb/sr,
+                                         /R =   1.1800E+02
   167.00 deg.: X-S =    10.158027 mb/sr,
+                                         /R =   1.2222E+02
   168.00 deg.: X-S =    10.454344 mb/sr,
+                                         /R =   1.2627E+02
   169.00 deg.: X-S =    10.734556 mb/sr,
+                                         /R =   1.3011E+02
   170.00 deg.: X-S =    10.996857 mb/sr,
+                                         /R =   1.3372E+02
   171.00 deg.: X-S =    11.239556 mb/sr,
+                                         /R =   1.3706E+02
   172.00 deg.: X-S =    11.461092 mb/sr,
+                                         /R =   1.4013E+02
   173.00 deg.: X-S =    11.660040 mb/sr,
+                                         /R =   1.4289E+02
   174.00 deg.: X-S =    11.835122 mb/sr,
+                                         /R =   1.4532E+02
   175.00 deg.: X-S =    11.985213 mb/sr,
+                                         /R =   1.4741E+02
   176.00 deg.: X-S =    12.109350 mb/sr,
+                                         /R =   1.4914E+02
   177.00 deg.: X-S =    12.206736 mb/sr,
+                                         /R =   1.5050E+02
   178.00 deg.: X-S =    12.276747 mb/sr,
+                                         /R =   1.5148E+02
   179.00 deg.: X-S =    12.318934 mb/sr,
+                                         /R =   1.5207E+02
   179.99 deg.: X-S =    12.333025 mb/sr,
+                                         /R =   1.5227E+02
                                           Integrated********** mb, over [   0.000, 180.000] at    40.0000 MeV 
 Finished all xsecs @    4.68750000E-02

  The following files have been created:
   3:local copy of User input.            6:standard output.                   
  13:total cross sections/state.         39:cross sections for each Ecm.       
  40:all cross sectns. for each Elab.    56:Fusion for each Jtotal.            

 PARAMETERS : MAXQRN   MFNL   MLOC  LMAX1 MCLIST
    ALLOWED :      1      1      4    170      6
    REQUIRED:      0      0      4      7      3


 ACCURACY ANALYSIS at    40.000 MeV :

  Elastic h*k = 0.022 so OK       compared with 0.200

   Real(S-el) > 0.01 first at J =       0.5
   Real(S-el) > 0.10 first at J =       0.5
   Real(S-el) > 0.50 first at J =       2.5
   Real(S-el) > 0.90 first at J =       2.5
   Real(S-el) > 0.99 first at J =       3.5
   R-turn =    11.89 fm    at J =       6.5

 Forward-angle excitation cut off below   1.631 deg by max JT =       6.5
                              and below   0.413 deg by max R.

 Total CPU  0 time =       0.06 seconds
