 FRESCO - FRES 3.4: Coupled Reaction Channels
 Assuming NAMELIST input.

 Test reaction with generated potential                                          

   0.040  50.000   0.500   0.000   0.000   0.000   0.000   0.000   0.000   0.000

 Centre-of-mass Range is   1252 * 0.0400 fm., Maximum at  50.00 fm., Interpolating NL forms every  0.52 fm.
 Non - locality width is      4 * 0.0400 fm., Maximum of   0.12 fm., Centred at  0.00 fm.
 2-Nucleon Separation of      0 * 0.5200 fm., Maximum of   0.00 fm., Minimum at  0.00 fm.
 Maximum single particle bins of 49.9200 fm.
               M,Mint =         1251        1249


 Range of total J is     0.0 <= J <=   150.0 (at least     0.0) and Absorbtion =>     0.1000 mb.
 Dry Run = F, CC set limits =  0  0, Relativistic kinematics =  , Both/Far/Near Analyses =  1                     

 Cross Sections (and up to T0 for 0=projectile) for Theta from   0.0 to 180.0 in steps of  1.0 degrees, DGAM=0,  Coordinates = 0 (Mads)

 Lower Radial Cutoff = maximum of -1.60*L*h &       0.0 fm.,  Lower Cutoff for Couplings =   0.0  fm.


 Iterate Couplings between   0 and   0 times, to  0.000 % if sooner.                                          
  Block solved exactly =   0 chs., with Pade = 0 & Isocen =  =0, NOSOL = F, initwf =  0
  NL quadrature with   18 Gaussian points, Calculate multipoles up to   156 from   0
  M-transfers for lp+lt greater than or equal to  6, Angular Integration Cutoff below  2.7778 %


 Trace switches are :  CHANS =  0, LISTCC =  0, TRENEG =  0, CDETR =  0, SMATS =  0, XSTABL =  0, NLPL =  0

                       WAVES =  0, LAMPL =  0, VEFF =  0, KFUS =  0, WDISK =  0, BPM =  0, MELFIL =  0

                       CDCC =  0, NFUS =  0

 Using unit mass = 1.000000 amu and 1/fine-structure constant = 137.03599 ( 1.000000 * true ) with hc = 197.32705 MeV.fm,
  thus 2*amu/hbar^2 = 0.0478450 = 1/20.9008 and Coulomb constant = 0.1574855 so e^2 = 1.43997, and nuclear magneton= 0.1261183

 Now pre-scan input and save to file 3



 *********** PARTITION NUMBER  1 ******************************************************************************************

   PROJ=p          MASS=  1.0000 Z=   1.0,        # STATES=    1T, TARG=4He      MASS=  4.0000 Z=   2.0,     Q-VALUE =   0.0000 MEV.

     1:  J= 0.5+ (B# 1), E=  0.0000, K= 0.5              Potl#  1       J= 0.0+ (B# 1), E=  0.0000, K= 0.0    


 ************************************************************************************************************************************

 The following POTENTIALS are defined :

  KP#       TYPE      IT    SHAPE      at     V1        r1        a1        V2        r2        a2        A-in     A-used


                                            A#1       A#2        r0c       ac                                                h @ 1
    1    0=Coulomb       0=CHARGE (WS)  1     4.000     2.000    4.3872    0.0000    0.0000    0.0000     0.000    23.084   0.04000

    1    1=Volume        0=Woods-Saxon  2   30.0705    1.0485    0.6772    8.6554    1.0485    0.6772     0.000    23.084

    1    2=Surface       0=Woods-Saxon  3    0.0000    0.0000    0.0000    2.2922    1.3172    0.5208     0.000    23.084

    1    3=Projtl S.O.   0=Woods-Saxon  4    4.1674    0.7778    0.5900    0.0000    0.0000    0.0000     0.000    23.084

 Incoming partition  1 in excitation state # 1,   Laboratory Energy given for partition  1 Nucleus 1 in Excitation pair 1

0Lab. ENERGY ranges :

   from    80.0000     to   0.00000     in     0 intervals
   from    0.00000     to   0.00000     in     0 intervals
   from    0.00000     to   0.00000     in     0 intervals

 Largest real,imaginary parts of any form factor at R=   49.60 are   2.90E-02  1.10E-29 MeV
 Finished all Couplings @    3.12500000E-02           4

 Symmetric Hamiltonian
1***********************************************************************************************************************************
************************************************************************************************************************************

        INCOMING p        ;    LABORATORY p        ENERGY =   80.000     MeV.

 ***********************************************************************************************************************************
 ***********************************************************************************************************************************


  NOTE: Coulomb excitation cut off below   0.027 deg by JTMAX, and below   0.052 deg by Rmax

 Allocate arrays for            2  channels, of which            1  need wfs.
 Reaction Xsec    13.5-/13 @ 1 =   0.110 , Out:   0.000#
 Reaction Xsec    14.5+/14 @ 1 =   0.045 , Out:   0.000#
 Finished all CC sets @    4.68750000E-02
0CUMULATIVE REACTION cross section                 =  417.83032  <L> =     4.46  <L**2> =     24.5
0CUMULATIVE outgoing cross sections in partition 1 :    0.00000
0Cumulative ABSORBTION by Imaginary Potentials     =  417.83032  <L> =     4.46  <L**2> =     24.5
   Fusion for specific p        M-states :  610.198935  610.198935
0CUMULATIVE OUTGOING cross section                 =    0.00000
 To convert to S-factors (MeV.mb = keV.b),  multiply by  7.9850E+01


 CROSS SECTIONS FOR OUTGOING p        & 4He      in state #   1 with spins & parities 0.5  + &  0.0  +;  0

     0.01 deg.: X-S =   2.1822E+13 mb/sr,
+                                         /R =   9.9998E-01
     1.00 deg.: X-S =   1.8982E+05 mb/sr,
+                                         /R =   8.6982E-01
     2.00 deg.: X-S =  8414.533108 mb/sr,
+                                         /R =   6.1683E-01
     3.00 deg.: X-S =  1558.714013 mb/sr,
+                                         /R =   5.7831E-01
     4.00 deg.: X-S =  1072.716906 mb/sr,
+                                         /R =   1.2574E+00
     5.00 deg.: X-S =  1143.685796 mb/sr,
+                                         /R =   3.2715E+00
     6.00 deg.: X-S =  1228.566413 mb/sr,
+                                         /R =   7.2831E+00
     7.00 deg.: X-S =  1268.719492 mb/sr,
+                                         /R =   1.3925E+01
     8.00 deg.: X-S =  1268.029069 mb/sr,
+                                         /R =   2.3724E+01
     9.00 deg.: X-S =  1236.988257 mb/sr,
+                                         /R =   3.7039E+01
    10.00 deg.: X-S =  1184.563283 mb/sr,
+                                         /R =   5.4008E+01
    11.00 deg.: X-S =  1117.572669 mb/sr,
+                                         /R =   7.4522E+01
    12.00 deg.: X-S =  1041.154841 mb/sr,
+                                         /R =   9.8213E+01
    13.00 deg.: X-S =   959.234638 mb/sr,
+                                         /R =   1.2447E+02
    14.00 deg.: X-S =   874.851307 mb/sr,
+                                         /R =   1.5249E+02
    15.00 deg.: X-S =   790.373558 mb/sr,
+                                         /R =   1.8128E+02
    16.00 deg.: X-S =   707.641148 mb/sr,
+                                         /R =   2.0977E+02
    17.00 deg.: X-S =   628.062011 mb/sr,
+                                         /R =   2.3688E+02
    18.00 deg.: X-S =   552.683292 mb/sr,
+                                         /R =   2.6153E+02
    19.00 deg.: X-S =   482.247191 mb/sr,
+                                         /R =   2.8276E+02
    20.00 deg.: X-S =   417.237781 mb/sr,
+                                         /R =   2.9976E+02
    21.00 deg.: X-S =   357.922094 mb/sr,
+                                         /R =   3.1192E+02
    22.00 deg.: X-S =   304.387116 mb/sr,
+                                         /R =   3.1881E+02
    23.00 deg.: X-S =   256.573369 mb/sr,
+                                         /R =   3.2029E+02
    24.00 deg.: X-S =   214.305303 mb/sr,
+                                         /R =   3.1642E+02
    25.00 deg.: X-S =   177.318499 mb/sr,
+                                         /R =   3.0748E+02
    26.00 deg.: X-S =   145.283658 mb/sr,
+                                         /R =   2.9396E+02
    27.00 deg.: X-S =   117.827379 mb/sr,
+                                         /R =   2.7651E+02
    28.00 deg.: X-S =    94.549806 mb/sr,
+                                         /R =   2.5590E+02
    29.00 deg.: X-S =    75.039316 mb/sr,
+                                         /R =   2.3303E+02
    30.00 deg.: X-S =    58.884446 mb/sr,
+                                         /R =   2.0879E+02
    31.00 deg.: X-S =    45.683353 mb/sr,
+                                         /R =   1.8411E+02
    32.00 deg.: X-S =    35.051097 mb/sr,
+                                         /R =   1.5987E+02
    33.00 deg.: X-S =    26.625032 mb/sr,
+                                         /R =   1.3689E+02
    34.00 deg.: X-S =    20.068613 mb/sr,
+                                         /R =   1.1587E+02
    35.00 deg.: X-S =    15.073862 mb/sr,
+                                         /R =   9.7389E+01
    36.00 deg.: X-S =    11.362746 mb/sr,
+                                         /R =   8.1871E+01
    37.00 deg.: X-S =     8.687655 mb/sr,
+                                         /R =   6.9586E+01
    38.00 deg.: X-S =     6.831156 mb/sr,
+                                         /R =   6.0643E+01
    39.00 deg.: X-S =     5.605164 mb/sr,
+                                         /R =   5.4990E+01
    40.00 deg.: X-S =     4.849637 mb/sr,
+                                         /R =   5.2436E+01
    41.00 deg.: X-S =     4.430894 mb/sr,
+                                         /R =   5.2663E+01
    42.00 deg.: X-S =     4.239650 mb/sr,
+                                         /R =   5.5254E+01
    43.00 deg.: X-S =     4.188809 mb/sr,
+                                         /R =   5.9718E+01
    44.00 deg.: X-S =     4.211110 mb/sr,
+                                         /R =   6.5526E+01
    45.00 deg.: X-S =     4.256677 mb/sr,
+                                         /R =   7.2135E+01
    46.00 deg.: X-S =     4.290538 mb/sr,
+                                         /R =   7.9020E+01
    47.00 deg.: X-S =     4.290167 mb/sr,
+                                         /R =   8.5702E+01
    48.00 deg.: X-S =     4.243132 mb/sr,
+                                         /R =   9.1760E+01
    49.00 deg.: X-S =     4.144870 mb/sr,
+                                         /R =   9.6858E+01
    50.00 deg.: X-S =     3.996675 mb/sr,
+                                         /R =   1.0074E+02
    51.00 deg.: X-S =     3.803905 mb/sr,
+                                         /R =   1.0325E+02
    52.00 deg.: X-S =     3.574457 mb/sr,
+                                         /R =   1.0430E+02
    53.00 deg.: X-S =     3.317510 mb/sr,
+                                         /R =   1.0391E+02
    54.00 deg.: X-S =     3.042542 mb/sr,
+                                         /R =   1.0213E+02
    55.00 deg.: X-S =     2.758604 mb/sr,
+                                         /R =   9.9090E+01
    56.00 deg.: X-S =     2.473826 mb/sr,
+                                         /R =   9.4956E+01
    57.00 deg.: X-S =     2.195125 mb/sr,
+                                         /R =   8.9914E+01
    58.00 deg.: X-S =     1.928076 mb/sr,
+                                         /R =   8.4164E+01
    59.00 deg.: X-S =     1.676911 mb/sr,
+                                         /R =   7.7908E+01
    60.00 deg.: X-S =     1.444602 mb/sr,
+                                         /R =   7.1342E+01
    61.00 deg.: X-S =     1.233003 mb/sr,
+                                         /R =   6.4648E+01
    62.00 deg.: X-S =     1.043018 mb/sr,
+                                         /R =   5.7992E+01
    63.00 deg.: X-S =     0.874780 mb/sr,
+                                         /R =   5.1518E+01
    64.00 deg.: X-S =     0.727818 mb/sr,
+                                         /R =   4.5350E+01
    65.00 deg.: X-S =     0.601205 mb/sr,
+                                         /R =   3.9592E+01
    66.00 deg.: X-S =     0.493693 mb/sr,
+                                         /R =   3.4325E+01
    67.00 deg.: X-S =     0.403815 mb/sr,
+                                         /R =   2.9611E+01
    68.00 deg.: X-S =     0.329971 mb/sr,
+                                         /R =   2.5494E+01
    69.00 deg.: X-S =     0.270488 mb/sr,
+                                         /R =   2.1998E+01
    70.00 deg.: X-S =     0.223673 mb/sr,
+                                         /R =   1.9129E+01
    71.00 deg.: X-S =     0.187848 mb/sr,
+                                         /R =   1.6879E+01
    72.00 deg.: X-S =     0.161380 mb/sr,
+                                         /R =   1.5221E+01
    73.00 deg.: X-S =     0.142696 mb/sr,
+                                         /R =   1.4115E+01
    74.00 deg.: X-S =     0.130312 mb/sr,
+                                         /R =   1.3507E+01
    75.00 deg.: X-S =     0.122843 mb/sr,
+                                         /R =   1.3331E+01
    76.00 deg.: X-S =     0.119020 mb/sr,
+                                         /R =   1.3511E+01
    77.00 deg.: X-S =     0.117708 mb/sr,
+                                         /R =   1.3968E+01
    78.00 deg.: X-S =     0.117917 mb/sr,
+                                         /R =   1.4614E+01
    79.00 deg.: X-S =     0.118813 mb/sr,
+                                         /R =   1.5368E+01
    80.00 deg.: X-S =     0.119725 mb/sr,
+                                         /R =   1.6150E+01
    81.00 deg.: X-S =     0.120145 mb/sr,
+                                         /R =   1.6889E+01
    82.00 deg.: X-S =     0.119726 mb/sr,
+                                         /R =   1.7526E+01
    83.00 deg.: X-S =     0.118264 mb/sr,
+                                         /R =   1.8015E+01
    84.00 deg.: X-S =     0.115686 mb/sr,
+                                         /R =   1.8325E+01
    85.00 deg.: X-S =     0.112025 mb/sr,
+                                         /R =   1.8440E+01
    86.00 deg.: X-S =     0.107395 mb/sr,
+                                         /R =   1.8358E+01
    87.00 deg.: X-S =     0.101963 mb/sr,
+                                         /R =   1.8089E+01
    88.00 deg.: X-S =     0.095927 mb/sr,
+                                         /R =   1.7650E+01
    89.00 deg.: X-S =     0.089491 mb/sr,
+                                         /R =   1.7067E+01
    90.00 deg.: X-S =     0.082851 mb/sr,
+                                         /R =   1.6366E+01
    91.00 deg.: X-S =     0.076176 mb/sr,
+                                         /R =   1.5578E+01
    92.00 deg.: X-S =     0.069609 mb/sr,
+                                         /R =   1.4727E+01
    93.00 deg.: X-S =     0.063259 mb/sr,
+                                         /R =   1.3839E+01
    94.00 deg.: X-S =     0.057204 mb/sr,
+                                         /R =   1.2932E+01
    95.00 deg.: X-S =     0.051493 mb/sr,
+                                         /R =   1.2022E+01
    96.00 deg.: X-S =     0.046152 mb/sr,
+                                         /R =   1.1123E+01
    97.00 deg.: X-S =     0.041191 mb/sr,
+                                         /R =   1.0241E+01
    98.00 deg.: X-S =     0.036604 mb/sr,
+                                         /R =   9.3834E+00
    99.00 deg.: X-S =     0.032377 mb/sr,
+                                         /R =   8.5534E+00
   100.00 deg.: X-S =     0.028493 mb/sr,
+                                         /R =   7.7529E+00
   101.00 deg.: X-S =     0.024929 mb/sr,
+                                         /R =   6.9831E+00
   102.00 deg.: X-S =     0.021667 mb/sr,
+                                         /R =   6.2448E+00
   103.00 deg.: X-S =     0.018687 mb/sr,
+                                         /R =   5.5390E+00
   104.00 deg.: X-S =     0.015977 mb/sr,
+                                         /R =   4.8678E+00
   105.00 deg.: X-S =     0.013527 mb/sr,
+                                         /R =   4.2342E+00
   106.00 deg.: X-S =     0.011332 mb/sr,
+                                         /R =   3.6428E+00
   107.00 deg.: X-S =     0.009393 mb/sr,
+                                         /R =   3.0991E+00
   108.00 deg.: X-S =     0.007709 mb/sr,
+                                         /R =   2.6094E+00
   109.00 deg.: X-S =     0.006280 mb/sr,
+                                         /R =   2.1798E+00
   110.00 deg.: X-S =     0.005103 mb/sr,
+                                         /R =   1.8155E+00
   111.00 deg.: X-S =     0.004169 mb/sr,
+                                         /R =   1.5195E+00
   112.00 deg.: X-S =     0.003461 mb/sr,
+                                         /R =   1.2920E+00
   113.00 deg.: X-S =     0.002957 mb/sr,
+                                         /R =   1.1298E+00
   114.00 deg.: X-S =     0.002626 mb/sr,
+                                         /R =   1.0265E+00
   115.00 deg.: X-S =     0.002434 mb/sr,
+                                         /R =   9.7292E-01
   116.00 deg.: X-S =     0.002344 mb/sr,
+                                         /R =   9.5795E-01
   117.00 deg.: X-S =     0.002323 mb/sr,
+                                         /R =   9.7001E-01
   118.00 deg.: X-S =     0.002340 mb/sr,
+                                         /R =   9.9814E-01
   119.00 deg.: X-S =     0.002372 mb/sr,
+                                         /R =   1.0332E+00
   120.00 deg.: X-S =     0.002404 mb/sr,
+                                         /R =   1.0685E+00
   121.00 deg.: X-S =     0.002426 mb/sr,
+                                         /R =   1.1002E+00
   122.00 deg.: X-S =     0.002437 mb/sr,
+                                         /R =   1.1268E+00
   123.00 deg.: X-S =     0.002437 mb/sr,
+                                         /R =   1.1486E+00
   124.00 deg.: X-S =     0.002431 mb/sr,
+                                         /R =   1.1674E+00
   125.00 deg.: X-S =     0.002422 mb/sr,
+                                         /R =   1.1847E+00
   126.00 deg.: X-S =     0.002414 mb/sr,
+                                         /R =   1.2022E+00
   127.00 deg.: X-S =     0.002408 mb/sr,
+                                         /R =   1.2207E+00
   128.00 deg.: X-S =     0.002406 mb/sr,
+                                         /R =   1.2407E+00
   129.00 deg.: X-S =     0.002407 mb/sr,
+                                         /R =   1.2625E+00
   130.00 deg.: X-S =     0.002413 mb/sr,
+                                         /R =   1.2863E+00
   131.00 deg.: X-S =     0.002423 mb/sr,
+                                         /R =   1.3128E+00
   132.00 deg.: X-S =     0.002440 mb/sr,
+                                         /R =   1.3431E+00
   133.00 deg.: X-S =     0.002466 mb/sr,
+                                         /R =   1.3784E+00
   134.00 deg.: X-S =     0.002502 mb/sr,
+                                         /R =   1.4194E+00
   135.00 deg.: X-S =     0.002546 mb/sr,
+                                         /R =   1.4657E+00
   136.00 deg.: X-S =     0.002595 mb/sr,
+                                         /R =   1.5153E+00
   137.00 deg.: X-S =     0.002642 mb/sr,
+                                         /R =   1.5642E+00
   138.00 deg.: X-S =     0.002677 mb/sr,
+                                         /R =   1.6069E+00
   139.00 deg.: X-S =     0.002691 mb/sr,
+                                         /R =   1.6368E+00
   140.00 deg.: X-S =     0.002674 mb/sr,
+                                         /R =   1.6473E+00
   141.00 deg.: X-S =     0.002618 mb/sr,
+                                         /R =   1.6331E+00
   142.00 deg.: X-S =     0.002520 mb/sr,
+                                         /R =   1.5915E+00
   143.00 deg.: X-S =     0.002383 mb/sr,
+                                         /R =   1.5227E+00
   144.00 deg.: X-S =     0.002213 mb/sr,
+                                         /R =   1.4304E+00
   145.00 deg.: X-S =     0.002021 mb/sr,
+                                         /R =   1.3212E+00
   146.00 deg.: X-S =     0.001821 mb/sr,
+                                         /R =   1.2032E+00
   147.00 deg.: X-S =     0.001625 mb/sr,
+                                         /R =   1.0851E+00
   148.00 deg.: X-S =     0.001444 mb/sr,
+                                         /R =   9.7432E-01
   149.00 deg.: X-S =     0.001286 mb/sr,
+                                         /R =   8.7594E-01
   150.00 deg.: X-S =     0.001152 mb/sr,
+                                         /R =   7.9230E-01
   151.00 deg.: X-S =     0.001042 mb/sr,
+                                         /R =   7.2308E-01
   152.00 deg.: X-S =     0.000951 mb/sr,
+                                         /R =   6.6608E-01
   153.00 deg.: X-S =     0.000876 mb/sr,
+                                         /R =   6.1851E-01
   154.00 deg.: X-S =     0.000812 mb/sr,
+                                         /R =   5.7826E-01
   155.00 deg.: X-S =     0.000759 mb/sr,
+                                         /R =   5.4489E-01
   156.00 deg.: X-S =     0.000719 mb/sr,
+                                         /R =   5.1996E-01
   157.00 deg.: X-S =     0.000695 mb/sr,
+                                         /R =   5.0667E-01
   158.00 deg.: X-S =     0.000693 mb/sr,
+                                         /R =   5.0870E-01
   159.00 deg.: X-S =     0.000716 mb/sr,
+                                         /R =   5.2871E-01
   160.00 deg.: X-S =     0.000763 mb/sr,
+                                         /R =   5.6674E-01
   161.00 deg.: X-S =     0.000828 mb/sr,
+                                         /R =   6.1912E-01
   162.00 deg.: X-S =     0.000902 mb/sr,
+                                         /R =   6.7821E-01
   163.00 deg.: X-S =     0.000970 mb/sr,
+                                         /R =   7.3313E-01
   164.00 deg.: X-S =     0.001015 mb/sr,
+                                         /R =   7.7154E-01
   165.00 deg.: X-S =     0.001024 mb/sr,
+                                         /R =   7.8206E-01
   166.00 deg.: X-S =     0.000987 mb/sr,
+                                         /R =   7.5686E-01
   167.00 deg.: X-S =     0.000901 mb/sr,
+                                         /R =   6.9378E-01
   168.00 deg.: X-S =     0.000773 mb/sr,
+                                         /R =   5.9750E-01
   169.00 deg.: X-S =     0.000618 mb/sr,
+                                         /R =   4.7927E-01
   170.00 deg.: X-S =     0.000457 mb/sr,
+                                         /R =   3.5527E-01
   171.00 deg.: X-S =     0.000312 mb/sr,
+                                         /R =   2.4375E-01
   172.00 deg.: X-S =     0.000206 mb/sr,
+                                         /R =   1.6152E-01
   173.00 deg.: X-S =     0.000154 mb/sr,
+                                         /R =   1.2062E-01
   174.00 deg.: X-S =     0.000160 mb/sr,
+                                         /R =   1.2568E-01
   175.00 deg.: X-S =     0.000220 mb/sr,
+                                         /R =   1.7282E-01
   176.00 deg.: X-S =     0.000317 mb/sr,
+                                         /R =   2.5022E-01
   177.00 deg.: X-S =     0.000431 mb/sr,
+                                         /R =   3.4038E-01
   178.00 deg.: X-S =     0.000536 mb/sr,
+                                         /R =   4.2359E-01
   179.00 deg.: X-S =     0.000610 mb/sr,
+                                         /R =   4.8191E-01
   179.99 deg.: X-S =     0.000636 mb/sr,
+                                         /R =   5.0283E-01
                                           Integrated********** mb, over [   0.000, 180.000] at    80.0000 MeV 
 Finished all xsecs @    6.25000000E-02

  The following files have been created:
   3:local copy of User input.            6:standard output.                   
  13:total cross sections/state.         39:cross sections for each Ecm.       
  40:all cross sectns. for each Elab.    56:Fusion for each Jtotal.            

 PARAMETERS : MAXQRN   MFNL   MLOC  LMAX1 MCLIST
    ALLOWED :      1      1      4    170      6
    REQUIRED:      0      0      4     15      4


 ACCURACY ANALYSIS at    80.000 MeV :

  Elastic h*k = 0.063 so OK       compared with 0.200

   Real(S-el) > 0.01 first at J =       2.5
   Real(S-el) > 0.10 first at J =       2.5
   Real(S-el) > 0.50 first at J =       4.5
   Real(S-el) > 0.90 first at J =       6.5
   Real(S-el) > 0.99 first at J =       9.5
   R-turn =     9.28 fm    at J =      14.5

 Forward-angle excitation cut off below   0.269 deg by max JT =      14.5
                              and below   0.052 deg by max R.

 Total CPU  0 time =       0.06 seconds
