 FRESCO - FRES 3.4: Coupled Reaction Channels
 Assuming NAMELIST input.

 Test reaction with generated potential                                          

   0.040  50.000   0.500   0.000   0.000   0.000   0.000   0.000   0.000   0.000

 Centre-of-mass Range is   1252 * 0.0400 fm., Maximum at  50.00 fm., Interpolating NL forms every  0.52 fm.
 Non - locality width is      4 * 0.0400 fm., Maximum of   0.12 fm., Centred at  0.00 fm.
 2-Nucleon Separation of      0 * 0.5200 fm., Maximum of   0.00 fm., Minimum at  0.00 fm.
 Maximum single particle bins of 49.9200 fm.
               M,Mint =         1251        1249


 Range of total J is     0.0 <= J <=   150.0 (at least     0.0) and Absorbtion =>     0.1000 mb.
 Dry Run = F, CC set limits =  0  0, Relativistic kinematics =  , Both/Far/Near Analyses =  1                     

 Cross Sections (and up to T0 for 0=projectile) for Theta from   0.0 to 180.0 in steps of  1.0 degrees, DGAM=0,  Coordinates = 0 (Mads)

 Lower Radial Cutoff = maximum of -1.60*L*h &       0.0 fm.,  Lower Cutoff for Couplings =   0.0  fm.


 Iterate Couplings between   0 and   0 times, to  0.000 % if sooner.                                          
  Block solved exactly =   0 chs., with Pade = 0 & Isocen =  =0, NOSOL = F, initwf =  0
  NL quadrature with   18 Gaussian points, Calculate multipoles up to   156 from   0
  M-transfers for lp+lt greater than or equal to  6, Angular Integration Cutoff below  2.7778 %


 Trace switches are :  CHANS =  0, LISTCC =  0, TRENEG =  0, CDETR =  0, SMATS =  0, XSTABL =  0, NLPL =  0

                       WAVES =  0, LAMPL =  0, VEFF =  0, KFUS =  0, WDISK =  0, BPM =  0, MELFIL =  0

                       CDCC =  0, NFUS =  0

 Using unit mass = 1.000000 amu and 1/fine-structure constant = 137.03599 ( 1.000000 * true ) with hc = 197.32705 MeV.fm,
  thus 2*amu/hbar^2 = 0.0478450 = 1/20.9008 and Coulomb constant = 0.1574855 so e^2 = 1.43997, and nuclear magneton= 0.1261183

 Now pre-scan input and save to file 3



 *********** PARTITION NUMBER  1 ******************************************************************************************

   PROJ=p          MASS=  1.0000 Z=   1.0,        # STATES=    1T, TARG=4He      MASS=  4.0000 Z=   2.0,     Q-VALUE =   0.0000 MEV.

     1:  J= 0.5+ (B# 1), E=  0.0000, K= 0.5              Potl#  1       J= 0.0+ (B# 1), E=  0.0000, K= 0.0    


 ************************************************************************************************************************************

 The following POTENTIALS are defined :

  KP#       TYPE      IT    SHAPE      at     V1        r1        a1        V2        r2        a2        A-in     A-used


                                            A#1       A#2        r0c       ac                                                h @ 1
    1    0=Coulomb       0=CHARGE (WS)  1     4.000     2.000    4.3872    0.0000    0.0000    0.0000     0.000    23.084   0.04000

    1    1=Volume        0=Woods-Saxon  2   11.9896    1.0485    0.6772   13.5103    1.0485    0.6772     0.000    23.084

    1    2=Surface       0=Woods-Saxon  3    0.0000    0.0000    0.0000    0.0711    1.3172    0.5208     0.000    23.084

    1    3=Projtl S.O.   0=Woods-Saxon  4    2.1974    0.7778    0.5900    0.0000    0.0000    0.0000     0.000    23.084

 Incoming partition  1 in excitation state # 1,   Laboratory Energy given for partition  1 Nucleus 1 in Excitation pair 1

0Lab. ENERGY ranges :

   from    240.000     to   0.00000     in     0 intervals
   from    0.00000     to   0.00000     in     0 intervals
   from    0.00000     to   0.00000     in     0 intervals

 Largest real,imaginary parts of any form factor at R=   49.60 are   2.90E-02  1.72E-29 MeV
 Finished all Couplings @    1.56250000E-02           4

 Symmetric Hamiltonian
1***********************************************************************************************************************************
************************************************************************************************************************************

        INCOMING p        ;    LABORATORY p        ENERGY =   240.00     MeV.

 ***********************************************************************************************************************************
 ***********************************************************************************************************************************


  NOTE: Coulomb excitation cut off below   0.015 deg by JTMAX, and below   0.017 deg by Rmax

 Allocate arrays for            2  channels, of which            1  need wfs.
 Reaction Xsec    21.5+/22 @ 1 =   0.047 , Out:   0.000#
 Reaction Xsec    21.5-/21 @ 1 =   0.079 , Out:   0.000#
 Finished all CC sets @    3.12500000E-02
0CUMULATIVE REACTION cross section                 =  246.37764  <L> =     6.88  <L**2> =     59.7
0CUMULATIVE outgoing cross sections in partition 1 :    0.00000
0Cumulative ABSORBTION by Imaginary Potentials     =  246.37764  <L> =     6.88  <L**2> =     59.7
   Fusion for specific p        M-states :  246.377638  246.377638
0CUMULATIVE OUTGOING cross section                 =    0.00000
 To convert to S-factors (MeV.mb = keV.b),  multiply by  2.1816E+02


 CROSS SECTIONS FOR OUTGOING p        & 4He      in state #   1 with spins & parities 0.5  + &  0.0  +;  0

     0.01 deg.: X-S =   2.4246E+12 mb/sr,
+                                         /R =   9.9997E-01
     1.00 deg.: X-S =   1.8840E+04 mb/sr,
+                                         /R =   7.7698E-01
     2.00 deg.: X-S =   815.989683 mb/sr,
+                                         /R =   5.3835E-01
     3.00 deg.: X-S =   413.687782 mb/sr,
+                                         /R =   1.3814E+00
     4.00 deg.: X-S =   449.831730 mb/sr,
+                                         /R =   4.7455E+00
     5.00 deg.: X-S =   465.386117 mb/sr,
+                                         /R =   1.1981E+01
     6.00 deg.: X-S =   448.512086 mb/sr,
+                                         /R =   2.3929E+01
     7.00 deg.: X-S =   411.397166 mb/sr,
+                                         /R =   4.0637E+01
     8.00 deg.: X-S =   363.842260 mb/sr,
+                                         /R =   6.1265E+01
     9.00 deg.: X-S =   312.486258 mb/sr,
+                                         /R =   8.4210E+01
    10.00 deg.: X-S =   261.702158 mb/sr,
+                                         /R =   1.0739E+02
    11.00 deg.: X-S =   214.259657 mb/sr,
+                                         /R =   1.2859E+02
    12.00 deg.: X-S =   171.760721 mb/sr,
+                                         /R =   1.4582E+02
    13.00 deg.: X-S =   134.952919 mb/sr,
+                                         /R =   1.5761E+02
    14.00 deg.: X-S =   103.975640 mb/sr,
+                                         /R =   1.6311E+02
    15.00 deg.: X-S =    78.560050 mb/sr,
+                                         /R =   1.6216E+02
    16.00 deg.: X-S =    58.189083 mb/sr,
+                                         /R =   1.5525E+02
    17.00 deg.: X-S =    42.219929 mb/sr,
+                                         /R =   1.4331E+02
    18.00 deg.: X-S =    29.972161 mb/sr,
+                                         /R =   1.2765E+02
    19.00 deg.: X-S =    20.786343 mb/sr,
+                                         /R =   1.0969E+02
    20.00 deg.: X-S =    14.059036 mb/sr,
+                                         /R =   9.0907E+01
    21.00 deg.: X-S =     9.260321 mb/sr,
+                                         /R =   7.2630E+01
    22.00 deg.: X-S =     5.939319 mb/sr,
+                                         /R =   5.5987E+01
    23.00 deg.: X-S =     3.722178 mb/sr,
+                                         /R =   4.1819E+01
    24.00 deg.: X-S =     2.305882 mb/sr,
+                                         /R =   3.0642E+01
    25.00 deg.: X-S =     1.450198 mb/sr,
+                                         /R =   2.2633E+01
    26.00 deg.: X-S =     0.969228 mb/sr,
+                                         /R =   1.7650E+01
    27.00 deg.: X-S =     0.723345 mb/sr,
+                                         /R =   1.5277E+01
    28.00 deg.: X-S =     0.611780 mb/sr,
+                                         /R =   1.4902E+01
    29.00 deg.: X-S =     0.565810 mb/sr,
+                                         /R =   1.5813E+01
    30.00 deg.: X-S =     0.542381 mb/sr,
+                                         /R =   1.7308E+01
    31.00 deg.: X-S =     0.518060 mb/sr,
+                                         /R =   1.8790E+01
    32.00 deg.: X-S =     0.483339 mb/sr,
+                                         /R =   1.9841E+01
    33.00 deg.: X-S =     0.437507 mb/sr,
+                                         /R =   2.0245E+01
    34.00 deg.: X-S =     0.384364 mb/sr,
+                                         /R =   1.9973E+01
    35.00 deg.: X-S =     0.329028 mb/sr,
+                                         /R =   1.9132E+01
    36.00 deg.: X-S =     0.275948 mb/sr,
+                                         /R =   1.7894E+01
    37.00 deg.: X-S =     0.228010 mb/sr,
+                                         /R =   1.6437E+01
    38.00 deg.: X-S =     0.186476 mb/sr,
+                                         /R =   1.4899E+01
    39.00 deg.: X-S =     0.151402 mb/sr,
+                                         /R =   1.3368E+01
    40.00 deg.: X-S =     0.122184 mb/sr,
+                                         /R =   1.1890E+01
    41.00 deg.: X-S =     0.098019 mb/sr,
+                                         /R =   1.0485E+01
    42.00 deg.: X-S =     0.078165 mb/sr,
+                                         /R =   9.1682E+00
    43.00 deg.: X-S =     0.062022 mb/sr,
+                                         /R =   7.9580E+00
    44.00 deg.: X-S =     0.049111 mb/sr,
+                                         /R =   6.8777E+00
    45.00 deg.: X-S =     0.039019 mb/sr,
+                                         /R =   5.9510E+00
    46.00 deg.: X-S =     0.031358 mb/sr,
+                                         /R =   5.1978E+00
    47.00 deg.: X-S =     0.025753 mb/sr,
+                                         /R =   4.6300E+00
    48.00 deg.: X-S =     0.021830 mb/sr,
+                                         /R =   4.2489E+00
    49.00 deg.: X-S =     0.019211 mb/sr,
+                                         /R =   4.0404E+00
    50.00 deg.: X-S =     0.017503 mb/sr,
+                                         /R =   3.9706E+00
    51.00 deg.: X-S =     0.016303 mb/sr,
+                                         /R =   3.9827E+00
    52.00 deg.: X-S =     0.015236 mb/sr,
+                                         /R =   4.0013E+00
    53.00 deg.: X-S =     0.014002 mb/sr,
+                                         /R =   3.9468E+00
    54.00 deg.: X-S =     0.012432 mb/sr,
+                                         /R =   3.7557E+00
    55.00 deg.: X-S =     0.010523 mb/sr,
+                                         /R =   3.4020E+00
    56.00 deg.: X-S =     0.008417 mb/sr,
+                                         /R =   2.9076E+00
    57.00 deg.: X-S =     0.006339 mb/sr,
+                                         /R =   2.3368E+00
    58.00 deg.: X-S =     0.004515 mb/sr,
+                                         /R =   1.7739E+00
    59.00 deg.: X-S =     0.003096 mb/sr,
+                                         /R =   1.2946E+00
    60.00 deg.: X-S =     0.002117 mb/sr,
+                                         /R =   9.4099E-01
    61.00 deg.: X-S =     0.001511 mb/sr,
+                                         /R =   7.1286E-01
    62.00 deg.: X-S =     0.001153 mb/sr,
+                                         /R =   5.7693E-01
    63.00 deg.: X-S =     0.000921 mb/sr,
+                                         /R =   4.8833E-01
    64.00 deg.: X-S =     0.000736 mb/sr,
+                                         /R =   4.1251E-01
    65.00 deg.: X-S =     0.000568 mb/sr,
+                                         /R =   3.3677E-01
    66.00 deg.: X-S =     0.000427 mb/sr,
+                                         /R =   2.6733E-01
    67.00 deg.: X-S =     0.000327 mb/sr,
+                                         /R =   2.1607E-01
    68.00 deg.: X-S =     0.000269 mb/sr,
+                                         /R =   1.8702E-01
    69.00 deg.: X-S =     0.000234 mb/sr,
+                                         /R =   1.7148E-01
    70.00 deg.: X-S =     0.000201 mb/sr,
+                                         /R =   1.5460E-01
    71.00 deg.: X-S =     0.000159 mb/sr,
+                                         /R =   1.2832E-01
    72.00 deg.: X-S =     0.000119 mb/sr,
+                                         /R =   1.0101E-01
    73.00 deg.: X-S =     0.000108 mb/sr,
+                                         /R =   9.5903E-02
    74.00 deg.: X-S =     0.000148 mb/sr,
+                                         /R =   1.3766E-01
    75.00 deg.: X-S =     0.000240 mb/sr,
+                                         /R =   2.3437E-01
    76.00 deg.: X-S =     0.000358 mb/sr,
+                                         /R =   3.6623E-01
    77.00 deg.: X-S =     0.000458 mb/sr,
+                                         /R =   4.8935E-01
    78.00 deg.: X-S =     0.000497 mb/sr,
+                                         /R =   5.5445E-01
    79.00 deg.: X-S =     0.000456 mb/sr,
+                                         /R =   5.3114E-01
    80.00 deg.: X-S =     0.000350 mb/sr,
+                                         /R =   4.2455E-01
    81.00 deg.: X-S =     0.000217 mb/sr,
+                                         /R =   2.7415E-01
    82.00 deg.: X-S =     0.000102 mb/sr,
+                                         /R =   1.3485E-01
    83.00 deg.: X-S =   3.6480E-05 mb/sr,
+                                         /R =   5.0012E-02
    84.00 deg.: X-S =   2.2041E-05 mb/sr,
+                                         /R =   3.1422E-02
    85.00 deg.: X-S =   3.8534E-05 mb/sr,
+                                         /R =   5.7087E-02
    86.00 deg.: X-S =   5.7104E-05 mb/sr,
+                                         /R =   8.7854E-02
    87.00 deg.: X-S =   5.8115E-05 mb/sr,
+                                         /R =   9.2788E-02
    88.00 deg.: X-S =   4.1148E-05 mb/sr,
+                                         /R =   6.8138E-02
    89.00 deg.: X-S =   2.2439E-05 mb/sr,
+                                         /R =   3.8513E-02
    90.00 deg.: X-S =   2.2250E-05 mb/sr,
+                                         /R =   3.9558E-02
    91.00 deg.: X-S =   5.0370E-05 mb/sr,
+                                         /R =   9.2704E-02
    92.00 deg.: X-S =   9.8585E-05 mb/sr,
+                                         /R =   1.8772E-01
    93.00 deg.: X-S =     0.000145 mb/sr,
+                                         /R =   2.8450E-01
    94.00 deg.: X-S =     0.000164 mb/sr,
+                                         /R =   3.3411E-01
    95.00 deg.: X-S =     0.000146 mb/sr,
+                                         /R =   3.0725E-01
    96.00 deg.: X-S =   9.8301E-05 mb/sr,
+                                         /R =   2.1321E-01
    97.00 deg.: X-S =   4.3434E-05 mb/sr,
+                                         /R =   9.7189E-02
    98.00 deg.: X-S =   7.1808E-06 mb/sr,
+                                         /R =   1.6567E-02
    99.00 deg.: X-S =   3.8225E-06 mb/sr,
+                                         /R =   9.0884E-03
   100.00 deg.: X-S =   2.9175E-05 mb/sr,
+                                         /R =   7.1447E-02
   101.00 deg.: X-S =   6.3958E-05 mb/sr,
+                                         /R =   1.6124E-01
   102.00 deg.: X-S =   8.5499E-05 mb/sr,
+                                         /R =   2.2178E-01
   103.00 deg.: X-S =   8.0849E-05 mb/sr,
+                                         /R =   2.1568E-01
   104.00 deg.: X-S =   5.3773E-05 mb/sr,
+                                         /R =   1.4745E-01
   105.00 deg.: X-S =   2.1785E-05 mb/sr,
+                                         /R =   6.1374E-02
   106.00 deg.: X-S =   5.2563E-06 mb/sr,
+                                         /R =   1.5207E-02
   107.00 deg.: X-S =   1.5121E-05 mb/sr,
+                                         /R =   4.4900E-02
   108.00 deg.: X-S =   4.6385E-05 mb/sr,
+                                         /R =   1.4131E-01
   109.00 deg.: X-S =   8.1127E-05 mb/sr,
+                                         /R =   2.5343E-01
   110.00 deg.: X-S =   9.9092E-05 mb/sr,
+                                         /R =   3.1729E-01
   111.00 deg.: X-S =   8.9604E-05 mb/sr,
+                                         /R =   2.9394E-01
   112.00 deg.: X-S =   5.7820E-05 mb/sr,
+                                         /R =   1.9424E-01
   113.00 deg.: X-S =   2.1728E-05 mb/sr,
+                                         /R =   7.4713E-02
   114.00 deg.: X-S =   1.7000E-06 mb/sr,
+                                         /R =   5.9811E-03
   115.00 deg.: X-S =   8.7133E-06 mb/sr,
+                                         /R =   3.1351E-02
   116.00 deg.: X-S =   3.8081E-05 mb/sr,
+                                         /R =   1.4007E-01
   117.00 deg.: X-S =   7.2299E-05 mb/sr,
+                                         /R =   2.7174E-01
   118.00 deg.: X-S =   9.1286E-05 mb/sr,
+                                         /R =   3.5045E-01
   119.00 deg.: X-S =   8.4056E-05 mb/sr,
+                                         /R =   3.2947E-01
   120.00 deg.: X-S =   5.5018E-05 mb/sr,
+                                         /R =   2.2008E-01
   121.00 deg.: X-S =   2.1298E-05 mb/sr,
+                                         /R =   8.6912E-02
   122.00 deg.: X-S =   2.6694E-06 mb/sr,
+                                         /R =   1.1108E-02
   123.00 deg.: X-S =   9.9768E-06 mb/sr,
+                                         /R =   4.2320E-02
   124.00 deg.: X-S =   3.8802E-05 mb/sr,
+                                         /R =   1.6771E-01
   125.00 deg.: X-S =   7.2069E-05 mb/sr,
+                                         /R =   3.1726E-01
   126.00 deg.: X-S =   9.0063E-05 mb/sr,
+                                         /R =   4.0367E-01
   127.00 deg.: X-S =   8.2041E-05 mb/sr,
+                                         /R =   3.7424E-01
   128.00 deg.: X-S =   5.2633E-05 mb/sr,
+                                         /R =   2.4426E-01
   129.00 deg.: X-S =   1.9264E-05 mb/sr,
+                                         /R =   9.0919E-02
   130.00 deg.: X-S =   2.0212E-06 mb/sr,
+                                         /R =   9.6977E-03
   131.00 deg.: X-S =   1.1843E-05 mb/sr,
+                                         /R =   5.7742E-02
   132.00 deg.: X-S =   4.3912E-05 mb/sr,
+                                         /R =   2.1750E-01
   133.00 deg.: X-S =   8.0212E-05 mb/sr,
+                                         /R =   4.0345E-01
   134.00 deg.: X-S =   9.9858E-05 mb/sr,
+                                         /R =   5.0986E-01
   135.00 deg.: X-S =   9.1307E-05 mb/sr,
+                                         /R =   4.7307E-01
   136.00 deg.: X-S =   5.9296E-05 mb/sr,
+                                         /R =   3.1163E-01
   137.00 deg.: X-S =   2.2391E-05 mb/sr,
+                                         /R =   1.1933E-01
   138.00 deg.: X-S =   2.3778E-06 mb/sr,
+                                         /R =   1.2845E-02
   139.00 deg.: X-S =   1.1547E-05 mb/sr,
+                                         /R =   6.3207E-02
   140.00 deg.: X-S =   4.5283E-05 mb/sr,
+                                         /R =   2.5109E-01
   141.00 deg.: X-S =   8.4406E-05 mb/sr,
+                                         /R =   4.7393E-01
   142.00 deg.: X-S =     0.000106 mb/sr,
+                                         /R =   6.0324E-01
   143.00 deg.: X-S =   9.7448E-05 mb/sr,
+                                         /R =   5.6048E-01
   144.00 deg.: X-S =   6.3102E-05 mb/sr,
+                                         /R =   3.6714E-01
   145.00 deg.: X-S =   2.3375E-05 mb/sr,
+                                         /R =   1.3753E-01
   146.00 deg.: X-S =   2.6023E-06 mb/sr,
+                                         /R =   1.5478E-02
   147.00 deg.: X-S =   1.4887E-05 mb/sr,
+                                         /R =   8.9480E-02
   148.00 deg.: X-S =   5.5311E-05 mb/sr,
+                                         /R =   3.3585E-01
   149.00 deg.: X-S =     0.000102 mb/sr,
+                                         /R =   6.2556E-01
   150.00 deg.: X-S =     0.000128 mb/sr,
+                                         /R =   7.9479E-01
   151.00 deg.: X-S =     0.000119 mb/sr,
+                                         /R =   7.4098E-01
   152.00 deg.: X-S =   7.7562E-05 mb/sr,
+                                         /R =   4.8890E-01
   153.00 deg.: X-S =   2.9112E-05 mb/sr,
+                                         /R =   1.8508E-01
   154.00 deg.: X-S =   2.9672E-06 mb/sr,
+                                         /R =   1.9020E-02
   155.00 deg.: X-S =   1.7474E-05 mb/sr,
+                                         /R =   1.1290E-01
   156.00 deg.: X-S =   6.8054E-05 mb/sr,
+                                         /R =   4.4303E-01
   157.00 deg.: X-S =     0.000128 mb/sr,
+                                         /R =   8.4232E-01
   158.00 deg.: X-S =     0.000165 mb/sr,
+                                         /R =   1.0886E+00
   159.00 deg.: X-S =     0.000155 mb/sr,
+                                         /R =   1.0330E+00
   160.00 deg.: X-S =     0.000104 mb/sr,
+                                         /R =   6.9637E-01
   161.00 deg.: X-S =   4.0581E-05 mb/sr,
+                                         /R =   2.7308E-01
   162.00 deg.: X-S =   4.7493E-06 mb/sr,
+                                         /R =   3.2142E-02
   163.00 deg.: X-S =   2.4197E-05 mb/sr,
+                                         /R =   1.6464E-01
   164.00 deg.: X-S =   9.6730E-05 mb/sr,
+                                         /R =   6.6150E-01
   165.00 deg.: X-S =     0.000189 mb/sr,
+                                         /R =   1.2963E+00
   166.00 deg.: X-S =     0.000251 mb/sr,
+                                         /R =   1.7341E+00
   167.00 deg.: X-S =     0.000248 mb/sr,
+                                         /R =   1.7162E+00
   168.00 deg.: X-S =     0.000176 mb/sr,
+                                         /R =   1.2239E+00
   169.00 deg.: X-S =   7.5249E-05 mb/sr,
+                                         /R =   5.2534E-01
   170.00 deg.: X-S =   9.5281E-06 mb/sr,
+                                         /R =   6.6733E-02
   171.00 deg.: X-S =   3.5698E-05 mb/sr,
+                                         /R =   2.5075E-01
   172.00 deg.: X-S =     0.000172 mb/sr,
+                                         /R =   1.2111E+00
   173.00 deg.: X-S =     0.000383 mb/sr,
+                                         /R =   2.7037E+00
   174.00 deg.: X-S =     0.000591 mb/sr,
+                                         /R =   4.1829E+00
   175.00 deg.: X-S =     0.000711 mb/sr,
+                                         /R =   5.0396E+00
   176.00 deg.: X-S =     0.000689 mb/sr,
+                                         /R =   4.8913E+00
   177.00 deg.: X-S =     0.000533 mb/sr,
+                                         /R =   3.7821E+00
   178.00 deg.: X-S =     0.000308 mb/sr,
+                                         /R =   2.1878E+00
   179.00 deg.: X-S =     0.000114 mb/sr,
+                                         /R =   8.1319E-01
   179.99 deg.: X-S =   3.8541E-05 mb/sr,
+                                         /R =   2.7409E-01
                                           Integrated********** mb, over [   0.000, 180.000] at   240.0000 MeV 
 Finished all xsecs @    4.68750000E-02

  The following files have been created:
   3:local copy of User input.            6:standard output.                   
  13:total cross sections/state.         39:cross sections for each Ecm.       
  40:all cross sectns. for each Elab.    56:Fusion for each Jtotal.            

 PARAMETERS : MAXQRN   MFNL   MLOC  LMAX1 MCLIST
    ALLOWED :      1      1      4    170      6
    REQUIRED:      0      0      4     23      4


 ACCURACY ANALYSIS at   240.000 MeV :

  Elastic h*k = 0.108 so OK       compared with 0.200

   Real(S-el) > 0.01 first at J =       0.5
   Real(S-el) > 0.10 first at J =       0.5
   Real(S-el) > 0.50 first at J =       1.5
   Real(S-el) > 0.90 first at J =       9.5
   Real(S-el) > 0.99 first at J =      14.5
   R-turn =     7.94 fm    at J =      21.5

 Forward-angle excitation cut off below   0.106 deg by max JT =      21.5
                              and below   0.017 deg by max R.

 Total CPU  0 time =       0.05 seconds
