 FRESCO - FRES 3.4: Coupled Reaction Channels
 Assuming NAMELIST input.

 Test reaction with generated potential                                          

   0.040  50.000   0.500   0.000   0.000   0.000   0.000   0.000   0.000   0.000

 Centre-of-mass Range is   1252 * 0.0400 fm., Maximum at  50.00 fm., Interpolating NL forms every  0.52 fm.
 Non - locality width is      4 * 0.0400 fm., Maximum of   0.12 fm., Centred at  0.00 fm.
 2-Nucleon Separation of      0 * 0.5200 fm., Maximum of   0.00 fm., Minimum at  0.00 fm.
 Maximum single particle bins of 49.9200 fm.
               M,Mint =         1251        1249


 Range of total J is     0.0 <= J <=   150.0 (at least     0.0) and Absorbtion =>     0.1000 mb.
 Dry Run = F, CC set limits =  0  0, Relativistic kinematics =  , Both/Far/Near Analyses =  1                     

 Cross Sections (and up to T0 for 0=projectile) for Theta from   0.0 to 180.0 in steps of  1.0 degrees, DGAM=0,  Coordinates = 0 (Mads)

 Lower Radial Cutoff = maximum of -1.60*L*h &       0.0 fm.,  Lower Cutoff for Couplings =   0.0  fm.


 Iterate Couplings between   0 and   0 times, to  0.000 % if sooner.                                          
  Block solved exactly =   0 chs., with Pade = 0 & Isocen =  =0, NOSOL = F, initwf =  0
  NL quadrature with   18 Gaussian points, Calculate multipoles up to   156 from   0
  M-transfers for lp+lt greater than or equal to  6, Angular Integration Cutoff below  2.7778 %


 Trace switches are :  CHANS =  0, LISTCC =  0, TRENEG =  0, CDETR =  0, SMATS =  0, XSTABL =  0, NLPL =  0

                       WAVES =  0, LAMPL =  0, VEFF =  0, KFUS =  0, WDISK =  0, BPM =  0, MELFIL =  0

                       CDCC =  0, NFUS =  0

 Using unit mass = 1.000000 amu and 1/fine-structure constant = 137.03599 ( 1.000000 * true ) with hc = 197.32705 MeV.fm,
  thus 2*amu/hbar^2 = 0.0478450 = 1/20.9008 and Coulomb constant = 0.1574855 so e^2 = 1.43997, and nuclear magneton= 0.1261183

 Now pre-scan input and save to file 3



 *********** PARTITION NUMBER  1 ******************************************************************************************

   PROJ=t          MASS=  3.0000 Z=   1.0,        # STATES=    1T, TARG=p        MASS=  1.0000 Z=   1.0,     Q-VALUE =   0.0000 MEV.

     1:  J= 0.5+ (B# 1), E=  0.0000, K= 0.5              Potl#  1       J= 0.5+ (B# 1), E=  0.0000, K= 0.5    


 ************************************************************************************************************************************

 The following POTENTIALS are defined :

  KP#       TYPE      IT    SHAPE      at     V1        r1        a1        V2        r2        a2        A-in     A-used


                                            A#1       A#2        r0c       ac                                                h @ 1
    1    0=Coulomb       0=CHARGE (WS)  1     1.000     1.000    3.0528    0.0000    0.0000    0.0000     0.000     8.000   0.04000

    1    1=Volume        0=Woods-Saxon  2   70.0000    1.2500    0.6500   15.0000    1.2500    0.6500     0.000     8.000

    1    2=Surface       0=Woods-Saxon  3    0.0000    0.0000    0.0000    5.0000    1.3000    0.6500     0.000     8.000

    1    3=Projtl S.O.   0=Woods-Saxon  4    3.0000    1.0000    0.6500    0.0000    0.0000    0.0000     0.000     8.000

 Incoming partition  1 in excitation state # 1,   Laboratory Energy given for partition  1 Nucleus 1 in Excitation pair 1

0Lab. ENERGY ranges :

   from    35.0000     to   0.00000     in     0 intervals
   from    0.00000     to   0.00000     in     0 intervals
   from    0.00000     to   0.00000     in     0 intervals

 Largest real,imaginary parts of any form factor at R=   49.60 are   2.90E-02  7.91E-31 MeV
 Finished all Couplings @    1.56250000E-02           4

 Symmetric Hamiltonian
1***********************************************************************************************************************************
************************************************************************************************************************************

        INCOMING t        ;    LABORATORY t        ENERGY =   35.000     MeV.

 ***********************************************************************************************************************************
 ***********************************************************************************************************************************


  NOTE: Coulomb excitation cut off below   0.035 deg by JTMAX, and below   0.189 deg by Rmax

 Allocate arrays for            2  channels, of which            1  need wfs.
 Allocate arrays for            2  channels, of which            2  need wfs.
 Reaction Xsec     5.0-/ 5 @ 1 =   0.396 , Out:   0.000#
 Reaction Xsec     5.0-/ 5 @ 2 =   0.399 , Out:   0.000#
 Reaction Xsec     6.0+/ 6 @ 1 =   0.053 , Out:   0.000#
 Reaction Xsec     6.0+/ 6 @ 2 =   0.053 , Out:   0.000#
 Finished all CC sets @    1.56250000E-02
0CUMULATIVE REACTION cross section                 =  907.80308  <L> =     1.95  <L**2> =      4.8
0CUMULATIVE outgoing cross sections in partition 1 :    0.00000
0Cumulative ABSORBTION by Imaginary Potentials     =  907.80308  <L> =     1.95  <L**2> =      4.8
   Fusion for specific t        M-states : 1513.379665 1513.379665
0CUMULATIVE OUTGOING cross section                 =    0.00000
 To convert to S-factors (MeV.mb = keV.b),  multiply by  1.1690E+01


 CROSS SECTIONS FOR OUTGOING t        & p        in state #   1 with spins & parities 0.5  + &  0.5  +;  0

     0.01 deg.: X-S =   2.9186E+14 mb/sr,
+                                         /R =   1.0000E+00
     1.00 deg.: X-S =   2.9040E+06 mb/sr,
+                                         /R =   9.9493E-01
     2.00 deg.: X-S =   1.8020E+05 mb/sr,
+                                         /R =   9.8765E-01
     3.00 deg.: X-S =   3.5583E+04 mb/sr,
+                                         /R =   9.8706E-01
     4.00 deg.: X-S =   1.1454E+04 mb/sr,
+                                         /R =   1.0039E+00
     5.00 deg.: X-S =  4915.923510 mb/sr,
+                                         /R =   1.0514E+00
     6.00 deg.: X-S =  2584.563916 mb/sr,
+                                         /R =   1.1456E+00
     7.00 deg.: X-S =  1590.089598 mb/sr,
+                                         /R =   1.3048E+00
     8.00 deg.: X-S =  1107.785079 mb/sr,
+                                         /R =   1.5496E+00
     9.00 deg.: X-S =   849.594689 mb/sr,
+                                         /R =   1.9020E+00
    10.00 deg.: X-S =   699.728166 mb/sr,
+                                         /R =   2.3853E+00
    11.00 deg.: X-S =   606.413062 mb/sr,
+                                         /R =   3.0234E+00
    12.00 deg.: X-S =   544.481946 mb/sr,
+                                         /R =   3.8402E+00
    13.00 deg.: X-S =   500.846975 mb/sr,
+                                         /R =   4.8593E+00
    14.00 deg.: X-S =   468.313985 mb/sr,
+                                         /R =   6.1031E+00
    15.00 deg.: X-S =   442.741500 mb/sr,
+                                         /R =   7.5923E+00
    16.00 deg.: X-S =   421.651172 mb/sr,
+                                         /R =   9.3456E+00
    17.00 deg.: X-S =   403.510900 mb/sr,
+                                         /R =   1.1379E+01
    18.00 deg.: X-S =   387.347598 mb/sr,
+                                         /R =   1.3704E+01
    19.00 deg.: X-S =   372.529514 mb/sr,
+                                         /R =   1.6332E+01
    20.00 deg.: X-S =   358.639478 mb/sr,
+                                         /R =   1.9265E+01
    21.00 deg.: X-S =   345.398745 mb/sr,
+                                         /R =   2.2505E+01
    22.00 deg.: X-S =   332.619944 mb/sr,
+                                         /R =   2.6048E+01
    23.00 deg.: X-S =   320.177248 mb/sr,
+                                         /R =   2.9884E+01
    24.00 deg.: X-S =   307.987031 mb/sr,
+                                         /R =   3.4000E+01
    25.00 deg.: X-S =   295.995042 mb/sr,
+                                         /R =   3.8376E+01
    26.00 deg.: X-S =   284.167731 mb/sr,
+                                         /R =   4.2989E+01
    27.00 deg.: X-S =   272.486277 mb/sr,
+                                         /R =   4.7810E+01
    28.00 deg.: X-S =   260.942399 mb/sr,
+                                         /R =   5.2805E+01
    29.00 deg.: X-S =   249.535367 mb/sr,
+                                         /R =   5.7938E+01
    30.00 deg.: X-S =   238.269839 mb/sr,
+                                         /R =   6.3166E+01
    31.00 deg.: X-S =   227.154270 mb/sr,
+                                         /R =   6.8446E+01
    32.00 deg.: X-S =   216.199726 mb/sr,
+                                         /R =   7.3729E+01
    33.00 deg.: X-S =   205.418985 mb/sr,
+                                         /R =   7.8966E+01
    34.00 deg.: X-S =   194.825854 mb/sr,
+                                         /R =   8.4105E+01
    35.00 deg.: X-S =   184.434639 mb/sr,
+                                         /R =   8.9093E+01
    36.00 deg.: X-S =   174.259734 mb/sr,
+                                         /R =   9.3877E+01
    37.00 deg.: X-S =   164.315298 mb/sr,
+                                         /R =   9.8405E+01
    38.00 deg.: X-S =   154.614999 mb/sr,
+                                         /R =   1.0262E+02
    39.00 deg.: X-S =   145.171820 mb/sr,
+                                         /R =   1.0649E+02
    40.00 deg.: X-S =   135.997897 mb/sr,
+                                         /R =   1.0994E+02
    41.00 deg.: X-S =   127.104404 mb/sr,
+                                         /R =   1.1295E+02
    42.00 deg.: X-S =   118.501457 mb/sr,
+                                         /R =   1.1547E+02
    43.00 deg.: X-S =   110.198049 mb/sr,
+                                         /R =   1.1746E+02
    44.00 deg.: X-S =   102.201999 mb/sr,
+                                         /R =   1.1890E+02
    45.00 deg.: X-S =    94.519926 mb/sr,
+                                         /R =   1.1976E+02
    46.00 deg.: X-S =    87.157230 mb/sr,
+                                         /R =   1.2002E+02
    47.00 deg.: X-S =    80.118093 mb/sr,
+                                         /R =   1.1966E+02
    48.00 deg.: X-S =    73.405481 mb/sr,
+                                         /R =   1.1869E+02
    49.00 deg.: X-S =    67.021170 mb/sr,
+                                         /R =   1.1710E+02
    50.00 deg.: X-S =    60.965765 mb/sr,
+                                         /R =   1.1490E+02
    51.00 deg.: X-S =    55.238738 mb/sr,
+                                         /R =   1.1210E+02
    52.00 deg.: X-S =    49.838467 mb/sr,
+                                         /R =   1.0873E+02
    53.00 deg.: X-S =    44.762280 mb/sr,
+                                         /R =   1.0482E+02
    54.00 deg.: X-S =    40.006506 mb/sr,
+                                         /R =   1.0040E+02
    55.00 deg.: X-S =    35.566527 mb/sr,
+                                         /R =   9.5520E+01
    56.00 deg.: X-S =    31.436836 mb/sr,
+                                         /R =   9.0221E+01
    57.00 deg.: X-S =    27.611095 mb/sr,
+                                         /R =   8.4560E+01
    58.00 deg.: X-S =    24.082197 mb/sr,
+                                         /R =   7.8598E+01
    59.00 deg.: X-S =    20.842327 mb/sr,
+                                         /R =   7.2399E+01
    60.00 deg.: X-S =    17.883026 mb/sr,
+                                         /R =   6.6032E+01
    61.00 deg.: X-S =    15.195253 mb/sr,
+                                         /R =   5.9568E+01
    62.00 deg.: X-S =    12.769449 mb/sr,
+                                         /R =   5.3084E+01
    63.00 deg.: X-S =    10.595601 mb/sr,
+                                         /R =   4.6655E+01
    64.00 deg.: X-S =     8.663303 mb/sr,
+                                         /R =   4.0360E+01
    65.00 deg.: X-S =     6.961817 mb/sr,
+                                         /R =   3.4278E+01
    66.00 deg.: X-S =     5.480131 mb/sr,
+                                         /R =   2.8488E+01
    67.00 deg.: X-S =     4.207020 mb/sr,
+                                         /R =   2.3066E+01
    68.00 deg.: X-S =     3.131101 mb/sr,
+                                         /R =   1.8087E+01
    69.00 deg.: X-S =     2.240883 mb/sr,
+                                         /R =   1.3626E+01
    70.00 deg.: X-S =     1.524826 mb/sr,
+                                         /R =   9.7503E+00
    71.00 deg.: X-S =     0.971385 mb/sr,
+                                         /R =   6.5259E+00
    72.00 deg.: X-S =     0.569057 mb/sr,
+                                         /R =   4.0129E+00
    73.00 deg.: X-S =     0.306430 mb/sr,
+                                         /R =   2.2663E+00
    74.00 deg.: X-S =     0.172218 mb/sr,
+                                         /R =   1.3346E+00
    75.00 deg.: X-S =     0.155308 mb/sr,
+                                         /R =   1.2601E+00
    76.00 deg.: X-S =     0.244788 mb/sr,
+                                         /R =   2.0777E+00
    77.00 deg.: X-S =     0.429990 mb/sr,
+                                         /R =   3.8149E+00
    78.00 deg.: X-S =     0.700512 mb/sr,
+                                         /R =   6.4914E+00
    79.00 deg.: X-S =     1.046255 mb/sr,
+                                         /R =   1.0118E+01
    80.00 deg.: X-S =     1.457441 mb/sr,
+                                         /R =   1.4699E+01
    81.00 deg.: X-S =     1.924644 mb/sr,
+                                         /R =   2.0228E+01
    82.00 deg.: X-S =     2.438805 mb/sr,
+                                         /R =   2.6692E+01
    83.00 deg.: X-S =     2.991253 mb/sr,
+                                         /R =   3.4068E+01
    84.00 deg.: X-S =     3.573721 mb/sr,
+                                         /R =   4.2325E+01
    85.00 deg.: X-S =     4.178358 mb/sr,
+                                         /R =   5.1425E+01
    86.00 deg.: X-S =     4.797742 mb/sr,
+                                         /R =   6.1320E+01
    87.00 deg.: X-S =     5.424892 mb/sr,
+                                         /R =   7.1957E+01
    88.00 deg.: X-S =     6.053267 mb/sr,
+                                         /R =   8.3274E+01
    89.00 deg.: X-S =     6.676779 mb/sr,
+                                         /R =   9.5202E+01
    90.00 deg.: X-S =     7.289794 mb/sr,
+                                         /R =   1.0767E+02
    91.00 deg.: X-S =     7.887131 mb/sr,
+                                         /R =   1.2059E+02
    92.00 deg.: X-S =     8.464065 mb/sr,
+                                         /R =   1.3389E+02
    93.00 deg.: X-S =     9.016321 mb/sr,
+                                         /R =   1.4747E+02
    94.00 deg.: X-S =     9.540074 mb/sr,
+                                         /R =   1.6125E+02
    95.00 deg.: X-S =    10.031944 mb/sr,
+                                         /R =   1.7512E+02
    96.00 deg.: X-S =    10.488983 mb/sr,
+                                         /R =   1.8900E+02
    97.00 deg.: X-S =    10.908677 mb/sr,
+                                         /R =   2.0278E+02
    98.00 deg.: X-S =    11.288927 mb/sr,
+                                         /R =   2.1637E+02
    99.00 deg.: X-S =    11.628045 mb/sr,
+                                         /R =   2.2968E+02
   100.00 deg.: X-S =    11.924738 mb/sr,
+                                         /R =   2.4260E+02
   101.00 deg.: X-S =    12.178099 mb/sr,
+                                         /R =   2.5506E+02
   102.00 deg.: X-S =    12.387590 mb/sr,
+                                         /R =   2.6695E+02
   103.00 deg.: X-S =    12.553028 mb/sr,
+                                         /R =   2.7820E+02
   104.00 deg.: X-S =    12.674570 mb/sr,
+                                         /R =   2.8873E+02
   105.00 deg.: X-S =    12.752699 mb/sr,
+                                         /R =   2.9847E+02
   106.00 deg.: X-S =    12.788199 mb/sr,
+                                         /R =   3.0735E+02
   107.00 deg.: X-S =    12.782148 mb/sr,
+                                         /R =   3.1532E+02
   108.00 deg.: X-S =    12.735889 mb/sr,
+                                         /R =   3.2232E+02
   109.00 deg.: X-S =    12.651020 mb/sr,
+                                         /R =   3.2832E+02
   110.00 deg.: X-S =    12.529368 mb/sr,
+                                         /R =   3.3329E+02
   111.00 deg.: X-S =    12.372972 mb/sr,
+                                         /R =   3.3719E+02
   112.00 deg.: X-S =    12.184064 mb/sr,
+                                         /R =   3.4003E+02
   113.00 deg.: X-S =    11.965048 mb/sr,
+                                         /R =   3.4180E+02
   114.00 deg.: X-S =    11.718476 mb/sr,
+                                         /R =   3.4251E+02
   115.00 deg.: X-S =    11.447033 mb/sr,
+                                         /R =   3.4217E+02
   116.00 deg.: X-S =    11.153513 mb/sr,
+                                         /R =   3.4082E+02
   117.00 deg.: X-S =    10.840799 mb/sr,
+                                         /R =   3.3850E+02
   118.00 deg.: X-S =    10.511844 mb/sr,
+                                         /R =   3.3525E+02
   119.00 deg.: X-S =    10.169647 mb/sr,
+                                         /R =   3.3115E+02
   120.00 deg.: X-S =     9.817239 mb/sr,
+                                         /R =   3.2625E+02
   121.00 deg.: X-S =     9.457657 mb/sr,
+                                         /R =   3.2063E+02
   122.00 deg.: X-S =     9.093931 mb/sr,
+                                         /R =   3.1438E+02
   123.00 deg.: X-S =     8.729061 mb/sr,
+                                         /R =   3.0761E+02
   124.00 deg.: X-S =     8.365999 mb/sr,
+                                         /R =   3.0039E+02
   125.00 deg.: X-S =     8.007633 mb/sr,
+                                         /R =   2.9285E+02
   126.00 deg.: X-S =     7.656773 mb/sr,
+                                         /R =   2.8510E+02
   127.00 deg.: X-S =     7.316128 mb/sr,
+                                         /R =   2.7725E+02
   128.00 deg.: X-S =     6.988297 mb/sr,
+                                         /R =   2.6943E+02
   129.00 deg.: X-S =     6.675752 mb/sr,
+                                         /R =   2.6175E+02
   130.00 deg.: X-S =     6.380826 mb/sr,
+                                         /R =   2.5434E+02
   131.00 deg.: X-S =     6.105697 mb/sr,
+                                         /R =   2.4732E+02
   132.00 deg.: X-S =     5.852384 mb/sr,
+                                         /R =   2.4082E+02
   133.00 deg.: X-S =     5.622729 mb/sr,
+                                         /R =   2.3495E+02
   134.00 deg.: X-S =     5.418391 mb/sr,
+                                         /R =   2.2983E+02
   135.00 deg.: X-S =     5.240841 mb/sr,
+                                         /R =   2.2558E+02
   136.00 deg.: X-S =     5.091351 mb/sr,
+                                         /R =   2.2229E+02
   137.00 deg.: X-S =     4.970990 mb/sr,
+                                         /R =   2.2008E+02
   138.00 deg.: X-S =     4.880619 mb/sr,
+                                         /R =   2.1904E+02
   139.00 deg.: X-S =     4.820892 mb/sr,
+                                         /R =   2.1924E+02
   140.00 deg.: X-S =     4.792247 mb/sr,
+                                         /R =   2.2076E+02
   141.00 deg.: X-S =     4.794912 mb/sr,
+                                         /R =   2.2367E+02
   142.00 deg.: X-S =     4.828903 mb/sr,
+                                         /R =   2.2801E+02
   143.00 deg.: X-S =     4.894025 mb/sr,
+                                         /R =   2.3384E+02
   144.00 deg.: X-S =     4.989876 mb/sr,
+                                         /R =   2.4118E+02
   145.00 deg.: X-S =     5.115855 mb/sr,
+                                         /R =   2.5005E+02
   146.00 deg.: X-S =     5.271159 mb/sr,
+                                         /R =   2.6045E+02
   147.00 deg.: X-S =     5.454798 mb/sr,
+                                         /R =   2.7237E+02
   148.00 deg.: X-S =     5.665599 mb/sr,
+                                         /R =   2.8579E+02
   149.00 deg.: X-S =     5.902214 mb/sr,
+                                         /R =   3.0067E+02
   150.00 deg.: X-S =     6.163131 mb/sr,
+                                         /R =   3.1696E+02
   151.00 deg.: X-S =     6.446685 mb/sr,
+                                         /R =   3.3461E+02
   152.00 deg.: X-S =     6.751068 mb/sr,
+                                         /R =   3.5353E+02
   153.00 deg.: X-S =     7.074342 mb/sr,
+                                         /R =   3.7363E+02
   154.00 deg.: X-S =     7.414450 mb/sr,
+                                         /R =   3.9483E+02
   155.00 deg.: X-S =     7.769235 mb/sr,
+                                         /R =   4.1700E+02
   156.00 deg.: X-S =     8.136446 mb/sr,
+                                         /R =   4.4003E+02
   157.00 deg.: X-S =     8.513759 mb/sr,
+                                         /R =   4.6379E+02
   158.00 deg.: X-S =     8.898790 mb/sr,
+                                         /R =   4.8815E+02
   159.00 deg.: X-S =     9.289107 mb/sr,
+                                         /R =   5.1294E+02
   160.00 deg.: X-S =     9.682250 mb/sr,
+                                         /R =   5.3804E+02
   161.00 deg.: X-S =    10.075745 mb/sr,
+                                         /R =   5.6327E+02
   162.00 deg.: X-S =    10.467117 mb/sr,
+                                         /R =   5.8849E+02
   163.00 deg.: X-S =    10.853909 mb/sr,
+                                         /R =   6.1352E+02
   164.00 deg.: X-S =    11.233694 mb/sr,
+                                         /R =   6.3821E+02
   165.00 deg.: X-S =    11.604094 mb/sr,
+                                         /R =   6.6240E+02
   166.00 deg.: X-S =    11.962789 mb/sr,
+                                         /R =   6.8591E+02
   167.00 deg.: X-S =    12.307536 mb/sr,
+                                         /R =   7.0860E+02
   168.00 deg.: X-S =    12.636181 mb/sr,
+                                         /R =   7.3031E+02
   169.00 deg.: X-S =    12.946674 mb/sr,
+                                         /R =   7.5089E+02
   170.00 deg.: X-S =    13.237076 mb/sr,
+                                         /R =   7.7020E+02
   171.00 deg.: X-S =    13.505577 mb/sr,
+                                         /R =   7.8810E+02
   172.00 deg.: X-S =    13.750506 mb/sr,
+                                         /R =   8.0448E+02
   173.00 deg.: X-S =    13.970337 mb/sr,
+                                         /R =   8.1921E+02
   174.00 deg.: X-S =    14.163701 mb/sr,
+                                         /R =   8.3220E+02
   175.00 deg.: X-S =    14.329397 mb/sr,
+                                         /R =   8.4335E+02
   176.00 deg.: X-S =    14.466394 mb/sr,
+                                         /R =   8.5258E+02
   177.00 deg.: X-S =    14.573840 mb/sr,
+                                         /R =   8.5983E+02
   178.00 deg.: X-S =    14.651067 mb/sr,
+                                         /R =   8.6504E+02
   179.00 deg.: X-S =    14.697596 mb/sr,
+                                         /R =   8.6819E+02
   179.99 deg.: X-S =    14.713137 mb/sr,
+                                         /R =   8.6924E+02
                                           Integrated********** mb, over [   0.000, 180.000] at    35.0000 MeV 
 Finished all xsecs @    3.12500000E-02

  The following files have been created:
   3:local copy of User input.            6:standard output.                   
  13:total cross sections/state.         39:cross sections for each Ecm.       
  40:all cross sectns. for each Elab.    56:Fusion for each Jtotal.            

 PARAMETERS : MAXQRN   MFNL   MLOC  LMAX1 MCLIST
    ALLOWED :      1      4      4    170      6
    REQUIRED:      0      0      4      7      4


 ACCURACY ANALYSIS at    35.000 MeV :

  Elastic h*k = 0.022 so OK       compared with 0.200

   Real(S-el) > 0.01 first at J =       1.0
   Real(S-el) > 0.10 first at J =       1.0
   Real(S-el) > 0.50 first at J =       2.0
   Real(S-el) > 0.90 first at J =       2.0
   Real(S-el) > 0.99 first at J =       3.0
   R-turn =    11.65 fm    at J =       6.0

 Forward-angle excitation cut off below   0.813 deg by max JT =       6.0
                              and below   0.189 deg by max R.

 Total CPU  0 time =       0.03 seconds
