 FRESCO - FRES 3.4: Coupled Reaction Channels
 Assuming NAMELIST input.

 Test reaction with generated potential                                          

   0.040  50.000   0.500   0.000   0.000   0.000   0.000   0.000   0.000   0.000

 Centre-of-mass Range is   1252 * 0.0400 fm., Maximum at  50.00 fm., Interpolating NL forms every  0.52 fm.
 Non - locality width is      4 * 0.0400 fm., Maximum of   0.12 fm., Centred at  0.00 fm.
 2-Nucleon Separation of      0 * 0.5200 fm., Maximum of   0.00 fm., Minimum at  0.00 fm.
 Maximum single particle bins of 49.9200 fm.
               M,Mint =         1251        1249


 Range of total J is     0.0 <= J <=   150.0 (at least     0.0) and Absorbtion =>     0.1000 mb.
 Dry Run = F, CC set limits =  0  0, Relativistic kinematics =  , Both/Far/Near Analyses =  1                     

 Cross Sections (and up to T0 for 0=projectile) for Theta from   0.0 to 180.0 in steps of  1.0 degrees, DGAM=0,  Coordinates = 0 (Mads)

 Lower Radial Cutoff = maximum of -1.60*L*h &       0.0 fm.,  Lower Cutoff for Couplings =   0.0  fm.


 Iterate Couplings between   0 and   0 times, to  0.000 % if sooner.                                          
  Block solved exactly =   0 chs., with Pade = 0 & Isocen =  =0, NOSOL = F, initwf =  0
  NL quadrature with   18 Gaussian points, Calculate multipoles up to   156 from   0
  M-transfers for lp+lt greater than or equal to  6, Angular Integration Cutoff below  2.7778 %


 Trace switches are :  CHANS =  0, LISTCC =  0, TRENEG =  0, CDETR =  0, SMATS =  0, XSTABL =  0, NLPL =  0

                       WAVES =  0, LAMPL =  0, VEFF =  0, KFUS =  0, WDISK =  0, BPM =  0, MELFIL =  0

                       CDCC =  0, NFUS =  0

 Using unit mass = 1.000000 amu and 1/fine-structure constant = 137.03599 ( 1.000000 * true ) with hc = 197.32705 MeV.fm,
  thus 2*amu/hbar^2 = 0.0478450 = 1/20.9008 and Coulomb constant = 0.1574855 so e^2 = 1.43997, and nuclear magneton= 0.1261183

 Now pre-scan input and save to file 3



 *********** PARTITION NUMBER  1 ******************************************************************************************

   PROJ=t          MASS=  3.0000 Z=   1.0,        # STATES=    1T, TARG=p        MASS=  1.0000 Z=   1.0,     Q-VALUE =   0.0000 MEV.

     1:  J= 0.5+ (B# 1), E=  0.0000, K= 0.5              Potl#  1       J= 0.5+ (B# 1), E=  0.0000, K= 0.5    


 ************************************************************************************************************************************

 The following POTENTIALS are defined :

  KP#       TYPE      IT    SHAPE      at     V1        r1        a1        V2        r2        a2        A-in     A-used


                                            A#1       A#2        r0c       ac                                                h @ 1
    1    0=Coulomb       0=CHARGE (WS)  1     1.000     1.000    3.0528    0.0000    0.0000    0.0000     0.000     8.000   0.04000

    1    1=Volume        0=Woods-Saxon  2   70.0000    1.2500    0.6500   15.0000    1.2500    0.6500     0.000     8.000

    1    2=Surface       0=Woods-Saxon  3    0.0000    0.0000    0.0000    5.0000    1.3000    0.6500     0.000     8.000

    1    3=Projtl S.O.   0=Woods-Saxon  4    3.0000    1.0000    0.6500    0.0000    0.0000    0.0000     0.000     8.000

 Incoming partition  1 in excitation state # 1,   Laboratory Energy given for partition  1 Nucleus 1 in Excitation pair 1

0Lab. ENERGY ranges :

   from    125.000     to   0.00000     in     0 intervals
   from    0.00000     to   0.00000     in     0 intervals
   from    0.00000     to   0.00000     in     0 intervals

 Largest real,imaginary parts of any form factor at R=   49.60 are   2.90E-02  7.91E-31 MeV
 Finished all Couplings @    1.56250000E-02           4

 Symmetric Hamiltonian
1***********************************************************************************************************************************
************************************************************************************************************************************

        INCOMING t        ;    LABORATORY t        ENERGY =   125.00     MeV.

 ***********************************************************************************************************************************
 ***********************************************************************************************************************************


  NOTE: Coulomb excitation cut off below   0.019 deg by JTMAX, and below   0.053 deg by Rmax

 Allocate arrays for            2  channels, of which            1  need wfs.
 Allocate arrays for            2  channels, of which            2  need wfs.
 Reaction Xsec     9.0+/ 8 @ 1 =   0.365 , Out:   0.000#
 Reaction Xsec     9.0+/10 @ 2 =   0.027 , Out:   0.000#
 Reaction Xsec     9.0-/ 9 @ 1 =   0.099 , Out:   0.000#
 Reaction Xsec     9.0-/ 9 @ 2 =   0.099 , Out:   0.000#
 Finished all CC sets @    3.12500000E-02
0CUMULATIVE REACTION cross section                 =  596.00507  <L> =     3.08  <L**2> =     11.6
0CUMULATIVE outgoing cross sections in partition 1 :    0.00000
0Cumulative ABSORBTION by Imaginary Potentials     =  596.00507  <L> =     3.08  <L**2> =     11.6
   Fusion for specific t        M-states :  583.497789  583.497789
0CUMULATIVE OUTGOING cross section                 =    0.00000
 To convert to S-factors (MeV.mb = keV.b),  multiply by  3.6427E+01


 CROSS SECTIONS FOR OUTGOING t        & p        in state #   1 with spins & parities 0.5  + &  0.5  +;  0

     0.01 deg.: X-S =   2.2882E+13 mb/sr,
+                                         /R =   9.9999E-01
     1.00 deg.: X-S =   2.1955E+05 mb/sr,
+                                         /R =   9.5945E-01
     2.00 deg.: X-S =   1.3159E+04 mb/sr,
+                                         /R =   9.1992E-01
     3.00 deg.: X-S =  3049.173605 mb/sr,
+                                         /R =   1.0789E+00
     4.00 deg.: X-S =  1558.500654 mb/sr,
+                                         /R =   1.7422E+00
     5.00 deg.: X-S =  1213.880969 mb/sr,
+                                         /R =   3.3114E+00
     6.00 deg.: X-S =  1107.838368 mb/sr,
+                                         /R =   6.2632E+00
     7.00 deg.: X-S =  1062.803452 mb/sr,
+                                         /R =   1.1124E+01
     8.00 deg.: X-S =  1033.654161 mb/sr,
+                                         /R =   1.8443E+01
     9.00 deg.: X-S =  1007.116002 mb/sr,
+                                         /R =   2.8759E+01
    10.00 deg.: X-S =   979.081418 mb/sr,
+                                         /R =   4.2571E+01
    11.00 deg.: X-S =   948.412966 mb/sr,
+                                         /R =   6.0312E+01
    12.00 deg.: X-S =   915.008115 mb/sr,
+                                         /R =   8.2315E+01
    13.00 deg.: X-S =   879.134840 mb/sr,
+                                         /R =   1.0879E+02
    14.00 deg.: X-S =   841.187875 mb/sr,
+                                         /R =   1.3983E+02
    15.00 deg.: X-S =   801.595245 mb/sr,
+                                         /R =   1.7533E+02
    16.00 deg.: X-S =   760.781444 mb/sr,
+                                         /R =   2.1508E+02
    17.00 deg.: X-S =   719.152690 mb/sr,
+                                         /R =   2.5867E+02
    18.00 deg.: X-S =   677.090906 mb/sr,
+                                         /R =   3.0556E+02
    19.00 deg.: X-S =   634.951146 mb/sr,
+                                         /R =   3.5505E+02
    20.00 deg.: X-S =   593.060353 mb/sr,
+                                         /R =   4.0635E+02
    21.00 deg.: X-S =   551.716663 mb/sr,
+                                         /R =   4.5853E+02
    22.00 deg.: X-S =   511.188958 mb/sr,
+                                         /R =   5.1061E+02
    23.00 deg.: X-S =   471.716612 mb/sr,
+                                         /R =   5.6159E+02
    24.00 deg.: X-S =   433.509437 mb/sr,
+                                         /R =   6.1042E+02
    25.00 deg.: X-S =   396.747848 mb/sr,
+                                         /R =   6.5611E+02
    26.00 deg.: X-S =   361.583278 mb/sr,
+                                         /R =   6.9771E+02
    27.00 deg.: X-S =   328.138856 mb/sr,
+                                         /R =   7.3437E+02
    28.00 deg.: X-S =   296.510344 mb/sr,
+                                         /R =   7.6534E+02
    29.00 deg.: X-S =   266.767323 mb/sr,
+                                         /R =   7.9004E+02
    30.00 deg.: X-S =   238.954613 mb/sr,
+                                         /R =   8.0801E+02
    31.00 deg.: X-S =   213.093895 mb/sr,
+                                         /R =   8.1900E+02
    32.00 deg.: X-S =   189.185500 mb/sr,
+                                         /R =   8.2292E+02
    33.00 deg.: X-S =   167.210330 mb/sr,
+                                         /R =   8.1987E+02
    34.00 deg.: X-S =   147.131880 mb/sr,
+                                         /R =   8.1015E+02
    35.00 deg.: X-S =   128.898310 mb/sr,
+                                         /R =   7.9420E+02
    36.00 deg.: X-S =   112.444546 mb/sr,
+                                         /R =   7.7265E+02
    37.00 deg.: X-S =    97.694354 mb/sr,
+                                         /R =   7.4626E+02
    38.00 deg.: X-S =    84.562386 mb/sr,
+                                         /R =   7.1591E+02
    39.00 deg.: X-S =    72.956130 mb/sr,
+                                         /R =   6.8259E+02
    40.00 deg.: X-S =    62.777786 mb/sr,
+                                         /R =   6.4733E+02
    41.00 deg.: X-S =    53.926002 mb/sr,
+                                         /R =   6.1125E+02
    42.00 deg.: X-S =    46.297488 mb/sr,
+                                         /R =   5.7543E+02
    43.00 deg.: X-S =    39.788484 mb/sr,
+                                         /R =   5.4097E+02
    44.00 deg.: X-S =    34.296068 mb/sr,
+                                         /R =   5.0893E+02
    45.00 deg.: X-S =    29.719314 mb/sr,
+                                         /R =   4.8030E+02
    46.00 deg.: X-S =    25.960285 mb/sr,
+                                         /R =   4.5597E+02
    47.00 deg.: X-S =    22.924873 mb/sr,
+                                         /R =   4.3674E+02
    48.00 deg.: X-S =    20.523493 mb/sr,
+                                         /R =   4.2327E+02
    49.00 deg.: X-S =    18.671622 mb/sr,
+                                         /R =   4.1611E+02
    50.00 deg.: X-S =    17.290215 mb/sr,
+                                         /R =   4.1563E+02
    51.00 deg.: X-S =    16.305988 mb/sr,
+                                         /R =   4.2209E+02
    52.00 deg.: X-S =    15.651588 mb/sr,
+                                         /R =   4.3555E+02
    53.00 deg.: X-S =    15.265668 mb/sr,
+                                         /R =   4.5598E+02
    54.00 deg.: X-S =    15.092861 mb/sr,
+                                         /R =   4.8314E+02
    55.00 deg.: X-S =    15.083685 mb/sr,
+                                         /R =   5.1671E+02
    56.00 deg.: X-S =    15.194372 mb/sr,
+                                         /R =   5.5621E+02
    57.00 deg.: X-S =    15.386652 mb/sr,
+                                         /R =   6.0105E+02
    58.00 deg.: X-S =    15.627480 mb/sr,
+                                         /R =   6.5056E+02
    59.00 deg.: X-S =    15.888740 mb/sr,
+                                         /R =   7.0398E+02
    60.00 deg.: X-S =    16.146911 mb/sr,
+                                         /R =   7.6048E+02
    61.00 deg.: X-S =    16.382724 mb/sr,
+                                         /R =   8.1918E+02
    62.00 deg.: X-S =    16.580803 mb/sr,
+                                         /R =   8.7918E+02
    63.00 deg.: X-S =    16.729301 mb/sr,
+                                         /R =   9.3958E+02
    64.00 deg.: X-S =    16.819546 mb/sr,
+                                         /R =   9.9947E+02
    65.00 deg.: X-S =    16.845681 mb/sr,
+                                         /R =   1.0580E+03
    66.00 deg.: X-S =    16.804323 mb/sr,
+                                         /R =   1.1142E+03
    67.00 deg.: X-S =    16.694232 mb/sr,
+                                         /R =   1.1675E+03
    68.00 deg.: X-S =    16.515999 mb/sr,
+                                         /R =   1.2169E+03
    69.00 deg.: X-S =    16.271749 mb/sr,
+                                         /R =   1.2620E+03
    70.00 deg.: X-S =    15.964866 mb/sr,
+                                         /R =   1.3021E+03
    71.00 deg.: X-S =    15.599744 mb/sr,
+                                         /R =   1.3367E+03
    72.00 deg.: X-S =    15.181546 mb/sr,
+                                         /R =   1.3655E+03
    73.00 deg.: X-S =    14.716004 mb/sr,
+                                         /R =   1.3882E+03
    74.00 deg.: X-S =    14.209225 mb/sr,
+                                         /R =   1.4046E+03
    75.00 deg.: X-S =    13.667527 mb/sr,
+                                         /R =   1.4145E+03
    76.00 deg.: X-S =    13.097294 mb/sr,
+                                         /R =   1.4180E+03
    77.00 deg.: X-S =    12.504851 mb/sr,
+                                         /R =   1.4151E+03
    78.00 deg.: X-S =    11.896359 mb/sr,
+                                         /R =   1.4061E+03
    79.00 deg.: X-S =    11.277727 mb/sr,
+                                         /R =   1.3912E+03
    80.00 deg.: X-S =    10.654542 mb/sr,
+                                         /R =   1.3706E+03
    81.00 deg.: X-S =    10.032014 mb/sr,
+                                         /R =   1.3449E+03
    82.00 deg.: X-S =     9.414936 mb/sr,
+                                         /R =   1.3143E+03
    83.00 deg.: X-S =     8.807653 mb/sr,
+                                         /R =   1.2795E+03
    84.00 deg.: X-S =     8.214048 mb/sr,
+                                         /R =   1.2408E+03
    85.00 deg.: X-S =     7.637536 mb/sr,
+                                         /R =   1.1990E+03
    86.00 deg.: X-S =     7.081060 mb/sr,
+                                         /R =   1.1544E+03
    87.00 deg.: X-S =     6.547108 mb/sr,
+                                         /R =   1.1077E+03
    88.00 deg.: X-S =     6.037721 mb/sr,
+                                         /R =   1.0594E+03
    89.00 deg.: X-S =     5.554517 mb/sr,
+                                         /R =   1.0102E+03
    90.00 deg.: X-S =     5.098711 mb/sr,
+                                         /R =   9.6054E+02
    91.00 deg.: X-S =     4.671145 mb/sr,
+                                         /R =   9.1098E+02
    92.00 deg.: X-S =     4.272313 mb/sr,
+                                         /R =   8.6202E+02
    93.00 deg.: X-S =     3.902392 mb/sr,
+                                         /R =   8.1413E+02
    94.00 deg.: X-S =     3.561272 mb/sr,
+                                         /R =   7.6777E+02
    95.00 deg.: X-S =     3.248586 mb/sr,
+                                         /R =   7.2333E+02
    96.00 deg.: X-S =     2.963737 mb/sr,
+                                         /R =   6.8116E+02
    97.00 deg.: X-S =     2.705931 mb/sr,
+                                         /R =   6.4159E+02
    98.00 deg.: X-S =     2.474199 mb/sr,
+                                         /R =   6.0488E+02
    99.00 deg.: X-S =     2.267429 mb/sr,
+                                         /R =   5.7126E+02
   100.00 deg.: X-S =     2.084386 mb/sr,
+                                         /R =   5.4089E+02
   101.00 deg.: X-S =     1.923736 mb/sr,
+                                         /R =   5.1391E+02
   102.00 deg.: X-S =     1.784071 mb/sr,
+                                         /R =   4.9039E+02
   103.00 deg.: X-S =     1.663923 mb/sr,
+                                         /R =   4.7036E+02
   104.00 deg.: X-S =     1.561789 mb/sr,
+                                         /R =   4.5380E+02
   105.00 deg.: X-S =     1.476141 mb/sr,
+                                         /R =   4.4067E+02
   106.00 deg.: X-S =     1.405447 mb/sr,
+                                         /R =   4.3085E+02
   107.00 deg.: X-S =     1.348185 mb/sr,
+                                         /R =   4.2421E+02
   108.00 deg.: X-S =     1.302850 mb/sr,
+                                         /R =   4.2057E+02
   109.00 deg.: X-S =     1.267972 mb/sr,
+                                         /R =   4.1973E+02
   110.00 deg.: X-S =     1.242123 mb/sr,
+                                         /R =   4.2144E+02
   111.00 deg.: X-S =     1.223930 mb/sr,
+                                         /R =   4.2545E+02
   112.00 deg.: X-S =     1.212077 mb/sr,
+                                         /R =   4.3146E+02
   113.00 deg.: X-S =     1.205318 mb/sr,
+                                         /R =   4.3918E+02
   114.00 deg.: X-S =     1.202483 mb/sr,
+                                         /R =   4.4829E+02
   115.00 deg.: X-S =     1.202479 mb/sr,
+                                         /R =   4.5847E+02
   116.00 deg.: X-S =     1.204301 mb/sr,
+                                         /R =   4.6939E+02
   117.00 deg.: X-S =     1.207029 mb/sr,
+                                         /R =   4.8073E+02
   118.00 deg.: X-S =     1.209835 mb/sr,
+                                         /R =   4.9216E+02
   119.00 deg.: X-S =     1.211987 mb/sr,
+                                         /R =   5.0338E+02
   120.00 deg.: X-S =     1.212843 mb/sr,
+                                         /R =   5.1409E+02
   121.00 deg.: X-S =     1.211858 mb/sr,
+                                         /R =   5.2403E+02
   122.00 deg.: X-S =     1.208581 mb/sr,
+                                         /R =   5.3293E+02
   123.00 deg.: X-S =     1.202652 mb/sr,
+                                         /R =   5.4057E+02
   124.00 deg.: X-S =     1.193804 mb/sr,
+                                         /R =   5.4675E+02
   125.00 deg.: X-S =     1.181856 mb/sr,
+                                         /R =   5.5131E+02
   126.00 deg.: X-S =     1.166713 mb/sr,
+                                         /R =   5.5412E+02
   127.00 deg.: X-S =     1.148359 mb/sr,
+                                         /R =   5.5508E+02
   128.00 deg.: X-S =     1.126854 mb/sr,
+                                         /R =   5.5415E+02
   129.00 deg.: X-S =     1.102330 mb/sr,
+                                         /R =   5.5129E+02
   130.00 deg.: X-S =     1.074981 mb/sr,
+                                         /R =   5.4654E+02
   131.00 deg.: X-S =     1.045061 mb/sr,
+                                         /R =   5.3994E+02
   132.00 deg.: X-S =     1.012877 mb/sr,
+                                         /R =   5.3161E+02
   133.00 deg.: X-S =     0.978781 mb/sr,
+                                         /R =   5.2167E+02
   134.00 deg.: X-S =     0.943162 mb/sr,
+                                         /R =   5.1028E+02
   135.00 deg.: X-S =     0.906443 mb/sr,
+                                         /R =   4.9764E+02
   136.00 deg.: X-S =     0.869068 mb/sr,
+                                         /R =   4.8399E+02
   137.00 deg.: X-S =     0.831500 mb/sr,
+                                         /R =   4.6956E+02
   138.00 deg.: X-S =     0.794212 mb/sr,
+                                         /R =   4.5463E+02
   139.00 deg.: X-S =     0.757680 mb/sr,
+                                         /R =   4.3949E+02
   140.00 deg.: X-S =     0.722373 mb/sr,
+                                         /R =   4.2444E+02
   141.00 deg.: X-S =     0.688753 mb/sr,
+                                         /R =   4.0979E+02
   142.00 deg.: X-S =     0.657264 mb/sr,
+                                         /R =   3.9585E+02
   143.00 deg.: X-S =     0.628325 mb/sr,
+                                         /R =   3.8294E+02
   144.00 deg.: X-S =     0.602329 mb/sr,
+                                         /R =   3.7134E+02
   145.00 deg.: X-S =     0.579634 mb/sr,
+                                         /R =   3.6137E+02
   146.00 deg.: X-S =     0.560561 mb/sr,
+                                         /R =   3.5328E+02
   147.00 deg.: X-S =     0.545387 mb/sr,
+                                         /R =   3.4735E+02
   148.00 deg.: X-S =     0.534345 mb/sr,
+                                         /R =   3.4380E+02
   149.00 deg.: X-S =     0.527617 mb/sr,
+                                         /R =   3.4283E+02
   150.00 deg.: X-S =     0.525334 mb/sr,
+                                         /R =   3.4461E+02
   151.00 deg.: X-S =     0.527576 mb/sr,
+                                         /R =   3.4928E+02
   152.00 deg.: X-S =     0.534368 mb/sr,
+                                         /R =   3.5692E+02
   153.00 deg.: X-S =     0.545680 mb/sr,
+                                         /R =   3.6760E+02
   154.00 deg.: X-S =     0.561427 mb/sr,
+                                         /R =   3.8133E+02
   155.00 deg.: X-S =     0.581473 mb/sr,
+                                         /R =   3.9808E+02
   156.00 deg.: X-S =     0.605630 mb/sr,
+                                         /R =   4.1777E+02
   157.00 deg.: X-S =     0.633657 mb/sr,
+                                         /R =   4.4029E+02
   158.00 deg.: X-S =     0.665270 mb/sr,
+                                         /R =   4.6548E+02
   159.00 deg.: X-S =     0.700139 mb/sr,
+                                         /R =   4.9313E+02
   160.00 deg.: X-S =     0.737895 mb/sr,
+                                         /R =   5.2302E+02
   161.00 deg.: X-S =     0.778134 mb/sr,
+                                         /R =   5.5486E+02
   162.00 deg.: X-S =     0.820420 mb/sr,
+                                         /R =   5.8835E+02
   163.00 deg.: X-S =     0.864292 mb/sr,
+                                         /R =   6.2315E+02
   164.00 deg.: X-S =     0.909267 mb/sr,
+                                         /R =   6.5890E+02
   165.00 deg.: X-S =     0.954850 mb/sr,
+                                         /R =   6.9522E+02
   166.00 deg.: X-S =     1.000533 mb/sr,
+                                         /R =   7.3173E+02
   167.00 deg.: X-S =     1.045810 mb/sr,
+                                         /R =   7.6801E+02
   168.00 deg.: X-S =     1.090172 mb/sr,
+                                         /R =   8.0365E+02
   169.00 deg.: X-S =     1.133123 mb/sr,
+                                         /R =   8.3826E+02
   170.00 deg.: X-S =     1.174181 mb/sr,
+                                         /R =   8.7142E+02
   171.00 deg.: X-S =     1.212882 mb/sr,
+                                         /R =   9.0276E+02
   172.00 deg.: X-S =     1.248790 mb/sr,
+                                         /R =   9.3190E+02
   173.00 deg.: X-S =     1.281499 mb/sr,
+                                         /R =   9.5850E+02
   174.00 deg.: X-S =     1.310639 mb/sr,
+                                         /R =   9.8224E+02
   175.00 deg.: X-S =     1.335879 mb/sr,
+                                         /R =   1.0028E+03
   176.00 deg.: X-S =     1.356933 mb/sr,
+                                         /R =   1.0200E+03
   177.00 deg.: X-S =     1.373562 mb/sr,
+                                         /R =   1.0336E+03
   178.00 deg.: X-S =     1.385577 mb/sr,
+                                         /R =   1.0435E+03
   179.00 deg.: X-S =     1.392841 mb/sr,
+                                         /R =   1.0494E+03
   179.99 deg.: X-S =     1.395271 mb/sr,
+                                         /R =   1.0514E+03
                                           Integrated********** mb, over [   0.000, 180.000] at   125.0000 MeV 
 Finished all xsecs @    4.68750000E-02

  The following files have been created:
   3:local copy of User input.            6:standard output.                   
  13:total cross sections/state.         39:cross sections for each Ecm.       
  40:all cross sectns. for each Elab.    56:Fusion for each Jtotal.            

 PARAMETERS : MAXQRN   MFNL   MLOC  LMAX1 MCLIST
    ALLOWED :      1      4      4    170      6
    REQUIRED:      0      0      4     11      4


 ACCURACY ANALYSIS at   125.000 MeV :

  Elastic h*k = 0.042 so OK       compared with 0.200

   Real(S-el) > 0.01 first at J =       1.0
   Real(S-el) > 0.10 first at J =       3.0
   Real(S-el) > 0.50 first at J =       3.0
   Real(S-el) > 0.90 first at J =       4.0
   Real(S-el) > 0.99 first at J =       6.0
   R-turn =     8.98 fm    at J =       9.0

 Forward-angle excitation cut off below   0.294 deg by max JT =       9.0
                              and below   0.053 deg by max R.

 Total CPU  0 time =       0.05 seconds
