 FRESCO - FRES 3.4: Coupled Reaction Channels
 Assuming NAMELIST input.

 Test reaction with generated potential                                          

   0.040  50.000   0.500   0.000   0.000   0.000   0.000   0.000   0.000   0.000

 Centre-of-mass Range is   1252 * 0.0400 fm., Maximum at  50.00 fm., Interpolating NL forms every  0.52 fm.
 Non - locality width is      4 * 0.0400 fm., Maximum of   0.12 fm., Centred at  0.00 fm.
 2-Nucleon Separation of      0 * 0.5200 fm., Maximum of   0.00 fm., Minimum at  0.00 fm.
 Maximum single particle bins of 49.9200 fm.
               M,Mint =         1251        1249


 Range of total J is     0.0 <= J <=   150.0 (at least     0.0) and Absorbtion =>     0.1000 mb.
 Dry Run = F, CC set limits =  0  0, Relativistic kinematics =  , Both/Far/Near Analyses =  1                     

 Cross Sections (and up to T0 for 0=projectile) for Theta from   0.0 to 180.0 in steps of  1.0 degrees, DGAM=0,  Coordinates = 0 (Mads)

 Lower Radial Cutoff = maximum of -1.60*L*h &       0.0 fm.,  Lower Cutoff for Couplings =   0.0  fm.


 Iterate Couplings between   0 and   0 times, to  0.000 % if sooner.                                          
  Block solved exactly =   0 chs., with Pade = 0 & Isocen =  =0, NOSOL = F, initwf =  0
  NL quadrature with   18 Gaussian points, Calculate multipoles up to   156 from   0
  M-transfers for lp+lt greater than or equal to  6, Angular Integration Cutoff below  2.7778 %


 Trace switches are :  CHANS =  0, LISTCC =  0, TRENEG =  0, CDETR =  0, SMATS =  0, XSTABL =  0, NLPL =  0

                       WAVES =  0, LAMPL =  0, VEFF =  0, KFUS =  0, WDISK =  0, BPM =  0, MELFIL =  0

                       CDCC =  0, NFUS =  0

 Using unit mass = 1.000000 amu and 1/fine-structure constant = 137.03599 ( 1.000000 * true ) with hc = 197.32705 MeV.fm,
  thus 2*amu/hbar^2 = 0.0478450 = 1/20.9008 and Coulomb constant = 0.1574855 so e^2 = 1.43997, and nuclear magneton= 0.1261183

 Now pre-scan input and save to file 3



 *********** PARTITION NUMBER  1 ******************************************************************************************

   PROJ=t          MASS=  3.0000 Z=   1.0,        # STATES=    1T, TARG=p        MASS=  1.0000 Z=   1.0,     Q-VALUE =   0.0000 MEV.

     1:  J= 0.5+ (B# 1), E=  0.0000, K= 0.5              Potl#  1       J= 0.5+ (B# 1), E=  0.0000, K= 0.5    


 ************************************************************************************************************************************

 The following POTENTIALS are defined :

  KP#       TYPE      IT    SHAPE      at     V1        r1        a1        V2        r2        a2        A-in     A-used


                                            A#1       A#2        r0c       ac                                                h @ 1
    1    0=Coulomb       0=CHARGE (WS)  1     1.000     1.000    3.0528    0.0000    0.0000    0.0000     0.000     8.000   0.04000

    1    1=Volume        0=Woods-Saxon  2   70.0000    1.2500    0.6500   15.0000    1.2500    0.6500     0.000     8.000

    1    2=Surface       0=Woods-Saxon  3    0.0000    0.0000    0.0000    5.0000    1.3000    0.6500     0.000     8.000

    1    3=Projtl S.O.   0=Woods-Saxon  4    3.0000    1.0000    0.6500    0.0000    0.0000    0.0000     0.000     8.000

 Incoming partition  1 in excitation state # 1,   Laboratory Energy given for partition  1 Nucleus 1 in Excitation pair 1

0Lab. ENERGY ranges :

   from    330.000     to   0.00000     in     0 intervals
   from    0.00000     to   0.00000     in     0 intervals
   from    0.00000     to   0.00000     in     0 intervals

 Largest real,imaginary parts of any form factor at R=   49.60 are   2.90E-02  7.91E-31 MeV
 Finished all Couplings @    0.00000000               4

 Symmetric Hamiltonian
1***********************************************************************************************************************************
************************************************************************************************************************************

        INCOMING t        ;    LABORATORY t        ENERGY =   330.00     MeV.

 ***********************************************************************************************************************************
 ***********************************************************************************************************************************


  NOTE: Coulomb excitation cut off below   0.011 deg by JTMAX, and below   0.020 deg by Rmax

 Allocate arrays for            2  channels, of which            1  need wfs.
 Allocate arrays for            2  channels, of which            2  need wfs.
 Reaction Xsec    13.0-/13 @ 1 =   0.113 , Out:   0.000#
 Reaction Xsec    13.0-/13 @ 2 =   0.113 , Out:   0.000#
 Reaction Xsec    14.0+/14 @ 1 =   0.053 , Out:   0.000#
 Reaction Xsec    14.0+/14 @ 2 =   0.053 , Out:   0.000#
 Finished all CC sets @    1.56250000E-02
0CUMULATIVE REACTION cross section                 =  414.12908  <L> =     4.62  <L**2> =     26.2
0CUMULATIVE outgoing cross sections in partition 1 :    0.00000
0Cumulative ABSORBTION by Imaginary Potentials     =  414.12908  <L> =     4.62  <L**2> =     26.2
   Fusion for specific t        M-states :  563.670385  563.670385
0CUMULATIVE OUTGOING cross section                 =    0.00000
 To convert to S-factors (MeV.mb = keV.b),  multiply by  9.0663E+01


 CROSS SECTIONS FOR OUTGOING t        & p        in state #   1 with spins & parities 0.5  + &  0.5  +;  0

     0.01 deg.: X-S =   3.2830E+12 mb/sr,
+                                         /R =   9.9997E-01
     1.00 deg.: X-S =   2.6679E+04 mb/sr,
+                                         /R =   8.1257E-01
     2.00 deg.: X-S =  2254.905238 mb/sr,
+                                         /R =   1.0987E+00
     3.00 deg.: X-S =  1711.269052 mb/sr,
+                                         /R =   4.2201E+00
     4.00 deg.: X-S =  1770.478127 mb/sr,
+                                         /R =   1.3794E+01
     5.00 deg.: X-S =  1803.620714 mb/sr,
+                                         /R =   3.4292E+01
     6.00 deg.: X-S =  1789.896641 mb/sr,
+                                         /R =   7.0527E+01
     7.00 deg.: X-S =  1742.181500 mb/sr,
+                                         /R =   1.2709E+02
     8.00 deg.: X-S =  1671.038957 mb/sr,
+                                         /R =   2.0780E+02
     9.00 deg.: X-S =  1583.704156 mb/sr,
+                                         /R =   3.1519E+02
    10.00 deg.: X-S =  1485.323185 mb/sr,
+                                         /R =   4.5012E+02
    11.00 deg.: X-S =  1379.800614 mb/sr,
+                                         /R =   6.1155E+02
    12.00 deg.: X-S =  1270.260786 mb/sr,
+                                         /R =   7.9644E+02
    13.00 deg.: X-S =  1159.287320 mb/sr,
+                                         /R =   9.9988E+02
    14.00 deg.: X-S =  1049.046109 mb/sr,
+                                         /R =   1.2153E+03
    15.00 deg.: X-S =   941.349110 mb/sr,
+                                         /R =   1.4350E+03
    16.00 deg.: X-S =   837.689308 mb/sr,
+                                         /R =   1.6505E+03
    17.00 deg.: X-S =   739.263041 mb/sr,
+                                         /R =   1.8532E+03
    18.00 deg.: X-S =   646.988233 mb/sr,
+                                         /R =   2.0349E+03
    19.00 deg.: X-S =   561.522848 mb/sr,
+                                         /R =   2.1884E+03
    20.00 deg.: X-S =   483.285520 mb/sr,
+                                         /R =   2.3079E+03
    21.00 deg.: X-S =   412.478878 mb/sr,
+                                         /R =   2.3892E+03
    22.00 deg.: X-S =   349.115313 mb/sr,
+                                         /R =   2.4305E+03
    23.00 deg.: X-S =   293.044470 mb/sr,
+                                         /R =   2.4315E+03
    24.00 deg.: X-S =   243.981551 mb/sr,
+                                         /R =   2.3944E+03
    25.00 deg.: X-S =   201.535476 mb/sr,
+                                         /R =   2.3229E+03
    26.00 deg.: X-S =   165.236002 mb/sr,
+                                         /R =   2.2222E+03
    27.00 deg.: X-S =   134.559017 mb/sr,
+                                         /R =   2.0988E+03
    28.00 deg.: X-S =   108.949431 mb/sr,
+                                         /R =   1.9600E+03
    29.00 deg.: X-S =    87.841209 mb/sr,
+                                         /R =   1.8131E+03
    30.00 deg.: X-S =    70.674325 mb/sr,
+                                         /R =   1.6656E+03
    31.00 deg.: X-S =    56.908553 mb/sr,
+                                         /R =   1.5244E+03
    32.00 deg.: X-S =    46.034161 mb/sr,
+                                         /R =   1.3956E+03
    33.00 deg.: X-S =    37.579694 mb/sr,
+                                         /R =   1.2842E+03
    34.00 deg.: X-S =    31.117112 mb/sr,
+                                         /R =   1.1942E+03
    35.00 deg.: X-S =    26.264609 mb/sr,
+                                         /R =   1.1279E+03
    36.00 deg.: X-S =    22.687463 mb/sr,
+                                         /R =   1.0865E+03
    37.00 deg.: X-S =    20.097295 mb/sr,
+                                         /R =   1.0700E+03
    38.00 deg.: X-S =    18.250062 mb/sr,
+                                         /R =   1.0769E+03
    39.00 deg.: X-S =    16.943139 mb/sr,
+                                         /R =   1.1048E+03
    40.00 deg.: X-S =    16.011758 mb/sr,
+                                         /R =   1.1507E+03
    41.00 deg.: X-S =    15.325065 mb/sr,
+                                         /R =   1.2107E+03
    42.00 deg.: X-S =    14.782011 mb/sr,
+                                         /R =   1.2805E+03
    43.00 deg.: X-S =    14.307239 mb/sr,
+                                         /R =   1.3558E+03
    44.00 deg.: X-S =    13.847093 mb/sr,
+                                         /R =   1.4321E+03
    45.00 deg.: X-S =    13.365872 mb/sr,
+                                         /R =   1.5055E+03
    46.00 deg.: X-S =    12.842362 mb/sr,
+                                         /R =   1.5721E+03
    47.00 deg.: X-S =    12.266717 mb/sr,
+                                         /R =   1.6287E+03
    48.00 deg.: X-S =    11.637705 mb/sr,
+                                         /R =   1.6728E+03
    49.00 deg.: X-S =    10.960311 mb/sr,
+                                         /R =   1.7024E+03
    50.00 deg.: X-S =    10.243714 mb/sr,
+                                         /R =   1.7162E+03
    51.00 deg.: X-S =     9.499609 mb/sr,
+                                         /R =   1.7138E+03
    52.00 deg.: X-S =     8.740847 mb/sr,
+                                         /R =   1.6953E+03
    53.00 deg.: X-S =     7.980379 mb/sr,
+                                         /R =   1.6613E+03
    54.00 deg.: X-S =     7.230464 mb/sr,
+                                         /R =   1.6132E+03
    55.00 deg.: X-S =     6.502110 mb/sr,
+                                         /R =   1.5524E+03
    56.00 deg.: X-S =     5.804713 mb/sr,
+                                         /R =   1.4810E+03
    57.00 deg.: X-S =     5.145869 mb/sr,
+                                         /R =   1.4010E+03
    58.00 deg.: X-S =     4.531311 mb/sr,
+                                         /R =   1.3147E+03
    59.00 deg.: X-S =     3.964963 mb/sr,
+                                         /R =   1.2244E+03
    60.00 deg.: X-S =     3.449064 mb/sr,
+                                         /R =   1.1322E+03
    61.00 deg.: X-S =     2.984347 mb/sr,
+                                         /R =   1.0400E+03
    62.00 deg.: X-S =     2.570250 mb/sr,
+                                         /R =   9.4985E+02
    63.00 deg.: X-S =     2.205144 mb/sr,
+                                         /R =   8.6318E+02
    64.00 deg.: X-S =     1.886558 mb/sr,
+                                         /R =   7.8133E+02
    65.00 deg.: X-S =     1.611395 mb/sr,
+                                         /R =   7.0533E+02
    66.00 deg.: X-S =     1.376134 mb/sr,
+                                         /R =   6.3595E+02
    67.00 deg.: X-S =     1.176996 mb/sr,
+                                         /R =   5.7366E+02
    68.00 deg.: X-S =     1.010104 mb/sr,
+                                         /R =   5.1872E+02
    69.00 deg.: X-S =     0.871598 mb/sr,
+                                         /R =   4.7114E+02
    70.00 deg.: X-S =     0.757740 mb/sr,
+                                         /R =   4.3073E+02
    71.00 deg.: X-S =     0.664984 mb/sr,
+                                         /R =   3.9715E+02
    72.00 deg.: X-S =     0.590033 mb/sr,
+                                         /R =   3.6989E+02
    73.00 deg.: X-S =     0.529871 mb/sr,
+                                         /R =   3.4837E+02
    74.00 deg.: X-S =     0.481791 mb/sr,
+                                         /R =   3.3192E+02
    75.00 deg.: X-S =     0.443396 mb/sr,
+                                         /R =   3.1982E+02
    76.00 deg.: X-S =     0.412599 mb/sr,
+                                         /R =   3.1133E+02
    77.00 deg.: X-S =     0.387617 mb/sr,
+                                         /R =   3.0572E+02
    78.00 deg.: X-S =     0.366948 mb/sr,
+                                         /R =   3.0228E+02
    79.00 deg.: X-S =     0.349358 mb/sr,
+                                         /R =   3.0036E+02
    80.00 deg.: X-S =     0.333853 mb/sr,
+                                         /R =   2.9933E+02
    81.00 deg.: X-S =     0.319657 mb/sr,
+                                         /R =   2.9867E+02
    82.00 deg.: X-S =     0.306180 mb/sr,
+                                         /R =   2.9790E+02
    83.00 deg.: X-S =     0.293000 mb/sr,
+                                         /R =   2.9665E+02
    84.00 deg.: X-S =     0.279830 mb/sr,
+                                         /R =   2.9462E+02
    85.00 deg.: X-S =     0.266499 mb/sr,
+                                         /R =   2.9158E+02
    86.00 deg.: X-S =     0.252926 mb/sr,
+                                         /R =   2.8738E+02
    87.00 deg.: X-S =     0.239099 mb/sr,
+                                         /R =   2.8194E+02
    88.00 deg.: X-S =     0.225060 mb/sr,
+                                         /R =   2.7524E+02
    89.00 deg.: X-S =     0.210886 mb/sr,
+                                         /R =   2.6731E+02
    90.00 deg.: X-S =     0.196676 mb/sr,
+                                         /R =   2.5824E+02
    91.00 deg.: X-S =     0.182543 mb/sr,
+                                         /R =   2.4812E+02
    92.00 deg.: X-S =     0.168602 mb/sr,
+                                         /R =   2.3710E+02
    93.00 deg.: X-S =     0.154965 mb/sr,
+                                         /R =   2.2532E+02
    94.00 deg.: X-S =     0.141737 mb/sr,
+                                         /R =   2.1297E+02
    95.00 deg.: X-S =     0.129011 mb/sr,
+                                         /R =   2.0020E+02
    96.00 deg.: X-S =     0.116868 mb/sr,
+                                         /R =   1.8720E+02
    97.00 deg.: X-S =     0.105376 mb/sr,
+                                         /R =   1.7414E+02
    98.00 deg.: X-S =     0.094586 mb/sr,
+                                         /R =   1.6116E+02
    99.00 deg.: X-S =     0.084537 mb/sr,
+                                         /R =   1.4844E+02
   100.00 deg.: X-S =     0.075255 mb/sr,
+                                         /R =   1.3610E+02
   101.00 deg.: X-S =     0.066750 mb/sr,
+                                         /R =   1.2428E+02
   102.00 deg.: X-S =     0.059023 mb/sr,
+                                         /R =   1.1307E+02
   103.00 deg.: X-S =     0.052060 mb/sr,
+                                         /R =   1.0257E+02
   104.00 deg.: X-S =     0.045839 mb/sr,
+                                         /R =   9.2830E+01
   105.00 deg.: X-S =     0.040328 mb/sr,
+                                         /R =   8.3907E+01
   106.00 deg.: X-S =     0.035486 mb/sr,
+                                         /R =   7.5819E+01
   107.00 deg.: X-S =     0.031267 mb/sr,
+                                         /R =   6.8568E+01
   108.00 deg.: X-S =     0.027619 mb/sr,
+                                         /R =   6.2138E+01
   109.00 deg.: X-S =     0.024487 mb/sr,
+                                         /R =   5.6494E+01
   110.00 deg.: X-S =     0.021815 mb/sr,
+                                         /R =   5.1588E+01
   111.00 deg.: X-S =     0.019549 mb/sr,
+                                         /R =   4.7361E+01
   112.00 deg.: X-S =     0.017634 mb/sr,
+                                         /R =   4.3750E+01
   113.00 deg.: X-S =     0.016021 mb/sr,
+                                         /R =   4.0686E+01
   114.00 deg.: X-S =     0.014665 mb/sr,
+                                         /R =   3.8104E+01
   115.00 deg.: X-S =     0.013525 mb/sr,
+                                         /R =   3.5941E+01
   116.00 deg.: X-S =     0.012567 mb/sr,
+                                         /R =   3.4139E+01
   117.00 deg.: X-S =     0.011762 mb/sr,
+                                         /R =   3.2648E+01
   118.00 deg.: X-S =     0.011084 mb/sr,
+                                         /R =   3.1425E+01
   119.00 deg.: X-S =     0.010513 mb/sr,
+                                         /R =   3.0433E+01
   120.00 deg.: X-S =     0.010033 mb/sr,
+                                         /R =   2.9641E+01
   121.00 deg.: X-S =     0.009629 mb/sr,
+                                         /R =   2.9019E+01
   122.00 deg.: X-S =     0.009287 mb/sr,
+                                         /R =   2.8542E+01
   123.00 deg.: X-S =     0.008996 mb/sr,
+                                         /R =   2.8182E+01
   124.00 deg.: X-S =     0.008745 mb/sr,
+                                         /R =   2.7913E+01
   125.00 deg.: X-S =     0.008522 mb/sr,
+                                         /R =   2.7706E+01
   126.00 deg.: X-S =     0.008317 mb/sr,
+                                         /R =   2.7531E+01
   127.00 deg.: X-S =     0.008121 mb/sr,
+                                         /R =   2.7358E+01
   128.00 deg.: X-S =     0.007924 mb/sr,
+                                         /R =   2.7159E+01
   129.00 deg.: X-S =     0.007720 mb/sr,
+                                         /R =   2.6908E+01
   130.00 deg.: X-S =     0.007501 mb/sr,
+                                         /R =   2.6580E+01
   131.00 deg.: X-S =     0.007265 mb/sr,
+                                         /R =   2.6161E+01
   132.00 deg.: X-S =     0.007009 mb/sr,
+                                         /R =   2.5639E+01
   133.00 deg.: X-S =     0.006733 mb/sr,
+                                         /R =   2.5010E+01
   134.00 deg.: X-S =     0.006439 mb/sr,
+                                         /R =   2.4279E+01
   135.00 deg.: X-S =     0.006129 mb/sr,
+                                         /R =   2.3454E+01
   136.00 deg.: X-S =     0.005810 mb/sr,
+                                         /R =   2.2550E+01
   137.00 deg.: X-S =     0.005485 mb/sr,
+                                         /R =   2.1586E+01
   138.00 deg.: X-S =     0.005159 mb/sr,
+                                         /R =   2.0584E+01
   139.00 deg.: X-S =     0.004839 mb/sr,
+                                         /R =   1.9563E+01
   140.00 deg.: X-S =     0.004528 mb/sr,
+                                         /R =   1.8545E+01
   141.00 deg.: X-S =     0.004231 mb/sr,
+                                         /R =   1.7545E+01
   142.00 deg.: X-S =     0.003949 mb/sr,
+                                         /R =   1.6577E+01
   143.00 deg.: X-S =     0.003684 mb/sr,
+                                         /R =   1.5648E+01
   144.00 deg.: X-S =     0.003435 mb/sr,
+                                         /R =   1.4760E+01
   145.00 deg.: X-S =     0.003202 mb/sr,
+                                         /R =   1.3912E+01
   146.00 deg.: X-S =     0.002981 mb/sr,
+                                         /R =   1.3094E+01
   147.00 deg.: X-S =     0.002770 mb/sr,
+                                         /R =   1.2298E+01
   148.00 deg.: X-S =     0.002567 mb/sr,
+                                         /R =   1.1511E+01
   149.00 deg.: X-S =     0.002368 mb/sr,
+                                         /R =   1.0723E+01
   150.00 deg.: X-S =     0.002171 mb/sr,
+                                         /R =   9.9272E+00
   151.00 deg.: X-S =     0.001976 mb/sr,
+                                         /R =   9.1196E+00
   152.00 deg.: X-S =     0.001784 mb/sr,
+                                         /R =   8.3039E+00
   153.00 deg.: X-S =     0.001595 mb/sr,
+                                         /R =   7.4898E+00
   154.00 deg.: X-S =     0.001414 mb/sr,
+                                         /R =   6.6934E+00
   155.00 deg.: X-S =     0.001244 mb/sr,
+                                         /R =   5.9359E+00
   156.00 deg.: X-S =     0.001090 mb/sr,
+                                         /R =   5.2412E+00
   157.00 deg.: X-S =     0.000957 mb/sr,
+                                         /R =   4.6333E+00
   158.00 deg.: X-S =     0.000848 mb/sr,
+                                         /R =   4.1334E+00
   159.00 deg.: X-S =     0.000765 mb/sr,
+                                         /R =   3.7573E+00
   160.00 deg.: X-S =     0.000711 mb/sr,
+                                         /R =   3.5130E+00
   161.00 deg.: X-S =     0.000684 mb/sr,
+                                         /R =   3.3992E+00
   162.00 deg.: X-S =     0.000681 mb/sr,
+                                         /R =   3.4058E+00
   163.00 deg.: X-S =     0.000699 mb/sr,
+                                         /R =   3.5141E+00
   164.00 deg.: X-S =     0.000732 mb/sr,
+                                         /R =   3.6995E+00
   165.00 deg.: X-S =     0.000775 mb/sr,
+                                         /R =   3.9335E+00
   166.00 deg.: X-S =     0.000822 mb/sr,
+                                         /R =   4.1874E+00
   167.00 deg.: X-S =     0.000866 mb/sr,
+                                         /R =   4.4348E+00
   168.00 deg.: X-S =     0.000906 mb/sr,
+                                         /R =   4.6543E+00
   169.00 deg.: X-S =     0.000937 mb/sr,
+                                         /R =   4.8307E+00
   170.00 deg.: X-S =     0.000958 mb/sr,
+                                         /R =   4.9561E+00
   171.00 deg.: X-S =     0.000970 mb/sr,
+                                         /R =   5.0294E+00
   172.00 deg.: X-S =     0.000972 mb/sr,
+                                         /R =   5.0551E+00
   173.00 deg.: X-S =     0.000967 mb/sr,
+                                         /R =   5.0419E+00
   174.00 deg.: X-S =     0.000957 mb/sr,
+                                         /R =   5.0010E+00
   175.00 deg.: X-S =     0.000945 mb/sr,
+                                         /R =   4.9439E+00
   176.00 deg.: X-S =     0.000932 mb/sr,
+                                         /R =   4.8818E+00
   177.00 deg.: X-S =     0.000920 mb/sr,
+                                         /R =   4.8239E+00
   178.00 deg.: X-S =     0.000910 mb/sr,
+                                         /R =   4.7775E+00
   179.00 deg.: X-S =     0.000904 mb/sr,
+                                         /R =   4.7477E+00
   179.99 deg.: X-S =     0.000902 mb/sr,
+                                         /R =   4.7375E+00
                                           Integrated********** mb, over [   0.000, 180.000] at   330.0000 MeV 
 Finished all xsecs @    1.56250000E-02

  The following files have been created:
   3:local copy of User input.            6:standard output.                   
  13:total cross sections/state.         39:cross sections for each Ecm.       
  40:all cross sectns. for each Elab.    56:Fusion for each Jtotal.            

 PARAMETERS : MAXQRN   MFNL   MLOC  LMAX1 MCLIST
    ALLOWED :      1      4      4    170      6
    REQUIRED:      0      0      4     15      4


 ACCURACY ANALYSIS at   330.000 MeV :

  Elastic h*k = 0.069 so OK       compared with 0.200

   Real(S-el) > 0.01 first at J =       3.0
   Real(S-el) > 0.10 first at J =       4.0
   Real(S-el) > 0.50 first at J =       5.0
   Real(S-el) > 0.90 first at J =       7.0
   Real(S-el) > 0.99 first at J =       9.0
   R-turn =     8.43 fm    at J =      14.0

 Forward-angle excitation cut off below   0.119 deg by max JT =      14.0
                              and below   0.020 deg by max R.

 Total CPU  0 time =       0.02 seconds
