 FRESCO - FRES 3.4: Coupled Reaction Channels
 Assuming NAMELIST input.

 Test reaction with generated potential                                          

   0.040  50.000   0.500   0.000   0.000   0.000   0.000   0.000   0.000   0.000

 Centre-of-mass Range is   1252 * 0.0400 fm., Maximum at  50.00 fm., Interpolating NL forms every  0.52 fm.
 Non - locality width is      4 * 0.0400 fm., Maximum of   0.12 fm., Centred at  0.00 fm.
 2-Nucleon Separation of      0 * 0.5200 fm., Maximum of   0.00 fm., Minimum at  0.00 fm.
 Maximum single particle bins of 49.9200 fm.
               M,Mint =         1251        1249


 Range of total J is     0.0 <= J <=   150.0 (at least     0.0) and Absorbtion =>     0.1000 mb.
 Dry Run = F, CC set limits =  0  0, Relativistic kinematics =  , Both/Far/Near Analyses =  1                     

 Cross Sections (and up to T0 for 0=projectile) for Theta from   0.0 to 180.0 in steps of  1.0 degrees, DGAM=0,  Coordinates = 0 (Mads)

 Lower Radial Cutoff = maximum of -1.60*L*h &       0.0 fm.,  Lower Cutoff for Couplings =   0.0  fm.


 Iterate Couplings between   0 and   0 times, to  0.000 % if sooner.                                          
  Block solved exactly =   0 chs., with Pade = 0 & Isocen =  =0, NOSOL = F, initwf =  0
  NL quadrature with   18 Gaussian points, Calculate multipoles up to   156 from   0
  M-transfers for lp+lt greater than or equal to  6, Angular Integration Cutoff below  2.7778 %


 Trace switches are :  CHANS =  0, LISTCC =  0, TRENEG =  0, CDETR =  0, SMATS =  0, XSTABL =  0, NLPL =  0

                       WAVES =  0, LAMPL =  0, VEFF =  0, KFUS =  0, WDISK =  0, BPM =  0, MELFIL =  0

                       CDCC =  0, NFUS =  0

 Using unit mass = 1.000000 amu and 1/fine-structure constant = 137.03599 ( 1.000000 * true ) with hc = 197.32705 MeV.fm,
  thus 2*amu/hbar^2 = 0.0478450 = 1/20.9008 and Coulomb constant = 0.1574855 so e^2 = 1.43997, and nuclear magneton= 0.1261183

 Now pre-scan input and save to file 3



 *********** PARTITION NUMBER  1 ******************************************************************************************

   PROJ=t          MASS=  3.0000 Z=   1.0,        # STATES=    1T, TARG=p        MASS=  1.0000 Z=   1.0,     Q-VALUE =   0.0000 MEV.

     1:  J= 0.5+ (B# 1), E=  0.0000, K= 0.5              Potl#  1       J= 0.5+ (B# 1), E=  0.0000, K= 0.5    


 ************************************************************************************************************************************

 The following POTENTIALS are defined :

  KP#       TYPE      IT    SHAPE      at     V1        r1        a1        V2        r2        a2        A-in     A-used


                                            A#1       A#2        r0c       ac                                                h @ 1
    1    0=Coulomb       0=CHARGE (WS)  1     1.000     1.000    3.0528    0.0000    0.0000    0.0000     0.000     8.000   0.04000

    1    1=Volume        0=Woods-Saxon  2   70.0000    1.2500    0.6500   15.0000    1.2500    0.6500     0.000     8.000

    1    2=Surface       0=Woods-Saxon  3    0.0000    0.0000    0.0000    5.0000    1.3000    0.6500     0.000     8.000

    1    3=Projtl S.O.   0=Woods-Saxon  4    3.0000    1.0000    0.6500    0.0000    0.0000    0.0000     0.000     8.000

 Incoming partition  1 in excitation state # 1,   Laboratory Energy given for partition  1 Nucleus 1 in Excitation pair 1

0Lab. ENERGY ranges :

   from    315.000     to   0.00000     in     0 intervals
   from    0.00000     to   0.00000     in     0 intervals
   from    0.00000     to   0.00000     in     0 intervals

 Largest real,imaginary parts of any form factor at R=   49.60 are   2.90E-02  7.91E-31 MeV
 Finished all Couplings @    1.56250000E-02           4

 Symmetric Hamiltonian
1***********************************************************************************************************************************
************************************************************************************************************************************

        INCOMING t        ;    LABORATORY t        ENERGY =   315.00     MeV.

 ***********************************************************************************************************************************
 ***********************************************************************************************************************************


  NOTE: Coulomb excitation cut off below   0.012 deg by JTMAX, and below   0.021 deg by Rmax

 Allocate arrays for            2  channels, of which            1  need wfs.
 Allocate arrays for            2  channels, of which            2  need wfs.
 Reaction Xsec    13.0+/12 @ 1 =   0.219 , Out:   0.000#
 Reaction Xsec    13.0+/14 @ 2 =   0.040 , Out:   0.000#
 Reaction Xsec    13.0-/13 @ 1 =   0.094 , Out:   0.000#
 Reaction Xsec    13.0-/13 @ 2 =   0.094 , Out:   0.000#
 Finished all CC sets @    3.12500000E-02
0CUMULATIVE REACTION cross section                 =  421.51443  <L> =     4.52  <L**2> =     25.1
0CUMULATIVE outgoing cross sections in partition 1 :    0.00000
0Cumulative ABSORBTION by Imaginary Potentials     =  421.51443  <L> =     4.52  <L**2> =     25.1
   Fusion for specific t        M-states :  416.948422  416.948422
0CUMULATIVE OUTGOING cross section                 =    0.00000
 To convert to S-factors (MeV.mb = keV.b),  multiply by  8.6734E+01


 CROSS SECTIONS FOR OUTGOING t        & p        in state #   1 with spins & parities 0.5  + &  0.5  +;  0

     0.01 deg.: X-S =   3.6031E+12 mb/sr,
+                                         /R =   9.9997E-01
     1.00 deg.: X-S =   2.9686E+04 mb/sr,
+                                         /R =   8.2384E-01
     2.00 deg.: X-S =  2372.934512 mb/sr,
+                                         /R =   1.0535E+00
     3.00 deg.: X-S =  1689.186194 mb/sr,
+                                         /R =   3.7955E+00
     4.00 deg.: X-S =  1730.513820 mb/sr,
+                                         /R =   1.2285E+01
     5.00 deg.: X-S =  1762.899084 mb/sr,
+                                         /R =   3.0540E+01
     6.00 deg.: X-S =  1752.558477 mb/sr,
+                                         /R =   6.2920E+01
     7.00 deg.: X-S =  1709.666074 mb/sr,
+                                         /R =   1.1364E+02
     8.00 deg.: X-S =  1643.958748 mb/sr,
+                                         /R =   1.8627E+02
     9.00 deg.: X-S =  1562.301119 mb/sr,
+                                         /R =   2.8331E+02
    10.00 deg.: X-S =  1469.607648 mb/sr,
+                                         /R =   4.0579E+02
    11.00 deg.: X-S =  1369.606809 mb/sr,
+                                         /R =   5.5310E+02
    12.00 deg.: X-S =  1265.279319 mb/sr,
+                                         /R =   7.2284E+02
    13.00 deg.: X-S =  1159.091946 mb/sr,
+                                         /R =   9.1090E+02
    14.00 deg.: X-S =  1053.119740 mb/sr,
+                                         /R =   1.1117E+03
    15.00 deg.: X-S =   949.109978 mb/sr,
+                                         /R =   1.3183E+03
    16.00 deg.: X-S =   848.516849 mb/sr,
+                                         /R =   1.5233E+03
    17.00 deg.: X-S =   752.522637 mb/sr,
+                                         /R =   1.7189E+03
    18.00 deg.: X-S =   662.053898 mb/sr,
+                                         /R =   1.8973E+03
    19.00 deg.: X-S =   577.797096 mb/sr,
+                                         /R =   2.0518E+03
    20.00 deg.: X-S =   500.215832 mb/sr,
+                                         /R =   2.1765E+03
    21.00 deg.: X-S =   429.570427 mb/sr,
+                                         /R =   2.2672E+03
    22.00 deg.: X-S =   365.939836 mb/sr,
+                                         /R =   2.3213E+03
    23.00 deg.: X-S =   309.245388 mb/sr,
+                                         /R =   2.3380E+03
    24.00 deg.: X-S =   259.275616 mb/sr,
+                                         /R =   2.3184E+03
    25.00 deg.: X-S =   215.711363 mb/sr,
+                                         /R =   2.2654E+03
    26.00 deg.: X-S =   178.150348 mb/sr,
+                                         /R =   2.1830E+03
    27.00 deg.: X-S =   146.130482 mb/sr,
+                                         /R =   2.0768E+03
    28.00 deg.: X-S =   119.151329 mb/sr,
+                                         /R =   1.9531E+03
    29.00 deg.: X-S =    96.693270 mb/sr,
+                                         /R =   1.8185E+03
    30.00 deg.: X-S =    78.234082 mb/sr,
+                                         /R =   1.6800E+03
    31.00 deg.: X-S =    63.262769 mb/sr,
+                                         /R =   1.5440E+03
    32.00 deg.: X-S =    51.290661 mb/sr,
+                                         /R =   1.4168E+03
    33.00 deg.: X-S =    41.859848 mb/sr,
+                                         /R =   1.3034E+03
    34.00 deg.: X-S =    34.549171 mb/sr,
+                                         /R =   1.2081E+03
    35.00 deg.: X-S =    28.977988 mb/sr,
+                                         /R =   1.1338E+03
    36.00 deg.: X-S =    24.808041 mb/sr,
+                                         /R =   1.0825E+03
    37.00 deg.: X-S =    21.743697 mb/sr,
+                                         /R =   1.0548E+03
    38.00 deg.: X-S =    19.530904 mb/sr,
+                                         /R =   1.0500E+03
    39.00 deg.: X-S =    17.955140 mb/sr,
+                                         /R =   1.0668E+03
    40.00 deg.: X-S =    16.838637 mb/sr,
+                                         /R =   1.1026E+03
    41.00 deg.: X-S =    16.037111 mb/sr,
+                                         /R =   1.1544E+03
    42.00 deg.: X-S =    15.436210 mb/sr,
+                                         /R =   1.2184E+03
    43.00 deg.: X-S =    14.947863 mb/sr,
+                                         /R =   1.2906E+03
    44.00 deg.: X-S =    14.506637 mb/sr,
+                                         /R =   1.3671E+03
    45.00 deg.: X-S =    14.066238 mb/sr,
+                                         /R =   1.4436E+03
    46.00 deg.: X-S =    13.596218 mb/sr,
+                                         /R =   1.5165E+03
    47.00 deg.: X-S =    13.078942 mb/sr,
+                                         /R =   1.5823E+03
    48.00 deg.: X-S =    12.506851 mb/sr,
+                                         /R =   1.6380E+03
    49.00 deg.: X-S =    11.880036 mb/sr,
+                                         /R =   1.6813E+03
    50.00 deg.: X-S =    11.204131 mb/sr,
+                                         /R =   1.7104E+03
    51.00 deg.: X-S =    10.488513 mb/sr,
+                                         /R =   1.7241E+03
    52.00 deg.: X-S =     9.744805 mb/sr,
+                                         /R =   1.7221E+03
    53.00 deg.: X-S =     8.985655 mb/sr,
+                                         /R =   1.7044E+03
    54.00 deg.: X-S =     8.223772 mb/sr,
+                                         /R =   1.6718E+03
    55.00 deg.: X-S =     7.471200 mb/sr,
+                                         /R =   1.6253E+03
    56.00 deg.: X-S =     6.738793 mb/sr,
+                                         /R =   1.5665E+03
    57.00 deg.: X-S =     6.035876 mb/sr,
+                                         /R =   1.4973E+03
    58.00 deg.: X-S =     5.370048 mb/sr,
+                                         /R =   1.4196E+03
    59.00 deg.: X-S =     4.747124 mb/sr,
+                                         /R =   1.3357E+03
    60.00 deg.: X-S =     4.171165 mb/sr,
+                                         /R =   1.2475E+03
    61.00 deg.: X-S =     3.644591 mb/sr,
+                                         /R =   1.1573E+03
    62.00 deg.: X-S =     3.168342 mb/sr,
+                                         /R =   1.0669E+03
    63.00 deg.: X-S =     2.742083 mb/sr,
+                                         /R =   9.7800E+02
    64.00 deg.: X-S =     2.364409 mb/sr,
+                                         /R =   8.9223E+02
    65.00 deg.: X-S =     2.033071 mb/sr,
+                                         /R =   8.1084E+02
    66.00 deg.: X-S =     1.745184 mb/sr,
+                                         /R =   7.3484E+02
    67.00 deg.: X-S =     1.497421 mb/sr,
+                                         /R =   6.6500E+02
    68.00 deg.: X-S =     1.286185 mb/sr,
+                                         /R =   6.0182E+02
    69.00 deg.: X-S =     1.107757 mb/sr,
+                                         /R =   5.4560E+02
    70.00 deg.: X-S =     0.958420 mb/sr,
+                                         /R =   4.9641E+02
    71.00 deg.: X-S =     0.834552 mb/sr,
+                                         /R =   4.5414E+02
    72.00 deg.: X-S =     0.732704 mb/sr,
+                                         /R =   4.1852E+02
    73.00 deg.: X-S =     0.649648 mb/sr,
+                                         /R =   3.8918E+02
    74.00 deg.: X-S =     0.582414 mb/sr,
+                                         /R =   3.6560E+02
    75.00 deg.: X-S =     0.528307 mb/sr,
+                                         /R =   3.4721E+02
    76.00 deg.: X-S =     0.484917 mb/sr,
+                                         /R =   3.3339E+02
    77.00 deg.: X-S =     0.450118 mb/sr,
+                                         /R =   3.2348E+02
    78.00 deg.: X-S =     0.422056 mb/sr,
+                                         /R =   3.1679E+02
    79.00 deg.: X-S =     0.399142 mb/sr,
+                                         /R =   3.1267E+02
    80.00 deg.: X-S =     0.380030 mb/sr,
+                                         /R =   3.1046E+02
    81.00 deg.: X-S =     0.363603 mb/sr,
+                                         /R =   3.0954E+02
    82.00 deg.: X-S =     0.348954 mb/sr,
+                                         /R =   3.0935E+02
    83.00 deg.: X-S =     0.335364 mb/sr,
+                                         /R =   3.0938E+02
    84.00 deg.: X-S =     0.322284 mb/sr,
+                                         /R =   3.0917E+02
    85.00 deg.: X-S =     0.309314 mb/sr,
+                                         /R =   3.0835E+02
    86.00 deg.: X-S =     0.296185 mb/sr,
+                                         /R =   3.0663E+02
    87.00 deg.: X-S =     0.282734 mb/sr,
+                                         /R =   3.0377E+02
    88.00 deg.: X-S =     0.268895 mb/sr,
+                                         /R =   2.9963E+02
    89.00 deg.: X-S =     0.254669 mb/sr,
+                                         /R =   2.9413E+02
    90.00 deg.: X-S =     0.240116 mb/sr,
+                                         /R =   2.8726E+02
    91.00 deg.: X-S =     0.225335 mb/sr,
+                                         /R =   2.7907E+02
    92.00 deg.: X-S =     0.210452 mb/sr,
+                                         /R =   2.6965E+02
    93.00 deg.: X-S =     0.195604 mb/sr,
+                                         /R =   2.5915E+02
    94.00 deg.: X-S =     0.180931 mb/sr,
+                                         /R =   2.4771E+02
    95.00 deg.: X-S =     0.166570 mb/sr,
+                                         /R =   2.3552E+02
    96.00 deg.: X-S =     0.152641 mb/sr,
+                                         /R =   2.2278E+02
    97.00 deg.: X-S =     0.139253 mb/sr,
+                                         /R =   2.0968E+02
    98.00 deg.: X-S =     0.126493 mb/sr,
+                                         /R =   1.9638E+02
    99.00 deg.: X-S =     0.114427 mb/sr,
+                                         /R =   1.8308E+02
   100.00 deg.: X-S =     0.103107 mb/sr,
+                                         /R =   1.6991E+02
   101.00 deg.: X-S =     0.092560 mb/sr,
+                                         /R =   1.5702E+02
   102.00 deg.: X-S =     0.082803 mb/sr,
+                                         /R =   1.4454E+02
   103.00 deg.: X-S =     0.073836 mb/sr,
+                                         /R =   1.3255E+02
   104.00 deg.: X-S =     0.065648 mb/sr,
+                                         /R =   1.2113E+02
   105.00 deg.: X-S =     0.058219 mb/sr,
+                                         /R =   1.1037E+02
   106.00 deg.: X-S =     0.051522 mb/sr,
+                                         /R =   1.0030E+02
   107.00 deg.: X-S =     0.045523 mb/sr,
+                                         /R =   9.0963E+01
   108.00 deg.: X-S =     0.040186 mb/sr,
+                                         /R =   8.2380E+01
   109.00 deg.: X-S =     0.035471 mb/sr,
+                                         /R =   7.4565E+01
   110.00 deg.: X-S =     0.031336 mb/sr,
+                                         /R =   6.7518E+01
   111.00 deg.: X-S =     0.027737 mb/sr,
+                                         /R =   6.1229E+01
   112.00 deg.: X-S =     0.024631 mb/sr,
+                                         /R =   5.5680E+01
   113.00 deg.: X-S =     0.021973 mb/sr,
+                                         /R =   5.0844E+01
   114.00 deg.: X-S =     0.019720 mb/sr,
+                                         /R =   4.6686E+01
   115.00 deg.: X-S =     0.017827 mb/sr,
+                                         /R =   4.3164E+01
   116.00 deg.: X-S =     0.016254 mb/sr,
+                                         /R =   4.0230E+01
   117.00 deg.: X-S =     0.014958 mb/sr,
+                                         /R =   3.7832E+01
   118.00 deg.: X-S =     0.013902 mb/sr,
+                                         /R =   3.5914E+01
   119.00 deg.: X-S =     0.013049 mb/sr,
+                                         /R =   3.4416E+01
   120.00 deg.: X-S =     0.012364 mb/sr,
+                                         /R =   3.3280E+01
   121.00 deg.: X-S =     0.011815 mb/sr,
+                                         /R =   3.2445E+01
   122.00 deg.: X-S =     0.011376 mb/sr,
+                                         /R =   3.1855E+01
   123.00 deg.: X-S =     0.011020 mb/sr,
+                                         /R =   3.1455E+01
   124.00 deg.: X-S =     0.010725 mb/sr,
+                                         /R =   3.1194E+01
   125.00 deg.: X-S =     0.010474 mb/sr,
+                                         /R =   3.1027E+01
   126.00 deg.: X-S =     0.010250 mb/sr,
+                                         /R =   3.0915E+01
   127.00 deg.: X-S =     0.010042 mb/sr,
+                                         /R =   3.0824E+01
   128.00 deg.: X-S =     0.009840 mb/sr,
+                                         /R =   3.0728E+01
   129.00 deg.: X-S =     0.009637 mb/sr,
+                                         /R =   3.0606E+01
   130.00 deg.: X-S =     0.009428 mb/sr,
+                                         /R =   3.0441E+01
   131.00 deg.: X-S =     0.009211 mb/sr,
+                                         /R =   3.0223E+01
   132.00 deg.: X-S =     0.008984 mb/sr,
+                                         /R =   2.9942E+01
   133.00 deg.: X-S =     0.008744 mb/sr,
+                                         /R =   2.9594E+01
   134.00 deg.: X-S =     0.008491 mb/sr,
+                                         /R =   2.9173E+01
   135.00 deg.: X-S =     0.008225 mb/sr,
+                                         /R =   2.8676E+01
   136.00 deg.: X-S =     0.007946 mb/sr,
+                                         /R =   2.8100E+01
   137.00 deg.: X-S =     0.007652 mb/sr,
+                                         /R =   2.7443E+01
   138.00 deg.: X-S =     0.007346 mb/sr,
+                                         /R =   2.6703E+01
   139.00 deg.: X-S =     0.007026 mb/sr,
+                                         /R =   2.5880E+01
   140.00 deg.: X-S =     0.006694 mb/sr,
+                                         /R =   2.4976E+01
   141.00 deg.: X-S =     0.006351 mb/sr,
+                                         /R =   2.3996E+01
   142.00 deg.: X-S =     0.006000 mb/sr,
+                                         /R =   2.2947E+01
   143.00 deg.: X-S =     0.005642 mb/sr,
+                                         /R =   2.1837E+01
   144.00 deg.: X-S =     0.005282 mb/sr,
+                                         /R =   2.0679E+01
   145.00 deg.: X-S =     0.004922 mb/sr,
+                                         /R =   1.9485E+01
   146.00 deg.: X-S =     0.004565 mb/sr,
+                                         /R =   1.8269E+01
   147.00 deg.: X-S =     0.004214 mb/sr,
+                                         /R =   1.7045E+01
   148.00 deg.: X-S =     0.003874 mb/sr,
+                                         /R =   1.5827E+01
   149.00 deg.: X-S =     0.003545 mb/sr,
+                                         /R =   1.4629E+01
   150.00 deg.: X-S =     0.003232 mb/sr,
+                                         /R =   1.3463E+01
   151.00 deg.: X-S =     0.002935 mb/sr,
+                                         /R =   1.2340E+01
   152.00 deg.: X-S =     0.002658 mb/sr,
+                                         /R =   1.1273E+01
   153.00 deg.: X-S =     0.002401 mb/sr,
+                                         /R =   1.0271E+01
   154.00 deg.: X-S =     0.002166 mb/sr,
+                                         /R =   9.3447E+00
   155.00 deg.: X-S =     0.001956 mb/sr,
+                                         /R =   8.5031E+00
   156.00 deg.: X-S =     0.001770 mb/sr,
+                                         /R =   7.7549E+00
   157.00 deg.: X-S =     0.001611 mb/sr,
+                                         /R =   7.1070E+00
   158.00 deg.: X-S =     0.001477 mb/sr,
+                                         /R =   6.5648E+00
   159.00 deg.: X-S =     0.001371 mb/sr,
+                                         /R =   6.1308E+00
   160.00 deg.: X-S =     0.001290 mb/sr,
+                                         /R =   5.8052E+00
   161.00 deg.: X-S =     0.001233 mb/sr,
+                                         /R =   5.5848E+00
   162.00 deg.: X-S =     0.001200 mb/sr,
+                                         /R =   5.4640E+00
   163.00 deg.: X-S =     0.001187 mb/sr,
+                                         /R =   5.4344E+00
   164.00 deg.: X-S =     0.001192 mb/sr,
+                                         /R =   5.4864E+00
   165.00 deg.: X-S =     0.001213 mb/sr,
+                                         /R =   5.6093E+00
   166.00 deg.: X-S =     0.001247 mb/sr,
+                                         /R =   5.7923E+00
   167.00 deg.: X-S =     0.001292 mb/sr,
+                                         /R =   6.0252E+00
   168.00 deg.: X-S =     0.001345 mb/sr,
+                                         /R =   6.2987E+00
   169.00 deg.: X-S =     0.001406 mb/sr,
+                                         /R =   6.6044E+00
   170.00 deg.: X-S =     0.001471 mb/sr,
+                                         /R =   6.9346E+00
   171.00 deg.: X-S =     0.001541 mb/sr,
+                                         /R =   7.2816E+00
   172.00 deg.: X-S =     0.001612 mb/sr,
+                                         /R =   7.6371E+00
   173.00 deg.: X-S =     0.001683 mb/sr,
+                                         /R =   7.9922E+00
   174.00 deg.: X-S =     0.001752 mb/sr,
+                                         /R =   8.3361E+00
   175.00 deg.: X-S =     0.001816 mb/sr,
+                                         /R =   8.6574E+00
   176.00 deg.: X-S =     0.001873 mb/sr,
+                                         /R =   8.9434E+00
   177.00 deg.: X-S =     0.001921 mb/sr,
+                                         /R =   9.1819E+00
   178.00 deg.: X-S =     0.001957 mb/sr,
+                                         /R =   9.3615E+00
   179.00 deg.: X-S =     0.001980 mb/sr,
+                                         /R =   9.4732E+00
   179.99 deg.: X-S =     0.001988 mb/sr,
+                                         /R =   9.5111E+00
                                           Integrated********** mb, over [   0.000, 180.000] at   315.0000 MeV 
 Finished all xsecs @    3.12500000E-02

  The following files have been created:
   3:local copy of User input.            6:standard output.                   
  13:total cross sections/state.         39:cross sections for each Ecm.       
  40:all cross sectns. for each Elab.    56:Fusion for each Jtotal.            

 PARAMETERS : MAXQRN   MFNL   MLOC  LMAX1 MCLIST
    ALLOWED :      1      4      4    170      6
    REQUIRED:      0      0      4     15      4


 ACCURACY ANALYSIS at   315.000 MeV :

  Elastic h*k = 0.067 so OK       compared with 0.200

   Real(S-el) > 0.01 first at J =       3.0
   Real(S-el) > 0.10 first at J =       4.0
   Real(S-el) > 0.50 first at J =       5.0
   Real(S-el) > 0.90 first at J =       7.0
   Real(S-el) > 0.99 first at J =       9.0
   R-turn =     8.03 fm    at J =      13.0

 Forward-angle excitation cut off below   0.130 deg by max JT =      13.0
                              and below   0.021 deg by max R.

 Total CPU  0 time =       0.05 seconds
