 FRESCO - FRES 3.4: Coupled Reaction Channels
 Assuming NAMELIST input.

 Test reaction with generated potential                                          

   0.040  50.000   0.500   0.000   0.000   0.000   0.000   0.000   0.000   0.000

 Centre-of-mass Range is   1252 * 0.0400 fm., Maximum at  50.00 fm., Interpolating NL forms every  0.52 fm.
 Non - locality width is      4 * 0.0400 fm., Maximum of   0.12 fm., Centred at  0.00 fm.
 2-Nucleon Separation of      0 * 0.5200 fm., Maximum of   0.00 fm., Minimum at  0.00 fm.
 Maximum single particle bins of 49.9200 fm.
               M,Mint =         1251        1249


 Range of total J is     0.0 <= J <=   150.0 (at least     0.0) and Absorbtion =>     0.1000 mb.
 Dry Run = F, CC set limits =  0  0, Relativistic kinematics =  , Both/Far/Near Analyses =  1                     

 Cross Sections (and up to T0 for 0=projectile) for Theta from   0.0 to 180.0 in steps of  1.0 degrees, DGAM=0,  Coordinates = 0 (Mads)

 Lower Radial Cutoff = maximum of -1.60*L*h &       0.0 fm.,  Lower Cutoff for Couplings =   0.0  fm.


 Iterate Couplings between   0 and   0 times, to  0.000 % if sooner.                                          
  Block solved exactly =   0 chs., with Pade = 0 & Isocen =  =0, NOSOL = F, initwf =  0
  NL quadrature with   18 Gaussian points, Calculate multipoles up to   156 from   0
  M-transfers for lp+lt greater than or equal to  6, Angular Integration Cutoff below  2.7778 %


 Trace switches are :  CHANS =  0, LISTCC =  0, TRENEG =  0, CDETR =  0, SMATS =  0, XSTABL =  0, NLPL =  0

                       WAVES =  0, LAMPL =  0, VEFF =  0, KFUS =  0, WDISK =  0, BPM =  0, MELFIL =  0

                       CDCC =  0, NFUS =  0

 Using unit mass = 1.000000 amu and 1/fine-structure constant = 137.03599 ( 1.000000 * true ) with hc = 197.32705 MeV.fm,
  thus 2*amu/hbar^2 = 0.0478450 = 1/20.9008 and Coulomb constant = 0.1574855 so e^2 = 1.43997, and nuclear magneton= 0.1261183

 Now pre-scan input and save to file 3



 *********** PARTITION NUMBER  1 ******************************************************************************************

   PROJ=t          MASS=  3.0000 Z=   1.0,        # STATES=    1T, TARG=p        MASS=  1.0000 Z=   1.0,     Q-VALUE =   0.0000 MEV.

     1:  J= 0.5+ (B# 1), E=  0.0000, K= 0.5              Potl#  1       J= 0.5+ (B# 1), E=  0.0000, K= 0.5    


 ************************************************************************************************************************************

 The following POTENTIALS are defined :

  KP#       TYPE      IT    SHAPE      at     V1        r1        a1        V2        r2        a2        A-in     A-used


                                            A#1       A#2        r0c       ac                                                h @ 1
    1    0=Coulomb       0=CHARGE (WS)  1     1.000     1.000    3.0528    0.0000    0.0000    0.0000     0.000     8.000   0.04000

    1    1=Volume        0=Woods-Saxon  2   70.0000    1.2500    0.6500   15.0000    1.2500    0.6500     0.000     8.000

    1    2=Surface       0=Woods-Saxon  3    0.0000    0.0000    0.0000    5.0000    1.3000    0.6500     0.000     8.000

    1    3=Projtl S.O.   0=Woods-Saxon  4    3.0000    1.0000    0.6500    0.0000    0.0000    0.0000     0.000     8.000

 Incoming partition  1 in excitation state # 1,   Laboratory Energy given for partition  1 Nucleus 1 in Excitation pair 1

0Lab. ENERGY ranges :

   from    155.000     to   0.00000     in     0 intervals
   from    0.00000     to   0.00000     in     0 intervals
   from    0.00000     to   0.00000     in     0 intervals

 Largest real,imaginary parts of any form factor at R=   49.60 are   2.90E-02  7.91E-31 MeV
 Finished all Couplings @    1.56250000E-02           4

 Symmetric Hamiltonian
1***********************************************************************************************************************************
************************************************************************************************************************************

        INCOMING t        ;    LABORATORY t        ENERGY =   155.00     MeV.

 ***********************************************************************************************************************************
 ***********************************************************************************************************************************


  NOTE: Coulomb excitation cut off below   0.017 deg by JTMAX, and below   0.043 deg by Rmax

 Allocate arrays for            2  channels, of which            1  need wfs.
 Allocate arrays for            2  channels, of which            2  need wfs.
 Reaction Xsec     9.0-/ 9 @ 1 =   0.230 , Out:   0.000#
 Reaction Xsec     9.0-/ 9 @ 2 =   0.230 , Out:   0.000#
 Reaction Xsec    10.0+/10 @ 1 =   0.078 , Out:   0.000#
 Reaction Xsec    10.0+/10 @ 2 =   0.078 , Out:   0.000#
 Finished all CC sets @    1.56250000E-02
0CUMULATIVE REACTION cross section                 =  550.27724  <L> =     3.35  <L**2> =     13.8
0CUMULATIVE outgoing cross sections in partition 1 :    0.00000
0Cumulative ABSORBTION by Imaginary Potentials     =  550.27724  <L> =     3.35  <L**2> =     13.8
   Fusion for specific t        M-states :  777.559050  777.559050
0CUMULATIVE OUTGOING cross section                 =    0.00000
 To convert to S-factors (MeV.mb = keV.b),  multiply by  4.4469E+01


 CROSS SECTIONS FOR OUTGOING t        & p        in state #   1 with spins & parities 0.5  + &  0.5  +;  0

     0.01 deg.: X-S =   1.4881E+13 mb/sr,
+                                         /R =   9.9999E-01
     1.00 deg.: X-S =   1.4007E+05 mb/sr,
+                                         /R =   9.4120E-01
     2.00 deg.: X-S =  8378.938747 mb/sr,
+                                         /R =   9.0068E-01
     3.00 deg.: X-S =  2251.694378 mb/sr,
+                                         /R =   1.2250E+00
     4.00 deg.: X-S =  1427.845746 mb/sr,
+                                         /R =   2.4542E+00
     5.00 deg.: X-S =  1261.767344 mb/sr,
+                                         /R =   5.2925E+00
     6.00 deg.: X-S =  1215.382344 mb/sr,
+                                         /R =   1.0565E+01
     7.00 deg.: X-S =  1190.968034 mb/sr,
+                                         /R =   1.9167E+01
     8.00 deg.: X-S =  1166.660053 mb/sr,
+                                         /R =   3.2007E+01
     9.00 deg.: X-S =  1137.505715 mb/sr,
+                                         /R =   4.9944E+01
    10.00 deg.: X-S =  1102.890529 mb/sr,
+                                         /R =   7.3735E+01
    11.00 deg.: X-S =  1063.359872 mb/sr,
+                                         /R =   1.0398E+02
    12.00 deg.: X-S =  1019.732604 mb/sr,
+                                         /R =   1.4105E+02
    13.00 deg.: X-S =   972.845422 mb/sr,
+                                         /R =   1.8511E+02
    14.00 deg.: X-S =   923.483184 mb/sr,
+                                         /R =   2.3603E+02
    15.00 deg.: X-S =   872.364801 mb/sr,
+                                         /R =   2.9339E+02
    16.00 deg.: X-S =   820.144495 mb/sr,
+                                         /R =   3.5651E+02
    17.00 deg.: X-S =   767.416040 mb/sr,
+                                         /R =   4.2442E+02
    18.00 deg.: X-S =   714.716472 mb/sr,
+                                         /R =   4.9593E+02
    19.00 deg.: X-S =   662.528657 mb/sr,
+                                         /R =   5.6964E+02
    20.00 deg.: X-S =   611.282923 mb/sr,
+                                         /R =   6.4400E+02
    21.00 deg.: X-S =   561.358130 mb/sr,
+                                         /R =   7.1735E+02
    22.00 deg.: X-S =   513.082546 mb/sr,
+                                         /R =   7.8803E+02
    23.00 deg.: X-S =   466.734796 mb/sr,
+                                         /R =   8.5438E+02
    24.00 deg.: X-S =   422.545051 mb/sr,
+                                         /R =   9.1485E+02
    25.00 deg.: X-S =   380.696588 mb/sr,
+                                         /R =   9.6802E+02
    26.00 deg.: X-S =   341.327749 mb/sr,
+                                         /R =   1.0127E+03
    27.00 deg.: X-S =   304.534317 mb/sr,
+                                         /R =   1.0479E+03
    28.00 deg.: X-S =   270.372280 mb/sr,
+                                         /R =   1.0731E+03
    29.00 deg.: X-S =   238.860939 mb/sr,
+                                         /R =   1.0877E+03
    30.00 deg.: X-S =   209.986287 mb/sr,
+                                         /R =   1.0918E+03
    31.00 deg.: X-S =   183.704587 mb/sr,
+                                         /R =   1.0856E+03
    32.00 deg.: X-S =   159.946088 mb/sr,
+                                         /R =   1.0698E+03
    33.00 deg.: X-S =   138.618784 mb/sr,
+                                         /R =   1.0451E+03
    34.00 deg.: X-S =   119.612145 mb/sr,
+                                         /R =   1.0127E+03
    35.00 deg.: X-S =   102.800770 mb/sr,
+                                         /R =   9.7392E+02
    36.00 deg.: X-S =    88.047882 mb/sr,
+                                         /R =   9.3027E+02
    37.00 deg.: X-S =    75.208626 mb/sr,
+                                         /R =   8.8335E+02
    38.00 deg.: X-S =    64.133125 mb/sr,
+                                         /R =   8.3485E+02
    39.00 deg.: X-S =    54.669265 mb/sr,
+                                         /R =   7.8647E+02
    40.00 deg.: X-S =    46.665183 mb/sr,
+                                         /R =   7.3988E+02
    41.00 deg.: X-S =    39.971448 mb/sr,
+                                         /R =   6.9664E+02
    42.00 deg.: X-S =    34.442934 mb/sr,
+                                         /R =   6.5823E+02
    43.00 deg.: X-S =    29.940380 mb/sr,
+                                         /R =   6.2592E+02
    44.00 deg.: X-S =    26.331647 mb/sr,
+                                         /R =   6.0081E+02
    45.00 deg.: X-S =    23.492703 mb/sr,
+                                         /R =   5.8378E+02
    46.00 deg.: X-S =    21.308330 mb/sr,
+                                         /R =   5.7547E+02
    47.00 deg.: X-S =    19.672591 mb/sr,
+                                         /R =   5.7626E+02
    48.00 deg.: X-S =    18.489084 mb/sr,
+                                         /R =   5.8631E+02
    49.00 deg.: X-S =    17.670995 mb/sr,
+                                         /R =   6.0552E+02
    50.00 deg.: X-S =    17.140989 mb/sr,
+                                         /R =   6.3356E+02
    51.00 deg.: X-S =    16.830961 mb/sr,
+                                         /R =   6.6989E+02
    52.00 deg.: X-S =    16.681664 mb/sr,
+                                         /R =   7.1378E+02
    53.00 deg.: X-S =    16.642254 mb/sr,
+                                         /R =   7.6433E+02
    54.00 deg.: X-S =    16.669755 mb/sr,
+                                         /R =   8.2049E+02
    55.00 deg.: X-S =    16.728484 mb/sr,
+                                         /R =   8.8113E+02
    56.00 deg.: X-S =    16.789433 mb/sr,
+                                         /R =   9.4500E+02
    57.00 deg.: X-S =    16.829641 mb/sr,
+                                         /R =   1.0108E+03
    58.00 deg.: X-S =    16.831560 mb/sr,
+                                         /R =   1.0774E+03
    59.00 deg.: X-S =    16.782432 mb/sr,
+                                         /R =   1.1433E+03
    60.00 deg.: X-S =    16.673680 mb/sr,
+                                         /R =   1.2075E+03
    61.00 deg.: X-S =    16.500327 mb/sr,
+                                         /R =   1.2686E+03
    62.00 deg.: X-S =    16.260449 mb/sr,
+                                         /R =   1.3257E+03
    63.00 deg.: X-S =    15.954658 mb/sr,
+                                         /R =   1.3778E+03
    64.00 deg.: X-S =    15.585631 mb/sr,
+                                         /R =   1.4240E+03
    65.00 deg.: X-S =    15.157675 mb/sr,
+                                         /R =   1.4637E+03
    66.00 deg.: X-S =    14.676338 mb/sr,
+                                         /R =   1.4963E+03
    67.00 deg.: X-S =    14.148058 mb/sr,
+                                         /R =   1.5213E+03
    68.00 deg.: X-S =    13.579862 mb/sr,
+                                         /R =   1.5385E+03
    69.00 deg.: X-S =    12.979092 mb/sr,
+                                         /R =   1.5478E+03
    70.00 deg.: X-S =    12.353185 mb/sr,
+                                         /R =   1.5492E+03
    71.00 deg.: X-S =    11.709476 mb/sr,
+                                         /R =   1.5428E+03
    72.00 deg.: X-S =    11.055044 mb/sr,
+                                         /R =   1.5290E+03
    73.00 deg.: X-S =    10.396587 mb/sr,
+                                         /R =   1.5080E+03
    74.00 deg.: X-S =     9.740322 mb/sr,
+                                         /R =   1.4804E+03
    75.00 deg.: X-S =     9.091916 mb/sr,
+                                         /R =   1.4468E+03
    76.00 deg.: X-S =     8.456441 mb/sr,
+                                         /R =   1.4077E+03
    77.00 deg.: X-S =     7.838340 mb/sr,
+                                         /R =   1.3639E+03
    78.00 deg.: X-S =     7.241424 mb/sr,
+                                         /R =   1.3160E+03
    79.00 deg.: X-S =     6.668871 mb/sr,
+                                         /R =   1.2649E+03
    80.00 deg.: X-S =     6.123247 mb/sr,
+                                         /R =   1.2112E+03
    81.00 deg.: X-S =     5.606531 mb/sr,
+                                         /R =   1.1557E+03
    82.00 deg.: X-S =     5.120152 mb/sr,
+                                         /R =   1.0990E+03
    83.00 deg.: X-S =     4.665028 mb/sr,
+                                         /R =   1.0420E+03
    84.00 deg.: X-S =     4.241614 mb/sr,
+                                         /R =   9.8522E+02
    85.00 deg.: X-S =     3.849945 mb/sr,
+                                         /R =   9.2928E+02
    86.00 deg.: X-S =     3.489689 mb/sr,
+                                         /R =   8.7474E+02
    87.00 deg.: X-S =     3.160195 mb/sr,
+                                         /R =   8.2210E+02
    88.00 deg.: X-S =     2.860539 mb/sr,
+                                         /R =   7.7178E+02
    89.00 deg.: X-S =     2.589573 mb/sr,
+                                         /R =   7.2416E+02
    90.00 deg.: X-S =     2.345966 mb/sr,
+                                         /R =   6.7955E+02
    91.00 deg.: X-S =     2.128247 mb/sr,
+                                         /R =   6.3819E+02
    92.00 deg.: X-S =     1.934841 mb/sr,
+                                         /R =   6.0026E+02
    93.00 deg.: X-S =     1.764105 mb/sr,
+                                         /R =   5.6589E+02
    94.00 deg.: X-S =     1.614356 mb/sr,
+                                         /R =   5.3514E+02
    95.00 deg.: X-S =     1.483903 mb/sr,
+                                         /R =   5.0803E+02
    96.00 deg.: X-S =     1.371064 mb/sr,
+                                         /R =   4.8452E+02
    97.00 deg.: X-S =     1.274192 mb/sr,
+                                         /R =   4.6454E+02
    98.00 deg.: X-S =     1.191687 mb/sr,
+                                         /R =   4.4796E+02
    99.00 deg.: X-S =     1.122014 mb/sr,
+                                         /R =   4.3465E+02
   100.00 deg.: X-S =     1.063710 mb/sr,
+                                         /R =   4.2442E+02
   101.00 deg.: X-S =     1.015395 mb/sr,
+                                         /R =   4.1708E+02
   102.00 deg.: X-S =     0.975775 mb/sr,
+                                         /R =   4.1240E+02
   103.00 deg.: X-S =     0.943647 mb/sr,
+                                         /R =   4.1015E+02
   104.00 deg.: X-S =     0.917899 mb/sr,
+                                         /R =   4.1009E+02
   105.00 deg.: X-S =     0.897512 mb/sr,
+                                         /R =   4.1197E+02
   106.00 deg.: X-S =     0.881556 mb/sr,
+                                         /R =   4.1553E+02
   107.00 deg.: X-S =     0.869188 mb/sr,
+                                         /R =   4.2052E+02
   108.00 deg.: X-S =     0.859647 mb/sr,
+                                         /R =   4.2669E+02
   109.00 deg.: X-S =     0.852254 mb/sr,
+                                         /R =   4.3378E+02
   110.00 deg.: X-S =     0.846399 mb/sr,
+                                         /R =   4.4156E+02
   111.00 deg.: X-S =     0.841545 mb/sr,
+                                         /R =   4.4979E+02
   112.00 deg.: X-S =     0.837215 mb/sr,
+                                         /R =   4.5824E+02
   113.00 deg.: X-S =     0.832994 mb/sr,
+                                         /R =   4.6669E+02
   114.00 deg.: X-S =     0.828517 mb/sr,
+                                         /R =   4.7493E+02
   115.00 deg.: X-S =     0.823469 mb/sr,
+                                         /R =   4.8275E+02
   116.00 deg.: X-S =     0.817583 mb/sr,
+                                         /R =   4.8997E+02
   117.00 deg.: X-S =     0.810629 mb/sr,
+                                         /R =   4.9642E+02
   118.00 deg.: X-S =     0.802420 mb/sr,
+                                         /R =   5.0191E+02
   119.00 deg.: X-S =     0.792803 mb/sr,
+                                         /R =   5.0630E+02
   120.00 deg.: X-S =     0.781660 mb/sr,
+                                         /R =   5.0945E+02
   121.00 deg.: X-S =     0.768905 mb/sr,
+                                         /R =   5.1123E+02
   122.00 deg.: X-S =     0.754483 mb/sr,
+                                         /R =   5.1155E+02
   123.00 deg.: X-S =     0.738372 mb/sr,
+                                         /R =   5.1030E+02
   124.00 deg.: X-S =     0.720577 mb/sr,
+                                         /R =   5.0743E+02
   125.00 deg.: X-S =     0.701132 mb/sr,
+                                         /R =   5.0289E+02
   126.00 deg.: X-S =     0.680098 mb/sr,
+                                         /R =   4.9665E+02
   127.00 deg.: X-S =     0.657564 mb/sr,
+                                         /R =   4.8872E+02
   128.00 deg.: X-S =     0.633643 mb/sr,
+                                         /R =   4.7912E+02
   129.00 deg.: X-S =     0.608472 mb/sr,
+                                         /R =   4.6790E+02
   130.00 deg.: X-S =     0.582209 mb/sr,
+                                         /R =   4.5514E+02
   131.00 deg.: X-S =     0.555031 mb/sr,
+                                         /R =   4.4093E+02
   132.00 deg.: X-S =     0.527134 mb/sr,
+                                         /R =   4.2540E+02
   133.00 deg.: X-S =     0.498725 mb/sr,
+                                         /R =   4.0871E+02
   134.00 deg.: X-S =     0.470023 mb/sr,
+                                         /R =   3.9101E+02
   135.00 deg.: X-S =     0.441255 mb/sr,
+                                         /R =   3.7249E+02
   136.00 deg.: X-S =     0.412652 mb/sr,
+                                         /R =   3.5335E+02
   137.00 deg.: X-S =     0.384446 mb/sr,
+                                         /R =   3.3382E+02
   138.00 deg.: X-S =     0.356866 mb/sr,
+                                         /R =   3.1410E+02
   139.00 deg.: X-S =     0.330135 mb/sr,
+                                         /R =   2.9444E+02
   140.00 deg.: X-S =     0.304470 mb/sr,
+                                         /R =   2.7507E+02
   141.00 deg.: X-S =     0.280072 mb/sr,
+                                         /R =   2.5622E+02
   142.00 deg.: X-S =     0.257133 mb/sr,
+                                         /R =   2.3812E+02
   143.00 deg.: X-S =     0.235825 mb/sr,
+                                         /R =   2.2099E+02
   144.00 deg.: X-S =     0.216305 mb/sr,
+                                         /R =   2.0505E+02
   145.00 deg.: X-S =     0.198709 mb/sr,
+                                         /R =   1.9048E+02
   146.00 deg.: X-S =     0.183155 mb/sr,
+                                         /R =   1.7749E+02
   147.00 deg.: X-S =     0.169738 mb/sr,
+                                         /R =   1.6622E+02
   148.00 deg.: X-S =     0.158535 mb/sr,
+                                         /R =   1.5684E+02
   149.00 deg.: X-S =     0.149598 mb/sr,
+                                         /R =   1.4946E+02
   150.00 deg.: X-S =     0.142962 mb/sr,
+                                         /R =   1.4420E+02
   151.00 deg.: X-S =     0.138636 mb/sr,
+                                         /R =   1.4112E+02
   152.00 deg.: X-S =     0.136615 mb/sr,
+                                         /R =   1.4030E+02
   153.00 deg.: X-S =     0.136868 mb/sr,
+                                         /R =   1.4177E+02
   154.00 deg.: X-S =     0.139348 mb/sr,
+                                         /R =   1.4553E+02
   155.00 deg.: X-S =     0.143989 mb/sr,
+                                         /R =   1.5157E+02
   156.00 deg.: X-S =     0.150704 mb/sr,
+                                         /R =   1.5985E+02
   157.00 deg.: X-S =     0.159392 mb/sr,
+                                         /R =   1.7029E+02
   158.00 deg.: X-S =     0.169931 mb/sr,
+                                         /R =   1.8282E+02
   159.00 deg.: X-S =     0.182183 mb/sr,
+                                         /R =   1.9730E+02
   160.00 deg.: X-S =     0.195996 mb/sr,
+                                         /R =   2.1361E+02
   161.00 deg.: X-S =     0.211199 mb/sr,
+                                         /R =   2.3156E+02
   162.00 deg.: X-S =     0.227608 mb/sr,
+                                         /R =   2.5097E+02
   163.00 deg.: X-S =     0.245025 mb/sr,
+                                         /R =   2.7163E+02
   164.00 deg.: X-S =     0.263240 mb/sr,
+                                         /R =   2.9331E+02
   165.00 deg.: X-S =     0.282030 mb/sr,
+                                         /R =   3.1574E+02
   166.00 deg.: X-S =     0.301165 mb/sr,
+                                         /R =   3.3866E+02
   167.00 deg.: X-S =     0.320406 mb/sr,
+                                         /R =   3.6179E+02
   168.00 deg.: X-S =     0.339509 mb/sr,
+                                         /R =   3.8483E+02
   169.00 deg.: X-S =     0.358231 mb/sr,
+                                         /R =   4.0748E+02
   170.00 deg.: X-S =     0.376327 mb/sr,
+                                         /R =   4.2944E+02
   171.00 deg.: X-S =     0.393558 mb/sr,
+                                         /R =   4.5041E+02
   172.00 deg.: X-S =     0.409692 mb/sr,
+                                         /R =   4.7009E+02
   173.00 deg.: X-S =     0.424509 mb/sr,
+                                         /R =   4.8821E+02
   174.00 deg.: X-S =     0.437805 mb/sr,
+                                         /R =   5.0450E+02
   175.00 deg.: X-S =     0.449393 mb/sr,
+                                         /R =   5.1872E+02
   176.00 deg.: X-S =     0.459109 mb/sr,
+                                         /R =   5.3066E+02
   177.00 deg.: X-S =     0.466816 mb/sr,
+                                         /R =   5.4014E+02
   178.00 deg.: X-S =     0.472402 mb/sr,
+                                         /R =   5.4702E+02
   179.00 deg.: X-S =     0.475786 mb/sr,
+                                         /R =   5.5119E+02
   179.99 deg.: X-S =     0.476920 mb/sr,
+                                         /R =   5.5259E+02
                                           Integrated********** mb, over [   0.000, 180.000] at   155.0000 MeV 
 Finished all xsecs @    1.56250000E-02

  The following files have been created:
   3:local copy of User input.            6:standard output.                   
  13:total cross sections/state.         39:cross sections for each Ecm.       
  40:all cross sectns. for each Elab.    56:Fusion for each Jtotal.            

 PARAMETERS : MAXQRN   MFNL   MLOC  LMAX1 MCLIST
    ALLOWED :      1      4      4    170      6
    REQUIRED:      0      0      4     11      4


 ACCURACY ANALYSIS at   155.000 MeV :

  Elastic h*k = 0.047 so OK       compared with 0.200

   Real(S-el) > 0.01 first at J =       3.0
   Real(S-el) > 0.10 first at J =       3.0
   Real(S-el) > 0.50 first at J =       3.0
   Real(S-el) > 0.90 first at J =       5.0
   Real(S-el) > 0.99 first at J =       7.0
   R-turn =     8.91 fm    at J =      10.0

 Forward-angle excitation cut off below   0.239 deg by max JT =      10.0
                              and below   0.043 deg by max R.

 Total CPU  0 time =       0.03 seconds
